11-03 16:44:03.271  7220  7270 I RobotCore: ========= Device Information ===================================================
11-03 16:44:03.271  7220  7270 I RobotCore: Type                                               Name                           Connection
11-03 16:44:03.271  7220  7270 I RobotCore: Motor                                              rr                             USB DQ143RN2; module 3; port 3
11-03 16:44:03.272  7220  7270 I RobotCore: Motor                                              glyphLift                      USB DQ143RN2; module 2; port 0
11-03 16:44:03.272  7220  7270 I RobotCore: Servo                                              lowerRightGripper              USB DQ143RN2; module 2; port 3
11-03 16:44:03.272  7220  7270 I RobotCore: Motor                                              lr                             USB DQ143RN2; module 3; port 2
11-03 16:44:03.272  7220  7270 I RobotCore: REV Robotics USB Expansion Hub Portal              Expansion Hub Portal 1         USB DQ143RN2
11-03 16:44:03.272  7220  7270 I RobotCore: Servo                                              longArm                        USB DQ143RN2; module 2; port 5
11-03 16:44:03.272  7220  7270 I RobotCore: Servo                                              upperLeftGripper               USB DQ143RN2; module 2; port 0
11-03 16:44:03.272  7220  7270 I RobotCore: Motor                                              led                            USB DQ143RN2; module 2; port 3
11-03 16:44:03.273  7220  7270 I RobotCore: Expansion Hub DC Motor Controller                  Expansion Hub 3                USB DQ143RN2; module 3
11-03 16:44:03.273  7220  7270 I RobotCore: Expansion Hub Servo Controller                     Expansion Hub 3                USB DQ143RN2; module 3
11-03 16:44:03.273  7220  7270 I RobotCore: Expansion Hub Voltage Sensor                       Expansion Hub 3                USB DQ143RN2; module 3
11-03 16:44:03.273  7220  7270 I RobotCore: Expansion Hub Pwm Controller                       Expansion Hub 3                USB DQ143RN2; module 3
11-03 16:44:03.273  7220  7270 I RobotCore: Expansion Hub Analog Input Controller              Expansion Hub 3                USB DQ143RN2; module 3
11-03 16:44:03.273  7220  7270 I RobotCore: Expansion Hub Digital Channel Controller           Expansion Hub 3                USB DQ143RN2; module 3
11-03 16:44:03.278  7220  7270 I RobotCore: Expansion Hub (HW: 20, Maj: 1, Min: 6, Eng: 0)     Expansion Hub 3                USB DQ143RN2; module 3
11-03 16:44:03.278  7220  7270 I RobotCore: Expansion Hub DC Motor Controller                  Expansion Hub 2                USB DQ143RN2; module 2
11-03 16:44:03.278  7220  7270 I RobotCore: Expansion Hub Servo Controller                     Expansion Hub 2                USB DQ143RN2; module 2
11-03 16:44:03.278  7220  7270 I RobotCore: Expansion Hub Voltage Sensor                       Expansion Hub 2                USB DQ143RN2; module 2
11-03 16:44:03.278  7220  7270 I RobotCore: Expansion Hub Pwm Controller                       Expansion Hub 2                USB DQ143RN2; module 2
11-03 16:44:03.278  7220  7270 I RobotCore: Expansion Hub Analog Input Controller              Expansion Hub 2                USB DQ143RN2; module 2
11-03 16:44:03.279  7220  7270 I RobotCore: Expansion Hub Digital Channel Controller           Expansion Hub 2                USB DQ143RN2; module 2
11-03 16:44:03.284  7220  7270 I RobotCore: Expansion Hub (HW: 20, Maj: 1, Min: 6, Eng: 0)     Expansion Hub 2                USB DQ143RN2; module 2
11-03 16:44:03.284  7220  7270 I RobotCore: REV Expansion Hub IMU                              imu                            USB DQ143RN2; module 3; bus 0; addr7=0x00
11-03 16:44:03.284  7220  7270 I RobotCore: Servo                                              upperRightGripper              USB DQ143RN2; module 2; port 1
11-03 16:44:03.284  7220  7270 I RobotCore: Motor                                              rf                             USB DQ143RN2; module 3; port 1
11-03 16:44:03.284  7220  7270 I RobotCore: Servo                                              shortArm                       USB DQ143RN2; module 2; port 4
11-03 16:44:03.285  7220  7270 I RobotCore: Servo                                              glyphHolder                    USB DQ143RN2; module 3; port 0
11-03 16:44:03.285  7220  7270 I RobotCore: REV Color/Range Sensor                             jewelColor                     USB DQ143RN2; module 2; bus 1; addr7=0x39
11-03 16:44:03.285  7220  7270 I RobotCore: Motor                                              lf                             USB DQ143RN2; module 3; port 0
11-03 16:44:03.285  7220  7270 I RobotCore: Servo                                              lowerLeftGripper               USB DQ143RN2; module 2; port 2
11-03 16:44:03.285  7220  7270 I FtcEventLoop: ======= INIT FINISH =======
11-03 16:44:03.285  7220  7270 V RobotCore: EventLoopManager state is RUNNING
11-03 16:44:03.285  7220  7270 V RobotCore: Robot Status: running, starting robot
11-03 16:44:03.285  7220  7270 V RobotCore: Robot Status: running
11-03 16:44:03.286  7220  7270 V ThreadPool: container(0x0c9fe968: executorEventLoop) added id=575 TID=0 count=1
11-03 16:44:03.289  7220  7270 V RobotCore: thread: ...terminating 'RobotSetupRunnable.run()'
11-03 16:44:03.290  7220  7332 V RobotCore: thread: 'opmode loop()' starting...
11-03 16:44:03.307  7220  7291 V Robocol : sending CMD_NOTIFY_ROBOT_STATE(417), attempt: 0
11-03 16:44:03.797  7220  7332 V ThreadPool: container(0x0b5fa56d: OpModeStuckCodeMonitor) added id=576 TID=0 count=1
11-03 16:44:03.797  7220  7332 I RobotCore: Attempting to switch to op mode $Stop$Robot$
11-03 16:44:03.867  7220  7291 V Robocol : sending CMD_NOTIFY_INIT_OP_MODE(427), attempt: 0
11-03 16:44:04.059  7220  7332 I RobotCore: robot battery read duration: n=2, mean=3.838ms sd=0.665ms
11-03 16:44:07.097  7220  7220 I BatteryChecker: percent remaining: 100 is charging: false
11-03 16:44:19.204  7220  7286 V Robocol : received command: CMD_INIT_OP_MODE(10562) $Stop$Robot$
11-03 16:44:19.206  7220  7285 I BatteryChecker: percent remaining: 100 is charging: false
11-03 16:44:19.215  7220  7332 I RobotCore: Attempting to switch to op mode $Stop$Robot$
11-03 16:44:19.244  7220  7286 V Robocol : received command: CMD_REQUEST_CONFIGURATIONS(10565) 
11-03 16:44:19.267  7220  7291 V Robocol : sending CMD_NOTIFY_INIT_OP_MODE(642), attempt: 0
11-03 16:44:19.274  7220  7285 I BatteryChecker: percent remaining: 100 is charging: false
11-03 16:44:19.307  7220  7291 V Robocol : sending CMD_REQUEST_CONFIGURATIONS_RESP(647), attempt: 0
11-03 16:44:23.045  7220  7286 V Robocol : received command: CMD_REQUEST_UI_STATE(10619) 
11-03 16:44:23.046  7220  7286 V Robocol : received command: CMD_RESTART_ROBOT(10620) 
11-03 16:44:23.047  7220  7285 I BatteryChecker: percent remaining: 100 is charging: false
11-03 16:44:23.068  7220  7291 V Robocol : sending CMD_NOTIFY_ACTIVE_CONFIGURATION(704), attempt: 0
11-03 16:44:23.102  7220  7285 I BatteryChecker: percent remaining: 100 is charging: false
11-03 16:44:23.107  7220  7291 V Robocol : sending CMD_NOTIFY_USER_DEVICE_LIST(706), attempt: 0
11-03 16:44:23.108  7220  7291 V Robocol : sending CMD_NOTIFY_OP_MODE_LIST(707), attempt: 0
11-03 16:44:23.110  7220  7285 D FtcEventLoopHandler: restarting robot...
11-03 16:44:23.122  7220  7220 V Robocol : EventLoopManager.shutdown()
11-03 16:44:23.122  7220  7220 V ThreadPool: waiting for service EventLoop
11-03 16:44:23.122  7220  7332 V RobotCore: EventLoopRunnable interrupted
11-03 16:44:23.122  7220  7332 V RobotCore: EventLoopManager state is STOPPED
11-03 16:44:23.122  7220  7332 V RobotCore: Robot Status: stopped
11-03 16:44:23.122  7220  7332 I FtcEventLoop: ======= TEARDOWN =======
11-03 16:44:23.123  7220  7334 V ThreadPool: container(0x0b5fa56d: OpModeStuckCodeMonitor) removed id=576 TID=7334 count=1
11-03 16:44:23.124  7220  7332 V LynxMotor: disengage mod#=3
11-03 16:44:23.125  7220  7332 V LynxMotor: disengage mod#=2
11-03 16:44:23.126  7220  7332 V LynxServoController: disengage mod#=3
11-03 16:44:23.126  7220  7332 V LynxServoController: disengage mod#=2
11-03 16:44:23.127  7220  7332 V LynxUsb : 0x08bef51c on 0x00948233: releasing delegate to [DQ143RN2]
11-03 16:44:23.127  7220  7332 V LynxUsb : 0x00948233: releaseRef [DQ143RN2]=0
11-03 16:44:23.127  7220  7332 V LynxUsb : doClose([DQ143RN2])...
11-03 16:44:23.127  7220  7332 V LynxModule: close()
11-03 16:44:23.128  7220  7332 V ThreadPool: executive service lynx module executor(0x07a51525) is terminated
11-03 16:44:23.128  7220  7331 V ThreadPool: container(0x07a51525: lynx module executor) removed id=574 TID=7331 count=1
11-03 16:44:23.128  7220  7332 V LynxModule: close()
11-03 16:44:23.128  7220  7332 V ThreadPool: waiting for service lynx module executor
11-03 16:44:23.129  7220  7332 V LynxUsb : disarmDevice() serial=DQ143RN2...
11-03 16:44:23.129  7220  7330 V ThreadPool: container(0x00b404ab: lynx module executor) removed id=573 TID=7330 count=1
11-03 16:44:23.129  7220  7329 V RobotCore: thread: ...terminating 'lynx incoming datagrams'
11-03 16:44:23.129  7220  7332 V LynxUsb : shutting down incoming datagrams
11-03 16:44:23.129  7220  7332 V ThreadPool: waiting for service Lynx incoming datagram poller
11-03 16:44:23.130  7220  7332 V ThreadPool: awaitTerminationOrExitApplication Lynx incoming datagram poller; interrupt thrown
11-03 16:44:23.130  7220  7329 V ThreadPool: container(0x0288a9ee: lynx dg poller) removed id=572 TID=7329 count=1
11-03 16:44:23.147  7220  7291 V Robocol : sending CMD_SHOW_TOAST(711), attempt: 0
11-03 16:44:23.147  7220  7291 V Robocol : sending CMD_NOTIFY_ROBOT_STATE(712), attempt: 0
11-03 16:44:23.230  7220  7332 V RobotUsbDeviceFtdi: closing DQ143RN2
11-03 16:44:23.230  7220  7332 V FtDevice: vv********************DQ143RN2 closing********************vv 0x0becc76c
11-03 16:44:23.230  7220  7332 V FtDevice: DQ143RN2 stopping thread readBufferManager
11-03 16:44:23.231  7220  7327 V FtDevice: DQ143RN2 thread readBufferManager is stopped
11-03 16:44:23.231  7220  7332 V FtDevice: DQ143RN2 stopping thread bulkPacketInWorker
11-03 16:44:23.232  7220  7326 V FtDevice: DQ143RN2 thread bulkPacketInWorker is stopped
11-03 16:44:23.232  7220  7332 V MonitoredUsbDeviceConnection: closing UsbDeviceConnection(DQ143RN2)
11-03 16:44:23.232  7220  7332 D UsbDeviceConnectionJNI: close
11-03 16:44:23.232  7220  7332 V FtDevice: ^^********************DQ143RN2 closed ********************^^
11-03 16:44:23.232  7220  7332 V LynxUsb : ...done disarmDevice()
11-03 16:44:23.233  7220  7332 V LynxUsb : ...doClose([DQ143RN2])
11-03 16:44:23.233  7220  7332 I FtcEventLoop: ======= TEARDOWN COMPLETE =======
11-03 16:44:23.233  7220  7332 V RobotCore: thread: ...terminating 'opmode loop()'
11-03 16:44:23.233  7220  7332 V EventLoopManager: switching to idleEventLoop
11-03 16:44:23.233  7220  7332 I FtcEventLoopIdle: ------- idle init --------
11-03 16:44:23.233  7220  7332 V RobotCore: thread: 'opmode loop()' starting...
11-03 16:44:23.234  7220  7328 V ThreadPool: container(0x055929f0: WatchdogMonitor) removed id=571 TID=7328 count=1
11-03 16:44:25.622  7220  7220 V ThreadPool: awaiting shutdown: thread pool="EventLoop" attempt=1
11-03 16:44:25.623  7220  7220 E RobotCore: thread id=575 tid=7332 name="opmode loop()" 
11-03 16:44:25.623  7220  7220 E RobotCore:     at java.lang.Thread.sleep(Native Method)
11-03 16:44:25.623  7220  7220 E RobotCore:     at java.lang.Thread.sleep(Thread.java:1031)
11-03 16:44:25.623  7220  7220 E RobotCore:     at java.lang.Thread.sleep(Thread.java:985)
11-03 16:44:25.623  7220  7220 E RobotCore:     at com.qualcomm.robotcore.eventloop.EventLoopManager$EventLoopRunnable$1.run(EventLoopManager.java:252)
11-03 16:44:25.623  7220  7220 E RobotCore:     at com.qualcomm.robotcore.util.ThreadPool.logThreadLifeCycle(ThreadPool.java:709)
11-03 16:44:25.623  7220  7220 E RobotCore:     at com.qualcomm.robotcore.eventloop.EventLoopManager$EventLoopRunnable.run(EventLoopManager.java:241)
11-03 16:44:25.623  7220  7220 E RobotCore:     at com.qualcomm.robotcore.eventloop.EventLoopManager$1.run(EventLoopManager.java:580)
11-03 16:44:25.623  7220  7220 E RobotCore:     at java.util.concurrent.ThreadPoolExecutor.runWorker(ThreadPoolExecutor.java:1113)
11-03 16:44:25.624  7220  7220 E RobotCore:     at java.util.concurrent.ThreadPoolExecutor$Worker.run(ThreadPoolExecutor.java:588)
11-03 16:44:25.624  7220  7220 E RobotCore:     at com.qualcomm.robotcore.util.ThreadPool$ThreadFactoryImpl$1.run(ThreadPool.java:764)
11-03 16:44:25.624  7220  7220 E RobotCore:     at java.lang.Thread.run(Thread.java:818)
11-03 16:44:25.624  7220  7220 V ThreadPool: waiting for service EventLoop
11-03 16:44:25.624  7220  7332 V RobotCore: EventLoopRunnable interrupted
11-03 16:44:25.624  7220  7332 V RobotCore: EventLoopManager state is STOPPED
11-03 16:44:25.624  7220  7332 I FtcEventLoopIdle: ------- idle teardown ----
11-03 16:44:25.624  7220  7332 V RobotCore: thread: ...terminating 'opmode loop()'
11-03 16:44:25.625  7220  7332 V ThreadPool: container(0x0c9fe968: executorEventLoop) removed id=575 TID=7332 count=1
11-03 16:44:25.625  7220  7220 V ThreadPool: awaitTermination returned, isTerminated=true
11-03 16:44:25.625  7220  7220 V ThreadPool: executive service EventLoop(0x0c9fe968) is terminated
11-03 16:44:25.625  7220  7220 V RobotCore: EventLoopManager state is STOPPED
11-03 16:44:25.627  7220  7291 V Robocol : sending CMD_NOTIFY_ROBOT_STATE(740), attempt: 0
11-03 16:44:25.628  7220  7291 V Robocol : sending CMD_NOTIFY_ROBOT_STATE(741), attempt: 0
11-03 16:44:25.633  7220  7270 V RobotCore: thread: 'RobotSetupRunnable.run()' starting...
11-03 16:44:25.633  7220  7270 V FTCService: Processing robot setup
11-03 16:44:25.633  7220  7270 V RobotCore: Robot Status: stopped, scanning for USB devices
11-03 16:44:25.668  7220  7291 V Robocol : sending CMD_SHOW_TOAST(742), attempt: 0
11-03 16:44:25.739  7220  7266 V RenderScript: 0xb8e2d008 Launching thread(s), CPUs 4
11-03 16:44:25.764  7220  7286 V Robocol : received command: CMD_INIT_OP_MODE(10659) $Stop$Robot$
11-03 16:44:25.764  7220  7285 V Robocol : unable to process command CMD_INIT_OP_MODE callbacks=EventLoopManager
11-03 16:44:30.634  7220  7270 V RobotCore: Robot Status: stopped, waiting for Wifi to enable
11-03 16:44:30.634  7220  7270 V RobotCore: Robot Status: stopped, waiting for Wifi Direct to enable
11-03 16:44:30.634  7220  7270 V RobotCore: Robot Status: stopped, waiting for network to become active
11-03 16:44:30.635  7220  7270 V RobotCore: Robot Status: stopped, starting robot
11-03 16:44:30.635  7220  7270 V Robocol : EventLoopManager.start()
11-03 16:44:30.635  7220  7270 V Robocol : Spoofing a Network Connection event...
11-03 16:44:30.635  7220  7270 V ThreadPool: executive service EventLoop(0x0c9fe968) is terminated
11-03 16:44:30.635  7220  7270 V RobotCore: EventLoopManager state is STOPPED
11-03 16:44:30.635  7220  7270 V Robocol : eventLoop=FtcEventLoop
11-03 16:44:30.636  7220  7270 V RobotCore: EventLoopManager state is INIT
11-03 16:44:30.636  7220  7270 V RobotCore: Robot Status: initializing, starting robot
11-03 16:44:30.636  7220  7270 I FtcEventLoop: ======= INIT START =======
11-03 16:44:30.640  7220  7270 V OpmodeRegistration: registered {DefaultOpMode} as {$Stop$Robot$}
11-03 16:44:30.643  7220  7270 V FileBasedLock: locked /storage/emulated/0/FIRST/blocks/projectslock/lock.dat
11-03 16:44:30.645  7220  7270 V FileBasedLock: unlocking /storage/emulated/0/FIRST/blocks/projectslock/lock.dat
11-03 16:44:30.654  7220  7220 D WifiDirect: cannot create group, does group already exist?
11-03 16:44:30.656  7220  7270 V OpmodeRegistration: registered {SensorTest} as {Sensor Test}
11-03 16:44:30.657  7220  7270 V OpmodeRegistration: registered {SensorREVColorDistance} as {Sensor: REVColorDistance}
11-03 16:44:30.658  7220  7270 V OpmodeRegistration: registered {SensorMRRangeColorSensor} as {Sensor: MR range & Color sensor}
11-03 16:44:30.658  7220  7270 V OpmodeRegistration: registered {RelicRecoveryTeleOpsLinear} as {Relic Recovery TeleOps (Linear)}
11-03 16:44:30.659  7220  7270 V OpmodeRegistration: registered {RelicRecoveryAutoRed1} as {Auto Red 1}
11-03 16:44:30.660  7220  7270 V OpmodeRegistration: registered {RelicRecoveryAutoBlue1} as {Auto Blue 1}
11-03 16:44:30.661  7220  7270 V OpmodeRegistration: registered {RelicRecoveryAutoTest} as {Auto Test}
11-03 16:44:30.667  7220  7291 V Robocol : sending CMD_NOTIFY_ROBOT_STATE(795), attempt: 0
11-03 16:44:30.667  7220  7291 V Robocol : sending CMD_NOTIFY_ROBOT_STATE(796), attempt: 0
11-03 16:44:30.667  7220  7291 V Robocol : sending CMD_NOTIFY_ACTIVE_CONFIGURATION(797), attempt: 0
11-03 16:44:30.689  7220  7270 V HardwareFactory: createHardwareMap()
11-03 16:44:30.690  7220  7270 V WifiDirectInviteMonitor: clearUILynxModule()
11-03 16:44:30.690  7220  7220 I BatteryChecker: percent remaining: 100 is charging: false
11-03 16:44:30.690  7220  7270 V ReadXMLFileHandler: handleLynxModule() mod#=2...
11-03 16:44:30.690  7220  7270 V ConfigurationUtility: buildEmptyLynxModule() mod#=2...
11-03 16:44:30.691  7220  7270 V ConfigurationUtility: ...buildEmptyLynxModule() mod#=2
11-03 16:44:30.691  7220  7270 V ReadXMLFileHandler: ...handleLynxModule() mod#=2
11-03 16:44:30.691  7220  7270 V ReadXMLFileHandler: handleLynxModule() mod#=3...
11-03 16:44:30.691  7220  7270 V ConfigurationUtility: buildEmptyLynxModule() mod#=3...
11-03 16:44:30.691  7220  7270 V ConfigurationUtility: ...buildEmptyLynxModule() mod#=3
11-03 16:44:30.692  7220  7270 V ReadXMLFileHandler: ...handleLynxModule() mod#=3
11-03 16:44:30.692  7220  7270 V RobotCore: Creating REV Robotics USB Expansion Hub Portal [DQ143RN2]
11-03 16:44:30.692  7220  7270 V LynxUsb : creating new [DQ143RN2]: 0x0fc3f1ac
11-03 16:44:30.694  7220  7270 V FtDeviceManager: createDeviceInfoList(): 1 USB devices
11-03 16:44:30.700  7220  7270 V FtDevice: vv********************DQ143RN2 opening********************vv 0x0becc76c
11-03 16:44:30.701  7220  7270 V FtDevice: ^^********************DQ143RN2 opened ********************^^
11-03 16:44:30.701  7220  7270 V FtDevice: resetting DQ143RN2
11-03 16:44:30.701  7220  7270 V ThreadPool: container(0x01187e75: WatchdogMonitor) added id=579 TID=0 count=1
11-03 16:44:30.706  7220  7270 V LynxUsb : armDevice() serial=DQ143RN2...
11-03 16:44:30.706  7220  7270 V LynxModule: resetDevice() serial=DQ143RN2
11-03 16:44:30.707  7220  7291 V Robocol : sending CMD_NOTIFY_USER_DEVICE_LIST(798), attempt: 0
11-03 16:44:30.708  7220  7291 V Robocol : sending CMD_NOTIFY_OP_MODE_LIST(799), attempt: 0
11-03 16:44:31.060  7220  7270 V ThreadPool: container(0x0304567b: lynx dg poller) added id=580 TID=0 count=1
11-03 16:44:31.061  7220  7270 V LynxUsb : ...done armDevice()
11-03 16:44:31.061  7220  7270 V LynxUsb : 0x0c7f8cf1 on 0x0fc3f1ac: new delegate to [DQ143RN2]
11-03 16:44:31.061  7220  7270 V RobotCore: Creating Lynx Module - mod=2 parent=false
11-03 16:44:31.061  7220  7270 V RobotCore: Creating Lynx Module - mod=3 parent=true
11-03 16:44:31.062  7220  7270 V LynxUsb : addConfiguredModule() module#=3
11-03 16:44:31.062  7220  7270 V LynxModule: pingAndQueryKnownInterfaces mod=3
11-03 16:44:31.064  7220  7270 V ThreadPool: container(0x0a60ca44: lynx module executor) added id=581 TID=0 count=1
11-03 16:44:31.065  7220  7344 V RobotCore: thread: 'lynx incoming datagrams' starting...
11-03 16:44:31.066  7220  7344 V LynxUsb : synchronization gained: serial=DQ143RN2
11-03 16:44:31.069  7220  7270 V LynxModule: queryInterface(DEKA)=49 commands
11-03 16:44:31.075  7220  7270 V LynxModule: mod#=3 intf=DEKA: expected 53 commands; found 49
11-03 16:44:31.079  7220  7270 V LynxModule: sendLEDPatternSteps(): #steps=8
11-03 16:44:31.089  7220  7270 V LynxUsb : addConfiguredModule() module#=2
11-03 16:44:31.090  7220  7270 V LynxModule: pingAndQueryKnownInterfaces mod=2
11-03 16:44:31.092  7220  7345 V LynxModule: received status: LynxGetModuleStatusResponse(status=0x02 alerts=0x00: Reset)
11-03 16:44:31.097  7220  7270 V ThreadPool: container(0x02a6a0d6: lynx module executor) added id=582 TID=0 count=1
11-03 16:44:31.102  7220  7270 V LynxModule: queryInterface(DEKA)=49 commands
11-03 16:44:31.109  7220  7270 V LynxModule: mod#=2 intf=DEKA: expected 53 commands; found 49
11-03 16:44:31.113  7220  7270 V LynxModule: sendLEDPatternSteps(): #steps=6
11-03 16:44:31.117  7220  7346 V LynxModule: received status: LynxGetModuleStatusResponse(status=0x05 alerts=0x00: KeepAliveTimeout|FailSafe)
11-03 16:44:31.117  7220  7346 V LynxModule: resendCurrentPattern()
11-03 16:44:31.117  7220  7346 V LynxModule: sendLEDPatternSteps(): #steps=6
11-03 16:44:31.134  7220  7270 V LynxMotor: initializeHardware() mod#=2
11-03 16:44:31.228  7220  7270 V RobotCore: DcMotorImpl(type=NeveRest40Gearmotor)
11-03 16:44:31.228  7220  7270 V RobotCore: DcMotorImpl(type=NeveRest40Gearmotor)
11-03 16:44:31.229  7220  7270 V LynxServoController: initializeHardware() mod#=2
11-03 16:44:31.277  7220  7270 V LynxVoltageSensor: initializeHardware() mod#=2
11-03 16:44:31.278  7220  7270 V LynxPwmOutputController: initializeHardware() mod#=2
11-03 16:44:31.284  7220  7270 W LynxPwmOutputController: LynxSetPWMEnableCommand not implemented by lynx hw; ignoring
11-03 16:44:31.290  7220  7270 W LynxPwmOutputController: LynxSetPWMConfigurationCommand not implemented by lynx hw; ignoring
11-03 16:44:31.296  7220  7270 W LynxPwmOutputController: LynxSetPWMEnableCommand not implemented by lynx hw; ignoring
11-03 16:44:31.301  7220  7270 W LynxPwmOutputController: LynxSetPWMConfigurationCommand not implemented by lynx hw; ignoring
11-03 16:44:31.306  7220  7270 W LynxPwmOutputController: LynxSetPWMEnableCommand not implemented by lynx hw; ignoring
11-03 16:44:31.311  7220  7270 W LynxPwmOutputController: LynxSetPWMConfigurationCommand not implemented by lynx hw; ignoring
11-03 16:44:31.316  7220  7270 W LynxPwmOutputController: LynxSetPWMEnableCommand not implemented by lynx hw; ignoring
11-03 16:44:31.321  7220  7270 W LynxPwmOutputController: LynxSetPWMConfigurationCommand not implemented by lynx hw; ignoring
11-03 16:44:31.321  7220  7270 V LynxAnalogInputController: initializeHardware() mod#=2
11-03 16:44:31.321  7220  7270 V LynxDigitalChannelController: initializeHardware() mod#=2
11-03 16:44:31.354  7220  7270 V RobotCore: Creating Lynx Color/Range Sensor - mod=2 bus=1
11-03 16:44:31.354  7220  7270 I RobotCore: LynxFirmwareVersionManager: LynxI2cDeviceSynchV1
11-03 16:44:31.355  7220  7270 V LynxI2cDeviceSynch: initializeHardware() mod#=2
11-03 16:44:31.355  7220  7270 V AMSColorSensorImpl: internalInitialize()...
11-03 16:44:31.387  7220  7270 V AMSColorSensorImpl: state: 07 f6 ff ff 00 00 00 00 00 00 00 00 00 00 08 61 
11-03 16:44:31.388  7220  7270 V AMSColorSensorImpl: state| 00 01 60 33 28 00 0d 00 0e 
11-03 16:44:31.404  7220  7270 V AMSColorSensorImpl: disable() enabled=0x07...
11-03 16:44:31.442  7220  7270 V AMSColorSensorImpl: ...disable() enabled=0x00
11-03 16:44:31.442  7220  7270 V AMSColorSensorImpl: setIntegrationTime(0xf6)
11-03 16:44:31.455  7220  7270 V AMSColorSensorImpl: setGain(GAIN_4)
11-03 16:44:31.481  7220  7270 V AMSColorSensorImpl: setPDrive(Percent12_5)
11-03 16:44:31.511  7220  7270 V AMSColorSensorImpl: setProximityPulseCount(0x08)
11-03 16:44:31.540  7220  7270 V AMSColorSensorImpl: enable() enabled=0x00...
11-03 16:44:31.591  7220  7270 V AMSColorSensorImpl: ...enable() enabled=0x07
11-03 16:44:31.608  7220  7270 V AMSColorSensorImpl: state: 07 f6 ff ff 00 00 00 00 00 00 00 00 00 00 08 61 
11-03 16:44:31.609  7220  7270 V AMSColorSensorImpl: state| 00 01 60 33 28 00 0d 00 0e 
11-03 16:44:31.609  7220  7270 V AMSColorSensorImpl: ...internalInitialize()
11-03 16:44:31.609  7220  7270 V LynxI2cDeviceSynch: engaging mod#=2
11-03 16:44:31.609  7220  7270 V LynxMotor: initializeHardware() mod#=3
11-03 16:44:31.695  7220  7270 V RobotCore: DcMotorImpl(type=NeveRest40Gearmotor)
11-03 16:44:31.695  7220  7270 V RobotCore: DcMotorImpl(type=NeveRest40Gearmotor)
11-03 16:44:31.696  7220  7270 V RobotCore: DcMotorImpl(type=NeveRest40Gearmotor)
11-03 16:44:31.696  7220  7270 V RobotCore: DcMotorImpl(type=NeveRest40Gearmotor)
11-03 16:44:31.696  7220  7270 V LynxServoController: initializeHardware() mod#=3
11-03 16:44:31.733  7220  7270 V LynxVoltageSensor: initializeHardware() mod#=3
11-03 16:44:31.734  7220  7270 V LynxPwmOutputController: initializeHardware() mod#=3
11-03 16:44:31.739  7220  7270 W LynxPwmOutputController: LynxSetPWMEnableCommand not implemented by lynx hw; ignoring
11-03 16:44:31.743  7220  7270 W LynxPwmOutputController: LynxSetPWMConfigurationCommand not implemented by lynx hw; ignoring
11-03 16:44:31.747  7220  7270 W LynxPwmOutputController: LynxSetPWMEnableCommand not implemented by lynx hw; ignoring
11-03 16:44:31.751  7220  7270 W LynxPwmOutputController: LynxSetPWMConfigurationCommand not implemented by lynx hw; ignoring
11-03 16:44:31.755  7220  7270 W LynxPwmOutputController: LynxSetPWMEnableCommand not implemented by lynx hw; ignoring
11-03 16:44:31.759  7220  7270 W LynxPwmOutputController: LynxSetPWMConfigurationCommand not implemented by lynx hw; ignoring
11-03 16:44:31.762  7220  7270 W LynxPwmOutputController: LynxSetPWMEnableCommand not implemented by lynx hw; ignoring
11-03 16:44:31.767  7220  7270 W LynxPwmOutputController: LynxSetPWMConfigurationCommand not implemented by lynx hw; ignoring
11-03 16:44:31.767  7220  7270 V LynxAnalogInputController: initializeHardware() mod#=3
11-03 16:44:31.767  7220  7270 V LynxDigitalChannelController: initializeHardware() mod#=3
11-03 16:44:31.792  7220  7270 V RobotCore: Creating user sensor REV Expansion Hub IMU - on Lynx module=3 bus=0
11-03 16:44:31.792  7220  7270 V RobotCore: Creating I2cDeviceSynch (Lynx) - mod=3 bus=0
11-03 16:44:31.792  7220  7270 I RobotCore: LynxFirmwareVersionManager: LynxI2cDeviceSynchV1
11-03 16:44:31.792  7220  7270 V LynxI2cDeviceSynch: initializeHardware() mod#=3
11-03 16:44:31.792  7220  7270 I RobotCore: ========= Device Information ===================================================
11-03 16:44:31.792  7220  7270 I RobotCore: Type                                               Name                           Connection
11-03 16:44:31.793  7220  7270 I RobotCore: Motor                                              rr                             USB DQ143RN2; module 3; port 3
11-03 16:44:31.793  7220  7270 I RobotCore: Motor                                              glyphLift                      USB DQ143RN2; module 2; port 0
11-03 16:44:31.793  7220  7270 I RobotCore: Servo                                              lowerRightGripper              USB DQ143RN2; module 2; port 3
11-03 16:44:31.793  7220  7270 I RobotCore: Motor                                              lr                             USB DQ143RN2; module 3; port 2
11-03 16:44:31.793  7220  7270 I RobotCore: REV Robotics USB Expansion Hub Portal              Expansion Hub Portal 1         USB DQ143RN2
11-03 16:44:31.793  7220  7270 I RobotCore: Servo                                              longArm                        USB DQ143RN2; module 2; port 5
11-03 16:44:31.793  7220  7270 I RobotCore: Servo                                              upperLeftGripper               USB DQ143RN2; module 2; port 0
11-03 16:44:31.793  7220  7270 I RobotCore: Motor                                              led                            USB DQ143RN2; module 2; port 3
11-03 16:44:31.794  7220  7270 I RobotCore: Expansion Hub DC Motor Controller                  Expansion Hub 3                USB DQ143RN2; module 3
11-03 16:44:31.794  7220  7270 I RobotCore: Expansion Hub Servo Controller                     Expansion Hub 3                USB DQ143RN2; module 3
11-03 16:44:31.794  7220  7270 I RobotCore: Expansion Hub Voltage Sensor                       Expansion Hub 3                USB DQ143RN2; module 3
11-03 16:44:31.794  7220  7270 I RobotCore: Expansion Hub Pwm Controller                       Expansion Hub 3                USB DQ143RN2; module 3
11-03 16:44:31.794  7220  7270 I RobotCore: Expansion Hub Analog Input Controller              Expansion Hub 3                USB DQ143RN2; module 3
11-03 16:44:31.794  7220  7270 I RobotCore: Expansion Hub Digital Channel Controller           Expansion Hub 3                USB DQ143RN2; module 3
11-03 16:44:31.798  7220  7270 I RobotCore: Expansion Hub (HW: 20, Maj: 1, Min: 6, Eng: 0)     Expansion Hub 3                USB DQ143RN2; module 3
11-03 16:44:31.798  7220  7270 I RobotCore: Expansion Hub DC Motor Controller                  Expansion Hub 2                USB DQ143RN2; module 2
11-03 16:44:31.798  7220  7270 I RobotCore: Expansion Hub Servo Controller                     Expansion Hub 2                USB DQ143RN2; module 2
11-03 16:44:31.798  7220  7270 I RobotCore: Expansion Hub Voltage Sensor                       Expansion Hub 2                USB DQ143RN2; module 2
11-03 16:44:31.798  7220  7270 I RobotCore: Expansion Hub Pwm Controller                       Expansion Hub 2                USB DQ143RN2; module 2
11-03 16:44:31.798  7220  7270 I RobotCore: Expansion Hub Analog Input Controller              Expansion Hub 2                USB DQ143RN2; module 2
11-03 16:44:31.798  7220  7270 I RobotCore: Expansion Hub Digital Channel Controller           Expansion Hub 2                USB DQ143RN2; module 2
11-03 16:44:31.804  7220  7270 I RobotCore: Expansion Hub (HW: 20, Maj: 1, Min: 6, Eng: 0)     Expansion Hub 2                USB DQ143RN2; module 2
11-03 16:44:31.804  7220  7270 I RobotCore: REV Expansion Hub IMU                              imu                            USB DQ143RN2; module 3; bus 0; addr7=0x00
11-03 16:44:31.804  7220  7270 I RobotCore: Servo                                              upperRightGripper              USB DQ143RN2; module 2; port 1
11-03 16:44:31.804  7220  7270 I RobotCore: Motor                                              rf                             USB DQ143RN2; module 3; port 1
11-03 16:44:31.804  7220  7270 I RobotCore: Servo                                              shortArm                       USB DQ143RN2; module 2; port 4
11-03 16:44:31.805  7220  7270 I RobotCore: Servo                                              glyphHolder                    USB DQ143RN2; module 3; port 0
11-03 16:44:31.805  7220  7270 I RobotCore: REV Color/Range Sensor                             jewelColor                     USB DQ143RN2; module 2; bus 1; addr7=0x39
11-03 16:44:31.805  7220  7270 I RobotCore: Motor                                              lf                             USB DQ143RN2; module 3; port 0
11-03 16:44:31.805  7220  7270 I RobotCore: Servo                                              lowerLeftGripper               USB DQ143RN2; module 2; port 2
11-03 16:44:31.805  7220  7270 I FtcEventLoop: ======= INIT FINISH =======
11-03 16:44:31.805  7220  7270 V RobotCore: EventLoopManager state is RUNNING
11-03 16:44:31.805  7220  7270 V RobotCore: Robot Status: running, starting robot
11-03 16:44:31.806  7220  7270 V RobotCore: Robot Status: running
11-03 16:44:31.807  7220  7270 V ThreadPool: container(0x0ec3a00d: executorEventLoop) added id=583 TID=0 count=1
11-03 16:44:31.807  7220  7270 V RobotCore: thread: ...terminating 'RobotSetupRunnable.run()'
11-03 16:44:31.808  7220  7347 V RobotCore: thread: 'opmode loop()' starting...
11-03 16:44:31.827  7220  7291 V Robocol : sending CMD_NOTIFY_ROBOT_STATE(818), attempt: 0
11-03 16:44:32.314  7220  7347 V ThreadPool: container(0x09828ffe: OpModeStuckCodeMonitor) added id=584 TID=0 count=1
11-03 16:44:32.315  7220  7347 I RobotCore: Attempting to switch to op mode $Stop$Robot$
11-03 16:44:32.387  7220  7291 V Robocol : sending CMD_NOTIFY_INIT_OP_MODE(827), attempt: 0
11-03 16:44:32.584  7220  7347 I RobotCore: robot battery read duration: n=2, mean=5.078ms sd=2.277ms
11-03 16:44:35.690  7220  7220 I BatteryChecker: percent remaining: 100 is charging: false
11-03 16:44:40.433  7220  7220 V RCActivity: onPause()
11-03 16:44:40.922  7220  7220 V RCActivity: onStop()
11-03 16:44:50.889  7220  7220 V NetDiscover_name: writing pref name=pref_device_name_old value=12611-RC
11-03 16:44:50.889  7220  7220 V NetDiscover_prefremrc: onSharedPreferenceChanged(name=pref_device_name_old, value=12611-RC)
11-03 16:44:50.889  7220  7220 V NetDiscover_name: deviceName pref changed: now=12611-RC
11-03 16:44:50.889  7220  7220 V NetDiscover_name: setWifiDirectDeviceName(12611-RC)...
11-03 16:44:50.889  7220  7220 V NetDiscover_name: setWifiDirectDeviceName(12611-RC): changing
11-03 16:44:50.891  7220  7220 V NetDiscover_name: remembering wifiDirectName: 12611-RC...
11-03 16:44:50.891  7220  7220 V NetDiscover_name: wifiDirectName=12611-RC
11-03 16:44:50.891  7220  7220 V NetDiscover_name: ...remembering wifiDirectName
11-03 16:44:50.891  7220  7220 V NetDiscover_name: ...setWifiDirectDeviceName(12611-RC)
11-03 16:44:50.893  7220  7220 V NetDiscover_prefremrc: onSharedPreferenceChanged(name=pref_device_name, value=12611-RC)
11-03 16:44:50.894  7220  7220 V NetDiscover_prefremrc: sending RC pref name=pref_device_name value=12611-RC
11-03 16:44:50.900  7220  7238 V NetDiscover_wifiDirectAgent_bcast: this device changed: Device=12611-RC deviceAddress=80:58:f8:58:99:a3 primary type=10-0050F204-5 secondary type=null wps=0 grpcapab=0 devcapab=0 status=0 wfdInfo=WFD enabled=falseWFD DeviceInfo=0 WFD CtrlPort=0 WFD MaxThroughput=0 level=0
11-03 16:44:50.900  7220  7238 V NetDiscover_name: remembering wifiDirectName: 12611-RC...
11-03 16:44:50.900  7220  7238 V NetDiscover_name: ...remembering wifiDirectName
11-03 16:44:50.900  7220  7238 V NetDiscover_name: setWifiDirectDeviceName(12611-RC): success
11-03 16:44:50.906  7220  7220 D WifiDirect: broadcast: this device changed
11-03 16:44:50.906  7220  7220 V WifiDirect: device information: 12611-RC 80:58:f8:58:99:a3
11-03 16:44:50.907  7220  7291 V Robocol : sending CMD_ROBOT_CONTROLLER_PREFERENCE(1078), attempt: 0
11-03 16:44:50.927  7220  7286 V Robocol : received command: CMD_ROBOT_CONTROLLER_PREFERENCE(10957) {"prefName":"pref_device_name","stringValue":"12611-RC"}
11-03 16:44:50.935  7220  7285 I BatteryChecker: percent remaining: 100 is charging: false
11-03 16:44:56.002  7220  7220 V RCActivity: onStart()
11-03 16:44:56.002  7220  7220 V Robocol : EventLoopManager.shutdown()
11-03 16:44:56.003  7220  7220 V ThreadPool: waiting for service EventLoop
11-03 16:44:56.003  7220  7347 V RobotCore: EventLoopRunnable interrupted
11-03 16:44:56.003  7220  7347 V RobotCore: EventLoopManager state is STOPPED
11-03 16:44:56.003  7220  7347 V RobotCore: Robot Status: stopped
11-03 16:44:56.003  7220  7347 I FtcEventLoop: ======= TEARDOWN =======
11-03 16:44:56.006  7220  7348 V ThreadPool: container(0x09828ffe: OpModeStuckCodeMonitor) removed id=584 TID=7348 count=1
11-03 16:44:56.007  7220  7347 V LynxMotor: disengage mod#=3
11-03 16:44:56.009  7220  7347 V LynxMotor: disengage mod#=2
11-03 16:44:56.009  7220  7347 V LynxServoController: disengage mod#=2
11-03 16:44:56.010  7220  7347 V LynxServoController: disengage mod#=3
11-03 16:44:56.010  7220  7347 V LynxUsb : 0x0c7f8cf1 on 0x0fc3f1ac: releasing delegate to [DQ143RN2]
11-03 16:44:56.010  7220  7347 V LynxUsb : 0x0fc3f1ac: releaseRef [DQ143RN2]=0
11-03 16:44:56.010  7220  7347 V LynxUsb : doClose([DQ143RN2])...
11-03 16:44:56.010  7220  7347 V LynxModule: close()
11-03 16:44:56.010  7220  7347 V ThreadPool: waiting for service lynx module executor
11-03 16:44:56.011  7220  7347 V LynxModule: close()
11-03 16:44:56.011  7220  7346 V ThreadPool: container(0x02a6a0d6: lynx module executor) removed id=582 TID=7346 count=1
11-03 16:44:56.011  7220  7347 V ThreadPool: waiting for service lynx module executor
11-03 16:44:56.011  7220  7345 V ThreadPool: container(0x0a60ca44: lynx module executor) removed id=581 TID=7345 count=1
11-03 16:44:56.011  7220  7347 V LynxUsb : disarmDevice() serial=DQ143RN2...
11-03 16:44:56.011  7220  7347 V LynxUsb : shutting down incoming datagrams
11-03 16:44:56.011  7220  7347 V ThreadPool: waiting for service Lynx incoming datagram poller
11-03 16:44:56.011  7220  7347 V ThreadPool: awaitTerminationOrExitApplication Lynx incoming datagram poller; interrupt thrown
11-03 16:44:56.011  7220  7344 V RobotCore: thread: ...terminating 'lynx incoming datagrams'
11-03 16:44:56.011  7220  7344 V ThreadPool: container(0x0304567b: lynx dg poller) removed id=580 TID=7344 count=1
11-03 16:44:56.027  7220  7291 V Robocol : sending CMD_NOTIFY_ROBOT_STATE(1151), attempt: 0
11-03 16:44:56.112  7220  7347 V RobotUsbDeviceFtdi: closing DQ143RN2
11-03 16:44:56.112  7220  7347 V FtDevice: vv********************DQ143RN2 closing********************vv 0x0becc76c
11-03 16:44:56.112  7220  7347 V FtDevice: DQ143RN2 stopping thread readBufferManager
11-03 16:44:56.113  7220  7342 V FtDevice: DQ143RN2 thread readBufferManager is stopped
11-03 16:44:56.113  7220  7347 V FtDevice: DQ143RN2 stopping thread bulkPacketInWorker
11-03 16:44:56.113  7220  7341 V FtDevice: DQ143RN2 thread bulkPacketInWorker is stopped
11-03 16:44:56.114  7220  7347 V MonitoredUsbDeviceConnection: closing UsbDeviceConnection(DQ143RN2)
11-03 16:44:56.114  7220  7347 D UsbDeviceConnectionJNI: close
11-03 16:44:56.114  7220  7347 V FtDevice: ^^********************DQ143RN2 closed ********************^^
11-03 16:44:56.114  7220  7347 V LynxUsb : ...done disarmDevice()
11-03 16:44:56.115  7220  7347 V LynxUsb : ...doClose([DQ143RN2])
11-03 16:44:56.115  7220  7343 V ThreadPool: container(0x01187e75: WatchdogMonitor) removed id=579 TID=7343 count=1
11-03 16:44:56.116  7220  7347 I FtcEventLoop: ======= TEARDOWN COMPLETE =======
11-03 16:44:56.116  7220  7347 V RobotCore: thread: ...terminating 'opmode loop()'
11-03 16:44:56.116  7220  7347 V EventLoopManager: switching to idleEventLoop
11-03 16:44:56.116  7220  7347 I FtcEventLoopIdle: ------- idle init --------
11-03 16:44:56.116  7220  7347 V RobotCore: thread: 'opmode loop()' starting...
11-03 16:44:56.965  7220  7286 V Robocol : received command: CMD_INIT_OP_MODE(11033) $Stop$Robot$
11-03 16:44:56.966  7220  7285 V Robocol : unable to process command CMD_INIT_OP_MODE callbacks=EventLoopManager
11-03 16:44:58.503  7220  7220 V ThreadPool: awaiting shutdown: thread pool="EventLoop" attempt=1
11-03 16:44:58.504  7220  7220 E RobotCore: thread id=583 tid=7347 name="opmode loop()" 
11-03 16:44:58.504  7220  7220 E RobotCore:     at java.lang.Thread.sleep(Native Method)
11-03 16:44:58.504  7220  7220 E RobotCore:     at java.lang.Thread.sleep(Thread.java:1031)
11-03 16:44:58.504  7220  7220 E RobotCore:     at java.lang.Thread.sleep(Thread.java:985)
11-03 16:44:58.504  7220  7220 E RobotCore:     at com.qualcomm.robotcore.eventloop.EventLoopManager$EventLoopRunnable$1.run(EventLoopManager.java:252)
11-03 16:44:58.504  7220  7220 E RobotCore:     at com.qualcomm.robotcore.util.ThreadPool.logThreadLifeCycle(ThreadPool.java:709)
11-03 16:44:58.505  7220  7220 E RobotCore:     at com.qualcomm.robotcore.eventloop.EventLoopManager$EventLoopRunnable.run(EventLoopManager.java:241)
11-03 16:44:58.505  7220  7220 E RobotCore:     at com.qualcomm.robotcore.eventloop.EventLoopManager$1.run(EventLoopManager.java:580)
11-03 16:44:58.505  7220  7220 E RobotCore:     at java.util.concurrent.ThreadPoolExecutor.runWorker(ThreadPoolExecutor.java:1113)
11-03 16:44:58.505  7220  7220 E RobotCore:     at java.util.concurrent.ThreadPoolExecutor$Worker.run(ThreadPoolExecutor.java:588)
11-03 16:44:58.505  7220  7220 E RobotCore:     at com.qualcomm.robotcore.util.ThreadPool$ThreadFactoryImpl$1.run(ThreadPool.java:764)
11-03 16:44:58.505  7220  7220 E RobotCore:     at java.lang.Thread.run(Thread.java:818)
11-03 16:44:58.506  7220  7220 V ThreadPool: waiting for service EventLoop
11-03 16:44:58.506  7220  7347 V RobotCore: EventLoopRunnable interrupted
11-03 16:44:58.506  7220  7347 V RobotCore: EventLoopManager state is STOPPED
11-03 16:44:58.507  7220  7347 I FtcEventLoopIdle: ------- idle teardown ----
11-03 16:44:58.507  7220  7347 V RobotCore: thread: ...terminating 'opmode loop()'
11-03 16:44:58.507  7220  7347 V ThreadPool: container(0x0ec3a00d: executorEventLoop) removed id=583 TID=7347 count=1
11-03 16:44:58.507  7220  7220 V ThreadPool: awaitTermination returned, isTerminated=true
11-03 16:44:58.507  7220  7220 V ThreadPool: executive service EventLoop(0x0ec3a00d) is terminated
11-03 16:44:58.507  7220  7220 V RobotCore: EventLoopManager state is STOPPED
11-03 16:44:58.508  7220  7291 V Robocol : sending CMD_NOTIFY_ROBOT_STATE(1178), attempt: 0
11-03 16:44:58.517  7220  7270 V RobotCore: thread: 'RobotSetupRunnable.run()' starting...
11-03 16:44:58.517  7220  7270 V FTCService: Processing robot setup
11-03 16:44:58.517  7220  7270 V RobotCore: Robot Status: stopped, scanning for USB devices
11-03 16:44:58.518  7220  7220 V RCActivity: onResume()
11-03 16:44:58.519  7220  7220 I Choreographer: Skipped 150 frames!  The application may be doing too much work on its main thread.
--------- beginning of system
11-03 16:44:58.537  7220  7220 W ViewRootImpl: Cancelling event due to no window focus: KeyEvent { action=ACTION_UP, keyCode=KEYCODE_BACK, scanCode=0, metaState=0, flags=0x68, repeatCount=0, eventTime=499567, downTime=499434, deviceId=-1, source=0x101 }
11-03 16:44:58.538  7220  7220 W ViewRootImpl: Cancelling event due to no window focus: KeyEvent { action=ACTION_UP, keyCode=KEYCODE_BACK, scanCode=0, metaState=0, flags=0x68, repeatCount=0, eventTime=499567, downTime=499434, deviceId=-1, source=0x101 }
11-03 16:44:58.538  7220  7220 W ViewRootImpl: Cancelling event due to no window focus: KeyEvent { action=ACTION_UP, keyCode=KEYCODE_BACK, scanCode=0, metaState=0, flags=0x68, repeatCount=0, eventTime=499567, downTime=499434, deviceId=-1, source=0x101 }
11-03 16:44:58.539  7220  7220 W ViewRootImpl: Cancelling event due to no window focus: KeyEvent { action=ACTION_UP, keyCode=KEYCODE_BACK, scanCode=0, metaState=0, flags=0x68, repeatCount=0, eventTime=499567, downTime=499434, deviceId=-1, source=0x101 }
11-03 16:44:58.539  7220  7220 W ViewRootImpl: Cancelling event due to no window focus: KeyEvent { action=ACTION_UP, keyCode=KEYCODE_BACK, scanCode=0, metaState=0, flags=0x68, repeatCount=0, eventTime=499567, downTime=499434, deviceId=-1, source=0x101 }
11-03 16:44:58.539  7220  7220 W ViewRootImpl: Cancelling event due to no window focus: KeyEvent { action=ACTION_UP, keyCode=KEYCODE_BACK, scanCode=0, metaState=0, flags=0x68, repeatCount=0, eventTime=499567, downTime=499434, deviceId=-1, source=0x101 }
11-03 16:44:58.539  7220  7220 W ViewRootImpl: Cancelling event due to no window focus: KeyEvent { action=ACTION_UP, keyCode=KEYCODE_BACK, scanCode=0, metaState=0, flags=0x68, repeatCount=0, eventTime=499567, downTime=499434, deviceId=-1, source=0x101 }
11-03 16:44:58.539  7220  7220 W ViewRootImpl: Cancelling event due to no window focus: KeyEvent { action=ACTION_UP, keyCode=KEYCODE_BACK, scanCode=0, metaState=0, flags=0x68, repeatCount=0, eventTime=499567, downTime=499434, deviceId=-1, source=0x101 }
11-03 16:44:58.539  7220  7220 W ViewRootImpl: Cancelling event due to no window focus: KeyEvent { action=ACTION_UP, keyCode=KEYCODE_BACK, scanCode=0, metaState=0, flags=0x68, repeatCount=0, eventTime=499567, downTime=499434, deviceId=-1, source=0x101 }
11-03 16:44:58.547  7220  7291 V Robocol : sending CMD_NOTIFY_ROBOT_STATE(1179), attempt: 0
11-03 16:45:00.646  7220  7284 V ThreadPool: container(0x091546e4: default threadpool) removed id=542 TID=7284 count=2
11-03 16:45:03.518  7220  7270 V RobotCore: Robot Status: stopped, waiting for Wifi to enable
11-03 16:45:03.518  7220  7270 V RobotCore: Robot Status: stopped, waiting for Wifi Direct to enable
11-03 16:45:03.519  7220  7270 V RobotCore: Robot Status: stopped, waiting for network to become active
11-03 16:45:03.519  7220  7270 V RobotCore: Robot Status: stopped, starting robot
11-03 16:45:03.519  7220  7270 V Robocol : EventLoopManager.start()
11-03 16:45:03.519  7220  7270 V Robocol : Spoofing a Network Connection event...
11-03 16:45:03.519  7220  7270 V ThreadPool: executive service EventLoop(0x0ec3a00d) is terminated
11-03 16:45:03.519  7220  7270 V RobotCore: EventLoopManager state is STOPPED
11-03 16:45:03.522  7220  7270 V Robocol : eventLoop=FtcEventLoop
11-03 16:45:03.522  7220  7270 V RobotCore: EventLoopManager state is INIT
11-03 16:45:03.522  7220  7270 V RobotCore: Robot Status: initializing, starting robot
11-03 16:45:03.522  7220  7270 I FtcEventLoop: ======= INIT START =======
11-03 16:45:03.524  7220  7270 V OpmodeRegistration: registered {DefaultOpMode} as {$Stop$Robot$}
11-03 16:45:03.527  7220  7270 V FileBasedLock: locked /storage/emulated/0/FIRST/blocks/projectslock/lock.dat
11-03 16:45:03.527  7220  7270 V ThreadPool: container(0x091546e4: default threadpool) added id=588 TID=0 count=2
11-03 16:45:03.528  7220  7270 V FileBasedLock: unlocking /storage/emulated/0/FIRST/blocks/projectslock/lock.dat
11-03 16:45:03.533  7220  7270 V OpmodeRegistration: registered {SensorTest} as {Sensor Test}
11-03 16:45:03.534  7220  7270 V OpmodeRegistration: registered {SensorREVColorDistance} as {Sensor: REVColorDistance}
11-03 16:45:03.535  7220  7270 V OpmodeRegistration: registered {SensorMRRangeColorSensor} as {Sensor: MR range & Color sensor}
11-03 16:45:03.535  7220  7270 V OpmodeRegistration: registered {RelicRecoveryTeleOpsLinear} as {Relic Recovery TeleOps (Linear)}
11-03 16:45:03.536  7220  7270 V OpmodeRegistration: registered {RelicRecoveryAutoRed1} as {Auto Red 1}
11-03 16:45:03.537  7220  7270 V OpmodeRegistration: registered {RelicRecoveryAutoBlue1} as {Auto Blue 1}
11-03 16:45:03.538  7220  7270 V OpmodeRegistration: registered {RelicRecoveryAutoTest} as {Auto Test}
11-03 16:45:03.540  7220  7220 D WifiDirect: cannot create group, does group already exist?
11-03 16:45:03.547  7220  7291 V Robocol : sending CMD_NOTIFY_ROBOT_STATE(1230), attempt: 0
11-03 16:45:03.547  7220  7291 V Robocol : sending CMD_NOTIFY_ROBOT_STATE(1231), attempt: 0
11-03 16:45:03.548  7220  7291 V Robocol : sending CMD_NOTIFY_ACTIVE_CONFIGURATION(1232), attempt: 0
11-03 16:45:03.570  7220  7270 V HardwareFactory: createHardwareMap()
11-03 16:45:03.570  7220  7270 V WifiDirectInviteMonitor: clearUILynxModule()
11-03 16:45:03.570  7220  7220 I BatteryChecker: percent remaining: 100 is charging: false
11-03 16:45:03.571  7220  7270 V ReadXMLFileHandler: handleLynxModule() mod#=2...
11-03 16:45:03.571  7220  7270 V ConfigurationUtility: buildEmptyLynxModule() mod#=2...
11-03 16:45:03.571  7220  7270 V ConfigurationUtility: ...buildEmptyLynxModule() mod#=2
11-03 16:45:03.571  7220  7270 V ReadXMLFileHandler: ...handleLynxModule() mod#=2
11-03 16:45:03.571  7220  7270 V ReadXMLFileHandler: handleLynxModule() mod#=3...
11-03 16:45:03.571  7220  7270 V ConfigurationUtility: buildEmptyLynxModule() mod#=3...
11-03 16:45:03.572  7220  7270 V ConfigurationUtility: ...buildEmptyLynxModule() mod#=3
11-03 16:45:03.572  7220  7270 V ReadXMLFileHandler: ...handleLynxModule() mod#=3
11-03 16:45:03.572  7220  7270 V RobotCore: Creating REV Robotics USB Expansion Hub Portal [DQ143RN2]
11-03 16:45:03.572  7220  7270 V LynxUsb : creating new [DQ143RN2]: 0x02a4a4a9
11-03 16:45:03.574  7220  7270 V FtDeviceManager: createDeviceInfoList(): 1 USB devices
11-03 16:45:03.580  7220  7270 V FtDevice: vv********************DQ143RN2 opening********************vv 0x0becc76c
11-03 16:45:03.580  7220  7270 V FtDevice: ^^********************DQ143RN2 opened ********************^^
11-03 16:45:03.580  7220  7270 V FtDevice: resetting DQ143RN2
11-03 16:45:03.580  7220  7270 V ThreadPool: container(0x0dfbca2e: WatchdogMonitor) added id=591 TID=0 count=1
11-03 16:45:03.586  7220  7270 V LynxUsb : armDevice() serial=DQ143RN2...
11-03 16:45:03.586  7220  7270 V LynxModule: resetDevice() serial=DQ143RN2
11-03 16:45:03.587  7220  7291 V Robocol : sending CMD_NOTIFY_USER_DEVICE_LIST(1237), attempt: 0
11-03 16:45:03.588  7220  7291 V Robocol : sending CMD_NOTIFY_OP_MODE_LIST(1238), attempt: 0
11-03 16:45:03.940  7220  7270 V ThreadPool: container(0x04ddaf5c: lynx dg poller) added id=592 TID=0 count=1
11-03 16:45:03.941  7220  7270 V LynxUsb : ...done armDevice()
11-03 16:45:03.941  7220  7270 V LynxUsb : 0x0e7e5b3a on 0x02a4a4a9: new delegate to [DQ143RN2]
11-03 16:45:03.941  7220  7270 V RobotCore: Creating Lynx Module - mod=2 parent=false
11-03 16:45:03.941  7220  7270 V RobotCore: Creating Lynx Module - mod=3 parent=true
11-03 16:45:03.942  7220  7270 V LynxUsb : addConfiguredModule() module#=3
11-03 16:45:03.942  7220  7270 V LynxModule: pingAndQueryKnownInterfaces mod=3
11-03 16:45:03.944  7220  7270 V ThreadPool: container(0x0cab3fe1: lynx module executor) added id=593 TID=0 count=1
11-03 16:45:03.946  7220  7385 V RobotCore: thread: 'lynx incoming datagrams' starting...
11-03 16:45:03.946  7220  7385 V LynxUsb : synchronization gained: serial=DQ143RN2
11-03 16:45:03.951  7220  7270 V LynxModule: queryInterface(DEKA)=49 commands
11-03 16:45:03.957  7220  7270 V LynxModule: mod#=3 intf=DEKA: expected 53 commands; found 49
11-03 16:45:03.961  7220  7270 V LynxModule: sendLEDPatternSteps(): #steps=8
11-03 16:45:03.971  7220  7270 V LynxUsb : addConfiguredModule() module#=2
11-03 16:45:03.971  7220  7270 V LynxModule: pingAndQueryKnownInterfaces mod=2
11-03 16:45:03.973  7220  7270 V ThreadPool: container(0x0474b3eb: lynx module executor) added id=594 TID=0 count=1
11-03 16:45:03.979  7220  7270 V LynxModule: queryInterface(DEKA)=49 commands
11-03 16:45:03.984  7220  7386 V LynxModule: received status: LynxGetModuleStatusResponse(status=0x02 alerts=0x00: Reset)
11-03 16:45:03.988  7220  7270 V LynxModule: mod#=2 intf=DEKA: expected 53 commands; found 49
