11-03 20:38:54.755 18977 19071 E OMXMaster: A component of name 'OMX.qcom.audio.decoder.aac' already exists, ignoring this one.
11-03 20:38:54.757 18977 19071 I MediaCodec: (0xb8c6fc88) Component Allocated (OMX.google.raw.decoder)
11-03 20:38:54.757 18977 19065 I MediaCodec: (0xb8c6fc88) configure surface(0x0) crypto(0x0) flags(0)
11-03 20:38:54.757 18977 19065 D MediaCodec: (0xb8c6fc88) configure format: AMessage(what = 0x00000000) = {
11-03 20:38:54.757 18977 19065 D MediaCodec:    string mime = "audio/raw"
11-03 20:38:54.757 18977 19065 D MediaCodec:    int64_t durationUs = 485011
11-03 20:38:54.757 18977 19065 D MediaCodec:    int32_t channel-count = 2
11-03 20:38:54.757 18977 19065 D MediaCodec:    int32_t sample-rate = 44100
11-03 20:38:54.757 18977 19065 D MediaCodec:    int32_t channel-mask = 0
11-03 20:38:54.757 18977 19065 D MediaCodec:  }
11-03 20:38:54.759 18977 19065 I MediaCodec: (0xb8c6fc88) start
11-03 20:38:54.760 18977 19071 I MediaCodec: (0xb8c6fc88) input buffers allocated
11-03 20:38:54.760 18977 19071 I MediaCodec: (0xb8c6fc88) numBuffers (4)
11-03 20:38:54.760 18977 19071 I MediaCodec: (0xb8c6fc88) output buffers allocated
11-03 20:38:54.760 18977 19071 I MediaCodec: (0xb8c6fc88) numBuffers (4)
11-03 20:38:54.762 18977 19071 I MediaCodec: (0xb8c6fc88) codec output format changed
11-03 20:38:54.762 18977 19071 D MediaCodec: (0xb8c6fc88) output format: AMessage(what = 'codc', target = 2) = {
11-03 20:38:54.762 18977 19071 D MediaCodec:    string mime = "audio/raw"
11-03 20:38:54.762 18977 19071 D MediaCodec:    int32_t channel-count = 2
11-03 20:38:54.762 18977 19071 D MediaCodec:    int32_t sample-rate = 44100
11-03 20:38:54.762 18977 19071 D MediaCodec:    int32_t channel-mask = 0
11-03 20:38:54.762 18977 19071 D MediaCodec:    int32_t what = 1869968451
11-03 20:38:54.762 18977 19071 D MediaCodec:  }
11-03 20:38:54.768 18977 19065 I MediaCodec: (0xb8c6fc88) stop
11-03 20:38:54.770 18977 19065 I MediaCodec: (0xb8c6fc88) release
11-03 20:38:54.780 18977 19067 W AudioTrack: AUDIO_OUTPUT_FLAG_FAST denied by client; transfer 4, track 44100 Hz, output 48000 Hz
11-03 20:38:54.790 18977 19027 V AMSColorSensorImpl: state: 00 00 ff ff 00 00 00 00 00 00 00 00 00 00 00 00 
11-03 20:38:54.790 18977 19027 V AMSColorSensorImpl: state| 00 01 60 00 00 00 00 00 00 
11-03 20:38:54.798 18977 19054 V Robocol : received command: CMD_REQUEST_UI_STATE(10001) 
11-03 20:38:54.806 18977 19027 V AMSColorSensorImpl: disable() enabled=0x00...
11-03 20:38:54.839 18977 19027 V AMSColorSensorImpl: ...disable() enabled=0x00
11-03 20:38:54.840 18977 19027 V AMSColorSensorImpl: setIntegrationTime(0xf6)
11-03 20:38:54.851 18977 19027 V AMSColorSensorImpl: setGain(GAIN_4)
11-03 20:38:54.876 18977 19027 V AMSColorSensorImpl: setPDrive(Percent12_5)
11-03 20:38:54.905 18977 19027 V AMSColorSensorImpl: setProximityPulseCount(0x08)
11-03 20:38:54.935 18977 19027 V AMSColorSensorImpl: enable() enabled=0x00...
11-03 20:38:54.988 18977 19027 V AMSColorSensorImpl: ...enable() enabled=0x07
11-03 20:38:55.006 18977 19027 V AMSColorSensorImpl: state: 07 f6 ff ff 00 00 00 00 00 00 00 00 00 00 08 61 
11-03 20:38:55.006 18977 19027 V AMSColorSensorImpl: state| 00 01 60 33 20 00 0c 00 0b 
11-03 20:38:55.006 18977 19027 V AMSColorSensorImpl: ...internalInitialize()
11-03 20:38:55.006 18977 19027 V LynxI2cDeviceSynch: engaging mod#=2
11-03 20:38:55.006 18977 19027 V LynxMotor: initializeHardware() mod#=3
11-03 20:38:55.093 18977 19027 V RobotCore: DcMotorImpl(type=NeveRest40Gearmotor)
11-03 20:38:55.093 18977 19027 V RobotCore: DcMotorImpl(type=NeveRest40Gearmotor)
11-03 20:38:55.094 18977 19027 V RobotCore: DcMotorImpl(type=NeveRest40Gearmotor)
11-03 20:38:55.094 18977 19027 V RobotCore: DcMotorImpl(type=NeveRest40Gearmotor)
11-03 20:38:55.095 18977 19027 V LynxServoController: initializeHardware() mod#=3
11-03 20:38:55.129 18977 19027 V LynxVoltageSensor: initializeHardware() mod#=3
11-03 20:38:55.129 18977 19027 V LynxPwmOutputController: initializeHardware() mod#=3
11-03 20:38:55.132 18977 19027 W LynxPwmOutputController: LynxSetPWMEnableCommand not implemented by lynx hw; ignoring
11-03 20:38:55.135 18977 19027 W LynxPwmOutputController: LynxSetPWMConfigurationCommand not implemented by lynx hw; ignoring
11-03 20:38:55.138 18977 19027 W LynxPwmOutputController: LynxSetPWMEnableCommand not implemented by lynx hw; ignoring
11-03 20:38:55.141 18977 19027 W LynxPwmOutputController: LynxSetPWMConfigurationCommand not implemented by lynx hw; ignoring
11-03 20:38:55.145 18977 19027 W LynxPwmOutputController: LynxSetPWMEnableCommand not implemented by lynx hw; ignoring
11-03 20:38:55.148 18977 19027 W LynxPwmOutputController: LynxSetPWMConfigurationCommand not implemented by lynx hw; ignoring
11-03 20:38:55.151 18977 19027 W LynxPwmOutputController: LynxSetPWMEnableCommand not implemented by lynx hw; ignoring
11-03 20:38:55.155 18977 19027 W LynxPwmOutputController: LynxSetPWMConfigurationCommand not implemented by lynx hw; ignoring
11-03 20:38:55.155 18977 19027 V LynxAnalogInputController: initializeHardware() mod#=3
11-03 20:38:55.155 18977 19027 V LynxDigitalChannelController: initializeHardware() mod#=3
11-03 20:38:55.179 18977 19027 V RobotCore: Creating user sensor REV Expansion Hub IMU - on Lynx module=3 bus=0
11-03 20:38:55.180 18977 19027 V RobotCore: Creating I2cDeviceSynch (Lynx) - mod=3 bus=0
11-03 20:38:55.180 18977 19027 I RobotCore: LynxFirmwareVersionManager: LynxI2cDeviceSynchV1
11-03 20:38:55.180 18977 19027 V LynxI2cDeviceSynch: initializeHardware() mod#=3
11-03 20:38:55.182 18977 19027 I RobotCore: ========= Device Information ===================================================
11-03 20:38:55.182 18977 19027 I RobotCore: Type                                               Name                           Connection
11-03 20:38:55.182 18977 19027 I RobotCore: Motor                                              rr                             USB DQ143RN2; module 3; port 3
11-03 20:38:55.183 18977 19027 I RobotCore: Motor                                              glyphLift                      USB DQ143RN2; module 2; port 0
11-03 20:38:55.183 18977 19027 I RobotCore: Servo                                              lowerRightGripper              USB DQ143RN2; module 2; port 3
11-03 20:38:55.183 18977 19027 I RobotCore: Motor                                              lr                             USB DQ143RN2; module 3; port 2
11-03 20:38:55.183 18977 19027 I RobotCore: REV Robotics USB Expansion Hub Portal              Expansion Hub Portal 1         USB DQ143RN2
11-03 20:38:55.183 18977 19027 I RobotCore: Servo                                              longArm                        USB DQ143RN2; module 2; port 5
11-03 20:38:55.183 18977 19027 I RobotCore: Servo                                              upperLeftGripper               USB DQ143RN2; module 2; port 0
11-03 20:38:55.183 18977 19027 I RobotCore: Motor                                              led                            USB DQ143RN2; module 2; port 3
11-03 20:38:55.183 18977 19027 I RobotCore: Expansion Hub DC Motor Controller                  Expansion Hub 3                USB DQ143RN2; module 3
11-03 20:38:55.183 18977 19027 I RobotCore: Expansion Hub Servo Controller                     Expansion Hub 3                USB DQ143RN2; module 3
11-03 20:38:55.184 18977 19027 I RobotCore: Expansion Hub Voltage Sensor                       Expansion Hub 3                USB DQ143RN2; module 3
11-03 20:38:55.184 18977 19027 I RobotCore: Expansion Hub Pwm Controller                       Expansion Hub 3                USB DQ143RN2; module 3
11-03 20:38:55.184 18977 19027 I RobotCore: Expansion Hub Analog Input Controller              Expansion Hub 3                USB DQ143RN2; module 3
11-03 20:38:55.184 18977 19027 I RobotCore: Expansion Hub Digital Channel Controller           Expansion Hub 3                USB DQ143RN2; module 3
11-03 20:38:55.188 18977 19027 I RobotCore: Expansion Hub (HW: 20, Maj: 1, Min: 6, Eng: 0)     Expansion Hub 3                USB DQ143RN2; module 3
11-03 20:38:55.188 18977 19027 I RobotCore: Expansion Hub DC Motor Controller                  Expansion Hub 2                USB DQ143RN2; module 2
11-03 20:38:55.188 18977 19027 I RobotCore: Expansion Hub Servo Controller                     Expansion Hub 2                USB DQ143RN2; module 2
11-03 20:38:55.188 18977 19027 I RobotCore: Expansion Hub Voltage Sensor                       Expansion Hub 2                USB DQ143RN2; module 2
11-03 20:38:55.188 18977 19027 I RobotCore: Expansion Hub Pwm Controller                       Expansion Hub 2                USB DQ143RN2; module 2
11-03 20:38:55.188 18977 19027 I RobotCore: Expansion Hub Analog Input Controller              Expansion Hub 2                USB DQ143RN2; module 2
11-03 20:38:55.188 18977 19027 I RobotCore: Expansion Hub Digital Channel Controller           Expansion Hub 2                USB DQ143RN2; module 2
11-03 20:38:55.194 18977 19027 I RobotCore: Expansion Hub (HW: 20, Maj: 1, Min: 6, Eng: 0)     Expansion Hub 2                USB DQ143RN2; module 2
11-03 20:38:55.194 18977 19027 I RobotCore: REV Expansion Hub IMU                              imu                            USB DQ143RN2; module 3; bus 0; addr7=0x00
11-03 20:38:55.194 18977 19027 I RobotCore: Servo                                              upperRightGripper              USB DQ143RN2; module 2; port 1
11-03 20:38:55.195 18977 19027 I RobotCore: Motor                                              rf                             USB DQ143RN2; module 3; port 1
11-03 20:38:55.195 18977 19027 I RobotCore: Servo                                              shortArm                       USB DQ143RN2; module 2; port 4
11-03 20:38:55.195 18977 19027 I RobotCore: Servo                                              glyphHolder                    USB DQ143RN2; module 3; port 0
11-03 20:38:55.195 18977 19027 I RobotCore: REV Color/Range Sensor                             jewelColor                     USB DQ143RN2; module 2; bus 1; addr7=0x39
11-03 20:38:55.195 18977 19027 I RobotCore: Motor                                              lf                             USB DQ143RN2; module 3; port 0
11-03 20:38:55.195 18977 19027 I RobotCore: Servo                                              lowerLeftGripper               USB DQ143RN2; module 2; port 2
11-03 20:38:55.195 18977 19027 I FtcEventLoop: ======= INIT FINISH =======
11-03 20:38:55.195 18977 19027 V RobotCore: EventLoopManager state is RUNNING
11-03 20:38:55.195 18977 19027 V RobotCore: Robot Status: running, starting robot
11-03 20:38:55.196 18977 19027 V RobotCore: Robot Status: running
11-03 20:38:55.196 18977 19027 V ThreadPool: container(0x0fbddcb6: executorEventLoop) added id=639 TID=0 count=1
11-03 20:38:55.196 18977 19027 V RobotCore: thread: ...terminating 'RobotSetupRunnable.run()'
11-03 20:38:55.198 18977 19053 I BatteryChecker: percent remaining: 83 is charging: false
11-03 20:38:55.200 18977 19075 V RobotCore: thread: 'opmode loop()' starting...
11-03 20:38:55.213 18977 19067 D MediaPlayer: setSubtitleAnchor in MediaPlayer
11-03 20:38:55.213 18977 18977 D MediaPlayer: setSubtitleAnchor in MediaPlayer
11-03 20:38:55.214 18977 19063 V Robocol : sending CMD_NOTIFY_ROBOT_STATE(34), attempt: 0
11-03 20:38:55.214 18977 19063 V Robocol : sending CMD_NOTIFY_ACTIVE_CONFIGURATION(37), attempt: 0
11-03 20:38:55.218 18977 18977 W MediaPlayer: mediaplayer went away with unhandled events
11-03 20:38:55.225 18977 19065 D ExtendedUtils: extended extractor not needed, return default
11-03 20:38:55.226 18977 19065 I MediaCodec: (0xb8cb8328) init name(audio/raw) isType(1) encoder(0)
11-03 20:38:55.229 18977 19079 I OMXClient: Using client-side OMX mux.
11-03 20:38:55.233 18977 19079 E OMXMaster: A component of name 'OMX.qcom.audio.decoder.aac' already exists, ignoring this one.
11-03 20:38:55.236 18977 19079 I MediaCodec: (0xb8cb8328) Component Allocated (OMX.google.raw.decoder)
11-03 20:38:55.236 18977 19065 I MediaCodec: (0xb8cb8328) configure surface(0x0) crypto(0x0) flags(0)
11-03 20:38:55.236 18977 19065 D MediaCodec: (0xb8cb8328) configure format: AMessage(what = 0x00000000) = {
11-03 20:38:55.236 18977 19065 D MediaCodec:    string mime = "audio/raw"
11-03 20:38:55.236 18977 19065 D MediaCodec:    int64_t durationUs = 1019125
11-03 20:38:55.236 18977 19065 D MediaCodec:    int32_t channel-count = 1
11-03 20:38:55.236 18977 19065 D MediaCodec:    int32_t sample-rate = 8000
11-03 20:38:55.236 18977 19065 D MediaCodec:    int32_t channel-mask = 0
11-03 20:38:55.236 18977 19065 D MediaCodec:  }
11-03 20:38:55.237 18977 19065 I MediaCodec: (0xb8cb8328) start
11-03 20:38:55.238 18977 19079 I MediaCodec: (0xb8cb8328) input buffers allocated
11-03 20:38:55.238 18977 19079 I MediaCodec: (0xb8cb8328) numBuffers (4)
11-03 20:38:55.238 18977 19079 I MediaCodec: (0xb8cb8328) output buffers allocated
11-03 20:38:55.238 18977 19079 I MediaCodec: (0xb8cb8328) numBuffers (4)
11-03 20:38:55.240 18977 19079 I MediaCodec: (0xb8cb8328) codec output format changed
11-03 20:38:55.240 18977 19079 D MediaCodec: (0xb8cb8328) output format: AMessage(what = 'codc', target = 6) = {
11-03 20:38:55.240 18977 19079 D MediaCodec:    string mime = "audio/raw"
11-03 20:38:55.240 18977 19079 D MediaCodec:    int32_t channel-count = 1
11-03 20:38:55.240 18977 19079 D MediaCodec:    int32_t sample-rate = 8000
11-03 20:38:55.240 18977 19079 D MediaCodec:    int32_t channel-mask = 0
11-03 20:38:55.240 18977 19079 D MediaCodec:    int32_t what = 1869968451
11-03 20:38:55.240 18977 19079 D MediaCodec:  }
11-03 20:38:55.241 18977 19065 I MediaCodec: (0xb8cb8328) stop
11-03 20:38:55.243 18977 19065 I MediaCodec: (0xb8cb8328) release
11-03 20:38:55.254 18977 19063 V Robocol : sending CMD_NOTIFY_USER_DEVICE_LIST(38), attempt: 0
11-03 20:38:55.255 18977 19063 V Robocol : sending CMD_NOTIFY_OP_MODE_LIST(39), attempt: 0
11-03 20:38:55.265 18977 19067 W AudioTrack: AUDIO_OUTPUT_FLAG_FAST denied by client; transfer 4, track 8000 Hz, output 48000 Hz
11-03 20:38:55.707 18977 19075 V ThreadPool: container(0x085e53b0: OpModeStuckCodeMonitor) added id=643 TID=0 count=1
11-03 20:38:55.708 18977 19075 I RobotCore: Attempting to switch to op mode $Stop$Robot$
11-03 20:38:55.774 18977 19063 V Robocol : sending CMD_NOTIFY_INIT_OP_MODE(52), attempt: 0
11-03 20:38:55.971 18977 19075 I RobotCore: robot battery read duration: n=4, mean=4.006ms sd=1.189ms
11-03 20:38:58.258 18977 19054 V Robocol : received command: CMD_INIT_OP_MODE(10056) $Stop$Robot$
11-03 20:38:58.261 18977 19053 I BatteryChecker: percent remaining: 83 is charging: false
11-03 20:38:58.272 18977 19075 I RobotCore: Attempting to switch to op mode $Stop$Robot$
11-03 20:38:58.334 18977 19063 V Robocol : sending CMD_NOTIFY_INIT_OP_MODE(92), attempt: 0
11-03 20:38:59.001 18977 18977 I BatteryChecker: percent remaining: 83 is charging: false
11-03 20:39:23.960 18977 19052 V ThreadPool: container(0x091546e4: default threadpool) removed id=621 TID=19052 count=2
11-03 20:39:25.197 18977 19027 V ThreadPool: container(0x091546e4: default threadpool) removed id=616 TID=19027 count=1
11-03 20:39:46.417 18977 18977 I BatteryChecker: percent remaining: 82 is charging: false
11-03 20:39:49.796 18977 18977 I BatteryChecker: percent remaining: 82 is charging: false
11-03 20:40:46.549 18977 18977 I BatteryChecker: percent remaining: 82 is charging: false
11-03 20:41:09.033 18977 19054 V Robocol : received command: CMD_INIT_OP_MODE(11791) Auto Red 1
11-03 20:41:09.035 18977 19053 I BatteryChecker: percent remaining: 82 is charging: false
11-03 20:41:09.046 18977 19075 I RobotCore: Attempting to switch to op mode Auto Red 1
11-03 20:41:09.303 18977 19075 W LynxPwmOutputController: LynxSetPWMEnableCommand not implemented by lynx hw; ignoring
11-03 20:41:09.308 18977 19075 W LynxPwmOutputController: LynxSetPWMConfigurationCommand not implemented by lynx hw; ignoring
11-03 20:41:09.312 18977 19075 W LynxPwmOutputController: LynxSetPWMEnableCommand not implemented by lynx hw; ignoring
11-03 20:41:09.315 18977 19075 W LynxPwmOutputController: LynxSetPWMConfigurationCommand not implemented by lynx hw; ignoring
11-03 20:41:09.319 18977 19075 W LynxPwmOutputController: LynxSetPWMEnableCommand not implemented by lynx hw; ignoring
11-03 20:41:09.322 18977 19075 W LynxPwmOutputController: LynxSetPWMConfigurationCommand not implemented by lynx hw; ignoring
11-03 20:41:09.327 18977 19075 W LynxPwmOutputController: LynxSetPWMEnableCommand not implemented by lynx hw; ignoring
11-03 20:41:09.331 18977 19075 W LynxPwmOutputController: LynxSetPWMConfigurationCommand not implemented by lynx hw; ignoring
11-03 20:41:09.373 18977 19075 V AMSColorSensorImpl: internalInitialize()...
11-03 20:41:09.407 18977 19075 V AMSColorSensorImpl: state: 07 f6 ff ff 00 00 00 00 00 00 00 00 00 00 08 61 
11-03 20:41:09.407 18977 19075 V AMSColorSensorImpl: state| 00 01 60 33 1f 00 0c 00 0c 
11-03 20:41:09.423 18977 19075 V AMSColorSensorImpl: disable() enabled=0x07...
11-03 20:41:09.457 18977 19075 V AMSColorSensorImpl: ...disable() enabled=0x00
11-03 20:41:09.458 18977 19075 V AMSColorSensorImpl: setIntegrationTime(0xf6)
11-03 20:41:09.471 18977 19075 V AMSColorSensorImpl: setGain(GAIN_4)
11-03 20:41:09.502 18977 19075 V AMSColorSensorImpl: setPDrive(Percent12_5)
11-03 20:41:09.529 18977 19075 V AMSColorSensorImpl: setProximityPulseCount(0x08)
11-03 20:41:09.557 18977 19075 V AMSColorSensorImpl: enable() enabled=0x00...
11-03 20:41:09.608 18977 19075 V AMSColorSensorImpl: ...enable() enabled=0x07
11-03 20:41:09.625 18977 19075 V AMSColorSensorImpl: state: 07 f6 ff ff 00 00 00 00 00 00 00 00 00 00 08 61 
11-03 20:41:09.625 18977 19075 V AMSColorSensorImpl: state| 00 01 60 33 1f 00 0c 00 0c 
11-03 20:41:09.625 18977 19075 V AMSColorSensorImpl: ...internalInitialize()
11-03 20:41:09.686 18977 19075 W LynxPwmOutputController: LynxSetPWMEnableCommand not implemented by lynx hw; ignoring
11-03 20:41:09.691 18977 19075 W LynxPwmOutputController: LynxSetPWMConfigurationCommand not implemented by lynx hw; ignoring
11-03 20:41:09.695 18977 19075 W LynxPwmOutputController: LynxSetPWMEnableCommand not implemented by lynx hw; ignoring
11-03 20:41:09.700 18977 19075 W LynxPwmOutputController: LynxSetPWMConfigurationCommand not implemented by lynx hw; ignoring
11-03 20:41:09.705 18977 19075 W LynxPwmOutputController: LynxSetPWMEnableCommand not implemented by lynx hw; ignoring
11-03 20:41:09.711 18977 19075 W LynxPwmOutputController: LynxSetPWMConfigurationCommand not implemented by lynx hw; ignoring
11-03 20:41:09.716 18977 19075 W LynxPwmOutputController: LynxSetPWMEnableCommand not implemented by lynx hw; ignoring
11-03 20:41:09.719 18977 19075 W LynxPwmOutputController: LynxSetPWMConfigurationCommand not implemented by lynx hw; ignoring
11-03 20:41:09.720 18977 19075 V ThreadPool: container(0x02c30e42: LinearOpMode) added id=644 TID=0 count=1
11-03 20:41:09.724 18977 19092 V RobotCore: thread: 'LinearOpMode main' starting...
11-03 20:41:09.734 18977 19063 V Robocol : sending CMD_NOTIFY_INIT_OP_MODE(1965), attempt: 0
11-03 20:41:09.790 18977 19092 I MecanumRobot: 0 | init ...
11-03 20:41:09.889 18977 19092 V RobotCore: addr=false data=false arb=false clock=false
11-03 20:41:09.890 18977 19092 E LynxI2cDeviceSynch: readStatusQuery: cbExpected=1 cbRead=0
11-03 20:41:09.890 18977 19092 E LynxI2cDeviceSynch: placeholder: readStatusQuery
11-03 20:41:09.962 18977 19092 V RobotCore: addr=false data=false arb=false clock=false
11-03 20:41:09.962 18977 19092 E LynxI2cDeviceSynch: readStatusQuery: cbExpected=1 cbRead=0
11-03 20:41:10.034 18977 19092 V RobotCore: addr=false data=false arb=false clock=false
11-03 20:41:10.034 18977 19092 E LynxI2cDeviceSynch: readStatusQuery: cbExpected=1 cbRead=0
11-03 20:41:10.109 18977 19092 V RobotCore: addr=false data=false arb=false clock=false
11-03 20:41:10.109 18977 19092 E LynxI2cDeviceSynch: readStatusQuery: cbExpected=1 cbRead=0
11-03 20:41:10.182 18977 19092 V RobotCore: addr=false data=false arb=false clock=false
11-03 20:41:10.182 18977 19092 E LynxI2cDeviceSynch: readStatusQuery: cbExpected=1 cbRead=0
11-03 20:41:10.256 18977 19092 V RobotCore: addr=false data=false arb=false clock=false
11-03 20:41:10.256 18977 19092 E LynxI2cDeviceSynch: readStatusQuery: cbExpected=1 cbRead=0
11-03 20:41:10.328 18977 19092 V RobotCore: addr=false data=false arb=false clock=false
11-03 20:41:10.328 18977 19092 E LynxI2cDeviceSynch: readStatusQuery: cbExpected=1 cbRead=0
11-03 20:41:10.400 18977 19092 V RobotCore: addr=true data=false arb=false clock=false
11-03 20:41:10.400 18977 19092 E LynxI2cDeviceSynch: readStatusQuery: cbExpected=1 cbRead=0
11-03 20:41:10.869 18977 19092 W IMU     : re-issuing IMU mode: system status=IDLE expected=RUNNING_FUSION
11-03 20:41:11.043 18977 19092 I TechNova: MecanumRobot: Init Imu | 1253 | imu initialized ...
11-03 20:41:11.044 18977 19092 E MecanumRobot: Range Sesnor failed: Unable to find a hardware device with name "x1Range" and type ModernRoboticsI2cRangeSensor
11-03 20:41:11.531 18977 19092 I System.out: Native library libVuforia.so loaded
11-03 20:41:11.540 18977 19092 I AR      : Vuforia SDK version 6.0.117
11-03 20:41:11.575 18977 19092 I CameraManagerGlobal: Connecting to camera service
11-03 20:41:12.349 18977 19092 I AR      : ObjectTracker: Successfully created dataset
11-03 20:41:12.349 18977 19092 V Vuforia : loading data set 'RelicVuMark'...
11-03 20:41:12.595 18977 19092 V Vuforia : ... done loading data set 'RelicVuMark'
11-03 20:41:12.707 18977 19092 I JewelPusher: Color in Init (R,G, B):12, 12, 7
11-03 20:41:12.725 18977 19092 I TechNova: MecanumRobot: IMU Heading: | -0.1
11-03 20:41:12.726 18977 19092 I VuMarkVision: VuMark | UNKNOWN visible
11-03 20:41:46.722 18977 18977 I BatteryChecker: percent remaining: 82 is charging: false
11-03 20:41:59.022 18977 18977 I BatteryChecker: percent remaining: 82 is charging: false
11-03 20:42:01.401 18977 18987 I art     : Background partial concurrent mark sweep GC freed 245429(8MB) AllocSpace objects, 6(12MB) LOS objects, 40% free, 21MB/36MB, paused 2.331ms total 102.903ms
11-03 20:42:46.806 18977 18977 I BatteryChecker: percent remaining: 82 is charging: false
11-03 20:42:46.875 18977 18977 I BatteryChecker: percent remaining: 82 is charging: false
11-03 20:42:53.046 18977 18987 I art     : Background sticky concurrent mark sweep GC freed 401251(13MB) AllocSpace objects, 2(128KB) LOS objects, 38% free, 22MB/36MB, paused 1.665ms total 132.081ms
11-03 20:43:14.085 18977 18977 I BatteryChecker: percent remaining: 81 is charging: false
11-03 20:43:42.840 18977 18987 I art     : Background partial concurrent mark sweep GC freed 410042(13MB) AllocSpace objects, 4(256KB) LOS objects, 39% free, 21MB/36MB, paused 4.132ms total 145.564ms
11-03 20:44:14.171 18977 18977 I BatteryChecker: percent remaining: 81 is charging: false
11-03 20:44:25.322 18977 18987 I art     : Background sticky concurrent mark sweep GC freed 349132(12MB) AllocSpace objects, 2(128KB) LOS objects, 33% free, 24MB/36MB, paused 2.212ms total 217.034ms
11-03 20:44:27.139 18977 19054 V Robocol : received command: CMD_RUN_OP_MODE(13496) Auto Red 1
11-03 20:44:27.143 18977 19053 I BatteryChecker: percent remaining: 81 is charging: false
11-03 20:44:27.175 18977 19063 V Robocol : sending CMD_NOTIFY_RUN_OP_MODE(3860), attempt: 0
11-03 20:44:27.246 18977 19092 I TechNova: MecanumRobot: Robot: | Robot starting 198198.0
11-03 20:44:27.265 18977 19092 I RobotCore: robot battery read duration: n=10, mean=5.118ms sd=2.145ms
11-03 20:44:27.301 18977 19092 I RelicRecoveryAutoRed1: RED | State: 0 [START] | 	Start | 	114.6 | 	198221 | 	IMU: -0.0 | 	(x1,x2, y): 0.0, 0.0, 0.0 | 	glyph count:0 | 	UNKNOWN
11-03 20:44:27.330 18977 19092 I RelicRecoveryAutoRed1: RED | State: 0 [START] | 	End | 	147.7 | 	198254 | 	IMU: -0.0 | 	(x1,x2, y): 0.0, 0.0, 0.0 | 	glyph count:0 | 	UNKNOWN
11-03 20:44:27.340 18977 19092 I VuMarkVision: VuMark | RIGHT visible
11-03 20:44:27.378 18977 19092 I RelicRecoveryAutoRed1: RED | State: 1 [PUSH_JEWEL] | 	Start | 	203.2 | 	26 | 	IMU: -0.0 | 	(x1,x2, y): 0.0, 0.0, 0.0 | 	glyph count:0 | 	RIGHT
11-03 20:44:27.378 18977 19092 I JewelPusher: Deploying jewel pusher arms ...
11-03 20:44:29.264 18977 19092 I TechNova: JewelPusher: Jewel color: : Color: (20|71) 50331905
11-03 20:44:29.411 18977 19092 I TechNova: JewelPusher: JewelColor:BLUE
11-03 20:44:29.411 18977 19092 I TechNova: JewelPusher: JewelColor:BLUE
11-03 20:44:30.430 18977 19092 I JewelPusher: Retracting jewel pusher arms ...
11-03 20:44:30.581 18977 19092 I RelicRecoveryAutoRed1: RED | State: 1 [PUSH_JEWEL] | 	End | 	3402.4 | 	3225 | 	IMU: 0.5 | 	(x1,x2, y): 0.0, 0.0, 0.0 | 	glyph count:0 | 	RIGHT
11-03 20:44:30.669 18977 19092 I RelicRecoveryAutoRed1: RED | State: 2 [PICK_UP_GLYPH] | 	Start | 	3497.4 | 	70 | 	IMU: 0.7 | 	(x1,x2, y): 0.0, 0.0, 0.0 | 	glyph count:0 | 	RIGHT
11-03 20:44:32.966 18977 19092 I RelicRecoveryAutoRed1: RED | State: 2 [PICK_UP_GLYPH] | 	End | 	5793.4 | 	2365 | 	IMU: 0.3 | 	(x1,x2, y): 0.0, 0.0, 0.0 | 	glyph count:716 | 	RIGHT
11-03 20:44:33.060 18977 19092 I RelicRecoveryAutoRed1: RED | State: 3 [FORWARD_3_FEET] | 	Start | 	5880.9 | 	68 | 	IMU: 0.2 | 	(x1,x2, y): 0.0, 0.0, 0.0 | 	glyph count:712 | 	RIGHT
11-03 20:44:33.270 18977 19092 I TechNova: MecanumRobot: Encoder Remain | 1821
11-03 20:44:33.297 18977 19092 I TechNova: MecanumRobot: EncodersC | 	40	42	37	37
11-03 20:44:33.312 18977 19092 I TechNova: MecanumRobot: EncodersT | 	1837	1838	1838	1837
11-03 20:44:33.434 18977 19092 I TechNova: MecanumRobot: Encoder Remain | 1721
11-03 20:44:33.460 18977 19092 I TechNova: MecanumRobot: EncodersC | 	152	145	138	141
11-03 20:44:33.474 18977 19092 I TechNova: MecanumRobot: EncodersT | 	1837	1838	1838	1837
11-03 20:44:33.573 18977 19092 I TechNova: MecanumRobot: Encoder Remain | 1598
11-03 20:44:33.596 18977 19092 I TechNova: MecanumRobot: EncodersC | 	275	267	265	270
11-03 20:44:33.608 18977 19092 I TechNova: MecanumRobot: EncodersT | 	1837	1838	1838	1837
11-03 20:44:33.739 18977 19092 I TechNova: MecanumRobot: Encoder Remain | 1433
11-03 20:44:33.755 18977 19092 I TechNova: MecanumRobot: EncodersC | 	468	464	462	450
11-03 20:44:33.774 18977 19092 I TechNova: MecanumRobot: EncodersT | 	1837	1838	1838	1837
11-03 20:44:33.883 18977 19092 I TechNova: MecanumRobot: Encoder Remain | 1237
11-03 20:44:33.902 18977 19092 I TechNova: MecanumRobot: EncodersC | 	638	635	612	622
11-03 20:44:33.920 18977 19092 I TechNova: MecanumRobot: EncodersT | 	1837	1838	1838	1837
11-03 20:44:34.043 18977 19092 I TechNova: MecanumRobot: Encoder Remain | 1086
11-03 20:44:34.059 18977 19092 I TechNova: MecanumRobot: EncodersC | 	814	770	784	760
11-03 20:44:34.085 18977 19092 I TechNova: MecanumRobot: EncodersT | 	1837	1838	1838	1837
11-03 20:44:34.222 18977 19092 I TechNova: MecanumRobot: Encoder Remain | 913
11-03 20:44:34.242 18977 19092 I TechNova: MecanumRobot: EncodersC | 	996	948	969	943
11-03 20:44:34.263 18977 19092 I TechNova: MecanumRobot: EncodersT | 	1837	1838	1838	1837
11-03 20:44:34.387 18977 19092 I TechNova: MecanumRobot: Encoder Remain | 743
11-03 20:44:34.403 18977 19092 I TechNova: MecanumRobot: EncodersC | 	1172	1120	1136	1113
11-03 20:44:34.420 18977 19092 I TechNova: MecanumRobot: EncodersT | 	1837	1838	1838	1837
11-03 20:44:34.528 18977 19092 I TechNova: MecanumRobot: Encoder Remain | 573
11-03 20:44:34.549 18977 19092 I TechNova: MecanumRobot: EncodersC | 	1329	1256	1293	1268
11-03 20:44:34.564 18977 19092 I TechNova: MecanumRobot: EncodersT | 	1837	1838	1838	1837
11-03 20:44:34.666 18977 19092 I TechNova: MecanumRobot: Encoder Remain | 463
11-03 20:44:34.683 18977 19092 I TechNova: MecanumRobot: EncodersC | 	1443	1368	1402	1378
11-03 20:44:34.702 18977 19092 I TechNova: MecanumRobot: EncodersT | 	1837	1838	1838	1837
11-03 20:44:34.796 18977 19092 I TechNova: MecanumRobot: Encoder Remain | 350
11-03 20:44:34.811 18977 19092 I TechNova: MecanumRobot: EncodersC | 	1558	1487	1521	1493
11-03 20:44:34.828 18977 19092 I TechNova: MecanumRobot: EncodersT | 	1837	1838	1838	1837
11-03 20:44:34.948 18977 19092 I TechNova: MecanumRobot: Encoder Remain | 205
11-03 20:44:34.964 18977 19092 I TechNova: MecanumRobot: EncodersC | 	1711	1640	1667	1645
11-03 20:44:34.988 18977 19092 I TechNova: MecanumRobot: EncodersT | 	1837	1838	1838	1837
11-03 20:44:35.100 18977 19092 I TechNova: MecanumRobot: Encoder Remain | 50
11-03 20:44:35.121 18977 19092 I TechNova: MecanumRobot: EncodersC | 	1819	1792	1814	1804
11-03 20:44:35.140 18977 19092 I TechNova: MecanumRobot: EncodersT | 	1837	1838	1838	1837
11-03 20:44:35.249 18977 19092 I TechNova: MecanumRobot: Encoder Remain | 9
11-03 20:44:35.269 18977 19092 I TechNova: MecanumRobot: EncodersC | 	1862	1839	1845	1842
11-03 20:44:35.283 18977 19092 I TechNova: MecanumRobot: EncodersT | 	1837	1838	1838	1837
11-03 20:44:35.478 18977 19092 I RelicRecoveryAutoRed1: RED | State: 3 [FORWARD_3_FEET] | 	End | 	8291.2 | 	2478 | 	IMU: -0.1 | 	(x1,x2, y): 0.0, 0.0, 0.0 | 	glyph count:702 | 	RIGHT
11-03 20:44:35.537 18977 19092 I RelicRecoveryAutoRed1: RED | State: 4 [TURN_TO_90_DEGREE] | 	Start | 	8341.8 | 	17 | 	IMU: -0.1 | 	(x1,x2, y): 0.0, 0.0, 0.0 | 	glyph count:702 | 	RIGHT
11-03 20:44:39.203 18977 19092 I RelicRecoveryAutoRed1: RED | State: 4 [TURN_TO_90_DEGREE] | 	End | 	12028.4 | 	3704 | 	IMU: -89.7 | 	(x1,x2, y): 0.0, 0.0, 0.0 | 	glyph count:702 | 	RIGHT
11-03 20:44:39.248 18977 19092 I RelicRecoveryAutoRed1: RED | State: 5 [FORWARD_1_FEET] | 	Start | 	12066.4 | 	17 | 	IMU: -90.3 | 	(x1,x2, y): 0.0, 0.0, 0.0 | 	glyph count:702 | 	RIGHT
11-03 20:44:39.447 18977 19092 I TechNova: MecanumRobot: Encoder Remain | 241
11-03 20:44:39.474 18977 19092 I TechNova: MecanumRobot: EncodersC | 	37	35	56	43
11-03 20:44:39.489 18977 19092 I TechNova: MecanumRobot: EncodersT | 	266	267	267	266
11-03 20:44:39.589 18977 19092 I TechNova: MecanumRobot: Encoder Remain | 148
11-03 20:44:39.608 18977 19092 I TechNova: MecanumRobot: EncodersC | 	136	139	152	144
11-03 20:44:39.625 18977 19092 I TechNova: MecanumRobot: EncodersT | 	266	267	267	266
11-03 20:44:39.731 18977 19092 I TechNova: MecanumRobot: Encoder Remain | 28
11-03 20:44:39.754 18977 19092 I TechNova: MecanumRobot: EncodersC | 	242	260	247	258
11-03 20:44:39.774 18977 19092 I TechNova: MecanumRobot: EncodersT | 	266	267	267	266
11-03 20:44:39.957 18977 19092 I RelicRecoveryAutoRed1: RED | State: 5 [FORWARD_1_FEET] | 	End | 	12773.4 | 	724 | 	IMU: -91.1 | 	(x1,x2, y): 0.0, 0.0, 0.0 | 	glyph count:702 | 	RIGHT
11-03 20:44:40.003 18977 19092 I RelicRecoveryAutoRed1: RED | State: 6 [ALIGN_TO_CRYPTOBOX] | 	Start | 	12829.9 | 	26 | 	IMU: -91.1 | 	(x1,x2, y): 0.0, 0.0, 0.0 | 	glyph count:702 | 	RIGHT
11-03 20:44:40.504 18977 19092 I TechNova: RelicRecoveryAutoRed1: X range: | RIGHT | 0.00 cm
11-03 20:44:40.536 18977 19092 I RelicRecoveryAutoRed1: RED | State: 6 [ALIGN_TO_CRYPTOBOX] | 	End | 	13350.8 | 	547 | 	IMU: -91.0 | 	(x1,x2, y): 0.0, 0.0, 0.0 | 	glyph count:702 | 	RIGHT
11-03 20:44:40.616 18977 19092 I RelicRecoveryAutoRed1: RED | State: 7 [PLACE_GLYPH_INTO_CRYPTO] | 	Start | 	13438.7 | 	56 | 	IMU: -91.0 | 	(x1,x2, y): 0.0, 0.0, 0.0 | 	glyph count:702 | 	RIGHT
11-03 20:44:40.617 18977 19092 I TechNova: RelicRecoveryAutoRed1:  --- Open Grabber --- 
11-03 20:44:40.855 18977 19092 I TechNova: RelicRecoveryAutoRed1:  --- Drive forward to push --- 
11-03 20:44:41.071 18977 19092 I TechNova: MecanumRobot: Encoder Remain | 241
11-03 20:44:41.091 18977 19092 I TechNova: MecanumRobot: EncodersC | 	46	30	51	38
11-03 20:44:41.105 18977 19092 I TechNova: MecanumRobot: EncodersT | 	266	267	267	266
11-03 20:44:41.202 18977 19092 I TechNova: MecanumRobot: Encoder Remain | 160
11-03 20:44:41.219 18977 19092 I TechNova: MecanumRobot: EncodersC | 	127	111	139	121
11-03 20:44:41.240 18977 19092 I TechNova: MecanumRobot: EncodersT | 	266	267	267	266
11-03 20:44:41.341 18977 19092 I TechNova: MecanumRobot: Encoder Remain | 56
11-03 20:44:41.357 18977 19092 I TechNova: MecanumRobot: EncodersC | 	235	221	246	230
11-03 20:44:41.385 18977 19092 I TechNova: MecanumRobot: EncodersT | 	266	267	267	266
11-03 20:44:41.482 18977 19092 I TechNova: MecanumRobot: Encoder Remain | 8
11-03 20:44:41.496 18977 19092 I TechNova: MecanumRobot: EncodersC | 	281	273	287	271
11-03 20:44:41.517 18977 19092 I TechNova: MecanumRobot: EncodersT | 	266	267	267	266
11-03 20:44:41.672 18977 19092 I TechNova: RelicRecoveryAutoRed1:  --- Drive backward to finish --- 
11-03 20:44:41.881 18977 19092 I TechNova: MecanumRobot: Encoder Remain | 369
11-03 20:44:41.906 18977 19092 I TechNova: MecanumRobot: EncodersC | 	-53	-63	-29	-51
11-03 20:44:41.926 18977 19092 I TechNova: MecanumRobot: EncodersT | 	-400	-401	-401	-400
11-03 20:44:42.034 18977 19092 I TechNova: MecanumRobot: Encoder Remain | 263
11-03 20:44:42.061 18977 19092 I TechNova: MecanumRobot: EncodersC | 	-169	-184	-148	-168
11-03 20:44:42.079 18977 19092 I TechNova: MecanumRobot: EncodersT | 	-400	-401	-401	-400
11-03 20:44:42.193 18977 19092 I TechNova: MecanumRobot: Encoder Remain | 114
11-03 20:44:42.208 18977 19092 I TechNova: MecanumRobot: EncodersC | 	-323	-335	-296	-315
11-03 20:44:42.229 18977 19092 I TechNova: MecanumRobot: EncodersT | 	-400	-401	-401	-400
11-03 20:44:42.349 18977 19092 I TechNova: MecanumRobot: Encoder Remain | 13
11-03 20:44:42.367 18977 19092 I TechNova: MecanumRobot: EncodersC | 	-401	-413	-383	-395
11-03 20:44:42.388 18977 19092 I TechNova: MecanumRobot: EncodersT | 	-400	-401	-401	-400
11-03 20:44:44.839 18977 18987 I art     : Background partial concurrent mark sweep GC freed 421542(13MB) AllocSpace objects, 2(128KB) LOS objects, 40% free, 22MB/37MB, paused 2.077ms total 196.927ms
11-03 20:44:47.591 18977 19092 I RelicRecoveryAutoRed1: RED | State: 7 [PLACE_GLYPH_INTO_CRYPTO] | 	End | 	20408.3 | 	7025 | 	IMU: 99.7 | 	(x1,x2, y): 0.0, 0.0, 0.0 | 	glyph count:702 | 	RIGHT
11-03 20:44:47.626 18977 19092 I RelicRecoveryAutoRed1: RED | State: 8 [RESET_GLYPH_LIFT] | 	Start | 	20450.9 | 	13 | 	IMU: 99.1 | 	(x1,x2, y): 0.0, 0.0, 0.0 | 	glyph count:702 | 	RIGHT
11-03 20:44:48.693 18977 19092 I RelicRecoveryAutoRed1: RED | State: 8 [RESET_GLYPH_LIFT] | 	End | 	21512.3 | 	1074 | 	IMU: 98.8 | 	(x1,x2, y): 0.0, 0.0, 0.0 | 	glyph count:-98 | 	RIGHT
11-03 20:44:48.771 18977 19092 V RobotCore: thread: ...terminating 'LinearOpMode main'
11-03 20:44:48.775 18977 19075 I FtcEventLoop: auto-stopping OpMode 'Auto Red 1'
11-03 20:44:48.776 18977 19075 V ThreadPool: waiting for service user linear op mode
11-03 20:44:48.776 18977 19092 V ThreadPool: container(0x02c30e42: LinearOpMode) removed id=644 TID=19092 count=1
11-03 20:44:48.778 18977 19075 V ThreadPool: awaitTermination returned, isTerminated=true
11-03 20:44:48.778 18977 19075 V ThreadPool: executive service user linear op mode(0x02c30e42) is terminated
11-03 20:44:49.214 18977 19075 V ThreadPool: executive service user linear op mode(0x02c30e42) is terminated
11-03 20:44:49.214 18977 19075 I RobotCore: Attempting to switch to op mode $Stop$Robot$
11-03 20:44:49.254 18977 19063 V Robocol : sending CMD_NOTIFY_INIT_OP_MODE(4089), attempt: 0
11-03 20:44:49.300 18977 19054 V Robocol : received command: CMD_RUN_OP_MODE(13710) $Stop$Robot$
11-03 20:44:49.301 18977 19053 I BatteryChecker: percent remaining: 81 is charging: false
11-03 20:44:49.334 18977 19063 V Robocol : sending CMD_NOTIFY_RUN_OP_MODE(4095), attempt: 0
11-03 20:44:50.234 18977 19075 I RobotCore: Attempting to switch to op mode Relic Recovery TeleOps (Linear)
11-03 20:44:50.536 18977 19075 W LynxPwmOutputController: LynxSetPWMEnableCommand not implemented by lynx hw; ignoring
11-03 20:44:50.541 18977 19075 W LynxPwmOutputController: LynxSetPWMConfigurationCommand not implemented by lynx hw; ignoring
11-03 20:44:50.546 18977 19075 W LynxPwmOutputController: LynxSetPWMEnableCommand not implemented by lynx hw; ignoring
11-03 20:44:50.550 18977 19075 W LynxPwmOutputController: LynxSetPWMConfigurationCommand not implemented by lynx hw; ignoring
11-03 20:44:50.554 18977 19075 W LynxPwmOutputController: LynxSetPWMEnableCommand not implemented by lynx hw; ignoring
11-03 20:44:50.559 18977 19075 W LynxPwmOutputController: LynxSetPWMConfigurationCommand not implemented by lynx hw; ignoring
11-03 20:44:50.563 18977 19075 W LynxPwmOutputController: LynxSetPWMEnableCommand not implemented by lynx hw; ignoring
11-03 20:44:50.566 18977 19075 W LynxPwmOutputController: LynxSetPWMConfigurationCommand not implemented by lynx hw; ignoring
11-03 20:44:50.603 18977 19075 V AMSColorSensorImpl: internalInitialize()...
11-03 20:44:50.635 18977 19075 V AMSColorSensorImpl: state: 07 f6 ff ff 00 00 00 00 00 00 00 00 00 00 08 61 
11-03 20:44:50.636 18977 19075 V AMSColorSensorImpl: state| 00 01 60 33 0e 00 05 00 05 
11-03 20:44:50.651 18977 19075 V AMSColorSensorImpl: disable() enabled=0x07...
11-03 20:44:50.685 18977 19075 V AMSColorSensorImpl: ...disable() enabled=0x00
11-03 20:44:50.685 18977 19075 V AMSColorSensorImpl: setIntegrationTime(0xf6)
11-03 20:44:50.698 18977 19075 V AMSColorSensorImpl: setGain(GAIN_4)
11-03 20:44:50.726 18977 19075 V AMSColorSensorImpl: setPDrive(Percent12_5)
11-03 20:44:50.756 18977 19075 V AMSColorSensorImpl: setProximityPulseCount(0x08)
11-03 20:44:50.784 18977 19075 V AMSColorSensorImpl: enable() enabled=0x00...
11-03 20:44:50.833 18977 19075 V AMSColorSensorImpl: ...enable() enabled=0x07
11-03 20:44:50.850 18977 19075 V AMSColorSensorImpl: state: 07 f6 ff ff 00 00 00 00 00 00 00 00 00 00 08 61 
11-03 20:44:50.850 18977 19075 V AMSColorSensorImpl: state| 00 01 60 33 0e 00 05 00 05 
11-03 20:44:50.850 18977 19075 V AMSColorSensorImpl: ...internalInitialize()
11-03 20:44:50.911 18977 19075 W LynxPwmOutputController: LynxSetPWMEnableCommand not implemented by lynx hw; ignoring
11-03 20:44:50.917 18977 19075 W LynxPwmOutputController: LynxSetPWMConfigurationCommand not implemented by lynx hw; ignoring
11-03 20:44:50.922 18977 19075 W LynxPwmOutputController: LynxSetPWMEnableCommand not implemented by lynx hw; ignoring
11-03 20:44:50.927 18977 19075 W LynxPwmOutputController: LynxSetPWMConfigurationCommand not implemented by lynx hw; ignoring
11-03 20:44:50.931 18977 19075 W LynxPwmOutputController: LynxSetPWMEnableCommand not implemented by lynx hw; ignoring
11-03 20:44:50.935 18977 19075 W LynxPwmOutputController: LynxSetPWMConfigurationCommand not implemented by lynx hw; ignoring
11-03 20:44:50.941 18977 19075 W LynxPwmOutputController: LynxSetPWMEnableCommand not implemented by lynx hw; ignoring
11-03 20:44:50.946 18977 19075 W LynxPwmOutputController: LynxSetPWMConfigurationCommand not implemented by lynx hw; ignoring
11-03 20:44:50.947 18977 19075 V ThreadPool: container(0x02b6dea1: LinearOpMode) added id=673 TID=0 count=1
11-03 20:44:50.952 18977 19237 V RobotCore: thread: 'LinearOpMode main' starting...
11-03 20:44:50.974 18977 19063 V Robocol : sending CMD_NOTIFY_INIT_OP_MODE(4119), attempt: 0
11-03 20:44:59.024 18977 18977 I BatteryChecker: percent remaining: 81 is charging: false
11-03 20:45:02.498 18977 19054 V Robocol : received command: CMD_RUN_OP_MODE(13835) Relic Recovery TeleOps (Linear)
11-03 20:45:02.501 18977 19053 I BatteryChecker: percent remaining: 81 is charging: false
11-03 20:45:02.534 18977 19063 V Robocol : sending CMD_NOTIFY_RUN_OP_MODE(4237), attempt: 0
11-03 20:45:11.255 18977 18987 I art     : Background sticky concurrent mark sweep GC freed 438936(14MB) AllocSpace objects, 0(0B) LOS objects, 39% free, 22MB/37MB, paused 1.933ms total 121.562ms
11-03 20:45:14.200 18977 18977 I BatteryChecker: percent remaining: 81 is charging: false
11-03 20:45:14.278 18977 18977 I BatteryChecker: percent remaining: 81 is charging: false
11-03 20:45:39.723 18977 18987 I art     : Background sticky concurrent mark sweep GC freed 440920(14MB) AllocSpace objects, 0(0B) LOS objects, 39% free, 22MB/37MB, paused 1.816ms total 111.032ms
11-03 20:45:53.656 18977 18987 I art     : Background sticky concurrent mark sweep GC freed 440775(14MB) AllocSpace objects, 0(0B) LOS objects, 39% free, 22MB/37MB, paused 1.725ms total 102.781ms
11-03 20:46:07.535 18977 18987 I art     : Background sticky concurrent mark sweep GC freed 441113(14MB) AllocSpace objects, 0(0B) LOS objects, 39% free, 22MB/37MB, paused 1.681ms total 104.216ms
11-03 20:46:14.346 18977 18977 I BatteryChecker: percent remaining: 81 is charging: false
11-03 20:46:14.461 18977 18977 I BatteryChecker: percent remaining: 81 is charging: false
11-03 20:46:21.613 18977 18987 I art     : Background sticky concurrent mark sweep GC freed 440162(14MB) AllocSpace objects, 0(0B) LOS objects, 39% free, 22MB/37MB, paused 1.536ms total 100.947ms
11-03 20:46:49.701 18977 18987 I art     : Background sticky concurrent mark sweep GC freed 440488(14MB) AllocSpace objects, 0(0B) LOS objects, 39% free, 22MB/37MB, paused 1.912ms total 109.325ms
11-03 20:47:03.680 18977 18987 I art     : Background sticky concurrent mark sweep GC freed 440535(14MB) AllocSpace objects, 0(0B) LOS objects, 39% free, 22MB/37MB, paused 2.189ms total 101.635ms
11-03 20:47:04.459 18977 19054 V EventLoopManager: synthetic gamepad received: id=-2 user=ONE atRest=true 
11-03 20:47:07.745 18977 19054 V Robocol : received command: CMD_INIT_OP_MODE(19563) $Stop$Robot$
11-03 20:47:07.748 18977 19053 I BatteryChecker: percent remaining: 81 is charging: false
11-03 20:47:07.762 18977 19075 V ThreadPool: waiting for service user linear op mode
11-03 20:47:07.766 18977 19237 V RobotCore: thread: ...terminating 'LinearOpMode main'
11-03 20:47:07.767 18977 19237 V ThreadPool: container(0x02b6dea1: LinearOpMode) removed id=673 TID=19237 count=1
11-03 20:47:07.767 18977 19075 V ThreadPool: awaitTermination returned, isTerminated=true
11-03 20:47:07.767 18977 19075 V ThreadPool: executive service user linear op mode(0x02b6dea1) is terminated
11-03 20:47:07.767 18977 19075 I RobotCore: Attempting to switch to op mode $Stop$Robot$
11-03 20:47:07.814 18977 19063 V Robocol : sending CMD_NOTIFY_INIT_OP_MODE(10039), attempt: 0
11-03 20:47:07.908 18977 19054 V Robocol : received command: CMD_RUN_OP_MODE(19570) $Stop$Robot$
11-03 20:47:07.910 18977 19053 I BatteryChecker: percent remaining: 81 is charging: false
11-03 20:47:07.935 18977 19063 V Robocol : sending CMD_NOTIFY_RUN_OP_MODE(10045), attempt: 0
11-03 20:47:14.516 18977 18977 I BatteryChecker: percent remaining: 81 is charging: false
11-03 20:47:29.200 18977 19075 I RobotCore: robot battery read duration: n=10, mean=3.803ms sd=0.588ms
11-03 20:47:45.154 18977 18987 I art     : Background sticky concurrent mark sweep GC freed 453102(14MB) AllocSpace objects, 0(0B) LOS objects, 39% free, 22MB/37MB, paused 1.622ms total 103.933ms
11-03 20:47:59.026 18977 18977 I BatteryChecker: percent remaining: 81 is charging: false
11-03 20:48:14.697 18977 18977 I BatteryChecker: percent remaining: 80 is charging: false
11-03 20:48:14.773 18977 18977 I BatteryChecker: percent remaining: 80 is charging: false
11-03 20:48:34.241 18977 19056 E BulkPacketInWorker: DQ143RN2: bulkTransfer() error: -1
11-03 20:48:34.246 18977 18977 V FtDeviceManager: ACTION_USB_DEVICE_DETACHED: /dev/bus/usb/001/002
11-03 20:48:34.246 18977 18977 V FtDevice: vv********************DQ143RN2 closing********************vv 0x045e77a4
11-03 20:48:34.247 18977 18977 V FtDevice: DQ143RN2 stopping thread readBufferManager
11-03 20:48:34.247 18977 19057 V FtDevice: DQ143RN2 thread readBufferManager is stopped
11-03 20:48:34.248 18977 18977 V FtDevice: DQ143RN2 stopping thread bulkPacketInWorker
11-03 20:48:34.248 18977 19056 V FtDevice: DQ143RN2 thread bulkPacketInWorker is stopped
11-03 20:48:34.248 18977 18977 V MonitoredUsbDeviceConnection: closing UsbDeviceConnection(DQ143RN2)
11-03 20:48:34.248 18977 18977 D UsbDeviceConnectionJNI: close
11-03 20:48:34.248 18977 19060 V LynxUsb : device closed in incoming datagram loop
11-03 20:48:34.248 18977 18977 V FtDevice: ^^********************DQ143RN2 closed ********************^^
11-03 20:48:34.249 18977 19060 V RobotUsbDeviceFtdi: closing DQ143RN2
11-03 20:48:34.249 18977 19060 V RobotCore: thread: ...terminating 'lynx incoming datagrams'
11-03 20:48:34.245 19060 19060 W com.qualcomm.ftcrobotcontroller: type=1400 audit(0.0:8900): avc: denied { search } for uid=10133 comm=6C796E7820696E636F6D696E672064 name="usb" dev="tmpfs" ino=8192 scontext=u:r:untrusted_app:s0:c512,c768 tcontext=u:object_r:usb_device:s0 tclass=dir permissive=0
11-03 20:48:34.249 18977 19058 V ThreadPool: container(0x0b146637: WatchdogMonitor) removed id=627 TID=19058 count=1
11-03 20:48:34.250 18977 19075 D RobotCore: system telemetry: key=$System$Warning$ msg="REV Robotics USB Expansion Hub Portal [DQ143RN2] detached"
11-03 20:48:34.251 18977 19075 V RobotCore: event loop: device has shutdown abnormally: ABNORMAL
11-03 20:48:34.251 18977 19075 V EventLoopManager: event loop: detaching device DQ143RN2
11-03 20:48:34.251 18977 19075 I FtcEventLoop: vv===== MODULE DETACH RECOVERY: disarm REV Robotics USB Expansion Hub Portal [DQ143RN2]=====vv
11-03 20:48:34.252 18977 19075 V LynxUsb : disarmDevice() serial=DQ143RN2...
11-03 20:48:34.252 18977 19075 V LynxUsb : shutting down incoming datagrams
11-03 20:48:34.252 18977 19075 V ThreadPool: waiting for service Lynx incoming datagram poller
11-03 20:48:34.253 18977 19060 V ThreadPool: container(0x005bd0c2: lynx dg poller) removed id=628 TID=19060 count=1
11-03 20:48:34.254 18977 19075 V ThreadPool: awaitTermination returned, isTerminated=true
11-03 20:48:34.254 18977 19075 V ThreadPool: executive service Lynx incoming datagram poller(0x005bd0c2) is terminated
11-03 20:48:34.254 18977 19075 V RobotUsbDeviceFtdi: closing DQ143RN2
11-03 20:48:34.254 18977 19075 V LynxUsb : ...done disarmDevice()
11-03 20:48:34.255 18977 19075 I FtcEventLoop: ======= MODULE DETACH RECOVERY: pretend REV Robotics USB Expansion Hub Portal [DQ143RN2]=======
11-03 20:48:34.255 18977 19075 V LynxUsb : doPretend() serial=DQ143RN2
11-03 20:48:34.255 18977 19075 I FtcEventLoop: ^^===== MODULE DETACH RECOVERY: complete REV Robotics USB Expansion Hub Portal [DQ143RN2]=====^^
11-03 20:48:34.285 18977 19067 D MediaPlayer: setSubtitleAnchor in MediaPlayer
11-03 20:48:34.285 18977 18977 D MediaPlayer: setSubtitleAnchor in MediaPlayer
11-03 20:48:34.287 18977 18977 E MediaPlayer: invoke failed: wrong state 8
11-03 20:48:34.287 18977 18977 W MediaPlayer: mediaplayer went away with unhandled events
11-03 20:48:34.304 18977 19065 D ExtendedUtils: extended extractor not needed, return default
11-03 20:48:34.305 18977 19065 I MediaCodec: (0xb8d7a5b8) init name(audio/raw) isType(1) encoder(0)
11-03 20:48:34.307 18977 19249 I OMXClient: Using client-side OMX mux.
11-03 20:48:34.318 18977 19249 E OMXMaster: A component of name 'OMX.qcom.audio.decoder.aac' already exists, ignoring this one.
11-03 20:48:34.324 18977 19249 I MediaCodec: (0xb8d7a5b8) Component Allocated (OMX.google.raw.decoder)
11-03 20:48:34.324 18977 19065 I MediaCodec: (0xb8d7a5b8) configure surface(0x0) crypto(0x0) flags(0)
11-03 20:48:34.324 18977 19065 D MediaCodec: (0xb8d7a5b8) configure format: AMessage(what = 0x00000000) = {
11-03 20:48:34.324 18977 19065 D MediaCodec:    string mime = "audio/raw"
11-03 20:48:34.324 18977 19065 D MediaCodec:    int64_t durationUs = 1043650
11-03 20:48:34.324 18977 19065 D MediaCodec:    int32_t channel-count = 2
11-03 20:48:34.324 18977 19065 D MediaCodec:    int32_t sample-rate = 44100
11-03 20:48:34.324 18977 19065 D MediaCodec:    int32_t channel-mask = 0
11-03 20:48:34.324 18977 19065 D MediaCodec:  }
11-03 20:48:34.325 18977 19065 I MediaCodec: (0xb8d7a5b8) start
11-03 20:48:34.326 18977 19249 I MediaCodec: (0xb8d7a5b8) input buffers allocated
11-03 20:48:34.326 18977 19249 I MediaCodec: (0xb8d7a5b8) numBuffers (4)
11-03 20:48:34.326 18977 19249 I MediaCodec: (0xb8d7a5b8) output buffers allocated
11-03 20:48:34.326 18977 19249 I MediaCodec: (0xb8d7a5b8) numBuffers (4)
11-03 20:48:34.328 18977 19249 I MediaCodec: (0xb8d7a5b8) codec output format changed
11-03 20:48:34.328 18977 19249 D MediaCodec: (0xb8d7a5b8) output format: AMessage(what = 'codc', target = 10) = {
11-03 20:48:34.328 18977 19249 D MediaCodec:    string mime = "audio/raw"
11-03 20:48:34.328 18977 19249 D MediaCodec:    int32_t channel-count = 2
11-03 20:48:34.328 18977 19249 D MediaCodec:    int32_t sample-rate = 44100
11-03 20:48:34.328 18977 19249 D MediaCodec:    int32_t channel-mask = 0
11-03 20:48:34.328 18977 19249 D MediaCodec:    int32_t what = 1869968451
11-03 20:48:34.328 18977 19249 D MediaCodec:  }
11-03 20:48:34.340 18977 19065 I MediaCodec: (0xb8d7a5b8) stop
11-03 20:48:34.342 18977 19065 I MediaCodec: (0xb8d7a5b8) release
11-03 20:48:34.346 18977 19067 W AudioTrack: AUDIO_OUTPUT_FLAG_FAST denied by client; transfer 4, track 44100 Hz, output 48000 Hz
11-03 20:48:34.437 18977 18977 I BatteryChecker: percent remaining: 80 is charging: false
11-03 20:49:07.300 18977 19054 V EventLoopManager: synthetic gamepad received: id=-2 user=TWO atRest=true 
11-03 20:49:07.300 18977 19054 V Robocol : received command: CMD_INIT_OP_MODE(21227) $Stop$Robot$
11-03 20:49:07.302 18977 19053 I BatteryChecker: percent remaining: 80 is charging: false
11-03 20:49:07.304 18977 19075 I RobotCore: Attempting to switch to op mode $Stop$Robot$
11-03 20:49:07.335 18977 19063 V Robocol : sending CMD_NOTIFY_INIT_OP_MODE(11796), attempt: 0
11-03 20:49:07.378 18977 19054 V Robocol : received command: CMD_RUN_OP_MODE(21235) $Stop$Robot$
11-03 20:49:07.380 18977 19053 I BatteryChecker: percent remaining: 80 is charging: false
11-03 20:49:07.414 18977 19063 V Robocol : sending CMD_NOTIFY_RUN_OP_MODE(11801), attempt: 0
11-03 20:49:34.540 18977 18977 I BatteryChecker: percent remaining: 80 is charging: false
11-03 20:49:49.797 18977 18977 I BatteryChecker: percent remaining: 80 is charging: false
11-03 20:50:29.455 18977 19075 I RobotCore: robot battery read duration: n=10, mean=3.990ms sd=0.768ms
