11-03 16:45:03.993  7220  7270 V LynxModule: sendLEDPatternSteps(): #steps=6
11-03 16:45:03.997  7220  7387 V LynxModule: received status: LynxGetModuleStatusResponse(status=0x05 alerts=0x00: KeepAliveTimeout|FailSafe)
11-03 16:45:03.997  7220  7387 V LynxModule: resendCurrentPattern()
11-03 16:45:03.997  7220  7387 V LynxModule: sendLEDPatternSteps(): #steps=6
11-03 16:45:04.014  7220  7270 V LynxMotor: initializeHardware() mod#=2
11-03 16:45:04.135  7220  7270 V RobotCore: DcMotorImpl(type=NeveRest40Gearmotor)
11-03 16:45:04.135  7220  7270 V RobotCore: DcMotorImpl(type=NeveRest40Gearmotor)
11-03 16:45:04.136  7220  7270 V LynxServoController: initializeHardware() mod#=2
11-03 16:45:04.187  7220  7270 V LynxVoltageSensor: initializeHardware() mod#=2
11-03 16:45:04.188  7220  7270 V LynxPwmOutputController: initializeHardware() mod#=2
11-03 16:45:04.193  7220  7270 W LynxPwmOutputController: LynxSetPWMEnableCommand not implemented by lynx hw; ignoring
11-03 16:45:04.198  7220  7270 W LynxPwmOutputController: LynxSetPWMConfigurationCommand not implemented by lynx hw; ignoring
11-03 16:45:04.201  7220  7270 W LynxPwmOutputController: LynxSetPWMEnableCommand not implemented by lynx hw; ignoring
11-03 16:45:04.207  7220  7270 W LynxPwmOutputController: LynxSetPWMConfigurationCommand not implemented by lynx hw; ignoring
11-03 16:45:04.212  7220  7270 W LynxPwmOutputController: LynxSetPWMEnableCommand not implemented by lynx hw; ignoring
11-03 16:45:04.217  7220  7270 W LynxPwmOutputController: LynxSetPWMConfigurationCommand not implemented by lynx hw; ignoring
11-03 16:45:04.222  7220  7270 W LynxPwmOutputController: LynxSetPWMEnableCommand not implemented by lynx hw; ignoring
11-03 16:45:04.227  7220  7270 W LynxPwmOutputController: LynxSetPWMConfigurationCommand not implemented by lynx hw; ignoring
11-03 16:45:04.227  7220  7270 V LynxAnalogInputController: initializeHardware() mod#=2
11-03 16:45:04.227  7220  7270 V LynxDigitalChannelController: initializeHardware() mod#=2
11-03 16:45:04.260  7220  7270 V RobotCore: Creating Lynx Color/Range Sensor - mod=2 bus=1
11-03 16:45:04.260  7220  7270 I RobotCore: LynxFirmwareVersionManager: LynxI2cDeviceSynchV1
11-03 16:45:04.260  7220  7270 V LynxI2cDeviceSynch: initializeHardware() mod#=2
11-03 16:45:04.261  7220  7270 V AMSColorSensorImpl: internalInitialize()...
11-03 16:45:04.293  7220  7270 V AMSColorSensorImpl: state: 07 f6 ff ff 00 00 00 00 00 00 00 00 00 00 08 61 
11-03 16:45:04.294  7220  7270 V AMSColorSensorImpl: state| 00 01 60 33 26 00 0d 00 0e 
11-03 16:45:04.310  7220  7270 V AMSColorSensorImpl: disable() enabled=0x07...
11-03 16:45:04.344  7220  7270 V AMSColorSensorImpl: ...disable() enabled=0x00
11-03 16:45:04.344  7220  7270 V AMSColorSensorImpl: setIntegrationTime(0xf6)
11-03 16:45:04.357  7220  7270 V AMSColorSensorImpl: setGain(GAIN_4)
11-03 16:45:04.384  7220  7270 V AMSColorSensorImpl: setPDrive(Percent12_5)
11-03 16:45:04.414  7220  7270 V AMSColorSensorImpl: setProximityPulseCount(0x08)
11-03 16:45:04.441  7220  7270 V AMSColorSensorImpl: enable() enabled=0x00...
11-03 16:45:04.486  7220  7270 V AMSColorSensorImpl: ...enable() enabled=0x07
11-03 16:45:04.509  7220  7270 V AMSColorSensorImpl: state: 07 f6 ff ff 00 00 00 00 00 00 00 00 00 00 08 61 
11-03 16:45:04.509  7220  7270 V AMSColorSensorImpl: state| 00 01 60 33 27 00 0d 00 0e 
11-03 16:45:04.509  7220  7270 V AMSColorSensorImpl: ...internalInitialize()
11-03 16:45:04.509  7220  7270 V LynxI2cDeviceSynch: engaging mod#=2
11-03 16:45:04.510  7220  7270 V LynxMotor: initializeHardware() mod#=3
11-03 16:45:04.582  7220  7270 V RobotCore: DcMotorImpl(type=NeveRest40Gearmotor)
11-03 16:45:04.582  7220  7270 V RobotCore: DcMotorImpl(type=NeveRest40Gearmotor)
11-03 16:45:04.582  7220  7270 V RobotCore: DcMotorImpl(type=NeveRest40Gearmotor)
11-03 16:45:04.582  7220  7270 V RobotCore: DcMotorImpl(type=NeveRest40Gearmotor)
11-03 16:45:04.583  7220  7270 V LynxServoController: initializeHardware() mod#=3
11-03 16:45:04.613  7220  7270 V LynxVoltageSensor: initializeHardware() mod#=3
11-03 16:45:04.613  7220  7270 V LynxPwmOutputController: initializeHardware() mod#=3
11-03 16:45:04.617  7220  7270 W LynxPwmOutputController: LynxSetPWMEnableCommand not implemented by lynx hw; ignoring
11-03 16:45:04.621  7220  7270 W LynxPwmOutputController: LynxSetPWMConfigurationCommand not implemented by lynx hw; ignoring
11-03 16:45:04.625  7220  7270 W LynxPwmOutputController: LynxSetPWMEnableCommand not implemented by lynx hw; ignoring
11-03 16:45:04.628  7220  7270 W LynxPwmOutputController: LynxSetPWMConfigurationCommand not implemented by lynx hw; ignoring
11-03 16:45:04.633  7220  7270 W LynxPwmOutputController: LynxSetPWMEnableCommand not implemented by lynx hw; ignoring
11-03 16:45:04.637  7220  7270 W LynxPwmOutputController: LynxSetPWMConfigurationCommand not implemented by lynx hw; ignoring
11-03 16:45:04.641  7220  7270 W LynxPwmOutputController: LynxSetPWMEnableCommand not implemented by lynx hw; ignoring
11-03 16:45:04.644  7220  7270 W LynxPwmOutputController: LynxSetPWMConfigurationCommand not implemented by lynx hw; ignoring
11-03 16:45:04.645  7220  7270 V LynxAnalogInputController: initializeHardware() mod#=3
11-03 16:45:04.645  7220  7270 V LynxDigitalChannelController: initializeHardware() mod#=3
11-03 16:45:04.670  7220  7270 V RobotCore: Creating user sensor REV Expansion Hub IMU - on Lynx module=3 bus=0
11-03 16:45:04.670  7220  7270 V RobotCore: Creating I2cDeviceSynch (Lynx) - mod=3 bus=0
11-03 16:45:04.670  7220  7270 I RobotCore: LynxFirmwareVersionManager: LynxI2cDeviceSynchV1
11-03 16:45:04.670  7220  7270 V LynxI2cDeviceSynch: initializeHardware() mod#=3
11-03 16:45:04.671  7220  7270 I RobotCore: ========= Device Information ===================================================
11-03 16:45:04.671  7220  7270 I RobotCore: Type                                               Name                           Connection
11-03 16:45:04.672  7220  7270 I RobotCore: Motor                                              rr                             USB DQ143RN2; module 3; port 3
11-03 16:45:04.672  7220  7270 I RobotCore: Motor                                              glyphLift                      USB DQ143RN2; module 2; port 0
11-03 16:45:04.672  7220  7270 I RobotCore: Servo                                              lowerRightGripper              USB DQ143RN2; module 2; port 3
11-03 16:45:04.672  7220  7270 I RobotCore: Motor                                              lr                             USB DQ143RN2; module 3; port 2
11-03 16:45:04.672  7220  7270 I RobotCore: REV Robotics USB Expansion Hub Portal              Expansion Hub Portal 1         USB DQ143RN2
11-03 16:45:04.673  7220  7270 I RobotCore: Servo                                              longArm                        USB DQ143RN2; module 2; port 5
11-03 16:45:04.673  7220  7270 I RobotCore: Servo                                              upperLeftGripper               USB DQ143RN2; module 2; port 0
11-03 16:45:04.673  7220  7270 I RobotCore: Motor                                              led                            USB DQ143RN2; module 2; port 3
11-03 16:45:04.673  7220  7270 I RobotCore: Expansion Hub DC Motor Controller                  Expansion Hub 3                USB DQ143RN2; module 3
11-03 16:45:04.673  7220  7270 I RobotCore: Expansion Hub Servo Controller                     Expansion Hub 3                USB DQ143RN2; module 3
11-03 16:45:04.674  7220  7270 I RobotCore: Expansion Hub Voltage Sensor                       Expansion Hub 3                USB DQ143RN2; module 3
11-03 16:45:04.674  7220  7270 I RobotCore: Expansion Hub Pwm Controller                       Expansion Hub 3                USB DQ143RN2; module 3
11-03 16:45:04.674  7220  7270 I RobotCore: Expansion Hub Analog Input Controller              Expansion Hub 3                USB DQ143RN2; module 3
11-03 16:45:04.674  7220  7270 I RobotCore: Expansion Hub Digital Channel Controller           Expansion Hub 3                USB DQ143RN2; module 3
11-03 16:45:04.678  7220  7270 I RobotCore: Expansion Hub (HW: 20, Maj: 1, Min: 6, Eng: 0)     Expansion Hub 3                USB DQ143RN2; module 3
11-03 16:45:04.678  7220  7270 I RobotCore: Expansion Hub DC Motor Controller                  Expansion Hub 2                USB DQ143RN2; module 2
11-03 16:45:04.679  7220  7270 I RobotCore: Expansion Hub Servo Controller                     Expansion Hub 2                USB DQ143RN2; module 2
11-03 16:45:04.679  7220  7270 I RobotCore: Expansion Hub Voltage Sensor                       Expansion Hub 2                USB DQ143RN2; module 2
11-03 16:45:04.679  7220  7270 I RobotCore: Expansion Hub Pwm Controller                       Expansion Hub 2                USB DQ143RN2; module 2
11-03 16:45:04.679  7220  7270 I RobotCore: Expansion Hub Analog Input Controller              Expansion Hub 2                USB DQ143RN2; module 2
11-03 16:45:04.679  7220  7270 I RobotCore: Expansion Hub Digital Channel Controller           Expansion Hub 2                USB DQ143RN2; module 2
11-03 16:45:04.685  7220  7270 I RobotCore: Expansion Hub (HW: 20, Maj: 1, Min: 6, Eng: 0)     Expansion Hub 2                USB DQ143RN2; module 2
11-03 16:45:04.685  7220  7270 I RobotCore: REV Expansion Hub IMU                              imu                            USB DQ143RN2; module 3; bus 0; addr7=0x00
11-03 16:45:04.686  7220  7270 I RobotCore: Servo                                              upperRightGripper              USB DQ143RN2; module 2; port 1
11-03 16:45:04.686  7220  7270 I RobotCore: Motor                                              rf                             USB DQ143RN2; module 3; port 1
11-03 16:45:04.686  7220  7270 I RobotCore: Servo                                              shortArm                       USB DQ143RN2; module 2; port 4
11-03 16:45:04.686  7220  7270 I RobotCore: Servo                                              glyphHolder                    USB DQ143RN2; module 3; port 0
11-03 16:45:04.686  7220  7270 I RobotCore: REV Color/Range Sensor                             jewelColor                     USB DQ143RN2; module 2; bus 1; addr7=0x39
11-03 16:45:04.686  7220  7270 I RobotCore: Motor                                              lf                             USB DQ143RN2; module 3; port 0
11-03 16:45:04.687  7220  7270 I RobotCore: Servo                                              lowerLeftGripper               USB DQ143RN2; module 2; port 2
11-03 16:45:04.687  7220  7270 I FtcEventLoop: ======= INIT FINISH =======
11-03 16:45:04.687  7220  7270 V RobotCore: EventLoopManager state is RUNNING
11-03 16:45:04.687  7220  7270 V RobotCore: Robot Status: running, starting robot
11-03 16:45:04.690  7220  7270 V RobotCore: Robot Status: running
11-03 16:45:04.691  7220  7270 V ThreadPool: container(0x0ef36a66: executorEventLoop) added id=595 TID=0 count=1
11-03 16:45:04.692  7220  7270 V RobotCore: thread: ...terminating 'RobotSetupRunnable.run()'
11-03 16:45:04.694  7220  7388 V RobotCore: thread: 'opmode loop()' starting...
11-03 16:45:04.707  7220  7291 V Robocol : sending CMD_NOTIFY_ROBOT_STATE(1252), attempt: 0
11-03 16:45:05.200  7220  7388 V ThreadPool: container(0x038471e2: OpModeStuckCodeMonitor) added id=596 TID=0 count=1
11-03 16:45:05.201  7220  7388 I RobotCore: Attempting to switch to op mode $Stop$Robot$
11-03 16:45:05.267  7220  7291 V Robocol : sending CMD_NOTIFY_INIT_OP_MODE(1262), attempt: 0
11-03 16:45:05.465  7220  7388 I RobotCore: robot battery read duration: n=2, mean=4.138ms sd=0.701ms
11-03 16:45:08.569  7220  7220 I BatteryChecker: percent remaining: 100 is charging: false
11-03 16:45:22.245  7220  7286 V Robocol : received command: CMD_INIT_OP_MODE(11327) $Stop$Robot$
11-03 16:45:22.246  7220  7285 I BatteryChecker: percent remaining: 100 is charging: false
11-03 16:45:22.256  7220  7388 I RobotCore: Attempting to switch to op mode $Stop$Robot$
11-03 16:45:22.307  7220  7291 V Robocol : sending CMD_NOTIFY_INIT_OP_MODE(1497), attempt: 0
11-03 16:45:26.188  7220  7220 I BatteryChecker: percent remaining: 99 is charging: false
11-03 16:45:26.241  7220  7220 I BatteryChecker: percent remaining: 99 is charging: false
11-03 16:45:33.532  7220  7381 V ThreadPool: container(0x091546e4: default threadpool) removed id=588 TID=7381 count=2
11-03 16:45:34.693  7220  7270 V ThreadPool: container(0x091546e4: default threadpool) removed id=536 TID=7270 count=1
11-03 16:45:39.965  7220  7286 V Robocol : received command: CMD_INIT_OP_MODE(11553) Relic Recovery TeleOps (Linear)
11-03 16:45:39.967  7220  7285 I BatteryChecker: percent remaining: 99 is charging: false
11-03 16:45:39.984  7220  7388 I RobotCore: Attempting to switch to op mode Relic Recovery TeleOps (Linear)
11-03 16:45:40.005  7220  7388 V AMSColorSensorImpl: internalInitialize()...
11-03 16:45:40.039  7220  7388 V AMSColorSensorImpl: state: 07 f6 ff ff 00 00 00 00 00 00 00 00 00 00 08 61 
11-03 16:45:40.039  7220  7388 V AMSColorSensorImpl: state| 00 01 60 33 24 00 0c 00 0d 
11-03 16:45:40.054  7220  7388 V AMSColorSensorImpl: disable() enabled=0x07...
11-03 16:45:40.086  7220  7388 V AMSColorSensorImpl: ...disable() enabled=0x00
11-03 16:45:40.086  7220  7388 V AMSColorSensorImpl: setIntegrationTime(0xf6)
11-03 16:45:40.100  7220  7388 V AMSColorSensorImpl: setGain(GAIN_4)
11-03 16:45:40.129  7220  7388 V AMSColorSensorImpl: setPDrive(Percent12_5)
11-03 16:45:40.157  7220  7388 V AMSColorSensorImpl: setProximityPulseCount(0x08)
11-03 16:45:40.189  7220  7388 V AMSColorSensorImpl: enable() enabled=0x00...
11-03 16:45:40.240  7220  7388 V AMSColorSensorImpl: ...enable() enabled=0x07
11-03 16:45:40.257  7220  7388 V AMSColorSensorImpl: state: 07 f6 ff ff 00 00 00 00 00 00 00 00 00 00 08 61 
11-03 16:45:40.257  7220  7388 V AMSColorSensorImpl: state| 00 01 60 33 24 00 0c 00 0d 
11-03 16:45:40.257  7220  7388 V AMSColorSensorImpl: ...internalInitialize()
11-03 16:45:40.261  7220  7388 W LynxPwmOutputController: LynxSetPWMEnableCommand not implemented by lynx hw; ignoring
11-03 16:45:40.264  7220  7388 W LynxPwmOutputController: LynxSetPWMConfigurationCommand not implemented by lynx hw; ignoring
11-03 16:45:40.269  7220  7388 W LynxPwmOutputController: LynxSetPWMEnableCommand not implemented by lynx hw; ignoring
11-03 16:45:40.273  7220  7388 W LynxPwmOutputController: LynxSetPWMConfigurationCommand not implemented by lynx hw; ignoring
11-03 16:45:40.277  7220  7388 W LynxPwmOutputController: LynxSetPWMEnableCommand not implemented by lynx hw; ignoring
11-03 16:45:40.281  7220  7388 W LynxPwmOutputController: LynxSetPWMConfigurationCommand not implemented by lynx hw; ignoring
11-03 16:45:40.284  7220  7388 W LynxPwmOutputController: LynxSetPWMEnableCommand not implemented by lynx hw; ignoring
11-03 16:45:40.289  7220  7388 W LynxPwmOutputController: LynxSetPWMConfigurationCommand not implemented by lynx hw; ignoring
11-03 16:45:40.294  7220  7388 W LynxPwmOutputController: LynxSetPWMEnableCommand not implemented by lynx hw; ignoring
11-03 16:45:40.300  7220  7388 W LynxPwmOutputController: LynxSetPWMConfigurationCommand not implemented by lynx hw; ignoring
11-03 16:45:40.305  7220  7388 W LynxPwmOutputController: LynxSetPWMEnableCommand not implemented by lynx hw; ignoring
11-03 16:45:40.310  7220  7388 W LynxPwmOutputController: LynxSetPWMConfigurationCommand not implemented by lynx hw; ignoring
11-03 16:45:40.315  7220  7388 W LynxPwmOutputController: LynxSetPWMEnableCommand not implemented by lynx hw; ignoring
11-03 16:45:40.320  7220  7388 W LynxPwmOutputController: LynxSetPWMConfigurationCommand not implemented by lynx hw; ignoring
11-03 16:45:40.325  7220  7388 W LynxPwmOutputController: LynxSetPWMEnableCommand not implemented by lynx hw; ignoring
11-03 16:45:40.330  7220  7388 W LynxPwmOutputController: LynxSetPWMConfigurationCommand not implemented by lynx hw; ignoring
11-03 16:45:40.647  7220  7388 V ThreadPool: container(0x08bbc6f2: LinearOpMode) added id=597 TID=0 count=1
11-03 16:45:40.653  7220  7395 V RobotCore: thread: 'LinearOpMode main' starting...
11-03 16:45:40.667  7220  7291 V Robocol : sending CMD_NOTIFY_INIT_OP_MODE(1747), attempt: 0
11-03 16:45:43.324  7220  7286 V Robocol : received command: CMD_INIT_OP_MODE(11589) $Stop$Robot$
11-03 16:45:43.326  7220  7285 I BatteryChecker: percent remaining: 99 is charging: false
11-03 16:45:43.335  7220  7388 V ThreadPool: waiting for service user linear op mode
11-03 16:45:43.336  7220  7395 V RobotCore: thread: ...terminating 'LinearOpMode main'
11-03 16:45:43.337  7220  7395 V ThreadPool: container(0x08bbc6f2: LinearOpMode) removed id=597 TID=7395 count=1
11-03 16:45:43.337  7220  7388 V ThreadPool: awaitTermination returned, isTerminated=true
11-03 16:45:43.337  7220  7388 V ThreadPool: executive service user linear op mode(0x08bbc6f2) is terminated
11-03 16:45:43.337  7220  7388 I RobotCore: Attempting to switch to op mode $Stop$Robot$
11-03 16:45:43.387  7220  7291 V Robocol : sending CMD_NOTIFY_INIT_OP_MODE(1781), attempt: 0
11-03 16:45:43.405  7220  7286 V Robocol : received command: CMD_RUN_OP_MODE(11594) $Stop$Robot$
11-03 16:45:43.406  7220  7285 I BatteryChecker: percent remaining: 99 is charging: false
11-03 16:45:43.427  7220  7291 V Robocol : sending CMD_NOTIFY_RUN_OP_MODE(1787), attempt: 0
11-03 16:45:45.325  7220  7286 V Robocol : received command: CMD_INIT_OP_MODE(11622) $Stop$Robot$
11-03 16:45:45.327  7220  7285 I BatteryChecker: percent remaining: 99 is charging: false
11-03 16:45:45.337  7220  7388 I RobotCore: Attempting to switch to op mode $Stop$Robot$
11-03 16:45:45.387  7220  7291 V Robocol : sending CMD_NOTIFY_INIT_OP_MODE(1819), attempt: 0
11-03 16:45:45.405  7220  7286 V Robocol : received command: CMD_RUN_OP_MODE(11628) $Stop$Robot$
11-03 16:45:45.406  7220  7285 I BatteryChecker: percent remaining: 99 is charging: false
11-03 16:45:45.427  7220  7291 V Robocol : sending CMD_NOTIFY_RUN_OP_MODE(1824), attempt: 0
11-03 16:45:50.525  7220  7286 V Robocol : received command: CMD_INIT_OP_MODE(11696) $Stop$Robot$
11-03 16:45:50.527  7220  7285 I BatteryChecker: percent remaining: 99 is charging: false
11-03 16:45:50.537  7220  7388 I RobotCore: Attempting to switch to op mode $Stop$Robot$
11-03 16:45:50.587  7220  7291 V Robocol : sending CMD_NOTIFY_INIT_OP_MODE(1900), attempt: 0
11-03 16:45:50.644  7220  7286 V Robocol : received command: CMD_RUN_OP_MODE(11702) $Stop$Robot$
11-03 16:45:50.645  7220  7285 I BatteryChecker: percent remaining: 99 is charging: false
11-03 16:45:50.667  7220  7291 V Robocol : sending CMD_NOTIFY_RUN_OP_MODE(1906), attempt: 0
11-03 16:45:56.644  7220  7286 V Robocol : received command: CMD_INIT_OP_MODE(11779) Relic Recovery TeleOps (Linear)
11-03 16:45:56.656  7220  7285 I BatteryChecker: percent remaining: 99 is charging: false
11-03 16:45:56.668  7220  7388 I RobotCore: Attempting to switch to op mode Relic Recovery TeleOps (Linear)
11-03 16:45:56.693  7220  7388 V AMSColorSensorImpl: internalInitialize()...
11-03 16:45:56.726  7220  7388 V AMSColorSensorImpl: state: 07 f6 ff ff 00 00 00 00 00 00 00 00 00 00 08 61 
11-03 16:45:56.727  7220  7388 V AMSColorSensorImpl: state| 00 01 60 33 13 00 06 00 07 
11-03 16:45:56.744  7220  7388 V AMSColorSensorImpl: disable() enabled=0x07...
11-03 16:45:56.777  7220  7388 V AMSColorSensorImpl: ...disable() enabled=0x00
11-03 16:45:56.777  7220  7388 V AMSColorSensorImpl: setIntegrationTime(0xf6)
11-03 16:45:56.790  7220  7388 V AMSColorSensorImpl: setGain(GAIN_4)
11-03 16:45:56.815  7220  7388 V AMSColorSensorImpl: setPDrive(Percent12_5)
11-03 16:45:56.845  7220  7388 V AMSColorSensorImpl: setProximityPulseCount(0x08)
11-03 16:45:56.873  7220  7388 V AMSColorSensorImpl: enable() enabled=0x00...
11-03 16:45:56.918  7220  7388 V AMSColorSensorImpl: ...enable() enabled=0x07
11-03 16:45:56.939  7220  7388 V AMSColorSensorImpl: state: 07 f6 ff ff 00 00 00 00 00 00 00 00 00 00 08 61 
11-03 16:45:56.940  7220  7388 V AMSColorSensorImpl: state| 00 01 60 33 13 00 06 00 07 
11-03 16:45:56.940  7220  7388 V AMSColorSensorImpl: ...internalInitialize()
11-03 16:45:56.944  7220  7388 W LynxPwmOutputController: LynxSetPWMEnableCommand not implemented by lynx hw; ignoring
11-03 16:45:56.948  7220  7388 W LynxPwmOutputController: LynxSetPWMConfigurationCommand not implemented by lynx hw; ignoring
11-03 16:45:56.953  7220  7388 W LynxPwmOutputController: LynxSetPWMEnableCommand not implemented by lynx hw; ignoring
11-03 16:45:56.957  7220  7388 W LynxPwmOutputController: LynxSetPWMConfigurationCommand not implemented by lynx hw; ignoring
11-03 16:45:56.960  7220  7388 W LynxPwmOutputController: LynxSetPWMEnableCommand not implemented by lynx hw; ignoring
11-03 16:45:56.965  7220  7388 W LynxPwmOutputController: LynxSetPWMConfigurationCommand not implemented by lynx hw; ignoring
11-03 16:45:56.969  7220  7388 W LynxPwmOutputController: LynxSetPWMEnableCommand not implemented by lynx hw; ignoring
11-03 16:45:56.972  7220  7388 W LynxPwmOutputController: LynxSetPWMConfigurationCommand not implemented by lynx hw; ignoring
11-03 16:45:56.977  7220  7388 W LynxPwmOutputController: LynxSetPWMEnableCommand not implemented by lynx hw; ignoring
11-03 16:45:56.982  7220  7388 W LynxPwmOutputController: LynxSetPWMConfigurationCommand not implemented by lynx hw; ignoring
11-03 16:45:56.986  7220  7388 W LynxPwmOutputController: LynxSetPWMEnableCommand not implemented by lynx hw; ignoring
11-03 16:45:56.992  7220  7388 W LynxPwmOutputController: LynxSetPWMConfigurationCommand not implemented by lynx hw; ignoring
11-03 16:45:56.997  7220  7388 W LynxPwmOutputController: LynxSetPWMEnableCommand not implemented by lynx hw; ignoring
11-03 16:45:57.002  7220  7388 W LynxPwmOutputController: LynxSetPWMConfigurationCommand not implemented by lynx hw; ignoring
11-03 16:45:57.007  7220  7388 W LynxPwmOutputController: LynxSetPWMEnableCommand not implemented by lynx hw; ignoring
11-03 16:45:57.012  7220  7388 W LynxPwmOutputController: LynxSetPWMConfigurationCommand not implemented by lynx hw; ignoring
11-03 16:45:57.336  7220  7388 V ThreadPool: container(0x07b243c0: LinearOpMode) added id=598 TID=0 count=1
11-03 16:45:57.340  7220  7396 V RobotCore: thread: 'LinearOpMode main' starting...
11-03 16:45:57.347  7220  7291 V Robocol : sending CMD_NOTIFY_INIT_OP_MODE(2000), attempt: 0
11-03 16:45:59.013  7220  7286 V Robocol : received command: CMD_RUN_OP_MODE(11806) Relic Recovery TeleOps (Linear)
11-03 16:45:59.015  7220  7285 I BatteryChecker: percent remaining: 99 is charging: false
11-03 16:45:59.027  7220  7291 V Robocol : sending CMD_NOTIFY_RUN_OP_MODE(2021), attempt: 0
11-03 16:46:12.500  7220  7230 I art     : Background partial concurrent mark sweep GC freed 279133(9MB) AllocSpace objects, 2(44KB) LOS objects, 39% free, 14MB/24MB, paused 2.165ms total 107.024ms
11-03 16:46:25.344  7220  7286 E Robocol : exception SocketTimeoutException(null): no packet received [libcore.io.IoBridge.maybeThrowAfterRecvfrom(IoBridge.java:594)]
11-03 16:46:26.307  7220  7220 I BatteryChecker: percent remaining: 99 is charging: false
11-03 16:46:32.284  7220  7286 V Robocol : received command: CMD_INIT_OP_MODE(12348) $Stop$Robot$
11-03 16:46:32.285  7220  7285 I BatteryChecker: percent remaining: 99 is charging: false
11-03 16:46:32.298  7220  7388 V ThreadPool: waiting for service user linear op mode
11-03 16:46:32.300  7220  7396 V RobotCore: thread: ...terminating 'LinearOpMode main'
11-03 16:46:32.301  7220  7396 V ThreadPool: container(0x07b243c0: LinearOpMode) removed id=598 TID=7396 count=1
11-03 16:46:32.301  7220  7388 V ThreadPool: awaitTermination returned, isTerminated=true
11-03 16:46:32.301  7220  7388 V ThreadPool: executive service user linear op mode(0x07b243c0) is terminated
11-03 16:46:32.301  7220  7388 I RobotCore: Attempting to switch to op mode $Stop$Robot$
11-03 16:46:32.307  7220  7291 V Robocol : sending CMD_NOTIFY_INIT_OP_MODE(2594), attempt: 0
11-03 16:46:32.407  7220  7286 V Robocol : received command: CMD_RUN_OP_MODE(12355) $Stop$Robot$
11-03 16:46:32.409  7220  7285 I BatteryChecker: percent remaining: 99 is charging: false
11-03 16:46:32.427  7220  7291 V Robocol : sending CMD_NOTIFY_RUN_OP_MODE(2600), attempt: 0
11-03 16:46:38.085  7220  7286 V Robocol : received command: CMD_INIT_OP_MODE(12550) $Stop$Robot$
11-03 16:46:38.087  7220  7285 I BatteryChecker: percent remaining: 99 is charging: false
11-03 16:46:38.096  7220  7388 I RobotCore: Attempting to switch to op mode $Stop$Robot$
11-03 16:46:38.147  7220  7291 V Robocol : sending CMD_NOTIFY_INIT_OP_MODE(2804), attempt: 0
11-03 16:46:38.205  7220  7286 V Robocol : received command: CMD_RUN_OP_MODE(12557) $Stop$Robot$
11-03 16:46:38.207  7220  7285 I BatteryChecker: percent remaining: 99 is charging: false
11-03 16:46:38.227  7220  7291 V Robocol : sending CMD_NOTIFY_RUN_OP_MODE(2811), attempt: 0
11-03 16:46:41.764  7220  7286 V Robocol : received command: CMD_INIT_OP_MODE(12629) $Stop$Robot$
11-03 16:46:41.766  7220  7285 I BatteryChecker: percent remaining: 99 is charging: false
11-03 16:46:41.775  7220  7388 I RobotCore: Attempting to switch to op mode $Stop$Robot$
11-03 16:46:41.827  7220  7291 V Robocol : sending CMD_NOTIFY_INIT_OP_MODE(2888), attempt: 0
11-03 16:46:41.885  7220  7286 V Robocol : received command: CMD_RUN_OP_MODE(12635) $Stop$Robot$
11-03 16:46:41.886  7220  7285 I BatteryChecker: percent remaining: 99 is charging: false
11-03 16:46:41.907  7220  7291 V Robocol : sending CMD_NOTIFY_RUN_OP_MODE(2894), attempt: 0
11-03 16:47:05.924  7220  7286 V Robocol : received command: CMD_INIT_OP_MODE(12939) $Stop$Robot$
11-03 16:47:05.925  7220  7285 I BatteryChecker: percent remaining: 99 is charging: false
11-03 16:47:05.933  7220  7388 I RobotCore: Attempting to switch to op mode $Stop$Robot$
11-03 16:47:05.987  7220  7291 V Robocol : sending CMD_NOTIFY_INIT_OP_MODE(3225), attempt: 0
11-03 16:47:06.045  7220  7286 V Robocol : received command: CMD_RUN_OP_MODE(12945) $Stop$Robot$
11-03 16:47:06.046  7220  7285 I BatteryChecker: percent remaining: 99 is charging: false
11-03 16:47:06.067  7220  7291 V Robocol : sending CMD_NOTIFY_RUN_OP_MODE(3230), attempt: 0
11-03 16:47:19.684  7220  7286 V EventLoopManager: synthetic gamepad received: id=-2 user=ONE atRest=true 
11-03 16:47:19.691  7220  7286 V Robocol : received command: CMD_INIT_OP_MODE(13120) $Stop$Robot$
11-03 16:47:19.693  7220  7285 I BatteryChecker: percent remaining: 99 is charging: false
11-03 16:47:19.708  7220  7388 I RobotCore: Attempting to switch to op mode $Stop$Robot$
11-03 16:47:19.787  7220  7291 V Robocol : sending CMD_NOTIFY_INIT_OP_MODE(3422), attempt: 0
11-03 16:47:19.828  7220  7286 V Robocol : received command: CMD_RUN_OP_MODE(13128) $Stop$Robot$
11-03 16:47:19.830  7220  7285 I BatteryChecker: percent remaining: 99 is charging: false
11-03 16:47:19.867  7220  7291 V Robocol : sending CMD_NOTIFY_RUN_OP_MODE(3428), attempt: 0
11-03 16:47:26.472  7220  7220 I BatteryChecker: percent remaining: 99 is charging: false
11-03 16:47:26.564  7220  7220 I BatteryChecker: percent remaining: 99 is charging: false
11-03 16:48:08.221  7220  7388 I RobotCore: robot battery read duration: n=10, mean=3.912ms sd=0.455ms
11-03 16:48:08.572  7220  7220 I BatteryChecker: percent remaining: 99 is charging: false
11-03 16:48:26.623  7220  7220 I BatteryChecker: percent remaining: 99 is charging: false
11-03 16:48:31.686  7220  7286 V Robocol : received command: CMD_INIT_OP_MODE(14023) $Stop$Robot$
11-03 16:48:31.688  7220  7285 I BatteryChecker: percent remaining: 99 is charging: false
11-03 16:48:31.696  7220  7388 I RobotCore: Attempting to switch to op mode $Stop$Robot$
11-03 16:48:31.747  7220  7291 V Robocol : sending CMD_NOTIFY_INIT_OP_MODE(4395), attempt: 0
11-03 16:48:31.806  7220  7286 V Robocol : received command: CMD_RUN_OP_MODE(14030) $Stop$Robot$
11-03 16:48:31.808  7220  7285 I BatteryChecker: percent remaining: 99 is charging: false
11-03 16:48:31.827  7220  7291 V Robocol : sending CMD_NOTIFY_RUN_OP_MODE(4402), attempt: 0
11-03 16:48:36.686  7220  7286 V Robocol : received command: CMD_INIT_OP_MODE(14095) $Stop$Robot$
11-03 16:48:36.688  7220  7285 I BatteryChecker: percent remaining: 99 is charging: false
11-03 16:48:36.697  7220  7388 I RobotCore: Attempting to switch to op mode $Stop$Robot$
11-03 16:48:36.747  7220  7291 V Robocol : sending CMD_NOTIFY_INIT_OP_MODE(4475), attempt: 0
11-03 16:48:36.846  7220  7286 V Robocol : received command: CMD_RUN_OP_MODE(14102) $Stop$Robot$
11-03 16:48:36.847  7220  7285 I BatteryChecker: percent remaining: 99 is charging: false
11-03 16:48:36.867  7220  7291 V Robocol : sending CMD_NOTIFY_RUN_OP_MODE(4481), attempt: 0
11-03 16:48:43.924  7220  7286 V Robocol : received command: CMD_INIT_OP_MODE(14194) $Stop$Robot$
11-03 16:48:43.926  7220  7285 I BatteryChecker: percent remaining: 99 is charging: false
11-03 16:48:43.937  7220  7388 I RobotCore: Attempting to switch to op mode $Stop$Robot$
11-03 16:48:43.987  7220  7291 V Robocol : sending CMD_NOTIFY_INIT_OP_MODE(4582), attempt: 0
11-03 16:48:44.044  7220  7286 V Robocol : received command: CMD_RUN_OP_MODE(14200) $Stop$Robot$
11-03 16:48:44.046  7220  7285 I BatteryChecker: percent remaining: 99 is charging: false
11-03 16:48:44.067  7220  7291 V Robocol : sending CMD_NOTIFY_RUN_OP_MODE(4588), attempt: 0
11-03 16:48:52.085  7220  7286 V Robocol : received command: CMD_INIT_OP_MODE(14304) $Stop$Robot$
11-03 16:48:52.086  7220  7285 I BatteryChecker: percent remaining: 99 is charging: false
11-03 16:48:52.095  7220  7388 I RobotCore: Attempting to switch to op mode $Stop$Robot$
11-03 16:48:52.147  7220  7291 V Robocol : sending CMD_NOTIFY_INIT_OP_MODE(4701), attempt: 0
11-03 16:48:52.166  7220  7286 V Robocol : received command: CMD_RUN_OP_MODE(14309) $Stop$Robot$
11-03 16:48:52.167  7220  7285 I BatteryChecker: percent remaining: 99 is charging: false
11-03 16:48:52.188  7220  7291 V Robocol : sending CMD_NOTIFY_RUN_OP_MODE(4707), attempt: 0
11-03 16:48:54.124  7220  7286 V Robocol : received command: CMD_INIT_OP_MODE(14339) Sensor Test
11-03 16:48:54.126  7220  7285 I BatteryChecker: percent remaining: 99 is charging: false
11-03 16:48:54.135  7220  7388 I RobotCore: Attempting to switch to op mode Sensor Test
11-03 16:48:54.161  7220  7388 V AMSColorSensorImpl: internalInitialize()...
11-03 16:48:54.193  7220  7388 V AMSColorSensorImpl: state: 07 f6 ff ff 00 00 00 00 00 00 00 00 00 00 08 61 
11-03 16:48:54.194  7220  7388 V AMSColorSensorImpl: state| 00 01 60 33 1c 00 08 00 0a 
11-03 16:48:54.210  7220  7388 V AMSColorSensorImpl: disable() enabled=0x07...
11-03 16:48:54.242  7220  7388 V AMSColorSensorImpl: ...disable() enabled=0x00
11-03 16:48:54.242  7220  7388 V AMSColorSensorImpl: setIntegrationTime(0xf6)
11-03 16:48:54.254  7220  7388 V AMSColorSensorImpl: setGain(GAIN_4)
11-03 16:48:54.280  7220  7388 V AMSColorSensorImpl: setPDrive(Percent12_5)
11-03 16:48:54.308  7220  7388 V AMSColorSensorImpl: setProximityPulseCount(0x08)
11-03 16:48:54.337  7220  7388 V AMSColorSensorImpl: enable() enabled=0x00...
11-03 16:48:54.386  7220  7388 V AMSColorSensorImpl: ...enable() enabled=0x07
11-03 16:48:54.403  7220  7388 V AMSColorSensorImpl: state: 07 f6 ff ff 00 00 00 00 00 00 00 00 00 00 08 61 
11-03 16:48:54.404  7220  7388 V AMSColorSensorImpl: state| 00 01 60 33 1b 00 08 00 0a 
11-03 16:48:54.404  7220  7388 V AMSColorSensorImpl: ...internalInitialize()
11-03 16:48:54.407  7220  7388 W LynxPwmOutputController: LynxSetPWMEnableCommand not implemented by lynx hw; ignoring
11-03 16:48:54.411  7220  7388 W LynxPwmOutputController: LynxSetPWMConfigurationCommand not implemented by lynx hw; ignoring
11-03 16:48:54.416  7220  7388 W LynxPwmOutputController: LynxSetPWMEnableCommand not implemented by lynx hw; ignoring
11-03 16:48:54.419  7220  7388 W LynxPwmOutputController: LynxSetPWMConfigurationCommand not implemented by lynx hw; ignoring
11-03 16:48:54.424  7220  7388 W LynxPwmOutputController: LynxSetPWMEnableCommand not implemented by lynx hw; ignoring
11-03 16:48:54.428  7220  7388 W LynxPwmOutputController: LynxSetPWMConfigurationCommand not implemented by lynx hw; ignoring
11-03 16:48:54.431  7220  7388 W LynxPwmOutputController: LynxSetPWMEnableCommand not implemented by lynx hw; ignoring
11-03 16:48:54.436  7220  7388 W LynxPwmOutputController: LynxSetPWMConfigurationCommand not implemented by lynx hw; ignoring
11-03 16:48:54.439  7220  7388 W LynxPwmOutputController: LynxSetPWMEnableCommand not implemented by lynx hw; ignoring
11-03 16:48:54.445  7220  7388 W LynxPwmOutputController: LynxSetPWMConfigurationCommand not implemented by lynx hw; ignoring
11-03 16:48:54.451  7220  7388 W LynxPwmOutputController: LynxSetPWMEnableCommand not implemented by lynx hw; ignoring
11-03 16:48:54.456  7220  7388 W LynxPwmOutputController: LynxSetPWMConfigurationCommand not implemented by lynx hw; ignoring
11-03 16:48:54.459  7220  7388 W LynxPwmOutputController: LynxSetPWMEnableCommand not implemented by lynx hw; ignoring
11-03 16:48:54.465  7220  7388 W LynxPwmOutputController: LynxSetPWMConfigurationCommand not implemented by lynx hw; ignoring
11-03 16:48:54.468  7220  7388 W LynxPwmOutputController: LynxSetPWMEnableCommand not implemented by lynx hw; ignoring
11-03 16:48:54.473  7220  7388 W LynxPwmOutputController: LynxSetPWMConfigurationCommand not implemented by lynx hw; ignoring
11-03 16:48:54.809  7220  7388 V ThreadPool: container(0x083b603e: LinearOpMode) added id=599 TID=0 count=1
11-03 16:48:54.815  7220  7403 V RobotCore: thread: 'LinearOpMode main' starting...
11-03 16:48:54.827  7220  7291 V Robocol : sending CMD_NOTIFY_INIT_OP_MODE(4748), attempt: 0
11-03 16:48:55.408  7220  7403 I System.out: Native library libVuforia.so loaded
11-03 16:48:55.424  7220  7403 I AR      : Vuforia SDK version 6.0.117
11-03 16:48:55.471  7220  7403 I CameraManagerGlobal: Connecting to camera service
11-03 16:48:56.403  7220  7403 I AR      : ObjectTracker: Successfully created dataset
11-03 16:48:56.410  7220  7403 V Vuforia : loading data set 'RelicVuMark'...
11-03 16:48:56.862  7220  7403 V Vuforia : ... done loading data set 'RelicVuMark'
11-03 16:49:00.364  7220  7286 V Robocol : received command: CMD_RUN_OP_MODE(14399) Sensor Test
11-03 16:49:00.365  7220  7285 I BatteryChecker: percent remaining: 99 is charging: false
11-03 16:49:00.391  7220  7291 V Robocol : sending CMD_NOTIFY_RUN_OP_MODE(4806), attempt: 0
11-03 16:49:00.466  7220  7403 I VuMarkVision: VuMark | UNKNOWN visible
11-03 16:49:00.525  7220  7403 I VuMarkVision: VuMark | UNKNOWN visible
11-03 16:49:00.590  7220  7403 I VuMarkVision: VuMark | UNKNOWN visible
11-03 16:49:00.643  7220  7403 I VuMarkVision: VuMark | UNKNOWN visible
11-03 16:49:00.699  7220  7403 I VuMarkVision: VuMark | RIGHT visible
11-03 16:49:06.111  7220  7230 I art     : Background sticky concurrent mark sweep GC freed 160925(6MB) AllocSpace objects, 19(1524KB) LOS objects, 19% free, 34MB/42MB, paused 6.298ms total 104.336ms
11-03 16:49:18.376  7220  7230 I art     : Background partial concurrent mark sweep GC freed 223950(7MB) AllocSpace objects, 3(12MB) LOS objects, 40% free, 22MB/37MB, paused 2.791ms total 144.468ms
11-03 16:49:26.888  7220  7220 I BatteryChecker: percent remaining: 99 is charging: false
11-03 16:49:32.884  7220  7286 V Robocol : received command: CMD_INIT_OP_MODE(14803) $Stop$Robot$
11-03 16:49:32.885  7220  7285 I BatteryChecker: percent remaining: 99 is charging: false
11-03 16:49:32.918  7220  7388 V ThreadPool: waiting for service user linear op mode
11-03 16:49:32.919  7220  7403 E LynxI2cDeviceSynch: placeholder: readTimestamped
11-03 16:49:32.920  7220  7403 V RobotCore: thread: ...terminating 'LinearOpMode main'
11-03 16:49:32.921  7220  7388 V ThreadPool: awaitTermination returned, isTerminated=true
11-03 16:49:32.921  7220  7388 V ThreadPool: executive service user linear op mode(0x083b603e) is terminated
11-03 16:49:32.922  7220  7403 V ThreadPool: container(0x083b603e: LinearOpMode) removed id=599 TID=7403 count=1
11-03 16:49:33.053  7220  7388 I RobotCore: Attempting to switch to op mode $Stop$Robot$
11-03 16:49:33.107  7220  7291 V Robocol : sending CMD_NOTIFY_INIT_OP_MODE(5247), attempt: 0
11-03 16:49:33.126  7220  7286 V Robocol : received command: CMD_RUN_OP_MODE(14811) $Stop$Robot$
11-03 16:49:33.127  7220  7285 I BatteryChecker: percent remaining: 99 is charging: false
11-03 16:49:33.147  7220  7291 V Robocol : sending CMD_NOTIFY_RUN_OP_MODE(5253), attempt: 0
11-03 16:49:33.925  7220  7286 V Robocol : received command: CMD_INIT_OP_MODE(14826) Sensor Test
11-03 16:49:33.928  7220  7285 I BatteryChecker: percent remaining: 99 is charging: false
11-03 16:49:33.938  7220  7388 I RobotCore: Attempting to switch to op mode Sensor Test
11-03 16:49:33.963  7220  7388 V AMSColorSensorImpl: internalInitialize()...
11-03 16:49:33.997  7220  7388 V AMSColorSensorImpl: state: 07 f6 ff ff 00 00 00 00 00 00 00 00 00 00 08 61 
11-03 16:49:33.998  7220  7388 V AMSColorSensorImpl: state| 00 01 60 33 0f 00 04 00 05 
11-03 16:49:34.014  7220  7388 V AMSColorSensorImpl: disable() enabled=0x07...
11-03 16:49:34.046  7220  7388 V AMSColorSensorImpl: ...disable() enabled=0x00
11-03 16:49:34.046  7220  7388 V AMSColorSensorImpl: setIntegrationTime(0xf6)
11-03 16:49:34.055  7220  7388 V AMSColorSensorImpl: setGain(GAIN_4)
11-03 16:49:34.079  7220  7388 V AMSColorSensorImpl: setPDrive(Percent12_5)
11-03 16:49:34.103  7220  7388 V AMSColorSensorImpl: setProximityPulseCount(0x08)
11-03 16:49:34.128  7220  7388 V AMSColorSensorImpl: enable() enabled=0x00...
11-03 16:49:34.172  7220  7388 V AMSColorSensorImpl: ...enable() enabled=0x07
11-03 16:49:34.188  7220  7388 V AMSColorSensorImpl: state: 07 f6 ff ff 00 00 00 00 00 00 00 00 00 00 08 61 
11-03 16:49:34.188  7220  7388 V AMSColorSensorImpl: state| 00 01 60 33 0f 00 04 00 05 
11-03 16:49:34.188  7220  7388 V AMSColorSensorImpl: ...internalInitialize()
11-03 16:49:34.192  7220  7388 W LynxPwmOutputController: LynxSetPWMEnableCommand not implemented by lynx hw; ignoring
11-03 16:49:34.196  7220  7388 W LynxPwmOutputController: LynxSetPWMConfigurationCommand not implemented by lynx hw; ignoring
11-03 16:49:34.199  7220  7388 W LynxPwmOutputController: LynxSetPWMEnableCommand not implemented by lynx hw; ignoring
11-03 16:49:34.203  7220  7388 W LynxPwmOutputController: LynxSetPWMConfigurationCommand not implemented by lynx hw; ignoring
11-03 16:49:34.207  7220  7388 W LynxPwmOutputController: LynxSetPWMEnableCommand not implemented by lynx hw; ignoring
11-03 16:49:34.211  7220  7388 W LynxPwmOutputController: LynxSetPWMConfigurationCommand not implemented by lynx hw; ignoring
11-03 16:49:34.214  7220  7388 W LynxPwmOutputController: LynxSetPWMEnableCommand not implemented by lynx hw; ignoring
11-03 16:49:34.217  7220  7388 W LynxPwmOutputController: LynxSetPWMConfigurationCommand not implemented by lynx hw; ignoring
11-03 16:49:34.221  7220  7388 W LynxPwmOutputController: LynxSetPWMEnableCommand not implemented by lynx hw; ignoring
11-03 16:49:34.228  7220  7388 W LynxPwmOutputController: LynxSetPWMConfigurationCommand not implemented by lynx hw; ignoring
11-03 16:49:34.232  7220  7388 W LynxPwmOutputController: LynxSetPWMEnableCommand not implemented by lynx hw; ignoring
11-03 16:49:34.236  7220  7388 W LynxPwmOutputController: LynxSetPWMConfigurationCommand not implemented by lynx hw; ignoring
11-03 16:49:34.240  7220  7388 W LynxPwmOutputController: LynxSetPWMEnableCommand not implemented by lynx hw; ignoring
11-03 16:49:34.244  7220  7388 W LynxPwmOutputController: LynxSetPWMConfigurationCommand not implemented by lynx hw; ignoring
11-03 16:49:34.248  7220  7388 W LynxPwmOutputController: LynxSetPWMEnableCommand not implemented by lynx hw; ignoring
11-03 16:49:34.252  7220  7388 W LynxPwmOutputController: LynxSetPWMConfigurationCommand not implemented by lynx hw; ignoring
11-03 16:49:34.572  7220  7388 V ThreadPool: container(0x093bcce4: LinearOpMode) added id=625 TID=0 count=1
11-03 16:49:34.577  7220  7534 V RobotCore: thread: 'LinearOpMode main' starting...
11-03 16:49:34.587  7220  7291 V Robocol : sending CMD_NOTIFY_INIT_OP_MODE(5278), attempt: 0
11-03 16:49:34.864  7220  7230 I art     : Background sticky concurrent mark sweep GC freed 277578(9MB) AllocSpace objects, 0(0B) LOS objects, 26% free, 27MB/37MB, paused 2.027ms total 121.182ms
11-03 16:49:35.116  7220  7534 I AR      : Vuforia SDK version 6.0.117
11-03 16:49:35.826  7220  7534 I AR      : ObjectTracker: Successfully created dataset
11-03 16:49:35.826  7220  7534 V Vuforia : loading data set 'RelicVuMark'...
11-03 16:49:36.046  7220  7534 V Vuforia : ... done loading data set 'RelicVuMark'
11-03 16:49:36.733  7220  7286 V Robocol : received command: CMD_RUN_OP_MODE(14857) Sensor Test
11-03 16:49:36.735  7220  7285 I BatteryChecker: percent remaining: 99 is charging: false
11-03 16:49:36.753  7220  7291 V Robocol : sending CMD_NOTIFY_RUN_OP_MODE(5305), attempt: 0
11-03 16:49:36.754  7220  7534 I VuMarkVision: VuMark | UNKNOWN visible
11-03 16:49:36.805  7220  7534 I VuMarkVision: VuMark | UNKNOWN visible
11-03 16:49:36.870  7220  7534 I VuMarkVision: VuMark | UNKNOWN visible
11-03 16:49:36.926  7220  7534 I VuMarkVision: VuMark | UNKNOWN visible
11-03 16:49:36.986  7220  7534 I VuMarkVision: VuMark | LEFT visible
11-03 16:49:40.125  7220  7286 V Robocol : received command: CMD_INIT_OP_MODE(14904) $Stop$Robot$
11-03 16:49:40.126  7220  7285 I BatteryChecker: percent remaining: 99 is charging: false
11-03 16:49:40.164  7220  7388 V ThreadPool: waiting for service user linear op mode
11-03 16:49:40.166  7220  7534 E LynxI2cDeviceSynch: placeholder: readTimestamped
11-03 16:49:40.168  7220  7534 V RobotCore: thread: ...terminating 'LinearOpMode main'
11-03 16:49:40.168  7220  7534 V ThreadPool: container(0x093bcce4: LinearOpMode) removed id=625 TID=7534 count=1
11-03 16:49:40.168  7220  7388 V ThreadPool: awaitTermination returned, isTerminated=true
11-03 16:49:40.168  7220  7388 V ThreadPool: executive service user linear op mode(0x093bcce4) is terminated
11-03 16:49:40.696  7220  7388 I RobotCore: Attempting to switch to op mode $Stop$Robot$
11-03 16:49:40.747  7220  7291 V Robocol : sending CMD_NOTIFY_INIT_OP_MODE(5364), attempt: 0
11-03 16:49:40.767  7220  7286 V Robocol : received command: CMD_RUN_OP_MODE(14915) $Stop$Robot$
11-03 16:49:40.769  7220  7285 I BatteryChecker: percent remaining: 99 is charging: false
11-03 16:49:40.787  7220  7291 V Robocol : sending CMD_NOTIFY_RUN_OP_MODE(5370), attempt: 0
11-03 16:49:41.765  7220  7286 V Robocol : received command: CMD_INIT_OP_MODE(14933) Sensor Test
11-03 16:49:41.766  7220  7285 I BatteryChecker: percent remaining: 99 is charging: false
11-03 16:49:41.777  7220  7388 I RobotCore: Attempting to switch to op mode Sensor Test
11-03 16:49:41.812  7220  7388 V AMSColorSensorImpl: internalInitialize()...
11-03 16:49:41.844  7220  7388 V AMSColorSensorImpl: state: 07 f6 ff ff 00 00 00 00 00 00 00 00 00 00 08 61 
11-03 16:49:41.845  7220  7388 V AMSColorSensorImpl: state| 00 01 60 33 0f 00 04 00 05 
11-03 16:49:41.861  7220  7388 V AMSColorSensorImpl: disable() enabled=0x07...
11-03 16:49:41.895  7220  7388 V AMSColorSensorImpl: ...disable() enabled=0x00
11-03 16:49:41.895  7220  7388 V AMSColorSensorImpl: setIntegrationTime(0xf6)
11-03 16:49:41.908  7220  7388 V AMSColorSensorImpl: setGain(GAIN_4)
11-03 16:49:41.939  7220  7388 V AMSColorSensorImpl: setPDrive(Percent12_5)
11-03 16:49:41.967  7220  7388 V AMSColorSensorImpl: setProximityPulseCount(0x08)
11-03 16:49:41.996  7220  7388 V AMSColorSensorImpl: enable() enabled=0x00...
11-03 16:49:42.047  7220  7388 V AMSColorSensorImpl: ...enable() enabled=0x07
11-03 16:49:42.064  7220  7388 V AMSColorSensorImpl: state: 07 f6 ff ff 00 00 00 00 00 00 00 00 00 00 08 61 
11-03 16:49:42.065  7220  7388 V AMSColorSensorImpl: state| 00 01 60 33 0f 00 04 00 05 
11-03 16:49:42.065  7220  7388 V AMSColorSensorImpl: ...internalInitialize()
11-03 16:49:42.069  7220  7388 W LynxPwmOutputController: LynxSetPWMEnableCommand not implemented by lynx hw; ignoring
11-03 16:49:42.073  7220  7388 W LynxPwmOutputController: LynxSetPWMConfigurationCommand not implemented by lynx hw; ignoring
11-03 16:49:42.077  7220  7388 W LynxPwmOutputController: LynxSetPWMEnableCommand not implemented by lynx hw; ignoring
11-03 16:49:42.082  7220  7388 W LynxPwmOutputController: LynxSetPWMConfigurationCommand not implemented by lynx hw; ignoring
11-03 16:49:42.086  7220  7388 W LynxPwmOutputController: LynxSetPWMEnableCommand not implemented by lynx hw; ignoring
11-03 16:49:42.090  7220  7388 W LynxPwmOutputController: LynxSetPWMConfigurationCommand not implemented by lynx hw; ignoring
11-03 16:49:42.094  7220  7388 W LynxPwmOutputController: LynxSetPWMEnableCommand not implemented by lynx hw; ignoring
11-03 16:49:42.098  7220  7388 W LynxPwmOutputController: LynxSetPWMConfigurationCommand not implemented by lynx hw; ignoring
11-03 16:49:42.101  7220  7388 W LynxPwmOutputController: LynxSetPWMEnableCommand not implemented by lynx hw; ignoring
11-03 16:49:42.107  7220  7388 W LynxPwmOutputController: LynxSetPWMConfigurationCommand not implemented by lynx hw; ignoring
11-03 16:49:42.111  7220  7388 W LynxPwmOutputController: LynxSetPWMEnableCommand not implemented by lynx hw; ignoring
11-03 16:49:42.116  7220  7388 W LynxPwmOutputController: LynxSetPWMConfigurationCommand not implemented by lynx hw; ignoring
11-03 16:49:42.121  7220  7388 W LynxPwmOutputController: LynxSetPWMEnableCommand not implemented by lynx hw; ignoring
11-03 16:49:42.126  7220  7388 W LynxPwmOutputController: LynxSetPWMConfigurationCommand not implemented by lynx hw; ignoring
11-03 16:49:42.129  7220  7388 W LynxPwmOutputController: LynxSetPWMEnableCommand not implemented by lynx hw; ignoring
11-03 16:49:42.135  7220  7388 W LynxPwmOutputController: LynxSetPWMConfigurationCommand not implemented by lynx hw; ignoring
11-03 16:49:42.449  7220  7388 V ThreadPool: container(0x0eb1b080: LinearOpMode) added id=637 TID=0 count=1
11-03 16:49:42.455  7220  7641 V RobotCore: thread: 'LinearOpMode main' starting...
11-03 16:49:42.467  7220  7291 V Robocol : sending CMD_NOTIFY_INIT_OP_MODE(5397), attempt: 0
11-03 16:49:42.974  7220  7641 I AR      : Vuforia SDK version 6.0.117
11-03 16:49:43.716  7220  7641 I AR      : ObjectTracker: Successfully created dataset
11-03 16:49:43.716  7220  7641 V Vuforia : loading data set 'RelicVuMark'...
11-03 16:49:43.921  7220  7641 V Vuforia : ... done loading data set 'RelicVuMark'
11-03 16:49:45.222  7220  7286 V Robocol : received command: CMD_INIT_OP_MODE(14969) $Stop$Robot$
11-03 16:49:45.225  7220  7285 I BatteryChecker: percent remaining: 99 is charging: false
11-03 16:49:45.232  7220  7388 V ThreadPool: waiting for service user linear op mode
11-03 16:49:45.234  7220  7641 I VuMarkVision: VuMark | UNKNOWN visible
11-03 16:49:45.234  7220  7641 V RobotCore: thread: ...terminating 'LinearOpMode main'
11-03 16:49:45.234  7220  7641 V ThreadPool: container(0x0eb1b080: LinearOpMode) removed id=637 TID=7641 count=1
11-03 16:49:45.234  7220  7388 V ThreadPool: awaitTermination returned, isTerminated=true
11-03 16:49:45.234  7220  7388 V ThreadPool: executive service user linear op mode(0x0eb1b080) is terminated
11-03 16:49:45.547  7220  7388 I RobotCore: Attempting to switch to op mode $Stop$Robot$
11-03 16:49:45.587  7220  7291 V Robocol : sending CMD_NOTIFY_INIT_OP_MODE(5435), attempt: 0
11-03 16:49:45.606  7220  7286 V Robocol : received command: CMD_RUN_OP_MODE(14979) $Stop$Robot$
11-03 16:49:45.607  7220  7285 I BatteryChecker: percent remaining: 99 is charging: false
11-03 16:49:45.628  7220  7291 V Robocol : sending CMD_NOTIFY_RUN_OP_MODE(5440), attempt: 0
11-03 16:49:48.566  7220  7286 V Robocol : received command: CMD_INIT_OP_MODE(15020) $Stop$Robot$
11-03 16:49:48.568  7220  7285 I BatteryChecker: percent remaining: 99 is charging: false
11-03 16:49:48.577  7220  7388 I RobotCore: Attempting to switch to op mode $Stop$Robot$
11-03 16:49:48.627  7220  7291 V Robocol : sending CMD_NOTIFY_INIT_OP_MODE(5487), attempt: 0
11-03 16:49:48.688  7220  7286 V Robocol : received command: CMD_RUN_OP_MODE(15026) $Stop$Robot$
11-03 16:49:48.689  7220  7285 I BatteryChecker: percent remaining: 99 is charging: false
11-03 16:49:48.707  7220  7291 V Robocol : sending CMD_NOTIFY_RUN_OP_MODE(5493), attempt: 0
11-03 16:49:49.797  7220  7220 I BatteryChecker: percent remaining: 99 is charging: false
11-03 16:50:27.043  7220  7220 I BatteryChecker: percent remaining: 99 is charging: false
11-03 16:51:01.857  7220  7220 I BatteryChecker: percent remaining: 98 is charging: false
11-03 16:51:08.577  7220  7220 I BatteryChecker: percent remaining: 98 is charging: false
11-03 16:51:09.891  7220  7388 I RobotCore: robot battery read duration: n=10, mean=4.565ms sd=0.976ms
11-03 16:51:21.258  7220  7230 I art     : Background sticky concurrent mark sweep GC freed 495717(15MB) AllocSpace objects, 0(0B) LOS objects, 28% free, 40MB/56MB, paused 1.907ms total 118.937ms
11-03 16:52:01.918  7220  7220 I BatteryChecker: percent remaining: 98 is charging: false
11-03 16:52:20.827  7220  7230 I art     : Background sticky concurrent mark sweep GC freed 496139(15MB) AllocSpace objects, 0(0B) LOS objects, 28% free, 40MB/56MB, paused 2.047ms total 115.008ms
11-03 16:52:23.649  7220  7220 V RCActivity: onPause()
11-03 16:52:23.669  7220  7220 V OnBotJavaService: onTrimMemory()
11-03 16:52:23.669  7220  7220 V MTPMonitorService: onTrimMemory()
11-03 16:52:23.671  7220  7220 V RCActivity: onStop()
11-03 16:52:23.671  7220  7220 V AppUtil : rootActivity=FtcRobotControllerActivity destroyed
11-03 16:52:23.671  7220  7220 V RCActivity: onDestroy()
11-03 16:52:23.671  7220  7220 V Robocol : EventLoopManager.shutdown()
11-03 16:52:23.671  7220  7220 V ThreadPool: waiting for service EventLoop
