11-03 20:01:08.328 18203 18203 I BatteryChecker: percent remaining: 86 is charging: false
11-03 20:01:08.419 18203 18203 I BatteryChecker: percent remaining: 86 is charging: false
11-03 20:01:19.270 18203 18294 I RobotCore: robot battery read duration: n=10, mean=4.041ms sd=0.786ms
11-03 20:01:20.818 18203 18203 I BatteryChecker: percent remaining: 86 is charging: false
11-03 20:02:08.482 18203 18203 I BatteryChecker: percent remaining: 86 is charging: false
11-03 20:03:01.097 18203 18203 V FtDeviceManager: ACTION_USB_DEVICE_DETACHED: /dev/bus/usb/001/002
11-03 20:03:01.097 18203 18283 E BulkPacketInWorker: DQ143RN2: bulkTransfer() error: -1
11-03 20:03:01.097 18203 18203 V FtDevice: vv********************DQ143RN2 closing********************vv 0x045e77a4
11-03 20:03:01.096 18287 18287 W com.qualcomm.ftcrobotcontroller: type=1400 audit(0.0:6892): avc: denied { search } for uid=10133 comm=6C796E7820696E636F6D696E672064 name="usb" dev="tmpfs" ino=8192 scontext=u:r:untrusted_app:s0:c512,c768 tcontext=u:object_r:usb_device:s0 tclass=dir permissive=0
11-03 20:03:01.097 18203 18203 V FtDevice: DQ143RN2 stopping thread readBufferManager
11-03 20:03:01.098 18203 18284 V FtDevice: DQ143RN2 thread readBufferManager is stopped
11-03 20:03:01.098 18203 18203 V FtDevice: DQ143RN2 stopping thread bulkPacketInWorker
11-03 20:03:01.098 18203 18283 V FtDevice: DQ143RN2 thread bulkPacketInWorker is stopped
11-03 20:03:01.099 18203 18203 V MonitoredUsbDeviceConnection: closing UsbDeviceConnection(DQ143RN2)
11-03 20:03:01.099 18203 18203 D UsbDeviceConnectionJNI: close
11-03 20:03:01.099 18203 18287 V LynxUsb : device closed in incoming datagram loop
11-03 20:03:01.099 18203 18203 V FtDevice: ^^********************DQ143RN2 closed ********************^^
11-03 20:03:01.100 18203 18287 V RobotUsbDeviceFtdi: closing DQ143RN2
11-03 20:03:01.100 18203 18285 V ThreadPool: container(0x0b146637: WatchdogMonitor) removed id=587 TID=18285 count=1
11-03 20:03:01.100 18203 18287 V RobotCore: thread: ...terminating 'lynx incoming datagrams'
11-03 20:03:01.099 18203 18294 V RobotCore: event loop: device has shutdown abnormally: ABNORMAL
11-03 20:03:01.100 18203 18294 V EventLoopManager: event loop: detaching device DQ143RN2
11-03 20:03:01.100 18203 18294 I FtcEventLoop: vv===== MODULE DETACH RECOVERY: disarm REV Robotics USB Expansion Hub Portal [DQ143RN2]=====vv
11-03 20:03:01.101 18203 18294 V LynxUsb : disarmDevice() serial=DQ143RN2...
11-03 20:03:01.101 18203 18294 V LynxUsb : shutting down incoming datagrams
11-03 20:03:01.102 18203 18294 V ThreadPool: waiting for service Lynx incoming datagram poller
11-03 20:03:01.102 18203 18294 V ThreadPool: awaitTermination returned, isTerminated=true
11-03 20:03:01.102 18203 18294 V ThreadPool: executive service Lynx incoming datagram poller(0x005bd0c2) is terminated
11-03 20:03:01.102 18203 18294 V RobotUsbDeviceFtdi: closing DQ143RN2
11-03 20:03:01.102 18203 18287 V ThreadPool: container(0x005bd0c2: lynx dg poller) removed id=588 TID=18287 count=1
11-03 20:03:01.102 18203 18294 V LynxUsb : ...done disarmDevice()
11-03 20:03:01.102 18203 18294 I FtcEventLoop: ======= MODULE DETACH RECOVERY: pretend REV Robotics USB Expansion Hub Portal [DQ143RN2]=======
11-03 20:03:01.103 18203 18294 V LynxUsb : doPretend() serial=DQ143RN2
11-03 20:03:01.103 18203 18294 I FtcEventLoop: ^^===== MODULE DETACH RECOVERY: complete REV Robotics USB Expansion Hub Portal [DQ143RN2]=====^^
11-03 20:03:01.104 18203 18294 D RobotCore: system telemetry: key=$System$Warning$ msg="REV Robotics USB Expansion Hub Portal [DQ143RN2] detached"
11-03 20:03:01.149 18203 18293 D MediaPlayer: setSubtitleAnchor in MediaPlayer
11-03 20:03:01.154 18203 18203 W MediaPlayer: mediaplayer went away with unhandled events
11-03 20:03:01.171 18203 18291 D ExtendedUtils: extended extractor not needed, return default
11-03 20:03:01.172 18203 18291 I MediaCodec: (0xb8bb9008) init name(audio/raw) isType(1) encoder(0)
11-03 20:03:01.174 18203 18509 I OMXClient: Using client-side OMX mux.
11-03 20:03:01.185 18203 18509 E OMXMaster: A component of name 'OMX.qcom.audio.decoder.aac' already exists, ignoring this one.
11-03 20:03:01.192 18203 18509 I MediaCodec: (0xb8bb9008) Component Allocated (OMX.google.raw.decoder)
11-03 20:03:01.193 18203 18291 I MediaCodec: (0xb8bb9008) configure surface(0x0) crypto(0x0) flags(0)
11-03 20:03:01.193 18203 18291 D MediaCodec: (0xb8bb9008) configure format: AMessage(what = 0x00000000) = {
11-03 20:03:01.193 18203 18291 D MediaCodec:    string mime = "audio/raw"
11-03 20:03:01.193 18203 18291 D MediaCodec:    int64_t durationUs = 1043650
11-03 20:03:01.193 18203 18291 D MediaCodec:    int32_t channel-count = 2
11-03 20:03:01.193 18203 18291 D MediaCodec:    int32_t sample-rate = 44100
11-03 20:03:01.193 18203 18291 D MediaCodec:    int32_t channel-mask = 0
11-03 20:03:01.193 18203 18291 D MediaCodec:  }
11-03 20:03:01.194 18203 18291 I MediaCodec: (0xb8bb9008) start
11-03 20:03:01.194 18203 18509 I MediaCodec: (0xb8bb9008) input buffers allocated
11-03 20:03:01.194 18203 18509 I MediaCodec: (0xb8bb9008) numBuffers (4)
11-03 20:03:01.194 18203 18509 I MediaCodec: (0xb8bb9008) output buffers allocated
11-03 20:03:01.194 18203 18509 I MediaCodec: (0xb8bb9008) numBuffers (4)
11-03 20:03:01.196 18203 18509 I MediaCodec: (0xb8bb9008) codec output format changed
11-03 20:03:01.196 18203 18509 D MediaCodec: (0xb8bb9008) output format: AMessage(what = 'codc', target = 10) = {
11-03 20:03:01.196 18203 18509 D MediaCodec:    string mime = "audio/raw"
11-03 20:03:01.196 18203 18509 D MediaCodec:    int32_t channel-count = 2
11-03 20:03:01.196 18203 18509 D MediaCodec:    int32_t sample-rate = 44100
11-03 20:03:01.196 18203 18509 D MediaCodec:    int32_t channel-mask = 0
11-03 20:03:01.196 18203 18509 D MediaCodec:    int32_t what = 1869968451
11-03 20:03:01.196 18203 18509 D MediaCodec:  }
11-03 20:03:01.209 18203 18291 I MediaCodec: (0xb8bb9008) stop
11-03 20:03:01.211 18203 18291 I MediaCodec: (0xb8bb9008) release
11-03 20:03:01.215 18203 18293 W AudioTrack: AUDIO_OUTPUT_FLAG_FAST denied by client; transfer 4, track 44100 Hz, output 48000 Hz
11-03 20:03:01.269 18203 18203 I BatteryChecker: percent remaining: 86 is charging: false
11-03 20:03:08.173 18203 18203 V RCActivity: onPause()
11-03 20:03:08.186 18203 18203 V OnBotJavaService: onTrimMemory()
11-03 20:03:08.187 18203 18203 V MTPMonitorService: onTrimMemory()
11-03 20:03:08.187 18203 18203 V RCActivity: onStop()
11-03 20:03:08.188 18203 18203 V AppUtil : rootActivity=FtcRobotControllerActivity destroyed
11-03 20:03:08.188 18203 18203 V RCActivity: onDestroy()
11-03 20:03:08.188 18203 18203 V Robocol : EventLoopManager.shutdown()
11-03 20:03:08.190 18203 18203 V ThreadPool: waiting for service EventLoop
11-03 20:03:08.192 18203 18294 I FtcEventLoop: ======= TEARDOWN =======
11-03 20:03:08.193 18203 18302 V ThreadPool: container(0x085e53b0: OpModeStuckCodeMonitor) removed id=599 TID=18302 count=1
11-03 20:03:08.194 18203 18294 V LynxMotor: disengage mod#=2
11-03 20:03:08.195 18203 18294 V LynxMotor: disengage mod#=3
11-03 20:03:08.196 18203 18294 V LynxServoController: disengage mod#=2
11-03 20:03:08.197 18203 18294 V LynxServoController: disengage mod#=3
11-03 20:03:08.197 18203 18294 V LynxUsb : 0x03dd6a10 on 0x084013f8: releasing delegate to [DQ143RN2]
11-03 20:03:08.197 18203 18294 V LynxUsb : 0x084013f8: releaseRef [DQ143RN2]=0
11-03 20:03:08.197 18203 18294 V LynxUsb : doClose([DQ143RN2])...
11-03 20:03:08.197 18203 18294 V LynxModule: close()
11-03 20:03:08.197 18203 18294 V ThreadPool: waiting for service lynx module executor
11-03 20:03:08.198 18203 18294 V LynxModule: close()
11-03 20:03:08.198 18203 18294 V ThreadPool: waiting for service lynx module executor
11-03 20:03:08.198 18203 18289 V ThreadPool: container(0x0c17173c: lynx module executor) removed id=590 TID=18289 count=1
11-03 20:03:08.198 18203 18294 V LynxUsb : disarmDevice() serial=DQ143RN2...
11-03 20:03:08.198 18203 18294 V AMSColorSensorImpl: internalInitialize()...
11-03 20:03:08.198 18203 18294 V AMSColorSensorImpl: ...internalInitialize()
11-03 20:03:08.199 18203 18294 V LynxUsb : ...doClose([DQ143RN2])
11-03 20:03:08.200 18203 18288 V ThreadPool: container(0x0946b61a: lynx module executor) removed id=589 TID=18288 count=1
11-03 20:03:08.201 18203 18294 I FtcEventLoop: ======= TEARDOWN COMPLETE =======
11-03 20:03:08.201 18203 18294 V RobotCore: thread: ...terminating 'opmode loop()'
11-03 20:03:08.201 18203 18294 V ThreadPool: container(0x0575eedb: executorEventLoop) removed id=595 TID=18294 count=1
11-03 20:03:08.201 18203 18203 V ThreadPool: awaitTermination returned, isTerminated=true
11-03 20:03:08.201 18203 18203 V ThreadPool: executive service EventLoop(0x0575eedb) is terminated
11-03 20:03:08.201 18203 18203 V RobotCore: EventLoopManager state is STOPPED
11-03 20:03:08.201 18203 18203 V RobotCore: Robot Status: stopped
11-03 20:03:08.203 18203 18203 V NetDiscover_name: doStop()...
11-03 20:03:08.203 18203 18203 V NetDiscover_name: ...doStop()
11-03 20:03:08.205 18203 18203 V ServiceStarter: attempting to stop service FtcRobotControllerWatchdogService
11-03 20:03:08.218 18203 18281 D RobotCore: system telemetry: key=$System$None$ msg=""
11-03 20:03:08.240 18203 18304 V Robocol : sending CMD_NOTIFY_ROBOT_STATE(3712), attempt: 0
11-03 20:03:08.707 18203 18203 V RobotCore: closing logcat file /storage/emulated/0/robotControllerLog.txt
11-03 20:03:08.769 18525 18525 W ps      : type=1400 audit(0.0:6893): avc: denied { getattr } for uid=10133 path="/proc/1" dev="proc" ino=41722 scontext=u:r:untrusted_app:s0:c512,c768 tcontext=u:r:init:s0 tclass=dir permissive=0
11-03 20:03:08.769 18525 18525 W ps      : type=1400 audit(0.0:6894): avc: denied { search } for uid=10133 name="1" dev="proc" ino=41722 scontext=u:r:untrusted_app:s0:c512,c768 tcontext=u:r:init:s0 tclass=dir permissive=0
11-03 20:03:08.769 18525 18525 W ps      : type=1400 audit(0.0:6895): avc: denied { search } for uid=10133 name="1" dev="proc" ino=41722 scontext=u:r:untrusted_app:s0:c512,c768 tcontext=u:r:init:s0 tclass=dir permissive=0
11-03 20:03:08.769 18525 18525 W ps      : type=1400 audit(0.0:6896): avc: denied { getattr } for uid=10133 path="/proc/2" dev="proc" ino=41723 scontext=u:r:untrusted_app:s0:c512,c768 tcontext=u:r:kernel:s0 tclass=dir permissive=0
11-03 20:03:08.769 18525 18525 W ps      : type=1400 audit(0.0:6897): avc: denied { search } for uid=10133 name="2" dev="proc" ino=41723 scontext=u:r:untrusted_app:s0:c512,c768 tcontext=u:r:kernel:s0 tclass=dir permissive=0
11-03 20:03:08.769 18525 18525 W ps      : type=1400 audit(0.0:6898): avc: denied { search } for uid=10133 name="2" dev="proc" ino=41723 scontext=u:r:untrusted_app:s0:c512,c768 tcontext=u:r:kernel:s0 tclass=dir permissive=0
11-03 20:03:08.769 18525 18525 W ps      : type=1400 audit(0.0:6899): avc: denied { getattr } for uid=10133 path="/proc/3" dev="proc" ino=41724 scontext=u:r:untrusted_app:s0:c512,c768 tcontext=u:r:kernel:s0 tclass=dir permissive=0
11-03 20:03:08.769 18525 18525 W ps      : type=1400 audit(0.0:6900): avc: denied { search } for uid=10133 name="3" dev="proc" ino=41724 scontext=u:r:untrusted_app:s0:c512,c768 tcontext=u:r:kernel:s0 tclass=dir permissive=0
11-03 20:03:08.769 18525 18525 W ps      : type=1400 audit(0.0:6901): avc: denied { search } for uid=10133 name="3" dev="proc" ino=41724 scontext=u:r:untrusted_app:s0:c512,c768 tcontext=u:r:kernel:s0 tclass=dir permissive=0
11-03 20:03:08.769 18525 18525 W ps      : type=1400 audit(0.0:6902): avc: denied { getattr } for uid=10133 path="/proc/5" dev="proc" ino=41725 scontext=u:r:untrusted_app:s0:c512,c768 tcontext=u:r:kernel:s0 tclass=dir permissive=0
11-03 20:03:08.769 18525 18525 W ps      : type=1400 audit(0.0:6903): avc: denied { search } for uid=10133 name="5" dev="proc" ino=41725 scontext=u:r:untrusted_app:s0:c512,c768 tcontext=u:r:kernel:s0 tclass=dir permissive=0
11-03 20:03:08.772 18525 18525 W ps      : type=1400 audit(0.0:6904): avc: denied { search } for uid=10133 name="5" dev="proc" ino=41725 scontext=u:r:untrusted_app:s0:c512,c768 tcontext=u:r:kernel:s0 tclass=dir permissive=0
11-03 20:03:08.772 18525 18525 W ps      : type=1400 audit(0.0:6905): avc: denied { getattr } for uid=10133 path="/proc/6" dev="proc" ino=41726 scontext=u:r:untrusted_app:s0:c512,c768 tcontext=u:r:kernel:s0 tclass=dir permissive=0
11-03 20:03:08.772 18525 18525 W ps      : type=1400 audit(0.0:6906): avc: denied { search } for uid=10133 name="6" dev="proc" ino=41726 scontext=u:r:untrusted_app:s0:c512,c768 tcontext=u:r:kernel:s0 tclass=dir permissive=0
11-03 20:03:08.772 18525 18525 W ps      : type=1400 audit(0.0:6907): avc: denied { search } for uid=10133 name="6" dev="proc" ino=41726 scontext=u:r:untrusted_app:s0:c512,c768 tcontext=u:r:kernel:s0 tclass=dir permissive=0
11-03 20:03:08.772 18525 18525 W ps      : type=1400 audit(0.0:6908): avc: denied { getattr } for uid=10133 path="/proc/7" dev="proc" ino=41727 scontext=u:r:untrusted_app:s0:c512,c768 tcontext=u:r:kernel:s0 tclass=dir permissive=0
11-03 20:03:08.772 18525 18525 W ps      : type=1400 audit(0.0:6909): avc: denied { search } for uid=10133 name="7" dev="proc" ino=41727 scontext=u:r:untrusted_app:s0:c512,c768 tcontext=u:r:kernel:s0 tclass=dir permissive=0
11-03 20:03:08.772 18525 18525 W ps      : type=1400 audit(0.0:6910): avc: denied { search } for uid=10133 name="7" dev="proc" ino=41727 scontext=u:r:untrusted_app:s0:c512,c768 tcontext=u:r:kernel:s0 tclass=dir permissive=0
11-03 20:03:08.772 18525 18525 W ps      : type=1400 audit(0.0:6911): avc: denied { getattr } for uid=10133 path="/proc/8" dev="proc" ino=41728 scontext=u:r:untrusted_app:s0:c512,c768 tcontext=u:r:kernel:s0 tclass=dir permissive=0
11-03 20:03:08.772 18525 18525 W ps      : type=1400 audit(0.0:6912): avc: denied { search } for uid=10133 name="8" dev="proc" ino=41728 scontext=u:r:untrusted_app:s0:c512,c768 tcontext=u:r:kernel:s0 tclass=dir permissive=0
11-03 20:03:08.772 18525 18525 W ps      : type=1400 audit(0.0:6913): avc: denied { search } for uid=10133 name="8" dev="proc" ino=41728 scontext=u:r:untrusted_app:s0:c512,c768 tcontext=u:r:kernel:s0 tclass=dir permissive=0
11-03 20:03:08.772 18525 18525 W ps      : type=1400 audit(0.0:6914): avc: denied { getattr } for uid=10133 path="/proc/9" dev="proc" ino=41729 scontext=u:r:untrusted_app:s0:c512,c768 tcontext=u:r:kernel:s0 tclass=dir permissive=0
11-03 20:03:08.772 18525 18525 W ps      : type=1400 audit(0.0:6915): avc: denied { search } for uid=10133 name="9" dev="proc" ino=41729 scontext=u:r:untrusted_app:s0:c512,c768 tcontext=u:r:kernel:s0 tclass=dir permissive=0
11-03 20:03:08.772 18525 18525 W ps      : type=1400 audit(0.0:6916): avc: denied { search } for uid=10133 name="9" dev="proc" ino=41729 scontext=u:r:untrusted_app:s0:c512,c768 tcontext=u:r:kernel:s0 tclass=dir permissive=0
11-03 20:03:08.772 18525 18525 W ps      : type=1400 audit(0.0:6917): avc: denied { getattr } for uid=10133 path="/proc/10" dev="proc" ino=41730 scontext=u:r:untrusted_app:s0:c512,c768 tcontext=u:r:kernel:s0 tclass=dir permissive=0
11-03 20:03:08.772 18525 18525 W ps      : type=1400 audit(0.0:6918): avc: denied { search } for uid=10133 name="10" dev="proc" ino=41730 scontext=u:r:untrusted_app:s0:c512,c768 tcontext=u:r:kernel:s0 tclass=dir permissive=0
11-03 20:03:08.772 18525 18525 W ps      : type=1400 audit(0.0:6919): avc: denied { search } for uid=10133 name="10" dev="proc" ino=41730 scontext=u:r:untrusted_app:s0:c512,c768 tcontext=u:r:kernel:s0 tclass=dir permissive=0
11-03 20:03:08.772 18525 18525 W ps      : type=1400 audit(0.0:6920): avc: denied { getattr } for uid=10133 path="/proc/11" dev="proc" ino=41731 scontext=u:r:untrusted_app:s0:c512,c768 tcontext=u:r:kernel:s0 tclass=dir permissive=0
11-03 20:03:08.772 18525 18525 W ps      : type=1400 audit(0.0:6921): avc: denied { search } for uid=10133 name="11" dev="proc" ino=41731 scontext=u:r:untrusted_app:s0:c512,c768 tcontext=u:r:kernel:s0 tclass=dir permissive=0
11-03 20:03:08.772 18525 18525 W ps      : type=1400 audit(0.0:6922): avc: denied { search } for uid=10133 name="11" dev="proc" ino=41731 scontext=u:r:untrusted_app:s0:c512,c768 tcontext=u:r:kernel:s0 tclass=dir permissive=0
11-03 20:03:08.772 18525 18525 W ps      : type=1400 audit(0.0:6923): avc: denied { getattr } for uid=10133 path="/proc/12" dev="proc" ino=41732 scontext=u:r:untrusted_app:s0:c512,c768 tcontext=u:r:kernel:s0 tclass=dir permissive=0
11-03 20:03:08.772 18525 18525 W ps      : type=1400 audit(0.0:6924): avc: denied { search } for uid=10133 name="12" dev="proc" ino=41732 scontext=u:r:untrusted_app:s0:c512,c768 tcontext=u:r:kernel:s0 tclass=dir permissive=0
11-03 20:03:08.772 18525 18525 W ps      : type=1400 audit(0.0:6925): avc: denied { search } for uid=10133 name="12" dev="proc" ino=41732 scontext=u:r:untrusted_app:s0:c512,c768 tcontext=u:r:kernel:s0 tclass=dir permissive=0
11-03 20:03:08.772 18525 18525 W ps      : type=1400 audit(0.0:6926): avc: denied { getattr } for uid=10133 path="/proc/14" dev="proc" ino=41733 scontext=u:r:untrusted_app:s0:c512,c768 tcontext=u:r:kernel:s0 tclass=dir permissive=0
11-03 20:03:08.772 18525 18525 W ps      : type=1400 audit(0.0:6927): avc: denied { search } for uid=10133 name="14" dev="proc" ino=41733 scontext=u:r:untrusted_app:s0:c512,c768 tcontext=u:r:kernel:s0 tclass=dir permissive=0
11-03 20:03:08.772 18525 18525 W ps      : type=1400 audit(0.0:6928): avc: denied { search } for uid=10133 name="14" dev="proc" ino=41733 scontext=u:r:untrusted_app:s0:c512,c768 tcontext=u:r:kernel:s0 tclass=dir permissive=0
11-03 20:03:08.772 18525 18525 W ps      : type=1400 audit(0.0:6929): avc: denied { getattr } for uid=10133 path="/proc/15" dev="proc" ino=41734 scontext=u:r:untrusted_app:s0:c512,c768 tcontext=u:r:kernel:s0 tclass=dir permissive=0
11-03 20:03:08.772 18525 18525 W ps      : type=1400 audit(0.0:6930): avc: denied { search } for uid=10133 name="15" dev="proc" ino=41734 scontext=u:r:untrusted_app:s0:c512,c768 tcontext=u:r:kernel:s0 tclass=dir permissive=0
11-03 20:03:08.772 18525 18525 W ps      : type=1400 audit(0.0:6931): avc: denied { search } for uid=10133 name="15" dev="proc" ino=41734 scontext=u:r:untrusted_app:s0:c512,c768 tcontext=u:r:kernel:s0 tclass=dir permissive=0
11-03 20:03:08.800 18203 18203 V RobotCore: Killing PID 18223
11-03 20:03:08.918 18203 18203 I Choreographer: Skipped 42 frames!  The application may be doing too much work on its main thread.
11-03 20:03:08.918 18203 18203 V FTCService: onUnbind()
11-03 20:03:08.918 18203 18203 V WifiDirect: There are 1 Wifi Direct Assistant Clients (-)
11-03 20:03:08.918 18203 18203 V Robocol : EventLoopManager.close()
11-03 20:03:08.919 18203 18203 V ThreadPool: waiting for service ReceiveLoopService
11-03 20:03:08.939 18203 18281 V RobotCore: thread: ...terminating 'RecvLoopRunnable.run()'
11-03 20:03:08.940 18203 18203 V ThreadPool: awaitTermination returned, isTerminated=true
11-03 20:03:08.940 18203 18203 V ThreadPool: executive service ReceiveLoopService(0x02c1c3dd) is terminated
11-03 20:03:08.940 18203 18203 V PeerDiscovery: Stopping peer discovery
11-03 20:03:08.940 18203 18203 D Robocol : RobocolDatagramSocket is closed
11-03 20:03:08.940 18203 18203 V FTCService: onDestroy()
11-03 20:03:08.940 18203 18203 V WebServer: stopping port=8080
11-03 20:03:08.941 18203 18203 V WifiDirect: There are 0 Wifi Direct Assistant Clients (-)
11-03 20:03:08.941 18203 18203 V WifiDirect: Disabling Wifi Direct Assistant
11-03 20:03:08.941 18203 18203 V WifiDirectInviteMonitor: stopMonitoring()
11-03 20:03:08.942 18203 18203 V WebServer: stopped port=8080
11-03 20:03:08.942 18203 18203 V FtcRobotControllerWatchdogService: onDestroy()
11-03 20:03:10.158 18203 18203 V OnBotJavaService: onTaskRemoved()
11-03 20:03:10.158 18203 18203 V MTPMonitorService: onTaskRemoved()
11-03 20:38:46.579 18977 18977 I art     : Late-enabling -Xcheck:jni
11-03 20:38:46.641 18977 18977 V AppUtil : initializing: getExternalStorageDirectory()=/storage/emulated/0
11-03 20:38:46.645 18977 18990 V RobotCore: saving logcat to /storage/emulated/0/robotControllerLog.txt
11-03 20:38:46.645 18977 18990 V RobotCore: logging command line: logcat -f /storage/emulated/0/robotControllerLog.txt -r4096 -n4 -v threadtime UsbRequestJNI:S UsbRequest:S *:V
11-03 20:38:46.646 18977 18977 V ServiceStarter: attempting to start service MediaTransferProtocolMonitorService
11-03 20:38:46.654 18977 18977 V ServiceStarter: started service MediaTransferProtocolMonitorService
11-03 20:38:46.655 18977 18977 V ServiceStarter: attempting to start service OnBotJavaService
11-03 20:38:46.657 18977 18977 V ServiceStarter: started service OnBotJavaService
11-03 20:38:46.665 18977 18977 V AppUtil : rootActivity=FtcRobotControllerActivity
11-03 20:38:46.665 18977 18977 V RCActivity: onCreate()
11-03 20:38:46.684 18977 18977 V ThreadPool: container(0x03857872: CallbackLooper) added id=594 TID=0 count=1
11-03 20:38:46.685 18977 18994 V CallbackLooper: thread=594
11-03 20:38:46.689 18992 18992 W ps      : type=1400 audit(0.0:8207): avc: denied { getattr } for uid=10133 path="/proc/1" dev="proc" ino=41722 scontext=u:r:untrusted_app:s0:c512,c768 tcontext=u:r:init:s0 tclass=dir permissive=0
11-03 20:38:46.689 18992 18992 W ps      : type=1400 audit(0.0:8208): avc: denied { search } for uid=10133 name="1" dev="proc" ino=41722 scontext=u:r:untrusted_app:s0:c512,c768 tcontext=u:r:init:s0 tclass=dir permissive=0
11-03 20:38:46.689 18992 18992 W ps      : type=1400 audit(0.0:8209): avc: denied { search } for uid=10133 name="1" dev="proc" ino=41722 scontext=u:r:untrusted_app:s0:c512,c768 tcontext=u:r:init:s0 tclass=dir permissive=0
11-03 20:38:46.689 18992 18992 W ps      : type=1400 audit(0.0:8210): avc: denied { getattr } for uid=10133 path="/proc/2" dev="proc" ino=41723 scontext=u:r:untrusted_app:s0:c512,c768 tcontext=u:r:kernel:s0 tclass=dir permissive=0
11-03 20:38:46.689 18992 18992 W ps      : type=1400 audit(0.0:8211): avc: denied { search } for uid=10133 name="2" dev="proc" ino=41723 scontext=u:r:untrusted_app:s0:c512,c768 tcontext=u:r:kernel:s0 tclass=dir permissive=0
11-03 20:38:46.689 18992 18992 W ps      : type=1400 audit(0.0:8212): avc: denied { search } for uid=10133 name="2" dev="proc" ino=41723 scontext=u:r:untrusted_app:s0:c512,c768 tcontext=u:r:kernel:s0 tclass=dir permissive=0
11-03 20:38:46.689 18992 18992 W ps      : type=1400 audit(0.0:8213): avc: denied { getattr } for uid=10133 path="/proc/3" dev="proc" ino=41724 scontext=u:r:untrusted_app:s0:c512,c768 tcontext=u:r:kernel:s0 tclass=dir permissive=0
11-03 20:38:46.689 18992 18992 W ps      : type=1400 audit(0.0:8214): avc: denied { search } for uid=10133 name="3" dev="proc" ino=41724 scontext=u:r:untrusted_app:s0:c512,c768 tcontext=u:r:kernel:s0 tclass=dir permissive=0
11-03 20:38:46.689 18992 18992 W ps      : type=1400 audit(0.0:8215): avc: denied { search } for uid=10133 name="3" dev="proc" ino=41724 scontext=u:r:untrusted_app:s0:c512,c768 tcontext=u:r:kernel:s0 tclass=dir permissive=0
11-03 20:38:46.689 18992 18992 W ps      : type=1400 audit(0.0:8216): avc: denied { getattr } for uid=10133 path="/proc/5" dev="proc" ino=41725 scontext=u:r:untrusted_app:s0:c512,c768 tcontext=u:r:kernel:s0 tclass=dir permissive=0
11-03 20:38:46.689 18992 18992 W ps      : type=1400 audit(0.0:8217): avc: denied { search } for uid=10133 name="5" dev="proc" ino=41725 scontext=u:r:untrusted_app:s0:c512,c768 tcontext=u:r:kernel:s0 tclass=dir permissive=0
11-03 20:38:46.689 18992 18992 W ps      : type=1400 audit(0.0:8218): avc: denied { search } for uid=10133 name="5" dev="proc" ino=41725 scontext=u:r:untrusted_app:s0:c512,c768 tcontext=u:r:kernel:s0 tclass=dir permissive=0
11-03 20:38:46.689 18992 18992 W ps      : type=1400 audit(0.0:8219): avc: denied { getattr } for uid=10133 path="/proc/6" dev="proc" ino=41726 scontext=u:r:untrusted_app:s0:c512,c768 tcontext=u:r:kernel:s0 tclass=dir permissive=0
11-03 20:38:46.689 18992 18992 W ps      : type=1400 audit(0.0:8220): avc: denied { search } for uid=10133 name="6" dev="proc" ino=41726 scontext=u:r:untrusted_app:s0:c512,c768 tcontext=u:r:kernel:s0 tclass=dir permissive=0
11-03 20:38:46.689 18992 18992 W ps      : type=1400 audit(0.0:8221): avc: denied { search } for uid=10133 name="6" dev="proc" ino=41726 scontext=u:r:untrusted_app:s0:c512,c768 tcontext=u:r:kernel:s0 tclass=dir permissive=0
11-03 20:38:46.689 18992 18992 W ps      : type=1400 audit(0.0:8222): avc: denied { getattr } for uid=10133 path="/proc/7" dev="proc" ino=41727 scontext=u:r:untrusted_app:s0:c512,c768 tcontext=u:r:kernel:s0 tclass=dir permissive=0
11-03 20:38:46.689 18992 18992 W ps      : type=1400 audit(0.0:8223): avc: denied { search } for uid=10133 name="7" dev="proc" ino=41727 scontext=u:r:untrusted_app:s0:c512,c768 tcontext=u:r:kernel:s0 tclass=dir permissive=0
11-03 20:38:46.689 18992 18992 W ps      : type=1400 audit(0.0:8224): avc: denied { search } for uid=10133 name="7" dev="proc" ino=41727 scontext=u:r:untrusted_app:s0:c512,c768 tcontext=u:r:kernel:s0 tclass=dir permissive=0
11-03 20:38:46.689 18992 18992 W ps      : type=1400 audit(0.0:8225): avc: denied { getattr } for uid=10133 path="/proc/8" dev="proc" ino=41728 scontext=u:r:untrusted_app:s0:c512,c768 tcontext=u:r:kernel:s0 tclass=dir permissive=0
11-03 20:38:46.689 18992 18992 W ps      : type=1400 audit(0.0:8226): avc: denied { search } for uid=10133 name="8" dev="proc" ino=41728 scontext=u:r:untrusted_app:s0:c512,c768 tcontext=u:r:kernel:s0 tclass=dir permissive=0
11-03 20:38:46.690 18977 18977 V NetDiscover_wifiDirectAgent: doStart()...
11-03 20:38:46.694 18977 18994 V NetDiscover_wifiDirectAgent_bcast: wifiP2pEnabled=true
11-03 20:38:46.696 18977 18977 V NetDiscover_wifiDirectAgent: ...doStart()
11-03 20:38:46.697 18977 18977 V NetDiscover_name: doStart()...
11-03 20:38:46.697 18977 18977 V NetDiscover_name: ...doStart()
11-03 20:38:46.698 18977 18994 D NetDiscover_wifiDirectAgent_bcast: connection changed: networkInfo.state=CONNECTED
11-03 20:38:46.698 18977 18994 V NetDiscover_wifiDirectAgent_bcast: NetworkInfo: [type: WIFI_P2P[], state: CONNECTED/CONNECTED, reason: (unspecified), extra: (none), roaming: false, failover: false, isAvailable: true]
11-03 20:38:46.698 18977 18977 V NetDiscover_prefremrc: ----- all preferences -----
11-03 20:38:46.698 18977 18977 V NetDiscover_prefremrc: name='pref_wifip2p_remote_channel_change_works' value=true
11-03 20:38:46.698 18977 18994 V NetDiscover_wifiDirectAgent_bcast: WifiP2pInfo: groupFormed: true isGroupOwner: true operatingChannel: 2452 groupOwnerAddress: /192.168.49.1 mccMode: false
11-03 20:38:46.698 18977 18977 V NetDiscover_prefremrc: name='pref_device_name' value=12611-RC
11-03 20:38:46.698 18977 18977 V NetDiscover_prefremrc: name='pref_hardware_config_filename' value={"isDirty":false,"location":"LOCAL_STORAGE","name":"Relic Recovery Auto","resourceId":0}
11-03 20:38:46.698 18977 18977 V NetDiscover_prefremrc: name='pref_wifip2p_groupowner_connectedto' value=
11-03 20:38:46.698 18977 18977 V NetDiscover_prefremrc: name='pref_device_name_old' value=12611-RC
11-03 20:38:46.698 18977 18977 V NetDiscover_prefremrc: name='pref_network_connection_type' value=WIFIDIRECT
11-03 20:38:46.698 18977 18977 V NetDiscover_prefremrc: name='pref_device_name_tracking' value=WIFIDIRECT
11-03 20:38:46.698 18977 18977 V NetDiscover_prefremrc: name='pref_has_independent_phone_battery' value=true
11-03 20:38:46.698 18977 18977 V NetDiscover_prefremrc: name='pref_app_theme' value=teal
11-03 20:38:46.698 18977 18977 V NetDiscover_prefremrc: name='pref_sound_on_off' value=false
11-03 20:38:46.698 18977 18977 V NetDiscover_prefremrc: name='pref_rc_connected' value=true
11-03 20:38:46.698 18977 18994 V NetDiscover_wifiDirectAgent_bcast: WifiP2pGroup: network: DIRECT-T8-12611-A-RC, isGO: true, Operating Channel: 2452, GO: Device: , deviceAddress: 80:58:f8:58:99:a3, primary type: null, secondary type: null, wps: 0, grpcapab: 0, devcapab: 0, status: 4, wfdInfo: WFD enabled: falseWFD DeviceInfo: 0, WFD CtrlPort: 0, WFD MaxThroughput: 0, level: 0, Client: Device: 12611-B-DS, deviceAddress: f4:f5:24:ca:98:2a, primary type: 10-0050F204-5, secondary type: null, wps: 392, grpcapab: 0, devcapab: 37, status: 0, wfdInfo: null, level: 60, interface: p2p0, networkId: 1, mGoOperFreq: 2452
11-03 20:38:46.699 18977 18977 V NetDiscover_prefremrc: doStart()...
11-03 20:38:46.699 18977 18977 V NetDiscover_prefremrc: ...doStart()
11-03 20:38:46.699 18977 18994 V NetDiscover_wifiDirectAgent_bcast: this device changed: Device=12611-RC deviceAddress=80:58:f8:58:99:a3 primary type=10-0050F204-5 secondary type=null wps=0 grpcapab=0 devcapab=0 status=0 wfdInfo=WFD enabled=falseWFD DeviceInfo=0 WFD CtrlPort=0 WFD MaxThroughput=0 level=0
11-03 20:38:46.699 18977 18994 V NetDiscover_name: remembering wifiDirectName: 12611-RC...
11-03 20:38:46.699 18977 18994 V NetDiscover_name: wifiDirectName=12611-RC
11-03 20:38:46.701 18977 18994 V NetDiscover_name: ...remembering wifiDirectName
11-03 20:38:46.701 18977 18994 V NetDiscover_wifiDirectAgent_bcast: p2p discoverPeers()=false
11-03 20:38:46.701 18977 18994 V NetDiscover_wifiDirectAgent_bcast: wifi direct remembered groups cleared
11-03 20:38:46.703 18977 18994 V NetDiscover_wifiDirectAgent_bcast: wifiState=ENABLED
11-03 20:38:46.703 18977 18994 V NetDiscover_wifiDirectAgent: found persistent group: DIRECT-tj-12611-RC-A
11-03 20:38:46.703 18977 18994 V NetDiscover_wifiDirectAgent: found persistent group: DIRECT-T8-12611-A-RC
11-03 20:38:46.740 18977 18977 I WebViewFactory: Loading com.google.android.webview version 61.0.3163.98 (code 316309800)
11-03 20:38:46.798 18977 18977 I art     : Rejecting re-init on previously-failed class java.lang.Class<com.android.webview.chromium.TokenBindingManagerAdapter>
11-03 20:38:46.798 18977 18977 I art     : Rejecting re-init on previously-failed class java.lang.Class<com.android.webview.chromium.TokenBindingManagerAdapter>
11-03 20:38:46.806 18977 18977 I art     : Rejecting re-init on previously-failed class java.lang.Class<com.android.webview.chromium.ServiceWorkerControllerAdapter>
11-03 20:38:46.807 18977 18977 I art     : Rejecting re-init on previously-failed class java.lang.Class<com.android.webview.chromium.ServiceWorkerControllerAdapter>
11-03 20:38:46.812 18977 18977 I cr_LibraryLoader: Time to load native libraries: 1 ms (timestamps 3079-3080)
11-03 20:38:46.843 18977 18977 I chromium: [INFO:library_loader_hooks.cc(136)] Chromium logging enabled: level = 0, default verbosity = 0
11-03 20:38:46.844 18977 18977 I cr_LibraryLoader: Expected native library version number "61.0.3163.98", actual native library version number "61.0.3163.98"
11-03 20:38:46.876 18977 18977 I cr_BrowserStartup: Initializing chromium process, singleProcess=true
11-03 20:38:46.907 18977 18977 I Adreno-EGL: <qeglDrvAPI_eglInitialize:379>: EGL 1.4 QUALCOMM build:  (Ifd751822f5)
11-03 20:38:46.907 18977 18977 I Adreno-EGL: OpenGL ES Shader Compiler Version: XE031.06.00.05
11-03 20:38:46.907 18977 18977 I Adreno-EGL: Build Date: 01/26/16 Tue
11-03 20:38:46.907 18977 18977 I Adreno-EGL: Local Branch: AU12_SBA
11-03 20:38:46.907 18977 18977 I Adreno-EGL: Remote Branch: 
11-03 20:38:46.907 18977 18977 I Adreno-EGL: Local Patches: 
11-03 20:38:46.907 18977 18977 I Adreno-EGL: Reconstruct Branch: 
11-03 20:38:47.040 18977 18977 V OnBotJava: OnBotJavaManager::static
11-03 20:38:47.100 18977 18977 V OnBotJava: getCurrentOutputJarDir() unavailable
11-03 20:38:47.100 18977 18977 V OnBotJava: getCurrentOutputJarDir() unavailable
11-03 20:38:48.716 18977 18977 V RobotCore: Network: inactive, disconnected
11-03 20:38:48.716 18977 18977 V ServiceStarter: attempting to start service FtcRobotControllerWatchdogService
11-03 20:38:48.718 18977 18977 V ServiceStarter: started service FtcRobotControllerWatchdogService
11-03 20:38:48.723 18977 18977 V RobotCore: BuildConfig: versionCode=25 versionName=3.5 module=com.qualcomm.ftcrobotcontroller
11-03 20:38:48.723 18977 18977 V RobotCore: BuildConfig: versionCode=37 versionName=5.15 module=com.qualcomm.robotcore
11-03 20:38:48.723 18977 18977 V RobotCore: BuildConfig: versionCode=37 versionName=5.15 module=com.qualcomm.hardware
11-03 20:38:48.723 18977 18977 V RobotCore: BuildConfig: versionCode=37 versionName=5.15 module=com.qualcomm.ftccommon
11-03 20:38:48.724 18977 18977 V RobotCore: BuildConfig: versionCode=37 versionName=5.15 module=com.google.blocks
11-03 20:38:48.724 18977 18977 V RobotCore: BuildConfig: versionCode=37 versionName=5.15 module=org.firstinspires.inspection
11-03 20:38:48.724 18977 18977 V RCActivity: onStart()
11-03 20:38:48.725 18977 18977 V RCActivity: onResume()
11-03 20:38:48.734 18977 19022 D OpenGLRenderer: Use EGL_SWAP_BEHAVIOR_PRESERVED: true
11-03 20:38:48.785 18977 18977 V MTPMonitorService: onCreate()
11-03 20:38:48.786 18977 18977 V MTPMonitorService: onStartCommand() intent=Intent { cmp=com.qualcomm.ftcrobotcontroller/org.firstinspires.ftc.robotcore.internal.files.MediaTransferProtocolMonitorService } flags=0x0 startId=1
11-03 20:38:48.786 18977 18977 V ThreadPool: container(0x08e4baa5: MTPMonitor) added id=612 TID=0 count=1
11-03 20:38:48.789 18977 18977 V MTPMonitor: observing: /storage/emulated/0
11-03 20:38:48.791 18977 18977 W FileObserverManager: upgrading mask: path=/storage/emulated/0/FIRST/blocks old=0x00000ffc new=0x00004ffc: might possibly miss event
11-03 20:38:48.794 18977 18977 W FileObserverManager: upgrading mask: path=/storage/emulated/0/FIRST/java/status old=0x00000ffc new=0x00004ffc: might possibly miss event
11-03 20:38:48.859 18977 18977 V OnBotJavaService: onCreate()
11-03 20:38:48.860 18977 18977 V OnBotJavaService: onStartCommand() intent=Intent { cmp=com.qualcomm.ftcrobotcontroller/org.firstinspires.ftc.robotcore.internal.opmode.OnBotJavaService } flags=0x0 startId=1
11-03 20:38:48.860 18977 18977 V OnBotJava: ctor()...
11-03 20:38:48.860 18977 18977 V OnBotJava: ...ctor()
11-03 20:38:48.868 18977 18977 V FtcRobotControllerWatchdogService: onCreate()
11-03 20:38:48.868 18977 18977 V FtcRobotControllerWatchdogService: onStartCommand() intent=Intent { cmp=com.qualcomm.ftcrobotcontroller/org.firstinspires.ftc.ftccommon.internal.FtcRobotControllerWatchdogService } flags=0x0 startId=1
11-03 20:38:48.868 18977 18977 V FtcRobotControllerWatchdogService: shouldAutoLauchRobotController() result=false
11-03 20:38:48.869 18977 18977 V WebServer: creating NanoHTTPD(8080)
11-03 20:38:48.877 18977 18977 V FTCService: onCreate()
11-03 20:38:48.877 18977 18977 V FTCService: onBind()
11-03 20:38:48.877 18977 18977 V FTCService: Android Device: maker=motorola model=XT1609 sdk=23
11-03 20:38:48.879 18977 18977 V RobotCore: Getting network assistant of type: WIFIDIRECT
11-03 20:38:48.882 18977 18977 V NetDiscover_prefremrc: onSharedPreferenceChanged(name=pref_wifip2p_groupowner_connectedto, value=null)
11-03 20:38:48.882 18977 18977 V WifiDirect: There are 1 Wifi Direct Assistant Clients (+)
11-03 20:38:48.882 18977 18977 V WifiDirect: Enabling Wifi Direct Assistant
11-03 20:38:48.883 18977 18977 V WifiDirectInviteMonitor: startMonitoring()
11-03 20:38:48.919 18977 19022 I OpenGLRenderer: Initialized EGL, version 1.4
11-03 20:38:48.933 18977 18977 D WifiDirect: broadcast: state - enabled: true
11-03 20:38:48.934 18977 18977 D WifiDirect: broadcast: connection changed: connectStatus=NOT_CONNECTED networkInfo.state=CONNECTED
11-03 20:38:48.934 18977 18977 V WifiDirect: writing pref name=pref_wifip2p_groupowner_connectedto value=
11-03 20:38:48.934 18977 18977 V NetDiscover_prefremrc: onSharedPreferenceChanged(name=pref_wifip2p_groupowner_connectedto, value=)
11-03 20:38:48.934 18977 18977 D WifiDirect: broadcast: this device changed
11-03 20:38:48.935 18977 18977 V WifiDirect: device information: 12611-RC 80:58:f8:58:99:a3
11-03 20:38:48.935 18977 18977 V FTCService: RCActivity.controllerService=bound
11-03 20:38:48.935 18977 18977 V RobotCore: Network: unknown, disconnected
11-03 20:38:48.935 18977 18977 V RobotCore: Robot Status: stopped
11-03 20:38:48.942 18977 18977 V ThreadPool: container(0x091546e4: default threadpool) added id=616 TID=0 count=1
11-03 20:38:48.943 18977 19027 V RobotCore: thread: 'RobotSetupRunnable.run()' starting...
11-03 20:38:48.943 18977 19027 V FTCService: Processing robot setup
11-03 20:38:48.944 18977 19027 V RobotCore: Robot Status: stopped, scanning for USB devices
11-03 20:38:48.958 18977 18977 D WifiDirect: cannot create group, does group already exist?
11-03 20:38:49.001 18977 18977 D WifiDirect: group owners address: /192.168.49.1
11-03 20:38:49.001 18977 18977 D WifiDirect: group formed, this device is the group owner (GO)
11-03 20:38:49.001 18977 18977 I FTCService: Wifi Direct - connected as group owner
11-03 20:38:49.007 18977 18977 V RobotCore: Network: enabled, disconnected
11-03 20:38:49.032 18977 18977 V WifiDirect: connection information available
11-03 20:38:49.032 18977 18977 V WifiDirect: connection information - groupOwnerName = 12611-RC
11-03 20:38:49.032 18977 18977 V WifiDirect: connection information - groupOwnerMacAddress = 80:58:f8:58:99:a3
11-03 20:38:49.032 18977 18977 V WifiDirect: connection information - groupInterface = p2p0
11-03 20:38:49.032 18977 18977 V WifiDirect: connection information - groupNetworkName = DIRECT-T8-12611-A-RC
11-03 20:38:49.032 18977 18977 I FTCService: Network Connection Passphrase: WsGaXRgh
11-03 20:38:49.033 18977 18977 V WebServer: starting port=8080
11-03 20:38:49.038 18977 19030 W cr_CrashFileManager: /data/user/0/com.qualcomm.ftcrobotcontroller/cache/WebView/Crash Reports does not exist or is not a directory
11-03 20:38:49.044 18977 18977 V RobotCore: Getting network assistant of type: WIFIDIRECT
11-03 20:38:49.044 18977 18977 V WifiDirect: There are 2 Wifi Direct Assistant Clients (+)
11-03 20:38:49.044 18977 18977 V WebServer: started port=8080
11-03 20:38:49.044 18977 18977 V RobotCore: Network: active, disconnected
11-03 20:38:53.944 18977 19027 V RobotCore: EventLoopManager state is NOT_STARTED
11-03 20:38:53.945 18977 19027 V RobotCore: Robot Status: stopped, waiting for Wifi to enable
11-03 20:38:53.946 18977 19027 V RobotCore: Robot Status: stopped, waiting for Wifi Direct to enable
11-03 20:38:53.947 18977 19027 V RobotCore: Robot Status: stopped, waiting for network to become active
11-03 20:38:53.947 18977 19027 V RobotCore: Robot Status: stopped, starting robot
11-03 20:38:53.947 18977 19027 V Robocol : EventLoopManager.start()
11-03 20:38:53.947 18977 19027 V RobotCore: Getting network assistant of type: WIFIDIRECT
11-03 20:38:53.947 18977 19027 V Robocol : Spoofing a Network Connection event...
11-03 20:38:53.948 18977 19027 V ThreadPool: executive service EventLoop(0x0ab13af3) is terminated
11-03 20:38:53.948 18977 19027 V RobotCore: EventLoopManager state is STOPPED
11-03 20:38:53.948 18977 19051 V RobotCore: thread: 'SetupRunnable.run()' starting...
11-03 20:38:53.949 18977 19027 V Robocol : eventLoop=FtcEventLoop
11-03 20:38:53.949 18977 19027 V RobotCore: EventLoopManager state is INIT
11-03 20:38:53.949 18977 19027 V RobotCore: Robot Status: initializing, starting robot
11-03 20:38:53.949 18977 19027 I FtcEventLoop: ======= INIT START =======
11-03 20:38:53.950 18977 19027 V OpmodeRegistration: registered {DefaultOpMode} as {$Stop$Robot$}
11-03 20:38:53.956 18977 19027 V FileBasedLock: locked /storage/emulated/0/FIRST/blocks/projectslock/lock.dat
11-03 20:38:53.956 18977 19027 V ThreadPool: container(0x091546e4: default threadpool) added id=621 TID=0 count=2
11-03 20:38:53.956 18977 18977 D WifiDirect: cannot create group, does group already exist?
11-03 20:38:53.957 18977 19027 V FileBasedLock: unlocking /storage/emulated/0/FIRST/blocks/projectslock/lock.dat
11-03 20:38:53.961 18977 19027 V OpmodeRegistration: registered {SensorTest} as {Sensor Test}
11-03 20:38:53.962 18977 19027 V OpmodeRegistration: registered {SensorREVColorDistance} as {Sensor: REVColorDistance}
11-03 20:38:53.962 18977 19027 V OpmodeRegistration: registered {SensorMRRangeColorSensor} as {Sensor: MR range & Color sensor}
11-03 20:38:53.963 18977 19027 V OpmodeRegistration: registered {RelicRecoveryTeleOpsLinear} as {Relic Recovery TeleOps (Linear)}
11-03 20:38:53.963 18977 19027 V OpmodeRegistration: registered {RelicRecoveryAutoRed1} as {Auto Red 1}
11-03 20:38:53.964 18977 19027 V OpmodeRegistration: registered {RelicRecoveryAutoBlue1} as {Auto Blue 1}
11-03 20:38:53.965 18977 19027 V OpmodeRegistration: registered {RelicRecoveryAutoTest} as {Auto Test}
11-03 20:38:53.980 18977 19051 D Robocol : RobocolDatagramSocket listening addr=/192.168.49.1:20884 cbRec=65520 cbSend=163840 msRecTO=300
11-03 20:38:53.981 18977 19051 V Robocol : RecvLoopRunnable created
11-03 20:38:53.982 18977 19051 V PeerDiscovery: Starting peer discovery
11-03 20:38:53.983 18977 19051 V PeerDiscovery: No need for peer discovery, we are the peer discovery device
11-03 20:38:53.983 18977 19051 V RobotCore: Setup complete
11-03 20:38:53.983 18977 19051 V RobotCore: thread: ...terminating 'SetupRunnable.run()'
11-03 20:38:53.984 18977 19054 V RobotCore: thread: 'RecvLoopRunnable.run()' starting...
11-03 20:38:54.023 18977 19027 V HardwareFactory: createHardwareMap()
11-03 20:38:54.023 18977 19027 V WifiDirectInviteMonitor: clearUILynxModule()
11-03 20:38:54.023 18977 18977 I BatteryChecker: percent remaining: 83 is charging: false
11-03 20:38:54.027 18977 19027 V ReadXMLFileHandler: handleLynxModule() mod#=2...
11-03 20:38:54.028 18977 19027 V ConfigurationUtility: buildEmptyLynxModule() mod#=2...
11-03 20:38:54.028 18977 19027 V ConfigurationUtility: ...buildEmptyLynxModule() mod#=2
11-03 20:38:54.028 18977 19027 V ReadXMLFileHandler: ...handleLynxModule() mod#=2
11-03 20:38:54.028 18977 19027 V ReadXMLFileHandler: handleLynxModule() mod#=3...
11-03 20:38:54.029 18977 19027 V ConfigurationUtility: buildEmptyLynxModule() mod#=3...
11-03 20:38:54.029 18977 19027 V ConfigurationUtility: ...buildEmptyLynxModule() mod#=3
11-03 20:38:54.029 18977 19027 V ReadXMLFileHandler: ...handleLynxModule() mod#=3
11-03 20:38:54.030 18977 19027 V RobotCore: Creating REV Robotics USB Expansion Hub Portal [DQ143RN2]
11-03 20:38:54.030 18977 19027 V LynxUsb : creating new [DQ143RN2]: 0x084013f8
11-03 20:38:54.039 18977 19027 V ThreadPool: container(0x032e40d1: WatchdogMonitor) added id=624 TID=0 count=1
11-03 20:38:54.047 18977 19027 V FtDevice: initialize(vid=0x0403 pid=0x6015 bcdDevice=0x1000)
11-03 20:38:54.047 18977 19027 V MonitoredUsbDeviceConnection: closing UsbDeviceConnection(DQ143RN2)
11-03 20:38:54.047 18977 19027 D UsbDeviceConnectionJNI: close
11-03 20:38:54.047 18977 19027 V MonitoredUsbDeviceConnection: closing UsbDeviceConnection(DQ143RN2)
11-03 20:38:54.047 18977 19027 D UsbDeviceConnectionJNI: close
11-03 20:38:54.048 18977 19027 V FtDeviceManager: createDeviceInfoList(): 1 USB devices
11-03 20:38:54.048 18977 19055 V ThreadPool: container(0x032e40d1: WatchdogMonitor) removed id=624 TID=19055 count=1
11-03 20:38:54.053 18977 19027 V FtDevice: vv********************DQ143RN2 opening********************vv 0x045e77a4
11-03 20:38:54.054 18977 19027 V FtDevice: ^^********************DQ143RN2 opened ********************^^
11-03 20:38:54.054 18977 19027 V FtDevice: resetting DQ143RN2
11-03 20:38:54.054 18977 19027 V ThreadPool: container(0x0b146637: WatchdogMonitor) added id=627 TID=0 count=1
11-03 20:38:54.066 18977 19027 V LynxUsb : armDevice() serial=DQ143RN2...
11-03 20:38:54.066 18977 19027 V LynxModule: resetDevice() serial=DQ143RN2
11-03 20:38:54.284 18977 19054 E Robocol : exception SocketTimeoutException(null): no packet received [libcore.io.IoBridge.maybeThrowAfterRecvfrom(IoBridge.java:594)]
11-03 20:38:54.421 18977 19027 V ThreadPool: container(0x005bd0c2: lynx dg poller) added id=628 TID=0 count=1
11-03 20:38:54.422 18977 19027 V LynxUsb : ...done armDevice()
11-03 20:38:54.422 18977 19027 V LynxUsb : 0x03dd6a10 on 0x084013f8: new delegate to [DQ143RN2]
11-03 20:38:54.422 18977 19027 V RobotCore: Creating Lynx Module - mod=2 parent=false
11-03 20:38:54.426 18977 19060 V RobotCore: thread: 'lynx incoming datagrams' starting...
11-03 20:38:54.427 18977 19027 V RobotCore: Creating Lynx Module - mod=3 parent=true
11-03 20:38:54.427 18977 19027 V LynxUsb : addConfiguredModule() module#=3
11-03 20:38:54.427 18977 19027 V LynxModule: pingAndQueryKnownInterfaces mod=3
11-03 20:38:54.429 18977 19027 V ThreadPool: container(0x0946b61a: lynx module executor) added id=629 TID=0 count=1
11-03 20:38:54.431 18977 19060 V LynxUsb : synchronization gained: serial=DQ143RN2
11-03 20:38:54.442 18977 19027 V LynxModule: queryInterface(DEKA)=49 commands
11-03 20:38:54.448 18977 19027 V LynxModule: mod#=3 intf=DEKA: expected 53 commands; found 49
11-03 20:38:54.452 18977 19027 V LynxModule: sendLEDPatternSteps(): #steps=8
11-03 20:38:54.463 18977 19027 V LynxUsb : addConfiguredModule() module#=2
11-03 20:38:54.463 18977 19027 V LynxModule: pingAndQueryKnownInterfaces mod=2
11-03 20:38:54.465 18977 19027 V ThreadPool: container(0x0c17173c: lynx module executor) added id=630 TID=0 count=1
11-03 20:38:54.471 18977 19027 V LynxModule: queryInterface(DEKA)=49 commands
11-03 20:38:54.477 18977 19061 V LynxModule: received status: LynxGetModuleStatusResponse(status=0x02 alerts=0x00: Reset)
11-03 20:38:54.480 18977 19027 V LynxModule: mod#=2 intf=DEKA: expected 53 commands; found 49
11-03 20:38:54.484 18977 19027 V LynxModule: sendLEDPatternSteps(): #steps=6
11-03 20:38:54.488 18977 19062 V LynxModule: received status: LynxGetModuleStatusResponse(status=0x02 alerts=0x00: Reset)
11-03 20:38:54.498 18977 19027 V LynxMotor: initializeHardware() mod#=2
11-03 20:38:54.609 18977 19054 D RobotCore: system telemetry: key=$System$None$ msg=""
11-03 20:38:54.612 18977 19054 V PeerDiscovery: new remote peer discovered: 192.168.49.84
11-03 20:38:54.612 18977 19054 D Robocol : RobocolDatagramSocket connected to /192.168.49.84:20884
11-03 20:38:54.613 18977 19054 V NetworkConnectionHandler: starting sending loop
11-03 20:38:54.614 18977 19054 V Robocol : SendOnceRunnable created
11-03 20:38:54.623 18977 19027 V RobotCore: DcMotorImpl(type=NeveRest40Gearmotor)
11-03 20:38:54.623 18977 19027 V RobotCore: DcMotorImpl(type=NeveRest40Gearmotor)
11-03 20:38:54.624 18977 19027 V LynxServoController: initializeHardware() mod#=2
11-03 20:38:54.655 18977 19054 V NetDiscover_prefremrc: sendAllPreferences()
11-03 20:38:54.655 18977 19054 V NetDiscover_prefremrc: sending RC pref name=pref_wifip2p_remote_channel_change_works value=true
11-03 20:38:54.660 18977 19054 V NetDiscover_prefremrc: sending RC pref name=pref_device_name value=12611-RC
11-03 20:38:54.661 18977 19054 V NetDiscover_prefremrc: sending RC pref name=pref_has_independent_phone_battery value=true
11-03 20:38:54.661 18977 19054 V NetDiscover_prefremrc: sending RC pref name=pref_app_theme value=teal
11-03 20:38:54.661 18977 19054 V NetDiscover_prefremrc: sending RC pref name=pref_sound_on_off value=false
11-03 20:38:54.673 18977 19054 V ThreadPool: container(0x0aa803ad: SoundPlayer) added id=634 TID=0 count=1
11-03 20:38:54.674 18977 19054 V ThreadPool: container(0x0aa803ad: SoundPlayer) added id=635 TID=0 count=2
11-03 20:38:54.674 18977 19027 V LynxVoltageSensor: initializeHardware() mod#=2
11-03 20:38:54.674 18977 19027 V LynxPwmOutputController: initializeHardware() mod#=2
11-03 20:38:54.676 18977 19054 V RobotCore: Network: active, connected
11-03 20:38:54.680 18977 19027 W LynxPwmOutputController: LynxSetPWMEnableCommand not implemented by lynx hw; ignoring
11-03 20:38:54.685 18977 19027 W LynxPwmOutputController: LynxSetPWMConfigurationCommand not implemented by lynx hw; ignoring
11-03 20:38:54.691 18977 19027 W LynxPwmOutputController: LynxSetPWMEnableCommand not implemented by lynx hw; ignoring
11-03 20:38:54.694 18977 19063 V Robocol : sending CMD_NOTIFY_USER_DEVICE_LIST(15), attempt: 0
11-03 20:38:54.696 18977 19063 V Robocol : sending CMD_ROBOT_CONTROLLER_PREFERENCE(16), attempt: 0
11-03 20:38:54.696 18977 19063 V Robocol : sending CMD_ROBOT_CONTROLLER_PREFERENCE(17), attempt: 0
11-03 20:38:54.697 18977 19063 V Robocol : sending CMD_ROBOT_CONTROLLER_PREFERENCE(18), attempt: 0
11-03 20:38:54.697 18977 19063 V Robocol : sending CMD_ROBOT_CONTROLLER_PREFERENCE(19), attempt: 0
11-03 20:38:54.697 18977 19063 V Robocol : sending CMD_ROBOT_CONTROLLER_PREFERENCE(20), attempt: 0
11-03 20:38:54.699 18977 19027 W LynxPwmOutputController: LynxSetPWMConfigurationCommand not implemented by lynx hw; ignoring
11-03 20:38:54.702 18977 19067 D MediaPlayer: setSubtitleAnchor in MediaPlayer
11-03 20:38:54.703 18977 18977 D MediaPlayer: setSubtitleAnchor in MediaPlayer
11-03 20:38:54.703 18977 19027 W LynxPwmOutputController: LynxSetPWMEnableCommand not implemented by lynx hw; ignoring
11-03 20:38:54.709 18977 19027 W LynxPwmOutputController: LynxSetPWMConfigurationCommand not implemented by lynx hw; ignoring
11-03 20:38:54.713 18977 19027 W LynxPwmOutputController: LynxSetPWMEnableCommand not implemented by lynx hw; ignoring
11-03 20:38:54.718 18977 19027 W LynxPwmOutputController: LynxSetPWMConfigurationCommand not implemented by lynx hw; ignoring
11-03 20:38:54.718 18977 19027 V LynxAnalogInputController: initializeHardware() mod#=2
11-03 20:38:54.718 18977 19027 V LynxDigitalChannelController: initializeHardware() mod#=2
11-03 20:38:54.747 18977 19065 D ExtendedUtils: extended extractor not needed, return default
11-03 20:38:54.748 18977 19065 I MediaCodec: (0xb8c6fc88) init name(audio/raw) isType(1) encoder(0)
11-03 20:38:54.750 18977 19071 I OMXClient: Using client-side OMX mux.
11-03 20:38:54.752 18977 19027 V RobotCore: Creating Lynx Color/Range Sensor - mod=2 bus=1
11-03 20:38:54.752 18977 19027 I RobotCore: LynxFirmwareVersionManager: LynxI2cDeviceSynchV1
11-03 20:38:54.752 18977 19027 V LynxI2cDeviceSynch: initializeHardware() mod#=2
11-03 20:38:54.753 18977 19027 V AMSColorSensorImpl: internalInitialize()...
