10-28 14:27:10.978 30603 30690 E RobotCore:     at java.util.concurrent.ThreadPoolExecutor.runWorker(ThreadPoolExecutor.java:1113)
10-28 14:27:10.978 30603 30690 E RobotCore:     at java.util.concurrent.ThreadPoolExecutor$Worker.run(ThreadPoolExecutor.java:588)
10-28 14:27:10.978 30603 30690 E RobotCore:     at java.lang.Thread.run(Thread.java:818)
10-28 14:27:10.978 30603 30690 E RobotCore: thread id=1365 tid=0 name="pool-2-thread-1"
10-28 14:27:10.978 30603 30690 E RobotCore:     at java.lang.Object.wait(Native Method)
10-28 14:27:10.978 30603 30690 E RobotCore:     at java.lang.Thread.parkFor$(Thread.java:1220)
10-28 14:27:10.978 30603 30690 E RobotCore:     at sun.misc.Unsafe.park(Unsafe.java:299)
10-28 14:27:10.978 30603 30690 E RobotCore:     at java.util.concurrent.locks.LockSupport.parkNanos(LockSupport.java:198)
10-28 14:27:10.978 30603 30690 E RobotCore:     at java.util.concurrent.locks.AbstractQueuedSynchronizer$ConditionObject.awaitNanos(AbstractQueuedSynchronizer.java:2053)
10-28 14:27:10.978 30603 30690 E RobotCore:     at java.util.concurrent.ScheduledThreadPoolExecutor$DelayedWorkQueue.take(ScheduledThreadPoolExecutor.java:1090)
10-28 14:27:10.978 30603 30690 E RobotCore:     at java.util.concurrent.ScheduledThreadPoolExecutor$DelayedWorkQueue.take(ScheduledThreadPoolExecutor.java:1071)
10-28 14:27:10.978 30603 30690 E RobotCore:     at java.util.concurrent.ThreadPoolExecutor.getTask(ThreadPoolExecutor.java:1038)
10-28 14:27:10.978 30603 30690 E RobotCore:     at java.util.concurrent.ThreadPoolExecutor.runWorker(ThreadPoolExecutor.java:1098)
10-28 14:27:10.978 30603 30690 E RobotCore:     at java.util.concurrent.ThreadPoolExecutor$Worker.run(ThreadPoolExecutor.java:588)
10-28 14:27:10.978 30603 30690 E RobotCore:     at java.lang.Thread.run(Thread.java:818)
10-28 14:27:10.978 30603 30690 E RobotCore: thread id=1357 tid=30681 name="SoundPlayer"
10-28 14:27:10.978 30603 30690 E RobotCore:     at java.lang.Object.wait(Native Method)
10-28 14:27:10.978 30603 30690 E RobotCore:     at java.lang.Thread.parkFor$(Thread.java:1220)
10-28 14:27:10.978 30603 30690 E RobotCore:     at sun.misc.Unsafe.park(Unsafe.java:299)
10-28 14:27:10.979 30603 30690 E RobotCore:     at java.util.concurrent.locks.LockSupport.park(LockSupport.java:158)
10-28 14:27:10.979 30603 30690 E RobotCore:     at java.util.concurrent.locks.AbstractQueuedSynchronizer$ConditionObject.await(AbstractQueuedSynchronizer.java:2013)
10-28 14:27:10.979 30603 30690 E RobotCore:     at java.util.concurrent.LinkedBlockingQueue.take(LinkedBlockingQueue.java:410)
10-28 14:27:10.979 30603 30690 E RobotCore:     at java.util.concurrent.ThreadPoolExecutor.getTask(ThreadPoolExecutor.java:1038)
10-28 14:27:10.979 30603 30690 E RobotCore:     at java.util.concurrent.ThreadPoolExecutor.runWorker(ThreadPoolExecutor.java:1098)
10-28 14:27:10.979 30603 30690 E RobotCore:     at java.util.concurrent.ThreadPoolExecutor$Worker.run(ThreadPoolExecutor.java:588)
10-28 14:27:10.979 30603 30690 E RobotCore:     at com.qualcomm.robotcore.util.ThreadPool$ThreadFactoryImpl$1.run(ThreadPool.java:764)
10-28 14:27:10.979 30603 30690 E RobotCore:     at java.lang.Thread.run(Thread.java:818)
10-28 14:27:10.979 30603 30690 E RobotCore: thread id=1326 tid=0 name="Thread-1326"
10-28 14:27:10.979 30603 30690 E RobotCore: thread id=1358 tid=0 name="SoundPool"
10-28 14:27:10.979 30603 30690 E RobotCore: thread id=1364 tid=30690 name="OpModeStuckCodeMonitor-#0"
10-28 14:27:10.979 30603 30690 E RobotCore:     at dalvik.system.VMStack.getThreadStackTrace(Native Method)
10-28 14:27:10.979 30603 30690 E RobotCore:     at java.lang.Thread.getStackTrace(Thread.java:580)
10-28 14:27:10.979 30603 30690 E RobotCore:     at java.lang.Thread.getAllStackTraces(Thread.java:522)
10-28 14:27:10.979 30603 30690 E RobotCore:     at org.firstinspires.ftc.robotcore.internal.opmode.OpModeManagerImpl$OpModeStuckCodeMonitor$Runner.run(OpModeManagerImpl.java:456)
10-28 14:27:10.979 30603 30690 E RobotCore:     at java.util.concurrent.ThreadPoolExecutor.runWorker(ThreadPoolExecutor.java:1113)
10-28 14:27:10.979 30603 30690 E RobotCore:     at java.util.concurrent.ThreadPoolExecutor$Worker.run(ThreadPoolExecutor.java:588)
10-28 14:27:10.979 30603 30690 E RobotCore:     at com.qualcomm.robotcore.util.ThreadPool$ThreadFactoryImpl$1.run(ThreadPool.java:764)
10-28 14:27:10.979 30603 30690 E RobotCore:     at java.lang.Thread.run(Thread.java:818)
10-28 14:27:10.979 30603 30690 E RobotCore: thread id=1310 tid=0 name="FinalizerDaemon"
10-28 14:27:10.979 30603 30690 E RobotCore:     at java.lang.Object.wait(Native Method)
10-28 14:27:10.979 30603 30690 E RobotCore:     at java.lang.Object.wait(Object.java:423)
10-28 14:27:10.979 30603 30690 E RobotCore:     at java.lang.ref.ReferenceQueue.remove(ReferenceQueue.java:101)
10-28 14:27:10.979 30603 30690 E RobotCore:     at java.lang.ref.ReferenceQueue.remove(ReferenceQueue.java:72)
10-28 14:27:10.979 30603 30690 E RobotCore:     at java.lang.Daemons$FinalizerDaemon.run(Daemons.java:185)
10-28 14:27:10.979 30603 30690 E RobotCore:     at java.lang.Thread.run(Thread.java:818)
10-28 14:27:10.979 30603 30690 E RobotCore: thread id=1308 tid=0 name="JDWP"
10-28 14:27:10.979 30603 30690 E RobotCore: thread id=1373 tid=0 name="Thread-1373"
10-28 14:27:10.979 30603 30690 E RobotCore: thread id=1321 tid=0 name="AsyncTask #1"
10-28 14:27:10.979 30603 30690 E RobotCore:     at java.lang.Object.wait(Native Method)
10-28 14:27:10.979 30603 30690 E RobotCore:     at java.lang.Thread.parkFor$(Thread.java:1220)
10-28 14:27:10.979 30603 30690 E RobotCore:     at sun.misc.Unsafe.park(Unsafe.java:299)
10-28 14:27:10.979 30603 30690 E RobotCore:     at java.util.concurrent.locks.LockSupport.park(LockSupport.java:158)
10-28 14:27:10.979 30603 30690 E RobotCore:     at java.util.concurrent.locks.AbstractQueuedSynchronizer$ConditionObject.await(AbstractQueuedSynchronizer.java:2013)
10-28 14:27:10.980 30603 30690 E RobotCore:     at java.util.concurrent.LinkedBlockingQueue.take(LinkedBlockingQueue.java:410)
10-28 14:27:10.980 30603 30690 E RobotCore:     at java.util.concurrent.ThreadPoolExecutor.getTask(ThreadPoolExecutor.java:1038)
10-28 14:27:10.980 30603 30690 E RobotCore:     at java.util.concurrent.ThreadPoolExecutor.runWorker(ThreadPoolExecutor.java:1098)
10-28 14:27:10.980 30603 30690 E RobotCore:     at java.util.concurrent.ThreadPoolExecutor$Worker.run(ThreadPoolExecutor.java:588)
10-28 14:27:10.980 30603 30690 E RobotCore:     at java.lang.Thread.run(Thread.java:818)
10-28 14:27:10.980 30603 30690 E RobotCore: thread id=1344 tid=0 name="AsyncTask #2"
10-28 14:27:10.980 30603 30690 E RobotCore:     at java.lang.Object.wait(Native Method)
10-28 14:27:10.980 30603 30690 E RobotCore:     at java.lang.Thread.parkFor$(Thread.java:1220)
10-28 14:27:10.980 30603 30690 E RobotCore:     at sun.misc.Unsafe.park(Unsafe.java:299)
10-28 14:27:10.980 30603 30690 E RobotCore:     at java.util.concurrent.locks.LockSupport.park(LockSupport.java:158)
10-28 14:27:10.980 30603 30690 E RobotCore:     at java.util.concurrent.locks.AbstractQueuedSynchronizer$ConditionObject.await(AbstractQueuedSynchronizer.java:2013)
10-28 14:27:10.980 30603 30690 E RobotCore:     at java.util.concurrent.LinkedBlockingQueue.take(LinkedBlockingQueue.java:410)
10-28 14:27:10.980 30603 30690 E RobotCore:     at java.util.concurrent.ThreadPoolExecutor.getTask(ThreadPoolExecutor.java:1038)
10-28 14:27:10.980 30603 30690 E RobotCore:     at java.util.concurrent.ThreadPoolExecutor.runWorker(ThreadPoolExecutor.java:1098)
10-28 14:27:10.980 30603 30690 E RobotCore:     at java.util.concurrent.ThreadPoolExecutor$Worker.run(ThreadPoolExecutor.java:588)
10-28 14:27:10.980 30603 30690 E RobotCore:     at java.lang.Thread.run(Thread.java:818)
10-28 14:27:10.980 30603 30690 E RobotCore: thread id=1307 tid=0 name="Signal Catcher"
10-28 14:27:10.980 30603 30690 E RobotCore: thread id=1347 tid=0 name="pool-9-thread-1"
10-28 14:27:10.980 30603 30690 E RobotCore:     at java.lang.Object.wait(Native Method)
10-28 14:27:10.980 30603 30690 E RobotCore:     at java.lang.Thread.parkFor$(Thread.java:1220)
10-28 14:27:10.980 30603 30690 E RobotCore:     at sun.misc.Unsafe.park(Unsafe.java:299)
10-28 14:27:10.980 30603 30690 E RobotCore:     at java.util.concurrent.locks.LockSupport.park(LockSupport.java:158)
10-28 14:27:10.980 30603 30690 E RobotCore:     at java.util.concurrent.locks.AbstractQueuedSynchronizer$ConditionObject.await(AbstractQueuedSynchronizer.java:2013)
10-28 14:27:10.980 30603 30690 E RobotCore:     at java.util.concurrent.LinkedBlockingDeque.takeFirst(LinkedBlockingDeque.java:460)
10-28 14:27:10.980 30603 30690 E RobotCore:     at org.firstinspires.ftc.robotcore.internal.network.RecvLoopRunnable$CommandProcessor.run(RecvLoopRunnable.java:90)
10-28 14:27:10.980 30603 30690 E RobotCore:     at java.util.concurrent.ThreadPoolExecutor.runWorker(ThreadPoolExecutor.java:1113)
10-28 14:27:10.980 30603 30690 E RobotCore:     at java.util.concurrent.ThreadPoolExecutor$Worker.run(ThreadPoolExecutor.java:588)
10-28 14:27:10.980 30603 30690 E RobotCore:     at java.lang.Thread.run(Thread.java:818)
10-28 14:27:10.980 30603 30690 E RobotCore: thread id=1316 tid=0 name="java.lang.ProcessManager"
10-28 14:27:10.980 30603 30690 E RobotCore:     at libcore.io.Posix.waitpid(Native Method)
10-28 14:27:10.981 30603 30690 E RobotCore:     at libcore.io.ForwardingOs.waitpid(ForwardingOs.java:173)
10-28 14:27:10.981 30603 30690 E RobotCore:     at java.lang.ProcessManager.watchChildren(ProcessManager.java:86)
10-28 14:27:10.981 30603 30690 E RobotCore:     at java.lang.ProcessManager.-wrap0(ProcessManager.java)
10-28 14:27:10.981 30603 30690 E RobotCore:     at java.lang.ProcessManager$1.run(ProcessManager.java:58)
10-28 14:27:10.982 30603 30690 E RobotCore: thread id=1323 tid=0 name="GoogleApiHandler"
10-28 14:27:10.982 30603 30690 E RobotCore:     at android.os.MessageQueue.nativePollOnce(Native Method)
10-28 14:27:10.982 30603 30690 E RobotCore:     at android.os.MessageQueue.next(MessageQueue.java:323)
10-28 14:27:10.982 30603 30690 E RobotCore:     at android.os.Looper.loop(Looper.java:135)
10-28 14:27:10.982 30603 30690 E RobotCore:     at android.os.HandlerThread.run(HandlerThread.java:61)
10-28 14:27:10.982 30603 30690 E RobotCore: thread id=1338 tid=30654 name="MTPMonitor-#0"
10-28 14:27:10.982 30603 30690 E RobotCore:     at java.lang.Thread.sleep(Native Method)
10-28 14:27:10.982 30603 30690 E RobotCore:     at java.lang.Thread.sleep(Thread.java:1031)
10-28 14:27:10.982 30603 30690 E RobotCore:     at java.lang.Thread.sleep(Thread.java:985)
10-28 14:27:10.982 30603 30690 E RobotCore:     at org.firstinspires.ftc.robotcore.internal.files.MediaTransferProtocolMonitor$1.run(MediaTransferProtocolMonitor.java:134)
10-28 14:27:10.982 30603 30690 E RobotCore:     at java.util.concurrent.Executors$RunnableAdapter.call(Executors.java:423)
10-28 14:27:10.982 30603 30690 E RobotCore:     at java.util.concurrent.FutureTask.run(FutureTask.java:237)
10-28 14:27:10.982 30603 30690 E RobotCore:     at java.util.concurrent.ThreadPoolExecutor.runWorker(ThreadPoolExecutor.java:1113)
10-28 14:27:10.982 30603 30690 E RobotCore:     at java.util.concurrent.ThreadPoolExecutor$Worker.run(ThreadPoolExecutor.java:588)
10-28 14:27:10.982 30603 30690 E RobotCore:     at com.qualcomm.robotcore.util.ThreadPool$ThreadFactoryImpl$1.run(ThreadPool.java:764)
10-28 14:27:10.982 30603 30690 E RobotCore:     at java.lang.Thread.run(Thread.java:818)
10-28 14:27:10.982 30603 30690 E RobotCore: thread id=1312 tid=0 name="HeapTaskDaemon"
10-28 14:27:10.982 30603 30690 E RobotCore:     at dalvik.system.VMRuntime.runHeapTasks(Native Method)
10-28 14:27:10.982 30603 30690 E RobotCore:     at java.lang.Daemons$HeapTaskDaemon.run(Daemons.java:355)
10-28 14:27:10.982 30603 30690 E RobotCore:     at java.lang.Thread.run(Thread.java:818)
10-28 14:27:10.982 30603 30690 E RobotCore: thread id=1332 tid=0 name="FileObserver"
10-28 14:27:10.982 30603 30690 E RobotCore:     at android.os.FileObserver$ObserverThread.observe(Native Method)
10-28 14:27:10.982 30603 30690 E RobotCore:     at android.os.FileObserver$ObserverThread.run(FileObserver.java:85)
10-28 14:27:10.982 30603 30690 E RobotCore: thread id=1339 tid=0 name="Thread-1339"
10-28 14:27:10.982 30603 30690 E RobotCore: thread id=1355 tid=30677 name="lynx module executor-#0"
10-28 14:27:10.982 30603 30690 E RobotCore:     at java.lang.Object.wait(Native Method)
10-28 14:27:10.982 30603 30690 E RobotCore:     at java.lang.Thread.parkFor$(Thread.java:1220)
10-28 14:27:10.982 30603 30690 E RobotCore:     at sun.misc.Unsafe.park(Unsafe.java:299)
10-28 14:27:10.983 30603 30690 E RobotCore:     at java.util.concurrent.locks.LockSupport.parkNanos(LockSupport.java:198)
10-28 14:27:10.983 30603 30690 E RobotCore:     at java.util.concurrent.locks.AbstractQueuedSynchronizer$ConditionObject.awaitNanos(AbstractQueuedSynchronizer.java:2053)
10-28 14:27:10.983 30603 30690 E RobotCore:     at java.util.concurrent.ScheduledThreadPoolExecutor$DelayedWorkQueue.take(ScheduledThreadPoolExecutor.java:1090)
10-28 14:27:10.983 30603 30690 E RobotCore:     at java.util.concurrent.ScheduledThreadPoolExecutor$DelayedWorkQueue.take(ScheduledThreadPoolExecutor.java:1071)
10-28 14:27:10.983 30603 30690 E RobotCore:     at java.util.concurrent.ThreadPoolExecutor.getTask(ThreadPoolExecutor.java:1038)
10-28 14:27:10.983 30603 30690 E RobotCore:     at java.util.concurrent.ThreadPoolExecutor.runWorker(ThreadPoolExecutor.java:1098)
10-28 14:27:10.983 30603 30690 E RobotCore:     at java.util.concurrent.ThreadPoolExecutor$Worker.run(ThreadPoolExecutor.java:588)
10-28 14:27:10.983 30603 30690 E RobotCore:     at com.qualcomm.robotcore.util.ThreadPool$ThreadFactoryImpl$1.run(ThreadPool.java:764)
10-28 14:27:10.983 30603 30690 E RobotCore:     at java.lang.Thread.run(Thread.java:818)
10-28 14:27:10.983 30603 30690 E RobotCore: thread id=1324 tid=0 name="Chrome_ProcessLauncherThread"
10-28 14:27:10.983 30603 30690 E RobotCore:     at android.os.MessageQueue.nativePollOnce(Native Method)
10-28 14:27:10.983 30603 30690 E RobotCore:     at android.os.MessageQueue.next(MessageQueue.java:323)
10-28 14:27:10.983 30603 30690 E RobotCore:     at android.os.Looper.loop(Looper.java:135)
10-28 14:27:10.983 30603 30690 E RobotCore:     at android.os.HandlerThread.run(HandlerThread.java:61)
10-28 14:27:10.983 30603 30690 E RobotCore: thread id=1374 tid=0 name="Thread-1374"
10-28 14:27:10.983 30603 30690 E RobotCore: thread id=1354 tid=30676 name="lynx module executor-#0"
10-28 14:27:10.983 30603 30690 E RobotCore:     at java.lang.Object.wait(Native Method)
10-28 14:27:10.983 30603 30690 E RobotCore:     at java.lang.Thread.parkFor$(Thread.java:1220)
10-28 14:27:10.983 30603 30690 E RobotCore:     at sun.misc.Unsafe.park(Unsafe.java:299)
10-28 14:27:10.987 30603 30691 V Robocol : sending CMD_SHOW_TOAST(594), attempt: 0
10-28 14:27:10.999 30603 30681 D MediaPlayer: setSubtitleAnchor in MediaPlayer
10-28 14:27:11.021 30603 30603 W MediaPlayer: mediaplayer went away with unhandled events
10-28 14:27:11.025 30603 30679 D ExtendedUtils: extended extractor not needed, return default
10-28 14:27:11.027 30603 30679 I MediaCodec: (0xb8104dd0) init name(audio/raw) isType(1) encoder(0)
10-28 14:27:11.029 30603 30769 I OMXClient: Using client-side OMX mux.
10-28 14:27:11.049 30603 30769 E OMXMaster: A component of name 'OMX.qcom.audio.decoder.aac' already exists, ignoring this one.
10-28 14:27:11.096 30603 30653 V RenderScript: 0xb811dfd0 Launching thread(s), CPUs 4
10-28 14:27:11.097 30603 30769 I MediaCodec: (0xb8104dd0) Component Allocated (OMX.google.raw.decoder)
10-28 14:27:11.098 30603 30679 I MediaCodec: (0xb8104dd0) configure surface(0x0) crypto(0x0) flags(0)
10-28 14:27:11.098 30603 30679 D MediaCodec: (0xb8104dd0) configure format: AMessage(what = 0x00000000) = {
10-28 14:27:11.098 30603 30679 D MediaCodec:    string mime = "audio/raw"
10-28 14:27:11.098 30603 30679 D MediaCodec:    int64_t durationUs = 929183
10-28 14:27:11.098 30603 30679 D MediaCodec:    int32_t channel-count = 2
10-28 14:27:11.098 30603 30679 D MediaCodec:    int32_t sample-rate = 44100
10-28 14:27:11.098 30603 30679 D MediaCodec:    int32_t channel-mask = 0
10-28 14:27:11.098 30603 30679 D MediaCodec:  }
10-28 14:27:11.100 30603 30679 I MediaCodec: (0xb8104dd0) start
10-28 14:27:11.101 30603 30769 I MediaCodec: (0xb8104dd0) input buffers allocated
10-28 14:27:11.101 30603 30769 I MediaCodec: (0xb8104dd0) numBuffers (4)
10-28 14:27:11.101 30603 30769 I MediaCodec: (0xb8104dd0) output buffers allocated
10-28 14:27:11.101 30603 30769 I MediaCodec: (0xb8104dd0) numBuffers (4)
10-28 14:27:11.104 30603 30769 I MediaCodec: (0xb8104dd0) codec output format changed
10-28 14:27:11.104 30603 30769 D MediaCodec: (0xb8104dd0) output format: AMessage(what = 'codc', target = 10) = {
10-28 14:27:11.104 30603 30769 D MediaCodec:    string mime = "audio/raw"
10-28 14:27:11.104 30603 30769 D MediaCodec:    int32_t channel-count = 2
10-28 14:27:11.104 30603 30769 D MediaCodec:    int32_t sample-rate = 44100
10-28 14:27:11.104 30603 30769 D MediaCodec:    int32_t channel-mask = 0
10-28 14:27:11.104 30603 30769 D MediaCodec:    int32_t what = 1869968451
10-28 14:27:11.104 30603 30769 D MediaCodec:  }
10-28 14:27:11.123 30603 30679 I MediaCodec: (0xb8104dd0) stop
10-28 14:27:11.126 30603 30679 I MediaCodec: (0xb8104dd0) release
10-28 14:27:11.137 30603 30681 W AudioTrack: AUDIO_OUTPUT_FLAG_FAST denied by client; transfer 4, track 44100 Hz, output 48000 Hz
10-28 14:27:11.552 30603 30703 I AR      : ObjectTracker: Successfully created dataset
10-28 14:27:11.552 30603 30703 V Vuforia : loading data set 'RelicVuMark'...
10-28 14:27:11.986 30603 30690 V AppUtil : restarting app
10-28 14:27:11.995 30603 30690 I art     : System.exit called, status: -1
10-28 14:27:11.995 30603 30690 I AndroidRuntime: VM exiting with result code -1, cleanup skipped.
10-28 14:27:13.529 30841 30841 I art     : Late-enabling -Xcheck:jni
10-28 14:27:13.625 30841 30841 V AppUtil : initializing: getExternalStorageDirectory()=/storage/emulated/0
10-28 14:27:13.628 30841 30854 V RobotCore: saving logcat to /storage/emulated/0/robotControllerLog.txt
10-28 14:27:13.629 30841 30854 V RobotCore: logging command line: logcat -f /storage/emulated/0/robotControllerLog.txt -r4096 -n4 -v threadtime UsbRequestJNI:S UsbRequest:S *:V
10-28 14:27:13.631 30841 30841 V ServiceStarter: attempting to start service MediaTransferProtocolMonitorService
10-28 14:27:13.638 30841 30841 V ServiceStarter: started service MediaTransferProtocolMonitorService
10-28 14:27:13.639 30841 30841 V ServiceStarter: attempting to start service OnBotJavaService
10-28 14:27:13.645 30841 30841 V ServiceStarter: started service OnBotJavaService
10-28 14:27:13.653 30841 30841 V AppUtil : rootActivity=FtcRobotControllerActivity
10-28 14:27:13.653 30841 30841 V RCActivity: onCreate()
10-28 14:27:13.672 30841 30841 V ThreadPool: container(0x08f60681: CallbackLooper) added id=1322 TID=0 count=1
10-28 14:27:13.674 30841 30859 V CallbackLooper: thread=1322
10-28 14:27:13.675 30856 30856 W ps      : type=1400 audit(0.0:9901): avc: denied { getattr } for uid=10124 path="/proc/1" dev="proc" ino=578681 scontext=u:r:untrusted_app:s0:c512,c768 tcontext=u:r:init:s0 tclass=dir permissive=0
10-28 14:27:13.675 30856 30856 W ps      : type=1400 audit(0.0:9902): avc: denied { search } for uid=10124 name="1" dev="proc" ino=578681 scontext=u:r:untrusted_app:s0:c512,c768 tcontext=u:r:init:s0 tclass=dir permissive=0
10-28 14:27:13.675 30856 30856 W ps      : type=1400 audit(0.0:9903): avc: denied { search } for uid=10124 name="1" dev="proc" ino=578681 scontext=u:r:untrusted_app:s0:c512,c768 tcontext=u:r:init:s0 tclass=dir permissive=0
10-28 14:27:13.675 30856 30856 W ps      : type=1400 audit(0.0:9904): avc: denied { getattr } for uid=10124 path="/proc/2" dev="proc" ino=578682 scontext=u:r:untrusted_app:s0:c512,c768 tcontext=u:r:kernel:s0 tclass=dir permissive=0
10-28 14:27:13.675 30856 30856 W ps      : type=1400 audit(0.0:9905): avc: denied { search } for uid=10124 name="2" dev="proc" ino=578682 scontext=u:r:untrusted_app:s0:c512,c768 tcontext=u:r:kernel:s0 tclass=dir permissive=0
10-28 14:27:13.675 30856 30856 W ps      : type=1400 audit(0.0:9906): avc: denied { search } for uid=10124 name="2" dev="proc" ino=578682 scontext=u:r:untrusted_app:s0:c512,c768 tcontext=u:r:kernel:s0 tclass=dir permissive=0
10-28 14:27:13.675 30856 30856 W ps      : type=1400 audit(0.0:9907): avc: denied { getattr } for uid=10124 path="/proc/3" dev="proc" ino=578683 scontext=u:r:untrusted_app:s0:c512,c768 tcontext=u:r:kernel:s0 tclass=dir permissive=0
10-28 14:27:13.675 30856 30856 W ps      : type=1400 audit(0.0:9908): avc: denied { search } for uid=10124 name="3" dev="proc" ino=578683 scontext=u:r:untrusted_app:s0:c512,c768 tcontext=u:r:kernel:s0 tclass=dir permissive=0
10-28 14:27:13.675 30856 30856 W ps      : type=1400 audit(0.0:9909): avc: denied { search } for uid=10124 name="3" dev="proc" ino=578683 scontext=u:r:untrusted_app:s0:c512,c768 tcontext=u:r:kernel:s0 tclass=dir permissive=0
10-28 14:27:13.675 30856 30856 W ps      : type=1400 audit(0.0:9910): avc: denied { getattr } for uid=10124 path="/proc/5" dev="proc" ino=578684 scontext=u:r:untrusted_app:s0:c512,c768 tcontext=u:r:kernel:s0 tclass=dir permissive=0
10-28 14:27:13.675 30856 30856 W ps      : type=1400 audit(0.0:9911): avc: denied { search } for uid=10124 name="5" dev="proc" ino=578684 scontext=u:r:untrusted_app:s0:c512,c768 tcontext=u:r:kernel:s0 tclass=dir permissive=0
10-28 14:27:13.675 30856 30856 W ps      : type=1400 audit(0.0:9912): avc: denied { search } for uid=10124 name="5" dev="proc" ino=578684 scontext=u:r:untrusted_app:s0:c512,c768 tcontext=u:r:kernel:s0 tclass=dir permissive=0
10-28 14:27:13.675 30856 30856 W ps      : type=1400 audit(0.0:9913): avc: denied { getattr } for uid=10124 path="/proc/6" dev="proc" ino=578685 scontext=u:r:untrusted_app:s0:c512,c768 tcontext=u:r:kernel:s0 tclass=dir permissive=0
10-28 14:27:13.675 30856 30856 W ps      : type=1400 audit(0.0:9914): avc: denied { search } for uid=10124 name="6" dev="proc" ino=578685 scontext=u:r:untrusted_app:s0:c512,c768 tcontext=u:r:kernel:s0 tclass=dir permissive=0
10-28 14:27:13.675 30856 30856 W ps      : type=1400 audit(0.0:9915): avc: denied { search } for uid=10124 name="6" dev="proc" ino=578685 scontext=u:r:untrusted_app:s0:c512,c768 tcontext=u:r:kernel:s0 tclass=dir permissive=0
10-28 14:27:13.675 30856 30856 W ps      : type=1400 audit(0.0:9916): avc: denied { getattr } for uid=10124 path="/proc/7" dev="proc" ino=578686 scontext=u:r:untrusted_app:s0:c512,c768 tcontext=u:r:kernel:s0 tclass=dir permissive=0
10-28 14:27:13.675 30856 30856 W ps      : type=1400 audit(0.0:9917): avc: denied { search } for uid=10124 name="7" dev="proc" ino=578686 scontext=u:r:untrusted_app:s0:c512,c768 tcontext=u:r:kernel:s0 tclass=dir permissive=0
10-28 14:27:13.675 30856 30856 W ps      : type=1400 audit(0.0:9918): avc: denied { search } for uid=10124 name="7" dev="proc" ino=578686 scontext=u:r:untrusted_app:s0:c512,c768 tcontext=u:r:kernel:s0 tclass=dir permissive=0
10-28 14:27:13.675 30856 30856 W ps      : type=1400 audit(0.0:9919): avc: denied { getattr } for uid=10124 path="/proc/8" dev="proc" ino=578687 scontext=u:r:untrusted_app:s0:c512,c768 tcontext=u:r:kernel:s0 tclass=dir permissive=0
10-28 14:27:13.675 30856 30856 W ps      : type=1400 audit(0.0:9920): avc: denied { search } for uid=10124 name="8" dev="proc" ino=578687 scontext=u:r:untrusted_app:s0:c512,c768 tcontext=u:r:kernel:s0 tclass=dir permissive=0
10-28 14:27:13.677 30841 30841 V NetDiscover_wifiDirectAgent: doStart()...
10-28 14:27:13.680 30841 30859 V NetDiscover_wifiDirectAgent_bcast: wifiP2pEnabled=true
10-28 14:27:13.685 30841 30859 D NetDiscover_wifiDirectAgent_bcast: connection changed: networkInfo.state=CONNECTED
10-28 14:27:13.686 30841 30859 V NetDiscover_wifiDirectAgent_bcast: NetworkInfo: [type: WIFI_P2P[], state: CONNECTED/CONNECTED, reason: (unspecified), extra: (none), roaming: false, failover: false, isAvailable: true]
10-28 14:27:13.686 30841 30859 V NetDiscover_wifiDirectAgent_bcast: WifiP2pInfo: groupFormed: true isGroupOwner: true operatingChannel: 2412 groupOwnerAddress: /192.168.49.1 mccMode: false
10-28 14:27:13.686 30841 30859 V NetDiscover_wifiDirectAgent_bcast: WifiP2pGroup: network: DIRECT-MA-12611-RC, isGO: true, Operating Channel: 2412, GO: Device: , deviceAddress: 80:58:f8:59:b8:0f, primary type: null, secondary type: null, wps: 0, grpcapab: 0, devcapab: 0, status: 4, wfdInfo: WFD enabled: falseWFD DeviceInfo: 0, WFD CtrlPort: 0, WFD MaxThroughput: 0, level: 0, Client: Device: , deviceAddress: b0:c0:90:6d:b3:33, primary type: null, secondary type: null, wps: 0, grpcapab: 0, devcapab: 0, status: 4, wfdInfo: null, level: 0, Client: Device: 12611-DS, deviceAddress: 80:58:f8:58:99:a3, primary type: 10-0050F204-5, secondary type: null, wps: 392, grpcapab: 0, devcapab: 37, status: 0, wfdInfo: null, level: 60, interface: p2p0, networkId: 0, mGoOperFreq: 2412
10-28 14:27:13.688 30841 30841 V NetDiscover_wifiDirectAgent: ...doStart()
10-28 14:27:13.688 30841 30859 V NetDiscover_wifiDirectAgent_bcast: this device changed: Device=12611-RC deviceAddress=80:58:f8:59:b8:0f primary type=10-0050F204-5 secondary type=null wps=0 grpcapab=0 devcapab=0 status=0 wfdInfo=WFD enabled=falseWFD DeviceInfo=0 WFD CtrlPort=0 WFD MaxThroughput=0 level=0
10-28 14:27:13.689 30841 30859 V NetDiscover_wifiDirectAgent_bcast: p2p discoverPeers()=false
10-28 14:27:13.689 30841 30859 V NetDiscover_wifiDirectAgent_bcast: wifi direct remembered groups cleared
10-28 14:27:13.689 30841 30841 V NetDiscover_name: doStart()...
10-28 14:27:13.689 30841 30841 V NetDiscover_name: ...doStart()
10-28 14:27:13.690 30841 30841 V NetDiscover_prefremrc: ----- all preferences -----
10-28 14:27:13.690 30841 30841 V NetDiscover_prefremrc: name='pref_wifip2p_groupowner_connectedto' value=
10-28 14:27:13.690 30841 30841 V NetDiscover_prefremrc: name='last_upload_date' value=1506299818779
10-28 14:27:13.690 30841 30841 V NetDiscover_prefremrc: name='pref_has_independent_phone_battery' value=true
10-28 14:27:13.690 30841 30841 V NetDiscover_prefremrc: name='max_usb_devices' value=0
10-28 14:27:13.690 30841 30841 V NetDiscover_prefremrc: name='pref_app_theme' value=teal
10-28 14:27:13.690 30841 30841 V NetDiscover_prefremrc: name='pref_wifip2p_remote_channel_change_works' value=true
10-28 14:27:13.690 30841 30841 V NetDiscover_prefremrc: name='pref_device_name' value=12611-RC
10-28 14:27:13.690 30841 30841 V NetDiscover_prefremrc: name='pref_hardware_config_filename' value={"isDirty":false,"location":"LOCAL_STORAGE","name":"Relic Recovery Auto","resourceId":0}
10-28 14:27:13.690 30841 30841 V NetDiscover_prefremrc: name='pref_device_name_old' value=12611-RC
10-28 14:27:13.690 30841 30841 V NetDiscover_prefremrc: name='pref_network_connection_type' value=WIFIDIRECT
10-28 14:27:13.690 30841 30841 V NetDiscover_prefremrc: name='pref_device_name_tracking' value=WIFIDIRECT
10-28 14:27:13.690 30841 30841 V NetDiscover_prefremrc: name='pref_sound_on_off' value=false
10-28 14:27:13.690 30841 30841 V NetDiscover_prefremrc: name='pref_rc_connected' value=true
10-28 14:27:13.691 30841 30841 V NetDiscover_prefremrc: doStart()...
10-28 14:27:13.691 30841 30841 V NetDiscover_prefremrc: ...doStart()
10-28 14:27:13.691 30841 30859 V NetDiscover_wifiDirectAgent_bcast: wifiState=ENABLED
10-28 14:27:13.691 30841 30859 V NetDiscover_wifiDirectAgent: found persistent group: DIRECT-MA-12611-RC
10-28 14:27:13.726 30841 30841 I WebViewFactory: Loading com.google.android.webview version 61.0.3163.98 (code 316309800)
10-28 14:27:13.775 30841 30841 I art     : Rejecting re-init on previously-failed class java.lang.Class<com.android.webview.chromium.TokenBindingManagerAdapter>
10-28 14:27:13.775 30841 30841 I art     : Rejecting re-init on previously-failed class java.lang.Class<com.android.webview.chromium.TokenBindingManagerAdapter>
10-28 14:27:13.783 30841 30841 I art     : Rejecting re-init on previously-failed class java.lang.Class<com.android.webview.chromium.ServiceWorkerControllerAdapter>
10-28 14:27:13.783 30841 30841 I art     : Rejecting re-init on previously-failed class java.lang.Class<com.android.webview.chromium.ServiceWorkerControllerAdapter>
10-28 14:27:13.790 30841 30841 I cr_LibraryLoader: Time to load native libraries: 3 ms (timestamps 7926-7929)
10-28 14:27:13.821 30841 30841 I chromium: [INFO:library_loader_hooks.cc(136)] Chromium logging enabled: level = 0, default verbosity = 0
10-28 14:27:13.821 30841 30841 I cr_LibraryLoader: Expected native library version number "61.0.3163.98", actual native library version number "61.0.3163.98"
10-28 14:27:13.855 30841 30841 I cr_BrowserStartup: Initializing chromium process, singleProcess=true
10-28 14:27:13.888 30841 30841 I Adreno-EGL: <qeglDrvAPI_eglInitialize:379>: EGL 1.4 QUALCOMM build:  (Ifd751822f5)
10-28 14:27:13.888 30841 30841 I Adreno-EGL: OpenGL ES Shader Compiler Version: XE031.06.00.05
10-28 14:27:13.888 30841 30841 I Adreno-EGL: Build Date: 01/26/16 Tue
10-28 14:27:13.888 30841 30841 I Adreno-EGL: Local Branch: AU12_SBA
10-28 14:27:13.888 30841 30841 I Adreno-EGL: Remote Branch: 
10-28 14:27:13.888 30841 30841 I Adreno-EGL: Local Patches: 
10-28 14:27:13.888 30841 30841 I Adreno-EGL: Reconstruct Branch: 
10-28 14:27:15.721 30841 30841 W art     : No such thread id for suspend: 24
10-28 14:27:15.732 30841 30841 V RobotCore: Network: inactive, disconnected
10-28 14:27:15.732 30841 30841 V ServiceStarter: attempting to start service FtcRobotControllerWatchdogService
10-28 14:27:15.735 30841 30841 V ServiceStarter: started service FtcRobotControllerWatchdogService
10-28 14:27:15.741 30841 30841 V RobotCore: BuildConfig: versionCode=24 versionName=3.4 module=com.qualcomm.ftcrobotcontroller
10-28 14:27:15.742 30841 30841 V RobotCore: BuildConfig: versionCode=34 versionName=5.12 module=com.qualcomm.robotcore
10-28 14:27:15.742 30841 30841 V RobotCore: BuildConfig: versionCode=34 versionName=5.12 module=com.qualcomm.hardware
10-28 14:27:15.742 30841 30841 V RobotCore: BuildConfig: versionCode=34 versionName=5.12 module=com.qualcomm.ftccommon
10-28 14:27:15.742 30841 30841 V RobotCore: BuildConfig: versionCode=34 versionName=5.12 module=com.google.blocks
10-28 14:27:15.742 30841 30841 V RobotCore: BuildConfig: versionCode=34 versionName=5.12 module=org.firstinspires.inspection
10-28 14:27:15.743 30841 30841 V RCActivity: onStart()
10-28 14:27:15.744 30841 30841 V RCActivity: onResume()
10-28 14:27:15.771 30841 30889 D OpenGLRenderer: Use EGL_SWAP_BEHAVIOR_PRESERVED: true
10-28 14:27:15.838 30841 30841 V MTPMonitorService: onCreate()
10-28 14:27:15.838 30841 30841 V MTPMonitorService: onStartCommand() intent=Intent { cmp=com.qualcomm.ftcrobotcontroller/org.firstinspires.ftc.robotcore.internal.files.MediaTransferProtocolMonitorService } flags=0x0 startId=1
10-28 14:27:15.839 30841 30841 V ThreadPool: container(0x057652b0: MTPMonitor) added id=1340 TID=0 count=1
10-28 14:27:15.839 30841 30841 V MTPMonitor: observing: /storage/emulated/0
10-28 14:27:15.852 30841 30841 W FileObserverManager: upgrading mask: path=/storage/emulated/0/FIRST/blocks old=0x00000ffc new=0x00004ffc: might possibly miss event
10-28 14:27:15.855 30841 30841 W FileObserverManager: upgrading mask: path=/storage/emulated/0/FIRST/java/status old=0x00000ffc new=0x00004ffc: might possibly miss event
10-28 14:27:16.001 30841 30841 V OnBotJavaService: onCreate()
10-28 14:27:16.001 30841 30841 V OnBotJavaService: onStartCommand() intent=Intent { cmp=com.qualcomm.ftcrobotcontroller/org.firstinspires.ftc.robotcore.internal.opmode.OnBotJavaService } flags=0x0 startId=1
10-28 14:27:16.002 30841 30841 V OnBotJava: ctor()...
10-28 14:27:16.002 30841 30841 V OnBotJava: ...ctor()
10-28 14:27:16.012 30841 30841 V FtcRobotControllerWatchdogService: onCreate()
10-28 14:27:16.012 30841 30841 V FtcRobotControllerWatchdogService: onStartCommand() intent=Intent { cmp=com.qualcomm.ftcrobotcontroller/org.firstinspires.ftc.ftccommon.internal.FtcRobotControllerWatchdogService } flags=0x0 startId=1
10-28 14:27:16.012 30841 30841 V FtcRobotControllerWatchdogService: shouldAutoLauchRobotController() result=false
10-28 14:27:16.013 30841 30841 V WebServer: creating NanoHTTPD(8080)
10-28 14:27:16.024 30841 30841 V FTCService: onCreate()
10-28 14:27:16.025 30841 30841 V FTCService: onBind()
10-28 14:27:16.025 30841 30841 V FTCService: Android Device: maker=motorola model=XT1609 sdk=23
10-28 14:27:16.027 30841 30841 V RobotCore: Getting network assistant of type: WIFIDIRECT
10-28 14:27:16.029 30841 30841 V NetDiscover_prefremrc: onSharedPreferenceChanged(name=pref_wifip2p_groupowner_connectedto, value=null)
10-28 14:27:16.030 30841 30841 V WifiDirect: There are 1 Wifi Direct Assistant Clients (+)
10-28 14:27:16.030 30841 30841 V WifiDirect: Enabling Wifi Direct Assistant
10-28 14:27:16.032 30841 30841 V WifiDirectInviteMonitor: startMonitoring()
10-28 14:27:16.085 30841 30889 I OpenGLRenderer: Initialized EGL, version 1.4
10-28 14:27:16.099 30841 30841 D WifiDirect: broadcast: state - enabled: true
10-28 14:27:16.099 30841 30841 D WifiDirect: broadcast: connection changed: connectStatus=NOT_CONNECTED networkInfo.state=CONNECTED
10-28 14:27:16.099 30841 30841 V WifiDirect: writing pref name=pref_wifip2p_groupowner_connectedto value=
10-28 14:27:16.099 30841 30841 V NetDiscover_prefremrc: onSharedPreferenceChanged(name=pref_wifip2p_groupowner_connectedto, value=)
10-28 14:27:16.100 30841 30841 D WifiDirect: broadcast: this device changed
10-28 14:27:16.100 30841 30841 V WifiDirect: device information: 12611-RC 80:58:f8:59:b8:0f
10-28 14:27:16.100 30841 30841 D WifiDirect: cannot create group, does group already exist?
10-28 14:27:16.100 30841 30841 V FTCService: RCActivity.controllerService=bound
10-28 14:27:16.100 30841 30841 V RobotCore: Network: unknown, disconnected
10-28 14:27:16.101 30841 30841 V RobotCore: Robot Status: stopped
10-28 14:27:16.109 30841 30841 V ThreadPool: container(0x0baae38e: default threadpool) added id=1343 TID=0 count=1
10-28 14:27:16.112 30841 30893 V RobotCore: thread: 'RobotSetupRunnable.run()' starting...
10-28 14:27:16.112 30841 30893 V FTCService: Processing robot setup
10-28 14:27:16.112 30841 30893 V RobotCore: Robot Status: stopped, scanning for USB devices
10-28 14:27:16.176 30841 30841 D WifiDirect: group owners address: /192.168.49.1
10-28 14:27:16.176 30841 30841 D WifiDirect: group formed, this device is the group owner (GO)
10-28 14:27:16.176 30841 30841 I FTCService: Wifi Direct - connected as group owner
10-28 14:27:16.182 30841 30841 V RobotCore: Network: enabled, disconnected
10-28 14:27:16.183 30841 30841 I BatteryChecker: percent remaining: 100 is charging: false
10-28 14:27:16.184 30841 30841 I BatteryChecker: percent remaining: 100 is charging: false
10-28 14:27:16.193 30841 30851 I art     : Background sticky concurrent mark sweep GC freed 49912(3MB) AllocSpace objects, 6(120KB) LOS objects, 22% free, 11MB/14MB, paused 5.016ms total 39.105ms
10-28 14:27:16.219 30841 30841 V WifiDirect: connection information available
10-28 14:27:16.219 30841 30841 V WifiDirect: connection information - groupOwnerName = 12611-RC
10-28 14:27:16.219 30841 30841 V WifiDirect: connection information - groupOwnerMacAddress = 80:58:f8:59:b8:0f
10-28 14:27:16.219 30841 30841 V WifiDirect: connection information - groupInterface = p2p0
10-28 14:27:16.219 30841 30841 V WifiDirect: connection information - groupNetworkName = DIRECT-MA-12611-RC
10-28 14:27:16.219 30841 30841 I FTCService: Network Connection Passphrase: NqsQx9uC
10-28 14:27:16.220 30841 30841 V WebServer: starting port=8080
10-28 14:27:16.231 30841 30841 V RobotCore: Getting network assistant of type: WIFIDIRECT
10-28 14:27:16.231 30841 30841 V WifiDirect: There are 2 Wifi Direct Assistant Clients (+)
10-28 14:27:16.231 30841 30841 V WebServer: started port=8080
10-28 14:27:16.231 30841 30841 V RobotCore: Network: active, disconnected
10-28 14:27:21.106 30841 30841 I BatteryChecker: percent remaining: 100 is charging: false
10-28 14:27:21.109 30841 30841 I BatteryChecker: percent remaining: 100 is charging: false
10-28 14:27:21.113 30841 30893 V RobotCore: EventLoopManager state is NOT_STARTED
10-28 14:27:21.113 30841 30893 V RobotCore: Robot Status: stopped, waiting for Wifi to enable
10-28 14:27:21.113 30841 30893 V RobotCore: Robot Status: stopped, waiting for Wifi Direct to enable
10-28 14:27:21.114 30841 30893 V RobotCore: Robot Status: stopped, waiting for network to become active
10-28 14:27:21.114 30841 30893 V RobotCore: Robot Status: stopped, starting robot
10-28 14:27:21.114 30841 30893 V Robocol : EventLoopManager.start()
10-28 14:27:21.114 30841 30893 V RobotCore: Getting network assistant of type: WIFIDIRECT
10-28 14:27:21.114 30841 30893 V Robocol : Spoofing a Network Connection event...
10-28 14:27:21.117 30841 30893 V ThreadPool: executive service EventLoop(0x068f0884) is terminated
10-28 14:27:21.117 30841 30893 V RobotCore: EventLoopManager state is STOPPED
10-28 14:27:21.117 30841 30893 V Robocol : eventLoop=FtcEventLoop
10-28 14:27:21.117 30841 30893 V RobotCore: EventLoopManager state is INIT
10-28 14:27:21.118 30841 30893 V RobotCore: Robot Status: initializing, starting robot
10-28 14:27:21.118 30841 30893 I FtcEventLoop: ======= INIT START =======
10-28 14:27:21.119 30841 30893 V OpmodeRegistration: registered {DefaultOpMode} as {$Stop$Robot$}
10-28 14:27:21.123 30841 30893 V FileBasedLock: locked /storage/emulated/0/FIRST/blocks/projectslock/lock.dat
10-28 14:27:21.123 30841 30893 V ThreadPool: container(0x0baae38e: default threadpool) added id=1348 TID=0 count=2
10-28 14:27:21.125 30841 30893 V FileBasedLock: unlocking /storage/emulated/0/FIRST/blocks/projectslock/lock.dat
10-28 14:27:21.126 30841 30900 V RobotCore: thread: 'SetupRunnable.run()' starting...
10-28 14:27:21.129 30841 30893 V OpmodeRegistration: registered {RelicRecoveryAutoTest} as {Auto Test}
10-28 14:27:21.129 30841 30893 V OpmodeRegistration: registered {RelicRecoveryTeleOpsLinear} as {Relic Recovery TeleOps (Linear)}
10-28 14:27:21.130 30841 30893 V OpmodeRegistration: registered {SensorMRRangeColorSensor} as {Sensor: MR range & Color sensor}
10-28 14:27:21.131 30841 30893 V OpmodeRegistration: registered {RelicRecoveryAutoBlue1} as {Auto Blue 1}
10-28 14:27:21.131 30841 30893 V OpmodeRegistration: registered {SensorTest} as {Sensor Test}
10-28 14:27:21.132 30841 30893 V OpmodeRegistration: registered {SensorREVColorDistance} as {Sensor: REVColorDistance}
10-28 14:27:21.132 30841 30893 V OpmodeRegistration: registered {RelivRecoveryAutoRed1} as {Auto Red 1}
10-28 14:27:21.134 30841 30841 D WifiDirect: cannot create group, does group already exist?
10-28 14:27:21.136 30841 30841 I BatteryChecker: percent remaining: 100 is charging: false
10-28 14:27:21.136 30841 30841 I BatteryChecker: percent remaining: 100 is charging: false
10-28 14:27:21.156 30841 30900 D Robocol : RobocolDatagramSocket listening addr=/192.168.49.1:20884 cbRec=65520 cbSend=163840 msRecTO=300
10-28 14:27:21.157 30841 30900 V Robocol : RecvLoopRunnable created
10-28 14:27:21.158 30841 30900 V PeerDiscovery: Starting peer discovery
10-28 14:27:21.159 30841 30900 V PeerDiscovery: No need for peer discovery, we are the peer discovery device
10-28 14:27:21.159 30841 30900 V RobotCore: Setup complete
10-28 14:27:21.159 30841 30900 V RobotCore: thread: ...terminating 'SetupRunnable.run()'
10-28 14:27:21.160 30841 30903 V RobotCore: thread: 'RecvLoopRunnable.run()' starting...
10-28 14:27:21.175 30841 30893 V HardwareFactory: createHardwareMap()
10-28 14:27:21.175 30841 30893 V WifiDirectInviteMonitor: clearUILynxModule()
10-28 14:27:21.179 30841 30893 V ReadXMLFileHandler: handleLynxModule() mod#=2...
10-28 14:27:21.179 30841 30893 V ConfigurationUtility: buildEmptyLynxModule() mod#=2...
10-28 14:27:21.180 30841 30893 V ConfigurationUtility: ...buildEmptyLynxModule() mod#=2
10-28 14:27:21.180 30841 30893 V ReadXMLFileHandler: ...handleLynxModule() mod#=2
10-28 14:27:21.180 30841 30893 V ReadXMLFileHandler: handleLynxModule() mod#=3...
10-28 14:27:21.180 30841 30893 V ConfigurationUtility: buildEmptyLynxModule() mod#=3...
10-28 14:27:21.181 30841 30893 V ConfigurationUtility: ...buildEmptyLynxModule() mod#=3
10-28 14:27:21.181 30841 30893 V ReadXMLFileHandler: ...handleLynxModule() mod#=3
10-28 14:27:21.182 30841 30893 V RobotCore: Creating REV Robotics USB Expansion Hub Portal [DQ143RN2]
10-28 14:27:21.182 30841 30893 V LynxUsb : creating new [DQ143RN2]: 0x0cea59aa
10-28 14:27:21.191 30841 30893 V ThreadPool: container(0x0a96299b: WatchdogMonitor) added id=1351 TID=0 count=1
10-28 14:27:21.198 30841 30893 V FtDevice: initialize(vid=0x0403 pid=0x6015 bcdDevice=0x1000)
10-28 14:27:21.199 30841 30893 V MonitoredUsbDeviceConnection: closing UsbDeviceConnection(DQ143RN2)
10-28 14:27:21.199 30841 30893 D UsbDeviceConnectionJNI: close
10-28 14:27:21.199 30841 30893 V MonitoredUsbDeviceConnection: closing UsbDeviceConnection(DQ143RN2)
10-28 14:27:21.199 30841 30893 D UsbDeviceConnectionJNI: close
10-28 14:27:21.199 30841 30893 V FtDeviceManager: createDeviceInfoList(): 1 USB devices
10-28 14:27:21.200 30841 30904 V ThreadPool: container(0x0a96299b: WatchdogMonitor) removed id=1351 TID=30904 count=1
10-28 14:27:21.203 30841 30893 V FtDevice: vv********************DQ143RN2 opening********************vv 0x0a6c6676
10-28 14:27:21.204 30841 30893 V FtDevice: ^^********************DQ143RN2 opened ********************^^
10-28 14:27:21.204 30841 30893 V FtDevice: resetting DQ143RN2
10-28 14:27:21.205 30841 30893 V ThreadPool: container(0x0a906511: WatchdogMonitor) added id=1354 TID=0 count=1
10-28 14:27:21.210 30841 30893 V LynxUsb : armDevice() serial=DQ143RN2...
10-28 14:27:21.210 30841 30893 V LynxModule: resetDevice() serial=DQ143RN2
10-28 14:27:21.458 30841 30903 E RobotCore: exception SocketTimeoutException(null): Robocol [libcore.io.IoBridge.maybeThrowAfterRecvfrom(IoBridge.java:594)]
10-28 14:27:21.563 30841 30893 V ThreadPool: container(0x0a18cb6f: lynx dg poller) added id=1355 TID=0 count=1
10-28 14:27:21.564 30841 30893 V LynxUsb : ...done armDevice()
10-28 14:27:21.564 30841 30893 V LynxUsb : 0x0ca64d05 on 0x0cea59aa: new delegate to [DQ143RN2]
10-28 14:27:21.564 30841 30893 V RobotCore: Creating Lynx Module - mod=2 parent=false
10-28 14:27:21.566 30841 30893 V RobotCore: Creating Lynx Module - mod=3 parent=true
10-28 14:27:21.566 30841 30893 V LynxUsb : addConfiguredModule() module#=3
10-28 14:27:21.566 30841 30893 V LynxModule: pingAndQueryKnownInterfaces mod=3
10-28 14:27:21.568 30841 30893 V ThreadPool: container(0x0358b967: lynx module executor) added id=1356 TID=0 count=1
10-28 14:27:21.569 30841 30909 V RobotCore: thread: 'lynx incoming datagrams' starting...
10-28 14:27:21.570 30841 30909 V LynxUsb : synchronization gained: serial=DQ143RN2
10-28 14:27:21.578 30841 30893 V LynxModule: queryInterface(DEKA)=49 commands
10-28 14:27:21.582 30841 30893 V LynxModule: mod#=3 intf=DEKA: expected 53 commands; found 49
10-28 14:27:21.587 30841 30893 V LynxModule: sendLEDPatternSteps(): #steps=8
10-28 14:27:21.590 30841 30910 V LynxModule: received status: LynxGetModuleStatusResponse(status=0x02 alerts=0x00: Reset)
10-28 14:27:21.599 30841 30893 V LynxUsb : addConfiguredModule() module#=2
10-28 14:27:21.599 30841 30893 V LynxModule: pingAndQueryKnownInterfaces mod=2
10-28 14:27:21.600 30841 30893 V ThreadPool: container(0x01c3b481: lynx module executor) added id=1357 TID=0 count=1
10-28 14:27:21.607 30841 30893 V LynxModule: queryInterface(DEKA)=49 commands
10-28 14:27:21.611 30841 30893 V LynxModule: mod#=2 intf=DEKA: expected 53 commands; found 49
10-28 14:27:21.615 30841 30893 V LynxModule: sendLEDPatternSteps(): #steps=6
10-28 14:27:21.625 30841 30893 V LynxMotor: initializeHardware() mod#=2
10-28 14:27:21.653 30841 30911 V LynxModule: received status: LynxGetModuleStatusResponse(status=0x05 alerts=0x00: KeepAliveTimeout|FailSafe)
10-28 14:27:21.653 30841 30911 V LynxModule: resendCurrentPattern()
10-28 14:27:21.653 30841 30911 V LynxModule: sendLEDPatternSteps(): #steps=6
10-28 14:27:21.783 30841 30893 V RobotCore: DcMotorImpl(type=NeveRest40Gearmotor)
10-28 14:27:21.784 30841 30893 V LynxServoController: initializeHardware() mod#=2
10-28 14:27:21.833 30841 30893 V LynxVoltageSensor: initializeHardware() mod#=2
10-28 14:27:21.833 30841 30893 V LynxPwmOutputController: initializeHardware() mod#=2
10-28 14:27:21.839 30841 30893 W LynxPwmOutputController: LynxSetPWMEnableCommand not implemented by lynx hw; ignoring
10-28 14:27:21.843 30841 30893 W LynxPwmOutputController: LynxSetPWMConfigurationCommand not implemented by lynx hw; ignoring
10-28 14:27:21.847 30841 30893 W LynxPwmOutputController: LynxSetPWMEnableCommand not implemented by lynx hw; ignoring
10-28 14:27:21.851 30841 30893 W LynxPwmOutputController: LynxSetPWMConfigurationCommand not implemented by lynx hw; ignoring
10-28 14:27:21.855 30841 30893 W LynxPwmOutputController: LynxSetPWMEnableCommand not implemented by lynx hw; ignoring
10-28 14:27:21.859 30841 30893 W LynxPwmOutputController: LynxSetPWMConfigurationCommand not implemented by lynx hw; ignoring
10-28 14:27:21.863 30841 30893 W LynxPwmOutputController: LynxSetPWMEnableCommand not implemented by lynx hw; ignoring
10-28 14:27:21.867 30841 30893 W LynxPwmOutputController: LynxSetPWMConfigurationCommand not implemented by lynx hw; ignoring
10-28 14:27:21.868 30841 30893 V LynxAnalogInputController: initializeHardware() mod#=2
10-28 14:27:21.868 30841 30893 V LynxDigitalChannelController: initializeHardware() mod#=2
10-28 14:27:21.882 30841 30903 D RobotCore: system telemetry: key=$System$None$ msg=""
10-28 14:27:21.884 30841 30903 V PeerDiscovery: new remote peer discovered: 192.168.49.154
10-28 14:27:21.884 30841 30903 D Robocol : RobocolDatagramSocket connected to /192.168.49.154:20884
10-28 14:27:21.885 30841 30903 V NetworkConnectionHandler: starting sending loop
10-28 14:27:21.885 30841 30903 V Robocol : SendOnceRunnable created
10-28 14:27:21.902 30841 30893 V RobotCore: Creating Lynx Color/Range Sensor - mod=2 bus=1
10-28 14:27:21.902 30841 30893 I RobotCore: LynxFirmwareVersionManager: LynxI2cDeviceSynchV1
10-28 14:27:21.903 30841 30893 V LynxI2cDeviceSynch: initializeHardware() mod#=2
10-28 14:27:21.903 30841 30893 V AMSColorSensorImpl: internalInitialize()...
10-28 14:27:21.927 30841 30903 V NetDiscover_prefremrc: sendAllPreferences()
10-28 14:27:21.927 30841 30903 V NetDiscover_prefremrc: sending RC pref name=pref_wifip2p_remote_channel_change_works value=true
10-28 14:27:21.932 30841 30903 V NetDiscover_prefremrc: sending RC pref name=pref_device_name value=12611-RC
10-28 14:27:21.932 30841 30903 V NetDiscover_prefremrc: sending RC pref name=pref_has_independent_phone_battery value=true
10-28 14:27:21.933 30841 30903 V NetDiscover_prefremrc: sending RC pref name=pref_app_theme value=teal
10-28 14:27:21.933 30841 30903 V NetDiscover_prefremrc: sending RC pref name=pref_sound_on_off value=false
10-28 14:27:21.933 30841 30893 V AMSColorSensorImpl: state: 07 f6 ff ff 00 00 00 00 00 00 00 00 00 00 08 61 
10-28 14:27:21.934 30841 30893 V AMSColorSensorImpl: state| 00 01 60 33 20 00 0f 00 0c 
10-28 14:27:21.945 30841 30903 V ThreadPool: container(0x09b22fd2: SoundPlayer) added id=1361 TID=0 count=1
10-28 14:27:21.945 30841 30903 V ThreadPool: container(0x09b22fd2: SoundPlayer) added id=1362 TID=0 count=2
10-28 14:27:21.947 30841 30903 V RobotCore: Network: active, connected
10-28 14:27:21.950 30841 30893 V AMSColorSensorImpl: disable() enabled=0x07...
10-28 14:27:21.966 30841 30912 V Robocol : sending CMD_NOTIFY_USER_DEVICE_LIST(20), attempt: 0
10-28 14:27:21.967 30841 30912 V Robocol : sending CMD_ROBOT_CONTROLLER_PREFERENCE(21), attempt: 0
10-28 14:27:21.967 30841 30912 V Robocol : sending CMD_ROBOT_CONTROLLER_PREFERENCE(22), attempt: 0
10-28 14:27:21.967 30841 30912 V Robocol : sending CMD_ROBOT_CONTROLLER_PREFERENCE(23), attempt: 0
10-28 14:27:21.967 30841 30912 V Robocol : sending CMD_ROBOT_CONTROLLER_PREFERENCE(24), attempt: 0
10-28 14:27:21.968 30841 30912 V Robocol : sending CMD_ROBOT_CONTROLLER_PREFERENCE(25), attempt: 0
10-28 14:27:21.973 30841 30916 D MediaPlayer: setSubtitleAnchor in MediaPlayer
10-28 14:27:21.973 30841 30841 D MediaPlayer: setSubtitleAnchor in MediaPlayer
10-28 14:27:21.978 30841 30841 E MediaPlayer: invoke failed: wrong state 8
10-28 14:27:21.978 30841 30841 W MediaPlayer: mediaplayer went away with unhandled events
10-28 14:27:21.986 30841 30893 V AMSColorSensorImpl: ...disable() enabled=0x00
10-28 14:27:21.986 30841 30893 V AMSColorSensorImpl: setIntegrationTime(0xf6)
10-28 14:27:21.997 30841 30893 V AMSColorSensorImpl: setGain(GAIN_4)
10-28 14:27:22.017 30841 30914 D ExtendedUtils: extended extractor not needed, return default
10-28 14:27:22.018 30841 30914 I MediaCodec: (0xb78645c8) init name(audio/raw) isType(1) encoder(0)
10-28 14:27:22.020 30841 30920 I OMXClient: Using client-side OMX mux.
10-28 14:27:22.022 30841 30893 V AMSColorSensorImpl: setPDrive(Percent12_5)
10-28 14:27:22.026 30841 30920 E OMXMaster: A component of name 'OMX.qcom.audio.decoder.aac' already exists, ignoring this one.
10-28 14:27:22.030 30841 30920 I MediaCodec: (0xb78645c8) Component Allocated (OMX.google.raw.decoder)
10-28 14:27:22.030 30841 30914 I MediaCodec: (0xb78645c8) configure surface(0x0) crypto(0x0) flags(0)
10-28 14:27:22.030 30841 30914 D MediaCodec: (0xb78645c8) configure format: AMessage(what = 0x00000000) = {
10-28 14:27:22.030 30841 30914 D MediaCodec:    string mime = "audio/raw"
10-28 14:27:22.030 30841 30914 D MediaCodec:    int64_t durationUs = 485011
10-28 14:27:22.030 30841 30914 D MediaCodec:    int32_t channel-count = 2
10-28 14:27:22.030 30841 30914 D MediaCodec:    int32_t sample-rate = 44100
