10-28 14:27:22.030 30841 30914 D MediaCodec:    int32_t channel-mask = 0
10-28 14:27:22.030 30841 30914 D MediaCodec:  }
10-28 14:27:22.032 30841 30914 I MediaCodec: (0xb78645c8) start
10-28 14:27:22.032 30841 30920 I MediaCodec: (0xb78645c8) input buffers allocated
10-28 14:27:22.032 30841 30920 I MediaCodec: (0xb78645c8) numBuffers (4)
10-28 14:27:22.032 30841 30920 I MediaCodec: (0xb78645c8) output buffers allocated
10-28 14:27:22.032 30841 30920 I MediaCodec: (0xb78645c8) numBuffers (4)
10-28 14:27:22.034 30841 30920 I MediaCodec: (0xb78645c8) codec output format changed
10-28 14:27:22.034 30841 30920 D MediaCodec: (0xb78645c8) output format: AMessage(what = 'codc', target = 2) = {
10-28 14:27:22.034 30841 30920 D MediaCodec:    string mime = "audio/raw"
10-28 14:27:22.034 30841 30920 D MediaCodec:    int32_t channel-count = 2
10-28 14:27:22.034 30841 30920 D MediaCodec:    int32_t sample-rate = 44100
10-28 14:27:22.034 30841 30920 D MediaCodec:    int32_t channel-mask = 0
10-28 14:27:22.034 30841 30920 D MediaCodec:    int32_t what = 1869968451
10-28 14:27:22.034 30841 30920 D MediaCodec:  }
10-28 14:27:22.040 30841 30914 I MediaCodec: (0xb78645c8) stop
10-28 14:27:22.042 30841 30914 I MediaCodec: (0xb78645c8) release
10-28 14:27:22.049 30841 30916 W AudioTrack: AUDIO_OUTPUT_FLAG_FAST denied by client; transfer 4, track 44100 Hz, output 48000 Hz
10-28 14:27:22.051 30841 30893 V AMSColorSensorImpl: setProximityPulseCount(0x08)
10-28 14:27:22.062 30841 30903 V Robocol : received command: CMD_RESTART_ROBOT(10000) 
10-28 14:27:22.063 30841 30903 V Robocol : received command: CMD_REQUEST_UI_STATE(10002) 
10-28 14:27:22.077 30841 30893 V AMSColorSensorImpl: enable() enabled=0x00...
10-28 14:27:22.125 30841 30893 V AMSColorSensorImpl: ...enable() enabled=0x07
10-28 14:27:22.141 30841 30893 V AMSColorSensorImpl: state: 07 f6 ff ff 00 00 00 00 00 00 00 00 00 00 08 61 
10-28 14:27:22.142 30841 30893 V AMSColorSensorImpl: state| 00 01 60 33 20 00 0f 00 0c 
10-28 14:27:22.142 30841 30893 V AMSColorSensorImpl: ...internalInitialize()
10-28 14:27:22.142 30841 30893 V LynxI2cDeviceSynch: engaging mod#=2
10-28 14:27:22.142 30841 30893 V LynxMotor: initializeHardware() mod#=3
10-28 14:27:22.208 30841 30893 V RobotCore: DcMotorImpl(type=NeveRest40Gearmotor)
10-28 14:27:22.208 30841 30893 V RobotCore: DcMotorImpl(type=NeveRest40Gearmotor)
10-28 14:27:22.208 30841 30893 V RobotCore: DcMotorImpl(type=NeveRest40Gearmotor)
10-28 14:27:22.208 30841 30893 V RobotCore: DcMotorImpl(type=NeveRest40Gearmotor)
10-28 14:27:22.208 30841 30893 V LynxServoController: initializeHardware() mod#=3
10-28 14:27:22.239 30841 30893 V LynxVoltageSensor: initializeHardware() mod#=3
10-28 14:27:22.239 30841 30893 V LynxPwmOutputController: initializeHardware() mod#=3
10-28 14:27:22.243 30841 30893 W LynxPwmOutputController: LynxSetPWMEnableCommand not implemented by lynx hw; ignoring
10-28 14:27:22.246 30841 30893 W LynxPwmOutputController: LynxSetPWMConfigurationCommand not implemented by lynx hw; ignoring
10-28 14:27:22.250 30841 30893 W LynxPwmOutputController: LynxSetPWMEnableCommand not implemented by lynx hw; ignoring
10-28 14:27:22.255 30841 30893 W LynxPwmOutputController: LynxSetPWMConfigurationCommand not implemented by lynx hw; ignoring
10-28 14:27:22.259 30841 30893 W LynxPwmOutputController: LynxSetPWMEnableCommand not implemented by lynx hw; ignoring
10-28 14:27:22.262 30841 30893 W LynxPwmOutputController: LynxSetPWMConfigurationCommand not implemented by lynx hw; ignoring
10-28 14:27:22.265 30841 30893 W LynxPwmOutputController: LynxSetPWMEnableCommand not implemented by lynx hw; ignoring
10-28 14:27:22.268 30841 30893 W LynxPwmOutputController: LynxSetPWMConfigurationCommand not implemented by lynx hw; ignoring
10-28 14:27:22.268 30841 30893 V LynxAnalogInputController: initializeHardware() mod#=3
10-28 14:27:22.268 30841 30893 V LynxDigitalChannelController: initializeHardware() mod#=3
10-28 14:27:22.292 30841 30893 V RobotCore: Creating user sensor REV Expansion Hub IMU - on Lynx module=3 bus=0
10-28 14:27:22.292 30841 30893 V RobotCore: Creating I2cDeviceSynch (Lynx) - mod=3 bus=0
10-28 14:27:22.292 30841 30893 I RobotCore: LynxFirmwareVersionManager: LynxI2cDeviceSynchV1
10-28 14:27:22.292 30841 30893 V LynxI2cDeviceSynch: initializeHardware() mod#=3
10-28 14:27:22.295 30841 30893 V RobotCore: Creating user sensor MR Range Sensor - on Lynx module=3 bus=3
10-28 14:27:22.295 30841 30893 V RobotCore: Creating I2cDeviceSynch (Lynx) - mod=3 bus=3
10-28 14:27:22.295 30841 30893 I RobotCore: LynxFirmwareVersionManager: LynxI2cDeviceSynchV1
10-28 14:27:22.295 30841 30893 V LynxI2cDeviceSynch: initializeHardware() mod#=3
10-28 14:27:22.295 30841 30893 I RobotCore: ========= Device Information ===================================================
10-28 14:27:22.295 30841 30893 I RobotCore: Type                                               Name                           Connection
10-28 14:27:22.296 30841 30893 I RobotCore: Motor                                              rr                             USB DQ143RN2; module 3; port 3
10-28 14:27:22.296 30841 30893 I RobotCore: Motor                                              glyphLift                      USB DQ143RN2; module 2; port 0
10-28 14:27:22.296 30841 30893 I RobotCore: Servo                                              lowerRightGripper              USB DQ143RN2; module 2; port 3
10-28 14:27:22.296 30841 30893 I RobotCore: Motor                                              lr                             USB DQ143RN2; module 3; port 2
10-28 14:27:22.296 30841 30893 I RobotCore: REV Robotics USB Expansion Hub Portal              Expansion Hub Portal 1         USB DQ143RN2
10-28 14:27:22.296 30841 30893 I RobotCore: Servo                                              longArm                        USB DQ143RN2; module 2; port 5
10-28 14:27:22.297 30841 30893 I RobotCore: Servo                                              upperLeftGripper               USB DQ143RN2; module 2; port 0
10-28 14:27:22.297 30841 30893 I RobotCore: Expansion Hub DC Motor Controller                  Expansion Hub 3                USB DQ143RN2; module 3
10-28 14:27:22.297 30841 30893 I RobotCore: Expansion Hub Servo Controller                     Expansion Hub 3                USB DQ143RN2; module 3
10-28 14:27:22.297 30841 30893 I RobotCore: Expansion Hub Voltage Sensor                       Expansion Hub 3                USB DQ143RN2; module 3
10-28 14:27:22.297 30841 30893 I RobotCore: Expansion Hub Pwm Controller                       Expansion Hub 3                USB DQ143RN2; module 3
10-28 14:27:22.297 30841 30893 I RobotCore: Expansion Hub Analog Input Controller              Expansion Hub 3                USB DQ143RN2; module 3
10-28 14:27:22.297 30841 30893 I RobotCore: Expansion Hub Digital Channel Controller           Expansion Hub 3                USB DQ143RN2; module 3
10-28 14:27:22.302 30841 30893 I RobotCore: Expansion Hub (HW: 20, Maj: 1, Min: 6, Eng: 0)     Expansion Hub 3                USB DQ143RN2; module 3
10-28 14:27:22.303 30841 30893 I RobotCore: Expansion Hub DC Motor Controller                  Expansion Hub 2                USB DQ143RN2; module 2
10-28 14:27:22.303 30841 30893 I RobotCore: Expansion Hub Servo Controller                     Expansion Hub 2                USB DQ143RN2; module 2
10-28 14:27:22.303 30841 30893 I RobotCore: Expansion Hub Voltage Sensor                       Expansion Hub 2                USB DQ143RN2; module 2
10-28 14:27:22.303 30841 30893 I RobotCore: Expansion Hub Pwm Controller                       Expansion Hub 2                USB DQ143RN2; module 2
10-28 14:27:22.303 30841 30893 I RobotCore: Expansion Hub Analog Input Controller              Expansion Hub 2                USB DQ143RN2; module 2
10-28 14:27:22.303 30841 30893 I RobotCore: Expansion Hub Digital Channel Controller           Expansion Hub 2                USB DQ143RN2; module 2
10-28 14:27:22.308 30841 30893 I RobotCore: Expansion Hub (HW: 20, Maj: 1, Min: 6, Eng: 0)     Expansion Hub 2                USB DQ143RN2; module 2
10-28 14:27:22.309 30841 30893 I RobotCore: REV Expansion Hub IMU                              imu                            USB DQ143RN2; module 3; bus 0; addr7=0x00
10-28 14:27:22.309 30841 30893 I RobotCore: Servo                                              upperRightGripper              USB DQ143RN2; module 2; port 1
10-28 14:27:22.309 30841 30893 I RobotCore: Motor                                              rf                             USB DQ143RN2; module 3; port 1
10-28 14:27:22.309 30841 30893 I RobotCore: Servo                                              shortArm                       USB DQ143RN2; module 2; port 4
10-28 14:27:22.309 30841 30893 I RobotCore: REV Color/Range Sensor                             jewelColor                     USB DQ143RN2; module 2; bus 1; addr7=0x39
10-28 14:27:22.309 30841 30893 I RobotCore: Motor                                              lf                             USB DQ143RN2; module 3; port 0
10-28 14:27:22.309 30841 30893 I RobotCore: Servo                                              lowerLeftGripper               USB DQ143RN2; module 2; port 2
10-28 14:27:22.320 30841 30893 I RobotCore: Modern Robotics Range Sensor v1.2                  x1Range                        USB DQ143RN2; module 3; bus 3; addr7=0x14
10-28 14:27:22.320 30841 30893 I FtcEventLoop: ======= INIT FINISH =======
10-28 14:27:22.320 30841 30893 V RobotCore: EventLoopManager state is RUNNING
10-28 14:27:22.321 30841 30893 V RobotCore: Robot Status: running, starting robot
10-28 14:27:22.321 30841 30893 V RobotCore: Robot Status: running
10-28 14:27:22.322 30841 30893 V ThreadPool: container(0x0a50e093: executorEventLoop) added id=1366 TID=0 count=1
10-28 14:27:22.323 30841 30902 I BatteryChecker: percent remaining: 100 is charging: false
10-28 14:27:22.324 30841 30893 V RobotCore: thread: ...terminating 'RobotSetupRunnable.run()'
10-28 14:27:22.326 30841 30912 V Robocol : sending CMD_NOTIFY_ROBOT_STATE(38), attempt: 0
10-28 14:27:22.326 30841 30924 V RobotCore: thread: 'opmode loop()' starting...
10-28 14:27:22.332 30841 30902 D RobotCore: restarting robot...
10-28 14:27:22.335 30841 30902 I BatteryChecker: percent remaining: 100 is charging: false
10-28 14:27:22.339 30841 30916 D MediaPlayer: setSubtitleAnchor in MediaPlayer
10-28 14:27:22.344 30841 30841 V Robocol : EventLoopManager.shutdown()
10-28 14:27:22.346 30841 30841 V ThreadPool: waiting for service EventLoop
10-28 14:27:22.346 30841 30924 V RobotCore: EventLoopRunnable interrupted
10-28 14:27:22.346 30841 30924 V RobotCore: EventLoopManager state is STOPPED
10-28 14:27:22.346 30841 30924 V RobotCore: Robot Status: stopped
10-28 14:27:22.354 30841 30914 D ExtendedUtils: extended extractor not needed, return default
10-28 14:27:22.355 30841 30914 I MediaCodec: (0xb77f8da0) init name(audio/raw) isType(1) encoder(0)
10-28 14:27:22.359 30841 30928 I OMXClient: Using client-side OMX mux.
10-28 14:27:22.364 30841 30928 E OMXMaster: A component of name 'OMX.qcom.audio.decoder.aac' already exists, ignoring this one.
10-28 14:27:22.366 30841 30912 V Robocol : sending CMD_SHOW_TOAST(42), attempt: 0
10-28 14:27:22.366 30841 30912 V Robocol : sending CMD_NOTIFY_ROBOT_STATE(43), attempt: 0
10-28 14:27:22.367 30841 30912 V Robocol : sending CMD_NOTIFY_ACTIVE_CONFIGURATION(45), attempt: 0
10-28 14:27:22.368 30841 30928 I MediaCodec: (0xb77f8da0) Component Allocated (OMX.google.raw.decoder)
10-28 14:27:22.368 30841 30914 I MediaCodec: (0xb77f8da0) configure surface(0x0) crypto(0x0) flags(0)
10-28 14:27:22.368 30841 30914 D MediaCodec: (0xb77f8da0) configure format: AMessage(what = 0x00000000) = {
10-28 14:27:22.368 30841 30914 D MediaCodec:    string mime = "audio/raw"
10-28 14:27:22.368 30841 30914 D MediaCodec:    int64_t durationUs = 1019125
10-28 14:27:22.368 30841 30914 D MediaCodec:    int32_t channel-count = 1
10-28 14:27:22.368 30841 30914 D MediaCodec:    int32_t sample-rate = 8000
10-28 14:27:22.368 30841 30914 D MediaCodec:    int32_t channel-mask = 0
10-28 14:27:22.368 30841 30914 D MediaCodec:  }
10-28 14:27:22.369 30841 30914 I MediaCodec: (0xb77f8da0) start
10-28 14:27:22.370 30841 30928 I MediaCodec: (0xb77f8da0) input buffers allocated
10-28 14:27:22.370 30841 30928 I MediaCodec: (0xb77f8da0) numBuffers (4)
10-28 14:27:22.370 30841 30928 I MediaCodec: (0xb77f8da0) output buffers allocated
10-28 14:27:22.370 30841 30928 I MediaCodec: (0xb77f8da0) numBuffers (4)
10-28 14:27:22.372 30841 30928 I MediaCodec: (0xb77f8da0) codec output format changed
10-28 14:27:22.372 30841 30928 D MediaCodec: (0xb77f8da0) output format: AMessage(what = 'codc', target = 6) = {
10-28 14:27:22.372 30841 30928 D MediaCodec:    string mime = "audio/raw"
10-28 14:27:22.372 30841 30928 D MediaCodec:    int32_t channel-count = 1
10-28 14:27:22.372 30841 30928 D MediaCodec:    int32_t sample-rate = 8000
10-28 14:27:22.372 30841 30928 D MediaCodec:    int32_t channel-mask = 0
10-28 14:27:22.372 30841 30928 D MediaCodec:    int32_t what = 1869968451
10-28 14:27:22.372 30841 30928 D MediaCodec:  }
10-28 14:27:22.373 30841 30914 I MediaCodec: (0xb77f8da0) stop
10-28 14:27:22.374 30841 30914 I MediaCodec: (0xb77f8da0) release
10-28 14:27:22.378 30841 30924 I FtcEventLoop: ======= TEARDOWN =======
10-28 14:27:22.378 30841 30924 V ThreadPool: container(0x0997086d: OpModeStuckCodeMonitor) added id=1370 TID=0 count=1
10-28 14:27:22.380 30841 30924 V LynxMotor: disengage mod#=3
10-28 14:27:22.382 30841 30924 V LynxMotor: disengage mod#=2
10-28 14:27:22.382 30841 30931 V ThreadPool: container(0x0997086d: OpModeStuckCodeMonitor) removed id=1370 TID=30931 count=1
10-28 14:27:22.383 30841 30924 V LynxServoController: disengage mod#=3
10-28 14:27:22.383 30841 30924 V LynxServoController: disengage mod#=2
10-28 14:27:22.383 30841 30924 V LynxUsb : 0x0ca64d05 on 0x0cea59aa: releasing delegate to [DQ143RN2]
10-28 14:27:22.383 30841 30924 V LynxUsb : 0x0cea59aa: releaseRef [DQ143RN2]=0
10-28 14:27:22.384 30841 30924 V LynxUsb : doClose([DQ143RN2])...
10-28 14:27:22.384 30841 30924 V LynxModule: close()
10-28 14:27:22.385 30841 30924 V ThreadPool: executive service lynx module executor(0x01c3b481) is terminated
10-28 14:27:22.385 30841 30924 V LynxModule: close()
10-28 14:27:22.385 30841 30911 V ThreadPool: container(0x01c3b481: lynx module executor) removed id=1357 TID=30911 count=1
10-28 14:27:22.385 30841 30924 V ThreadPool: waiting for service lynx module executor
10-28 14:27:22.385 30841 30910 V ThreadPool: container(0x0358b967: lynx module executor) removed id=1356 TID=30910 count=1
10-28 14:27:22.385 30841 30924 V LynxUsb : disarmDevice() serial=DQ143RN2...
10-28 14:27:22.386 30841 30924 V LynxUsb : shutting down incoming datagrams
10-28 14:27:22.386 30841 30924 V ThreadPool: waiting for service Lynx incoming datagram poller
10-28 14:27:22.386 30841 30924 V ThreadPool: awaitTerminationOrExitApplication Lynx incoming datagram poller; interrupt thrown
10-28 14:27:22.386 30841 30909 V RobotCore: thread: ...terminating 'lynx incoming datagrams'
10-28 14:27:22.386 30841 30909 V ThreadPool: container(0x0a18cb6f: lynx dg poller) removed id=1355 TID=30909 count=1
10-28 14:27:22.406 30841 30912 V Robocol : sending CMD_NOTIFY_USER_DEVICE_LIST(46), attempt: 0
10-28 14:27:22.407 30841 30912 V Robocol : sending CMD_NOTIFY_OP_MODE_LIST(47), attempt: 0
10-28 14:27:22.426 30841 30903 V Robocol : received command: CMD_INIT_OP_MODE(10016) $Stop$Robot$
10-28 14:27:22.486 30841 30924 V RobotUsbDeviceFtdi: closing DQ143RN2
10-28 14:27:22.487 30841 30924 V FtDevice: vv********************DQ143RN2 closing********************vv 0x0a6c6676
10-28 14:27:22.487 30841 30924 V FtDevice: DQ143RN2 stopping thread readBufferManager
10-28 14:27:22.487 30841 30906 V FtDevice: DQ143RN2 thread readBufferManager is stopped
10-28 14:27:22.488 30841 30924 V FtDevice: DQ143RN2 stopping thread bulkPacketInWorker
10-28 14:27:22.489 30841 30905 V FtDevice: DQ143RN2 thread bulkPacketInWorker is stopped
10-28 14:27:22.490 30841 30924 V MonitoredUsbDeviceConnection: closing UsbDeviceConnection(DQ143RN2)
10-28 14:27:22.490 30841 30924 D UsbDeviceConnectionJNI: close
10-28 14:27:22.490 30841 30924 V FtDevice: ^^********************DQ143RN2 closed ********************^^
10-28 14:27:22.490 30841 30924 V LynxUsb : ...done disarmDevice()
10-28 14:27:22.491 30841 30924 V LynxUsb : ...doClose([DQ143RN2])
10-28 14:27:22.491 30841 30924 I FtcEventLoop: ======= TEARDOWN COMPLETE =======
10-28 14:27:22.492 30841 30907 V ThreadPool: container(0x0a906511: WatchdogMonitor) removed id=1354 TID=30907 count=1
10-28 14:27:22.492 30841 30924 V RobotCore: thread: ...terminating 'opmode loop()'
10-28 14:27:22.493 30841 30924 V EventLoopManager: switching to idleEventLoop
10-28 14:27:22.493 30841 30902 I BatteryChecker: percent remaining: 100 is charging: false
10-28 14:27:22.535 30841 30916 W AudioTrack: AUDIO_OUTPUT_FLAG_FAST denied by client; transfer 4, track 8000 Hz, output 48000 Hz
10-28 14:27:22.745 30841 30902 V RobotCore: timeout: abandoning waiting 250ms for response: cmd=LynxGetADCCommand mod=3 msg#=0
10-28 14:27:22.745 30841 30902 V RobotCore: nack rec'd mod=3 msg#=0 ref#=0 reason=ABANDONED_WAITING_FOR_RESPONSE:256
10-28 14:27:22.746 30841 30902 F Assert  : assertion failed: 0x0ca64d05 on 0x0cea59aa: closed
10-28 14:27:22.747 30841 30902 E Assert  : java.lang.RuntimeException: assertion failed: 0x0ca64d05 on 0x0cea59aa: closed
10-28 14:27:22.748 30841 30902 E Assert  : 	at org.firstinspires.ftc.robotcore.internal.system.Assert.assertFailed(Assert.java:140)
10-28 14:27:22.749 30841 30902 E Assert  : 	at org.firstinspires.ftc.robotcore.internal.system.Assert.assertTrue(Assert.java:94)
10-28 14:27:22.749 30841 30902 E Assert  : 	at com.qualcomm.hardware.lynx.LynxUsbDeviceDelegate.assertOpen(LynxUsbDeviceDelegate.java:101)
10-28 14:27:22.750 30841 30902 E Assert  : 	at com.qualcomm.hardware.lynx.LynxUsbDeviceDelegate.getSerialNumber(LynxUsbDeviceDelegate.java:245)
10-28 14:27:22.750 30841 30902 E Assert  : 	at com.qualcomm.hardware.lynx.LynxModule.getSerialNumber(LynxModule.java:564)
10-28 14:27:22.750 30841 30902 E Assert  : 	at com.qualcomm.hardware.lynx.LynxController$PretendLynxModule.getSerialNumber(LynxController.java:412)
10-28 14:27:22.751 30841 30902 E Assert  : 	at com.qualcomm.hardware.lynx.LynxNackException.<init>(LynxNackException.java:58)
10-28 14:27:22.751 30841 30902 E Assert  : 	at com.qualcomm.hardware.lynx.commands.LynxRespondable.responseOrThrow(LynxRespondable.java:314)
10-28 14:27:22.752 30841 30902 E Assert  : 	at com.qualcomm.hardware.lynx.commands.LynxRespondable.sendReceive(LynxRespondable.java:254)
10-28 14:27:22.753 30841 30902 E Assert  : 	at com.qualcomm.hardware.lynx.LynxVoltageSensor.getVoltage(LynxVoltageSensor.java:81)
10-28 14:27:22.753 30841 30902 E Assert  : 	at com.qualcomm.ftccommon.FtcEventLoopHandler.buildRobotBatteryMsg(FtcEventLoopHandler.java:268)
10-28 14:27:22.753 30841 30902 E Assert  : 	at com.qualcomm.ftccommon.FtcEventLoopHandler.sendBatteryInfo(FtcEventLoopHandler.java:240)
10-28 14:27:22.754 30841 30902 E Assert  : 	at com.qualcomm.ftccommon.FtcEventLoop.processCommand(FtcEventLoop.java:259)
10-28 14:27:22.754 30841 30902 E Assert  : 	at com.qualcomm.robotcore.eventloop.EventLoopManager.commandEvent(EventLoopManager.java:733)
10-28 14:27:22.755 30841 30902 E Assert  : 	at org.firstinspires.ftc.robotcore.internal.network.NetworkConnectionHandler$RecvLoopCallbackChainer.commandEvent(NetworkConnectionHandler.java:539)
10-28 14:27:22.755 30841 30902 E Assert  : 	at org.firstinspires.ftc.robotcore.internal.network.RecvLoopRunnable$CommandProcessor.run(RecvLoopRunnable.java:94)
10-28 14:27:22.756 30841 30902 E Assert  : 	at java.util.concurrent.ThreadPoolExecutor.runWorker(ThreadPoolExecutor.java:1113)
10-28 14:27:22.756 30841 30902 E Assert  : 	at java.util.concurrent.ThreadPoolExecutor$Worker.run(ThreadPoolExecutor.java:588)
10-28 14:27:22.757 30841 30902 E Assert  : 	at java.lang.Thread.run(Thread.java:818)
10-28 14:27:22.757 30841 30902 W LynxVoltageSensor: LynxGetADCCommand was abandoned waiting for response
10-28 14:27:23.008 30841 30902 V RobotCore: timeout: abandoning waiting 250ms for response: cmd=LynxGetADCCommand mod=2 msg#=0
10-28 14:27:23.008 30841 30902 V RobotCore: nack rec'd mod=2 msg#=0 ref#=0 reason=ABANDONED_WAITING_FOR_RESPONSE:256
10-28 14:27:23.009 30841 30902 F Assert  : assertion failed: 0x0ca64d05 on 0x0cea59aa: closed
10-28 14:27:23.009 30841 30902 E Assert  : java.lang.RuntimeException: assertion failed: 0x0ca64d05 on 0x0cea59aa: closed
10-28 14:27:23.010 30841 30902 E Assert  : 	at org.firstinspires.ftc.robotcore.internal.system.Assert.assertFailed(Assert.java:140)
10-28 14:27:23.011 30841 30902 E Assert  : 	at org.firstinspires.ftc.robotcore.internal.system.Assert.assertTrue(Assert.java:94)
10-28 14:27:23.011 30841 30902 E Assert  : 	at com.qualcomm.hardware.lynx.LynxUsbDeviceDelegate.assertOpen(LynxUsbDeviceDelegate.java:101)
10-28 14:27:23.012 30841 30902 E Assert  : 	at com.qualcomm.hardware.lynx.LynxUsbDeviceDelegate.getSerialNumber(LynxUsbDeviceDelegate.java:245)
10-28 14:27:23.012 30841 30902 E Assert  : 	at com.qualcomm.hardware.lynx.LynxModule.getSerialNumber(LynxModule.java:564)
10-28 14:27:23.013 30841 30902 E Assert  : 	at com.qualcomm.hardware.lynx.LynxController$PretendLynxModule.getSerialNumber(LynxController.java:412)
10-28 14:27:23.013 30841 30902 E Assert  : 	at com.qualcomm.hardware.lynx.LynxNackException.<init>(LynxNackException.java:58)
10-28 14:27:23.013 30841 30902 E Assert  : 	at com.qualcomm.hardware.lynx.commands.LynxRespondable.responseOrThrow(LynxRespondable.java:314)
10-28 14:27:23.014 30841 30902 E Assert  : 	at com.qualcomm.hardware.lynx.commands.LynxRespondable.sendReceive(LynxRespondable.java:254)
10-28 14:27:23.014 30841 30902 E Assert  : 	at com.qualcomm.hardware.lynx.LynxVoltageSensor.getVoltage(LynxVoltageSensor.java:81)
10-28 14:27:23.015 30841 30902 E Assert  : 	at com.qualcomm.ftccommon.FtcEventLoopHandler.buildRobotBatteryMsg(FtcEventLoopHandler.java:268)
10-28 14:27:23.015 30841 30902 E Assert  : 	at com.qualcomm.ftccommon.FtcEventLoopHandler.sendBatteryInfo(FtcEventLoopHandler.java:240)
10-28 14:27:23.016 30841 30902 E Assert  : 	at com.qualcomm.ftccommon.FtcEventLoop.processCommand(FtcEventLoop.java:259)
10-28 14:27:23.016 30841 30902 E Assert  : 	at com.qualcomm.robotcore.eventloop.EventLoopManager.commandEvent(EventLoopManager.java:733)
10-28 14:27:23.017 30841 30902 E Assert  : 	at org.firstinspires.ftc.robotcore.internal.network.NetworkConnectionHandler$RecvLoopCallbackChainer.commandEvent(NetworkConnectionHandler.java:539)
10-28 14:27:23.017 30841 30902 E Assert  : 	at org.firstinspires.ftc.robotcore.internal.network.RecvLoopRunnable$CommandProcessor.run(RecvLoopRunnable.java:94)
10-28 14:27:23.018 30841 30902 E Assert  : 	at java.util.concurrent.ThreadPoolExecutor.runWorker(ThreadPoolExecutor.java:1113)
10-28 14:27:23.018 30841 30902 E Assert  : 	at java.util.concurrent.ThreadPoolExecutor$Worker.run(ThreadPoolExecutor.java:588)
10-28 14:27:23.019 30841 30902 E Assert  : 	at java.lang.Thread.run(Thread.java:818)
10-28 14:27:23.019 30841 30902 W LynxVoltageSensor: LynxGetADCCommand was abandoned waiting for response
10-28 14:27:23.020 30841 30924 I FtcEventLoopIdle: ------- idle init --------
10-28 14:27:23.021 30841 30924 V RobotCore: thread: 'opmode loop()' starting...
10-28 14:27:23.022 30841 30902 E Robocol : command processing took 0.594 s: command=CMD_INIT_OP_MODE
10-28 14:27:24.846 30841 30841 V ThreadPool: awaiting shutdown: thread pool="EventLoop" attempt=1
10-28 14:27:24.847 30841 30841 E RobotCore: thread id=1366 tid=30924 name="opmode loop()" 
10-28 14:27:24.847 30841 30841 E RobotCore:     at java.lang.Thread.sleep(Native Method)
10-28 14:27:24.847 30841 30841 E RobotCore:     at java.lang.Thread.sleep(Thread.java:1031)
10-28 14:27:24.847 30841 30841 E RobotCore:     at java.lang.Thread.sleep(Thread.java:985)
10-28 14:27:24.847 30841 30841 E RobotCore:     at com.qualcomm.robotcore.eventloop.EventLoopManager$EventLoopRunnable$1.run(EventLoopManager.java:252)
10-28 14:27:24.847 30841 30841 E RobotCore:     at com.qualcomm.robotcore.util.ThreadPool.logThreadLifeCycle(ThreadPool.java:709)
10-28 14:27:24.847 30841 30841 E RobotCore:     at com.qualcomm.robotcore.eventloop.EventLoopManager$EventLoopRunnable.run(EventLoopManager.java:241)
10-28 14:27:24.847 30841 30841 E RobotCore:     at com.qualcomm.robotcore.eventloop.EventLoopManager$1.run(EventLoopManager.java:580)
10-28 14:27:24.847 30841 30841 E RobotCore:     at java.util.concurrent.ThreadPoolExecutor.runWorker(ThreadPoolExecutor.java:1113)
10-28 14:27:24.847 30841 30841 E RobotCore:     at java.util.concurrent.ThreadPoolExecutor$Worker.run(ThreadPoolExecutor.java:588)
10-28 14:27:24.847 30841 30841 E RobotCore:     at com.qualcomm.robotcore.util.ThreadPool$ThreadFactoryImpl$1.run(ThreadPool.java:764)
10-28 14:27:24.847 30841 30841 E RobotCore:     at java.lang.Thread.run(Thread.java:818)
10-28 14:27:24.848 30841 30841 V ThreadPool: waiting for service EventLoop
10-28 14:27:24.849 30841 30924 V RobotCore: EventLoopRunnable interrupted
10-28 14:27:24.849 30841 30924 V RobotCore: EventLoopManager state is STOPPED
10-28 14:27:24.849 30841 30924 I FtcEventLoopIdle: ------- idle teardown ----
10-28 14:27:24.849 30841 30924 V RobotCore: thread: ...terminating 'opmode loop()'
10-28 14:27:24.849 30841 30841 V ThreadPool: awaitTermination returned, isTerminated=true
10-28 14:27:24.849 30841 30841 V ThreadPool: executive service EventLoop(0x0a50e093) is terminated
10-28 14:27:24.849 30841 30841 V RobotCore: EventLoopManager state is STOPPED
10-28 14:27:24.855 30841 30924 V ThreadPool: container(0x0a50e093: executorEventLoop) removed id=1366 TID=30924 count=1
10-28 14:27:24.862 30841 30893 V RobotCore: thread: 'RobotSetupRunnable.run()' starting...
10-28 14:27:24.862 30841 30893 V FTCService: Processing robot setup
10-28 14:27:24.863 30841 30893 V RobotCore: Robot Status: stopped, scanning for USB devices
10-28 14:27:24.865 30841 30841 W MediaPlayer: mediaplayer went away with unhandled events
10-28 14:27:24.886 30841 30912 V Robocol : sending CMD_NOTIFY_ROBOT_STATE(82), attempt: 0
10-28 14:27:24.887 30841 30912 V Robocol : sending CMD_NOTIFY_ROBOT_STATE(83), attempt: 0
10-28 14:27:24.887 30841 30912 V Robocol : sending CMD_SHOW_TOAST(84), attempt: 0
10-28 14:27:24.901 30841 30841 I BatteryChecker: percent remaining: 100 is charging: false
10-28 14:27:24.902 30841 30841 I BatteryChecker: percent remaining: 100 is charging: false
10-28 14:27:24.965 30841 30889 V RenderScript: 0xb77e0560 Launching thread(s), CPUs 4
10-28 14:27:29.860 30841 30841 I BatteryChecker: percent remaining: 100 is charging: false
10-28 14:27:29.862 30841 30841 I BatteryChecker: percent remaining: 100 is charging: false
10-28 14:27:29.863 30841 30893 V RobotCore: Robot Status: stopped, waiting for Wifi to enable
10-28 14:27:29.864 30841 30893 V RobotCore: Robot Status: stopped, waiting for Wifi Direct to enable
10-28 14:27:29.864 30841 30893 V RobotCore: Robot Status: stopped, waiting for network to become active
10-28 14:27:29.864 30841 30893 V RobotCore: Robot Status: stopped, starting robot
10-28 14:27:29.864 30841 30893 V Robocol : EventLoopManager.start()
10-28 14:27:29.864 30841 30893 V Robocol : Spoofing a Network Connection event...
10-28 14:27:29.864 30841 30893 V ThreadPool: executive service EventLoop(0x0a50e093) is terminated
10-28 14:27:29.864 30841 30893 V RobotCore: EventLoopManager state is STOPPED
10-28 14:27:29.865 30841 30893 V Robocol : eventLoop=FtcEventLoop
10-28 14:27:29.865 30841 30893 V RobotCore: EventLoopManager state is INIT
10-28 14:27:29.865 30841 30893 V RobotCore: Robot Status: initializing, starting robot
10-28 14:27:29.865 30841 30893 I FtcEventLoop: ======= INIT START =======
10-28 14:27:29.866 30841 30893 V OpmodeRegistration: registered {DefaultOpMode} as {$Stop$Robot$}
10-28 14:27:29.867 30841 30841 D WifiDirect: cannot create group, does group already exist?
10-28 14:27:29.869 30841 30893 V FileBasedLock: locked /storage/emulated/0/FIRST/blocks/projectslock/lock.dat
10-28 14:27:29.869 30841 30893 V FileBasedLock: unlocking /storage/emulated/0/FIRST/blocks/projectslock/lock.dat
10-28 14:27:29.873 30841 30893 V OpmodeRegistration: registered {RelicRecoveryAutoTest} as {Auto Test}
10-28 14:27:29.874 30841 30893 V OpmodeRegistration: registered {RelicRecoveryTeleOpsLinear} as {Relic Recovery TeleOps (Linear)}
10-28 14:27:29.874 30841 30893 V OpmodeRegistration: registered {SensorMRRangeColorSensor} as {Sensor: MR range & Color sensor}
10-28 14:27:29.875 30841 30893 V OpmodeRegistration: registered {RelicRecoveryAutoBlue1} as {Auto Blue 1}
10-28 14:27:29.875 30841 30893 V OpmodeRegistration: registered {SensorTest} as {Sensor Test}
10-28 14:27:29.876 30841 30893 V OpmodeRegistration: registered {SensorREVColorDistance} as {Sensor: REVColorDistance}
10-28 14:27:29.876 30841 30893 V OpmodeRegistration: registered {RelivRecoveryAutoRed1} as {Auto Red 1}
10-28 14:27:29.886 30841 30912 V Robocol : sending CMD_NOTIFY_ROBOT_STATE(140), attempt: 0
10-28 14:27:29.886 30841 30912 V Robocol : sending CMD_NOTIFY_ROBOT_STATE(141), attempt: 0
10-28 14:27:29.886 30841 30912 V Robocol : sending CMD_NOTIFY_ACTIVE_CONFIGURATION(142), attempt: 0
10-28 14:27:29.907 30841 30893 V HardwareFactory: createHardwareMap()
10-28 14:27:29.907 30841 30893 V WifiDirectInviteMonitor: clearUILynxModule()
10-28 14:27:29.907 30841 30893 V ReadXMLFileHandler: handleLynxModule() mod#=2...
10-28 14:27:29.907 30841 30893 V ConfigurationUtility: buildEmptyLynxModule() mod#=2...
10-28 14:27:29.908 30841 30893 V ConfigurationUtility: ...buildEmptyLynxModule() mod#=2
10-28 14:27:29.908 30841 30893 V ReadXMLFileHandler: ...handleLynxModule() mod#=2
10-28 14:27:29.908 30841 30893 V ReadXMLFileHandler: handleLynxModule() mod#=3...
10-28 14:27:29.908 30841 30893 V ConfigurationUtility: buildEmptyLynxModule() mod#=3...
10-28 14:27:29.908 30841 30893 V ConfigurationUtility: ...buildEmptyLynxModule() mod#=3
10-28 14:27:29.909 30841 30893 V ReadXMLFileHandler: ...handleLynxModule() mod#=3
10-28 14:27:29.909 30841 30893 V RobotCore: Creating REV Robotics USB Expansion Hub Portal [DQ143RN2]
10-28 14:27:29.909 30841 30893 V LynxUsb : creating new [DQ143RN2]: 0x000f0494
10-28 14:27:29.911 30841 30893 V FtDeviceManager: createDeviceInfoList(): 1 USB devices
10-28 14:27:29.916 30841 30893 V FtDevice: vv********************DQ143RN2 opening********************vv 0x0a6c6676
10-28 14:27:29.917 30841 30893 V FtDevice: ^^********************DQ143RN2 opened ********************^^
10-28 14:27:29.917 30841 30893 V FtDevice: resetting DQ143RN2
10-28 14:27:29.917 30841 30893 V ThreadPool: container(0x08423b3d: WatchdogMonitor) added id=1373 TID=0 count=1
10-28 14:27:29.922 30841 30893 V LynxUsb : armDevice() serial=DQ143RN2...
10-28 14:27:29.922 30841 30893 V LynxModule: resetDevice() serial=DQ143RN2
10-28 14:27:29.926 30841 30912 V Robocol : sending CMD_NOTIFY_USER_DEVICE_LIST(144), attempt: 0
10-28 14:27:29.927 30841 30912 V Robocol : sending CMD_NOTIFY_OP_MODE_LIST(145), attempt: 0
10-28 14:27:30.279 30841 30893 V ThreadPool: container(0x05431483: lynx dg poller) added id=1374 TID=0 count=1
10-28 14:27:30.279 30841 30893 V LynxUsb : ...done armDevice()
10-28 14:27:30.279 30841 30893 V LynxUsb : 0x079c4e39 on 0x000f0494: new delegate to [DQ143RN2]
10-28 14:27:30.279 30841 30893 V RobotCore: Creating Lynx Module - mod=2 parent=false
10-28 14:27:30.280 30841 30893 V RobotCore: Creating Lynx Module - mod=3 parent=true
10-28 14:27:30.280 30841 30893 V LynxUsb : addConfiguredModule() module#=3
10-28 14:27:30.280 30841 30893 V LynxModule: pingAndQueryKnownInterfaces mod=3
10-28 14:27:30.282 30841 30893 V ThreadPool: container(0x03ce522c: lynx module executor) added id=1375 TID=0 count=1
10-28 14:27:30.284 30841 30942 V RobotCore: thread: 'lynx incoming datagrams' starting...
10-28 14:27:30.284 30841 30942 V LynxUsb : synchronization gained: serial=DQ143RN2
10-28 14:27:30.289 30841 30893 V LynxModule: queryInterface(DEKA)=49 commands
10-28 14:27:30.294 30841 30893 V LynxModule: mod#=3 intf=DEKA: expected 53 commands; found 49
10-28 14:27:30.298 30841 30893 V LynxModule: sendLEDPatternSteps(): #steps=8
10-28 14:27:30.309 30841 30893 V LynxUsb : addConfiguredModule() module#=2
10-28 14:27:30.309 30841 30893 V LynxModule: pingAndQueryKnownInterfaces mod=2
10-28 14:27:30.310 30841 30893 V ThreadPool: container(0x0678dc7e: lynx module executor) added id=1376 TID=0 count=1
10-28 14:27:30.317 30841 30893 V LynxModule: queryInterface(DEKA)=49 commands
10-28 14:27:30.322 30841 30943 V LynxModule: received status: LynxGetModuleStatusResponse(status=0x02 alerts=0x00: Reset)
10-28 14:27:30.326 30841 30893 V LynxModule: mod#=2 intf=DEKA: expected 53 commands; found 49
10-28 14:27:30.331 30841 30893 V LynxModule: sendLEDPatternSteps(): #steps=6
10-28 14:27:30.336 30841 30944 V LynxModule: received status: LynxGetModuleStatusResponse(status=0x05 alerts=0x00: KeepAliveTimeout|FailSafe)
10-28 14:27:30.336 30841 30944 V LynxModule: resendCurrentPattern()
10-28 14:27:30.336 30841 30944 V LynxModule: sendLEDPatternSteps(): #steps=6
10-28 14:27:30.353 30841 30893 V LynxMotor: initializeHardware() mod#=2
10-28 14:27:30.474 30841 30893 V RobotCore: DcMotorImpl(type=NeveRest40Gearmotor)
10-28 14:27:30.475 30841 30893 V LynxServoController: initializeHardware() mod#=2
10-28 14:27:30.530 30841 30893 V LynxVoltageSensor: initializeHardware() mod#=2
10-28 14:27:30.530 30841 30893 V LynxPwmOutputController: initializeHardware() mod#=2
10-28 14:27:30.535 30841 30893 W LynxPwmOutputController: LynxSetPWMEnableCommand not implemented by lynx hw; ignoring
10-28 14:27:30.540 30841 30893 W LynxPwmOutputController: LynxSetPWMConfigurationCommand not implemented by lynx hw; ignoring
10-28 14:27:30.545 30841 30893 W LynxPwmOutputController: LynxSetPWMEnableCommand not implemented by lynx hw; ignoring
10-28 14:27:30.550 30841 30893 W LynxPwmOutputController: LynxSetPWMConfigurationCommand not implemented by lynx hw; ignoring
10-28 14:27:30.554 30841 30893 W LynxPwmOutputController: LynxSetPWMEnableCommand not implemented by lynx hw; ignoring
10-28 14:27:30.559 30841 30893 W LynxPwmOutputController: LynxSetPWMConfigurationCommand not implemented by lynx hw; ignoring
10-28 14:27:30.563 30841 30893 W LynxPwmOutputController: LynxSetPWMEnableCommand not implemented by lynx hw; ignoring
10-28 14:27:30.566 30841 30903 V Robocol : received command: CMD_INIT_OP_MODE(10107) $Stop$Robot$
10-28 14:27:30.568 30841 30893 W LynxPwmOutputController: LynxSetPWMConfigurationCommand not implemented by lynx hw; ignoring
10-28 14:27:30.569 30841 30893 V LynxAnalogInputController: initializeHardware() mod#=2
10-28 14:27:30.569 30841 30893 V LynxDigitalChannelController: initializeHardware() mod#=2
10-28 14:27:30.604 30841 30893 V RobotCore: Creating Lynx Color/Range Sensor - mod=2 bus=1
10-28 14:27:30.604 30841 30893 I RobotCore: LynxFirmwareVersionManager: LynxI2cDeviceSynchV1
10-28 14:27:30.604 30841 30893 V LynxI2cDeviceSynch: initializeHardware() mod#=2
10-28 14:27:30.604 30841 30893 V AMSColorSensorImpl: internalInitialize()...
10-28 14:27:30.643 30841 30893 V AMSColorSensorImpl: state: 07 f6 ff ff 00 00 00 00 00 00 00 00 00 00 08 61 
10-28 14:27:30.643 30841 30893 V AMSColorSensorImpl: state| 00 01 60 33 20 00 0f 00 0c 
10-28 14:27:30.658 30841 30893 V AMSColorSensorImpl: disable() enabled=0x07...
10-28 14:27:30.694 30841 30893 V AMSColorSensorImpl: ...disable() enabled=0x00
10-28 14:27:30.695 30841 30893 V AMSColorSensorImpl: setIntegrationTime(0xf6)
10-28 14:27:30.708 30841 30893 V AMSColorSensorImpl: setGain(GAIN_4)
10-28 14:27:30.739 30841 30893 V AMSColorSensorImpl: setPDrive(Percent12_5)
10-28 14:27:30.768 30841 30893 V AMSColorSensorImpl: setProximityPulseCount(0x08)
10-28 14:27:30.797 30841 30893 V AMSColorSensorImpl: enable() enabled=0x00...
10-28 14:27:30.847 30841 30893 V AMSColorSensorImpl: ...enable() enabled=0x07
10-28 14:27:30.866 30841 30893 V AMSColorSensorImpl: state: 07 f6 ff ff 00 00 00 00 00 00 00 00 00 00 08 61 
10-28 14:27:30.866 30841 30893 V AMSColorSensorImpl: state| 00 01 60 33 20 00 0f 00 0c 
10-28 14:27:30.866 30841 30893 V AMSColorSensorImpl: ...internalInitialize()
10-28 14:27:30.866 30841 30893 V LynxI2cDeviceSynch: engaging mod#=2
10-28 14:27:30.867 30841 30893 V LynxMotor: initializeHardware() mod#=3
10-28 14:27:30.966 30841 30893 V RobotCore: DcMotorImpl(type=NeveRest40Gearmotor)
10-28 14:27:30.966 30841 30893 V RobotCore: DcMotorImpl(type=NeveRest40Gearmotor)
10-28 14:27:30.967 30841 30893 V RobotCore: DcMotorImpl(type=NeveRest40Gearmotor)
10-28 14:27:30.967 30841 30893 V RobotCore: DcMotorImpl(type=NeveRest40Gearmotor)
10-28 14:27:30.967 30841 30893 V LynxServoController: initializeHardware() mod#=3
10-28 14:27:31.003 30841 30893 V LynxVoltageSensor: initializeHardware() mod#=3
10-28 14:27:31.003 30841 30893 V LynxPwmOutputController: initializeHardware() mod#=3
10-28 14:27:31.007 30841 30893 W LynxPwmOutputController: LynxSetPWMEnableCommand not implemented by lynx hw; ignoring
10-28 14:27:31.010 30841 30893 W LynxPwmOutputController: LynxSetPWMConfigurationCommand not implemented by lynx hw; ignoring
10-28 14:27:31.013 30841 30893 W LynxPwmOutputController: LynxSetPWMEnableCommand not implemented by lynx hw; ignoring
10-28 14:27:31.016 30841 30893 W LynxPwmOutputController: LynxSetPWMConfigurationCommand not implemented by lynx hw; ignoring
10-28 14:27:31.019 30841 30893 W LynxPwmOutputController: LynxSetPWMEnableCommand not implemented by lynx hw; ignoring
10-28 14:27:31.022 30841 30893 W LynxPwmOutputController: LynxSetPWMConfigurationCommand not implemented by lynx hw; ignoring
10-28 14:27:31.025 30841 30893 W LynxPwmOutputController: LynxSetPWMEnableCommand not implemented by lynx hw; ignoring
10-28 14:27:31.028 30841 30893 W LynxPwmOutputController: LynxSetPWMConfigurationCommand not implemented by lynx hw; ignoring
10-28 14:27:31.028 30841 30893 V LynxAnalogInputController: initializeHardware() mod#=3
10-28 14:27:31.028 30841 30893 V LynxDigitalChannelController: initializeHardware() mod#=3
10-28 14:27:31.046 30841 30893 V RobotCore: Creating user sensor REV Expansion Hub IMU - on Lynx module=3 bus=0
10-28 14:27:31.046 30841 30893 V RobotCore: Creating I2cDeviceSynch (Lynx) - mod=3 bus=0
10-28 14:27:31.047 30841 30893 I RobotCore: LynxFirmwareVersionManager: LynxI2cDeviceSynchV1
10-28 14:27:31.047 30841 30893 V LynxI2cDeviceSynch: initializeHardware() mod#=3
10-28 14:27:31.047 30841 30893 V RobotCore: Creating user sensor MR Range Sensor - on Lynx module=3 bus=3
10-28 14:27:31.047 30841 30893 V RobotCore: Creating I2cDeviceSynch (Lynx) - mod=3 bus=3
10-28 14:27:31.047 30841 30893 I RobotCore: LynxFirmwareVersionManager: LynxI2cDeviceSynchV1
10-28 14:27:31.047 30841 30893 V LynxI2cDeviceSynch: initializeHardware() mod#=3
10-28 14:27:31.047 30841 30893 I RobotCore: ========= Device Information ===================================================
10-28 14:27:31.047 30841 30893 I RobotCore: Type                                               Name                           Connection
10-28 14:27:31.047 30841 30893 I RobotCore: Motor                                              rr                             USB DQ143RN2; module 3; port 3
10-28 14:27:31.047 30841 30893 I RobotCore: Motor                                              glyphLift                      USB DQ143RN2; module 2; port 0
10-28 14:27:31.047 30841 30893 I RobotCore: Servo                                              lowerRightGripper              USB DQ143RN2; module 2; port 3
10-28 14:27:31.048 30841 30893 I RobotCore: Motor                                              lr                             USB DQ143RN2; module 3; port 2
10-28 14:27:31.048 30841 30893 I RobotCore: REV Robotics USB Expansion Hub Portal              Expansion Hub Portal 1         USB DQ143RN2
10-28 14:27:31.048 30841 30893 I RobotCore: Servo                                              longArm                        USB DQ143RN2; module 2; port 5
10-28 14:27:31.048 30841 30893 I RobotCore: Servo                                              upperLeftGripper               USB DQ143RN2; module 2; port 0
10-28 14:27:31.048 30841 30893 I RobotCore: Expansion Hub DC Motor Controller                  Expansion Hub 3                USB DQ143RN2; module 3
10-28 14:27:31.048 30841 30893 I RobotCore: Expansion Hub Servo Controller                     Expansion Hub 3                USB DQ143RN2; module 3
10-28 14:27:31.048 30841 30893 I RobotCore: Expansion Hub Voltage Sensor                       Expansion Hub 3                USB DQ143RN2; module 3
10-28 14:27:31.048 30841 30893 I RobotCore: Expansion Hub Pwm Controller                       Expansion Hub 3                USB DQ143RN2; module 3
10-28 14:27:31.048 30841 30893 I RobotCore: Expansion Hub Analog Input Controller              Expansion Hub 3                USB DQ143RN2; module 3
10-28 14:27:31.049 30841 30893 I RobotCore: Expansion Hub Digital Channel Controller           Expansion Hub 3                USB DQ143RN2; module 3
10-28 14:27:31.052 30841 30893 I RobotCore: Expansion Hub (HW: 20, Maj: 1, Min: 6, Eng: 0)     Expansion Hub 3                USB DQ143RN2; module 3
10-28 14:27:31.052 30841 30893 I RobotCore: Expansion Hub DC Motor Controller                  Expansion Hub 2                USB DQ143RN2; module 2
10-28 14:27:31.053 30841 30893 I RobotCore: Expansion Hub Servo Controller                     Expansion Hub 2                USB DQ143RN2; module 2
10-28 14:27:31.053 30841 30893 I RobotCore: Expansion Hub Voltage Sensor                       Expansion Hub 2                USB DQ143RN2; module 2
10-28 14:27:31.053 30841 30893 I RobotCore: Expansion Hub Pwm Controller                       Expansion Hub 2                USB DQ143RN2; module 2
10-28 14:27:31.053 30841 30893 I RobotCore: Expansion Hub Analog Input Controller              Expansion Hub 2                USB DQ143RN2; module 2
10-28 14:27:31.053 30841 30893 I RobotCore: Expansion Hub Digital Channel Controller           Expansion Hub 2                USB DQ143RN2; module 2
10-28 14:27:31.059 30841 30893 I RobotCore: Expansion Hub (HW: 20, Maj: 1, Min: 6, Eng: 0)     Expansion Hub 2                USB DQ143RN2; module 2
10-28 14:27:31.059 30841 30893 I RobotCore: REV Expansion Hub IMU                              imu                            USB DQ143RN2; module 3; bus 0; addr7=0x00
10-28 14:27:31.060 30841 30893 I RobotCore: Servo                                              upperRightGripper              USB DQ143RN2; module 2; port 1
10-28 14:27:31.060 30841 30893 I RobotCore: Motor                                              rf                             USB DQ143RN2; module 3; port 1
10-28 14:27:31.060 30841 30893 I RobotCore: Servo                                              shortArm                       USB DQ143RN2; module 2; port 4
10-28 14:27:31.060 30841 30893 I RobotCore: REV Color/Range Sensor                             jewelColor                     USB DQ143RN2; module 2; bus 1; addr7=0x39
10-28 14:27:31.060 30841 30893 I RobotCore: Motor                                              lf                             USB DQ143RN2; module 3; port 0
10-28 14:27:31.060 30841 30893 I RobotCore: Servo                                              lowerLeftGripper               USB DQ143RN2; module 2; port 2
10-28 14:27:31.068 30841 30893 I RobotCore: Modern Robotics Range Sensor v1.2                  x1Range                        USB DQ143RN2; module 3; bus 3; addr7=0x14
10-28 14:27:31.068 30841 30893 I FtcEventLoop: ======= INIT FINISH =======
10-28 14:27:31.068 30841 30893 V RobotCore: EventLoopManager state is RUNNING
10-28 14:27:31.069 30841 30893 V RobotCore: Robot Status: running, starting robot
10-28 14:27:31.069 30841 30893 V RobotCore: Robot Status: running
10-28 14:27:31.069 30841 30893 V ThreadPool: container(0x0e0dcdea: executorEventLoop) added id=1377 TID=0 count=1
10-28 14:27:31.069 30841 30893 V RobotCore: thread: ...terminating 'RobotSetupRunnable.run()'
10-28 14:27:31.070 30841 30902 I BatteryChecker: percent remaining: 100 is charging: false
10-28 14:27:31.070 30841 30949 V RobotCore: thread: 'opmode loop()' starting...
10-28 14:27:31.078 30841 30902 E Robocol : command processing took 0.511 s: command=CMD_INIT_OP_MODE
10-28 14:27:31.086 30841 30912 V Robocol : sending CMD_NOTIFY_ROBOT_STATE(162), attempt: 0
10-28 14:27:31.087 30841 30903 V Robocol : received command: CMD_INIT_OP_MODE(10114) $Stop$Robot$
10-28 14:27:31.088 30841 30902 I BatteryChecker: percent remaining: 100 is charging: false
10-28 14:27:31.577 30841 30949 V ThreadPool: container(0x028c50e7: OpModeStuckCodeMonitor) added id=1378 TID=0 count=1
10-28 14:27:31.579 30841 30949 I RobotCore: Attempting to switch to op mode $Stop$Robot$
10-28 14:27:31.646 30841 30912 V Robocol : sending CMD_NOTIFY_INIT_OP_MODE(175), attempt: 0
10-28 14:27:31.844 30841 30949 I RobotCore: robot battery read duration: n=6, mean=4.058ms sd=0.891ms
10-28 14:27:36.726 30841 30903 V Robocol : received command: CMD_INIT_OP_MODE(10189) Sensor: MR range & Color sensor
10-28 14:27:36.727 30841 30902 I BatteryChecker: percent remaining: 100 is charging: false
10-28 14:27:36.734 30841 30949 I RobotCore: Attempting to switch to op mode Sensor: MR range & Color sensor
10-28 14:27:36.740 30841 30949 W LynxPwmOutputController: LynxSetPWMEnableCommand not implemented by lynx hw; ignoring
10-28 14:27:36.744 30841 30949 W LynxPwmOutputController: LynxSetPWMConfigurationCommand not implemented by lynx hw; ignoring
10-28 14:27:36.751 30841 30949 W LynxPwmOutputController: LynxSetPWMEnableCommand not implemented by lynx hw; ignoring
10-28 14:27:36.755 30841 30949 W LynxPwmOutputController: LynxSetPWMConfigurationCommand not implemented by lynx hw; ignoring
10-28 14:27:36.759 30841 30949 W LynxPwmOutputController: LynxSetPWMEnableCommand not implemented by lynx hw; ignoring
10-28 14:27:36.764 30841 30949 W LynxPwmOutputController: LynxSetPWMConfigurationCommand not implemented by lynx hw; ignoring
10-28 14:27:36.769 30841 30949 W LynxPwmOutputController: LynxSetPWMEnableCommand not implemented by lynx hw; ignoring
10-28 14:27:36.774 30841 30949 W LynxPwmOutputController: LynxSetPWMConfigurationCommand not implemented by lynx hw; ignoring
10-28 14:27:36.888 30841 30949 W LynxPwmOutputController: LynxSetPWMEnableCommand not implemented by lynx hw; ignoring
10-28 14:27:36.893 30841 30949 W LynxPwmOutputController: LynxSetPWMConfigurationCommand not implemented by lynx hw; ignoring
10-28 14:27:36.897 30841 30949 W LynxPwmOutputController: LynxSetPWMEnableCommand not implemented by lynx hw; ignoring
10-28 14:27:36.900 30841 30949 W LynxPwmOutputController: LynxSetPWMConfigurationCommand not implemented by lynx hw; ignoring
10-28 14:27:36.903 30841 30949 W LynxPwmOutputController: LynxSetPWMEnableCommand not implemented by lynx hw; ignoring
10-28 14:27:36.907 30841 30949 W LynxPwmOutputController: LynxSetPWMConfigurationCommand not implemented by lynx hw; ignoring
10-28 14:27:36.911 30841 30949 W LynxPwmOutputController: LynxSetPWMEnableCommand not implemented by lynx hw; ignoring
10-28 14:27:36.915 30841 30949 W LynxPwmOutputController: LynxSetPWMConfigurationCommand not implemented by lynx hw; ignoring
10-28 14:27:37.154 30841 30949 V AMSColorSensorImpl: internalInitialize()...
10-28 14:27:37.190 30841 30949 V AMSColorSensorImpl: state: 07 f6 ff ff 00 00 00 00 00 00 00 00 00 00 08 61 
10-28 14:27:37.190 30841 30949 V AMSColorSensorImpl: state| 00 01 60 33 20 00 0f 00 0c 
10-28 14:27:37.207 30841 30949 V AMSColorSensorImpl: disable() enabled=0x07...
10-28 14:27:37.239 30841 30949 V AMSColorSensorImpl: ...disable() enabled=0x00
10-28 14:27:37.240 30841 30949 V AMSColorSensorImpl: setIntegrationTime(0xf6)
10-28 14:27:37.252 30841 30949 V AMSColorSensorImpl: setGain(GAIN_4)
10-28 14:27:37.280 30841 30949 V AMSColorSensorImpl: setPDrive(Percent12_5)
10-28 14:27:37.309 30841 30949 V AMSColorSensorImpl: setProximityPulseCount(0x08)
10-28 14:27:37.339 30841 30949 V AMSColorSensorImpl: enable() enabled=0x00...
10-28 14:27:37.387 30841 30949 V AMSColorSensorImpl: ...enable() enabled=0x07
10-28 14:27:37.404 30841 30949 V AMSColorSensorImpl: state: 07 f6 ff ff 00 00 00 00 00 00 00 00 00 00 08 61 
10-28 14:27:37.404 30841 30949 V AMSColorSensorImpl: state| 00 01 60 33 20 00 0f 00 0c 
10-28 14:27:37.404 30841 30949 V AMSColorSensorImpl: ...internalInitialize()
10-28 14:27:37.405 30841 30949 V ThreadPool: container(0x05409651: LinearOpMode) added id=1379 TID=0 count=1
10-28 14:27:37.408 30841 30952 V RobotCore: thread: 'LinearOpMode main' starting...
10-28 14:27:37.446 30841 30912 V Robocol : sending CMD_NOTIFY_INIT_OP_MODE(257), attempt: 0
10-28 14:27:39.645 30841 30903 V Robocol : received command: CMD_RUN_OP_MODE(10221) Sensor: MR range & Color sensor
10-28 14:27:39.648 30841 30902 I BatteryChecker: percent remaining: 100 is charging: false
10-28 14:27:39.686 30841 30912 V Robocol : sending CMD_NOTIFY_RUN_OP_MODE(284), attempt: 0
10-28 14:27:41.288 30841 30952 V RobotCore: addr=false data=true arb=false clock=false
10-28 14:27:41.288 30841 30952 E LynxI2cDeviceSynch: readStatusQuery: cbExpected=1 cbRead=0
10-28 14:27:41.289 30841 30952 E LynxI2cDeviceSynch: placeholder: readStatusQuery
10-28 14:27:41.293 30841 30949 D RobotCore: system telemetry: key=$System$Warning$ msg="problem with "x1Range""
10-28 14:27:41.307 30841 30949 D RobotCore: system telemetry: key=$System$None$ msg=""
10-28 14:27:41.329 30841 30916 D MediaPlayer: setSubtitleAnchor in MediaPlayer
10-28 14:27:41.329 30841 30841 D MediaPlayer: setSubtitleAnchor in MediaPlayer
10-28 14:27:41.353 30841 30914 D ExtendedUtils: extended extractor not needed, return default
