10-28 14:26:21.449 30603 30603 I WebViewFactory: Loading com.google.android.webview version 61.0.3163.98 (code 316309800)
10-28 14:26:21.506 30603 30603 I art     : Rejecting re-init on previously-failed class java.lang.Class<com.android.webview.chromium.TokenBindingManagerAdapter>
10-28 14:26:21.506 30603 30603 I art     : Rejecting re-init on previously-failed class java.lang.Class<com.android.webview.chromium.TokenBindingManagerAdapter>
10-28 14:26:21.513 30603 30603 I art     : Rejecting re-init on previously-failed class java.lang.Class<com.android.webview.chromium.ServiceWorkerControllerAdapter>
10-28 14:26:21.513 30603 30603 I art     : Rejecting re-init on previously-failed class java.lang.Class<com.android.webview.chromium.ServiceWorkerControllerAdapter>
10-28 14:26:21.528 30603 30603 I cr_LibraryLoader: Time to load native libraries: 10 ms (timestamps 5656-5666)
10-28 14:26:21.554 30603 30603 I chromium: [INFO:library_loader_hooks.cc(136)] Chromium logging enabled: level = 0, default verbosity = 0
10-28 14:26:21.554 30603 30603 I cr_LibraryLoader: Expected native library version number "61.0.3163.98", actual native library version number "61.0.3163.98"
10-28 14:26:21.587 30603 30603 I cr_BrowserStartup: Initializing chromium process, singleProcess=true
10-28 14:26:21.616 30603 30603 I Adreno-EGL: <qeglDrvAPI_eglInitialize:379>: EGL 1.4 QUALCOMM build:  (Ifd751822f5)
10-28 14:26:21.616 30603 30603 I Adreno-EGL: OpenGL ES Shader Compiler Version: XE031.06.00.05
10-28 14:26:21.616 30603 30603 I Adreno-EGL: Build Date: 01/26/16 Tue
10-28 14:26:21.616 30603 30603 I Adreno-EGL: Local Branch: AU12_SBA
10-28 14:26:21.616 30603 30603 I Adreno-EGL: Remote Branch: 
10-28 14:26:21.616 30603 30603 I Adreno-EGL: Local Patches: 
10-28 14:26:21.616 30603 30603 I Adreno-EGL: Reconstruct Branch: 
10-28 14:26:23.523 30603 30603 V RobotCore: Network: inactive, disconnected
10-28 14:26:23.524 30603 30603 V ServiceStarter: attempting to start service FtcRobotControllerWatchdogService
10-28 14:26:23.526 30603 30603 V ServiceStarter: started service FtcRobotControllerWatchdogService
10-28 14:26:23.534 30603 30603 V RobotCore: BuildConfig: versionCode=24 versionName=3.4 module=com.qualcomm.ftcrobotcontroller
10-28 14:26:23.534 30603 30603 V RobotCore: BuildConfig: versionCode=34 versionName=5.12 module=com.qualcomm.robotcore
10-28 14:26:23.534 30603 30603 V RobotCore: BuildConfig: versionCode=34 versionName=5.12 module=com.qualcomm.hardware
10-28 14:26:23.535 30603 30603 V RobotCore: BuildConfig: versionCode=34 versionName=5.12 module=com.qualcomm.ftccommon
10-28 14:26:23.535 30603 30603 V RobotCore: BuildConfig: versionCode=34 versionName=5.12 module=com.google.blocks
10-28 14:26:23.535 30603 30603 V RobotCore: BuildConfig: versionCode=34 versionName=5.12 module=org.firstinspires.inspection
10-28 14:26:23.537 30603 30603 V RCActivity: onStart()
10-28 14:26:23.539 30603 30603 V RCActivity: onResume()
10-28 14:26:23.553 30603 30653 D OpenGLRenderer: Use EGL_SWAP_BEHAVIOR_PRESERVED: true
10-28 14:26:23.611 30603 30603 V MTPMonitorService: onCreate()
10-28 14:26:23.612 30603 30603 V MTPMonitorService: onStartCommand() intent=Intent { cmp=com.qualcomm.ftcrobotcontroller/org.firstinspires.ftc.robotcore.internal.files.MediaTransferProtocolMonitorService } flags=0x0 startId=1
10-28 14:26:23.612 30603 30603 V ThreadPool: container(0x04b30529: MTPMonitor) added id=1338 TID=0 count=1
10-28 14:26:23.612 30603 30603 V MTPMonitor: observing: /storage/emulated/0
10-28 14:26:23.625 30603 30603 W FileObserverManager: upgrading mask: path=/storage/emulated/0/FIRST/blocks old=0x00000ffc new=0x00004ffc: might possibly miss event
10-28 14:26:23.626 30603 30603 W FileObserverManager: upgrading mask: path=/storage/emulated/0/FIRST/java/status old=0x00000ffc new=0x00004ffc: might possibly miss event
10-28 14:26:23.748 30603 30603 V OnBotJavaService: onCreate()
10-28 14:26:23.749 30603 30603 V OnBotJavaService: onStartCommand() intent=Intent { cmp=com.qualcomm.ftcrobotcontroller/org.firstinspires.ftc.robotcore.internal.opmode.OnBotJavaService } flags=0x0 startId=1
10-28 14:26:23.749 30603 30603 V OnBotJava: ctor()...
10-28 14:26:23.750 30603 30603 V OnBotJava: ...ctor()
10-28 14:26:23.758 30603 30603 V FtcRobotControllerWatchdogService: onCreate()
10-28 14:26:23.759 30603 30603 V FtcRobotControllerWatchdogService: onStartCommand() intent=Intent { cmp=com.qualcomm.ftcrobotcontroller/org.firstinspires.ftc.ftccommon.internal.FtcRobotControllerWatchdogService } flags=0x0 startId=1
10-28 14:26:23.759 30603 30603 V FtcRobotControllerWatchdogService: shouldAutoLauchRobotController() result=false
10-28 14:26:23.760 30603 30603 V WebServer: creating NanoHTTPD(8080)
10-28 14:26:23.771 30603 30603 V FTCService: onCreate()
10-28 14:26:23.771 30603 30603 V FTCService: onBind()
10-28 14:26:23.771 30603 30603 V FTCService: Android Device: maker=motorola model=XT1609 sdk=23
10-28 14:26:23.773 30603 30603 V RobotCore: Getting network assistant of type: WIFIDIRECT
10-28 14:26:23.776 30603 30603 V NetDiscover_prefremrc: onSharedPreferenceChanged(name=pref_wifip2p_groupowner_connectedto, value=null)
10-28 14:26:23.776 30603 30603 V WifiDirect: There are 1 Wifi Direct Assistant Clients (+)
10-28 14:26:23.776 30603 30603 V WifiDirect: Enabling Wifi Direct Assistant
10-28 14:26:23.778 30603 30603 V WifiDirectInviteMonitor: startMonitoring()
10-28 14:26:23.823 30603 30653 I OpenGLRenderer: Initialized EGL, version 1.4
10-28 14:26:23.839 30603 30603 D WifiDirect: broadcast: state - enabled: true
10-28 14:26:23.839 30603 30603 D WifiDirect: broadcast: connection changed: connectStatus=NOT_CONNECTED networkInfo.state=CONNECTED
10-28 14:26:23.839 30603 30603 V WifiDirect: writing pref name=pref_wifip2p_groupowner_connectedto value=
10-28 14:26:23.839 30603 30603 V NetDiscover_prefremrc: onSharedPreferenceChanged(name=pref_wifip2p_groupowner_connectedto, value=)
10-28 14:26:23.840 30603 30603 D WifiDirect: broadcast: this device changed
10-28 14:26:23.840 30603 30603 V WifiDirect: device information: 12611-RC 80:58:f8:59:b8:0f
10-28 14:26:23.840 30603 30603 D WifiDirect: cannot create group, does group already exist?
10-28 14:26:23.840 30603 30603 V FTCService: RCActivity.controllerService=bound
10-28 14:26:23.840 30603 30603 V RobotCore: Network: unknown, disconnected
10-28 14:26:23.842 30603 30603 V RobotCore: Robot Status: stopped
10-28 14:26:23.850 30603 30603 V ThreadPool: container(0x06ec57af: default threadpool) added id=1341 TID=0 count=1
10-28 14:26:23.852 30603 30657 V RobotCore: thread: 'RobotSetupRunnable.run()' starting...
10-28 14:26:23.852 30603 30657 V FTCService: Processing robot setup
10-28 14:26:23.853 30603 30657 V RobotCore: Robot Status: stopped, scanning for USB devices
10-28 14:26:23.911 30603 30603 D WifiDirect: group owners address: /192.168.49.1
10-28 14:26:23.911 30603 30603 D WifiDirect: group formed, this device is the group owner (GO)
10-28 14:26:23.912 30603 30603 I FTCService: Wifi Direct - connected as group owner
10-28 14:26:23.918 30603 30603 V RobotCore: Network: enabled, disconnected
10-28 14:26:23.923 30603 30603 I BatteryChecker: percent remaining: 100 is charging: false
10-28 14:26:23.924 30603 30603 I BatteryChecker: percent remaining: 100 is charging: false
10-28 14:26:23.953 30603 30603 V WifiDirect: connection information available
10-28 14:26:23.954 30603 30603 V WifiDirect: connection information - groupOwnerName = 12611-RC
10-28 14:26:23.954 30603 30603 V WifiDirect: connection information - groupOwnerMacAddress = 80:58:f8:59:b8:0f
10-28 14:26:23.954 30603 30603 V WifiDirect: connection information - groupInterface = p2p0
10-28 14:26:23.954 30603 30603 V WifiDirect: connection information - groupNetworkName = DIRECT-MA-12611-RC
10-28 14:26:23.954 30603 30603 I FTCService: Network Connection Passphrase: NqsQx9uC
10-28 14:26:23.954 30603 30603 V WebServer: starting port=8080
10-28 14:26:23.964 30603 30613 I art     : Background sticky concurrent mark sweep GC freed 46864(2MB) AllocSpace objects, 6(120KB) LOS objects, 22% free, 11MB/14MB, paused 6.465ms total 36.891ms
10-28 14:26:23.966 30603 30603 V RobotCore: Getting network assistant of type: WIFIDIRECT
10-28 14:26:23.966 30603 30603 V WifiDirect: There are 2 Wifi Direct Assistant Clients (+)
10-28 14:26:23.966 30603 30603 V WebServer: started port=8080
10-28 14:26:23.966 30603 30603 V RobotCore: Network: active, disconnected
10-28 14:26:27.532 30603 30621 V NetDiscover_wifiDirectAgent_bcast: peers found: count=2
10-28 14:26:27.532 30603 30621 V NetDiscover_wifiDirectAgent_bcast:     peer: b0:c0:90:6d:b3:33 6d:b3:33
10-28 14:26:27.532 30603 30621 V NetDiscover_wifiDirectAgent_bcast:     peer: 80:58:f8:58:99:a3 12611-DS
10-28 14:26:27.532 30603 30603 D WifiDirect: broadcast: peers changed
10-28 14:26:27.534 30603 30603 V WifiDirect: peers found: 2
10-28 14:26:27.534 30603 30603 V WifiDirect:     peer: b0:c0:90:6d:b3:33 6d:b3:33
10-28 14:26:27.534 30603 30603 V WifiDirect:     peer: 80:58:f8:58:99:a3 12611-DS
10-28 14:26:27.596 30603 30621 V NetDiscover_wifiDirectAgent_bcast: peers found: count=2
10-28 14:26:27.596 30603 30621 V NetDiscover_wifiDirectAgent_bcast:     peer: b0:c0:90:6d:b3:33 6d:b3:33
10-28 14:26:27.596 30603 30621 V NetDiscover_wifiDirectAgent_bcast:     peer: 80:58:f8:58:99:a3 12611-DS
10-28 14:26:27.597 30603 30603 D WifiDirect: broadcast: peers changed
10-28 14:26:27.597 30603 30603 D WifiDirect: broadcast: connection changed: connectStatus=GROUP_OWNER networkInfo.state=CONNECTED
10-28 14:26:27.598 30603 30621 D NetDiscover_wifiDirectAgent_bcast: connection changed: networkInfo.state=CONNECTED
10-28 14:26:27.598 30603 30621 V NetDiscover_wifiDirectAgent_bcast: NetworkInfo: [type: WIFI_P2P[], state: CONNECTED/CONNECTED, reason: (unspecified), extra: (none), roaming: false, failover: false, isAvailable: true]
10-28 14:26:27.598 30603 30621 V NetDiscover_wifiDirectAgent_bcast: WifiP2pInfo: groupFormed: true isGroupOwner: true operatingChannel: 2412 groupOwnerAddress: /192.168.49.1 mccMode: false
10-28 14:26:27.598 30603 30621 V NetDiscover_wifiDirectAgent_bcast: WifiP2pGroup: network: DIRECT-MA-12611-RC, isGO: true, Operating Channel: 2412, GO: Device: , deviceAddress: 80:58:f8:59:b8:0f, primary type: null, secondary type: null, wps: 0, grpcapab: 0, devcapab: 0, status: 4, wfdInfo: WFD enabled: falseWFD DeviceInfo: 0, WFD CtrlPort: 0, WFD MaxThroughput: 0, level: 0, Client: Device: , deviceAddress: b0:c0:90:6d:b3:33, primary type: null, secondary type: null, wps: 0, grpcapab: 0, devcapab: 0, status: 4, wfdInfo: null, level: 0, Client: Device: 12611-DS, deviceAddress: 80:58:f8:58:99:a3, primary type: 10-0050F204-5, secondary type: null, wps: 392, grpcapab: 0, devcapab: 37, status: 0, wfdInfo: null, level: 60, interface: p2p0, networkId: 0, mGoOperFreq: 2412
10-28 14:26:27.598 30603 30603 V WifiDirect: peers found: 2
10-28 14:26:27.598 30603 30603 V WifiDirect:     peer: b0:c0:90:6d:b3:33 6d:b3:33
10-28 14:26:27.598 30603 30603 V WifiDirect:     peer: 80:58:f8:58:99:a3 12611-DS
10-28 14:26:28.848 30603 30603 I BatteryChecker: percent remaining: 100 is charging: false
10-28 14:26:28.850 30603 30603 I BatteryChecker: percent remaining: 100 is charging: false
10-28 14:26:28.853 30603 30657 V RobotCore: EventLoopManager state is NOT_STARTED
10-28 14:26:28.854 30603 30657 V RobotCore: Robot Status: stopped, waiting for Wifi to enable
10-28 14:26:28.854 30603 30657 V RobotCore: Robot Status: stopped, waiting for Wifi Direct to enable
10-28 14:26:28.854 30603 30657 V RobotCore: Robot Status: stopped, waiting for network to become active
10-28 14:26:28.854 30603 30657 V RobotCore: Robot Status: stopped, starting robot
10-28 14:26:28.854 30603 30657 V Robocol : EventLoopManager.start()
10-28 14:26:28.855 30603 30657 V RobotCore: Getting network assistant of type: WIFIDIRECT
10-28 14:26:28.855 30603 30657 V Robocol : Spoofing a Network Connection event...
10-28 14:26:28.856 30603 30657 V ThreadPool: executive service EventLoop(0x0997086d) is terminated
10-28 14:26:28.856 30603 30657 V RobotCore: EventLoopManager state is STOPPED
10-28 14:26:28.856 30603 30657 V Robocol : eventLoop=FtcEventLoop
10-28 14:26:28.856 30603 30657 V RobotCore: EventLoopManager state is INIT
10-28 14:26:28.856 30603 30657 V RobotCore: Robot Status: initializing, starting robot
10-28 14:26:28.856 30603 30657 I FtcEventLoop: ======= INIT START =======
10-28 14:26:28.856 30603 30665 V RobotCore: thread: 'SetupRunnable.run()' starting...
10-28 14:26:28.857 30603 30657 V OpmodeRegistration: registered {DefaultOpMode} as {$Stop$Robot$}
10-28 14:26:28.862 30603 30603 D WifiDirect: cannot create group, does group already exist?
10-28 14:26:28.863 30603 30657 V FileBasedLock: locked /storage/emulated/0/FIRST/blocks/projectslock/lock.dat
10-28 14:26:28.863 30603 30657 V ThreadPool: container(0x06ec57af: default threadpool) added id=1346 TID=0 count=2
10-28 14:26:28.868 30603 30657 V FileBasedLock: unlocking /storage/emulated/0/FIRST/blocks/projectslock/lock.dat
10-28 14:26:28.874 30603 30657 V OpmodeRegistration: registered {SensorTest} as {Sensor Test}
10-28 14:26:28.875 30603 30657 V OpmodeRegistration: registered {SensorREVColorDistance} as {Sensor: REVColorDistance}
10-28 14:26:28.876 30603 30657 V OpmodeRegistration: registered {RelicRecoveryAutoBlue1} as {Auto Blue 1}
10-28 14:26:28.876 30603 30657 V OpmodeRegistration: registered {RelicRecoveryTeleOpsLinear} as {Relic Recovery TeleOps (Linear)}
10-28 14:26:28.877 30603 30657 V OpmodeRegistration: registered {SensorMRRangeColorSensor} as {Sensor: MR range & Color sensor}
10-28 14:26:28.878 30603 30657 V OpmodeRegistration: registered {RelivRecoveryAutoRed1} as {Auto Red 1}
10-28 14:26:28.878 30603 30657 V OpmodeRegistration: registered {RelicRecoveryAutoTest} as {Auto Test}
10-28 14:26:28.888 30603 30665 D Robocol : RobocolDatagramSocket listening addr=/192.168.49.1:20884 cbRec=65520 cbSend=163840 msRecTO=300
10-28 14:26:28.888 30603 30665 V Robocol : RecvLoopRunnable created
10-28 14:26:28.889 30603 30665 V PeerDiscovery: Starting peer discovery
10-28 14:26:28.889 30603 30665 V PeerDiscovery: No need for peer discovery, we are the peer discovery device
10-28 14:26:28.889 30603 30665 V RobotCore: Setup complete
10-28 14:26:28.889 30603 30665 V RobotCore: thread: ...terminating 'SetupRunnable.run()'
10-28 14:26:28.891 30603 30668 V RobotCore: thread: 'RecvLoopRunnable.run()' starting...
10-28 14:26:28.911 30603 30657 V HardwareFactory: createHardwareMap()
10-28 14:26:28.911 30603 30657 V WifiDirectInviteMonitor: clearUILynxModule()
10-28 14:26:28.916 30603 30657 V ReadXMLFileHandler: handleLynxModule() mod#=2...
10-28 14:26:28.916 30603 30657 V ConfigurationUtility: buildEmptyLynxModule() mod#=2...
10-28 14:26:28.916 30603 30657 V ConfigurationUtility: ...buildEmptyLynxModule() mod#=2
10-28 14:26:28.917 30603 30657 V ReadXMLFileHandler: ...handleLynxModule() mod#=2
10-28 14:26:28.917 30603 30657 V ReadXMLFileHandler: handleLynxModule() mod#=3...
10-28 14:26:28.917 30603 30657 V ConfigurationUtility: buildEmptyLynxModule() mod#=3...
10-28 14:26:28.917 30603 30657 V ConfigurationUtility: ...buildEmptyLynxModule() mod#=3
10-28 14:26:28.917 30603 30657 V ReadXMLFileHandler: ...handleLynxModule() mod#=3
10-28 14:26:28.918 30603 30657 V RobotCore: Creating REV Robotics USB Expansion Hub Portal [DQ143RN2]
10-28 14:26:28.919 30603 30657 V LynxUsb : creating new [DQ143RN2]: 0x0a96299b
10-28 14:26:28.928 30603 30657 V ThreadPool: container(0x0b7f2138: WatchdogMonitor) added id=1349 TID=0 count=1
10-28 14:26:28.935 30603 30657 V FtDevice: initialize(vid=0x0403 pid=0x6015 bcdDevice=0x1000)
10-28 14:26:28.936 30603 30657 V MonitoredUsbDeviceConnection: closing UsbDeviceConnection(DQ143RN2)
10-28 14:26:28.936 30603 30657 D UsbDeviceConnectionJNI: close
10-28 14:26:28.936 30603 30657 V MonitoredUsbDeviceConnection: closing UsbDeviceConnection(DQ143RN2)
10-28 14:26:28.936 30603 30657 D UsbDeviceConnectionJNI: close
10-28 14:26:28.936 30603 30657 V FtDeviceManager: createDeviceInfoList(): 1 USB devices
10-28 14:26:28.937 30603 30669 V ThreadPool: container(0x0b7f2138: WatchdogMonitor) removed id=1349 TID=30669 count=1
10-28 14:26:28.940 30603 30657 V FtDevice: vv********************DQ143RN2 opening********************vv 0x0ca3c477
10-28 14:26:28.942 30603 30657 V FtDevice: ^^********************DQ143RN2 opened ********************^^
10-28 14:26:28.942 30603 30657 V FtDevice: resetting DQ143RN2
10-28 14:26:28.942 30603 30657 V ThreadPool: container(0x0a6c6676: WatchdogMonitor) added id=1352 TID=0 count=1
10-28 14:26:28.949 30603 30657 V LynxUsb : armDevice() serial=DQ143RN2...
10-28 14:26:28.949 30603 30657 V LynxModule: resetDevice() serial=DQ143RN2
10-28 14:26:29.189 30603 30668 E RobotCore: exception SocketTimeoutException(null): Robocol [libcore.io.IoBridge.maybeThrowAfterRecvfrom(IoBridge.java:594)]
10-28 14:26:29.304 30603 30657 V ThreadPool: container(0x0164a07c: lynx dg poller) added id=1353 TID=0 count=1
10-28 14:26:29.305 30603 30657 V LynxUsb : ...done armDevice()
10-28 14:26:29.305 30603 30657 V LynxUsb : 0x0524815a on 0x0a96299b: new delegate to [DQ143RN2]
10-28 14:26:29.305 30603 30657 V RobotCore: Creating Lynx Module - mod=2 parent=false
10-28 14:26:29.306 30603 30657 V RobotCore: Creating Lynx Module - mod=3 parent=true
10-28 14:26:29.307 30603 30657 V LynxUsb : addConfiguredModule() module#=3
10-28 14:26:29.307 30603 30657 V LynxModule: pingAndQueryKnownInterfaces mod=3
10-28 14:26:29.308 30603 30675 V RobotCore: thread: 'lynx incoming datagrams' starting...
10-28 14:26:29.309 30603 30657 V ThreadPool: container(0x01ee8314: lynx module executor) added id=1354 TID=0 count=1
10-28 14:26:29.310 30603 30675 V LynxUsb : synchronization gained: serial=DQ143RN2
10-28 14:26:29.319 30603 30657 V LynxModule: queryInterface(DEKA)=49 commands
10-28 14:26:29.323 30603 30657 V LynxModule: mod#=3 intf=DEKA: expected 53 commands; found 49
10-28 14:26:29.327 30603 30657 V LynxModule: sendLEDPatternSteps(): #steps=8
10-28 14:26:29.329 30603 30676 V LynxModule: received status: LynxGetModuleStatusResponse(status=0x02 alerts=0x00: Reset)
10-28 14:26:29.339 30603 30657 V LynxUsb : addConfiguredModule() module#=2
10-28 14:26:29.339 30603 30657 V LynxModule: pingAndQueryKnownInterfaces mod=2
10-28 14:26:29.340 30603 30657 V ThreadPool: container(0x0e195926: lynx module executor) added id=1355 TID=0 count=1
10-28 14:26:29.345 30603 30657 V LynxModule: queryInterface(DEKA)=49 commands
10-28 14:26:29.348 30603 30657 V LynxModule: mod#=2 intf=DEKA: expected 53 commands; found 49
10-28 14:26:29.352 30603 30657 V LynxModule: sendLEDPatternSteps(): #steps=6
10-28 14:26:29.361 30603 30657 V LynxMotor: initializeHardware() mod#=2
10-28 14:26:29.373 30603 30677 V LynxModule: received status: LynxGetModuleStatusResponse(status=0x02 alerts=0x00: Reset)
10-28 14:26:29.483 30603 30657 V RobotCore: DcMotorImpl(type=NeveRest40Gearmotor)
10-28 14:26:29.484 30603 30657 V LynxServoController: initializeHardware() mod#=2
10-28 14:26:29.532 30603 30657 V LynxVoltageSensor: initializeHardware() mod#=2
10-28 14:26:29.533 30603 30657 V LynxPwmOutputController: initializeHardware() mod#=2
10-28 14:26:29.538 30603 30657 W LynxPwmOutputController: LynxSetPWMEnableCommand not implemented by lynx hw; ignoring
10-28 14:26:29.542 30603 30657 W LynxPwmOutputController: LynxSetPWMConfigurationCommand not implemented by lynx hw; ignoring
10-28 14:26:29.545 30603 30657 W LynxPwmOutputController: LynxSetPWMEnableCommand not implemented by lynx hw; ignoring
10-28 14:26:29.549 30603 30657 W LynxPwmOutputController: LynxSetPWMConfigurationCommand not implemented by lynx hw; ignoring
10-28 14:26:29.552 30603 30657 W LynxPwmOutputController: LynxSetPWMEnableCommand not implemented by lynx hw; ignoring
10-28 14:26:29.556 30603 30657 W LynxPwmOutputController: LynxSetPWMConfigurationCommand not implemented by lynx hw; ignoring
10-28 14:26:29.560 30603 30657 W LynxPwmOutputController: LynxSetPWMEnableCommand not implemented by lynx hw; ignoring
10-28 14:26:29.564 30603 30657 W LynxPwmOutputController: LynxSetPWMConfigurationCommand not implemented by lynx hw; ignoring
10-28 14:26:29.565 30603 30657 V LynxAnalogInputController: initializeHardware() mod#=2
10-28 14:26:29.565 30603 30657 V LynxDigitalChannelController: initializeHardware() mod#=2
10-28 14:26:29.589 30603 30657 V RobotCore: Creating Lynx Color/Range Sensor - mod=2 bus=1
10-28 14:26:29.589 30603 30657 I RobotCore: LynxFirmwareVersionManager: LynxI2cDeviceSynchV1
10-28 14:26:29.590 30603 30657 V LynxI2cDeviceSynch: initializeHardware() mod#=2
10-28 14:26:29.590 30603 30657 V AMSColorSensorImpl: internalInitialize()...
10-28 14:26:29.625 30603 30657 V AMSColorSensorImpl: state: 00 00 ff ff 00 00 00 00 00 00 00 00 00 00 00 00 
10-28 14:26:29.626 30603 30657 V AMSColorSensorImpl: state| 00 01 60 00 00 00 00 00 00 
10-28 14:26:29.641 30603 30657 V AMSColorSensorImpl: disable() enabled=0x00...
10-28 14:26:29.673 30603 30657 V AMSColorSensorImpl: ...disable() enabled=0x00
10-28 14:26:29.674 30603 30657 V AMSColorSensorImpl: setIntegrationTime(0xf6)
10-28 14:26:29.683 30603 30657 V AMSColorSensorImpl: setGain(GAIN_4)
10-28 14:26:29.708 30603 30657 V AMSColorSensorImpl: setPDrive(Percent12_5)
10-28 14:26:29.733 30603 30657 V AMSColorSensorImpl: setProximityPulseCount(0x08)
10-28 14:26:29.761 30603 30657 V AMSColorSensorImpl: enable() enabled=0x00...
10-28 14:26:29.807 30603 30657 V AMSColorSensorImpl: ...enable() enabled=0x07
10-28 14:26:29.823 30603 30657 V AMSColorSensorImpl: state: 07 f6 ff ff 00 00 00 00 00 00 00 00 00 00 08 61 
10-28 14:26:29.824 30603 30657 V AMSColorSensorImpl: state| 00 01 60 33 36 00 25 00 0b 
10-28 14:26:29.824 30603 30657 V AMSColorSensorImpl: ...internalInitialize()
10-28 14:26:29.824 30603 30657 V LynxI2cDeviceSynch: engaging mod#=2
10-28 14:26:29.824 30603 30657 V LynxMotor: initializeHardware() mod#=3
10-28 14:26:29.912 30603 30657 V RobotCore: DcMotorImpl(type=NeveRest40Gearmotor)
10-28 14:26:29.912 30603 30657 V RobotCore: DcMotorImpl(type=NeveRest40Gearmotor)
10-28 14:26:29.912 30603 30657 V RobotCore: DcMotorImpl(type=NeveRest40Gearmotor)
10-28 14:26:29.913 30603 30657 V RobotCore: DcMotorImpl(type=NeveRest40Gearmotor)
10-28 14:26:29.913 30603 30657 V LynxServoController: initializeHardware() mod#=3
10-28 14:26:29.949 30603 30657 V LynxVoltageSensor: initializeHardware() mod#=3
10-28 14:26:29.949 30603 30657 V LynxPwmOutputController: initializeHardware() mod#=3
10-28 14:26:29.954 30603 30657 W LynxPwmOutputController: LynxSetPWMEnableCommand not implemented by lynx hw; ignoring
10-28 14:26:29.958 30603 30657 W LynxPwmOutputController: LynxSetPWMConfigurationCommand not implemented by lynx hw; ignoring
10-28 14:26:29.961 30603 30657 W LynxPwmOutputController: LynxSetPWMEnableCommand not implemented by lynx hw; ignoring
10-28 14:26:29.964 30603 30657 W LynxPwmOutputController: LynxSetPWMConfigurationCommand not implemented by lynx hw; ignoring
10-28 14:26:29.967 30603 30657 W LynxPwmOutputController: LynxSetPWMEnableCommand not implemented by lynx hw; ignoring
10-28 14:26:29.970 30603 30657 W LynxPwmOutputController: LynxSetPWMConfigurationCommand not implemented by lynx hw; ignoring
10-28 14:26:29.973 30603 30657 W LynxPwmOutputController: LynxSetPWMEnableCommand not implemented by lynx hw; ignoring
10-28 14:26:29.976 30603 30657 W LynxPwmOutputController: LynxSetPWMConfigurationCommand not implemented by lynx hw; ignoring
10-28 14:26:29.976 30603 30657 V LynxAnalogInputController: initializeHardware() mod#=3
10-28 14:26:29.976 30603 30657 V LynxDigitalChannelController: initializeHardware() mod#=3
10-28 14:26:29.999 30603 30657 V RobotCore: Creating user sensor REV Expansion Hub IMU - on Lynx module=3 bus=0
10-28 14:26:29.999 30603 30657 V RobotCore: Creating I2cDeviceSynch (Lynx) - mod=3 bus=0
10-28 14:26:30.000 30603 30657 I RobotCore: LynxFirmwareVersionManager: LynxI2cDeviceSynchV1
10-28 14:26:30.000 30603 30657 V LynxI2cDeviceSynch: initializeHardware() mod#=3
10-28 14:26:30.002 30603 30657 V RobotCore: Creating user sensor MR Range Sensor - on Lynx module=3 bus=3
10-28 14:26:30.002 30603 30657 V RobotCore: Creating I2cDeviceSynch (Lynx) - mod=3 bus=3
10-28 14:26:30.002 30603 30657 I RobotCore: LynxFirmwareVersionManager: LynxI2cDeviceSynchV1
10-28 14:26:30.002 30603 30657 V LynxI2cDeviceSynch: initializeHardware() mod#=3
10-28 14:26:30.003 30603 30657 I RobotCore: ========= Device Information ===================================================
10-28 14:26:30.003 30603 30657 I RobotCore: Type                                               Name                           Connection
10-28 14:26:30.003 30603 30657 I RobotCore: Motor                                              rr                             USB DQ143RN2; module 3; port 3
10-28 14:26:30.003 30603 30657 I RobotCore: Motor                                              glyphLift                      USB DQ143RN2; module 2; port 0
10-28 14:26:30.004 30603 30657 I RobotCore: Servo                                              lowerRightGripper              USB DQ143RN2; module 2; port 3
10-28 14:26:30.004 30603 30657 I RobotCore: Motor                                              lr                             USB DQ143RN2; module 3; port 2
10-28 14:26:30.004 30603 30657 I RobotCore: REV Robotics USB Expansion Hub Portal              Expansion Hub Portal 1         USB DQ143RN2
10-28 14:26:30.004 30603 30657 I RobotCore: Servo                                              longArm                        USB DQ143RN2; module 2; port 5
10-28 14:26:30.004 30603 30657 I RobotCore: Servo                                              upperLeftGripper               USB DQ143RN2; module 2; port 0
10-28 14:26:30.004 30603 30657 I RobotCore: Expansion Hub DC Motor Controller                  Expansion Hub 3                USB DQ143RN2; module 3
10-28 14:26:30.004 30603 30657 I RobotCore: Expansion Hub Servo Controller                     Expansion Hub 3                USB DQ143RN2; module 3
10-28 14:26:30.005 30603 30657 I RobotCore: Expansion Hub Voltage Sensor                       Expansion Hub 3                USB DQ143RN2; module 3
10-28 14:26:30.005 30603 30657 I RobotCore: Expansion Hub Pwm Controller                       Expansion Hub 3                USB DQ143RN2; module 3
10-28 14:26:30.005 30603 30657 I RobotCore: Expansion Hub Analog Input Controller              Expansion Hub 3                USB DQ143RN2; module 3
10-28 14:26:30.005 30603 30657 I RobotCore: Expansion Hub Digital Channel Controller           Expansion Hub 3                USB DQ143RN2; module 3
10-28 14:26:30.009 30603 30657 I RobotCore: Expansion Hub (HW: 20, Maj: 1, Min: 6, Eng: 0)     Expansion Hub 3                USB DQ143RN2; module 3
10-28 14:26:30.010 30603 30657 I RobotCore: Expansion Hub DC Motor Controller                  Expansion Hub 2                USB DQ143RN2; module 2
10-28 14:26:30.010 30603 30657 I RobotCore: Expansion Hub Servo Controller                     Expansion Hub 2                USB DQ143RN2; module 2
10-28 14:26:30.010 30603 30657 I RobotCore: Expansion Hub Voltage Sensor                       Expansion Hub 2                USB DQ143RN2; module 2
10-28 14:26:30.010 30603 30657 I RobotCore: Expansion Hub Pwm Controller                       Expansion Hub 2                USB DQ143RN2; module 2
10-28 14:26:30.010 30603 30657 I RobotCore: Expansion Hub Analog Input Controller              Expansion Hub 2                USB DQ143RN2; module 2
10-28 14:26:30.010 30603 30657 I RobotCore: Expansion Hub Digital Channel Controller           Expansion Hub 2                USB DQ143RN2; module 2
10-28 14:26:30.016 30603 30657 I RobotCore: Expansion Hub (HW: 20, Maj: 1, Min: 6, Eng: 0)     Expansion Hub 2                USB DQ143RN2; module 2
10-28 14:26:30.017 30603 30657 I RobotCore: REV Expansion Hub IMU                              imu                            USB DQ143RN2; module 3; bus 0; addr7=0x00
10-28 14:26:30.017 30603 30657 I RobotCore: Servo                                              upperRightGripper              USB DQ143RN2; module 2; port 1
10-28 14:26:30.017 30603 30657 I RobotCore: Motor                                              rf                             USB DQ143RN2; module 3; port 1
10-28 14:26:30.017 30603 30657 I RobotCore: Servo                                              shortArm                       USB DQ143RN2; module 2; port 4
10-28 14:26:30.017 30603 30657 I RobotCore: REV Color/Range Sensor                             jewelColor                     USB DQ143RN2; module 2; bus 1; addr7=0x39
10-28 14:26:30.017 30603 30657 I RobotCore: Motor                                              lf                             USB DQ143RN2; module 3; port 0
10-28 14:26:30.017 30603 30657 I RobotCore: Servo                                              lowerLeftGripper               USB DQ143RN2; module 2; port 2
10-28 14:26:30.027 30603 30657 I RobotCore: Modern Robotics Range Sensor v1.2                  x1Range                        USB DQ143RN2; module 3; bus 3; addr7=0x14
10-28 14:26:30.027 30603 30657 I FtcEventLoop: ======= INIT FINISH =======
10-28 14:26:30.028 30603 30657 V RobotCore: EventLoopManager state is RUNNING
10-28 14:26:30.039 30603 30657 V ThreadPool: container(0x04954bf6: SoundPlayer) added id=1356 TID=0 count=1
10-28 14:26:30.039 30603 30657 V ThreadPool: container(0x04954bf6: SoundPlayer) added id=1357 TID=0 count=2
10-28 14:26:30.042 30603 30657 V RobotCore: Robot Status: running, starting robot
10-28 14:26:30.042 30603 30657 V RobotCore: Robot Status: running
10-28 14:26:30.043 30603 30657 V ThreadPool: container(0x0f7984cd: executorEventLoop) added id=1360 TID=0 count=1
10-28 14:26:30.044 30603 30657 V RobotCore: thread: ...terminating 'RobotSetupRunnable.run()'
10-28 14:26:30.045 30603 30682 V RobotCore: thread: 'opmode loop()' starting...
10-28 14:26:30.051 30603 30682 D RobotCore: system telemetry: key=$System$None$ msg=""
10-28 14:26:30.062 30603 30681 D MediaPlayer: setSubtitleAnchor in MediaPlayer
10-28 14:26:30.062 30603 30603 D MediaPlayer: setSubtitleAnchor in MediaPlayer
10-28 14:26:30.093 30603 30679 D ExtendedUtils: extended extractor not needed, return default
10-28 14:26:30.093 30603 30679 I MediaCodec: (0xb77e9ce8) init name(audio/raw) isType(1) encoder(0)
10-28 14:26:30.095 30603 30686 I OMXClient: Using client-side OMX mux.
10-28 14:26:30.099 30603 30686 E OMXMaster: A component of name 'OMX.qcom.audio.decoder.aac' already exists, ignoring this one.
10-28 14:26:30.101 30603 30686 I MediaCodec: (0xb77e9ce8) Component Allocated (OMX.google.raw.decoder)
10-28 14:26:30.101 30603 30679 I MediaCodec: (0xb77e9ce8) configure surface(0x0) crypto(0x0) flags(0)
10-28 14:26:30.101 30603 30679 D MediaCodec: (0xb77e9ce8) configure format: AMessage(what = 0x00000000) = {
10-28 14:26:30.101 30603 30679 D MediaCodec:    string mime = "audio/raw"
10-28 14:26:30.101 30603 30679 D MediaCodec:    int64_t durationUs = 1019125
10-28 14:26:30.101 30603 30679 D MediaCodec:    int32_t channel-count = 1
10-28 14:26:30.101 30603 30679 D MediaCodec:    int32_t sample-rate = 8000
10-28 14:26:30.101 30603 30679 D MediaCodec:    int32_t channel-mask = 0
10-28 14:26:30.101 30603 30679 D MediaCodec:  }
10-28 14:26:30.102 30603 30679 I MediaCodec: (0xb77e9ce8) start
10-28 14:26:30.103 30603 30686 I MediaCodec: (0xb77e9ce8) input buffers allocated
10-28 14:26:30.103 30603 30686 I MediaCodec: (0xb77e9ce8) numBuffers (4)
10-28 14:26:30.103 30603 30686 I MediaCodec: (0xb77e9ce8) output buffers allocated
10-28 14:26:30.103 30603 30686 I MediaCodec: (0xb77e9ce8) numBuffers (4)
10-28 14:26:30.105 30603 30686 I MediaCodec: (0xb77e9ce8) codec output format changed
10-28 14:26:30.105 30603 30686 D MediaCodec: (0xb77e9ce8) output format: AMessage(what = 'codc', target = 2) = {
10-28 14:26:30.105 30603 30686 D MediaCodec:    string mime = "audio/raw"
10-28 14:26:30.105 30603 30686 D MediaCodec:    int32_t channel-count = 1
10-28 14:26:30.105 30603 30686 D MediaCodec:    int32_t sample-rate = 8000
10-28 14:26:30.105 30603 30686 D MediaCodec:    int32_t channel-mask = 0
10-28 14:26:30.105 30603 30686 D MediaCodec:    int32_t what = 1869968451
10-28 14:26:30.105 30603 30686 D MediaCodec:  }
10-28 14:26:30.107 30603 30679 I MediaCodec: (0xb77e9ce8) stop
10-28 14:26:30.108 30603 30679 I MediaCodec: (0xb77e9ce8) release
10-28 14:26:30.114 30603 30681 W AudioTrack: AUDIO_OUTPUT_FLAG_FAST denied by client; transfer 4, track 8000 Hz, output 48000 Hz
10-28 14:26:30.556 30603 30682 V ThreadPool: container(0x0b2dfca2: OpModeStuckCodeMonitor) added id=1364 TID=0 count=1
10-28 14:26:30.557 30603 30682 I RobotCore: Attempting to switch to op mode $Stop$Robot$
10-28 14:26:31.142 30603 30682 I RobotCore: robot battery read duration: n=2, mean=6.724ms sd=4.146ms
10-28 14:26:31.785 30603 30668 V PeerDiscovery: new remote peer discovered: 192.168.49.154
10-28 14:26:31.785 30603 30668 D Robocol : RobocolDatagramSocket connected to /192.168.49.154:20884
10-28 14:26:31.786 30603 30668 V NetworkConnectionHandler: starting sending loop
10-28 14:26:31.787 30603 30668 V Robocol : SendOnceRunnable created
10-28 14:26:31.821 30603 30668 V NetDiscover_prefremrc: sendAllPreferences()
10-28 14:26:31.821 30603 30668 V NetDiscover_prefremrc: sending RC pref name=pref_wifip2p_remote_channel_change_works value=true
10-28 14:26:31.826 30603 30668 V NetDiscover_prefremrc: sending RC pref name=pref_device_name value=12611-RC
10-28 14:26:31.827 30603 30668 V NetDiscover_prefremrc: sending RC pref name=pref_has_independent_phone_battery value=true
10-28 14:26:31.827 30603 30668 V NetDiscover_prefremrc: sending RC pref name=pref_app_theme value=teal
10-28 14:26:31.827 30603 30668 V NetDiscover_prefremrc: sending RC pref name=pref_sound_on_off value=false
10-28 14:26:31.827 30603 30691 V Robocol : sending CMD_NOTIFY_USER_DEVICE_LIST(24), attempt: 0
10-28 14:26:31.827 30603 30668 V RobotCore: Network: active, connected
10-28 14:26:31.830 30603 30691 V Robocol : sending CMD_ROBOT_CONTROLLER_PREFERENCE(25), attempt: 0
10-28 14:26:31.830 30603 30691 V Robocol : sending CMD_ROBOT_CONTROLLER_PREFERENCE(26), attempt: 0
10-28 14:26:31.831 30603 30691 V Robocol : sending CMD_ROBOT_CONTROLLER_PREFERENCE(27), attempt: 0
10-28 14:26:31.834 30603 30691 V Robocol : sending CMD_ROBOT_CONTROLLER_PREFERENCE(28), attempt: 0
10-28 14:26:31.846 30603 30681 D MediaPlayer: setSubtitleAnchor in MediaPlayer
10-28 14:26:31.846 30603 30603 D MediaPlayer: setSubtitleAnchor in MediaPlayer
10-28 14:26:31.848 30603 30668 V Robocol : received command: CMD_REQUEST_UI_STATE(10007) 
10-28 14:26:31.850 30603 30667 I BatteryChecker: percent remaining: 100 is charging: false
10-28 14:26:31.850 30603 30603 E MediaPlayer: invoke failed: wrong state 8
10-28 14:26:31.850 30603 30603 W MediaPlayer: mediaplayer went away with unhandled events
10-28 14:26:31.862 30603 30679 D ExtendedUtils: extended extractor not needed, return default
10-28 14:26:31.862 30603 30679 I MediaCodec: (0xb7811630) init name(audio/raw) isType(1) encoder(0)
10-28 14:26:31.867 30603 30691 V Robocol : sending CMD_ROBOT_CONTROLLER_PREFERENCE(29), attempt: 0
10-28 14:26:31.868 30603 30691 V Robocol : sending CMD_NOTIFY_ACTIVE_CONFIGURATION(37), attempt: 0
10-28 14:26:31.868 30603 30695 I OMXClient: Using client-side OMX mux.
10-28 14:26:31.872 30603 30695 E OMXMaster: A component of name 'OMX.qcom.audio.decoder.aac' already exists, ignoring this one.
10-28 14:26:31.874 30603 30695 I MediaCodec: (0xb7811630) Component Allocated (OMX.google.raw.decoder)
10-28 14:26:31.874 30603 30679 I MediaCodec: (0xb7811630) configure surface(0x0) crypto(0x0) flags(0)
10-28 14:26:31.875 30603 30679 D MediaCodec: (0xb7811630) configure format: AMessage(what = 0x00000000) = {
10-28 14:26:31.875 30603 30679 D MediaCodec:    string mime = "audio/raw"
10-28 14:26:31.875 30603 30679 D MediaCodec:    int64_t durationUs = 485011
10-28 14:26:31.875 30603 30679 D MediaCodec:    int32_t channel-count = 2
10-28 14:26:31.875 30603 30679 D MediaCodec:    int32_t sample-rate = 44100
10-28 14:26:31.875 30603 30679 D MediaCodec:    int32_t channel-mask = 0
10-28 14:26:31.875 30603 30679 D MediaCodec:  }
10-28 14:26:31.875 30603 30679 I MediaCodec: (0xb7811630) start
10-28 14:26:31.876 30603 30695 I MediaCodec: (0xb7811630) input buffers allocated
10-28 14:26:31.876 30603 30695 I MediaCodec: (0xb7811630) numBuffers (4)
10-28 14:26:31.876 30603 30695 I MediaCodec: (0xb7811630) output buffers allocated
10-28 14:26:31.876 30603 30695 I MediaCodec: (0xb7811630) numBuffers (4)
10-28 14:26:31.880 30603 30695 I MediaCodec: (0xb7811630) codec output format changed
10-28 14:26:31.880 30603 30695 D MediaCodec: (0xb7811630) output format: AMessage(what = 'codc', target = 6) = {
10-28 14:26:31.880 30603 30695 D MediaCodec:    string mime = "audio/raw"
10-28 14:26:31.880 30603 30695 D MediaCodec:    int32_t channel-count = 2
10-28 14:26:31.880 30603 30695 D MediaCodec:    int32_t sample-rate = 44100
10-28 14:26:31.880 30603 30695 D MediaCodec:    int32_t channel-mask = 0
10-28 14:26:31.880 30603 30695 D MediaCodec:    int32_t what = 1869968451
10-28 14:26:31.880 30603 30695 D MediaCodec:  }
10-28 14:26:31.883 30603 30679 I MediaCodec: (0xb7811630) stop
10-28 14:26:31.884 30603 30679 I MediaCodec: (0xb7811630) release
10-28 14:26:31.886 30603 30668 V Robocol : received command: CMD_INIT_OP_MODE(10011) $Stop$Robot$
10-28 14:26:31.887 30603 30667 I BatteryChecker: percent remaining: 100 is charging: false
10-28 14:26:31.890 30603 30681 W AudioTrack: AUDIO_OUTPUT_FLAG_FAST denied by client; transfer 4, track 44100 Hz, output 48000 Hz
10-28 14:26:31.907 30603 30691 V Robocol : sending CMD_NOTIFY_USER_DEVICE_LIST(38), attempt: 0
10-28 14:26:31.908 30603 30691 V Robocol : sending CMD_NOTIFY_OP_MODE_LIST(39), attempt: 0
10-28 14:26:32.067 30603 30691 V Robocol : sending CMD_NOTIFY_USER_DEVICE_LIST(24), attempt: 1
10-28 14:26:32.069 30603 30691 V Robocol : sending CMD_ROBOT_CONTROLLER_PREFERENCE(25), attempt: 1
10-28 14:26:32.069 30603 30691 V Robocol : sending CMD_ROBOT_CONTROLLER_PREFERENCE(26), attempt: 1
10-28 14:26:32.157 30603 30682 I RobotCore: Attempting to switch to op mode $Stop$Robot$
10-28 14:26:32.227 30603 30691 V Robocol : sending CMD_NOTIFY_INIT_OP_MODE(55), attempt: 0
10-28 14:26:58.877 30603 30666 V ThreadPool: container(0x06ec57af: default threadpool) removed id=1346 TID=30666 count=2
10-28 14:27:00.044 30603 30657 V ThreadPool: container(0x06ec57af: default threadpool) removed id=1341 TID=30657 count=1
10-28 14:27:03.046 30603 30668 V Robocol : received command: CMD_INIT_OP_MODE(10412) $Stop$Robot$
10-28 14:27:03.049 30603 30667 I BatteryChecker: percent remaining: 100 is charging: false
10-28 14:27:03.059 30603 30682 I RobotCore: Attempting to switch to op mode $Stop$Robot$
10-28 14:27:03.107 30603 30691 V Robocol : sending CMD_NOTIFY_INIT_OP_MODE(472), attempt: 0
10-28 14:27:06.245 30603 30668 V Robocol : received command: CMD_INIT_OP_MODE(10456) $Stop$Robot$
10-28 14:27:06.246 30603 30667 I BatteryChecker: percent remaining: 100 is charging: false
10-28 14:27:06.257 30603 30682 I RobotCore: Attempting to switch to op mode $Stop$Robot$
10-28 14:27:06.307 30603 30691 V Robocol : sending CMD_NOTIFY_INIT_OP_MODE(521), attempt: 0
10-28 14:27:09.246 30603 30668 V Robocol : received command: CMD_INIT_OP_MODE(10498) Sensor Test
10-28 14:27:09.247 30603 30667 I BatteryChecker: percent remaining: 100 is charging: false
10-28 14:27:09.258 30603 30682 I RobotCore: Attempting to switch to op mode Sensor Test
10-28 14:27:09.443 30603 30682 V AMSColorSensorImpl: internalInitialize()...
10-28 14:27:09.476 30603 30682 V AMSColorSensorImpl: state: 07 f6 ff ff 00 00 00 00 00 00 00 00 00 00 08 61 
10-28 14:27:09.476 30603 30682 V AMSColorSensorImpl: state| 00 01 60 33 20 00 0f 00 0c 
10-28 14:27:09.486 30603 30668 V Robocol : received command: CMD_INIT_OP_MODE(10505) Sensor Test
10-28 14:27:09.493 30603 30682 V AMSColorSensorImpl: disable() enabled=0x07...
10-28 14:27:09.525 30603 30682 V AMSColorSensorImpl: ...disable() enabled=0x00
10-28 14:27:09.525 30603 30682 V AMSColorSensorImpl: setIntegrationTime(0xf6)
10-28 14:27:09.538 30603 30682 V AMSColorSensorImpl: setGain(GAIN_4)
10-28 14:27:09.568 30603 30682 V AMSColorSensorImpl: setPDrive(Percent12_5)
10-28 14:27:09.595 30603 30682 V AMSColorSensorImpl: setProximityPulseCount(0x08)
10-28 14:27:09.620 30603 30682 V AMSColorSensorImpl: enable() enabled=0x00...
10-28 14:27:09.671 30603 30682 V AMSColorSensorImpl: ...enable() enabled=0x07
10-28 14:27:09.686 30603 30682 V AMSColorSensorImpl: state: 07 f6 ff ff 00 00 00 00 00 00 00 00 00 00 08 61 
10-28 14:27:09.687 30603 30682 V AMSColorSensorImpl: state| 00 01 60 33 20 00 0f 00 0b 
10-28 14:27:09.687 30603 30682 V AMSColorSensorImpl: ...internalInitialize()
10-28 14:27:09.691 30603 30682 W LynxPwmOutputController: LynxSetPWMEnableCommand not implemented by lynx hw; ignoring
10-28 14:27:09.695 30603 30682 W LynxPwmOutputController: LynxSetPWMConfigurationCommand not implemented by lynx hw; ignoring
10-28 14:27:09.699 30603 30682 W LynxPwmOutputController: LynxSetPWMEnableCommand not implemented by lynx hw; ignoring
10-28 14:27:09.703 30603 30682 W LynxPwmOutputController: LynxSetPWMConfigurationCommand not implemented by lynx hw; ignoring
10-28 14:27:09.707 30603 30682 W LynxPwmOutputController: LynxSetPWMEnableCommand not implemented by lynx hw; ignoring
10-28 14:27:09.711 30603 30682 W LynxPwmOutputController: LynxSetPWMConfigurationCommand not implemented by lynx hw; ignoring
10-28 14:27:09.715 30603 30682 W LynxPwmOutputController: LynxSetPWMEnableCommand not implemented by lynx hw; ignoring
10-28 14:27:09.720 30603 30682 W LynxPwmOutputController: LynxSetPWMConfigurationCommand not implemented by lynx hw; ignoring
10-28 14:27:09.903 30603 30682 W LynxPwmOutputController: LynxSetPWMEnableCommand not implemented by lynx hw; ignoring
10-28 14:27:09.909 30603 30682 W LynxPwmOutputController: LynxSetPWMConfigurationCommand not implemented by lynx hw; ignoring
10-28 14:27:09.914 30603 30682 W LynxPwmOutputController: LynxSetPWMEnableCommand not implemented by lynx hw; ignoring
10-28 14:27:09.919 30603 30682 W LynxPwmOutputController: LynxSetPWMConfigurationCommand not implemented by lynx hw; ignoring
10-28 14:27:09.924 30603 30682 W LynxPwmOutputController: LynxSetPWMEnableCommand not implemented by lynx hw; ignoring
10-28 14:27:09.929 30603 30682 W LynxPwmOutputController: LynxSetPWMConfigurationCommand not implemented by lynx hw; ignoring
10-28 14:27:09.934 30603 30682 W LynxPwmOutputController: LynxSetPWMEnableCommand not implemented by lynx hw; ignoring
10-28 14:27:09.939 30603 30682 W LynxPwmOutputController: LynxSetPWMConfigurationCommand not implemented by lynx hw; ignoring
10-28 14:27:09.941 30603 30682 V ThreadPool: container(0x0f8c71fc: LinearOpMode) added id=1369 TID=0 count=1
10-28 14:27:09.943 30603 30667 I BatteryChecker: percent remaining: 100 is charging: false
10-28 14:27:09.944 30603 30703 V RobotCore: thread: 'LinearOpMode main' starting...
10-28 14:27:09.947 30603 30691 V Robocol : sending CMD_NOTIFY_INIT_OP_MODE(576), attempt: 0
10-28 14:27:09.955 30603 30682 V ThreadPool: waiting for service user linear op mode
10-28 14:27:10.340 30603 30703 I System.out: Native library libVuforia.so loaded
10-28 14:27:10.350 30603 30703 I AR      : Vuforia SDK version 6.0.117
10-28 14:27:10.390 30603 30703 I CameraManagerGlobal: Connecting to camera service
10-28 14:27:10.955 30603 30690 E RobotCore: OpMode 'Sensor Test' stuck in stop(). Restarting robot controller app.
10-28 14:27:10.955 30603 30690 E RobotCore: Begin thread dump
10-28 14:27:10.965 30603 30668 D RobotCore: system telemetry: key=$System$Error$ msg="OpMode 'Sensor Test' stuck in stop(). Restarting robot controller app."
10-28 14:27:10.969 30603 30690 E RobotCore: thread id=1378 tid=0 name="Thread-1378"
10-28 14:27:10.970 30603 30690 E RobotCore: thread id=1369 tid=30703 name="LinearOpMode main"
10-28 14:27:10.970 30603 30690 E RobotCore:     at android.hardware.Camera.setPreviewTexture(Native Method)
10-28 14:27:10.970 30603 30690 E RobotCore:     at com.vuforia.ar.pl.Camera1_Preview.setCameraCaptureParams(Camera1_Preview.java:629)
10-28 14:27:10.970 30603 30690 E RobotCore:     at com.vuforia.ar.pl.Camera1_Preview.setCaptureInfo(Camera1_Preview.java:1679)
10-28 14:27:10.970 30603 30690 E RobotCore:     at com.vuforia.VuforiaJNI.CameraDevice_selectVideoMode(Native Method)
10-28 14:27:10.970 30603 30690 E RobotCore:     at com.vuforia.CameraDevice.selectVideoMode(CameraDevice.java:86)
10-28 14:27:10.970 30603 30690 E RobotCore:     at org.firstinspires.ftc.robotcore.internal.vuforia.VuforiaLocalizerImpl.startCamera(VuforiaLocalizerImpl.java:661)
10-28 14:27:10.970 30603 30690 E RobotCore:     at org.firstinspires.ftc.robotcore.internal.vuforia.VuforiaLocalizerImpl.startAR(VuforiaLocalizerImpl.java:492)
10-28 14:27:10.970 30603 30690 E RobotCore:     at org.firstinspires.ftc.robotcore.internal.vuforia.VuforiaLocalizerImpl.<init>(VuforiaLocalizerImpl.java:206)
10-28 14:27:10.970 30603 30690 E RobotCore:     at org.firstinspires.ftc.robotcore.external.ClassFactory.createVuforiaLocalizer(ClassFactory.java:57)
10-28 14:27:10.970 30603 30690 E RobotCore:     at org.firstinspires.ftc.teamcode.TechNova2017.VuMarkVision.<init>(VuMarkVision.java:58)
10-28 14:27:10.970 30603 30690 E RobotCore:     at org.firstinspires.ftc.teamcode.TechNova2017.SensorTest.runOpMode(SensorTest.java:38)
10-28 14:27:10.970 30603 30690 E RobotCore:     at com.qualcomm.robotcore.eventloop.opmode.LinearOpMode$LinearOpModeHelper$1.run(LinearOpMode.java:305)
10-28 14:27:10.970 30603 30690 E RobotCore:     at com.qualcomm.robotcore.util.ThreadPool.logThreadLifeCycle(ThreadPool.java:709)
10-28 14:27:10.970 30603 30690 E RobotCore:     at com.qualcomm.robotcore.eventloop.opmode.LinearOpMode$LinearOpModeHelper.run(LinearOpMode.java:300)
10-28 14:27:10.970 30603 30690 E RobotCore:     at java.util.concurrent.ThreadPoolExecutor.runWorker(ThreadPoolExecutor.java:1113)
10-28 14:27:10.970 30603 30690 E RobotCore:     at java.util.concurrent.ThreadPoolExecutor$Worker.run(ThreadPoolExecutor.java:588)
10-28 14:27:10.970 30603 30690 E RobotCore:     at com.qualcomm.robotcore.util.ThreadPool$ThreadFactoryImpl$1.run(ThreadPool.java:764)
10-28 14:27:10.970 30603 30690 E RobotCore:     at java.lang.Thread.run(Thread.java:818)
10-28 14:27:10.970 30603 30690 E RobotCore: thread id=1337 tid=0 name="RenderThread"
10-28 14:27:10.970 30603 30690 E RobotCore: thread id=1313 tid=0 name="Binder_1"
10-28 14:27:10.970 30603 30690 E RobotCore: thread id=1315 tid=0 name="Logging Thread"
10-28 14:27:10.970 30603 30690 E RobotCore:     at java.lang.Object.wait(Native Method)
10-28 14:27:10.970 30603 30690 E RobotCore:     at java.lang.ProcessManager$ProcessImpl.waitFor(ProcessManager.java:296)
10-28 14:27:10.970 30603 30690 E RobotCore:     at com.qualcomm.robotcore.util.RunShellCommand.runCommand(RunShellCommand.java:103)
10-28 14:27:10.970 30603 30690 E RobotCore:     at com.qualcomm.robotcore.util.RunShellCommand.run(RunShellCommand.java:71)
10-28 14:27:10.970 30603 30690 E RobotCore:     at com.qualcomm.robotcore.util.RobotLog$1.run(RobotLog.java:495)
10-28 14:27:10.970 30603 30690 E RobotCore: thread id=1356 tid=30680 name="SoundPlayer looper"
10-28 14:27:10.971 30603 30690 E RobotCore:     at android.os.MessageQueue.nativePollOnce(Native Method)
10-28 14:27:10.971 30603 30690 E RobotCore:     at android.os.MessageQueue.next(MessageQueue.java:323)
10-28 14:27:10.971 30603 30690 E RobotCore:     at android.os.Looper.loop(Looper.java:135)
10-28 14:27:10.971 30603 30690 E RobotCore:     at com.qualcomm.ftccommon.SoundPlayer$1.run(SoundPlayer.java:134)
10-28 14:27:10.971 30603 30690 E RobotCore:     at java.util.concurrent.ThreadPoolExecutor.runWorker(ThreadPoolExecutor.java:1113)
10-28 14:27:10.971 30603 30690 E RobotCore:     at java.util.concurrent.ThreadPoolExecutor$Worker.run(ThreadPoolExecutor.java:588)
10-28 14:27:10.971 30603 30690 E RobotCore:     at com.qualcomm.robotcore.util.ThreadPool$ThreadFactoryImpl$1.run(ThreadPool.java:764)
10-28 14:27:10.971 30603 30690 E RobotCore:     at java.lang.Thread.run(Thread.java:818)
10-28 14:27:10.971 30603 30690 E RobotCore: thread id=1314 tid=0 name="Binder_2"
10-28 14:27:10.971 30603 30690 E RobotCore: thread id=1330 tid=0 name="ConnectivityManager"
10-28 14:27:10.971 30603 30690 E RobotCore:     at android.os.MessageQueue.nativePollOnce(Native Method)
10-28 14:27:10.971 30603 30690 E RobotCore:     at android.os.MessageQueue.next(MessageQueue.java:323)
10-28 14:27:10.971 30603 30690 E RobotCore:     at android.os.Looper.loop(Looper.java:135)
10-28 14:27:10.971 30603 30690 E RobotCore:     at android.os.HandlerThread.run(HandlerThread.java:61)
10-28 14:27:10.971 30603 30690 E RobotCore: thread id=1352 tid=30672 name="WatchdogMonitor-#0"
10-28 14:27:10.971 30603 30690 E RobotCore:     at java.lang.Object.wait(Native Method)
10-28 14:27:10.971 30603 30690 E RobotCore:     at java.lang.Thread.parkFor$(Thread.java:1220)
10-28 14:27:10.971 30603 30690 E RobotCore:     at sun.misc.Unsafe.park(Unsafe.java:299)
10-28 14:27:10.971 30603 30690 E RobotCore:     at java.util.concurrent.locks.LockSupport.park(LockSupport.java:158)
10-28 14:27:10.971 30603 30690 E RobotCore:     at java.util.concurrent.locks.AbstractQueuedSynchronizer$ConditionObject.await(AbstractQueuedSynchronizer.java:2013)
10-28 14:27:10.971 30603 30690 E RobotCore:     at java.util.concurrent.LinkedBlockingQueue.take(LinkedBlockingQueue.java:410)
10-28 14:27:10.971 30603 30690 E RobotCore:     at java.util.concurrent.ThreadPoolExecutor.getTask(ThreadPoolExecutor.java:1038)
10-28 14:27:10.971 30603 30690 E RobotCore:     at java.util.concurrent.ThreadPoolExecutor.runWorker(ThreadPoolExecutor.java:1098)
10-28 14:27:10.971 30603 30690 E RobotCore:     at java.util.concurrent.ThreadPoolExecutor$Worker.run(ThreadPoolExecutor.java:588)
