10-28 14:27:41.354 30841 30914 I MediaCodec: (0xb7898b68) init name(audio/raw) isType(1) encoder(0)
10-28 14:27:41.356 30841 30956 I OMXClient: Using client-side OMX mux.
10-28 14:27:41.362 30841 30956 E OMXMaster: A component of name 'OMX.qcom.audio.decoder.aac' already exists, ignoring this one.
10-28 14:27:41.365 30841 30956 I MediaCodec: (0xb7898b68) Component Allocated (OMX.google.raw.decoder)
10-28 14:27:41.365 30841 30914 I MediaCodec: (0xb7898b68) configure surface(0x0) crypto(0x0) flags(0)
10-28 14:27:41.365 30841 30914 D MediaCodec: (0xb7898b68) configure format: AMessage(what = 0x00000000) = {
10-28 14:27:41.365 30841 30914 D MediaCodec:    string mime = "audio/raw"
10-28 14:27:41.365 30841 30914 D MediaCodec:    int64_t durationUs = 1043650
10-28 14:27:41.365 30841 30914 D MediaCodec:    int32_t channel-count = 2
10-28 14:27:41.365 30841 30914 D MediaCodec:    int32_t sample-rate = 44100
10-28 14:27:41.365 30841 30914 D MediaCodec:    int32_t channel-mask = 0
10-28 14:27:41.365 30841 30914 D MediaCodec:  }
10-28 14:27:41.366 30841 30914 I MediaCodec: (0xb7898b68) start
10-28 14:27:41.366 30841 30956 I MediaCodec: (0xb7898b68) input buffers allocated
10-28 14:27:41.366 30841 30956 I MediaCodec: (0xb7898b68) numBuffers (4)
10-28 14:27:41.366 30841 30956 I MediaCodec: (0xb7898b68) output buffers allocated
10-28 14:27:41.366 30841 30956 I MediaCodec: (0xb7898b68) numBuffers (4)
10-28 14:27:41.368 30841 30956 I MediaCodec: (0xb7898b68) codec output format changed
10-28 14:27:41.368 30841 30956 D MediaCodec: (0xb7898b68) output format: AMessage(what = 'codc', target = 10) = {
10-28 14:27:41.368 30841 30956 D MediaCodec:    string mime = "audio/raw"
10-28 14:27:41.368 30841 30956 D MediaCodec:    int32_t channel-count = 2
10-28 14:27:41.368 30841 30956 D MediaCodec:    int32_t sample-rate = 44100
10-28 14:27:41.368 30841 30956 D MediaCodec:    int32_t channel-mask = 0
10-28 14:27:41.368 30841 30956 D MediaCodec:    int32_t what = 1869968451
10-28 14:27:41.368 30841 30956 D MediaCodec:  }
10-28 14:27:41.383 30841 30914 I MediaCodec: (0xb7898b68) stop
10-28 14:27:41.385 30841 30914 I MediaCodec: (0xb7898b68) release
10-28 14:27:41.390 30841 30916 W AudioTrack: AUDIO_OUTPUT_FLAG_FAST denied by client; transfer 4, track 44100 Hz, output 48000 Hz
10-28 14:27:55.566 30841 30903 V Robocol : received command: CMD_INIT_OP_MODE(10425) $Stop$Robot$
10-28 14:27:55.570 30841 30902 I BatteryChecker: percent remaining: 100 is charging: false
10-28 14:27:55.585 30841 30949 V ThreadPool: waiting for service user linear op mode
10-28 14:27:55.586 30841 30952 E LynxI2cDeviceSynch: placeholder: readTimestamped
10-28 14:27:55.589 30841 30952 V RobotCore: thread: ...terminating 'LinearOpMode main'
10-28 14:27:55.589 30841 30949 V ThreadPool: awaitTermination returned, isTerminated=true
10-28 14:27:55.589 30841 30952 V ThreadPool: container(0x05409651: LinearOpMode) removed id=1379 TID=30952 count=1
10-28 14:27:55.589 30841 30949 V ThreadPool: executive service user linear op mode(0x05409651) is terminated
10-28 14:27:55.589 30841 30949 I RobotCore: Attempting to switch to op mode $Stop$Robot$
10-28 14:27:55.646 30841 30912 V Robocol : sending CMD_NOTIFY_INIT_OP_MODE(505), attempt: 0
10-28 14:27:55.687 30841 30903 V Robocol : received command: CMD_RUN_OP_MODE(10432) $Stop$Robot$
10-28 14:27:55.688 30841 30902 I BatteryChecker: percent remaining: 100 is charging: false
10-28 14:27:55.726 30841 30912 V Robocol : sending CMD_NOTIFY_RUN_OP_MODE(511), attempt: 0
10-28 14:27:57.206 30841 30903 V Robocol : received command: CMD_INIT_OP_MODE(10457) $Stop$Robot$
10-28 14:27:57.207 30841 30902 I BatteryChecker: percent remaining: 100 is charging: false
10-28 14:27:57.217 30841 30949 I RobotCore: Attempting to switch to op mode $Stop$Robot$
10-28 14:27:57.286 30841 30912 V Robocol : sending CMD_NOTIFY_INIT_OP_MODE(540), attempt: 0
10-28 14:27:57.326 30841 30903 V Robocol : received command: CMD_RUN_OP_MODE(10463) $Stop$Robot$
10-28 14:27:57.328 30841 30902 I BatteryChecker: percent remaining: 100 is charging: false
10-28 14:27:57.366 30841 30912 V Robocol : sending CMD_NOTIFY_RUN_OP_MODE(545), attempt: 0
10-28 14:27:59.870 30841 30901 V ThreadPool: container(0x0baae38e: default threadpool) removed id=1348 TID=30901 count=2
10-28 14:28:01.070 30841 30893 V ThreadPool: container(0x0baae38e: default threadpool) removed id=1343 TID=30893 count=1
10-28 14:28:04.166 30841 30903 V Robocol : received command: CMD_INIT_OP_MODE(10553) $Stop$Robot$
10-28 14:28:04.168 30841 30902 I BatteryChecker: percent remaining: 100 is charging: false
10-28 14:28:04.178 30841 30949 I RobotCore: Attempting to switch to op mode $Stop$Robot$
10-28 14:28:04.246 30841 30912 V Robocol : sending CMD_NOTIFY_INIT_OP_MODE(642), attempt: 0
10-28 14:28:04.287 30841 30903 V Robocol : received command: CMD_RUN_OP_MODE(10559) $Stop$Robot$
10-28 14:28:04.289 30841 30902 I BatteryChecker: percent remaining: 100 is charging: false
10-28 14:28:04.326 30841 30912 V Robocol : sending CMD_NOTIFY_RUN_OP_MODE(647), attempt: 0
10-28 14:28:08.845 30841 30903 V Robocol : received command: CMD_INIT_OP_MODE(10621) Sensor Test
10-28 14:28:08.847 30841 30902 I BatteryChecker: percent remaining: 100 is charging: false
10-28 14:28:08.857 30841 30949 I RobotCore: Attempting to switch to op mode Sensor Test
10-28 14:28:08.862 30841 30949 W LynxPwmOutputController: LynxSetPWMEnableCommand not implemented by lynx hw; ignoring
10-28 14:28:08.867 30841 30949 W LynxPwmOutputController: LynxSetPWMConfigurationCommand not implemented by lynx hw; ignoring
10-28 14:28:08.871 30841 30949 W LynxPwmOutputController: LynxSetPWMEnableCommand not implemented by lynx hw; ignoring
10-28 14:28:08.875 30841 30949 W LynxPwmOutputController: LynxSetPWMConfigurationCommand not implemented by lynx hw; ignoring
10-28 14:28:08.880 30841 30949 W LynxPwmOutputController: LynxSetPWMEnableCommand not implemented by lynx hw; ignoring
10-28 14:28:08.884 30841 30949 W LynxPwmOutputController: LynxSetPWMConfigurationCommand not implemented by lynx hw; ignoring
10-28 14:28:08.888 30841 30949 W LynxPwmOutputController: LynxSetPWMEnableCommand not implemented by lynx hw; ignoring
10-28 14:28:08.892 30841 30949 W LynxPwmOutputController: LynxSetPWMConfigurationCommand not implemented by lynx hw; ignoring
10-28 14:28:09.002 30841 30949 W LynxPwmOutputController: LynxSetPWMEnableCommand not implemented by lynx hw; ignoring
10-28 14:28:09.008 30841 30949 W LynxPwmOutputController: LynxSetPWMConfigurationCommand not implemented by lynx hw; ignoring
10-28 14:28:09.011 30841 30949 W LynxPwmOutputController: LynxSetPWMEnableCommand not implemented by lynx hw; ignoring
10-28 14:28:09.015 30841 30949 W LynxPwmOutputController: LynxSetPWMConfigurationCommand not implemented by lynx hw; ignoring
10-28 14:28:09.019 30841 30949 W LynxPwmOutputController: LynxSetPWMEnableCommand not implemented by lynx hw; ignoring
10-28 14:28:09.023 30841 30949 W LynxPwmOutputController: LynxSetPWMConfigurationCommand not implemented by lynx hw; ignoring
10-28 14:28:09.027 30841 30949 W LynxPwmOutputController: LynxSetPWMEnableCommand not implemented by lynx hw; ignoring
10-28 14:28:09.031 30841 30949 W LynxPwmOutputController: LynxSetPWMConfigurationCommand not implemented by lynx hw; ignoring
10-28 14:28:09.272 30841 30949 V AMSColorSensorImpl: internalInitialize()...
10-28 14:28:09.306 30841 30949 V AMSColorSensorImpl: state: 07 f6 ff ff 00 00 00 00 00 00 00 00 00 00 08 61 
10-28 14:28:09.306 30841 30949 V AMSColorSensorImpl: state| 00 01 60 33 20 00 0f 00 0c 
10-28 14:28:09.323 30841 30949 V AMSColorSensorImpl: disable() enabled=0x07...
10-28 14:28:09.357 30841 30949 V AMSColorSensorImpl: ...disable() enabled=0x00
10-28 14:28:09.358 30841 30949 V AMSColorSensorImpl: setIntegrationTime(0xf6)
10-28 14:28:09.369 30841 30949 V AMSColorSensorImpl: setGain(GAIN_4)
10-28 14:28:09.397 30841 30949 V AMSColorSensorImpl: setPDrive(Percent12_5)
10-28 14:28:09.426 30841 30949 V AMSColorSensorImpl: setProximityPulseCount(0x08)
10-28 14:28:09.454 30841 30949 V AMSColorSensorImpl: enable() enabled=0x00...
10-28 14:28:09.500 30841 30949 V AMSColorSensorImpl: ...enable() enabled=0x07
10-28 14:28:09.518 30841 30949 V AMSColorSensorImpl: state: 07 f6 ff ff 00 00 00 00 00 00 00 00 00 00 08 61 
10-28 14:28:09.518 30841 30949 V AMSColorSensorImpl: state| 00 01 60 33 20 00 0f 00 0c 
10-28 14:28:09.518 30841 30949 V AMSColorSensorImpl: ...internalInitialize()
10-28 14:28:09.519 30841 30949 V ThreadPool: container(0x070877b7: LinearOpMode) added id=1383 TID=0 count=1
10-28 14:28:09.521 30841 30962 V RobotCore: thread: 'LinearOpMode main' starting...
10-28 14:28:09.526 30841 30912 V Robocol : sending CMD_NOTIFY_INIT_OP_MODE(723), attempt: 0
10-28 14:28:09.925 30841 30962 I System.out: Native library libVuforia.so loaded
10-28 14:28:09.932 30841 30962 I AR      : Vuforia SDK version 6.0.117
10-28 14:28:09.967 30841 30962 I CameraManagerGlobal: Connecting to camera service
10-28 14:28:10.759 30841 30962 I AR      : ObjectTracker: Successfully created dataset
10-28 14:28:10.760 30841 30962 V Vuforia : loading data set 'RelicVuMark'...
10-28 14:28:10.982 30841 30962 V Vuforia : ... done loading data set 'RelicVuMark'
10-28 14:28:21.303 30841 30841 I BatteryChecker: percent remaining: 100 is charging: false
10-28 14:28:21.304 30841 30841 I BatteryChecker: percent remaining: 100 is charging: false
10-28 14:28:21.304 30841 30841 I BatteryChecker: percent remaining: 100 is charging: false
10-28 14:28:23.286 30841 30903 V Robocol : received command: CMD_RUN_OP_MODE(10752) Sensor Test
10-28 14:28:23.288 30841 30902 I BatteryChecker: percent remaining: 100 is charging: false
10-28 14:28:23.308 30841 30962 I VuMarkVision: VuMark | UNKNOWN visible
10-28 14:28:23.326 30841 30912 V Robocol : sending CMD_NOTIFY_RUN_OP_MODE(862), attempt: 0
10-28 14:28:23.399 30841 30962 I VuMarkVision: VuMark | UNKNOWN visible
10-28 14:28:23.586 30841 30962 I VuMarkVision: VuMark | UNKNOWN visible
10-28 14:28:23.774 30841 30962 I VuMarkVision: VuMark | UNKNOWN visible
10-28 14:28:23.957 30841 30962 I VuMarkVision: VuMark | UNKNOWN visible
10-28 14:28:24.148 30841 30962 I VuMarkVision: VuMark | UNKNOWN visible
10-28 14:28:24.350 30841 30962 I VuMarkVision: VuMark | UNKNOWN visible
10-28 14:28:24.541 30841 30962 I VuMarkVision: VuMark | UNKNOWN visible
10-28 14:28:24.735 30841 30962 I VuMarkVision: VuMark | UNKNOWN visible
10-28 14:28:24.920 30841 30962 I VuMarkVision: VuMark | UNKNOWN visible
10-28 14:28:25.118 30841 30962 I VuMarkVision: VuMark | UNKNOWN visible
10-28 14:28:25.312 30841 30962 I VuMarkVision: VuMark | UNKNOWN visible
10-28 14:28:25.499 30841 30962 I VuMarkVision: VuMark | UNKNOWN visible
10-28 14:28:25.679 30841 30962 I VuMarkVision: VuMark | UNKNOWN visible
10-28 14:28:25.864 30841 30962 I VuMarkVision: VuMark | UNKNOWN visible
10-28 14:28:26.045 30841 30962 I VuMarkVision: VuMark | UNKNOWN visible
10-28 14:28:26.228 30841 30962 I VuMarkVision: VuMark | UNKNOWN visible
10-28 14:28:26.419 30841 30962 I VuMarkVision: VuMark | UNKNOWN visible
10-28 14:28:26.602 30841 30962 I VuMarkVision: VuMark | UNKNOWN visible
10-28 14:28:26.786 30841 30962 I VuMarkVision: VuMark | UNKNOWN visible
10-28 14:28:26.961 30841 30962 I VuMarkVision: VuMark | UNKNOWN visible
10-28 14:28:27.152 30841 30962 I VuMarkVision: VuMark | UNKNOWN visible
10-28 14:28:27.334 30841 30962 I VuMarkVision: VuMark | UNKNOWN visible
10-28 14:28:27.523 30841 30962 I VuMarkVision: VuMark | UNKNOWN visible
10-28 14:28:27.708 30841 30962 I VuMarkVision: VuMark | UNKNOWN visible
10-28 14:28:27.895 30841 30962 I VuMarkVision: VuMark | UNKNOWN visible
10-28 14:28:28.077 30841 30962 I VuMarkVision: VuMark | UNKNOWN visible
10-28 14:28:28.264 30841 30962 I VuMarkVision: VuMark | UNKNOWN visible
10-28 14:28:28.447 30841 30962 I VuMarkVision: VuMark | UNKNOWN visible
10-28 14:28:28.633 30841 30962 I VuMarkVision: VuMark | UNKNOWN visible
10-28 14:28:28.810 30841 30962 I VuMarkVision: VuMark | UNKNOWN visible
10-28 14:28:28.995 30841 30962 I VuMarkVision: VuMark | UNKNOWN visible
10-28 14:28:29.184 30841 30962 I VuMarkVision: VuMark | UNKNOWN visible
10-28 14:28:29.362 30841 30962 I VuMarkVision: VuMark | UNKNOWN visible
10-28 14:28:29.551 30841 30962 I VuMarkVision: VuMark | UNKNOWN visible
10-28 14:28:29.745 30841 30962 I VuMarkVision: VuMark | UNKNOWN visible
10-28 14:28:29.936 30841 30962 I VuMarkVision: VuMark | UNKNOWN visible
10-28 14:28:30.120 30841 30962 I VuMarkVision: VuMark | UNKNOWN visible
10-28 14:28:30.299 30841 30962 I VuMarkVision: VuMark | UNKNOWN visible
10-28 14:28:30.479 30841 30962 I VuMarkVision: VuMark | UNKNOWN visible
10-28 14:28:30.659 30841 30962 I VuMarkVision: VuMark | UNKNOWN visible
10-28 14:28:30.853 30841 30962 I VuMarkVision: VuMark | UNKNOWN visible
10-28 14:28:31.057 30841 30962 I VuMarkVision: VuMark | UNKNOWN visible
10-28 14:28:31.254 30841 30962 I VuMarkVision: VuMark | UNKNOWN visible
10-28 14:28:31.452 30841 30962 I VuMarkVision: VuMark | UNKNOWN visible
10-28 14:28:31.655 30841 30962 I VuMarkVision: VuMark | RIGHT visible
10-28 14:28:37.605 30841 30903 V Robocol : received command: CMD_INIT_OP_MODE(10933) $Stop$Robot$
10-28 14:28:37.607 30841 30902 I BatteryChecker: percent remaining: 100 is charging: false
10-28 14:28:37.614 30841 30949 V ThreadPool: waiting for service user linear op mode
10-28 14:28:37.616 30841 30962 V RobotCore: thread: ...terminating 'LinearOpMode main'
10-28 14:28:37.616 30841 30962 V ThreadPool: container(0x070877b7: LinearOpMode) removed id=1383 TID=30962 count=1
10-28 14:28:37.617 30841 30949 V ThreadPool: awaitTermination returned, isTerminated=true
10-28 14:28:37.617 30841 30949 V ThreadPool: executive service user linear op mode(0x070877b7) is terminated
10-28 14:28:38.041 30841 30949 I RobotCore: Attempting to switch to op mode $Stop$Robot$
10-28 14:28:38.086 30841 30912 V Robocol : sending CMD_NOTIFY_INIT_OP_MODE(1061), attempt: 0
10-28 14:28:38.125 30841 30903 V Robocol : received command: CMD_RUN_OP_MODE(10943) $Stop$Robot$
10-28 14:28:38.127 30841 30902 I BatteryChecker: percent remaining: 100 is charging: false
10-28 14:28:38.166 30841 30912 V Robocol : sending CMD_NOTIFY_RUN_OP_MODE(1066), attempt: 0
10-28 14:28:41.406 30841 30841 I BatteryChecker: percent remaining: 99 is charging: false
10-28 14:28:41.406 30841 30841 I BatteryChecker: percent remaining: 99 is charging: false
10-28 14:28:41.407 30841 30841 I BatteryChecker: percent remaining: 99 is charging: false
10-28 14:28:47.406 30841 30903 V Robocol : received command: CMD_INIT_OP_MODE(11064) Sensor Test
10-28 14:28:47.409 30841 30902 I BatteryChecker: percent remaining: 99 is charging: false
10-28 14:28:47.420 30841 30949 I RobotCore: Attempting to switch to op mode Sensor Test
10-28 14:28:47.425 30841 30949 W LynxPwmOutputController: LynxSetPWMEnableCommand not implemented by lynx hw; ignoring
10-28 14:28:47.430 30841 30949 W LynxPwmOutputController: LynxSetPWMConfigurationCommand not implemented by lynx hw; ignoring
10-28 14:28:47.435 30841 30949 W LynxPwmOutputController: LynxSetPWMEnableCommand not implemented by lynx hw; ignoring
10-28 14:28:47.440 30841 30949 W LynxPwmOutputController: LynxSetPWMConfigurationCommand not implemented by lynx hw; ignoring
10-28 14:28:47.444 30841 30949 W LynxPwmOutputController: LynxSetPWMEnableCommand not implemented by lynx hw; ignoring
10-28 14:28:47.449 30841 30949 W LynxPwmOutputController: LynxSetPWMConfigurationCommand not implemented by lynx hw; ignoring
10-28 14:28:47.454 30841 30949 W LynxPwmOutputController: LynxSetPWMEnableCommand not implemented by lynx hw; ignoring
10-28 14:28:47.459 30841 30949 W LynxPwmOutputController: LynxSetPWMConfigurationCommand not implemented by lynx hw; ignoring
10-28 14:28:47.582 30841 30949 W LynxPwmOutputController: LynxSetPWMEnableCommand not implemented by lynx hw; ignoring
10-28 14:28:47.587 30841 30949 W LynxPwmOutputController: LynxSetPWMConfigurationCommand not implemented by lynx hw; ignoring
10-28 14:28:47.591 30841 30949 W LynxPwmOutputController: LynxSetPWMEnableCommand not implemented by lynx hw; ignoring
10-28 14:28:47.595 30841 30949 W LynxPwmOutputController: LynxSetPWMConfigurationCommand not implemented by lynx hw; ignoring
10-28 14:28:47.599 30841 30949 W LynxPwmOutputController: LynxSetPWMEnableCommand not implemented by lynx hw; ignoring
10-28 14:28:47.604 30841 30949 W LynxPwmOutputController: LynxSetPWMConfigurationCommand not implemented by lynx hw; ignoring
10-28 14:28:47.607 30841 30949 W LynxPwmOutputController: LynxSetPWMEnableCommand not implemented by lynx hw; ignoring
10-28 14:28:47.610 30841 30949 W LynxPwmOutputController: LynxSetPWMConfigurationCommand not implemented by lynx hw; ignoring
10-28 14:28:47.827 30841 30949 V AMSColorSensorImpl: internalInitialize()...
10-28 14:28:47.865 30841 30949 V AMSColorSensorImpl: state: 07 f6 ff ff 00 00 00 00 00 00 00 00 00 00 08 61 
10-28 14:28:47.865 30841 30949 V AMSColorSensorImpl: state| 00 01 60 33 20 00 0f 00 0c 
10-28 14:28:47.881 30841 30949 V AMSColorSensorImpl: disable() enabled=0x07...
10-28 14:28:47.912 30841 30949 V AMSColorSensorImpl: ...disable() enabled=0x00
10-28 14:28:47.912 30841 30949 V AMSColorSensorImpl: setIntegrationTime(0xf6)
10-28 14:28:47.925 30841 30949 V AMSColorSensorImpl: setGain(GAIN_4)
10-28 14:28:47.954 30841 30949 V AMSColorSensorImpl: setPDrive(Percent12_5)
10-28 14:28:47.983 30841 30949 V AMSColorSensorImpl: setProximityPulseCount(0x08)
10-28 14:28:48.014 30841 30949 V AMSColorSensorImpl: enable() enabled=0x00...
10-28 14:28:48.068 30841 30949 V AMSColorSensorImpl: ...enable() enabled=0x07
10-28 14:28:48.085 30841 30949 V AMSColorSensorImpl: state: 07 f6 ff ff 00 00 00 00 00 00 00 00 00 00 08 61 
10-28 14:28:48.085 30841 30949 V AMSColorSensorImpl: state| 00 01 60 33 20 00 0f 00 0c 
10-28 14:28:48.085 30841 30949 V AMSColorSensorImpl: ...internalInitialize()
10-28 14:28:48.087 30841 30949 V ThreadPool: container(0x08ac1d97: LinearOpMode) added id=1399 TID=0 count=1
10-28 14:28:48.092 30841 31082 V RobotCore: thread: 'LinearOpMode main' starting...
10-28 14:28:48.127 30841 30912 V Robocol : sending CMD_NOTIFY_INIT_OP_MODE(1205), attempt: 0
10-28 14:28:48.215 30841 30851 I art     : Background partial concurrent mark sweep GC freed 240070(8MB) AllocSpace objects, 5(14MB) LOS objects, 40% free, 23MB/38MB, paused 1.507ms total 105.193ms
10-28 14:28:48.471 30841 31082 I AR      : Vuforia SDK version 6.0.117
10-28 14:28:49.206 30841 31082 I AR      : ObjectTracker: Successfully created dataset
10-28 14:28:49.206 30841 31082 V Vuforia : loading data set 'RelicVuMark'...
10-28 14:28:49.449 30841 31082 V Vuforia : ... done loading data set 'RelicVuMark'
10-28 14:28:51.046 30841 30903 V Robocol : received command: CMD_RUN_OP_MODE(11102) Sensor Test
10-28 14:28:51.047 30841 30902 I BatteryChecker: percent remaining: 99 is charging: false
10-28 14:28:51.064 30841 31082 I VuMarkVision: VuMark | UNKNOWN visible
10-28 14:28:51.086 30841 30912 V Robocol : sending CMD_NOTIFY_RUN_OP_MODE(1239), attempt: 0
10-28 14:28:51.156 30841 31082 I VuMarkVision: VuMark | UNKNOWN visible
10-28 14:28:51.342 30841 31082 I VuMarkVision: VuMark | UNKNOWN visible
10-28 14:28:51.532 30841 31082 I VuMarkVision: VuMark | UNKNOWN visible
10-28 14:28:51.714 30841 31082 I VuMarkVision: VuMark | UNKNOWN visible
10-28 14:28:51.902 30841 31082 I VuMarkVision: VuMark | UNKNOWN visible
10-28 14:28:52.083 30841 31082 I VuMarkVision: VuMark | UNKNOWN visible
10-28 14:28:52.259 30841 31082 I VuMarkVision: VuMark | UNKNOWN visible
10-28 14:28:52.448 30841 31082 I VuMarkVision: VuMark | UNKNOWN visible
10-28 14:28:52.629 30841 31082 I VuMarkVision: VuMark | UNKNOWN visible
10-28 14:28:52.809 30841 31082 I VuMarkVision: VuMark | UNKNOWN visible
10-28 14:28:52.988 30841 31082 I VuMarkVision: VuMark | UNKNOWN visible
10-28 14:28:53.163 30841 31082 I VuMarkVision: VuMark | UNKNOWN visible
10-28 14:28:53.361 30841 31082 I VuMarkVision: VuMark | UNKNOWN visible
10-28 14:28:53.546 30841 31082 I VuMarkVision: VuMark | UNKNOWN visible
10-28 14:28:53.736 30841 31082 I VuMarkVision: VuMark | UNKNOWN visible
10-28 14:28:53.923 30841 31082 I VuMarkVision: VuMark | UNKNOWN visible
10-28 14:28:54.108 30841 31082 I VuMarkVision: VuMark | UNKNOWN visible
10-28 14:28:54.292 30841 31082 I VuMarkVision: VuMark | UNKNOWN visible
10-28 14:28:54.477 30841 31082 I VuMarkVision: VuMark | UNKNOWN visible
10-28 14:28:54.665 30841 31082 I VuMarkVision: VuMark | UNKNOWN visible
10-28 14:28:54.853 30841 31082 I VuMarkVision: VuMark | UNKNOWN visible
10-28 14:28:55.028 30841 31082 I VuMarkVision: VuMark | UNKNOWN visible
10-28 14:28:55.213 30841 31082 I VuMarkVision: VuMark | UNKNOWN visible
10-28 14:28:55.409 30841 31082 I VuMarkVision: VuMark | UNKNOWN visible
10-28 14:28:55.597 30841 31082 I VuMarkVision: VuMark | UNKNOWN visible
10-28 14:28:55.775 30841 31082 I VuMarkVision: VuMark | UNKNOWN visible
10-28 14:28:55.966 30841 31082 I VuMarkVision: VuMark | UNKNOWN visible
10-28 14:28:56.157 30841 31082 I VuMarkVision: VuMark | UNKNOWN visible
10-28 14:28:56.340 30841 31082 I VuMarkVision: VuMark | UNKNOWN visible
10-28 14:28:56.527 30841 31082 I VuMarkVision: VuMark | UNKNOWN visible
10-28 14:28:56.711 30841 31082 I VuMarkVision: VuMark | UNKNOWN visible
10-28 14:28:56.888 30841 31082 I VuMarkVision: VuMark | UNKNOWN visible
10-28 14:28:57.074 30841 31082 I VuMarkVision: VuMark | UNKNOWN visible
10-28 14:28:57.259 30841 31082 I VuMarkVision: VuMark | UNKNOWN visible
10-28 14:28:57.446 30841 31082 I VuMarkVision: VuMark | UNKNOWN visible
10-28 14:28:57.645 30841 31082 I VuMarkVision: VuMark | RIGHT visible
10-28 14:29:05.775 30841 30851 I art     : Background partial concurrent mark sweep GC freed 224690(8MB) AllocSpace objects, 7(4MB) LOS objects, 37% free, 26MB/42MB, paused 2.423ms total 123.972ms
10-28 14:29:06.006 30841 30903 V Robocol : received command: CMD_INIT_OP_MODE(11288) $Stop$Robot$
10-28 14:29:06.008 30841 30902 I BatteryChecker: percent remaining: 99 is charging: false
10-28 14:29:06.024 30841 30949 V ThreadPool: waiting for service user linear op mode
10-28 14:29:06.027 30841 31082 E LynxI2cDeviceSynch: placeholder: readTimestamped
10-28 14:29:06.029 30841 31082 V RobotCore: thread: ...terminating 'LinearOpMode main'
10-28 14:29:06.029 30841 30949 V ThreadPool: awaitTermination returned, isTerminated=true
10-28 14:29:06.029 30841 31082 V ThreadPool: container(0x08ac1d97: LinearOpMode) removed id=1399 TID=31082 count=1
10-28 14:29:06.029 30841 30949 V ThreadPool: executive service user linear op mode(0x08ac1d97) is terminated
10-28 14:29:06.558 30841 30949 I RobotCore: Attempting to switch to op mode $Stop$Robot$
10-28 14:29:06.606 30841 30912 V Robocol : sending CMD_NOTIFY_INIT_OP_MODE(1447), attempt: 0
10-28 14:29:06.647 30841 30903 V Robocol : received command: CMD_RUN_OP_MODE(11301) $Stop$Robot$
10-28 14:29:06.648 30841 30902 I BatteryChecker: percent remaining: 99 is charging: false
10-28 14:29:06.686 30841 30912 V Robocol : sending CMD_NOTIFY_RUN_OP_MODE(1453), attempt: 0
10-28 14:29:11.846 30841 30903 V Robocol : received command: CMD_INIT_OP_MODE(11370) Sensor Test
10-28 14:29:11.848 30841 30902 I BatteryChecker: percent remaining: 99 is charging: false
10-28 14:29:11.859 30841 30949 I RobotCore: Attempting to switch to op mode Sensor Test
10-28 14:29:11.864 30841 30949 W LynxPwmOutputController: LynxSetPWMEnableCommand not implemented by lynx hw; ignoring
10-28 14:29:11.870 30841 30949 W LynxPwmOutputController: LynxSetPWMConfigurationCommand not implemented by lynx hw; ignoring
10-28 14:29:11.874 30841 30949 W LynxPwmOutputController: LynxSetPWMEnableCommand not implemented by lynx hw; ignoring
10-28 14:29:11.879 30841 30949 W LynxPwmOutputController: LynxSetPWMConfigurationCommand not implemented by lynx hw; ignoring
10-28 14:29:11.884 30841 30949 W LynxPwmOutputController: LynxSetPWMEnableCommand not implemented by lynx hw; ignoring
10-28 14:29:11.890 30841 30949 W LynxPwmOutputController: LynxSetPWMConfigurationCommand not implemented by lynx hw; ignoring
10-28 14:29:11.895 30841 30949 W LynxPwmOutputController: LynxSetPWMEnableCommand not implemented by lynx hw; ignoring
10-28 14:29:11.900 30841 30949 W LynxPwmOutputController: LynxSetPWMConfigurationCommand not implemented by lynx hw; ignoring
10-28 14:29:12.025 30841 30949 W LynxPwmOutputController: LynxSetPWMEnableCommand not implemented by lynx hw; ignoring
10-28 14:29:12.030 30841 30949 W LynxPwmOutputController: LynxSetPWMConfigurationCommand not implemented by lynx hw; ignoring
10-28 14:29:12.034 30841 30949 W LynxPwmOutputController: LynxSetPWMEnableCommand not implemented by lynx hw; ignoring
10-28 14:29:12.039 30841 30949 W LynxPwmOutputController: LynxSetPWMConfigurationCommand not implemented by lynx hw; ignoring
10-28 14:29:12.043 30841 30949 W LynxPwmOutputController: LynxSetPWMEnableCommand not implemented by lynx hw; ignoring
10-28 14:29:12.047 30841 30949 W LynxPwmOutputController: LynxSetPWMConfigurationCommand not implemented by lynx hw; ignoring
10-28 14:29:12.051 30841 30949 W LynxPwmOutputController: LynxSetPWMEnableCommand not implemented by lynx hw; ignoring
10-28 14:29:12.055 30841 30949 W LynxPwmOutputController: LynxSetPWMConfigurationCommand not implemented by lynx hw; ignoring
10-28 14:29:12.282 30841 30949 V AMSColorSensorImpl: internalInitialize()...
10-28 14:29:12.315 30841 30949 V AMSColorSensorImpl: state: 07 f6 ff ff 00 00 00 00 00 00 00 00 00 00 08 61 
10-28 14:29:12.315 30841 30949 V AMSColorSensorImpl: state| 00 01 60 33 21 00 0f 00 0c 
10-28 14:29:12.331 30841 30949 V AMSColorSensorImpl: disable() enabled=0x07...
10-28 14:29:12.363 30841 30949 V AMSColorSensorImpl: ...disable() enabled=0x00
10-28 14:29:12.364 30841 30949 V AMSColorSensorImpl: setIntegrationTime(0xf6)
10-28 14:29:12.376 30841 30949 V AMSColorSensorImpl: setGain(GAIN_4)
10-28 14:29:12.402 30841 30949 V AMSColorSensorImpl: setPDrive(Percent12_5)
10-28 14:29:12.431 30841 30949 V AMSColorSensorImpl: setProximityPulseCount(0x08)
10-28 14:29:12.461 30841 30949 V AMSColorSensorImpl: enable() enabled=0x00...
10-28 14:29:12.511 30841 30949 V AMSColorSensorImpl: ...enable() enabled=0x07
10-28 14:29:12.529 30841 30949 V AMSColorSensorImpl: state: 07 f6 ff ff 00 00 00 00 00 00 00 00 00 00 08 61 
10-28 14:29:12.529 30841 30949 V AMSColorSensorImpl: state| 00 01 60 33 21 00 0f 00 0c 
10-28 14:29:12.529 30841 30949 V AMSColorSensorImpl: ...internalInitialize()
10-28 14:29:12.531 30841 30949 V ThreadPool: container(0x000b5823: LinearOpMode) added id=1411 TID=0 count=1
10-28 14:29:12.533 30841 31190 V RobotCore: thread: 'LinearOpMode main' starting...
10-28 14:29:12.566 30841 30912 V Robocol : sending CMD_NOTIFY_INIT_OP_MODE(1537), attempt: 0
10-28 14:29:12.886 30841 31190 I AR      : Vuforia SDK version 6.0.117
10-28 14:29:13.619 30841 31190 I AR      : ObjectTracker: Successfully created dataset
10-28 14:29:13.619 30841 31190 V Vuforia : loading data set 'RelicVuMark'...
10-28 14:29:13.846 30841 31190 V Vuforia : ... done loading data set 'RelicVuMark'
10-28 14:29:16.886 30841 30903 V Robocol : received command: CMD_RUN_OP_MODE(11420) Sensor Test
10-28 14:29:16.887 30841 30902 I BatteryChecker: percent remaining: 99 is charging: false
10-28 14:29:16.905 30841 31190 I VuMarkVision: VuMark | UNKNOWN visible
10-28 14:29:16.926 30841 30912 V Robocol : sending CMD_NOTIFY_RUN_OP_MODE(1583), attempt: 0
10-28 14:29:16.998 30841 31190 I VuMarkVision: VuMark | UNKNOWN visible
10-28 14:29:17.194 30841 31190 I VuMarkVision: VuMark | UNKNOWN visible
10-28 14:29:17.389 30841 31190 I VuMarkVision: VuMark | UNKNOWN visible
10-28 14:29:17.575 30841 31190 I VuMarkVision: VuMark | UNKNOWN visible
10-28 14:29:17.764 30841 31190 I VuMarkVision: VuMark | UNKNOWN visible
10-28 14:29:17.951 30841 31190 I VuMarkVision: VuMark | UNKNOWN visible
10-28 14:29:18.142 30841 31190 I VuMarkVision: VuMark | UNKNOWN visible
10-28 14:29:18.327 30841 31190 I VuMarkVision: VuMark | UNKNOWN visible
10-28 14:29:18.512 30841 31190 I VuMarkVision: VuMark | UNKNOWN visible
10-28 14:29:18.695 30841 31190 I VuMarkVision: VuMark | UNKNOWN visible
10-28 14:29:18.877 30841 31190 I VuMarkVision: VuMark | UNKNOWN visible
10-28 14:29:19.067 30841 31190 I VuMarkVision: VuMark | UNKNOWN visible
10-28 14:29:19.253 30841 31190 I VuMarkVision: VuMark | UNKNOWN visible
10-28 14:29:19.456 30841 31190 I VuMarkVision: VuMark | UNKNOWN visible
10-28 14:29:19.640 30841 31190 I VuMarkVision: VuMark | UNKNOWN visible
10-28 14:29:19.823 30841 31190 I VuMarkVision: VuMark | UNKNOWN visible
10-28 14:29:20.008 30841 31190 I VuMarkVision: VuMark | UNKNOWN visible
10-28 14:29:20.201 30841 31190 I VuMarkVision: VuMark | UNKNOWN visible
10-28 14:29:20.380 30841 31190 I VuMarkVision: VuMark | UNKNOWN visible
10-28 14:29:20.570 30841 31190 I VuMarkVision: VuMark | UNKNOWN visible
10-28 14:29:20.749 30841 31190 I VuMarkVision: VuMark | UNKNOWN visible
10-28 14:29:20.940 30841 31190 I VuMarkVision: VuMark | UNKNOWN visible
10-28 14:29:21.123 30841 31190 I VuMarkVision: VuMark | UNKNOWN visible
10-28 14:29:21.302 30841 31190 I VuMarkVision: VuMark | UNKNOWN visible
10-28 14:29:21.487 30841 31190 I VuMarkVision: VuMark | UNKNOWN visible
10-28 14:29:21.675 30841 31190 I VuMarkVision: VuMark | UNKNOWN visible
10-28 14:29:21.865 30841 31190 I VuMarkVision: VuMark | UNKNOWN visible
10-28 14:29:22.056 30841 31190 I VuMarkVision: VuMark | UNKNOWN visible
10-28 14:29:22.245 30841 31190 I VuMarkVision: VuMark | UNKNOWN visible
10-28 14:29:22.425 30841 31190 I VuMarkVision: VuMark | UNKNOWN visible
10-28 14:29:22.615 30841 31190 I VuMarkVision: VuMark | UNKNOWN visible
10-28 14:29:22.808 30841 31190 I VuMarkVision: VuMark | UNKNOWN visible
10-28 14:29:22.998 30841 31190 I VuMarkVision: VuMark | UNKNOWN visible
10-28 14:29:23.178 30841 31190 I VuMarkVision: VuMark | UNKNOWN visible
10-28 14:29:23.367 30841 31190 I VuMarkVision: VuMark | UNKNOWN visible
10-28 14:29:23.551 30841 31190 I VuMarkVision: VuMark | UNKNOWN visible
10-28 14:29:23.740 30841 31190 I VuMarkVision: VuMark | UNKNOWN visible
10-28 14:29:23.937 30841 31190 I VuMarkVision: VuMark | UNKNOWN visible
10-28 14:29:24.130 30841 31190 I VuMarkVision: VuMark | UNKNOWN visible
10-28 14:29:24.313 30841 31190 I VuMarkVision: VuMark | UNKNOWN visible
10-28 14:29:24.511 30841 31190 I VuMarkVision: VuMark | RIGHT visible
10-28 14:29:34.448 30841 30903 V Robocol : received command: CMD_INIT_OP_MODE(11638) $Stop$Robot$
10-28 14:29:34.450 30841 30902 I BatteryChecker: percent remaining: 99 is charging: false
10-28 14:29:34.474 30841 30949 V ThreadPool: waiting for service user linear op mode
10-28 14:29:34.477 30841 31190 E LynxI2cDeviceSynch: placeholder: readTimestamped
10-28 14:29:34.478 30841 31190 V RobotCore: thread: ...terminating 'LinearOpMode main'
10-28 14:29:34.479 30841 30949 V ThreadPool: awaitTermination returned, isTerminated=true
10-28 14:29:34.479 30841 31190 V ThreadPool: container(0x000b5823: LinearOpMode) removed id=1411 TID=31190 count=1
10-28 14:29:34.479 30841 30949 V ThreadPool: executive service user linear op mode(0x000b5823) is terminated
10-28 14:29:34.989 30841 30949 I RobotCore: Attempting to switch to op mode $Stop$Robot$
10-28 14:29:35.046 30841 30912 V Robocol : sending CMD_NOTIFY_INIT_OP_MODE(1824), attempt: 0
10-28 14:29:35.087 30841 30903 V Robocol : received command: CMD_RUN_OP_MODE(11650) $Stop$Robot$
10-28 14:29:35.090 30841 30902 I BatteryChecker: percent remaining: 99 is charging: false
10-28 14:29:35.126 30841 30912 V Robocol : sending CMD_NOTIFY_RUN_OP_MODE(1830), attempt: 0
10-28 14:29:38.587 30841 30851 I art     : Background sticky concurrent mark sweep GC freed 311799(11MB) AllocSpace objects, 16(2MB) LOS objects, 37% free, 25MB/40MB, paused 1.738ms total 120.775ms
10-28 14:29:41.501 30841 30841 I BatteryChecker: percent remaining: 99 is charging: false
10-28 14:29:41.502 30841 30841 I BatteryChecker: percent remaining: 99 is charging: false
10-28 14:29:41.503 30841 30841 I BatteryChecker: percent remaining: 99 is charging: false
10-28 14:29:47.806 30841 30903 V Robocol : received command: CMD_INIT_OP_MODE(11814) Sensor Test
10-28 14:29:47.808 30841 30902 I BatteryChecker: percent remaining: 99 is charging: false
10-28 14:29:47.817 30841 30949 I RobotCore: Attempting to switch to op mode Sensor Test
10-28 14:29:47.821 30841 30949 W LynxPwmOutputController: LynxSetPWMEnableCommand not implemented by lynx hw; ignoring
10-28 14:29:47.826 30841 30949 W LynxPwmOutputController: LynxSetPWMConfigurationCommand not implemented by lynx hw; ignoring
10-28 14:29:47.830 30841 30949 W LynxPwmOutputController: LynxSetPWMEnableCommand not implemented by lynx hw; ignoring
10-28 14:29:47.834 30841 30949 W LynxPwmOutputController: LynxSetPWMConfigurationCommand not implemented by lynx hw; ignoring
10-28 14:29:47.839 30841 30949 W LynxPwmOutputController: LynxSetPWMEnableCommand not implemented by lynx hw; ignoring
10-28 14:29:47.844 30841 30949 W LynxPwmOutputController: LynxSetPWMConfigurationCommand not implemented by lynx hw; ignoring
10-28 14:29:47.851 30841 30949 W LynxPwmOutputController: LynxSetPWMEnableCommand not implemented by lynx hw; ignoring
10-28 14:29:47.855 30841 30949 W LynxPwmOutputController: LynxSetPWMConfigurationCommand not implemented by lynx hw; ignoring
10-28 14:29:47.979 30841 30949 W LynxPwmOutputController: LynxSetPWMEnableCommand not implemented by lynx hw; ignoring
10-28 14:29:47.983 30841 30949 W LynxPwmOutputController: LynxSetPWMConfigurationCommand not implemented by lynx hw; ignoring
10-28 14:29:47.987 30841 30949 W LynxPwmOutputController: LynxSetPWMEnableCommand not implemented by lynx hw; ignoring
10-28 14:29:47.991 30841 30949 W LynxPwmOutputController: LynxSetPWMConfigurationCommand not implemented by lynx hw; ignoring
10-28 14:29:47.995 30841 30949 W LynxPwmOutputController: LynxSetPWMEnableCommand not implemented by lynx hw; ignoring
10-28 14:29:47.999 30841 30949 W LynxPwmOutputController: LynxSetPWMConfigurationCommand not implemented by lynx hw; ignoring
10-28 14:29:48.003 30841 30949 W LynxPwmOutputController: LynxSetPWMEnableCommand not implemented by lynx hw; ignoring
10-28 14:29:48.006 30841 30949 W LynxPwmOutputController: LynxSetPWMConfigurationCommand not implemented by lynx hw; ignoring
10-28 14:29:48.230 30841 30949 V AMSColorSensorImpl: internalInitialize()...
10-28 14:29:48.263 30841 30949 V AMSColorSensorImpl: state: 07 f6 ff ff 00 00 00 00 00 00 00 00 00 00 08 61 
10-28 14:29:48.263 30841 30949 V AMSColorSensorImpl: state| 00 01 60 33 20 00 0f 00 0c 
10-28 14:29:48.279 30841 30949 V AMSColorSensorImpl: disable() enabled=0x07...
10-28 14:29:48.310 30841 30949 V AMSColorSensorImpl: ...disable() enabled=0x00
10-28 14:29:48.311 30841 30949 V AMSColorSensorImpl: setIntegrationTime(0xf6)
10-28 14:29:48.323 30841 30949 V AMSColorSensorImpl: setGain(GAIN_4)
10-28 14:29:48.352 30841 30949 V AMSColorSensorImpl: setPDrive(Percent12_5)
10-28 14:29:48.377 30841 30949 V AMSColorSensorImpl: setProximityPulseCount(0x08)
10-28 14:29:48.404 30841 30949 V AMSColorSensorImpl: enable() enabled=0x00...
10-28 14:29:48.455 30841 30949 V AMSColorSensorImpl: ...enable() enabled=0x07
10-28 14:29:48.473 30841 30949 V AMSColorSensorImpl: state: 07 f6 ff ff 00 00 00 00 00 00 00 00 00 00 08 61 
10-28 14:29:48.473 30841 30949 V AMSColorSensorImpl: state| 00 01 60 33 20 00 0f 00 0c 
10-28 14:29:48.473 30841 30949 V AMSColorSensorImpl: ...internalInitialize()
10-28 14:29:48.474 30841 30949 V ThreadPool: container(0x070c1a6f: LinearOpMode) added id=1424 TID=0 count=1
10-28 14:29:48.478 30841 31301 V RobotCore: thread: 'LinearOpMode main' starting...
10-28 14:29:48.486 30841 30912 V Robocol : sending CMD_NOTIFY_INIT_OP_MODE(2017), attempt: 0
10-28 14:29:48.831 30841 31301 I AR      : Vuforia SDK version 6.0.117
10-28 14:29:49.574 30841 31301 I AR      : ObjectTracker: Successfully created dataset
10-28 14:29:49.574 30841 31301 V Vuforia : loading data set 'RelicVuMark'...
10-28 14:29:49.785 30841 31301 V Vuforia : ... done loading data set 'RelicVuMark'
10-28 14:29:54.405 30841 30903 V Robocol : received command: CMD_RUN_OP_MODE(11878) Sensor Test
10-28 14:29:54.407 30841 30902 I BatteryChecker: percent remaining: 99 is charging: false
10-28 14:29:54.435 30841 31301 I VuMarkVision: VuMark | UNKNOWN visible
10-28 14:29:54.446 30841 30912 V Robocol : sending CMD_NOTIFY_RUN_OP_MODE(2080), attempt: 0
10-28 14:29:54.512 30841 31301 I VuMarkVision: VuMark | UNKNOWN visible
10-28 14:29:54.713 30841 31301 I VuMarkVision: VuMark | RIGHT visible
10-28 14:30:01.679 30841 30851 I art     : Background sticky concurrent mark sweep GC freed 160697(6MB) AllocSpace objects, 19(1524KB) LOS objects, 16% free, 42MB/51MB, paused 1.630ms total 105.655ms
10-28 14:30:11.966 30841 30903 V Robocol : received command: CMD_INIT_OP_MODE(12096) $Stop$Robot$
10-28 14:30:11.968 30841 30902 I BatteryChecker: percent remaining: 99 is charging: false
10-28 14:30:11.998 30841 30949 V ThreadPool: waiting for service user linear op mode
10-28 14:30:11.999 30841 31301 E LynxI2cDeviceSynch: placeholder: readStatusQuery
10-28 14:30:11.999 30841 31301 E LynxI2cDeviceSynch: placeholder: readTimestamped
10-28 14:30:12.003 30841 31301 V RobotCore: thread: ...terminating 'LinearOpMode main'
10-28 14:30:12.003 30841 31301 V ThreadPool: container(0x070c1a6f: LinearOpMode) removed id=1424 TID=31301 count=1
10-28 14:30:12.004 30841 30949 V ThreadPool: awaitTermination returned, isTerminated=true
10-28 14:30:12.004 30841 30949 V ThreadPool: executive service user linear op mode(0x070c1a6f) is terminated
10-28 14:30:12.424 30841 30949 I RobotCore: Attempting to switch to op mode $Stop$Robot$
10-28 14:30:12.486 30841 30912 V Robocol : sending CMD_NOTIFY_INIT_OP_MODE(2320), attempt: 0
10-28 14:30:12.525 30841 30903 V Robocol : received command: CMD_RUN_OP_MODE(12107) $Stop$Robot$
10-28 14:30:12.528 30841 30902 I BatteryChecker: percent remaining: 99 is charging: false
10-28 14:30:12.566 30841 30912 V Robocol : sending CMD_NOTIFY_RUN_OP_MODE(2326), attempt: 0
10-28 14:30:21.111 30841 30841 I BatteryChecker: percent remaining: 99 is charging: false
10-28 14:30:21.591 30841 30851 I art     : Background partial concurrent mark sweep GC freed 233807(7MB) AllocSpace objects, 7(18MB) LOS objects, 39% free, 23MB/39MB, paused 1.697ms total 117.170ms
10-28 14:30:22.246 30841 30903 V Robocol : received command: CMD_INIT_OP_MODE(12233) Sensor Test
10-28 14:30:22.256 30841 30902 I BatteryChecker: percent remaining: 99 is charging: false
10-28 14:30:22.270 30841 30949 I RobotCore: Attempting to switch to op mode Sensor Test
10-28 14:30:22.276 30841 30949 W LynxPwmOutputController: LynxSetPWMEnableCommand not implemented by lynx hw; ignoring
10-28 14:30:22.281 30841 30949 W LynxPwmOutputController: LynxSetPWMConfigurationCommand not implemented by lynx hw; ignoring
10-28 14:30:22.286 30841 30949 W LynxPwmOutputController: LynxSetPWMEnableCommand not implemented by lynx hw; ignoring
10-28 14:30:22.291 30841 30949 W LynxPwmOutputController: LynxSetPWMConfigurationCommand not implemented by lynx hw; ignoring
10-28 14:30:22.296 30841 30949 W LynxPwmOutputController: LynxSetPWMEnableCommand not implemented by lynx hw; ignoring
10-28 14:30:22.300 30841 30949 W LynxPwmOutputController: LynxSetPWMConfigurationCommand not implemented by lynx hw; ignoring
10-28 14:30:22.305 30841 30949 W LynxPwmOutputController: LynxSetPWMEnableCommand not implemented by lynx hw; ignoring
10-28 14:30:22.310 30841 30949 W LynxPwmOutputController: LynxSetPWMConfigurationCommand not implemented by lynx hw; ignoring
10-28 14:30:22.432 30841 30949 W LynxPwmOutputController: LynxSetPWMEnableCommand not implemented by lynx hw; ignoring
10-28 14:30:22.437 30841 30949 W LynxPwmOutputController: LynxSetPWMConfigurationCommand not implemented by lynx hw; ignoring
10-28 14:30:22.442 30841 30949 W LynxPwmOutputController: LynxSetPWMEnableCommand not implemented by lynx hw; ignoring
10-28 14:30:22.446 30841 30949 W LynxPwmOutputController: LynxSetPWMConfigurationCommand not implemented by lynx hw; ignoring
10-28 14:30:22.450 30841 30949 W LynxPwmOutputController: LynxSetPWMEnableCommand not implemented by lynx hw; ignoring
10-28 14:30:22.454 30841 30949 W LynxPwmOutputController: LynxSetPWMConfigurationCommand not implemented by lynx hw; ignoring
10-28 14:30:22.460 30841 30949 W LynxPwmOutputController: LynxSetPWMEnableCommand not implemented by lynx hw; ignoring
10-28 14:30:22.464 30841 30949 W LynxPwmOutputController: LynxSetPWMConfigurationCommand not implemented by lynx hw; ignoring
10-28 14:30:22.685 30841 30949 V AMSColorSensorImpl: internalInitialize()...
10-28 14:30:22.717 30841 30949 V AMSColorSensorImpl: state: 07 f6 ff ff 00 00 00 00 00 00 00 00 00 00 08 61 
10-28 14:30:22.717 30841 30949 V AMSColorSensorImpl: state| 00 01 60 33 1b 00 0c 00 0a 
10-28 14:30:22.737 30841 30949 V AMSColorSensorImpl: disable() enabled=0x07...
10-28 14:30:22.769 30841 30949 V AMSColorSensorImpl: ...disable() enabled=0x00
10-28 14:30:22.770 30841 30949 V AMSColorSensorImpl: setIntegrationTime(0xf6)
10-28 14:30:22.782 30841 30949 V AMSColorSensorImpl: setGain(GAIN_4)
10-28 14:30:22.809 30841 30949 V AMSColorSensorImpl: setPDrive(Percent12_5)
10-28 14:30:22.837 30841 30949 V AMSColorSensorImpl: setProximityPulseCount(0x08)
10-28 14:30:22.867 30841 30949 V AMSColorSensorImpl: enable() enabled=0x00...
10-28 14:30:22.917 30841 30949 V AMSColorSensorImpl: ...enable() enabled=0x07
10-28 14:30:22.933 30841 30949 V AMSColorSensorImpl: state: 07 f6 ff ff 00 00 00 00 00 00 00 00 00 00 08 61 
10-28 14:30:22.933 30841 30949 V AMSColorSensorImpl: state| 00 01 60 33 1c 00 0c 00 0a 
10-28 14:30:22.933 30841 30949 V AMSColorSensorImpl: ...internalInitialize()
10-28 14:30:22.934 30841 30949 V ThreadPool: container(0x0697907b: LinearOpMode) added id=1436 TID=0 count=1
10-28 14:30:22.940 30841 31411 V RobotCore: thread: 'LinearOpMode main' starting...
10-28 14:30:22.967 30841 30912 V Robocol : sending CMD_NOTIFY_INIT_OP_MODE(2470), attempt: 0
10-28 14:30:23.317 30841 31411 I AR      : Vuforia SDK version 6.0.117
10-28 14:30:24.029 30841 31411 I AR      : ObjectTracker: Successfully created dataset
10-28 14:30:24.029 30841 31411 V Vuforia : loading data set 'RelicVuMark'...
10-28 14:30:24.245 30841 31411 V Vuforia : ... done loading data set 'RelicVuMark'
10-28 14:30:27.485 30841 30903 V Robocol : received command: CMD_RUN_OP_MODE(12284) Sensor Test
10-28 14:30:27.490 30841 30902 I BatteryChecker: percent remaining: 99 is charging: false
10-28 14:30:27.506 30841 31411 I VuMarkVision: VuMark | UNKNOWN visible
10-28 14:30:27.526 30841 30912 V Robocol : sending CMD_NOTIFY_RUN_OP_MODE(2520), attempt: 0
10-28 14:30:27.583 30841 31411 I VuMarkVision: VuMark | UNKNOWN visible
10-28 14:30:27.764 30841 31411 I VuMarkVision: VuMark | RIGHT visible
10-28 14:30:29.868 30841 30841 I BatteryChecker: percent remaining: 99 is charging: false
10-28 14:30:29.870 30841 30841 I BatteryChecker: percent remaining: 99 is charging: false
10-28 14:30:33.793 30841 30949 I RobotCore: robot battery read duration: n=10, mean=4.741ms sd=1.552ms
10-28 14:30:35.287 30841 30903 V Robocol : received command: CMD_INIT_OP_MODE(12385) $Stop$Robot$
10-28 14:30:35.288 30841 30902 I BatteryChecker: percent remaining: 99 is charging: false
10-28 14:30:35.303 30841 30949 V ThreadPool: waiting for service user linear op mode
10-28 14:30:35.304 30841 31411 V RobotCore: thread: ...terminating 'LinearOpMode main'
10-28 14:30:35.304 30841 31411 V ThreadPool: container(0x0697907b: LinearOpMode) removed id=1436 TID=31411 count=1
10-28 14:30:35.305 30841 30949 V ThreadPool: awaitTermination returned, isTerminated=true
10-28 14:30:35.305 30841 30949 V ThreadPool: executive service user linear op mode(0x0697907b) is terminated
10-28 14:30:35.907 30841 30949 I RobotCore: Attempting to switch to op mode $Stop$Robot$
10-28 14:30:35.966 30841 30912 V Robocol : sending CMD_NOTIFY_INIT_OP_MODE(2635), attempt: 0
10-28 14:30:36.006 30841 30903 V Robocol : received command: CMD_RUN_OP_MODE(12396) $Stop$Robot$
10-28 14:30:36.008 30841 30902 I BatteryChecker: percent remaining: 99 is charging: false
10-28 14:30:36.046 30841 30912 V Robocol : sending CMD_NOTIFY_RUN_OP_MODE(2641), attempt: 0
10-28 14:30:41.664 30841 30841 I BatteryChecker: percent remaining: 99 is charging: false
10-28 14:30:41.667 30841 30841 I BatteryChecker: percent remaining: 99 is charging: false
10-28 14:30:41.668 30841 30841 I BatteryChecker: percent remaining: 99 is charging: false
10-28 14:30:53.632 30841 30851 I art     : Background sticky concurrent mark sweep GC freed 311554(11MB) AllocSpace objects, 17(3MB) LOS objects, 38% free, 24MB/39MB, paused 1.633ms total 107.734ms
10-28 14:31:26.806 30841 30903 V Robocol : received command: CMD_INIT_OP_MODE(13035) Sensor Test
10-28 14:31:26.809 30841 30902 I BatteryChecker: percent remaining: 99 is charging: false
10-28 14:31:26.819 30841 30949 I RobotCore: Attempting to switch to op mode Sensor Test
10-28 14:31:26.824 30841 30949 W LynxPwmOutputController: LynxSetPWMEnableCommand not implemented by lynx hw; ignoring
10-28 14:31:26.829 30841 30949 W LynxPwmOutputController: LynxSetPWMConfigurationCommand not implemented by lynx hw; ignoring
10-28 14:31:26.834 30841 30949 W LynxPwmOutputController: LynxSetPWMEnableCommand not implemented by lynx hw; ignoring
10-28 14:31:26.839 30841 30949 W LynxPwmOutputController: LynxSetPWMConfigurationCommand not implemented by lynx hw; ignoring
10-28 14:31:26.844 30841 30949 W LynxPwmOutputController: LynxSetPWMEnableCommand not implemented by lynx hw; ignoring
10-28 14:31:26.849 30841 30949 W LynxPwmOutputController: LynxSetPWMConfigurationCommand not implemented by lynx hw; ignoring
10-28 14:31:26.854 30841 30949 W LynxPwmOutputController: LynxSetPWMEnableCommand not implemented by lynx hw; ignoring
10-28 14:31:26.859 30841 30949 W LynxPwmOutputController: LynxSetPWMConfigurationCommand not implemented by lynx hw; ignoring
10-28 14:31:26.984 30841 30949 W LynxPwmOutputController: LynxSetPWMEnableCommand not implemented by lynx hw; ignoring
10-28 14:31:26.988 30841 30949 W LynxPwmOutputController: LynxSetPWMConfigurationCommand not implemented by lynx hw; ignoring
10-28 14:31:26.993 30841 30949 W LynxPwmOutputController: LynxSetPWMEnableCommand not implemented by lynx hw; ignoring
10-28 14:31:26.997 30841 30949 W LynxPwmOutputController: LynxSetPWMConfigurationCommand not implemented by lynx hw; ignoring
10-28 14:31:27.001 30841 30949 W LynxPwmOutputController: LynxSetPWMEnableCommand not implemented by lynx hw; ignoring
10-28 14:31:27.005 30841 30949 W LynxPwmOutputController: LynxSetPWMConfigurationCommand not implemented by lynx hw; ignoring
10-28 14:31:27.008 30841 30949 W LynxPwmOutputController: LynxSetPWMEnableCommand not implemented by lynx hw; ignoring
10-28 14:31:27.011 30841 30949 W LynxPwmOutputController: LynxSetPWMConfigurationCommand not implemented by lynx hw; ignoring
10-28 14:31:27.245 30841 30949 V AMSColorSensorImpl: internalInitialize()...
10-28 14:31:27.277 30841 30949 V AMSColorSensorImpl: state: 07 f6 ff ff 00 00 00 00 00 00 00 00 00 00 08 61 
10-28 14:31:27.277 30841 30949 V AMSColorSensorImpl: state| 00 01 60 33 1f 00 0d 00 0b 
10-28 14:31:27.295 30841 30949 V AMSColorSensorImpl: disable() enabled=0x07...
10-28 14:31:27.330 30841 30949 V AMSColorSensorImpl: ...disable() enabled=0x00
10-28 14:31:27.330 30841 30949 V AMSColorSensorImpl: setIntegrationTime(0xf6)
10-28 14:31:27.343 30841 30949 V AMSColorSensorImpl: setGain(GAIN_4)
10-28 14:31:27.372 30841 30949 V AMSColorSensorImpl: setPDrive(Percent12_5)
10-28 14:31:27.404 30841 30949 V AMSColorSensorImpl: setProximityPulseCount(0x08)
10-28 14:31:27.434 30841 30949 V AMSColorSensorImpl: enable() enabled=0x00...
10-28 14:31:27.484 30841 30949 V AMSColorSensorImpl: ...enable() enabled=0x07
10-28 14:31:27.501 30841 30949 V AMSColorSensorImpl: state: 07 f6 ff ff 00 00 00 00 00 00 00 00 00 00 08 61 
10-28 14:31:27.502 30841 30949 V AMSColorSensorImpl: state| 00 01 60 33 1f 00 0d 00 0b 
10-28 14:31:27.502 30841 30949 V AMSColorSensorImpl: ...internalInitialize()
10-28 14:31:27.503 30841 30949 V ThreadPool: container(0x04d0a647: LinearOpMode) added id=1448 TID=0 count=1
10-28 14:31:27.508 30841 31521 V RobotCore: thread: 'LinearOpMode main' starting...
10-28 14:31:27.526 30841 30912 V Robocol : sending CMD_NOTIFY_INIT_OP_MODE(3334), attempt: 0
10-28 14:31:27.860 30841 31521 I AR      : Vuforia SDK version 6.0.117
10-28 14:31:28.607 30841 31521 I AR      : ObjectTracker: Successfully created dataset
10-28 14:31:28.607 30841 31521 V Vuforia : loading data set 'RelicVuMark'...
10-28 14:31:28.799 30841 31521 V Vuforia : ... done loading data set 'RelicVuMark'
10-28 14:31:30.286 30841 30903 V Robocol : received command: CMD_RUN_OP_MODE(13071) Sensor Test
10-28 14:31:30.290 30841 30902 I BatteryChecker: percent remaining: 99 is charging: false
10-28 14:31:30.324 30841 31521 I VuMarkVision: VuMark | UNKNOWN visible
10-28 14:31:30.329 30841 30912 V Robocol : sending CMD_NOTIFY_RUN_OP_MODE(3366), attempt: 0
10-28 14:31:30.408 30841 31521 I VuMarkVision: VuMark | UNKNOWN visible
10-28 14:31:30.582 30841 31521 I VuMarkVision: VuMark | RIGHT visible
10-28 14:31:37.663 30841 30903 V Robocol : received command: CMD_INIT_OP_MODE(13165) $Stop$Robot$
10-28 14:31:37.665 30841 30902 I BatteryChecker: percent remaining: 99 is charging: false
10-28 14:31:37.678 30841 30949 V ThreadPool: waiting for service user linear op mode
10-28 14:31:37.679 30841 31521 V RobotCore: thread: ...terminating 'LinearOpMode main'
10-28 14:31:37.679 30841 31521 V ThreadPool: container(0x04d0a647: LinearOpMode) removed id=1448 TID=31521 count=1
10-28 14:31:37.680 30841 30949 V ThreadPool: awaitTermination returned, isTerminated=true
10-28 14:31:37.680 30841 30949 V ThreadPool: executive service user linear op mode(0x04d0a647) is terminated
10-28 14:31:37.945 30841 30949 I RobotCore: Attempting to switch to op mode $Stop$Robot$
