01-17 15:44:19.143 21905 22174 V RobotCore: timeout: abandoning waiting 250ms for response: cmd=LynxGetMotorEncoderPositionCommand mod=3 msg#=212
01-17 15:44:19.143 21905 22174 V RobotCore: nack rec'd mod=3 msg#=212 ref#=0 reason=ABANDONED_WAITING_FOR_RESPONSE:256
01-17 15:44:19.144 21905 22174 W LynxMotor: LynxGetMotorEncoderPositionCommand was abandoned waiting for response
01-17 15:44:20.054 21905 22174 V LynxModule: retransmitting: mod=3 cmd=0x1016 msg#=96 ref#=0 
01-17 15:44:20.157 21905 22174 V LynxModule: retransmitting: mod=3 cmd=0x1016 msg#=96 ref#=0 
01-17 15:44:20.203 21905 22174 V LynxModule: retransmitting: mod=3 cmd=0x1016 msg#=96 ref#=0 
01-17 15:44:20.205 21905 22174 V RobotCore: timeout: abandoning waiting 250ms for response: cmd=LynxGetMotorEncoderPositionCommand mod=3 msg#=96
01-17 15:44:20.206 21905 22174 V RobotCore: nack rec'd mod=3 msg#=96 ref#=0 reason=ABANDONED_WAITING_FOR_RESPONSE:256
01-17 15:44:20.206 21905 22174 W LynxMotor: LynxGetMotorEncoderPositionCommand was abandoned waiting for response
01-17 15:44:21.771 21905 22174 V LynxModule: retransmitting: mod=3 cmd=0x1016 msg#=108 ref#=0 
01-17 15:44:21.873 21905 22174 V LynxModule: retransmitting: mod=3 cmd=0x1016 msg#=108 ref#=0 
01-17 15:44:21.921 21905 22174 V LynxModule: retransmitting: mod=3 cmd=0x1016 msg#=108 ref#=0 
01-17 15:44:21.926 21905 22174 V RobotCore: timeout: abandoning waiting 250ms for response: cmd=LynxGetMotorEncoderPositionCommand mod=3 msg#=108
01-17 15:44:21.927 21905 22174 V RobotCore: nack rec'd mod=3 msg#=108 ref#=0 reason=ABANDONED_WAITING_FOR_RESPONSE:256
01-17 15:44:21.927 21905 22174 W LynxMotor: LynxGetMotorEncoderPositionCommand was abandoned waiting for response
01-17 15:44:23.046 21905 22174 V LynxModule: retransmitting: mod=3 cmd=0x1016 msg#=14 ref#=0 
01-17 15:44:23.147 21905 22174 V LynxModule: retransmitting: mod=3 cmd=0x1016 msg#=14 ref#=0 
01-17 15:44:23.196 21905 22174 V LynxModule: retransmitting: mod=3 cmd=0x1016 msg#=14 ref#=0 
01-17 15:44:23.197 21905 22174 V RobotCore: timeout: abandoning waiting 250ms for response: cmd=LynxGetMotorEncoderPositionCommand mod=3 msg#=14
01-17 15:44:23.198 21905 22174 V RobotCore: nack rec'd mod=3 msg#=14 ref#=0 reason=ABANDONED_WAITING_FOR_RESPONSE:256
01-17 15:44:23.204 21905 22174 W LynxMotor: LynxGetMotorEncoderPositionCommand was abandoned waiting for response
01-17 15:44:24.022 21905 22174 V LynxModule: retransmitting: mod=3 cmd=0x1016 msg#=145 ref#=0 
01-17 15:44:24.123 21905 22174 V LynxModule: retransmitting: mod=3 cmd=0x1016 msg#=145 ref#=0 
01-17 15:44:24.172 21905 22174 V LynxModule: retransmitting: mod=3 cmd=0x1016 msg#=145 ref#=0 
01-17 15:44:24.175 21905 22174 V RobotCore: timeout: abandoning waiting 250ms for response: cmd=LynxGetMotorEncoderPositionCommand mod=3 msg#=145
01-17 15:44:24.175 21905 22174 V RobotCore: nack rec'd mod=3 msg#=145 ref#=0 reason=ABANDONED_WAITING_FOR_RESPONSE:256
01-17 15:44:24.176 21905 22174 W LynxMotor: LynxGetMotorEncoderPositionCommand was abandoned waiting for response
01-17 15:44:24.546 21905 22174 V LynxModule: retransmitting: mod=3 cmd=0x1016 msg#=185 ref#=0 
01-17 15:44:24.649 21905 22174 V LynxModule: retransmitting: mod=3 cmd=0x1016 msg#=185 ref#=0 
01-17 15:44:24.696 21905 22174 V LynxModule: retransmitting: mod=3 cmd=0x1016 msg#=185 ref#=0 
01-17 15:44:24.699 21905 22174 V RobotCore: timeout: abandoning waiting 250ms for response: cmd=LynxGetMotorEncoderPositionCommand mod=3 msg#=185
01-17 15:44:24.699 21905 22174 V RobotCore: nack rec'd mod=3 msg#=185 ref#=0 reason=ABANDONED_WAITING_FOR_RESPONSE:256
01-17 15:44:24.700 21905 22174 W LynxMotor: LynxGetMotorEncoderPositionCommand was abandoned waiting for response
01-17 15:44:26.187 21905 22174 V LynxModule: retransmitting: mod=3 cmd=0x1016 msg#=172 ref#=0 
01-17 15:44:28.292 21905 22174 V LynxModule: retransmitting: mod=3 cmd=0x1016 msg#=8 ref#=0 
01-17 15:44:29.565 21905 22174 V LynxModule: retransmitting: mod=3 cmd=0x1016 msg#=214 ref#=0 
01-17 15:44:34.709 21905 22174 V LynxModule: retransmitting: mod=3 cmd=0x1011 msg#=71 ref#=0 
01-17 15:44:34.812 21905 22174 V LynxModule: retransmitting: mod=3 cmd=0x1011 msg#=71 ref#=0 
01-17 15:44:34.858 21905 22174 V LynxModule: retransmitting: mod=3 cmd=0x1011 msg#=71 ref#=0 
01-17 15:44:34.860 21905 22174 V RobotCore: timeout: abandoning waiting 250ms for ack: cmd=LynxSetMotorTargetVelocityCommand mod=3 msg#=71
01-17 15:44:34.861 21905 22174 V RobotCore: nack rec'd mod=3 msg#=71 ref#=0 reason=ABANDONED_WAITING_FOR_ACK:257
01-17 15:44:34.861 21905 22174 W LynxMotor: LynxSetMotorTargetVelocityCommand was abandoned waiting for ack
01-17 15:44:35.341 21905 22174 V LynxModule: retransmitting: mod=3 cmd=0x1016 msg#=145 ref#=0 
01-17 15:44:35.863 21905 22174 V LynxModule: retransmitting: mod=3 cmd=0x1011 msg#=207 ref#=0 
01-17 15:44:35.966 21905 22174 V LynxModule: retransmitting: mod=3 cmd=0x1011 msg#=207 ref#=0 
01-17 15:44:36.013 21905 22174 V LynxModule: retransmitting: mod=3 cmd=0x1011 msg#=207 ref#=0 
01-17 15:44:36.016 21905 22174 V RobotCore: timeout: abandoning waiting 250ms for ack: cmd=LynxSetMotorTargetVelocityCommand mod=3 msg#=207
01-17 15:44:36.016 21905 22174 V RobotCore: nack rec'd mod=3 msg#=207 ref#=0 reason=ABANDONED_WAITING_FOR_ACK:257
01-17 15:44:36.017 21905 22174 W LynxMotor: LynxSetMotorTargetVelocityCommand was abandoned waiting for ack
01-17 15:44:37.084 21905 22174 V LynxModule: retransmitting: mod=3 cmd=0x1016 msg#=131 ref#=0 
01-17 15:44:37.249 21905 22174 V LynxModule: retransmitting: mod=3 cmd=0x1009 msg#=140 ref#=0 
01-17 15:44:37.350 21905 22174 V LynxModule: retransmitting: mod=3 cmd=0x1009 msg#=140 ref#=0 
01-17 15:44:37.398 21905 22174 V LynxModule: retransmitting: mod=3 cmd=0x1009 msg#=140 ref#=0 
01-17 15:44:37.400 21905 22174 V RobotCore: timeout: abandoning waiting 250ms for response: cmd=LynxGetMotorChannelModeCommand mod=3 msg#=140
01-17 15:44:37.401 21905 22174 V RobotCore: nack rec'd mod=3 msg#=140 ref#=0 reason=ABANDONED_WAITING_FOR_RESPONSE:256
01-17 15:44:37.401 21905 22174 W LynxMotor: LynxGetMotorChannelModeCommand was abandoned waiting for response
01-17 15:44:37.754 21905 22174 V LynxModule: retransmitting: mod=3 cmd=0x100a msg#=180 ref#=0 
01-17 15:44:38.342 21905 22174 V LynxModule: retransmitting: mod=3 cmd=0x1016 msg#=7 ref#=0 
01-17 15:44:38.444 21905 22174 V LynxModule: retransmitting: mod=3 cmd=0x1016 msg#=7 ref#=0 
01-17 15:44:38.492 21905 22174 V LynxModule: retransmitting: mod=3 cmd=0x1016 msg#=7 ref#=0 
01-17 15:44:38.493 21905 22174 V RobotCore: timeout: abandoning waiting 250ms for response: cmd=LynxGetMotorEncoderPositionCommand mod=3 msg#=7
01-17 15:44:38.493 21905 22174 V RobotCore: nack rec'd mod=3 msg#=7 ref#=0 reason=ABANDONED_WAITING_FOR_RESPONSE:256
01-17 15:44:38.494 21905 22174 W LynxMotor: LynxGetMotorEncoderPositionCommand was abandoned waiting for response
01-17 15:44:39.279 21905 22174 V LynxModule: retransmitting: mod=3 cmd=0x1016 msg#=134 ref#=0 
01-17 15:44:39.382 21905 22174 V LynxModule: retransmitting: mod=3 cmd=0x1016 msg#=134 ref#=0 
01-17 15:44:39.429 21905 22174 V LynxModule: retransmitting: mod=3 cmd=0x1016 msg#=134 ref#=0 
01-17 15:44:39.430 21905 22174 V RobotCore: timeout: abandoning waiting 250ms for response: cmd=LynxGetMotorEncoderPositionCommand mod=3 msg#=134
01-17 15:44:39.430 21905 22174 V RobotCore: nack rec'd mod=3 msg#=134 ref#=0 reason=ABANDONED_WAITING_FOR_RESPONSE:256
01-17 15:44:39.431 21905 22174 W LynxMotor: LynxGetMotorEncoderPositionCommand was abandoned waiting for response
01-17 15:44:41.095 21905 22174 V LynxModule: retransmitting: mod=3 cmd=0x1016 msg#=151 ref#=0 
01-17 15:44:41.197 21905 22174 V LynxModule: retransmitting: mod=3 cmd=0x1016 msg#=151 ref#=0 
01-17 15:44:41.244 21905 22174 V LynxModule: retransmitting: mod=3 cmd=0x1016 msg#=151 ref#=0 
01-17 15:44:41.246 21905 22174 V RobotCore: timeout: abandoning waiting 250ms for response: cmd=LynxGetMotorEncoderPositionCommand mod=3 msg#=151
01-17 15:44:41.246 21905 22174 V RobotCore: nack rec'd mod=3 msg#=151 ref#=0 reason=ABANDONED_WAITING_FOR_RESPONSE:256
01-17 15:44:41.247 21905 22174 W LynxMotor: LynxGetMotorEncoderPositionCommand was abandoned waiting for response
01-17 15:44:41.582 21905 22174 V LynxModule: retransmitting: mod=3 cmd=0x1016 msg#=185 ref#=0 
01-17 15:44:41.685 21905 22174 V LynxModule: retransmitting: mod=3 cmd=0x1016 msg#=185 ref#=0 
01-17 15:44:41.732 21905 22174 V LynxModule: retransmitting: mod=3 cmd=0x1016 msg#=185 ref#=0 
01-17 15:44:41.734 21905 22174 V RobotCore: timeout: abandoning waiting 250ms for response: cmd=LynxGetMotorEncoderPositionCommand mod=3 msg#=185
01-17 15:44:41.735 21905 22174 V RobotCore: nack rec'd mod=3 msg#=185 ref#=0 reason=ABANDONED_WAITING_FOR_RESPONSE:256
01-17 15:44:41.736 21905 22174 W LynxMotor: LynxGetMotorEncoderPositionCommand was abandoned waiting for response
01-17 15:44:44.388 21905 22174 V LynxModule: retransmitting: mod=3 cmd=0x1011 msg#=129 ref#=0 
01-17 15:44:44.556 21905 22174 V LynxModule: retransmitting: mod=3 cmd=0x1011 msg#=136 ref#=0 
01-17 15:44:44.677 21905 22174 V LynxModule: retransmitting: mod=3 cmd=0x1009 msg#=138 ref#=0 
01-17 15:44:46.628 21905 22174 V LynxModule: retransmitting: mod=3 cmd=0x1016 msg#=201 ref#=0 
01-17 15:44:46.731 21905 22174 V LynxModule: retransmitting: mod=3 cmd=0x1016 msg#=201 ref#=0 
01-17 15:44:46.778 21905 22174 V LynxModule: retransmitting: mod=3 cmd=0x1016 msg#=201 ref#=0 
01-17 15:44:46.779 21905 22174 V RobotCore: timeout: abandoning waiting 250ms for response: cmd=LynxGetMotorEncoderPositionCommand mod=3 msg#=201
01-17 15:44:46.780 21905 22174 V RobotCore: nack rec'd mod=3 msg#=201 ref#=0 reason=ABANDONED_WAITING_FOR_RESPONSE:256
01-17 15:44:46.780 21905 22174 W LynxMotor: LynxGetMotorEncoderPositionCommand was abandoned waiting for response
01-17 15:44:47.757 21905 21915 I art     : Background sticky concurrent mark sweep GC freed 135503(4MB) AllocSpace objects, 0(0B) LOS objects, 17% free, 22MB/26MB, paused 5.939ms total 64.646ms
01-17 15:45:03.514 21905 22174 I RobotCore: robot battery read duration: n=10, mean=6.028ms sd=7.012ms
01-17 15:45:07.332 21905 21905 I BatteryChecker: percent remaining: 100 is charging: false
01-17 15:45:10.425 21905 22174 V LynxModule: retransmitting: mod=3 cmd=0x1016 msg#=216 ref#=0 
01-17 15:45:10.527 21905 22174 V LynxModule: retransmitting: mod=3 cmd=0x1016 msg#=216 ref#=0 
01-17 15:45:10.575 21905 22174 V LynxModule: retransmitting: mod=3 cmd=0x1016 msg#=216 ref#=0 
01-17 15:45:10.576 21905 22174 V RobotCore: timeout: abandoning waiting 250ms for response: cmd=LynxGetMotorEncoderPositionCommand mod=3 msg#=216
01-17 15:45:10.576 21905 22174 V RobotCore: nack rec'd mod=3 msg#=216 ref#=0 reason=ABANDONED_WAITING_FOR_RESPONSE:256
01-17 15:45:10.577 21905 22174 W LynxMotor: LynxGetMotorEncoderPositionCommand was abandoned waiting for response
01-17 15:45:11.322 21905 22174 V LynxModule: retransmitting: mod=3 cmd=0x1016 msg#=77 ref#=0 
01-17 15:45:11.741 21905 22174 V LynxModule: retransmitting: mod=3 cmd=0x1016 msg#=140 ref#=0 
01-17 15:45:11.842 21905 22174 V LynxModule: retransmitting: mod=3 cmd=0x1016 msg#=140 ref#=0 
01-17 15:45:11.891 21905 22174 V LynxModule: retransmitting: mod=3 cmd=0x1016 msg#=140 ref#=0 
01-17 15:45:11.892 21905 22174 V RobotCore: timeout: abandoning waiting 250ms for response: cmd=LynxGetMotorEncoderPositionCommand mod=3 msg#=140
01-17 15:45:11.893 21905 22174 V RobotCore: nack rec'd mod=3 msg#=140 ref#=0 reason=ABANDONED_WAITING_FOR_RESPONSE:256
01-17 15:45:11.893 21905 22174 W LynxMotor: LynxGetMotorEncoderPositionCommand was abandoned waiting for response
01-17 15:45:12.046 21905 22174 V LynxModule: retransmitting: mod=3 cmd=0x1016 msg#=148 ref#=0 
01-17 15:45:12.147 21905 22174 V LynxModule: retransmitting: mod=3 cmd=0x1016 msg#=148 ref#=0 
01-17 15:45:12.196 21905 22174 V LynxModule: retransmitting: mod=3 cmd=0x1016 msg#=148 ref#=0 
01-17 15:45:12.197 21905 22174 V RobotCore: timeout: abandoning waiting 250ms for response: cmd=LynxGetMotorEncoderPositionCommand mod=3 msg#=148
01-17 15:45:12.198 21905 22174 V RobotCore: nack rec'd mod=3 msg#=148 ref#=0 reason=ABANDONED_WAITING_FOR_RESPONSE:256
01-17 15:45:12.198 21905 22174 W LynxMotor: LynxGetMotorEncoderPositionCommand was abandoned waiting for response
01-17 15:45:12.638 21905 22174 V LynxModule: retransmitting: mod=3 cmd=0x1016 msg#=199 ref#=0 
01-17 15:45:12.739 21905 22174 V LynxModule: retransmitting: mod=3 cmd=0x1016 msg#=199 ref#=0 
01-17 15:45:12.787 21905 22174 V LynxModule: retransmitting: mod=3 cmd=0x1016 msg#=199 ref#=0 
01-17 15:45:12.790 21905 22174 V RobotCore: timeout: abandoning waiting 250ms for response: cmd=LynxGetMotorEncoderPositionCommand mod=3 msg#=199
01-17 15:45:12.790 21905 22174 V RobotCore: nack rec'd mod=3 msg#=199 ref#=0 reason=ABANDONED_WAITING_FOR_RESPONSE:256
01-17 15:45:12.791 21905 22174 W LynxMotor: LynxGetMotorEncoderPositionCommand was abandoned waiting for response
01-17 15:45:13.397 21905 21905 I BatteryChecker: percent remaining: 100 is charging: false
01-17 15:45:13.847 21905 22174 V LynxModule: retransmitting: mod=3 cmd=0x1016 msg#=115 ref#=0 
01-17 15:45:13.951 21905 22174 V LynxModule: retransmitting: mod=3 cmd=0x1016 msg#=115 ref#=0 
01-17 15:45:13.997 21905 22174 V LynxModule: retransmitting: mod=3 cmd=0x1016 msg#=115 ref#=0 
01-17 15:45:13.998 21905 22174 V RobotCore: timeout: abandoning waiting 250ms for response: cmd=LynxGetMotorEncoderPositionCommand mod=3 msg#=115
01-17 15:45:13.998 21905 22174 V RobotCore: nack rec'd mod=3 msg#=115 ref#=0 reason=ABANDONED_WAITING_FOR_RESPONSE:256
01-17 15:45:13.999 21905 22174 W LynxMotor: LynxGetMotorEncoderPositionCommand was abandoned waiting for response
01-17 15:45:15.579 21905 22174 V LynxModule: retransmitting: mod=3 cmd=0x1016 msg#=118 ref#=0 
01-17 15:45:15.681 21905 22174 V LynxModule: retransmitting: mod=3 cmd=0x1016 msg#=118 ref#=0 
01-17 15:45:15.729 21905 22174 V LynxModule: retransmitting: mod=3 cmd=0x1016 msg#=118 ref#=0 
01-17 15:45:15.730 21905 22174 V RobotCore: timeout: abandoning waiting 250ms for response: cmd=LynxGetMotorEncoderPositionCommand mod=3 msg#=118
01-17 15:45:15.731 21905 22174 V RobotCore: nack rec'd mod=3 msg#=118 ref#=0 reason=ABANDONED_WAITING_FOR_RESPONSE:256
01-17 15:45:15.731 21905 22174 W LynxMotor: LynxGetMotorEncoderPositionCommand was abandoned waiting for response
01-17 15:45:15.837 21905 22174 V LynxModule: retransmitting: mod=3 cmd=0x1016 msg#=119 ref#=0 
01-17 15:45:15.938 21905 22174 V LynxModule: retransmitting: mod=3 cmd=0x1016 msg#=119 ref#=0 
01-17 15:45:15.987 21905 22174 V LynxModule: retransmitting: mod=3 cmd=0x1016 msg#=119 ref#=0 
01-17 15:45:15.988 21905 22174 V RobotCore: timeout: abandoning waiting 250ms for response: cmd=LynxGetMotorEncoderPositionCommand mod=3 msg#=119
01-17 15:45:15.989 21905 22174 V RobotCore: nack rec'd mod=3 msg#=119 ref#=0 reason=ABANDONED_WAITING_FOR_RESPONSE:256
01-17 15:45:15.990 21905 22174 W LynxMotor: LynxGetMotorEncoderPositionCommand was abandoned waiting for response
01-17 15:45:16.253 21905 22174 V LynxModule: retransmitting: mod=3 cmd=0x1016 msg#=144 ref#=0 
01-17 15:45:16.354 21905 22174 V LynxModule: retransmitting: mod=3 cmd=0x1016 msg#=144 ref#=0 
01-17 15:45:16.402 21905 22174 V LynxModule: retransmitting: mod=3 cmd=0x1016 msg#=144 ref#=0 
01-17 15:45:16.405 21905 22174 V RobotCore: timeout: abandoning waiting 250ms for response: cmd=LynxGetMotorEncoderPositionCommand mod=3 msg#=144
01-17 15:45:16.405 21905 22174 V RobotCore: nack rec'd mod=3 msg#=144 ref#=0 reason=ABANDONED_WAITING_FOR_RESPONSE:256
01-17 15:45:16.406 21905 22174 W LynxMotor: LynxGetMotorEncoderPositionCommand was abandoned waiting for response
01-17 15:45:16.787 21905 22174 V LynxModule: retransmitting: mod=3 cmd=0x1016 msg#=188 ref#=0 
01-17 15:45:16.907 21905 22174 V LynxModule: retransmitting: mod=3 cmd=0x1016 msg#=190 ref#=0 
01-17 15:45:17.186 21905 22174 V LynxModule: retransmitting: mod=3 cmd=0x1016 msg#=217 ref#=0 
01-17 15:45:17.288 21905 22174 V LynxModule: retransmitting: mod=3 cmd=0x1016 msg#=217 ref#=0 
01-17 15:45:17.335 21905 22174 V LynxModule: retransmitting: mod=3 cmd=0x1016 msg#=217 ref#=0 
01-17 15:45:17.338 21905 22174 V RobotCore: timeout: abandoning waiting 250ms for response: cmd=LynxGetMotorEncoderPositionCommand mod=3 msg#=217
01-17 15:45:17.338 21905 22174 V RobotCore: nack rec'd mod=3 msg#=217 ref#=0 reason=ABANDONED_WAITING_FOR_RESPONSE:256
01-17 15:45:17.338 21905 22174 W LynxMotor: LynxGetMotorEncoderPositionCommand was abandoned waiting for response
01-17 15:45:17.662 21905 22174 V LynxModule: retransmitting: mod=3 cmd=0x1009 msg#=251 ref#=0 
01-17 15:45:18.497 21905 22174 V LynxModule: retransmitting: mod=3 cmd=0x1016 msg#=145 ref#=0 
01-17 15:45:18.835 21905 22174 V LynxModule: retransmitting: mod=3 cmd=0x1009 msg#=181 ref#=0 
01-17 15:45:19.375 21905 22174 V LynxModule: retransmitting: mod=3 cmd=0x1016 msg#=250 ref#=0 
01-17 15:45:19.868 21905 22174 V LynxModule: retransmitting: mod=3 cmd=0x1016 msg#=73 ref#=0 
01-17 15:45:19.969 21905 22174 V LynxModule: retransmitting: mod=3 cmd=0x1016 msg#=73 ref#=0 
01-17 15:45:20.017 21905 22174 V LynxModule: retransmitting: mod=3 cmd=0x1016 msg#=73 ref#=0 
01-17 15:45:20.020 21905 22174 V RobotCore: timeout: abandoning waiting 250ms for response: cmd=LynxGetMotorEncoderPositionCommand mod=3 msg#=73
01-17 15:45:20.020 21905 22174 V RobotCore: nack rec'd mod=3 msg#=73 ref#=0 reason=ABANDONED_WAITING_FOR_RESPONSE:256
01-17 15:45:20.021 21905 22174 W LynxMotor: LynxGetMotorEncoderPositionCommand was abandoned waiting for response
01-17 15:45:20.847 21905 22174 V LynxModule: retransmitting: mod=3 cmd=0x1016 msg#=200 ref#=0 
01-17 15:45:20.949 21905 22174 V LynxModule: retransmitting: mod=3 cmd=0x1016 msg#=200 ref#=0 
01-17 15:45:20.996 21905 22174 V LynxModule: retransmitting: mod=3 cmd=0x1016 msg#=200 ref#=0 
01-17 15:45:20.999 21905 22174 V RobotCore: timeout: abandoning waiting 250ms for response: cmd=LynxGetMotorEncoderPositionCommand mod=3 msg#=200
01-17 15:45:20.999 21905 22174 V RobotCore: nack rec'd mod=3 msg#=200 ref#=0 reason=ABANDONED_WAITING_FOR_RESPONSE:256
01-17 15:45:21.000 21905 22174 W LynxMotor: LynxGetMotorEncoderPositionCommand was abandoned waiting for response
01-17 15:45:22.673 21905 22174 V LynxModule: retransmitting: mod=3 cmd=0x1011 msg#=227 ref#=0 
01-17 15:45:22.774 21905 22174 V LynxModule: retransmitting: mod=3 cmd=0x1011 msg#=227 ref#=0 
01-17 15:45:22.823 21905 22174 V LynxModule: retransmitting: mod=3 cmd=0x1011 msg#=227 ref#=0 
01-17 15:45:22.824 21905 22174 V RobotCore: timeout: abandoning waiting 250ms for ack: cmd=LynxSetMotorTargetVelocityCommand mod=3 msg#=227
01-17 15:45:22.824 21905 22174 V RobotCore: nack rec'd mod=3 msg#=227 ref#=0 reason=ABANDONED_WAITING_FOR_ACK:257
01-17 15:45:22.825 21905 22174 W LynxMotor: LynxSetMotorTargetVelocityCommand was abandoned waiting for ack
01-17 15:45:23.141 21905 22174 V LynxModule: retransmitting: mod=3 cmd=0x1016 msg#=8 ref#=0 
01-17 15:45:26.371 21905 22174 V LynxModule: retransmitting: mod=3 cmd=0x1016 msg#=49 ref#=0 
01-17 15:45:26.495 21905 22174 V LynxModule: retransmitting: mod=3 cmd=0x1016 msg#=52 ref#=0 
01-17 15:45:26.857 21905 22174 V LynxModule: retransmitting: mod=3 cmd=0x1016 msg#=100 ref#=0 
01-17 15:45:27.032 21905 22174 V LynxModule: retransmitting: mod=3 cmd=0x1016 msg#=120 ref#=0 
01-17 15:45:27.294 21905 22174 V LynxModule: retransmitting: mod=3 cmd=0x1016 msg#=145 ref#=0 
01-17 15:45:27.585 21905 22174 V LynxModule: retransmitting: mod=3 cmd=0x1016 msg#=174 ref#=0 
01-17 15:45:27.687 21905 22174 V LynxModule: retransmitting: mod=3 cmd=0x1016 msg#=174 ref#=0 
01-17 15:45:27.734 21905 22174 V LynxModule: retransmitting: mod=3 cmd=0x1016 msg#=174 ref#=0 
01-17 15:45:27.736 21905 22174 V RobotCore: timeout: abandoning waiting 250ms for response: cmd=LynxGetMotorEncoderPositionCommand mod=3 msg#=174
01-17 15:45:27.737 21905 22174 V RobotCore: nack rec'd mod=3 msg#=174 ref#=0 reason=ABANDONED_WAITING_FOR_RESPONSE:256
01-17 15:45:27.737 21905 22174 W LynxMotor: LynxGetMotorEncoderPositionCommand was abandoned waiting for response
01-17 15:45:27.857 21905 22174 V LynxModule: retransmitting: mod=3 cmd=0x1011 msg#=179 ref#=0 
01-17 15:45:27.959 21905 22174 V LynxModule: retransmitting: mod=3 cmd=0x1011 msg#=179 ref#=0 
01-17 15:45:28.007 21905 22174 V LynxModule: retransmitting: mod=3 cmd=0x1011 msg#=179 ref#=0 
01-17 15:45:28.009 21905 22174 V RobotCore: timeout: abandoning waiting 250ms for ack: cmd=LynxSetMotorTargetVelocityCommand mod=3 msg#=179
01-17 15:45:28.010 21905 22174 V RobotCore: nack rec'd mod=3 msg#=179 ref#=0 reason=ABANDONED_WAITING_FOR_ACK:257
01-17 15:45:28.010 21905 22174 W LynxMotor: LynxSetMotorTargetVelocityCommand was abandoned waiting for ack
01-17 15:45:28.500 21905 22174 V LynxModule: retransmitting: mod=3 cmd=0x1016 msg#=238 ref#=0 
01-17 15:45:28.601 21905 22174 V LynxModule: retransmitting: mod=3 cmd=0x1016 msg#=238 ref#=0 
01-17 15:45:28.650 21905 22174 V LynxModule: retransmitting: mod=3 cmd=0x1016 msg#=238 ref#=0 
01-17 15:45:28.651 21905 22174 V RobotCore: timeout: abandoning waiting 250ms for response: cmd=LynxGetMotorEncoderPositionCommand mod=3 msg#=238
01-17 15:45:28.652 21905 22174 V RobotCore: nack rec'd mod=3 msg#=238 ref#=0 reason=ABANDONED_WAITING_FOR_RESPONSE:256
01-17 15:45:28.652 21905 22174 W LynxMotor: LynxGetMotorEncoderPositionCommand was abandoned waiting for response
01-17 15:45:28.926 21905 22174 V LynxModule: retransmitting: mod=3 cmd=0x1016 msg#=17 ref#=0 
01-17 15:45:29.028 21905 22174 V LynxModule: retransmitting: mod=3 cmd=0x1016 msg#=17 ref#=0 
01-17 15:45:29.076 21905 22174 V LynxModule: retransmitting: mod=3 cmd=0x1016 msg#=17 ref#=0 
01-17 15:45:29.079 21905 22174 V RobotCore: timeout: abandoning waiting 250ms for response: cmd=LynxGetMotorEncoderPositionCommand mod=3 msg#=17
01-17 15:45:29.079 21905 22174 V RobotCore: nack rec'd mod=3 msg#=17 ref#=0 reason=ABANDONED_WAITING_FOR_RESPONSE:256
01-17 15:45:29.079 21905 22174 W LynxMotor: LynxGetMotorEncoderPositionCommand was abandoned waiting for response
01-17 15:45:29.470 21905 22174 V LynxModule: retransmitting: mod=3 cmd=0x1016 msg#=68 ref#=0 
01-17 15:45:29.828 21905 22174 V LynxModule: retransmitting: mod=3 cmd=0x1009 msg#=124 ref#=0 
01-17 15:45:29.931 21905 22174 V LynxModule: retransmitting: mod=3 cmd=0x1009 msg#=124 ref#=0 
01-17 15:45:29.977 21905 22174 V LynxModule: retransmitting: mod=3 cmd=0x1009 msg#=124 ref#=0 
01-17 15:45:29.980 21905 22174 V RobotCore: timeout: abandoning waiting 250ms for response: cmd=LynxGetMotorChannelModeCommand mod=3 msg#=124
01-17 15:45:29.980 21905 22174 V RobotCore: nack rec'd mod=3 msg#=124 ref#=0 reason=ABANDONED_WAITING_FOR_RESPONSE:256
01-17 15:45:29.981 21905 22174 W LynxMotor: LynxGetMotorChannelModeCommand was abandoned waiting for response
01-17 15:45:31.956 21905 22174 V LynxModule: retransmitting: mod=3 cmd=0x1016 msg#=196 ref#=0 
01-17 15:45:32.058 21905 22174 V LynxModule: retransmitting: mod=3 cmd=0x1016 msg#=196 ref#=0 
01-17 15:45:32.104 21905 22174 V LynxModule: retransmitting: mod=3 cmd=0x1016 msg#=196 ref#=0 
01-17 15:45:32.107 21905 22174 V RobotCore: timeout: abandoning waiting 250ms for response: cmd=LynxGetMotorEncoderPositionCommand mod=3 msg#=196
01-17 15:45:32.107 21905 22174 V RobotCore: nack rec'd mod=3 msg#=196 ref#=0 reason=ABANDONED_WAITING_FOR_RESPONSE:256
01-17 15:45:32.107 21905 22174 W LynxMotor: LynxGetMotorEncoderPositionCommand was abandoned waiting for response
01-17 15:45:32.235 21905 22174 V LynxModule: retransmitting: mod=3 cmd=0x1011 msg#=201 ref#=0 
01-17 15:45:32.336 21905 22174 V LynxModule: retransmitting: mod=3 cmd=0x1011 msg#=201 ref#=0 
01-17 15:45:32.385 21905 22174 V LynxModule: retransmitting: mod=3 cmd=0x1011 msg#=201 ref#=0 
01-17 15:45:32.386 21905 22174 V RobotCore: timeout: abandoning waiting 250ms for ack: cmd=LynxSetMotorTargetVelocityCommand mod=3 msg#=201
01-17 15:45:32.386 21905 22174 V RobotCore: nack rec'd mod=3 msg#=201 ref#=0 reason=ABANDONED_WAITING_FOR_ACK:257
01-17 15:45:32.387 21905 22174 W LynxMotor: LynxSetMotorTargetVelocityCommand was abandoned waiting for ack
01-17 15:45:33.679 21905 22174 V LynxModule: retransmitting: mod=3 cmd=0x1016 msg#=167 ref#=0 
01-17 15:45:33.782 21905 22174 V LynxModule: retransmitting: mod=3 cmd=0x1016 msg#=167 ref#=0 
01-17 15:45:33.828 21905 22174 V LynxModule: retransmitting: mod=3 cmd=0x1016 msg#=167 ref#=0 
01-17 15:45:33.831 21905 22174 V RobotCore: timeout: abandoning waiting 250ms for response: cmd=LynxGetMotorEncoderPositionCommand mod=3 msg#=167
01-17 15:45:33.831 21905 22174 V RobotCore: nack rec'd mod=3 msg#=167 ref#=0 reason=ABANDONED_WAITING_FOR_RESPONSE:256
01-17 15:45:33.832 21905 22174 W LynxMotor: LynxGetMotorEncoderPositionCommand was abandoned waiting for response
01-17 15:45:34.401 21905 22174 V LynxModule: retransmitting: mod=3 cmd=0x1016 msg#=238 ref#=0 
01-17 15:45:34.504 21905 22174 V LynxModule: retransmitting: mod=3 cmd=0x1016 msg#=238 ref#=0 
01-17 15:45:34.550 21905 22174 V LynxModule: retransmitting: mod=3 cmd=0x1016 msg#=238 ref#=0 
01-17 15:45:34.551 21905 22174 V RobotCore: timeout: abandoning waiting 250ms for response: cmd=LynxGetMotorEncoderPositionCommand mod=3 msg#=238
01-17 15:45:34.551 21905 22174 V RobotCore: nack rec'd mod=3 msg#=238 ref#=0 reason=ABANDONED_WAITING_FOR_RESPONSE:256
01-17 15:45:34.552 21905 22174 W LynxMotor: LynxGetMotorEncoderPositionCommand was abandoned waiting for response
01-17 15:45:35.972 21905 22174 V LynxModule: retransmitting: mod=3 cmd=0x1016 msg#=220 ref#=0 
01-17 15:45:36.073 21905 22174 V LynxModule: retransmitting: mod=3 cmd=0x1016 msg#=220 ref#=0 
01-17 15:45:36.121 21905 22174 V LynxModule: retransmitting: mod=3 cmd=0x1016 msg#=220 ref#=0 
01-17 15:45:36.124 21905 22174 V RobotCore: timeout: abandoning waiting 250ms for response: cmd=LynxGetMotorEncoderPositionCommand mod=3 msg#=220
01-17 15:45:36.124 21905 22174 V RobotCore: nack rec'd mod=3 msg#=220 ref#=0 reason=ABANDONED_WAITING_FOR_RESPONSE:256
01-17 15:45:36.125 21905 22174 W LynxMotor: LynxGetMotorEncoderPositionCommand was abandoned waiting for response
01-17 15:45:36.568 21905 22174 V LynxModule: retransmitting: mod=3 cmd=0x1016 msg#=27 ref#=0 
01-17 15:45:37.723 21905 22174 V LynxModule: retransmitting: mod=3 cmd=0x1016 msg#=218 ref#=0 
01-17 15:45:37.827 21905 22174 V LynxModule: retransmitting: mod=3 cmd=0x1016 msg#=218 ref#=0 
01-17 15:45:37.873 21905 22174 V LynxModule: retransmitting: mod=3 cmd=0x1016 msg#=218 ref#=0 
01-17 15:45:37.876 21905 22174 V RobotCore: timeout: abandoning waiting 250ms for response: cmd=LynxGetMotorEncoderPositionCommand mod=3 msg#=218
01-17 15:45:37.876 21905 22174 V RobotCore: nack rec'd mod=3 msg#=218 ref#=0 reason=ABANDONED_WAITING_FOR_RESPONSE:256
01-17 15:45:37.877 21905 22174 W LynxMotor: LynxGetMotorEncoderPositionCommand was abandoned waiting for response
01-17 15:45:39.622 21905 22174 V LynxModule: retransmitting: mod=3 cmd=0x100a msg#=249 ref#=0 
01-17 15:45:41.305 21905 22174 V LynxModule: retransmitting: mod=3 cmd=0x1016 msg#=21 ref#=0 
01-17 15:45:41.409 21905 22174 V LynxModule: retransmitting: mod=3 cmd=0x1016 msg#=21 ref#=0 
01-17 15:45:41.454 21905 22174 V LynxModule: retransmitting: mod=3 cmd=0x1016 msg#=21 ref#=0 
01-17 15:45:41.456 21905 22174 V RobotCore: timeout: abandoning waiting 250ms for response: cmd=LynxGetMotorEncoderPositionCommand mod=3 msg#=21
01-17 15:45:41.457 21905 22174 V RobotCore: nack rec'd mod=3 msg#=21 ref#=0 reason=ABANDONED_WAITING_FOR_RESPONSE:256
01-17 15:45:41.457 21905 22174 W LynxMotor: LynxGetMotorEncoderPositionCommand was abandoned waiting for response
01-17 15:45:41.736 21905 22174 V LynxModule: retransmitting: mod=3 cmd=0x1016 msg#=57 ref#=0 
01-17 15:45:41.837 21905 22174 V LynxModule: retransmitting: mod=3 cmd=0x1016 msg#=57 ref#=0 
01-17 15:45:41.885 21905 22174 V LynxModule: retransmitting: mod=3 cmd=0x1016 msg#=57 ref#=0 
01-17 15:45:41.887 21905 22174 V RobotCore: timeout: abandoning waiting 250ms for response: cmd=LynxGetMotorEncoderPositionCommand mod=3 msg#=57
01-17 15:45:41.888 21905 22174 V RobotCore: nack rec'd mod=3 msg#=57 ref#=0 reason=ABANDONED_WAITING_FOR_RESPONSE:256
01-17 15:45:41.888 21905 22174 W LynxMotor: LynxGetMotorEncoderPositionCommand was abandoned waiting for response
01-17 15:45:42.314 21905 22174 V LynxModule: retransmitting: mod=3 cmd=0x1016 msg#=127 ref#=0 
01-17 15:45:42.869 21905 22174 V LynxModule: retransmitting: mod=3 cmd=0x1016 msg#=196 ref#=0 
01-17 15:45:42.972 21905 22174 V LynxModule: retransmitting: mod=3 cmd=0x1016 msg#=196 ref#=0 
01-17 15:45:43.019 21905 22174 V LynxModule: retransmitting: mod=3 cmd=0x1016 msg#=196 ref#=0 
01-17 15:45:43.021 21905 22174 V RobotCore: timeout: abandoning waiting 250ms for response: cmd=LynxGetMotorEncoderPositionCommand mod=3 msg#=196
01-17 15:45:43.021 21905 22174 V RobotCore: nack rec'd mod=3 msg#=196 ref#=0 reason=ABANDONED_WAITING_FOR_RESPONSE:256
01-17 15:45:43.021 21905 22174 W LynxMotor: LynxGetMotorEncoderPositionCommand was abandoned waiting for response
01-17 15:45:43.237 21905 22174 V LynxModule: retransmitting: mod=3 cmd=0x1011 msg#=213 ref#=0 
01-17 15:45:43.339 21905 22174 V LynxModule: retransmitting: mod=3 cmd=0x1011 msg#=213 ref#=0 
01-17 15:45:43.387 21905 22174 V LynxModule: retransmitting: mod=3 cmd=0x1011 msg#=213 ref#=0 
01-17 15:45:43.389 21905 22174 V RobotCore: timeout: abandoning waiting 250ms for ack: cmd=LynxSetMotorTargetVelocityCommand mod=3 msg#=213
01-17 15:45:43.389 21905 22174 V RobotCore: nack rec'd mod=3 msg#=213 ref#=0 reason=ABANDONED_WAITING_FOR_ACK:257
01-17 15:45:43.389 21905 22174 W LynxMotor: LynxSetMotorTargetVelocityCommand was abandoned waiting for ack
01-17 15:45:43.928 21905 22174 V LynxModule: retransmitting: mod=3 cmd=0x1016 msg#=36 ref#=0 
01-17 15:45:44.366 21905 22174 V LynxModule: retransmitting: mod=3 cmd=0x1016 msg#=105 ref#=0 
01-17 15:45:44.467 21905 22174 V LynxModule: retransmitting: mod=3 cmd=0x1016 msg#=105 ref#=0 
01-17 15:45:44.515 21905 22174 V LynxModule: retransmitting: mod=3 cmd=0x1016 msg#=105 ref#=0 
01-17 15:45:44.516 21905 22174 V RobotCore: timeout: abandoning waiting 250ms for response: cmd=LynxGetMotorEncoderPositionCommand mod=3 msg#=105
01-17 15:45:44.517 21905 22174 V RobotCore: nack rec'd mod=3 msg#=105 ref#=0 reason=ABANDONED_WAITING_FOR_RESPONSE:256
01-17 15:45:44.518 21905 22174 W LynxMotor: LynxGetMotorEncoderPositionCommand was abandoned waiting for response
01-17 15:45:45.673 21905 22174 V LynxModule: retransmitting: mod=3 cmd=0x1016 msg#=35 ref#=0 
01-17 15:45:45.776 21905 22174 V LynxModule: retransmitting: mod=3 cmd=0x1016 msg#=35 ref#=0 
01-17 15:45:45.822 21905 22174 V LynxModule: retransmitting: mod=3 cmd=0x1016 msg#=35 ref#=0 
01-17 15:45:45.824 21905 22174 V RobotCore: timeout: abandoning waiting 250ms for response: cmd=LynxGetMotorEncoderPositionCommand mod=3 msg#=35
01-17 15:45:45.825 21905 22174 V RobotCore: nack rec'd mod=3 msg#=35 ref#=0 reason=ABANDONED_WAITING_FOR_RESPONSE:256
01-17 15:45:45.825 21905 22174 W LynxMotor: LynxGetMotorEncoderPositionCommand was abandoned waiting for response
01-17 15:45:46.029 21905 22174 V LynxModule: retransmitting: mod=3 cmd=0x1016 msg#=56 ref#=0 
01-17 15:45:46.131 21905 22174 V LynxModule: retransmitting: mod=3 cmd=0x1016 msg#=56 ref#=0 
01-17 15:45:46.178 21905 22174 V LynxModule: retransmitting: mod=3 cmd=0x1016 msg#=56 ref#=0 
01-17 15:45:46.180 21905 22174 V RobotCore: timeout: abandoning waiting 250ms for response: cmd=LynxGetMotorEncoderPositionCommand mod=3 msg#=56
01-17 15:45:46.181 21905 22174 V RobotCore: nack rec'd mod=3 msg#=56 ref#=0 reason=ABANDONED_WAITING_FOR_RESPONSE:256
01-17 15:45:46.181 21905 22174 W LynxMotor: LynxGetMotorEncoderPositionCommand was abandoned waiting for response
01-17 15:45:46.512 21905 22174 V LynxModule: retransmitting: mod=3 cmd=0x1009 msg#=97 ref#=0 
01-17 15:45:46.614 21905 22174 V LynxModule: retransmitting: mod=3 cmd=0x1009 msg#=97 ref#=0 
01-17 15:45:46.661 21905 22174 V LynxModule: retransmitting: mod=3 cmd=0x1009 msg#=97 ref#=0 
01-17 15:45:46.663 21905 22174 V RobotCore: timeout: abandoning waiting 250ms for response: cmd=LynxGetMotorChannelModeCommand mod=3 msg#=97
01-17 15:45:46.663 21905 22174 V RobotCore: nack rec'd mod=3 msg#=97 ref#=0 reason=ABANDONED_WAITING_FOR_RESPONSE:256
01-17 15:45:46.664 21905 22174 W LynxMotor: LynxGetMotorChannelModeCommand was abandoned waiting for response
01-17 15:45:47.359 21905 22174 V LynxModule: retransmitting: mod=3 cmd=0x1016 msg#=205 ref#=0 
01-17 15:45:47.957 21905 22174 V LynxModule: retransmitting: mod=3 cmd=0x1016 msg#=41 ref#=0 
01-17 15:46:13.378 21905 22174 V LynxModule: retransmitting: mod=3 cmd=0x1016 msg#=129 ref#=0 
01-17 15:46:13.480 21905 22174 V LynxModule: retransmitting: mod=3 cmd=0x1016 msg#=129 ref#=0 
01-17 15:46:13.528 21905 22174 V LynxModule: retransmitting: mod=3 cmd=0x1016 msg#=129 ref#=0 
01-17 15:46:13.529 21905 22174 V RobotCore: timeout: abandoning waiting 250ms for response: cmd=LynxGetMotorEncoderPositionCommand mod=3 msg#=129
01-17 15:46:13.530 21905 22174 V RobotCore: nack rec'd mod=3 msg#=129 ref#=0 reason=ABANDONED_WAITING_FOR_RESPONSE:256
01-17 15:46:13.531 21905 22174 W LynxMotor: LynxGetMotorEncoderPositionCommand was abandoned waiting for response
01-17 15:46:13.556 21905 21905 I BatteryChecker: percent remaining: 100 is charging: false
01-17 15:46:13.650 21905 21905 I BatteryChecker: percent remaining: 100 is charging: false
01-17 15:46:13.948 21905 22174 V LynxModule: retransmitting: mod=3 cmd=0x1016 msg#=182 ref#=0 
01-17 15:46:14.050 21905 22174 V LynxModule: retransmitting: mod=3 cmd=0x1016 msg#=182 ref#=0 
01-17 15:46:14.099 21905 22174 V LynxModule: retransmitting: mod=3 cmd=0x1016 msg#=182 ref#=0 
01-17 15:46:14.101 21905 22174 V RobotCore: timeout: abandoning waiting 250ms for response: cmd=LynxGetMotorEncoderPositionCommand mod=3 msg#=182
01-17 15:46:14.101 21905 22174 V RobotCore: nack rec'd mod=3 msg#=182 ref#=0 reason=ABANDONED_WAITING_FOR_RESPONSE:256
01-17 15:46:14.102 21905 22174 W LynxMotor: LynxGetMotorEncoderPositionCommand was abandoned waiting for response
01-17 15:46:14.637 21905 22174 V LynxModule: retransmitting: mod=3 cmd=0x1016 msg#=248 ref#=0 
01-17 15:46:14.738 21905 22174 V LynxModule: retransmitting: mod=3 cmd=0x1016 msg#=248 ref#=0 
01-17 15:46:14.786 21905 22174 V LynxModule: retransmitting: mod=3 cmd=0x1016 msg#=248 ref#=0 
01-17 15:46:14.787 21905 22174 V RobotCore: timeout: abandoning waiting 250ms for response: cmd=LynxGetMotorEncoderPositionCommand mod=3 msg#=248
01-17 15:46:14.788 21905 22174 V RobotCore: nack rec'd mod=3 msg#=248 ref#=0 reason=ABANDONED_WAITING_FOR_RESPONSE:256
01-17 15:46:14.788 21905 22174 W LynxMotor: LynxGetMotorEncoderPositionCommand was abandoned waiting for response
01-17 15:46:14.980 21905 22174 V LynxModule: retransmitting: mod=3 cmd=0x1011 msg#=15 ref#=0 
01-17 15:46:15.081 21905 22174 V LynxModule: retransmitting: mod=3 cmd=0x1011 msg#=15 ref#=0 
01-17 15:46:15.129 21905 22174 V LynxModule: retransmitting: mod=3 cmd=0x1011 msg#=15 ref#=0 
01-17 15:46:15.132 21905 22174 V RobotCore: timeout: abandoning waiting 250ms for ack: cmd=LynxSetMotorTargetVelocityCommand mod=3 msg#=15
01-17 15:46:15.132 21905 22174 V RobotCore: nack rec'd mod=3 msg#=15 ref#=0 reason=ABANDONED_WAITING_FOR_ACK:257
01-17 15:46:15.133 21905 22174 W LynxMotor: LynxSetMotorTargetVelocityCommand was abandoned waiting for ack
01-17 15:46:15.565 21905 22174 V LynxModule: retransmitting: mod=3 cmd=0x1016 msg#=88 ref#=0 
01-17 15:46:15.668 21905 22174 V LynxModule: retransmitting: mod=3 cmd=0x1016 msg#=88 ref#=0 
01-17 15:46:15.715 21905 22174 V LynxModule: retransmitting: mod=3 cmd=0x1016 msg#=88 ref#=0 
01-17 15:46:15.716 21905 22174 V RobotCore: timeout: abandoning waiting 250ms for response: cmd=LynxGetMotorEncoderPositionCommand mod=3 msg#=88
01-17 15:46:15.716 21905 22174 V RobotCore: nack rec'd mod=3 msg#=88 ref#=0 reason=ABANDONED_WAITING_FOR_RESPONSE:256
01-17 15:46:15.719 21905 22174 W LynxMotor: LynxGetMotorEncoderPositionCommand was abandoned waiting for response
01-17 15:46:16.671 21905 22174 V LynxModule: retransmitting: mod=3 cmd=0x1016 msg#=244 ref#=0 
01-17 15:46:17.534 21905 22174 V LynxModule: retransmitting: mod=3 cmd=0x1016 msg#=148 ref#=0 
01-17 15:46:18.026 21905 22174 V LynxModule: retransmitting: mod=3 cmd=0x1016 msg#=209 ref#=0 
01-17 15:46:18.388 21905 22174 V LynxModule: retransmitting: mod=3 cmd=0x100a msg#=251 ref#=0 
01-17 15:46:18.490 21905 22174 V LynxModule: retransmitting: mod=3 cmd=0x100a msg#=251 ref#=0 
01-17 15:46:18.538 21905 22174 V LynxModule: retransmitting: mod=3 cmd=0x100a msg#=251 ref#=0 
01-17 15:46:18.540 21905 22174 V RobotCore: timeout: abandoning waiting 250ms for ack: cmd=LynxSetMotorChannelEnableCommand mod=3 msg#=251
01-17 15:46:18.541 21905 22174 V RobotCore: nack rec'd mod=3 msg#=251 ref#=0 reason=ABANDONED_WAITING_FOR_ACK:257
01-17 15:46:18.541 21905 22174 W LynxMotor: LynxSetMotorChannelEnableCommand was abandoned waiting for ack
01-17 15:46:18.877 21905 22174 V LynxModule: retransmitting: mod=3 cmd=0x1016 msg#=50 ref#=0 
01-17 15:46:19.407 21905 22174 V LynxModule: retransmitting: mod=3 cmd=0x1016 msg#=138 ref#=0 
01-17 15:46:19.931 21905 22174 V LynxModule: retransmitting: mod=3 cmd=0x1016 msg#=205 ref#=0 
01-17 15:46:20.034 21905 22174 V LynxModule: retransmitting: mod=3 cmd=0x1016 msg#=205 ref#=0 
01-17 15:46:20.081 21905 22174 V LynxModule: retransmitting: mod=3 cmd=0x1016 msg#=205 ref#=0 
01-17 15:46:20.082 21905 22174 V RobotCore: timeout: abandoning waiting 250ms for response: cmd=LynxGetMotorEncoderPositionCommand mod=3 msg#=205
01-17 15:46:20.082 21905 22174 V RobotCore: nack rec'd mod=3 msg#=205 ref#=0 reason=ABANDONED_WAITING_FOR_RESPONSE:256
01-17 15:46:20.083 21905 22174 W LynxMotor: LynxGetMotorEncoderPositionCommand was abandoned waiting for response
01-17 15:46:20.664 21905 22174 V LynxModule: retransmitting: mod=3 cmd=0x1016 msg#=36 ref#=0 
01-17 15:46:23.508 21905 22174 V LynxModule: retransmitting: mod=3 cmd=0x1016 msg#=40 ref#=0 
01-17 15:46:23.609 21905 22174 V LynxModule: retransmitting: mod=3 cmd=0x1016 msg#=40 ref#=0 
01-17 15:46:23.657 21905 22174 V LynxModule: retransmitting: mod=3 cmd=0x1016 msg#=40 ref#=0 
01-17 15:46:23.659 21905 22174 V RobotCore: timeout: abandoning waiting 250ms for response: cmd=LynxGetMotorEncoderPositionCommand mod=3 msg#=40
01-17 15:46:23.660 21905 22174 V RobotCore: nack rec'd mod=3 msg#=40 ref#=0 reason=ABANDONED_WAITING_FOR_RESPONSE:256
01-17 15:46:23.660 21905 22174 W LynxMotor: LynxGetMotorEncoderPositionCommand was abandoned waiting for response
01-17 15:46:23.799 21905 22174 V LynxModule: retransmitting: mod=3 cmd=0x1016 msg#=49 ref#=0 
01-17 15:46:24.111 21905 22174 V LynxModule: retransmitting: mod=3 cmd=0x1016 msg#=90 ref#=0 
01-17 15:46:26.029 21905 22174 V LynxModule: retransmitting: mod=3 cmd=0x1016 msg#=173 ref#=0 
01-17 15:46:26.131 21905 22174 V LynxModule: retransmitting: mod=3 cmd=0x1016 msg#=173 ref#=0 
01-17 15:46:26.179 21905 22174 V LynxModule: retransmitting: mod=3 cmd=0x1016 msg#=173 ref#=0 
01-17 15:46:26.181 21905 22174 V RobotCore: timeout: abandoning waiting 250ms for response: cmd=LynxGetMotorEncoderPositionCommand mod=3 msg#=173
01-17 15:46:26.181 21905 22174 V RobotCore: nack rec'd mod=3 msg#=173 ref#=0 reason=ABANDONED_WAITING_FOR_RESPONSE:256
01-17 15:46:26.181 21905 22174 W LynxMotor: LynxGetMotorEncoderPositionCommand was abandoned waiting for response
01-17 15:46:26.604 21905 22174 V LynxModule: retransmitting: mod=3 cmd=0x1007 msg#=227 ref#=0 
01-17 15:46:26.707 21905 22174 V LynxModule: retransmitting: mod=3 cmd=0x1007 msg#=227 ref#=0 
01-17 15:46:26.754 21905 22174 V LynxModule: retransmitting: mod=3 cmd=0x1007 msg#=227 ref#=0 
01-17 15:46:26.757 21905 22174 V RobotCore: timeout: abandoning waiting 250ms for response: cmd=LynxGetADCCommand mod=3 msg#=227
01-17 15:46:26.757 21905 22174 V RobotCore: nack rec'd mod=3 msg#=227 ref#=0 reason=ABANDONED_WAITING_FOR_RESPONSE:256
01-17 15:46:26.758 21905 22174 W LynxVoltageSensor: LynxGetADCCommand was abandoned waiting for response
01-17 15:46:26.930 21905 22174 V LynxModule: retransmitting: mod=3 cmd=0x1016 msg#=238 ref#=0 
01-17 15:46:29.786 21905 22174 V LynxModule: retransmitting: mod=3 cmd=0x1016 msg#=239 ref#=0 
01-17 15:46:29.889 21905 22174 V LynxModule: retransmitting: mod=3 cmd=0x1016 msg#=239 ref#=0 
01-17 15:46:29.936 21905 22174 V LynxModule: retransmitting: mod=3 cmd=0x1016 msg#=239 ref#=0 
01-17 15:46:29.937 21905 22174 V RobotCore: timeout: abandoning waiting 250ms for response: cmd=LynxGetMotorEncoderPositionCommand mod=3 msg#=239
01-17 15:46:29.937 21905 22174 V RobotCore: nack rec'd mod=3 msg#=239 ref#=0 reason=ABANDONED_WAITING_FOR_RESPONSE:256
01-17 15:46:29.938 21905 22174 W LynxMotor: LynxGetMotorEncoderPositionCommand was abandoned waiting for response
01-17 15:46:30.471 21905 22174 V LynxModule: retransmitting: mod=3 cmd=0x1016 msg#=77 ref#=0 
01-17 15:46:31.141 21905 22174 V LynxModule: retransmitting: mod=3 cmd=0x1016 msg#=187 ref#=0 
01-17 15:46:31.244 21905 22174 V LynxModule: retransmitting: mod=3 cmd=0x1016 msg#=187 ref#=0 
01-17 15:46:31.290 21905 22174 V LynxModule: retransmitting: mod=3 cmd=0x1016 msg#=187 ref#=0 
01-17 15:46:31.292 21905 22174 V RobotCore: timeout: abandoning waiting 250ms for response: cmd=LynxGetMotorEncoderPositionCommand mod=3 msg#=187
01-17 15:46:31.292 21905 22174 V RobotCore: nack rec'd mod=3 msg#=187 ref#=0 reason=ABANDONED_WAITING_FOR_RESPONSE:256
01-17 15:46:31.293 21905 22174 W LynxMotor: LynxGetMotorEncoderPositionCommand was abandoned waiting for response
01-17 15:46:32.740 21905 22174 V LynxModule: retransmitting: mod=3 cmd=0x1016 msg#=183 ref#=0 
01-17 15:46:32.843 21905 22174 V LynxModule: retransmitting: mod=3 cmd=0x1016 msg#=183 ref#=0 
01-17 15:46:32.890 21905 22174 V LynxModule: retransmitting: mod=3 cmd=0x1016 msg#=183 ref#=0 
01-17 15:46:32.891 21905 22174 V RobotCore: timeout: abandoning waiting 250ms for response: cmd=LynxGetMotorEncoderPositionCommand mod=3 msg#=183
01-17 15:46:32.891 21905 22174 V RobotCore: nack rec'd mod=3 msg#=183 ref#=0 reason=ABANDONED_WAITING_FOR_RESPONSE:256
01-17 15:46:32.892 21905 22174 W LynxMotor: LynxGetMotorEncoderPositionCommand was abandoned waiting for response
01-17 15:46:33.695 21905 22174 V LynxModule: retransmitting: mod=3 cmd=0x1016 msg#=55 ref#=0 
01-17 15:46:33.926 21905 22174 V LynxModule: retransmitting: mod=3 cmd=0x1016 msg#=81 ref#=0 
01-17 15:46:35.394 21905 22174 V LynxModule: retransmitting: mod=3 cmd=0x1021 msg#=79 ref#=0 
01-17 15:46:35.496 21905 22174 V LynxModule: retransmitting: mod=3 cmd=0x1021 msg#=79 ref#=0 
01-17 15:46:35.543 21905 22174 V LynxModule: retransmitting: mod=3 cmd=0x1021 msg#=79 ref#=0 
01-17 15:46:35.546 21905 22174 V RobotCore: timeout: abandoning waiting 250ms for ack: cmd=LynxSetServoPulseWidthCommand mod=3 msg#=79
01-17 15:46:35.546 21905 22174 V RobotCore: nack rec'd mod=3 msg#=79 ref#=0 reason=ABANDONED_WAITING_FOR_ACK:257
01-17 15:46:35.547 21905 22174 W LynxServoController: LynxSetServoPulseWidthCommand was abandoned waiting for ack
01-17 15:46:44.783 21905 22168 E BulkPacketInWorker: DQ16V4CE: bulkTransfer() error: -1
01-17 15:46:44.785 21905 21905 V FtDeviceManager: ACTION_USB_DEVICE_DETACHED: /dev/bus/usb/001/002
01-17 15:46:44.785 21905 21905 V FtDevice: vv********************DQ16V4CE closing********************vv 0x02b0695e
01-17 15:46:44.785 21905 21905 V FtDevice: DQ16V4CE stopping thread readBufferManager
01-17 15:46:44.785 21905 22169 V FtDevice: DQ16V4CE thread readBufferManager is stopped
01-17 15:46:44.786 21905 21905 V FtDevice: DQ16V4CE stopping thread bulkPacketInWorker
01-17 15:46:44.786 21905 22168 V FtDevice: DQ16V4CE thread bulkPacketInWorker is stopped
01-17 15:46:44.786 21905 21905 V MonitoredUsbDeviceConnection: closing UsbDeviceConnection(DQ16V4CE)
01-17 15:46:44.786 21905 21905 D UsbDeviceConnectionJNI: close
01-17 15:46:44.787 21905 22171 V LynxUsb : device closed in incoming datagram loop
01-17 15:46:44.787 21905 22091 V RobotCore: event loop: device has shutdown abnormally: ABNORMAL
01-17 15:46:44.787 21905 22171 V RobotUsbDeviceFtdi: closing DQ16V4CE
01-17 15:46:44.788 21905 22091 V EventLoopManager: event loop: detaching device DQ16V4CE
01-17 15:46:44.788 21905 22091 I FtcEventLoop: vv===== MODULE DETACH RECOVERY: disarm REV Robotics USB Expansion Hub Portal [DQ16V4CE]=====vv
01-17 15:46:44.785 22171 22171 W com.qualcomm.ftcrobotcontroller: type=1400 audit(0.0:14541): avc: denied { search } for uid=10133 comm=6C796E7820696E636F6D696E672064 name="usb" dev="tmpfs" ino=9406 scontext=u:r:untrusted_app:s0:c512,c768 tcontext=u:object_r:usb_device:s0 tclass=dir permissive=0
01-17 15:46:44.788 21905 21905 V FtDevice: ^^********************DQ16V4CE closed ********************^^
01-17 15:46:44.789 21905 22170 V ThreadPool: container(0x01ebb13f: WatchdogMonitor) removed id=1861 TID=22170 count=1
01-17 15:46:44.790 21905 22171 V RobotCore: thread: ...terminating 'lynx incoming datagrams'
01-17 15:46:44.790 21905 22091 V LynxUsb : disarmDevice() serial=DQ16V4CE...
01-17 15:46:44.790 21905 22086 D RobotCore: system telemetry: key=$System$Warning$ msg="REV Robotics USB Expansion Hub Portal [DQ16V4CE] detached"
01-17 15:46:44.791 21905 22091 V LynxUsb : shutting down incoming datagrams
01-17 15:46:44.791 21905 22091 V ThreadPool: waiting for service Lynx incoming datagram poller
01-17 15:46:44.792 21905 22091 V ThreadPool: awaitTermination returned, isTerminated=true
01-17 15:46:44.792 21905 22171 V ThreadPool: container(0x0e05af55: lynx dg poller) removed id=1862 TID=22171 count=1
01-17 15:46:44.792 21905 22091 V ThreadPool: executive service Lynx incoming datagram poller(0x0e05af55) is terminated
01-17 15:46:44.792 21905 22091 V RobotUsbDeviceFtdi: closing DQ16V4CE
01-17 15:46:44.792 21905 22091 V LynxUsb : ...done disarmDevice()
01-17 15:46:44.793 21905 22091 I FtcEventLoop: ======= MODULE DETACH RECOVERY: pretend REV Robotics USB Expansion Hub Portal [DQ16V4CE]=======
01-17 15:46:44.793 21905 22091 V LynxUsb : doPretend() serial=DQ16V4CE
01-17 15:46:44.794 21905 22091 I FtcEventLoop: ^^===== MODULE DETACH RECOVERY: complete REV Robotics USB Expansion Hub Portal [DQ16V4CE]=====^^
01-17 15:46:44.936 21905 21905 I BatteryChecker: percent remaining: 100 is charging: false
01-17 15:46:53.894 21905 21905 I BatteryChecker: percent remaining: 100 is charging: false
01-17 15:46:54.005 21905 21905 I BatteryChecker: percent remaining: 100 is charging: false
01-17 15:46:54.108 21905 21905 I BatteryChecker: percent remaining: 100 is charging: true
01-17 15:46:54.134 21905 21905 I BatteryChecker: percent remaining: 100 is charging: true
01-17 15:46:54.213 21905 21905 I BatteryChecker: percent remaining: 100 is charging: true
01-17 15:47:54.113 21905 21905 I BatteryChecker: percent remaining: 100 is charging: true
01-17 15:47:54.334 21905 21905 I BatteryChecker: percent remaining: 100 is charging: true
01-17 15:48:04.195 21905 22174 I RobotCore: robot battery read duration: n=10, mean=3.511ms sd=0.712ms
01-17 15:48:07.334 21905 21905 I BatteryChecker: percent remaining: 100 is charging: true
--------- beginning of main
01-17 15:35:12.526 20316 20316 I chatty  : uid=10133 expire 107 lines
01-17 15:35:12.618 20316 20342 I chatty  : uid=10133 expire 2 lines
01-17 15:35:12.664 20316 20346 I chatty  : uid=10133 expire 14 lines
01-17 15:35:12.678 20344 20344 I chatty  : uid=10133 ps expire 39 lines
01-17 15:35:15.142 20316 20458 I chatty  : uid=10133 expire 2 lines
01-17 15:35:15.336 20316 20462 I chatty  : uid=10133 expire 130 lines
01-17 15:35:20.343 20316 20476 I chatty  : uid=10133 expire 7 lines
01-17 15:35:20.381 20316 20479 I chatty  : uid=10133 expire 14 lines
01-17 15:35:20.452 20316 20484 I chatty  : uid=10133 expire 5 lines
01-17 15:35:20.465 20316 20483 I chatty  : uid=10133 expire 6 lines
01-17 15:35:20.502 20316 20481 I chatty  : uid=10133 expire 21 lines
01-17 15:35:20.504 20316 20488 I chatty  : uid=10133 expire 9 lines
01-17 15:35:20.580 20316 20495 I chatty  : uid=10133 expire 9 lines
01-17 15:35:21.036 20316 20499 I chatty  : uid=10133 expire 10 lines
01-17 15:35:21.132 20316 20478 I chatty  : uid=10133 expire 1 line
01-17 15:35:21.585 20316 20505 I chatty  : uid=10133 expire 9 lines
01-17 15:36:08.450 20721 20721 I chatty  : uid=10133 expire 99 lines
01-17 15:36:08.556 20721 20736 I chatty  : uid=10133 expire 2 lines
01-17 15:36:08.608 20738 20738 I chatty  : uid=10133 ps expire 20 lines
01-17 15:36:08.634 20721 20753 I chatty  : uid=10133 expire 11 lines
01-17 15:36:11.100 20721 20865 I chatty  : uid=10133 expire 2 lines
01-17 15:36:11.303 20721 20870 I chatty  : uid=10133 expire 3 lines
01-17 15:36:42.303 21080 21080 I chatty  : uid=10133 expire 99 lines
01-17 15:36:42.377 21080 21094 I chatty  : uid=10133 expire 2 lines
01-17 15:36:42.421 21096 21096 I chatty  : uid=10133 ps expire 20 lines
01-17 15:36:42.506 21080 21102 I chatty  : uid=10133 expire 14 lines
01-17 15:36:43.712 21080 21090 I chatty  : uid=10133 expire 2 lines
01-17 15:36:45.006 21080 21227 I chatty  : uid=10133 expire 2 lines
01-17 15:36:45.224 21080 21232 I chatty  : uid=10133 expire 19 lines
01-17 15:36:50.233 21080 21246 I chatty  : uid=10133 expire 1 line
01-17 15:36:50.240 21080 21232 I chatty  : uid=10133 expire 5 lines
01-17 15:36:50.256 21080 21080 I chatty  : uid=10133 expire 1 line
01-17 15:36:50.258 21080 21232 I chatty  : uid=10133 expire 14 lines
01-17 15:36:50.276 21080 21246 I chatty  : uid=10133 expire 6 lines
01-17 15:36:50.282 21080 21249 I chatty  : uid=10133 expire 1 line
01-17 15:36:50.306 21080 21232 I chatty  : uid=10133 expire 3 lines
01-17 15:36:50.306 21080 21080 I chatty  : uid=10133 expire 1 line
01-17 15:36:50.310 21080 21232 I chatty  : uid=10133 expire 89 lines
01-17 15:36:50.348 21080 21254 I chatty  : uid=10133 expire 17 lines
01-17 15:36:50.360 21080 21253 I chatty  : uid=10133 expire 6 lines
