01-17 15:41:03.318 21080 21253 W AudioTrack: AUDIO_OUTPUT_FLAG_FAST denied by client; transfer 4, track 44100 Hz, output 48000 Hz
01-17 15:41:03.760 21080 21254 I RobotCore: Attempting to switch to op mode $Stop$Robot$
01-17 15:41:03.774 21080 21269 V Robocol : sending CMD_NOTIFY_INIT_OP_MODE(3700), attempt: 0
01-17 15:41:03.811 21080 21249 V Robocol : received command: CMD_RUN_OP_MODE(13453) $Stop$Robot$
01-17 15:41:03.813 21080 21248 I BatteryChecker: percent remaining: 100 is charging: true
01-17 15:41:03.840 21080 21249 V Robocol : resetting peerDisconnected()
01-17 15:41:03.854 21080 21269 V Robocol : sending CMD_NOTIFY_RUN_OP_MODE(3705), attempt: 0
01-17 15:41:03.872 21080 21249 V NetDiscover_prefremrc: sendAllPreferences()
01-17 15:41:03.872 21080 21249 V NetDiscover_prefremrc: sending RC pref name=pref_wifip2p_remote_channel_change_works value=true
01-17 15:41:03.872 21080 21249 V NetDiscover_prefremrc: sending RC pref name=pref_device_name value=12611-RC
01-17 15:41:03.872 21080 21249 V NetDiscover_prefremrc: sending RC pref name=pref_has_independent_phone_battery value=true
01-17 15:41:03.873 21080 21249 V NetDiscover_prefremrc: sending RC pref name=pref_app_theme value=teal
01-17 15:41:03.873 21080 21249 V NetDiscover_prefremrc: sending RC pref name=pref_sound_on_off value=false
01-17 15:41:03.873 21080 21249 V RobotCore: Network: active, connected
01-17 15:41:03.894 21080 21269 V Robocol : sending CMD_NOTIFY_USER_DEVICE_LIST(3706), attempt: 0
01-17 15:41:03.896 21080 21269 V Robocol : sending CMD_ROBOT_CONTROLLER_PREFERENCE(3707), attempt: 0
01-17 15:41:03.897 21080 21269 V Robocol : sending CMD_ROBOT_CONTROLLER_PREFERENCE(3708), attempt: 0
01-17 15:41:03.897 21080 21269 V Robocol : sending CMD_ROBOT_CONTROLLER_PREFERENCE(3709), attempt: 0
01-17 15:41:03.898 21080 21269 V Robocol : sending CMD_ROBOT_CONTROLLER_PREFERENCE(3710), attempt: 0
01-17 15:41:03.898 21080 21269 V Robocol : sending CMD_ROBOT_CONTROLLER_PREFERENCE(3711), attempt: 0
01-17 15:41:19.829 21080 21080 I BatteryChecker: percent remaining: 100 is charging: true
01-17 15:41:20.103 21080 21080 I BatteryChecker: percent remaining: 100 is charging: true
01-17 15:41:54.242 21905 21905 I art     : Late-enabling -Xcheck:jni
01-17 15:41:54.368 21905 21905 V AppUtil : initializing: getExternalStorageDirectory()=/storage/emulated/0
01-17 15:41:54.374 21905 21919 V RobotCore: saving logcat to /storage/emulated/0/robotControllerLog.txt
01-17 15:41:54.374 21905 21919 V RobotCore: logging command line: logcat -f /storage/emulated/0/robotControllerLog.txt -r4096 -n4 -v threadtime UsbRequestJNI:S UsbRequest:S *:V
01-17 15:41:54.375 21905 21905 V ServiceStarter: attempting to start service MediaTransferProtocolMonitorService
01-17 15:41:54.388 21905 21905 V ServiceStarter: started service MediaTransferProtocolMonitorService
01-17 15:41:54.389 21905 21905 V ServiceStarter: attempting to start service OnBotJavaService
01-17 15:41:54.391 21905 21905 V ServiceStarter: started service OnBotJavaService
01-17 15:41:54.401 21905 21905 V AppUtil : rootActivity=FtcRobotControllerActivity
01-17 15:41:54.401 21905 21905 V RCActivity: onCreate()
01-17 15:41:54.420 21905 21905 V ThreadPool: container(0x03a29453: CallbackLooper) added id=1811 TID=0 count=1
01-17 15:41:54.421 21921 21921 W ps      : type=1400 audit(0.0:13703): avc: denied { getattr } for uid=10133 path="/proc/1" dev="proc" ino=128760 scontext=u:r:untrusted_app:s0:c512,c768 tcontext=u:r:init:s0 tclass=dir permissive=0
01-17 15:41:54.421 21921 21921 W ps      : type=1400 audit(0.0:13704): avc: denied { search } for uid=10133 name="1" dev="proc" ino=128760 scontext=u:r:untrusted_app:s0:c512,c768 tcontext=u:r:init:s0 tclass=dir permissive=0
01-17 15:41:54.421 21921 21921 W ps      : type=1400 audit(0.0:13705): avc: denied { search } for uid=10133 name="1" dev="proc" ino=128760 scontext=u:r:untrusted_app:s0:c512,c768 tcontext=u:r:init:s0 tclass=dir permissive=0
01-17 15:41:54.421 21921 21921 W ps      : type=1400 audit(0.0:13706): avc: denied { getattr } for uid=10133 path="/proc/2" dev="proc" ino=128761 scontext=u:r:untrusted_app:s0:c512,c768 tcontext=u:r:kernel:s0 tclass=dir permissive=0
01-17 15:41:54.421 21921 21921 W ps      : type=1400 audit(0.0:13707): avc: denied { search } for uid=10133 name="2" dev="proc" ino=128761 scontext=u:r:untrusted_app:s0:c512,c768 tcontext=u:r:kernel:s0 tclass=dir permissive=0
01-17 15:41:54.421 21921 21921 W ps      : type=1400 audit(0.0:13708): avc: denied { search } for uid=10133 name="2" dev="proc" ino=128761 scontext=u:r:untrusted_app:s0:c512,c768 tcontext=u:r:kernel:s0 tclass=dir permissive=0
01-17 15:41:54.421 21921 21921 W ps      : type=1400 audit(0.0:13709): avc: denied { getattr } for uid=10133 path="/proc/3" dev="proc" ino=128762 scontext=u:r:untrusted_app:s0:c512,c768 tcontext=u:r:kernel:s0 tclass=dir permissive=0
01-17 15:41:54.421 21921 21921 W ps      : type=1400 audit(0.0:13710): avc: denied { search } for uid=10133 name="3" dev="proc" ino=128762 scontext=u:r:untrusted_app:s0:c512,c768 tcontext=u:r:kernel:s0 tclass=dir permissive=0
01-17 15:41:54.421 21921 21921 W ps      : type=1400 audit(0.0:13711): avc: denied { search } for uid=10133 name="3" dev="proc" ino=128762 scontext=u:r:untrusted_app:s0:c512,c768 tcontext=u:r:kernel:s0 tclass=dir permissive=0
01-17 15:41:54.421 21921 21921 W ps      : type=1400 audit(0.0:13712): avc: denied { getattr } for uid=10133 path="/proc/5" dev="proc" ino=128763 scontext=u:r:untrusted_app:s0:c512,c768 tcontext=u:r:kernel:s0 tclass=dir permissive=0
01-17 15:41:54.421 21921 21921 W ps      : type=1400 audit(0.0:13713): avc: denied { search } for uid=10133 name="5" dev="proc" ino=128763 scontext=u:r:untrusted_app:s0:c512,c768 tcontext=u:r:kernel:s0 tclass=dir permissive=0
01-17 15:41:54.421 21921 21921 W ps      : type=1400 audit(0.0:13714): avc: denied { search } for uid=10133 name="5" dev="proc" ino=128763 scontext=u:r:untrusted_app:s0:c512,c768 tcontext=u:r:kernel:s0 tclass=dir permissive=0
01-17 15:41:54.421 21921 21921 W ps      : type=1400 audit(0.0:13715): avc: denied { getattr } for uid=10133 path="/proc/6" dev="proc" ino=128764 scontext=u:r:untrusted_app:s0:c512,c768 tcontext=u:r:kernel:s0 tclass=dir permissive=0
01-17 15:41:54.421 21921 21921 W ps      : type=1400 audit(0.0:13716): avc: denied { search } for uid=10133 name="6" dev="proc" ino=128764 scontext=u:r:untrusted_app:s0:c512,c768 tcontext=u:r:kernel:s0 tclass=dir permissive=0
01-17 15:41:54.421 21921 21921 W ps      : type=1400 audit(0.0:13717): avc: denied { search } for uid=10133 name="6" dev="proc" ino=128764 scontext=u:r:untrusted_app:s0:c512,c768 tcontext=u:r:kernel:s0 tclass=dir permissive=0
01-17 15:41:54.421 21921 21921 W ps      : type=1400 audit(0.0:13718): avc: denied { getattr } for uid=10133 path="/proc/7" dev="proc" ino=128765 scontext=u:r:untrusted_app:s0:c512,c768 tcontext=u:r:kernel:s0 tclass=dir permissive=0
01-17 15:41:54.421 21921 21921 W ps      : type=1400 audit(0.0:13719): avc: denied { search } for uid=10133 name="7" dev="proc" ino=128765 scontext=u:r:untrusted_app:s0:c512,c768 tcontext=u:r:kernel:s0 tclass=dir permissive=0
01-17 15:41:54.421 21921 21921 W ps      : type=1400 audit(0.0:13720): avc: denied { search } for uid=10133 name="7" dev="proc" ino=128765 scontext=u:r:untrusted_app:s0:c512,c768 tcontext=u:r:kernel:s0 tclass=dir permissive=0
01-17 15:41:54.421 21921 21921 W ps      : type=1400 audit(0.0:13721): avc: denied { getattr } for uid=10133 path="/proc/8" dev="proc" ino=128766 scontext=u:r:untrusted_app:s0:c512,c768 tcontext=u:r:kernel:s0 tclass=dir permissive=0
01-17 15:41:54.424 21905 21925 V CallbackLooper: thread=1811
01-17 15:41:54.425 21921 21921 W ps      : type=1400 audit(0.0:13722): avc: denied { search } for uid=10133 name="8" dev="proc" ino=128766 scontext=u:r:untrusted_app:s0:c512,c768 tcontext=u:r:kernel:s0 tclass=dir permissive=0
01-17 15:41:54.431 21905 21905 V NetDiscover_wifiDirectAgent: doStart()...
01-17 15:41:54.436 21905 21925 V NetDiscover_wifiDirectAgent_bcast: wifiP2pEnabled=true
01-17 15:41:54.438 21905 21905 V NetDiscover_wifiDirectAgent: ...doStart()
01-17 15:41:54.439 21905 21905 V NetDiscover_name: doStart()...
01-17 15:41:54.439 21905 21905 V NetDiscover_name: ...doStart()
01-17 15:41:54.441 21905 21905 V NetDiscover_prefremrc: ----- all preferences -----
01-17 15:41:54.441 21905 21905 V NetDiscover_prefremrc: name='pref_wifip2p_remote_channel_change_works' value=true
01-17 15:41:54.441 21905 21905 V NetDiscover_prefremrc: name='pref_device_name' value=12611-RC
01-17 15:41:54.442 21905 21905 V NetDiscover_prefremrc: name='pref_hardware_config_filename' value={"isDirty":false,"location":"LOCAL_STORAGE","name":"Robot #2","resourceId":0}
01-17 15:41:54.442 21905 21905 V NetDiscover_prefremrc: name='pref_wifip2p_groupowner_connectedto' value=
01-17 15:41:54.442 21905 21905 V NetDiscover_prefremrc: name='pref_device_name_old' value=12611-RC
01-17 15:41:54.442 21905 21905 V NetDiscover_prefremrc: name='pref_network_connection_type' value=WIFIDIRECT
01-17 15:41:54.442 21905 21905 V NetDiscover_prefremrc: name='pref_device_name_tracking' value=WIFIDIRECT
01-17 15:41:54.442 21905 21905 V NetDiscover_prefremrc: name='pref_has_independent_phone_battery' value=true
01-17 15:41:54.442 21905 21905 V NetDiscover_prefremrc: name='pref_app_theme' value=teal
01-17 15:41:54.442 21905 21905 V NetDiscover_prefremrc: name='pref_sound_on_off' value=false
01-17 15:41:54.442 21905 21905 V NetDiscover_prefremrc: name='pref_rc_connected' value=true
01-17 15:41:54.442 21905 21905 V NetDiscover_prefremrc: doStart()...
01-17 15:41:54.442 21905 21905 V NetDiscover_prefremrc: ...doStart()
01-17 15:41:54.446 21905 21925 D NetDiscover_wifiDirectAgent_bcast: connection changed: networkInfo.state=CONNECTED
01-17 15:41:54.446 21905 21925 V NetDiscover_wifiDirectAgent_bcast: NetworkInfo: [type: WIFI_P2P[], state: CONNECTED/CONNECTED, reason: (unspecified), extra: (none), roaming: false, failover: false, isAvailable: true]
01-17 15:41:54.447 21905 21925 V NetDiscover_wifiDirectAgent_bcast: WifiP2pInfo: groupFormed: true isGroupOwner: true operatingChannel: 2412 groupOwnerAddress: /192.168.49.1 mccMode: false
01-17 15:41:54.452 21905 21925 V NetDiscover_wifiDirectAgent_bcast: WifiP2pGroup: network: DIRECT-yh-12611-RC, isGO: true, Operating Channel: 2412, GO: Device: , deviceAddress: 80:58:f8:58:99:a3, primary type: null, secondary type: null, wps: 0, grpcapab: 0, devcapab: 0, status: 4, wfdInfo: WFD enabled: falseWFD DeviceInfo: 0, WFD CtrlPort: 0, WFD MaxThroughput: 0, level: 0, Client: Device: 12611-DS, deviceAddress: f4:f5:24:ca:98:2a, primary type: 10-0050F204-5, secondary type: null, wps: 392, grpcapab: 0, devcapab: 37, status: 0, wfdInfo: null, level: 60, interface: p2p0, networkId: 0, mGoOperFreq: 2412
01-17 15:41:54.453 21905 21925 V NetDiscover_wifiDirectAgent_bcast: this device changed: Device=12611-RC deviceAddress=80:58:f8:58:99:a3 primary type=10-0050F204-5 secondary type=null wps=0 grpcapab=0 devcapab=0 status=0 wfdInfo=WFD enabled=falseWFD DeviceInfo=0 WFD CtrlPort=0 WFD MaxThroughput=0 level=0
01-17 15:41:54.453 21905 21925 V NetDiscover_name: remembering wifiDirectName: 12611-RC...
01-17 15:41:54.453 21905 21925 V NetDiscover_name: wifiDirectName=12611-RC
01-17 15:41:54.454 21905 21925 V NetDiscover_name: ...remembering wifiDirectName
01-17 15:41:54.454 21905 21925 V NetDiscover_wifiDirectAgent_bcast: p2p discoverPeers()=false
01-17 15:41:54.454 21905 21925 V NetDiscover_wifiDirectAgent_bcast: wifi direct remembered groups cleared
01-17 15:41:54.473 21905 21925 V NetDiscover_wifiDirectAgent_bcast: wifiState=ENABLED
01-17 15:41:54.473 21905 21925 V NetDiscover_wifiDirectAgent: found persistent group: DIRECT-yh-12611-RC
01-17 15:41:54.498 21905 21905 I WebViewFactory: Loading com.google.android.webview version 61.0.3163.98 (code 316309800)
01-17 15:41:54.425 21921 21921 W ps      : type=1400 audit(0.0:13723): avc: denied { search } for uid=10133 name="8" dev="proc" ino=128766 scontext=u:r:untrusted_app:s0:c512,c768 tcontext=u:r:kernel:s0 tclass=dir permissive=0
01-17 15:41:54.425 21921 21921 W ps      : type=1400 audit(0.0:13724): avc: denied { getattr } for uid=10133 path="/proc/9" dev="proc" ino=128767 scontext=u:r:untrusted_app:s0:c512,c768 tcontext=u:r:kernel:s0 tclass=dir permissive=0
01-17 15:41:54.425 21921 21921 W ps      : type=1400 audit(0.0:13725): avc: denied { search } for uid=10133 name="9" dev="proc" ino=128767 scontext=u:r:untrusted_app:s0:c512,c768 tcontext=u:r:kernel:s0 tclass=dir permissive=0
01-17 15:41:54.425 21921 21921 W ps      : type=1400 audit(0.0:13726): avc: denied { search } for uid=10133 name="9" dev="proc" ino=128767 scontext=u:r:untrusted_app:s0:c512,c768 tcontext=u:r:kernel:s0 tclass=dir permissive=0
01-17 15:41:54.425 21921 21921 W ps      : type=1400 audit(0.0:13727): avc: denied { getattr } for uid=10133 path="/proc/10" dev="proc" ino=128768 scontext=u:r:untrusted_app:s0:c512,c768 tcontext=u:r:kernel:s0 tclass=dir permissive=0
01-17 15:41:54.425 21921 21921 W ps      : type=1400 audit(0.0:13728): avc: denied { search } for uid=10133 name="10" dev="proc" ino=128768 scontext=u:r:untrusted_app:s0:c512,c768 tcontext=u:r:kernel:s0 tclass=dir permissive=0
01-17 15:41:54.425 21921 21921 W ps      : type=1400 audit(0.0:13729): avc: denied { search } for uid=10133 name="10" dev="proc" ino=128768 scontext=u:r:untrusted_app:s0:c512,c768 tcontext=u:r:kernel:s0 tclass=dir permissive=0
01-17 15:41:54.425 21921 21921 W ps      : type=1400 audit(0.0:13730): avc: denied { getattr } for uid=10133 path="/proc/11" dev="proc" ino=128769 scontext=u:r:untrusted_app:s0:c512,c768 tcontext=u:r:kernel:s0 tclass=dir permissive=0
01-17 15:41:54.425 21921 21921 W ps      : type=1400 audit(0.0:13731): avc: denied { search } for uid=10133 name="11" dev="proc" ino=128769 scontext=u:r:untrusted_app:s0:c512,c768 tcontext=u:r:kernel:s0 tclass=dir permissive=0
01-17 15:41:54.425 21921 21921 W ps      : type=1400 audit(0.0:13732): avc: denied { search } for uid=10133 name="11" dev="proc" ino=128769 scontext=u:r:untrusted_app:s0:c512,c768 tcontext=u:r:kernel:s0 tclass=dir permissive=0
01-17 15:41:54.425 21921 21921 W ps      : type=1400 audit(0.0:13733): avc: denied { getattr } for uid=10133 path="/proc/12" dev="proc" ino=128770 scontext=u:r:untrusted_app:s0:c512,c768 tcontext=u:r:kernel:s0 tclass=dir permissive=0
01-17 15:41:54.425 21921 21921 W ps      : type=1400 audit(0.0:13734): avc: denied { search } for uid=10133 name="12" dev="proc" ino=128770 scontext=u:r:untrusted_app:s0:c512,c768 tcontext=u:r:kernel:s0 tclass=dir permissive=0
01-17 15:41:54.425 21921 21921 W ps      : type=1400 audit(0.0:13735): avc: denied { search } for uid=10133 name="12" dev="proc" ino=128770 scontext=u:r:untrusted_app:s0:c512,c768 tcontext=u:r:kernel:s0 tclass=dir permissive=0
01-17 15:41:54.425 21921 21921 W ps      : type=1400 audit(0.0:13736): avc: denied { getattr } for uid=10133 path="/proc/14" dev="proc" ino=128771 scontext=u:r:untrusted_app:s0:c512,c768 tcontext=u:r:kernel:s0 tclass=dir permissive=0
01-17 15:41:54.425 21921 21921 W ps      : type=1400 audit(0.0:13737): avc: denied { search } for uid=10133 name="14" dev="proc" ino=128771 scontext=u:r:untrusted_app:s0:c512,c768 tcontext=u:r:kernel:s0 tclass=dir permissive=0
01-17 15:41:54.425 21921 21921 W ps      : type=1400 audit(0.0:13738): avc: denied { search } for uid=10133 name="14" dev="proc" ino=128771 scontext=u:r:untrusted_app:s0:c512,c768 tcontext=u:r:kernel:s0 tclass=dir permissive=0
01-17 15:41:54.425 21921 21921 W ps      : type=1400 audit(0.0:13739): avc: denied { getattr } for uid=10133 path="/proc/15" dev="proc" ino=128772 scontext=u:r:untrusted_app:s0:c512,c768 tcontext=u:r:kernel:s0 tclass=dir permissive=0
01-17 15:41:54.572 21905 21905 I art     : Rejecting re-init on previously-failed class java.lang.Class<com.android.webview.chromium.TokenBindingManagerAdapter>
01-17 15:41:54.572 21905 21905 I art     : Rejecting re-init on previously-failed class java.lang.Class<com.android.webview.chromium.TokenBindingManagerAdapter>
01-17 15:41:54.425 21921 21921 W ps      : type=1400 audit(0.0:13740): avc: denied { search } for uid=10133 name="15" dev="proc" ino=128772 scontext=u:r:untrusted_app:s0:c512,c768 tcontext=u:r:kernel:s0 tclass=dir permissive=0
01-17 15:41:54.425 21921 21921 W ps      : type=1400 audit(0.0:13741): avc: denied { search } for uid=10133 name="15" dev="proc" ino=128772 scontext=u:r:untrusted_app:s0:c512,c768 tcontext=u:r:kernel:s0 tclass=dir permissive=0
01-17 15:41:54.585 21905 21905 I art     : Rejecting re-init on previously-failed class java.lang.Class<com.android.webview.chromium.ServiceWorkerControllerAdapter>
01-17 15:41:54.585 21905 21905 I art     : Rejecting re-init on previously-failed class java.lang.Class<com.android.webview.chromium.ServiceWorkerControllerAdapter>
01-17 15:41:54.592 21905 21905 I cr_LibraryLoader: Time to load native libraries: 1 ms (timestamps 8681-8682)
01-17 15:41:54.634 21905 21905 I chromium: [INFO:library_loader_hooks.cc(136)] Chromium logging enabled: level = 0, default verbosity = 0
01-17 15:41:54.634 21905 21905 I cr_LibraryLoader: Expected native library version number "61.0.3163.98", actual native library version number "61.0.3163.98"
01-17 15:41:54.694 21905 21905 I cr_BrowserStartup: Initializing chromium process, singleProcess=true
01-17 15:41:54.740 21905 21905 I Adreno-EGL: <qeglDrvAPI_eglInitialize:379>: EGL 1.4 QUALCOMM build:  (Ifd751822f5)
01-17 15:41:54.740 21905 21905 I Adreno-EGL: OpenGL ES Shader Compiler Version: XE031.06.00.05
01-17 15:41:54.740 21905 21905 I Adreno-EGL: Build Date: 01/26/16 Tue
01-17 15:41:54.740 21905 21905 I Adreno-EGL: Local Branch: AU12_SBA
01-17 15:41:54.740 21905 21905 I Adreno-EGL: Remote Branch: 
01-17 15:41:54.740 21905 21905 I Adreno-EGL: Local Patches: 
01-17 15:41:54.740 21905 21905 I Adreno-EGL: Reconstruct Branch: 
01-17 15:41:54.922 21905 21905 V OnBotJava: OnBotJavaManager::static
01-17 15:41:54.997 21905 21905 V OnBotJava: getCurrentOutputJarDir() unavailable
01-17 15:41:54.997 21905 21905 V OnBotJava: getCurrentOutputJarDir() unavailable
01-17 15:41:57.008 21905 21905 V RobotCore: Network: inactive, disconnected
01-17 15:41:57.009 21905 21905 V ServiceStarter: attempting to start service FtcRobotControllerWatchdogService
01-17 15:41:57.011 21905 21905 V ServiceStarter: started service FtcRobotControllerWatchdogService
01-17 15:41:57.018 21905 21905 V RobotCore: BuildConfig: versionCode=25 versionName=3.5 module=com.qualcomm.ftcrobotcontroller
01-17 15:41:57.018 21905 21905 V RobotCore: BuildConfig: versionCode=37 versionName=5.15 module=com.qualcomm.robotcore
01-17 15:41:57.018 21905 21905 V RobotCore: BuildConfig: versionCode=37 versionName=5.15 module=com.qualcomm.hardware
01-17 15:41:57.018 21905 21905 V RobotCore: BuildConfig: versionCode=37 versionName=5.15 module=com.qualcomm.ftccommon
01-17 15:41:57.018 21905 21905 V RobotCore: BuildConfig: versionCode=37 versionName=5.15 module=com.google.blocks
01-17 15:41:57.018 21905 21905 V RobotCore: BuildConfig: versionCode=37 versionName=5.15 module=org.firstinspires.inspection
01-17 15:41:57.019 21905 21905 V RCActivity: onStart()
01-17 15:41:57.020 21905 21905 V RCActivity: onResume()
01-17 15:41:57.029 21905 22022 D OpenGLRenderer: Use EGL_SWAP_BEHAVIOR_PRESERVED: true
01-17 15:41:57.078 21905 21905 V MTPMonitorService: onCreate()
01-17 15:41:57.079 21905 21905 V MTPMonitorService: onStartCommand() intent=Intent { cmp=com.qualcomm.ftcrobotcontroller/org.firstinspires.ftc.robotcore.internal.files.MediaTransferProtocolMonitorService } flags=0x0 startId=1
01-17 15:41:57.079 21905 21905 V ThreadPool: container(0x01b51af0: MTPMonitor) added id=1829 TID=0 count=1
01-17 15:41:57.080 21905 21905 V MTPMonitor: observing: /storage/emulated/0
01-17 15:41:57.082 21905 21905 W FileObserverManager: upgrading mask: path=/storage/emulated/0/FIRST/blocks old=0x00000ffc new=0x00004ffc: might possibly miss event
01-17 15:41:57.084 21905 21905 W FileObserverManager: upgrading mask: path=/storage/emulated/0/FIRST/java/status old=0x00000ffc new=0x00004ffc: might possibly miss event
01-17 15:41:57.146 21905 21905 V OnBotJavaService: onCreate()
01-17 15:41:57.147 21905 21905 V OnBotJavaService: onStartCommand() intent=Intent { cmp=com.qualcomm.ftcrobotcontroller/org.firstinspires.ftc.robotcore.internal.opmode.OnBotJavaService } flags=0x0 startId=1
01-17 15:41:57.147 21905 21905 V OnBotJava: ctor()...
01-17 15:41:57.148 21905 21905 V OnBotJava: ...ctor()
01-17 15:41:57.158 21905 21905 V FtcRobotControllerWatchdogService: onCreate()
01-17 15:41:57.158 21905 21905 V FtcRobotControllerWatchdogService: onStartCommand() intent=Intent { cmp=com.qualcomm.ftcrobotcontroller/org.firstinspires.ftc.ftccommon.internal.FtcRobotControllerWatchdogService } flags=0x0 startId=1
01-17 15:41:57.159 21905 21905 V FtcRobotControllerWatchdogService: shouldAutoLauchRobotController() result=false
01-17 15:41:57.160 21905 21905 V WebServer: creating NanoHTTPD(8080)
01-17 15:41:57.168 21905 21905 V FTCService: onCreate()
01-17 15:41:57.168 21905 21905 V FTCService: onBind()
01-17 15:41:57.168 21905 21905 V FTCService: Android Device: maker=motorola model=XT1609 sdk=23
01-17 15:41:57.172 21905 21905 V RobotCore: Getting network assistant of type: WIFIDIRECT
01-17 15:41:57.174 21905 21905 V NetDiscover_prefremrc: onSharedPreferenceChanged(name=pref_wifip2p_groupowner_connectedto, value=null)
01-17 15:41:57.174 21905 21905 V WifiDirect: There are 1 Wifi Direct Assistant Clients (+)
01-17 15:41:57.174 21905 21905 V WifiDirect: Enabling Wifi Direct Assistant
01-17 15:41:57.176 21905 21905 V WifiDirectInviteMonitor: startMonitoring()
01-17 15:41:57.217 21905 22022 I OpenGLRenderer: Initialized EGL, version 1.4
01-17 15:41:57.231 21905 21905 D WifiDirect: broadcast: state - enabled: true
01-17 15:41:57.231 21905 21905 D WifiDirect: broadcast: connection changed: connectStatus=NOT_CONNECTED networkInfo.state=CONNECTED
01-17 15:41:57.231 21905 21905 V WifiDirect: writing pref name=pref_wifip2p_groupowner_connectedto value=
01-17 15:41:57.232 21905 21905 V NetDiscover_prefremrc: onSharedPreferenceChanged(name=pref_wifip2p_groupowner_connectedto, value=)
01-17 15:41:57.232 21905 21905 D WifiDirect: broadcast: this device changed
01-17 15:41:57.232 21905 21905 V WifiDirect: device information: 12611-RC 80:58:f8:58:99:a3
01-17 15:41:57.232 21905 21905 D WifiDirect: cannot create group, does group already exist?
01-17 15:41:57.232 21905 21905 V FTCService: RCActivity.controllerService=bound
01-17 15:41:57.232 21905 21905 V RobotCore: Network: unknown, disconnected
01-17 15:41:57.233 21905 21905 V RobotCore: Robot Status: stopped
01-17 15:41:57.239 21905 21905 V ThreadPool: container(0x0d6fa31b: default threadpool) added id=1832 TID=0 count=1
01-17 15:41:57.242 21905 22026 V RobotCore: thread: 'RobotSetupRunnable.run()' starting...
01-17 15:41:57.242 21905 22026 V FTCService: Processing robot setup
01-17 15:41:57.243 21905 22026 V RobotCore: Robot Status: stopped, scanning for USB devices
01-17 15:41:57.355 21905 21905 D WifiDirect: group owners address: /192.168.49.1
01-17 15:41:57.355 21905 21905 D WifiDirect: group formed, this device is the group owner (GO)
01-17 15:41:57.355 21905 21905 I FTCService: Wifi Direct - connected as group owner
01-17 15:41:57.361 21905 21905 V RobotCore: Network: enabled, disconnected
01-17 15:41:57.394 21905 21905 V WifiDirect: connection information available
01-17 15:41:57.394 21905 21905 V WifiDirect: connection information - groupOwnerName = 12611-RC
01-17 15:41:57.394 21905 21905 V WifiDirect: connection information - groupOwnerMacAddress = 80:58:f8:58:99:a3
01-17 15:41:57.394 21905 21905 V WifiDirect: connection information - groupInterface = p2p0
01-17 15:41:57.394 21905 21905 V WifiDirect: connection information - groupNetworkName = DIRECT-yh-12611-RC
01-17 15:41:57.394 21905 21905 I FTCService: Network Connection Passphrase: 31hLkFft
01-17 15:41:57.394 21905 21905 V WebServer: starting port=8080
01-17 15:41:57.406 21905 21905 V RobotCore: Getting network assistant of type: WIFIDIRECT
01-17 15:41:57.406 21905 21905 V WifiDirect: There are 2 Wifi Direct Assistant Clients (+)
01-17 15:41:57.406 21905 21905 V WebServer: started port=8080
01-17 15:41:57.406 21905 21905 V RobotCore: Network: active, disconnected
01-17 15:41:59.354 21905 21911 I art     : Debugger is no longer active
01-17 15:42:02.244 21905 22026 V RobotCore: EventLoopManager state is NOT_STARTED
01-17 15:42:02.245 21905 22026 V RobotCore: Robot Status: stopped, waiting for Wifi to enable
01-17 15:42:02.246 21905 22026 V RobotCore: Robot Status: stopped, waiting for Wifi Direct to enable
01-17 15:42:02.247 21905 22026 V RobotCore: Robot Status: stopped, waiting for network to become active
01-17 15:42:02.248 21905 22026 V RobotCore: Robot Status: stopped, starting robot
01-17 15:42:02.248 21905 22026 V Robocol : EventLoopManager.start()
01-17 15:42:02.249 21905 22026 V RobotCore: Getting network assistant of type: WIFIDIRECT
01-17 15:42:02.249 21905 22026 V Robocol : Spoofing a Network Connection event...
01-17 15:42:02.252 21905 22026 V ThreadPool: executive service EventLoop(0x0277d7ad) is terminated
01-17 15:42:02.252 21905 22082 V RobotCore: thread: 'SetupRunnable.run()' starting...
01-17 15:42:02.253 21905 22026 V RobotCore: EventLoopManager state is STOPPED
01-17 15:42:02.254 21905 22026 V Robocol : eventLoop=FtcEventLoop
01-17 15:42:02.254 21905 22026 V RobotCore: EventLoopManager state is INIT
01-17 15:42:02.254 21905 22026 V RobotCore: Robot Status: initializing, starting robot
01-17 15:42:02.255 21905 22026 I FtcEventLoop: ======= INIT START =======
01-17 15:42:02.257 21905 22026 V OpmodeRegistration: registered {DefaultOpMode} as {$Stop$Robot$}
01-17 15:42:02.267 21905 22026 V FileBasedLock: locked /storage/emulated/0/FIRST/blocks/projectslock/lock.dat
01-17 15:42:02.268 21905 22026 V ThreadPool: container(0x0d6fa31b: default threadpool) added id=1837 TID=0 count=2
01-17 15:42:02.269 21905 22026 V FileBasedLock: unlocking /storage/emulated/0/FIRST/blocks/projectslock/lock.dat
01-17 15:42:02.269 21905 21905 D WifiDirect: cannot create group, does group already exist?
01-17 15:42:02.280 21905 22026 V OpmodeRegistration: registered {RelicRecoveryAutoBlue2} as {Auto Blue 2}
01-17 15:42:02.281 21905 22026 V OpmodeRegistration: registered {RelicRecoveryAutoTileRunnerBlue2} as {Auto BLUE Tile Runner 2}
01-17 15:42:02.281 21905 22026 V OpmodeRegistration: registered {SensorTest} as {Sensor Test}
01-17 15:42:02.282 21905 22026 V OpmodeRegistration: registered {RelicRecoveryAutoTileRunnerRed1} as {Auto RED Tile Runner 1}
01-17 15:42:02.284 21905 22026 V OpmodeRegistration: registered {RelicRecoveryAutoTileRunnerRed2} as {Auto RED Tile Runner 2}
01-17 15:42:02.284 21905 22026 V OpmodeRegistration: registered {TestGlyphCollector} as {Test Glyph Pickup}
01-17 15:42:02.285 21905 22026 V OpmodeRegistration: registered {TestGlyphCollector3} as {Test Glyph Pickup Reverse}
01-17 15:42:02.286 21905 22026 V OpmodeRegistration: registered {SensorMRRangeColorSensor} as {Sensor: MR range & Color sensor}
01-17 15:42:02.287 21905 22026 V OpmodeRegistration: registered {SensorREVColorDistance} as {Sensor: REVColorDistance}
01-17 15:42:02.288 21905 22026 V OpmodeRegistration: registered {RelicRecoveryAutoRed1} as {Auto Red 1}
01-17 15:42:02.289 21905 22026 V OpmodeRegistration: registered {RelicRecoveryAutoRed2} as {Auto Red 2}
01-17 15:42:02.290 21905 22026 V OpmodeRegistration: registered {TestGlyphCollector2} as {Test Glyph Pickup Encoder}
01-17 15:42:02.291 21905 22026 V OpmodeRegistration: registered {RelicRecoveryAutoBlue1} as {Auto Blue 1}
01-17 15:42:02.292 21905 22026 V OpmodeRegistration: registered {RelicRecoveryTeleOpsLinear} as {Relic Recovery TeleOps (Linear)}
01-17 15:42:02.293 21905 22026 V OpmodeRegistration: registered {RelicRecoveryAutoTileRunnerBlue1} as {Auto BLUE Tile Runner 1}
01-17 15:42:02.294 21905 22026 V OpmodeRegistration: registered {RelicRecoveryTileRunnerTeleOpsLinear} as {Tile Runner (New) TeleOps }
01-17 15:42:02.295 21905 22026 V OpmodeRegistration: registered {RelicRecoveryAutoTest} as {Auto Test}
01-17 15:42:02.301 21905 22082 D Robocol : RobocolDatagramSocket listening addr=/192.168.49.1:20884 cbRec=65520 cbSend=163840 msRecTO=300
01-17 15:42:02.302 21905 22082 V Robocol : RecvLoopRunnable created
01-17 15:42:02.304 21905 22082 V PeerDiscovery: Starting peer discovery
01-17 15:42:02.304 21905 22082 V PeerDiscovery: No need for peer discovery, we are the peer discovery device
01-17 15:42:02.304 21905 22082 V RobotCore: Setup complete
01-17 15:42:02.305 21905 22082 V RobotCore: thread: ...terminating 'SetupRunnable.run()'
01-17 15:42:02.307 21905 22086 V RobotCore: thread: 'RecvLoopRunnable.run()' starting...
01-17 15:42:02.329 21905 22026 V HardwareFactory: createHardwareMap()
01-17 15:42:02.329 21905 22026 V WifiDirectInviteMonitor: clearUILynxModule()
01-17 15:42:02.329 21905 21905 I BatteryChecker: percent remaining: 100 is charging: false
01-17 15:42:02.333 21905 22026 V ReadXMLFileHandler: handleLynxModule() mod#=2...
01-17 15:42:02.333 21905 22026 V ConfigurationUtility: buildEmptyLynxModule() mod#=2...
01-17 15:42:02.334 21905 22026 V ConfigurationUtility: ...buildEmptyLynxModule() mod#=2
01-17 15:42:02.334 21905 22026 V ReadXMLFileHandler: ...handleLynxModule() mod#=2
01-17 15:42:02.334 21905 22026 V ReadXMLFileHandler: handleLynxModule() mod#=3...
01-17 15:42:02.334 21905 22026 V ConfigurationUtility: buildEmptyLynxModule() mod#=3...
01-17 15:42:02.334 21905 22026 V ConfigurationUtility: ...buildEmptyLynxModule() mod#=3
01-17 15:42:02.335 21905 22026 V ReadXMLFileHandler: ...handleLynxModule() mod#=3
01-17 15:42:02.335 21905 22026 V RobotCore: Creating REV Robotics USB Expansion Hub Portal [DQ16V4CE]
01-17 15:42:02.336 21905 22026 V LynxUsb : creating new [DQ16V4CE]: 0x0b77afea
01-17 15:42:02.337 21905 22026 V FtDeviceManager: createDeviceInfoList(): 0 USB devices
01-17 15:42:02.337 21905 22026 W System.err: unable to find lynx USB device with serial number DQ16V4CE
01-17 15:42:02.337 21905 22026 E LynxUsb : exception RobotCoreException(unable to find lynx USB device with serial number DQ16V4CE): exception arming DQ16V4CE [com.qualcomm.hardware.lynx.LynxUsbUtil.logMessageAndThrow(LynxUsbUtil.java:108)]
01-17 15:42:02.337 21905 22026 V LynxUsb : doPretend() serial=DQ16V4CE
01-17 15:42:02.338 21905 22026 V LynxUsb : 0x028b62db on 0x0b77afea: new delegate to [DQ16V4CE]
01-17 15:42:02.338 21905 22026 V RobotCore: Creating Lynx Module - mod=2 parent=true
01-17 15:42:02.339 21905 22026 V RobotCore: Creating Lynx Module - mod=3 parent=false
01-17 15:42:02.340 21905 22026 V LynxUsb : addConfiguredModule() module#=2
01-17 15:42:02.340 21905 22026 V LynxModule: pingAndQueryKnownInterfaces mod=2
01-17 15:42:02.345 21905 22026 V LynxModule: queryInterface(DEKA)=0 commands
01-17 15:42:02.345 21905 22026 V LynxModule: mod#=2 intf=DEKA: expected 53 commands; found 0
01-17 15:42:02.346 21905 22026 V LynxModule: sendLEDPatternSteps(): #steps=6
01-17 15:42:02.346 21905 22026 V LynxUsb : addConfiguredModule() module#=3
01-17 15:42:02.346 21905 22026 V LynxModule: pingAndQueryKnownInterfaces mod=3
01-17 15:42:02.346 21905 22026 V LynxModule: queryInterface(DEKA)=0 commands
01-17 15:42:02.346 21905 22026 V LynxModule: mod#=3 intf=DEKA: expected 53 commands; found 0
01-17 15:42:02.346 21905 22026 V LynxModule: sendLEDPatternSteps(): #steps=8
01-17 15:42:02.347 21905 22026 V LynxMotor: initializeHardware() mod#=2
01-17 15:42:02.349 21905 22026 V RobotCore: DcMotorImpl(type=RevRoboticsHDHexMotor)
01-17 15:42:02.349 21905 22026 V RobotCore: DcMotorImpl(type=RevRoboticsHDHexMotor)
01-17 15:42:02.349 21905 22026 V RobotCore: DcMotorImpl(type=RevRoboticsCoreHexMotor)
01-17 15:42:02.350 21905 22026 V LynxServoController: initializeHardware() mod#=2
01-17 15:42:02.350 21905 22026 V LynxVoltageSensor: initializeHardware() mod#=2
01-17 15:42:02.350 21905 22026 V LynxPwmOutputController: initializeHardware() mod#=2
01-17 15:42:02.351 21905 22026 V LynxAnalogInputController: initializeHardware() mod#=2
01-17 15:42:02.351 21905 22026 V LynxDigitalChannelController: initializeHardware() mod#=2
01-17 15:42:02.351 21905 22026 V RobotCore: Creating user sensor REV Expansion Hub IMU - on Lynx module=2 bus=0
01-17 15:42:02.351 21905 22026 V RobotCore: Creating I2cDeviceSynch (Lynx) - mod=2 bus=0
01-17 15:42:02.351 21905 22026 I RobotCore: LynxFirmwareVersionManager: LynxI2cDeviceSynchV1
01-17 15:42:02.352 21905 22026 V LynxI2cDeviceSynch: initializeHardware() mod#=2
01-17 15:42:02.354 21905 22026 V LynxMotor: initializeHardware() mod#=3
01-17 15:42:02.354 21905 22026 V RobotCore: DcMotorImpl(type=RevRoboticsHDHexMotor)
01-17 15:42:02.355 21905 22026 V RobotCore: DcMotorImpl(type=RevRoboticsHDHexMotor)
01-17 15:42:02.355 21905 22026 V RobotCore: DcMotorImpl(type=RevRoboticsCoreHexMotor)
01-17 15:42:02.355 21905 22026 V RobotCore: DcMotorImpl(type=NeveRest40Gearmotor)
01-17 15:42:02.355 21905 22026 V LynxServoController: initializeHardware() mod#=3
01-17 15:42:02.355 21905 22026 V LynxVoltageSensor: initializeHardware() mod#=3
01-17 15:42:02.355 21905 22026 V LynxPwmOutputController: initializeHardware() mod#=3
01-17 15:42:02.356 21905 22026 V LynxAnalogInputController: initializeHardware() mod#=3
01-17 15:42:02.356 21905 22026 V LynxDigitalChannelController: initializeHardware() mod#=3
01-17 15:42:02.356 21905 22026 V RobotCore: Creating user sensor REV Expansion Hub IMU - on Lynx module=3 bus=0
01-17 15:42:02.356 21905 22026 V RobotCore: Creating I2cDeviceSynch (Lynx) - mod=3 bus=0
01-17 15:42:02.356 21905 22026 I RobotCore: LynxFirmwareVersionManager: LynxI2cDeviceSynchV1
01-17 15:42:02.356 21905 22026 V LynxI2cDeviceSynch: initializeHardware() mod#=3
01-17 15:42:02.356 21905 22026 I RobotCore: ========= Device Information ===================================================
01-17 15:42:02.356 21905 22026 I RobotCore: Type                                               Name                           Connection
01-17 15:42:02.357 21905 22026 I RobotCore: Motor                                              rr                             USB DQ16V4CE; module 3; port 0
01-17 15:42:02.357 21905 22026 I RobotCore: Motor                                              glyphLift                      USB DQ16V4CE; module 3; port 3
01-17 15:42:02.357 21905 22026 I RobotCore: Motor                                              lr                             USB DQ16V4CE; module 2; port 1
01-17 15:42:02.357 21905 22026 I RobotCore: REV Robotics USB Expansion Hub Portal              Expansion Hub Portal 1         USB DQ16V4CE
01-17 15:42:02.357 21905 22026 I RobotCore: Motor                                              intake_left                    USB DQ16V4CE; module 3; port 2
01-17 15:42:02.357 21905 22026 I RobotCore: Expansion Hub DC Motor Controller                  Expansion Hub 3                USB DQ16V4CE; module 3
01-17 15:42:02.357 21905 22026 I RobotCore: Expansion Hub Servo Controller                     Expansion Hub 3                USB DQ16V4CE; module 3
01-17 15:42:02.357 21905 22026 I RobotCore: Expansion Hub Voltage Sensor                       Expansion Hub 3                USB DQ16V4CE; module 3
01-17 15:42:02.357 21905 22026 I RobotCore: Expansion Hub Pwm Controller                       Expansion Hub 3                USB DQ16V4CE; module 3
01-17 15:42:02.357 21905 22026 I RobotCore: Expansion Hub Analog Input Controller              Expansion Hub 3                USB DQ16V4CE; module 3
01-17 15:42:02.358 21905 22026 I RobotCore: Expansion Hub Digital Channel Controller           Expansion Hub 3                USB DQ16V4CE; module 3
01-17 15:42:02.358 21905 22026 I RobotCore: Expansion Hub (unknown firmware)                   Expansion Hub 3                USB DQ16V4CE; module 3
01-17 15:42:02.358 21905 22026 I RobotCore: Expansion Hub DC Motor Controller                  Expansion Hub 2                USB DQ16V4CE; module 2
01-17 15:42:02.358 21905 22026 I RobotCore: Expansion Hub Servo Controller                     Expansion Hub 2                USB DQ16V4CE; module 2
01-17 15:42:02.358 21905 22026 I RobotCore: Expansion Hub Voltage Sensor                       Expansion Hub 2                USB DQ16V4CE; module 2
01-17 15:42:02.358 21905 22026 I RobotCore: Expansion Hub Pwm Controller                       Expansion Hub 2                USB DQ16V4CE; module 2
01-17 15:42:02.358 21905 22026 I RobotCore: Expansion Hub Analog Input Controller              Expansion Hub 2                USB DQ16V4CE; module 2
01-17 15:42:02.358 21905 22026 I RobotCore: Expansion Hub Digital Channel Controller           Expansion Hub 2                USB DQ16V4CE; module 2
01-17 15:42:02.359 21905 22026 I RobotCore: Expansion Hub (unknown firmware)                   Expansion Hub 2                USB DQ16V4CE; module 2
01-17 15:42:02.359 21905 22026 I RobotCore: REV Expansion Hub IMU                              imu                            USB DQ16V4CE; module 2; bus 0; addr7=0x00
01-17 15:42:02.359 21905 22026 I RobotCore: Motor                                              rf                             USB DQ16V4CE; module 3; port 1
01-17 15:42:02.359 21905 22026 I RobotCore: Servo                                              glyphFlipper                   USB DQ16V4CE; module 2; port 0
01-17 15:42:02.359 21905 22026 I RobotCore: Motor                                              intake_right                   USB DQ16V4CE; module 2; port 2
01-17 15:42:02.359 21905 22026 I RobotCore: REV Expansion Hub IMU                              imu 1                          USB DQ16V4CE; module 3; bus 0; addr7=0x00
01-17 15:42:02.359 21905 22026 I RobotCore: Motor                                              lf                             USB DQ16V4CE; module 2; port 0
01-17 15:42:02.359 21905 22026 I RobotCore: Servo                                              glyphPusher                    USB DQ16V4CE; module 3; port 5
01-17 15:42:02.359 21905 22026 I FtcEventLoop: ======= INIT FINISH =======
01-17 15:42:02.359 21905 22026 V RobotCore: EventLoopManager state is RUNNING
01-17 15:42:02.368 21905 22026 V ThreadPool: container(0x08e542e5: SoundPlayer) added id=1842 TID=0 count=1
01-17 15:42:02.368 21905 22026 V ThreadPool: container(0x08e542e5: SoundPlayer) added id=1843 TID=0 count=2
01-17 15:42:02.370 21905 22026 V RobotCore: Robot Status: running, starting robot
01-17 15:42:02.370 21905 22026 V RobotCore: Robot Status: running
01-17 15:42:02.370 21905 22026 V ThreadPool: container(0x080d9fc8: executorEventLoop) added id=1844 TID=0 count=1
01-17 15:42:02.373 21905 22026 V RobotCore: thread: ...terminating 'RobotSetupRunnable.run()'
01-17 15:42:02.376 21905 22091 V RobotCore: thread: 'opmode loop()' starting...
01-17 15:42:02.382 21905 22091 D RobotCore: system telemetry: key=$System$Warning$ msg="unable to open REV Robotics USB Expansion Hub Portal [DQ16V4CE]"
01-17 15:42:02.388 21905 22090 D MediaPlayer: setSubtitleAnchor in MediaPlayer
01-17 15:42:02.401 21905 21905 W MediaPlayer: mediaplayer went away with unhandled events
01-17 15:42:02.418 21905 22088 D ExtendedUtils: extended extractor not needed, return default
01-17 15:42:02.420 21905 22088 I MediaCodec: (0xb8e5e878) init name(audio/raw) isType(1) encoder(0)
01-17 15:42:02.422 21905 22095 I OMXClient: Using client-side OMX mux.
01-17 15:42:02.428 21905 22095 E OMXMaster: A component of name 'OMX.qcom.audio.decoder.aac' already exists, ignoring this one.
01-17 15:42:02.429 21905 22095 I MediaCodec: (0xb8e5e878) Component Allocated (OMX.google.raw.decoder)
01-17 15:42:02.429 21905 22088 I MediaCodec: (0xb8e5e878) configure surface(0x0) crypto(0x0) flags(0)
01-17 15:42:02.429 21905 22088 D MediaCodec: (0xb8e5e878) configure format: AMessage(what = 0x00000000) = {
01-17 15:42:02.429 21905 22088 D MediaCodec:    string mime = "audio/raw"
01-17 15:42:02.429 21905 22088 D MediaCodec:    int64_t durationUs = 1019125
01-17 15:42:02.429 21905 22088 D MediaCodec:    int32_t channel-count = 1
01-17 15:42:02.429 21905 22088 D MediaCodec:    int32_t sample-rate = 8000
01-17 15:42:02.429 21905 22088 D MediaCodec:    int32_t channel-mask = 0
01-17 15:42:02.429 21905 22088 D MediaCodec:  }
01-17 15:42:02.433 21905 22088 I MediaCodec: (0xb8e5e878) start
01-17 15:42:02.433 21905 22095 I MediaCodec: (0xb8e5e878) input buffers allocated
01-17 15:42:02.433 21905 22095 I MediaCodec: (0xb8e5e878) numBuffers (4)
01-17 15:42:02.433 21905 22095 I MediaCodec: (0xb8e5e878) output buffers allocated
01-17 15:42:02.433 21905 22095 I MediaCodec: (0xb8e5e878) numBuffers (4)
01-17 15:42:02.434 21905 22095 I MediaCodec: (0xb8e5e878) codec output format changed
01-17 15:42:02.434 21905 22095 D MediaCodec: (0xb8e5e878) output format: AMessage(what = 'codc', target = 2) = {
01-17 15:42:02.434 21905 22095 D MediaCodec:    string mime = "audio/raw"
01-17 15:42:02.434 21905 22095 D MediaCodec:    int32_t channel-count = 1
01-17 15:42:02.434 21905 22095 D MediaCodec:    int32_t sample-rate = 8000
01-17 15:42:02.434 21905 22095 D MediaCodec:    int32_t channel-mask = 0
01-17 15:42:02.434 21905 22095 D MediaCodec:    int32_t what = 1869968451
01-17 15:42:02.434 21905 22095 D MediaCodec:  }
01-17 15:42:02.435 21905 22088 I MediaCodec: (0xb8e5e878) stop
01-17 15:42:02.436 21905 22088 I MediaCodec: (0xb8e5e878) release
01-17 15:42:02.441 21905 22090 W AudioTrack: AUDIO_OUTPUT_FLAG_FAST denied by client; transfer 4, track 8000 Hz, output 48000 Hz
01-17 15:42:02.470 21905 22090 D MediaPlayer: setSubtitleAnchor in MediaPlayer
01-17 15:42:02.470 21905 21905 D MediaPlayer: setSubtitleAnchor in MediaPlayer
01-17 15:42:02.494 21905 22088 D ExtendedUtils: extended extractor not needed, return default
01-17 15:42:02.495 21905 22088 I MediaCodec: (0xb8e69218) init name(audio/raw) isType(1) encoder(0)
01-17 15:42:02.497 21905 22103 I OMXClient: Using client-side OMX mux.
01-17 15:42:02.500 21905 22103 E OMXMaster: A component of name 'OMX.qcom.audio.decoder.aac' already exists, ignoring this one.
01-17 15:42:02.502 21905 22103 I MediaCodec: (0xb8e69218) Component Allocated (OMX.google.raw.decoder)
01-17 15:42:02.502 21905 22088 I MediaCodec: (0xb8e69218) configure surface(0x0) crypto(0x0) flags(0)
01-17 15:42:02.502 21905 22088 D MediaCodec: (0xb8e69218) configure format: AMessage(what = 0x00000000) = {
01-17 15:42:02.502 21905 22088 D MediaCodec:    string mime = "audio/raw"
01-17 15:42:02.502 21905 22088 D MediaCodec:    int64_t durationUs = 1043650
01-17 15:42:02.502 21905 22088 D MediaCodec:    int32_t channel-count = 2
01-17 15:42:02.502 21905 22088 D MediaCodec:    int32_t sample-rate = 44100
01-17 15:42:02.502 21905 22088 D MediaCodec:    int32_t channel-mask = 0
01-17 15:42:02.502 21905 22088 D MediaCodec:  }
01-17 15:42:02.503 21905 22088 I MediaCodec: (0xb8e69218) start
01-17 15:42:02.503 21905 22103 I MediaCodec: (0xb8e69218) input buffers allocated
01-17 15:42:02.503 21905 22103 I MediaCodec: (0xb8e69218) numBuffers (4)
01-17 15:42:02.503 21905 22103 I MediaCodec: (0xb8e69218) output buffers allocated
01-17 15:42:02.503 21905 22103 I MediaCodec: (0xb8e69218) numBuffers (4)
01-17 15:42:02.505 21905 22103 I MediaCodec: (0xb8e69218) codec output format changed
01-17 15:42:02.506 21905 22103 D MediaCodec: (0xb8e69218) output format: AMessage(what = 'codc', target = 6) = {
01-17 15:42:02.506 21905 22103 D MediaCodec:    string mime = "audio/raw"
01-17 15:42:02.506 21905 22103 D MediaCodec:    int32_t channel-count = 2
01-17 15:42:02.506 21905 22103 D MediaCodec:    int32_t sample-rate = 44100
01-17 15:42:02.506 21905 22103 D MediaCodec:    int32_t channel-mask = 0
01-17 15:42:02.506 21905 22103 D MediaCodec:    int32_t what = 1869968451
01-17 15:42:02.506 21905 22103 D MediaCodec:  }
01-17 15:42:02.518 21905 22088 I MediaCodec: (0xb8e69218) stop
01-17 15:42:02.520 21905 22088 I MediaCodec: (0xb8e69218) release
01-17 15:42:02.606 21905 22086 E Robocol : exception SocketTimeoutException(null): no packet received [libcore.io.IoBridge.maybeThrowAfterRecvfrom(IoBridge.java:594)]
01-17 15:42:02.884 21905 22091 V ThreadPool: container(0x0d8bbae2: OpModeStuckCodeMonitor) added id=1851 TID=0 count=1
01-17 15:42:02.885 21905 22091 I RobotCore: Attempting to switch to op mode $Stop$Robot$
01-17 15:42:02.953 21905 22086 V PeerDiscovery: new remote peer discovered: 192.168.49.84
01-17 15:42:02.954 21905 22086 D Robocol : RobocolDatagramSocket connected to /192.168.49.84:20884
01-17 15:42:02.955 21905 22086 V NetworkConnectionHandler: starting sending loop
01-17 15:42:02.955 21905 22086 V Robocol : SendOnceRunnable created
01-17 15:42:02.989 21905 22086 V NetDiscover_prefremrc: sendAllPreferences()
01-17 15:42:02.989 21905 22086 V NetDiscover_prefremrc: sending RC pref name=pref_wifip2p_remote_channel_change_works value=true
01-17 15:42:02.994 21905 22086 V NetDiscover_prefremrc: sending RC pref name=pref_device_name value=12611-RC
01-17 15:42:02.994 21905 22086 V NetDiscover_prefremrc: sending RC pref name=pref_has_independent_phone_battery value=true
01-17 15:42:02.994 21905 22086 V NetDiscover_prefremrc: sending RC pref name=pref_app_theme value=teal
01-17 15:42:02.995 21905 22086 V NetDiscover_prefremrc: sending RC pref name=pref_sound_on_off value=false
01-17 15:42:02.995 21905 22086 V RobotCore: Network: active, connected
01-17 15:42:02.995 21905 22108 V Robocol : sending CMD_NOTIFY_USER_DEVICE_LIST(19), attempt: 0
01-17 15:42:02.997 21905 22108 V Robocol : sending CMD_ROBOT_CONTROLLER_PREFERENCE(20), attempt: 0
01-17 15:42:02.998 21905 22108 V Robocol : sending CMD_ROBOT_CONTROLLER_PREFERENCE(21), attempt: 0
01-17 15:42:02.998 21905 22108 V Robocol : sending CMD_ROBOT_CONTROLLER_PREFERENCE(22), attempt: 0
01-17 15:42:02.998 21905 22108 V Robocol : sending CMD_ROBOT_CONTROLLER_PREFERENCE(23), attempt: 0
01-17 15:42:02.999 21905 22108 V Robocol : sending CMD_ROBOT_CONTROLLER_PREFERENCE(24), attempt: 0
01-17 15:42:03.131 21905 22086 V Robocol : received command: CMD_REQUEST_UI_STATE(10001) 
01-17 15:42:03.133 21905 22085 I BatteryChecker: percent remaining: 100 is charging: false
01-17 15:42:03.156 21905 22108 V Robocol : sending CMD_NOTIFY_ACTIVE_CONFIGURATION(36), attempt: 0
01-17 15:42:03.196 21905 22108 V Robocol : sending CMD_NOTIFY_USER_DEVICE_LIST(37), attempt: 0
01-17 15:42:03.197 21905 22108 V Robocol : sending CMD_NOTIFY_OP_MODE_LIST(38), attempt: 0
01-17 15:42:03.393 21905 22091 I RobotCore: robot battery read duration: n=0, mean=0.000ms sd=-0.000ms
01-17 15:42:03.460 21905 22090 W AudioTrack: AUDIO_OUTPUT_FLAG_FAST denied by client; transfer 4, track 44100 Hz, output 48000 Hz
01-17 15:42:03.485 21905 22090 D MediaPlayer: setSubtitleAnchor in MediaPlayer
01-17 15:42:03.485 21905 21905 D MediaPlayer: setSubtitleAnchor in MediaPlayer
01-17 15:42:03.503 21905 22088 D ExtendedUtils: extended extractor not needed, return default
01-17 15:42:03.503 21905 22088 I MediaCodec: (0xb8e60cf0) init name(audio/raw) isType(1) encoder(0)
01-17 15:42:03.506 21905 22113 I OMXClient: Using client-side OMX mux.
01-17 15:42:03.509 21905 22113 E OMXMaster: A component of name 'OMX.qcom.audio.decoder.aac' already exists, ignoring this one.
01-17 15:42:03.512 21905 22113 I MediaCodec: (0xb8e60cf0) Component Allocated (OMX.google.raw.decoder)
01-17 15:42:03.512 21905 22088 I MediaCodec: (0xb8e60cf0) configure surface(0x0) crypto(0x0) flags(0)
01-17 15:42:03.512 21905 22088 D MediaCodec: (0xb8e60cf0) configure format: AMessage(what = 0x00000000) = {
01-17 15:42:03.512 21905 22088 D MediaCodec:    string mime = "audio/raw"
01-17 15:42:03.512 21905 22088 D MediaCodec:    int64_t durationUs = 485011
01-17 15:42:03.512 21905 22088 D MediaCodec:    int32_t channel-count = 2
01-17 15:42:03.512 21905 22088 D MediaCodec:    int32_t sample-rate = 44100
01-17 15:42:03.512 21905 22088 D MediaCodec:    int32_t channel-mask = 0
01-17 15:42:03.512 21905 22088 D MediaCodec:  }
01-17 15:42:03.513 21905 22088 I MediaCodec: (0xb8e60cf0) start
01-17 15:42:03.513 21905 22113 I MediaCodec: (0xb8e60cf0) input buffers allocated
01-17 15:42:03.513 21905 22113 I MediaCodec: (0xb8e60cf0) numBuffers (4)
01-17 15:42:03.513 21905 22113 I MediaCodec: (0xb8e60cf0) output buffers allocated
01-17 15:42:03.513 21905 22113 I MediaCodec: (0xb8e60cf0) numBuffers (4)
01-17 15:42:03.515 21905 22113 I MediaCodec: (0xb8e60cf0) codec output format changed
01-17 15:42:03.515 21905 22113 D MediaCodec: (0xb8e60cf0) output format: AMessage(what = 'codc', target = 10) = {
01-17 15:42:03.515 21905 22113 D MediaCodec:    string mime = "audio/raw"
01-17 15:42:03.515 21905 22113 D MediaCodec:    int32_t channel-count = 2
01-17 15:42:03.515 21905 22113 D MediaCodec:    int32_t sample-rate = 44100
01-17 15:42:03.515 21905 22113 D MediaCodec:    int32_t channel-mask = 0
01-17 15:42:03.515 21905 22113 D MediaCodec:    int32_t what = 1869968451
01-17 15:42:03.515 21905 22113 D MediaCodec:  }
01-17 15:42:03.519 21905 22088 I MediaCodec: (0xb8e60cf0) stop
01-17 15:42:03.520 21905 22088 I MediaCodec: (0xb8e60cf0) release
01-17 15:42:04.504 21905 22090 W AudioTrack: AUDIO_OUTPUT_FLAG_FAST denied by client; transfer 4, track 44100 Hz, output 48000 Hz
01-17 15:42:07.330 21905 21905 I BatteryChecker: percent remaining: 100 is charging: false
01-17 15:42:12.964 21905 21905 I BatteryChecker: percent remaining: 100 is charging: false
01-17 15:42:12.999 21905 21905 I BatteryChecker: percent remaining: 100 is charging: false
01-17 15:42:13.540 21905 21905 V FtDeviceManager: ACTION_USB_DEVICE_ATTACHED: /dev/bus/usb/001/002
01-17 15:42:13.540 21905 21905 V FtDeviceManager: addOrUpdateUsbDevice(vid=0x0403 pid=0x6015)
01-17 15:42:13.547 21905 21905 V ThreadPool: container(0x0e2759e3: WatchdogMonitor) added id=1856 TID=0 count=1
01-17 15:42:13.554 21905 21905 V FtDevice: initialize(vid=0x0403 pid=0x6015 bcdDevice=0x1000)
