01-17 15:36:50.394 21080 21251 I chatty  : uid=10133 expire 21 lines
01-17 15:36:50.397 21080 21258 I chatty  : uid=10133 expire 9 lines
01-17 15:36:50.452 21080 21080 I chatty  : uid=10133 expire 19 lines
01-17 15:36:50.476 21080 21265 I chatty  : uid=10133 expire 9 lines
01-17 15:36:50.583 21080 21249 I chatty  : uid=10133 expire 13 lines
01-17 15:36:50.895 21080 21269 I chatty  : uid=10133 expire 10 lines
01-17 15:36:50.952 21080 21248 I chatty  : uid=10133 expire 1 line
01-17 15:36:51.476 21080 21275 I chatty  : uid=10133 expire 9 lines
01-17 15:36:51.943 21080 21086 I chatty  : uid=10133 expire 1 line
01-17 15:37:14.555 21080 21392 I chatty  : uid=10133 expire 1 line
01-17 15:37:14.560 21080 21080 I chatty  : uid=10133 expire 9 lines
01-17 15:37:14.562 21080 21395 I chatty  : uid=10133 expire 1 line
01-17 15:37:14.566 21080 21394 I chatty  : uid=10133 expire 1 line
01-17 15:37:14.668 21080 21249 I chatty  : uid=10133 expire 1 line
01-17 15:37:14.932 21080 21254 I chatty  : uid=10133 expire 20 lines
01-17 15:37:14.936 21080 21421 I chatty  : uid=10133 expire 2 lines
01-17 15:37:14.964 21080 21422 I chatty  : uid=10133 expire 1 line
01-17 15:37:15.000 21080 21424 I chatty  : uid=10133 expire 1 line
01-17 15:37:15.018 21080 21254 I chatty  : uid=10133 expire 42 lines
01-17 15:37:17.630 21080 21249 I chatty  : uid=10133 expire 3 lines
01-17 15:37:17.632 21080 21248 I chatty  : uid=10133 expire 3 lines
01-17 15:37:17.734 21080 21269 I chatty  : uid=10133 expire 3 lines
01-17 15:37:20.245 21080 21247 I chatty  : uid=10133 expire 1 line
01-17 15:37:20.255 21080 21431 I chatty  : uid=10133 expire 22 lines
01-17 15:37:20.348 21080 21232 I chatty  : uid=10133 expire 1 line
01-17 15:37:44.387 21080 21431 I chatty  : uid=10133 expire 59 lines
01-17 15:37:57.986 21080 21431 I chatty  : uid=10133 expire 22 lines
01-17 15:38:08.663 21080 21431 I chatty  : uid=10133 expire 49 lines
01-17 15:38:13.237 21080 21080 I chatty  : uid=10133 expire 10 lines
01-17 15:38:25.014 21080 21431 I chatty  : uid=10133 expire 30 lines
01-17 15:38:30.869 21080 21249 I chatty  : uid=10133 expire 11 lines
01-17 15:38:30.871 21080 21248 I chatty  : uid=10133 expire 3 lines
01-17 15:38:30.880 21080 21254 I chatty  : uid=10133 expire 19 lines
01-17 15:38:30.895 21080 21269 I chatty  : uid=10133 expire 13 lines
01-17 15:40:10.556 21080 21398 I chatty  : uid=10133 expire 2 lines
01-17 15:40:10.556 21080 21399 I chatty  : uid=10133 expire 1 line
01-17 15:40:10.555 21421 21421 I chatty  : uid=10133 com.qualcomm.ftcrobotcontroller expire 1 line
01-17 15:40:10.558 21080 21421 I chatty  : uid=10133 expire 4 lines
01-17 15:40:10.558 21080 21400 I chatty  : uid=10133 expire 1 line
01-17 15:40:10.746 21080 21080 I chatty  : uid=10133 expire 10 lines
01-17 15:41:03.282 21080 21253 I chatty  : uid=10133 expire 2 lines
01-17 15:41:03.299 21080 21251 I chatty  : uid=10133 expire 7 lines
01-17 15:41:03.302 21080 21606 I chatty  : uid=10133 expire 9 lines
01-17 15:41:03.760 21080 21254 I chatty  : uid=10133 expire 1 line
01-17 15:41:19.829 21080 21080 I chatty  : uid=10133 expire 2 lines
01-17 15:41:54.242 21905 21905 I chatty  : uid=10133 expire 127 lines
01-17 15:41:54.374 21905 21919 I chatty  : uid=10133 expire 2 lines
01-17 15:41:54.421 21921 21921 I chatty  : uid=10133 ps expire 39 lines
01-17 15:41:54.424 21905 21925 I chatty  : uid=10133 expire 14 lines
01-17 15:41:57.029 21905 22022 I chatty  : uid=10133 expire 2 lines
01-17 15:41:57.242 21905 22026 I chatty  : uid=10133 expire 130 lines
01-17 15:41:59.354 21905 21911 I chatty  : uid=10133 expire 1 line
01-17 15:42:02.252 21905 22082 I chatty  : uid=10133 expire 7 lines
01-17 15:42:02.307 21905 22086 I chatty  : uid=10133 expire 14 lines
01-17 15:42:02.376 21905 22091 I chatty  : uid=10133 expire 28 lines
01-17 15:42:02.388 21905 22090 I chatty  : uid=10133 expire 6 lines
01-17 15:42:02.418 21905 22088 I chatty  : uid=10133 expire 21 lines
01-17 15:42:02.422 21905 22095 I chatty  : uid=10133 expire 9 lines
01-17 15:42:02.497 21905 22103 I chatty  : uid=10133 expire 9 lines
01-17 15:42:02.995 21905 22108 I chatty  : uid=10133 expire 12 lines
01-17 15:42:03.133 21905 22085 I chatty  : uid=10133 expire 4 lines
01-17 15:42:03.506 21905 22113 I chatty  : uid=10133 expire 9 lines
01-17 15:42:13.555 21905 22165 I chatty  : uid=10133 expire 1 line
01-17 15:42:13.562 21905 22167 I chatty  : uid=10133 expire 1 line
01-17 15:42:13.563 21905 22166 I chatty  : uid=10133 expire 1 line
01-17 15:42:13.589 21905 22086 I chatty  : uid=10133 expire 4 lines
01-17 15:42:13.933 21905 22171 I chatty  : uid=10133 expire 2 lines
01-17 15:42:13.961 21905 22172 I chatty  : uid=10133 expire 1 line
01-17 15:42:13.975 21905 22173 I chatty  : uid=10133 expire 3 lines
01-17 15:42:13.992 21905 22091 I chatty  : uid=10133 expire 32 lines
01-17 15:42:29.011 21905 22091 I chatty  : uid=10133 expire 19 lines
01-17 15:42:32.270 21905 22083 I chatty  : uid=10133 expire 1 line
01-17 15:42:32.376 21905 22026 I chatty  : uid=10133 expire 1 line
01-17 15:42:32.887 21905 22174 I chatty  : uid=10133 expire 31 lines
01-17 15:43:09.174 21905 22174 I chatty  : uid=10133 expire 59 lines
01-17 15:43:13.180 21905 21905 I chatty  : uid=10133 expire 1 line
01-17 15:43:31.423 21905 22174 I chatty  : uid=10133 expire 60 lines
01-17 15:43:42.181 21905 22174 I chatty  : uid=10133 expire 62 lines
01-17 15:43:54.061 21905 22174 I chatty  : uid=10133 expire 2 lines
01-17 15:43:54.210 21905 22174 V LynxModule: retransmitting: mod=3 cmd=0x1016 msg#=47 ref#=0 
01-17 15:43:54.213 21905 22174 V RobotCore: timeout: abandoning waiting 250ms for response: cmd=LynxGetMotorEncoderPositionCommand mod=3 msg#=47
01-17 15:43:54.213 21905 22174 V RobotCore: nack rec'd mod=3 msg#=47 ref#=0 reason=ABANDONED_WAITING_FOR_RESPONSE:256
01-17 15:43:54.214 21905 22174 W LynxMotor: LynxGetMotorEncoderPositionCommand was abandoned waiting for response
01-17 15:43:54.328 21905 22174 V LynxModule: retransmitting: mod=3 cmd=0x1016 msg#=49 ref#=0 
01-17 15:43:55.456 21905 22174 V LynxModule: retransmitting: mod=3 cmd=0x1016 msg#=208 ref#=0 
01-17 15:43:55.636 21905 22174 V LynxModule: retransmitting: mod=3 cmd=0x1016 msg#=220 ref#=0 
01-17 15:43:55.988 21905 22174 V LynxModule: retransmitting: mod=3 cmd=0x1016 msg#=2 ref#=0 
01-17 15:43:56.091 21905 22174 V LynxModule: retransmitting: mod=3 cmd=0x1016 msg#=2 ref#=0 
01-17 15:43:56.137 21905 22174 V LynxModule: retransmitting: mod=3 cmd=0x1016 msg#=2 ref#=0 
01-17 15:43:56.138 21905 22174 V RobotCore: timeout: abandoning waiting 250ms for response: cmd=LynxGetMotorEncoderPositionCommand mod=3 msg#=2
01-17 15:43:56.138 21905 22174 V RobotCore: nack rec'd mod=3 msg#=2 ref#=0 reason=ABANDONED_WAITING_FOR_RESPONSE:256
01-17 15:43:56.139 21905 22174 W LynxMotor: LynxGetMotorEncoderPositionCommand was abandoned waiting for response
01-17 15:43:56.243 21905 22174 V LynxModule: retransmitting: mod=3 cmd=0x1009 msg#=4 ref#=0 
01-17 15:43:56.344 21905 22174 V LynxModule: retransmitting: mod=3 cmd=0x1009 msg#=4 ref#=0 
01-17 15:43:56.393 21905 22174 V LynxModule: retransmitting: mod=3 cmd=0x1009 msg#=4 ref#=0 
01-17 15:43:56.394 21905 22174 V RobotCore: timeout: abandoning waiting 250ms for response: cmd=LynxGetMotorChannelModeCommand mod=3 msg#=4
01-17 15:43:56.394 21905 22174 V RobotCore: nack rec'd mod=3 msg#=4 ref#=0 reason=ABANDONED_WAITING_FOR_RESPONSE:256
01-17 15:43:56.395 21905 22174 W LynxMotor: LynxGetMotorChannelModeCommand was abandoned waiting for response
01-17 15:43:56.667 21905 22174 V LynxModule: retransmitting: mod=3 cmd=0x1016 msg#=34 ref#=0 
01-17 15:43:56.769 21905 22174 V LynxModule: retransmitting: mod=3 cmd=0x1016 msg#=34 ref#=0 
01-17 15:43:56.817 21905 22174 V LynxModule: retransmitting: mod=3 cmd=0x1016 msg#=34 ref#=0 
01-17 15:43:56.819 21905 22174 V RobotCore: timeout: abandoning waiting 250ms for response: cmd=LynxGetMotorEncoderPositionCommand mod=3 msg#=34
01-17 15:43:56.819 21905 22174 V RobotCore: nack rec'd mod=3 msg#=34 ref#=0 reason=ABANDONED_WAITING_FOR_RESPONSE:256
01-17 15:43:56.820 21905 22174 W LynxMotor: LynxGetMotorEncoderPositionCommand was abandoned waiting for response
01-17 15:43:56.946 21905 22174 V LynxModule: retransmitting: mod=3 cmd=0x1016 msg#=38 ref#=0 
01-17 15:43:57.047 21905 22174 V LynxModule: retransmitting: mod=3 cmd=0x1016 msg#=38 ref#=0 
01-17 15:43:57.096 21905 22174 V LynxModule: retransmitting: mod=3 cmd=0x1016 msg#=38 ref#=0 
01-17 15:43:57.097 21905 22174 V RobotCore: timeout: abandoning waiting 250ms for response: cmd=LynxGetMotorEncoderPositionCommand mod=3 msg#=38
01-17 15:43:57.098 21905 22174 V RobotCore: nack rec'd mod=3 msg#=38 ref#=0 reason=ABANDONED_WAITING_FOR_RESPONSE:256
01-17 15:43:57.098 21905 22174 W LynxMotor: LynxGetMotorEncoderPositionCommand was abandoned waiting for response
01-17 15:43:57.565 21905 22174 V LynxModule: retransmitting: mod=3 cmd=0x1016 msg#=98 ref#=0 
01-17 15:43:57.667 21905 22174 V LynxModule: retransmitting: mod=3 cmd=0x1016 msg#=98 ref#=0 
01-17 15:43:57.715 21905 22174 V LynxModule: retransmitting: mod=3 cmd=0x1016 msg#=98 ref#=0 
01-17 15:43:57.716 21905 22174 V RobotCore: timeout: abandoning waiting 250ms for response: cmd=LynxGetMotorEncoderPositionCommand mod=3 msg#=98
01-17 15:43:57.717 21905 22174 V RobotCore: nack rec'd mod=3 msg#=98 ref#=0 reason=ABANDONED_WAITING_FOR_RESPONSE:256
01-17 15:43:57.717 21905 22174 W LynxMotor: LynxGetMotorEncoderPositionCommand was abandoned waiting for response
01-17 15:43:59.102 21905 22174 V LynxModule: retransmitting: mod=3 cmd=0x1016 msg#=57 ref#=0 
01-17 15:43:59.209 21905 22174 V LynxModule: retransmitting: mod=3 cmd=0x1016 msg#=58 ref#=0 
01-17 15:44:00.126 21905 22174 V LynxModule: retransmitting: mod=3 cmd=0x1016 msg#=193 ref#=0 
01-17 15:44:00.229 21905 22174 V LynxModule: retransmitting: mod=3 cmd=0x1016 msg#=193 ref#=0 
01-17 15:44:00.695 21905 22174 V LynxModule: retransmitting: mod=3 cmd=0x1016 msg#=248 ref#=0 
01-17 15:44:01.324 21905 22174 V LynxModule: retransmitting: mod=3 cmd=0x1016 msg#=87 ref#=0 
01-17 15:44:01.426 21905 22174 V LynxModule: retransmitting: mod=3 cmd=0x1016 msg#=87 ref#=0 
01-17 15:44:01.474 21905 22174 V LynxModule: retransmitting: mod=3 cmd=0x1016 msg#=87 ref#=0 
01-17 15:44:01.476 21905 22174 V RobotCore: timeout: abandoning waiting 250ms for response: cmd=LynxGetMotorEncoderPositionCommand mod=3 msg#=87
01-17 15:44:01.476 21905 22174 V RobotCore: nack rec'd mod=3 msg#=87 ref#=0 reason=ABANDONED_WAITING_FOR_RESPONSE:256
01-17 15:44:01.476 21905 22174 W LynxMotor: LynxGetMotorEncoderPositionCommand was abandoned waiting for response
01-17 15:44:01.985 21905 22174 V LynxModule: retransmitting: mod=3 cmd=0x1016 msg#=155 ref#=0 
01-17 15:44:02.086 21905 22174 V LynxModule: retransmitting: mod=3 cmd=0x1016 msg#=155 ref#=0 
01-17 15:44:02.135 21905 22174 V LynxModule: retransmitting: mod=3 cmd=0x1016 msg#=155 ref#=0 
01-17 15:44:02.136 21905 22174 V RobotCore: timeout: abandoning waiting 250ms for response: cmd=LynxGetMotorEncoderPositionCommand mod=3 msg#=155
01-17 15:44:02.137 21905 22174 V RobotCore: nack rec'd mod=3 msg#=155 ref#=0 reason=ABANDONED_WAITING_FOR_RESPONSE:256
01-17 15:44:02.137 21905 22174 W LynxMotor: LynxGetMotorEncoderPositionCommand was abandoned waiting for response
01-17 15:44:02.277 21905 22174 V LynxModule: retransmitting: mod=3 cmd=0x1016 msg#=162 ref#=0 
01-17 15:44:02.642 21905 22174 V LynxModule: retransmitting: mod=3 cmd=0x1016 msg#=200 ref#=0 
01-17 15:44:02.956 21905 22174 V LynxModule: retransmitting: mod=3 cmd=0x100a msg#=235 ref#=0 
01-17 15:44:03.060 21905 22174 V LynxModule: retransmitting: mod=3 cmd=0x100a msg#=235 ref#=0 
01-17 15:44:03.105 21905 22174 V LynxModule: retransmitting: mod=3 cmd=0x100a msg#=235 ref#=0 
01-17 15:44:03.107 21905 22174 V RobotCore: timeout: abandoning waiting 250ms for ack: cmd=LynxSetMotorChannelEnableCommand mod=3 msg#=235
01-17 15:44:03.107 21905 22174 V RobotCore: nack rec'd mod=3 msg#=235 ref#=0 reason=ABANDONED_WAITING_FOR_ACK:257
01-17 15:44:03.108 21905 22174 W LynxMotor: LynxSetMotorChannelEnableCommand was abandoned waiting for ack
01-17 15:44:03.398 21905 22174 V LynxModule: retransmitting: mod=3 cmd=0x1016 msg#=13 ref#=0 
01-17 15:44:03.500 21905 22174 V LynxModule: retransmitting: mod=3 cmd=0x1016 msg#=13 ref#=0 
01-17 15:44:03.548 21905 22174 V LynxModule: retransmitting: mod=3 cmd=0x1016 msg#=13 ref#=0 
01-17 15:44:03.550 21905 22174 V RobotCore: timeout: abandoning waiting 250ms for response: cmd=LynxGetMotorEncoderPositionCommand mod=3 msg#=13
01-17 15:44:03.550 21905 22174 V RobotCore: nack rec'd mod=3 msg#=13 ref#=0 reason=ABANDONED_WAITING_FOR_RESPONSE:256
01-17 15:44:03.551 21905 22174 W LynxMotor: LynxGetMotorEncoderPositionCommand was abandoned waiting for response
01-17 15:44:03.895 21905 22174 V LynxModule: retransmitting: mod=3 cmd=0x1016 msg#=57 ref#=0 
01-17 15:44:04.454 21905 22174 V LynxModule: retransmitting: mod=3 cmd=0x1016 msg#=131 ref#=0 
01-17 15:44:04.557 21905 22174 V LynxModule: retransmitting: mod=3 cmd=0x1016 msg#=131 ref#=0 
01-17 15:44:04.604 21905 22174 V LynxModule: retransmitting: mod=3 cmd=0x1016 msg#=131 ref#=0 
01-17 15:44:04.607 21905 22174 V RobotCore: timeout: abandoning waiting 250ms for response: cmd=LynxGetMotorEncoderPositionCommand mod=3 msg#=131
01-17 15:44:04.607 21905 22174 V RobotCore: nack rec'd mod=3 msg#=131 ref#=0 reason=ABANDONED_WAITING_FOR_RESPONSE:256
01-17 15:44:04.608 21905 22174 W LynxMotor: LynxGetMotorEncoderPositionCommand was abandoned waiting for response
01-17 15:44:04.847 21905 22174 V LynxModule: retransmitting: mod=3 cmd=0x1009 msg#=151 ref#=0 
01-17 15:44:05.408 21905 22174 V LynxModule: retransmitting: mod=3 cmd=0x1016 msg#=220 ref#=0 
01-17 15:44:05.510 21905 22174 V LynxModule: retransmitting: mod=3 cmd=0x1016 msg#=220 ref#=0 
01-17 15:44:05.557 21905 22174 V LynxModule: retransmitting: mod=3 cmd=0x1016 msg#=220 ref#=0 
01-17 15:44:05.560 21905 22174 V RobotCore: timeout: abandoning waiting 250ms for response: cmd=LynxGetMotorEncoderPositionCommand mod=3 msg#=220
01-17 15:44:05.560 21905 22174 V RobotCore: nack rec'd mod=3 msg#=220 ref#=0 reason=ABANDONED_WAITING_FOR_RESPONSE:256
01-17 15:44:05.561 21905 22174 W LynxMotor: LynxGetMotorEncoderPositionCommand was abandoned waiting for response
01-17 15:44:05.676 21905 22174 V LynxModule: retransmitting: mod=3 cmd=0x1009 msg#=223 ref#=0 
01-17 15:44:06.196 21905 22174 V LynxModule: retransmitting: mod=3 cmd=0x1016 msg#=37 ref#=0 
01-17 15:44:06.399 21905 22174 V LynxModule: retransmitting: mod=3 cmd=0x100a msg#=55 ref#=0 
01-17 15:44:06.659 21905 22174 V LynxModule: retransmitting: mod=3 cmd=0x1016 msg#=80 ref#=0 
01-17 15:44:06.760 21905 22174 V LynxModule: retransmitting: mod=3 cmd=0x1016 msg#=80 ref#=0 
01-17 15:44:06.809 21905 22174 V LynxModule: retransmitting: mod=3 cmd=0x1016 msg#=80 ref#=0 
01-17 15:44:06.810 21905 22174 V RobotCore: timeout: abandoning waiting 250ms for response: cmd=LynxGetMotorEncoderPositionCommand mod=3 msg#=80
01-17 15:44:06.811 21905 22174 V RobotCore: nack rec'd mod=3 msg#=80 ref#=0 reason=ABANDONED_WAITING_FOR_RESPONSE:256
01-17 15:44:06.811 21905 22174 W LynxMotor: LynxGetMotorEncoderPositionCommand was abandoned waiting for response
01-17 15:44:07.025 21905 22174 V LynxModule: retransmitting: mod=3 cmd=0x1011 msg#=101 ref#=0 
01-17 15:44:07.128 21905 22174 V LynxModule: retransmitting: mod=3 cmd=0x1011 msg#=101 ref#=0 
01-17 15:44:07.175 21905 22174 V LynxModule: retransmitting: mod=3 cmd=0x1011 msg#=101 ref#=0 
01-17 15:44:07.178 21905 22174 V RobotCore: timeout: abandoning waiting 250ms for ack: cmd=LynxSetMotorTargetVelocityCommand mod=3 msg#=101
01-17 15:44:07.178 21905 22174 V RobotCore: nack rec'd mod=3 msg#=101 ref#=0 reason=ABANDONED_WAITING_FOR_ACK:257
01-17 15:44:07.179 21905 22174 W LynxMotor: LynxSetMotorTargetVelocityCommand was abandoned waiting for ack
01-17 15:44:08.217 21905 22174 V LynxModule: retransmitting: mod=3 cmd=0x1016 msg#=245 ref#=0 
01-17 15:44:08.318 21905 22174 V LynxModule: retransmitting: mod=3 cmd=0x1016 msg#=245 ref#=0 
01-17 15:44:08.366 21905 22174 V LynxModule: retransmitting: mod=3 cmd=0x1016 msg#=245 ref#=0 
01-17 15:44:08.369 21905 22174 V RobotCore: timeout: abandoning waiting 250ms for response: cmd=LynxGetMotorEncoderPositionCommand mod=3 msg#=245
01-17 15:44:08.369 21905 22174 V RobotCore: nack rec'd mod=3 msg#=245 ref#=0 reason=ABANDONED_WAITING_FOR_RESPONSE:256
01-17 15:44:08.370 21905 22174 W LynxMotor: LynxGetMotorEncoderPositionCommand was abandoned waiting for response
01-17 15:44:08.573 21905 22174 V LynxModule: retransmitting: mod=3 cmd=0x100a msg#=9 ref#=0 
01-17 15:44:08.676 21905 22174 V LynxModule: retransmitting: mod=3 cmd=0x100a msg#=9 ref#=0 
01-17 15:44:08.722 21905 22174 V LynxModule: retransmitting: mod=3 cmd=0x100a msg#=9 ref#=0 
01-17 15:44:08.725 21905 22174 V RobotCore: timeout: abandoning waiting 250ms for ack: cmd=LynxSetMotorChannelEnableCommand mod=3 msg#=9
01-17 15:44:08.725 21905 22174 V RobotCore: nack rec'd mod=3 msg#=9 ref#=0 reason=ABANDONED_WAITING_FOR_ACK:257
01-17 15:44:08.726 21905 22174 W LynxMotor: LynxSetMotorChannelEnableCommand was abandoned waiting for ack
01-17 15:44:09.224 21905 22174 V LynxModule: retransmitting: mod=3 cmd=0x1016 msg#=75 ref#=0 
01-17 15:44:09.327 21905 22174 V LynxModule: retransmitting: mod=3 cmd=0x1016 msg#=75 ref#=0 
01-17 15:44:09.373 21905 22174 V LynxModule: retransmitting: mod=3 cmd=0x1016 msg#=75 ref#=0 
01-17 15:44:09.375 21905 22174 V RobotCore: timeout: abandoning waiting 250ms for response: cmd=LynxGetMotorEncoderPositionCommand mod=3 msg#=75
01-17 15:44:09.375 21905 22174 V RobotCore: nack rec'd mod=3 msg#=75 ref#=0 reason=ABANDONED_WAITING_FOR_RESPONSE:256
01-17 15:44:09.376 21905 22174 W LynxMotor: LynxGetMotorEncoderPositionCommand was abandoned waiting for response
01-17 15:44:09.635 21905 22174 V LynxModule: retransmitting: mod=3 cmd=0x100a msg#=102 ref#=0 
01-17 15:44:09.737 21905 22174 V LynxModule: retransmitting: mod=3 cmd=0x100a msg#=102 ref#=0 
01-17 15:44:09.785 21905 22174 V LynxModule: retransmitting: mod=3 cmd=0x100a msg#=102 ref#=0 
01-17 15:44:09.786 21905 22174 V RobotCore: timeout: abandoning waiting 250ms for ack: cmd=LynxSetMotorChannelEnableCommand mod=3 msg#=102
01-17 15:44:09.786 21905 22174 V RobotCore: nack rec'd mod=3 msg#=102 ref#=0 reason=ABANDONED_WAITING_FOR_ACK:257
01-17 15:44:09.787 21905 22174 W LynxMotor: LynxSetMotorChannelEnableCommand was abandoned waiting for ack
01-17 15:44:11.097 21905 22174 V LynxModule: retransmitting: mod=3 cmd=0x1011 msg#=43 ref#=0 
01-17 15:44:11.198 21905 22174 V LynxModule: retransmitting: mod=3 cmd=0x1011 msg#=43 ref#=0 
01-17 15:44:11.246 21905 22174 V LynxModule: retransmitting: mod=3 cmd=0x1011 msg#=43 ref#=0 
01-17 15:44:11.248 21905 22174 V RobotCore: timeout: abandoning waiting 250ms for ack: cmd=LynxSetMotorTargetVelocityCommand mod=3 msg#=43
01-17 15:44:11.249 21905 22174 V RobotCore: nack rec'd mod=3 msg#=43 ref#=0 reason=ABANDONED_WAITING_FOR_ACK:257
01-17 15:44:11.249 21905 22174 W LynxMotor: LynxSetMotorTargetVelocityCommand was abandoned waiting for ack
01-17 15:44:13.240 21905 21905 I BatteryChecker: percent remaining: 100 is charging: false
01-17 15:44:13.327 21905 21905 I BatteryChecker: percent remaining: 100 is charging: false
01-17 15:44:15.028 21905 22174 V LynxModule: retransmitting: mod=3 cmd=0x1009 msg#=163 ref#=0 
01-17 15:44:15.130 21905 22174 V LynxModule: retransmitting: mod=3 cmd=0x1009 msg#=163 ref#=0 
01-17 15:44:15.177 21905 22174 V LynxModule: retransmitting: mod=3 cmd=0x1009 msg#=163 ref#=0 
01-17 15:44:15.178 21905 22174 V RobotCore: timeout: abandoning waiting 250ms for response: cmd=LynxGetMotorChannelModeCommand mod=3 msg#=163
01-17 15:44:15.179 21905 22174 V RobotCore: nack rec'd mod=3 msg#=163 ref#=0 reason=ABANDONED_WAITING_FOR_RESPONSE:256
01-17 15:44:15.179 21905 22174 W LynxMotor: LynxGetMotorChannelModeCommand was abandoned waiting for response
01-17 15:44:17.028 21905 22174 V LynxModule: retransmitting: mod=3 cmd=0x100a msg#=201 ref#=0 
01-17 15:44:17.251 21905 22174 V LynxModule: retransmitting: mod=3 cmd=0x1016 msg#=219 ref#=0 
01-17 15:44:18.506 21905 22174 V LynxModule: retransmitting: mod=3 cmd=0x1016 msg#=170 ref#=0 
01-17 15:44:18.666 21905 22174 V LynxModule: retransmitting: mod=3 cmd=0x1016 msg#=178 ref#=0 
01-17 15:44:18.991 21905 22174 V LynxModule: retransmitting: mod=3 cmd=0x1016 msg#=212 ref#=0 
01-17 15:44:19.094 21905 22174 V LynxModule: retransmitting: mod=3 cmd=0x1016 msg#=212 ref#=0 
01-17 15:44:19.140 21905 22174 V LynxModule: retransmitting: mod=3 cmd=0x1016 msg#=212 ref#=0 
01-17 15:44:19.143 21905 22174 V RobotCore: timeout: abandoning waiting 250ms for response: cmd=LynxGetMotorEncoderPositionCommand mod=3 msg#=212
01-17 15:44:19.143 21905 22174 V RobotCore: nack rec'd mod=3 msg#=212 ref#=0 reason=ABANDONED_WAITING_FOR_RESPONSE:256
01-17 15:44:19.144 21905 22174 W LynxMotor: LynxGetMotorEncoderPositionCommand was abandoned waiting for response
01-17 15:44:20.054 21905 22174 V LynxModule: retransmitting: mod=3 cmd=0x1016 msg#=96 ref#=0 
01-17 15:44:20.157 21905 22174 V LynxModule: retransmitting: mod=3 cmd=0x1016 msg#=96 ref#=0 
01-17 15:44:20.203 21905 22174 V LynxModule: retransmitting: mod=3 cmd=0x1016 msg#=96 ref#=0 
01-17 15:44:20.205 21905 22174 V RobotCore: timeout: abandoning waiting 250ms for response: cmd=LynxGetMotorEncoderPositionCommand mod=3 msg#=96
01-17 15:44:20.206 21905 22174 V RobotCore: nack rec'd mod=3 msg#=96 ref#=0 reason=ABANDONED_WAITING_FOR_RESPONSE:256
01-17 15:44:20.206 21905 22174 W LynxMotor: LynxGetMotorEncoderPositionCommand was abandoned waiting for response
01-17 15:44:21.771 21905 22174 V LynxModule: retransmitting: mod=3 cmd=0x1016 msg#=108 ref#=0 
01-17 15:44:21.873 21905 22174 V LynxModule: retransmitting: mod=3 cmd=0x1016 msg#=108 ref#=0 
01-17 15:44:21.921 21905 22174 V LynxModule: retransmitting: mod=3 cmd=0x1016 msg#=108 ref#=0 
01-17 15:44:21.926 21905 22174 V RobotCore: timeout: abandoning waiting 250ms for response: cmd=LynxGetMotorEncoderPositionCommand mod=3 msg#=108
01-17 15:44:21.927 21905 22174 V RobotCore: nack rec'd mod=3 msg#=108 ref#=0 reason=ABANDONED_WAITING_FOR_RESPONSE:256
01-17 15:44:21.927 21905 22174 W LynxMotor: LynxGetMotorEncoderPositionCommand was abandoned waiting for response
01-17 15:44:23.046 21905 22174 V LynxModule: retransmitting: mod=3 cmd=0x1016 msg#=14 ref#=0 
01-17 15:44:23.147 21905 22174 V LynxModule: retransmitting: mod=3 cmd=0x1016 msg#=14 ref#=0 
01-17 15:44:23.196 21905 22174 V LynxModule: retransmitting: mod=3 cmd=0x1016 msg#=14 ref#=0 
01-17 15:44:23.197 21905 22174 V RobotCore: timeout: abandoning waiting 250ms for response: cmd=LynxGetMotorEncoderPositionCommand mod=3 msg#=14
01-17 15:44:23.198 21905 22174 V RobotCore: nack rec'd mod=3 msg#=14 ref#=0 reason=ABANDONED_WAITING_FOR_RESPONSE:256
01-17 15:44:23.204 21905 22174 W LynxMotor: LynxGetMotorEncoderPositionCommand was abandoned waiting for response
01-17 15:44:24.022 21905 22174 V LynxModule: retransmitting: mod=3 cmd=0x1016 msg#=145 ref#=0 
01-17 15:44:24.123 21905 22174 V LynxModule: retransmitting: mod=3 cmd=0x1016 msg#=145 ref#=0 
01-17 15:44:24.172 21905 22174 V LynxModule: retransmitting: mod=3 cmd=0x1016 msg#=145 ref#=0 
01-17 15:44:24.175 21905 22174 V RobotCore: timeout: abandoning waiting 250ms for response: cmd=LynxGetMotorEncoderPositionCommand mod=3 msg#=145
01-17 15:44:24.175 21905 22174 V RobotCore: nack rec'd mod=3 msg#=145 ref#=0 reason=ABANDONED_WAITING_FOR_RESPONSE:256
01-17 15:44:24.176 21905 22174 W LynxMotor: LynxGetMotorEncoderPositionCommand was abandoned waiting for response
01-17 15:44:24.546 21905 22174 V LynxModule: retransmitting: mod=3 cmd=0x1016 msg#=185 ref#=0 
01-17 15:44:24.649 21905 22174 V LynxModule: retransmitting: mod=3 cmd=0x1016 msg#=185 ref#=0 
01-17 15:44:24.696 21905 22174 V LynxModule: retransmitting: mod=3 cmd=0x1016 msg#=185 ref#=0 
01-17 15:44:24.699 21905 22174 V RobotCore: timeout: abandoning waiting 250ms for response: cmd=LynxGetMotorEncoderPositionCommand mod=3 msg#=185
01-17 15:44:24.699 21905 22174 V RobotCore: nack rec'd mod=3 msg#=185 ref#=0 reason=ABANDONED_WAITING_FOR_RESPONSE:256
01-17 15:44:24.700 21905 22174 W LynxMotor: LynxGetMotorEncoderPositionCommand was abandoned waiting for response
01-17 15:44:26.187 21905 22174 V LynxModule: retransmitting: mod=3 cmd=0x1016 msg#=172 ref#=0 
01-17 15:44:28.292 21905 22174 V LynxModule: retransmitting: mod=3 cmd=0x1016 msg#=8 ref#=0 
01-17 15:44:29.565 21905 22174 V LynxModule: retransmitting: mod=3 cmd=0x1016 msg#=214 ref#=0 
01-17 15:44:34.709 21905 22174 V LynxModule: retransmitting: mod=3 cmd=0x1011 msg#=71 ref#=0 
01-17 15:44:34.812 21905 22174 V LynxModule: retransmitting: mod=3 cmd=0x1011 msg#=71 ref#=0 
01-17 15:44:34.858 21905 22174 V LynxModule: retransmitting: mod=3 cmd=0x1011 msg#=71 ref#=0 
01-17 15:44:34.860 21905 22174 V RobotCore: timeout: abandoning waiting 250ms for ack: cmd=LynxSetMotorTargetVelocityCommand mod=3 msg#=71
01-17 15:44:34.861 21905 22174 V RobotCore: nack rec'd mod=3 msg#=71 ref#=0 reason=ABANDONED_WAITING_FOR_ACK:257
01-17 15:44:34.861 21905 22174 W LynxMotor: LynxSetMotorTargetVelocityCommand was abandoned waiting for ack
01-17 15:44:35.341 21905 22174 V LynxModule: retransmitting: mod=3 cmd=0x1016 msg#=145 ref#=0 
01-17 15:44:35.863 21905 22174 V LynxModule: retransmitting: mod=3 cmd=0x1011 msg#=207 ref#=0 
01-17 15:44:35.966 21905 22174 V LynxModule: retransmitting: mod=3 cmd=0x1011 msg#=207 ref#=0 
01-17 15:44:36.013 21905 22174 V LynxModule: retransmitting: mod=3 cmd=0x1011 msg#=207 ref#=0 
01-17 15:44:36.016 21905 22174 V RobotCore: timeout: abandoning waiting 250ms for ack: cmd=LynxSetMotorTargetVelocityCommand mod=3 msg#=207
01-17 15:44:36.016 21905 22174 V RobotCore: nack rec'd mod=3 msg#=207 ref#=0 reason=ABANDONED_WAITING_FOR_ACK:257
01-17 15:44:36.017 21905 22174 W LynxMotor: LynxSetMotorTargetVelocityCommand was abandoned waiting for ack
01-17 15:44:37.084 21905 22174 V LynxModule: retransmitting: mod=3 cmd=0x1016 msg#=131 ref#=0 
01-17 15:44:37.249 21905 22174 V LynxModule: retransmitting: mod=3 cmd=0x1009 msg#=140 ref#=0 
01-17 15:44:37.350 21905 22174 V LynxModule: retransmitting: mod=3 cmd=0x1009 msg#=140 ref#=0 
01-17 15:44:37.398 21905 22174 V LynxModule: retransmitting: mod=3 cmd=0x1009 msg#=140 ref#=0 
01-17 15:44:37.400 21905 22174 V RobotCore: timeout: abandoning waiting 250ms for response: cmd=LynxGetMotorChannelModeCommand mod=3 msg#=140
01-17 15:44:37.401 21905 22174 V RobotCore: nack rec'd mod=3 msg#=140 ref#=0 reason=ABANDONED_WAITING_FOR_RESPONSE:256
01-17 15:44:37.401 21905 22174 W LynxMotor: LynxGetMotorChannelModeCommand was abandoned waiting for response
01-17 15:44:37.754 21905 22174 V LynxModule: retransmitting: mod=3 cmd=0x100a msg#=180 ref#=0 
01-17 15:44:38.342 21905 22174 V LynxModule: retransmitting: mod=3 cmd=0x1016 msg#=7 ref#=0 
01-17 15:44:38.444 21905 22174 V LynxModule: retransmitting: mod=3 cmd=0x1016 msg#=7 ref#=0 
01-17 15:44:38.492 21905 22174 V LynxModule: retransmitting: mod=3 cmd=0x1016 msg#=7 ref#=0 
01-17 15:44:38.493 21905 22174 V RobotCore: timeout: abandoning waiting 250ms for response: cmd=LynxGetMotorEncoderPositionCommand mod=3 msg#=7
01-17 15:44:38.493 21905 22174 V RobotCore: nack rec'd mod=3 msg#=7 ref#=0 reason=ABANDONED_WAITING_FOR_RESPONSE:256
01-17 15:44:38.494 21905 22174 W LynxMotor: LynxGetMotorEncoderPositionCommand was abandoned waiting for response
01-17 15:44:39.279 21905 22174 V LynxModule: retransmitting: mod=3 cmd=0x1016 msg#=134 ref#=0 
01-17 15:44:39.382 21905 22174 V LynxModule: retransmitting: mod=3 cmd=0x1016 msg#=134 ref#=0 
01-17 15:44:39.429 21905 22174 V LynxModule: retransmitting: mod=3 cmd=0x1016 msg#=134 ref#=0 
01-17 15:44:39.430 21905 22174 V RobotCore: timeout: abandoning waiting 250ms for response: cmd=LynxGetMotorEncoderPositionCommand mod=3 msg#=134
01-17 15:44:39.430 21905 22174 V RobotCore: nack rec'd mod=3 msg#=134 ref#=0 reason=ABANDONED_WAITING_FOR_RESPONSE:256
01-17 15:44:39.431 21905 22174 W LynxMotor: LynxGetMotorEncoderPositionCommand was abandoned waiting for response
01-17 15:44:41.095 21905 22174 V LynxModule: retransmitting: mod=3 cmd=0x1016 msg#=151 ref#=0 
01-17 15:44:41.197 21905 22174 V LynxModule: retransmitting: mod=3 cmd=0x1016 msg#=151 ref#=0 
01-17 15:44:41.244 21905 22174 V LynxModule: retransmitting: mod=3 cmd=0x1016 msg#=151 ref#=0 
01-17 15:44:41.246 21905 22174 V RobotCore: timeout: abandoning waiting 250ms for response: cmd=LynxGetMotorEncoderPositionCommand mod=3 msg#=151
01-17 15:44:41.246 21905 22174 V RobotCore: nack rec'd mod=3 msg#=151 ref#=0 reason=ABANDONED_WAITING_FOR_RESPONSE:256
01-17 15:44:41.247 21905 22174 W LynxMotor: LynxGetMotorEncoderPositionCommand was abandoned waiting for response
01-17 15:44:41.582 21905 22174 V LynxModule: retransmitting: mod=3 cmd=0x1016 msg#=185 ref#=0 
01-17 15:44:41.685 21905 22174 V LynxModule: retransmitting: mod=3 cmd=0x1016 msg#=185 ref#=0 
01-17 15:44:41.732 21905 22174 V LynxModule: retransmitting: mod=3 cmd=0x1016 msg#=185 ref#=0 
01-17 15:44:41.734 21905 22174 V RobotCore: timeout: abandoning waiting 250ms for response: cmd=LynxGetMotorEncoderPositionCommand mod=3 msg#=185
01-17 15:44:41.735 21905 22174 V RobotCore: nack rec'd mod=3 msg#=185 ref#=0 reason=ABANDONED_WAITING_FOR_RESPONSE:256
01-17 15:44:41.736 21905 22174 W LynxMotor: LynxGetMotorEncoderPositionCommand was abandoned waiting for response
01-17 15:44:44.388 21905 22174 V LynxModule: retransmitting: mod=3 cmd=0x1011 msg#=129 ref#=0 
01-17 15:44:44.556 21905 22174 V LynxModule: retransmitting: mod=3 cmd=0x1011 msg#=136 ref#=0 
01-17 15:44:44.677 21905 22174 V LynxModule: retransmitting: mod=3 cmd=0x1009 msg#=138 ref#=0 
01-17 15:44:46.628 21905 22174 V LynxModule: retransmitting: mod=3 cmd=0x1016 msg#=201 ref#=0 
01-17 15:44:46.731 21905 22174 V LynxModule: retransmitting: mod=3 cmd=0x1016 msg#=201 ref#=0 
01-17 15:44:46.778 21905 22174 V LynxModule: retransmitting: mod=3 cmd=0x1016 msg#=201 ref#=0 
01-17 15:44:46.779 21905 22174 V RobotCore: timeout: abandoning waiting 250ms for response: cmd=LynxGetMotorEncoderPositionCommand mod=3 msg#=201
01-17 15:44:46.780 21905 22174 V RobotCore: nack rec'd mod=3 msg#=201 ref#=0 reason=ABANDONED_WAITING_FOR_RESPONSE:256
01-17 15:44:46.780 21905 22174 W LynxMotor: LynxGetMotorEncoderPositionCommand was abandoned waiting for response
01-17 15:44:47.757 21905 21915 I art     : Background sticky concurrent mark sweep GC freed 135503(4MB) AllocSpace objects, 0(0B) LOS objects, 17% free, 22MB/26MB, paused 5.939ms total 64.646ms
01-17 15:45:03.514 21905 22174 I RobotCore: robot battery read duration: n=10, mean=6.028ms sd=7.012ms
01-17 15:45:07.332 21905 21905 I BatteryChecker: percent remaining: 100 is charging: false
01-17 15:45:10.425 21905 22174 V LynxModule: retransmitting: mod=3 cmd=0x1016 msg#=216 ref#=0 
01-17 15:45:10.527 21905 22174 V LynxModule: retransmitting: mod=3 cmd=0x1016 msg#=216 ref#=0 
01-17 15:45:10.575 21905 22174 V LynxModule: retransmitting: mod=3 cmd=0x1016 msg#=216 ref#=0 
01-17 15:45:10.576 21905 22174 V RobotCore: timeout: abandoning waiting 250ms for response: cmd=LynxGetMotorEncoderPositionCommand mod=3 msg#=216
01-17 15:45:10.576 21905 22174 V RobotCore: nack rec'd mod=3 msg#=216 ref#=0 reason=ABANDONED_WAITING_FOR_RESPONSE:256
01-17 15:45:10.577 21905 22174 W LynxMotor: LynxGetMotorEncoderPositionCommand was abandoned waiting for response
01-17 15:45:11.322 21905 22174 V LynxModule: retransmitting: mod=3 cmd=0x1016 msg#=77 ref#=0 
01-17 15:45:11.741 21905 22174 V LynxModule: retransmitting: mod=3 cmd=0x1016 msg#=140 ref#=0 
01-17 15:45:11.842 21905 22174 V LynxModule: retransmitting: mod=3 cmd=0x1016 msg#=140 ref#=0 
01-17 15:45:11.891 21905 22174 V LynxModule: retransmitting: mod=3 cmd=0x1016 msg#=140 ref#=0 
01-17 15:45:11.892 21905 22174 V RobotCore: timeout: abandoning waiting 250ms for response: cmd=LynxGetMotorEncoderPositionCommand mod=3 msg#=140
01-17 15:45:11.893 21905 22174 V RobotCore: nack rec'd mod=3 msg#=140 ref#=0 reason=ABANDONED_WAITING_FOR_RESPONSE:256
01-17 15:45:11.893 21905 22174 W LynxMotor: LynxGetMotorEncoderPositionCommand was abandoned waiting for response
01-17 15:45:12.046 21905 22174 V LynxModule: retransmitting: mod=3 cmd=0x1016 msg#=148 ref#=0 
01-17 15:45:12.147 21905 22174 V LynxModule: retransmitting: mod=3 cmd=0x1016 msg#=148 ref#=0 
01-17 15:45:12.196 21905 22174 V LynxModule: retransmitting: mod=3 cmd=0x1016 msg#=148 ref#=0 
01-17 15:45:12.197 21905 22174 V RobotCore: timeout: abandoning waiting 250ms for response: cmd=LynxGetMotorEncoderPositionCommand mod=3 msg#=148
01-17 15:45:12.198 21905 22174 V RobotCore: nack rec'd mod=3 msg#=148 ref#=0 reason=ABANDONED_WAITING_FOR_RESPONSE:256
01-17 15:45:12.198 21905 22174 W LynxMotor: LynxGetMotorEncoderPositionCommand was abandoned waiting for response
01-17 15:45:12.638 21905 22174 V LynxModule: retransmitting: mod=3 cmd=0x1016 msg#=199 ref#=0 
01-17 15:45:12.739 21905 22174 V LynxModule: retransmitting: mod=3 cmd=0x1016 msg#=199 ref#=0 
01-17 15:45:12.787 21905 22174 V LynxModule: retransmitting: mod=3 cmd=0x1016 msg#=199 ref#=0 
01-17 15:45:12.790 21905 22174 V RobotCore: timeout: abandoning waiting 250ms for response: cmd=LynxGetMotorEncoderPositionCommand mod=3 msg#=199
01-17 15:45:12.790 21905 22174 V RobotCore: nack rec'd mod=3 msg#=199 ref#=0 reason=ABANDONED_WAITING_FOR_RESPONSE:256
01-17 15:45:12.791 21905 22174 W LynxMotor: LynxGetMotorEncoderPositionCommand was abandoned waiting for response
01-17 15:45:13.397 21905 21905 I BatteryChecker: percent remaining: 100 is charging: false
01-17 15:45:13.847 21905 22174 V LynxModule: retransmitting: mod=3 cmd=0x1016 msg#=115 ref#=0 
01-17 15:45:13.951 21905 22174 V LynxModule: retransmitting: mod=3 cmd=0x1016 msg#=115 ref#=0 
01-17 15:45:13.997 21905 22174 V LynxModule: retransmitting: mod=3 cmd=0x1016 msg#=115 ref#=0 
01-17 15:45:13.998 21905 22174 V RobotCore: timeout: abandoning waiting 250ms for response: cmd=LynxGetMotorEncoderPositionCommand mod=3 msg#=115
01-17 15:45:13.998 21905 22174 V RobotCore: nack rec'd mod=3 msg#=115 ref#=0 reason=ABANDONED_WAITING_FOR_RESPONSE:256
01-17 15:45:13.999 21905 22174 W LynxMotor: LynxGetMotorEncoderPositionCommand was abandoned waiting for response
01-17 15:45:15.579 21905 22174 V LynxModule: retransmitting: mod=3 cmd=0x1016 msg#=118 ref#=0 
01-17 15:45:15.681 21905 22174 V LynxModule: retransmitting: mod=3 cmd=0x1016 msg#=118 ref#=0 
01-17 15:45:15.729 21905 22174 V LynxModule: retransmitting: mod=3 cmd=0x1016 msg#=118 ref#=0 
01-17 15:45:15.730 21905 22174 V RobotCore: timeout: abandoning waiting 250ms for response: cmd=LynxGetMotorEncoderPositionCommand mod=3 msg#=118
01-17 15:45:15.731 21905 22174 V RobotCore: nack rec'd mod=3 msg#=118 ref#=0 reason=ABANDONED_WAITING_FOR_RESPONSE:256
01-17 15:45:15.731 21905 22174 W LynxMotor: LynxGetMotorEncoderPositionCommand was abandoned waiting for response
01-17 15:45:15.837 21905 22174 V LynxModule: retransmitting: mod=3 cmd=0x1016 msg#=119 ref#=0 
01-17 15:45:15.938 21905 22174 V LynxModule: retransmitting: mod=3 cmd=0x1016 msg#=119 ref#=0 
01-17 15:45:15.987 21905 22174 V LynxModule: retransmitting: mod=3 cmd=0x1016 msg#=119 ref#=0 
01-17 15:45:15.988 21905 22174 V RobotCore: timeout: abandoning waiting 250ms for response: cmd=LynxGetMotorEncoderPositionCommand mod=3 msg#=119
01-17 15:45:15.989 21905 22174 V RobotCore: nack rec'd mod=3 msg#=119 ref#=0 reason=ABANDONED_WAITING_FOR_RESPONSE:256
01-17 15:45:15.990 21905 22174 W LynxMotor: LynxGetMotorEncoderPositionCommand was abandoned waiting for response
01-17 15:45:16.253 21905 22174 V LynxModule: retransmitting: mod=3 cmd=0x1016 msg#=144 ref#=0 
01-17 15:45:16.354 21905 22174 V LynxModule: retransmitting: mod=3 cmd=0x1016 msg#=144 ref#=0 
01-17 15:45:16.402 21905 22174 V LynxModule: retransmitting: mod=3 cmd=0x1016 msg#=144 ref#=0 
01-17 15:45:16.405 21905 22174 V RobotCore: timeout: abandoning waiting 250ms for response: cmd=LynxGetMotorEncoderPositionCommand mod=3 msg#=144
01-17 15:45:16.405 21905 22174 V RobotCore: nack rec'd mod=3 msg#=144 ref#=0 reason=ABANDONED_WAITING_FOR_RESPONSE:256
01-17 15:45:16.406 21905 22174 W LynxMotor: LynxGetMotorEncoderPositionCommand was abandoned waiting for response
01-17 15:45:16.787 21905 22174 V LynxModule: retransmitting: mod=3 cmd=0x1016 msg#=188 ref#=0 
01-17 15:45:16.907 21905 22174 V LynxModule: retransmitting: mod=3 cmd=0x1016 msg#=190 ref#=0 
01-17 15:45:17.186 21905 22174 V LynxModule: retransmitting: mod=3 cmd=0x1016 msg#=217 ref#=0 
01-17 15:45:17.288 21905 22174 V LynxModule: retransmitting: mod=3 cmd=0x1016 msg#=217 ref#=0 
01-17 15:45:17.335 21905 22174 V LynxModule: retransmitting: mod=3 cmd=0x1016 msg#=217 ref#=0 
01-17 15:45:17.338 21905 22174 V RobotCore: timeout: abandoning waiting 250ms for response: cmd=LynxGetMotorEncoderPositionCommand mod=3 msg#=217
01-17 15:45:17.338 21905 22174 V RobotCore: nack rec'd mod=3 msg#=217 ref#=0 reason=ABANDONED_WAITING_FOR_RESPONSE:256
01-17 15:45:17.338 21905 22174 W LynxMotor: LynxGetMotorEncoderPositionCommand was abandoned waiting for response
01-17 15:45:17.662 21905 22174 V LynxModule: retransmitting: mod=3 cmd=0x1009 msg#=251 ref#=0 
01-17 15:45:18.497 21905 22174 V LynxModule: retransmitting: mod=3 cmd=0x1016 msg#=145 ref#=0 
01-17 15:45:18.835 21905 22174 V LynxModule: retransmitting: mod=3 cmd=0x1009 msg#=181 ref#=0 
01-17 15:45:19.375 21905 22174 V LynxModule: retransmitting: mod=3 cmd=0x1016 msg#=250 ref#=0 
01-17 15:45:19.868 21905 22174 V LynxModule: retransmitting: mod=3 cmd=0x1016 msg#=73 ref#=0 
01-17 15:45:19.969 21905 22174 V LynxModule: retransmitting: mod=3 cmd=0x1016 msg#=73 ref#=0 
01-17 15:45:20.017 21905 22174 V LynxModule: retransmitting: mod=3 cmd=0x1016 msg#=73 ref#=0 
01-17 15:45:20.020 21905 22174 V RobotCore: timeout: abandoning waiting 250ms for response: cmd=LynxGetMotorEncoderPositionCommand mod=3 msg#=73
01-17 15:45:20.020 21905 22174 V RobotCore: nack rec'd mod=3 msg#=73 ref#=0 reason=ABANDONED_WAITING_FOR_RESPONSE:256
01-17 15:45:20.021 21905 22174 W LynxMotor: LynxGetMotorEncoderPositionCommand was abandoned waiting for response
01-17 15:45:20.847 21905 22174 V LynxModule: retransmitting: mod=3 cmd=0x1016 msg#=200 ref#=0 
01-17 15:45:20.949 21905 22174 V LynxModule: retransmitting: mod=3 cmd=0x1016 msg#=200 ref#=0 
01-17 15:45:20.996 21905 22174 V LynxModule: retransmitting: mod=3 cmd=0x1016 msg#=200 ref#=0 
01-17 15:45:20.999 21905 22174 V RobotCore: timeout: abandoning waiting 250ms for response: cmd=LynxGetMotorEncoderPositionCommand mod=3 msg#=200
01-17 15:45:20.999 21905 22174 V RobotCore: nack rec'd mod=3 msg#=200 ref#=0 reason=ABANDONED_WAITING_FOR_RESPONSE:256
01-17 15:45:21.000 21905 22174 W LynxMotor: LynxGetMotorEncoderPositionCommand was abandoned waiting for response
01-17 15:45:22.673 21905 22174 V LynxModule: retransmitting: mod=3 cmd=0x1011 msg#=227 ref#=0 
01-17 15:45:22.774 21905 22174 V LynxModule: retransmitting: mod=3 cmd=0x1011 msg#=227 ref#=0 
01-17 15:45:22.823 21905 22174 V LynxModule: retransmitting: mod=3 cmd=0x1011 msg#=227 ref#=0 
01-17 15:45:22.824 21905 22174 V RobotCore: timeout: abandoning waiting 250ms for ack: cmd=LynxSetMotorTargetVelocityCommand mod=3 msg#=227
01-17 15:45:22.824 21905 22174 V RobotCore: nack rec'd mod=3 msg#=227 ref#=0 reason=ABANDONED_WAITING_FOR_ACK:257
01-17 15:45:22.825 21905 22174 W LynxMotor: LynxSetMotorTargetVelocityCommand was abandoned waiting for ack
01-17 15:45:23.141 21905 22174 V LynxModule: retransmitting: mod=3 cmd=0x1016 msg#=8 ref#=0 
01-17 15:45:26.371 21905 22174 V LynxModule: retransmitting: mod=3 cmd=0x1016 msg#=49 ref#=0 
01-17 15:45:26.495 21905 22174 V LynxModule: retransmitting: mod=3 cmd=0x1016 msg#=52 ref#=0 
01-17 15:45:26.857 21905 22174 V LynxModule: retransmitting: mod=3 cmd=0x1016 msg#=100 ref#=0 
01-17 15:45:27.032 21905 22174 V LynxModule: retransmitting: mod=3 cmd=0x1016 msg#=120 ref#=0 
01-17 15:45:27.294 21905 22174 V LynxModule: retransmitting: mod=3 cmd=0x1016 msg#=145 ref#=0 
01-17 15:45:27.585 21905 22174 V LynxModule: retransmitting: mod=3 cmd=0x1016 msg#=174 ref#=0 
01-17 15:45:27.687 21905 22174 V LynxModule: retransmitting: mod=3 cmd=0x1016 msg#=174 ref#=0 
01-17 15:45:27.734 21905 22174 V LynxModule: retransmitting: mod=3 cmd=0x1016 msg#=174 ref#=0 
01-17 15:45:27.736 21905 22174 V RobotCore: timeout: abandoning waiting 250ms for response: cmd=LynxGetMotorEncoderPositionCommand mod=3 msg#=174
01-17 15:45:27.737 21905 22174 V RobotCore: nack rec'd mod=3 msg#=174 ref#=0 reason=ABANDONED_WAITING_FOR_RESPONSE:256
01-17 15:45:27.737 21905 22174 W LynxMotor: LynxGetMotorEncoderPositionCommand was abandoned waiting for response
01-17 15:45:27.857 21905 22174 V LynxModule: retransmitting: mod=3 cmd=0x1011 msg#=179 ref#=0 
01-17 15:45:27.959 21905 22174 V LynxModule: retransmitting: mod=3 cmd=0x1011 msg#=179 ref#=0 
01-17 15:45:28.007 21905 22174 V LynxModule: retransmitting: mod=3 cmd=0x1011 msg#=179 ref#=0 
01-17 15:45:28.009 21905 22174 V RobotCore: timeout: abandoning waiting 250ms for ack: cmd=LynxSetMotorTargetVelocityCommand mod=3 msg#=179
01-17 15:45:28.010 21905 22174 V RobotCore: nack rec'd mod=3 msg#=179 ref#=0 reason=ABANDONED_WAITING_FOR_ACK:257
01-17 15:45:28.010 21905 22174 W LynxMotor: LynxSetMotorTargetVelocityCommand was abandoned waiting for ack
01-17 15:45:28.500 21905 22174 V LynxModule: retransmitting: mod=3 cmd=0x1016 msg#=238 ref#=0 
01-17 15:45:28.601 21905 22174 V LynxModule: retransmitting: mod=3 cmd=0x1016 msg#=238 ref#=0 
01-17 15:45:28.650 21905 22174 V LynxModule: retransmitting: mod=3 cmd=0x1016 msg#=238 ref#=0 
01-17 15:45:28.651 21905 22174 V RobotCore: timeout: abandoning waiting 250ms for response: cmd=LynxGetMotorEncoderPositionCommand mod=3 msg#=238
01-17 15:45:28.652 21905 22174 V RobotCore: nack rec'd mod=3 msg#=238 ref#=0 reason=ABANDONED_WAITING_FOR_RESPONSE:256
01-17 15:45:28.652 21905 22174 W LynxMotor: LynxGetMotorEncoderPositionCommand was abandoned waiting for response
01-17 15:45:28.926 21905 22174 V LynxModule: retransmitting: mod=3 cmd=0x1016 msg#=17 ref#=0 
01-17 15:45:29.028 21905 22174 V LynxModule: retransmitting: mod=3 cmd=0x1016 msg#=17 ref#=0 
01-17 15:45:29.076 21905 22174 V LynxModule: retransmitting: mod=3 cmd=0x1016 msg#=17 ref#=0 
01-17 15:45:29.079 21905 22174 V RobotCore: timeout: abandoning waiting 250ms for response: cmd=LynxGetMotorEncoderPositionCommand mod=3 msg#=17
01-17 15:45:29.079 21905 22174 V RobotCore: nack rec'd mod=3 msg#=17 ref#=0 reason=ABANDONED_WAITING_FOR_RESPONSE:256
01-17 15:45:29.079 21905 22174 W LynxMotor: LynxGetMotorEncoderPositionCommand was abandoned waiting for response
01-17 15:45:29.470 21905 22174 V LynxModule: retransmitting: mod=3 cmd=0x1016 msg#=68 ref#=0 
01-17 15:45:29.828 21905 22174 V LynxModule: retransmitting: mod=3 cmd=0x1009 msg#=124 ref#=0 
01-17 15:45:29.931 21905 22174 V LynxModule: retransmitting: mod=3 cmd=0x1009 msg#=124 ref#=0 
01-17 15:45:29.977 21905 22174 V LynxModule: retransmitting: mod=3 cmd=0x1009 msg#=124 ref#=0 
01-17 15:45:29.980 21905 22174 V RobotCore: timeout: abandoning waiting 250ms for response: cmd=LynxGetMotorChannelModeCommand mod=3 msg#=124
01-17 15:45:29.980 21905 22174 V RobotCore: nack rec'd mod=3 msg#=124 ref#=0 reason=ABANDONED_WAITING_FOR_RESPONSE:256
01-17 15:45:29.981 21905 22174 W LynxMotor: LynxGetMotorChannelModeCommand was abandoned waiting for response
01-17 15:45:31.956 21905 22174 V LynxModule: retransmitting: mod=3 cmd=0x1016 msg#=196 ref#=0 
01-17 15:45:32.058 21905 22174 V LynxModule: retransmitting: mod=3 cmd=0x1016 msg#=196 ref#=0 
01-17 15:45:32.104 21905 22174 V LynxModule: retransmitting: mod=3 cmd=0x1016 msg#=196 ref#=0 
01-17 15:45:32.107 21905 22174 V RobotCore: timeout: abandoning waiting 250ms for response: cmd=LynxGetMotorEncoderPositionCommand mod=3 msg#=196
01-17 15:45:32.107 21905 22174 V RobotCore: nack rec'd mod=3 msg#=196 ref#=0 reason=ABANDONED_WAITING_FOR_RESPONSE:256
01-17 15:45:32.107 21905 22174 W LynxMotor: LynxGetMotorEncoderPositionCommand was abandoned waiting for response
01-17 15:45:32.235 21905 22174 V LynxModule: retransmitting: mod=3 cmd=0x1011 msg#=201 ref#=0 
01-17 15:45:32.336 21905 22174 V LynxModule: retransmitting: mod=3 cmd=0x1011 msg#=201 ref#=0 
01-17 15:45:32.385 21905 22174 V LynxModule: retransmitting: mod=3 cmd=0x1011 msg#=201 ref#=0 
01-17 15:45:32.386 21905 22174 V RobotCore: timeout: abandoning waiting 250ms for ack: cmd=LynxSetMotorTargetVelocityCommand mod=3 msg#=201
01-17 15:45:32.386 21905 22174 V RobotCore: nack rec'd mod=3 msg#=201 ref#=0 reason=ABANDONED_WAITING_FOR_ACK:257
01-17 15:45:32.387 21905 22174 W LynxMotor: LynxSetMotorTargetVelocityCommand was abandoned waiting for ack
01-17 15:45:33.679 21905 22174 V LynxModule: retransmitting: mod=3 cmd=0x1016 msg#=167 ref#=0 
01-17 15:45:33.782 21905 22174 V LynxModule: retransmitting: mod=3 cmd=0x1016 msg#=167 ref#=0 
01-17 15:45:33.828 21905 22174 V LynxModule: retransmitting: mod=3 cmd=0x1016 msg#=167 ref#=0 
01-17 15:45:33.831 21905 22174 V RobotCore: timeout: abandoning waiting 250ms for response: cmd=LynxGetMotorEncoderPositionCommand mod=3 msg#=167
01-17 15:45:33.831 21905 22174 V RobotCore: nack rec'd mod=3 msg#=167 ref#=0 reason=ABANDONED_WAITING_FOR_RESPONSE:256
01-17 15:45:33.832 21905 22174 W LynxMotor: LynxGetMotorEncoderPositionCommand was abandoned waiting for response
01-17 15:45:34.401 21905 22174 V LynxModule: retransmitting: mod=3 cmd=0x1016 msg#=238 ref#=0 
01-17 15:45:34.504 21905 22174 V LynxModule: retransmitting: mod=3 cmd=0x1016 msg#=238 ref#=0 
01-17 15:45:34.550 21905 22174 V LynxModule: retransmitting: mod=3 cmd=0x1016 msg#=238 ref#=0 
01-17 15:45:34.551 21905 22174 V RobotCore: timeout: abandoning waiting 250ms for response: cmd=LynxGetMotorEncoderPositionCommand mod=3 msg#=238
01-17 15:45:34.551 21905 22174 V RobotCore: nack rec'd mod=3 msg#=238 ref#=0 reason=ABANDONED_WAITING_FOR_RESPONSE:256
01-17 15:45:34.552 21905 22174 W LynxMotor: LynxGetMotorEncoderPositionCommand was abandoned waiting for response
01-17 15:45:35.972 21905 22174 V LynxModule: retransmitting: mod=3 cmd=0x1016 msg#=220 ref#=0 
01-17 15:45:36.073 21905 22174 V LynxModule: retransmitting: mod=3 cmd=0x1016 msg#=220 ref#=0 
01-17 15:45:36.121 21905 22174 V LynxModule: retransmitting: mod=3 cmd=0x1016 msg#=220 ref#=0 
01-17 15:45:36.124 21905 22174 V RobotCore: timeout: abandoning waiting 250ms for response: cmd=LynxGetMotorEncoderPositionCommand mod=3 msg#=220
01-17 15:45:36.124 21905 22174 V RobotCore: nack rec'd mod=3 msg#=220 ref#=0 reason=ABANDONED_WAITING_FOR_RESPONSE:256
01-17 15:45:36.125 21905 22174 W LynxMotor: LynxGetMotorEncoderPositionCommand was abandoned waiting for response
01-17 15:45:36.568 21905 22174 V LynxModule: retransmitting: mod=3 cmd=0x1016 msg#=27 ref#=0 
01-17 15:45:37.723 21905 22174 V LynxModule: retransmitting: mod=3 cmd=0x1016 msg#=218 ref#=0 
01-17 15:45:37.827 21905 22174 V LynxModule: retransmitting: mod=3 cmd=0x1016 msg#=218 ref#=0 
01-17 15:45:37.873 21905 22174 V LynxModule: retransmitting: mod=3 cmd=0x1016 msg#=218 ref#=0 
01-17 15:45:37.876 21905 22174 V RobotCore: timeout: abandoning waiting 250ms for response: cmd=LynxGetMotorEncoderPositionCommand mod=3 msg#=218
01-17 15:45:37.876 21905 22174 V RobotCore: nack rec'd mod=3 msg#=218 ref#=0 reason=ABANDONED_WAITING_FOR_RESPONSE:256
01-17 15:45:37.877 21905 22174 W LynxMotor: LynxGetMotorEncoderPositionCommand was abandoned waiting for response
01-17 15:45:39.622 21905 22174 V LynxModule: retransmitting: mod=3 cmd=0x100a msg#=249 ref#=0 
01-17 15:45:41.305 21905 22174 V LynxModule: retransmitting: mod=3 cmd=0x1016 msg#=21 ref#=0 
01-17 15:45:41.409 21905 22174 V LynxModule: retransmitting: mod=3 cmd=0x1016 msg#=21 ref#=0 
01-17 15:45:41.454 21905 22174 V LynxModule: retransmitting: mod=3 cmd=0x1016 msg#=21 ref#=0 
01-17 15:45:41.456 21905 22174 V RobotCore: timeout: abandoning waiting 250ms for response: cmd=LynxGetMotorEncoderPositionCommand mod=3 msg#=21
01-17 15:45:41.457 21905 22174 V RobotCore: nack rec'd mod=3 msg#=21 ref#=0 reason=ABANDONED_WAITING_FOR_RESPONSE:256
01-17 15:45:41.457 21905 22174 W LynxMotor: LynxGetMotorEncoderPositionCommand was abandoned waiting for response
01-17 15:45:41.736 21905 22174 V LynxModule: retransmitting: mod=3 cmd=0x1016 msg#=57 ref#=0 
01-17 15:45:41.837 21905 22174 V LynxModule: retransmitting: mod=3 cmd=0x1016 msg#=57 ref#=0 
01-17 15:45:41.885 21905 22174 V LynxModule: retransmitting: mod=3 cmd=0x1016 msg#=57 ref#=0 
01-17 15:45:41.887 21905 22174 V RobotCore: timeout: abandoning waiting 250ms for response: cmd=LynxGetMotorEncoderPositionCommand mod=3 msg#=57
01-17 15:45:41.888 21905 22174 V RobotCore: nack rec'd mod=3 msg#=57 ref#=0 reason=ABANDONED_WAITING_FOR_RESPONSE:256
01-17 15:45:41.888 21905 22174 W LynxMotor: LynxGetMotorEncoderPositionCommand was abandoned waiting for response
01-17 15:45:42.314 21905 22174 V LynxModule: retransmitting: mod=3 cmd=0x1016 msg#=127 ref#=0 
01-17 15:45:42.869 21905 22174 V LynxModule: retransmitting: mod=3 cmd=0x1016 msg#=196 ref#=0 
01-17 15:45:42.972 21905 22174 V LynxModule: retransmitting: mod=3 cmd=0x1016 msg#=196 ref#=0 
01-17 15:45:43.019 21905 22174 V LynxModule: retransmitting: mod=3 cmd=0x1016 msg#=196 ref#=0 
01-17 15:45:43.021 21905 22174 V RobotCore: timeout: abandoning waiting 250ms for response: cmd=LynxGetMotorEncoderPositionCommand mod=3 msg#=196
01-17 15:45:43.021 21905 22174 V RobotCore: nack rec'd mod=3 msg#=196 ref#=0 reason=ABANDONED_WAITING_FOR_RESPONSE:256
01-17 15:45:43.021 21905 22174 W LynxMotor: LynxGetMotorEncoderPositionCommand was abandoned waiting for response
01-17 15:45:43.237 21905 22174 V LynxModule: retransmitting: mod=3 cmd=0x1011 msg#=213 ref#=0 
01-17 15:45:43.339 21905 22174 V LynxModule: retransmitting: mod=3 cmd=0x1011 msg#=213 ref#=0 
01-17 15:45:43.387 21905 22174 V LynxModule: retransmitting: mod=3 cmd=0x1011 msg#=213 ref#=0 
