01-17 15:36:08.908 20721 20721 I Adreno-EGL: <qeglDrvAPI_eglInitialize:379>: EGL 1.4 QUALCOMM build:  (Ifd751822f5)
01-17 15:36:08.908 20721 20721 I Adreno-EGL: OpenGL ES Shader Compiler Version: XE031.06.00.05
01-17 15:36:08.908 20721 20721 I Adreno-EGL: Build Date: 01/26/16 Tue
01-17 15:36:08.908 20721 20721 I Adreno-EGL: Local Branch: AU12_SBA
01-17 15:36:08.908 20721 20721 I Adreno-EGL: Remote Branch: 
01-17 15:36:08.908 20721 20721 I Adreno-EGL: Local Patches: 
01-17 15:36:08.908 20721 20721 I Adreno-EGL: Reconstruct Branch: 
01-17 15:36:09.054 20721 20721 V OnBotJava: OnBotJavaManager::static
01-17 15:36:09.117 20721 20721 V OnBotJava: getCurrentOutputJarDir() unavailable
01-17 15:36:09.118 20721 20721 V OnBotJava: getCurrentOutputJarDir() unavailable
01-17 15:36:11.077 20721 20721 V RobotCore: Network: inactive, disconnected
01-17 15:36:11.078 20721 20721 V ServiceStarter: attempting to start service FtcRobotControllerWatchdogService
01-17 15:36:11.080 20721 20721 V ServiceStarter: started service FtcRobotControllerWatchdogService
01-17 15:36:11.085 20721 20721 V RobotCore: BuildConfig: versionCode=25 versionName=3.5 module=com.qualcomm.ftcrobotcontroller
01-17 15:36:11.085 20721 20721 V RobotCore: BuildConfig: versionCode=37 versionName=5.15 module=com.qualcomm.robotcore
01-17 15:36:11.085 20721 20721 V RobotCore: BuildConfig: versionCode=37 versionName=5.15 module=com.qualcomm.hardware
01-17 15:36:11.085 20721 20721 V RobotCore: BuildConfig: versionCode=37 versionName=5.15 module=com.qualcomm.ftccommon
01-17 15:36:11.086 20721 20721 V RobotCore: BuildConfig: versionCode=37 versionName=5.15 module=com.google.blocks
01-17 15:36:11.086 20721 20721 V RobotCore: BuildConfig: versionCode=37 versionName=5.15 module=org.firstinspires.inspection
01-17 15:36:11.089 20721 20721 V RCActivity: onStart()
01-17 15:36:11.089 20721 20721 V RCActivity: onResume()
01-17 15:36:11.100 20721 20865 D OpenGLRenderer: Use EGL_SWAP_BEHAVIOR_PRESERVED: true
01-17 15:36:11.150 20721 20721 V MTPMonitorService: onCreate()
01-17 15:36:11.151 20721 20721 V MTPMonitorService: onStartCommand() intent=Intent { cmp=com.qualcomm.ftcrobotcontroller/org.firstinspires.ftc.robotcore.internal.files.MediaTransferProtocolMonitorService } flags=0x0 startId=1
01-17 15:36:11.151 20721 20721 V ThreadPool: container(0x01b51af0: MTPMonitor) added id=1693 TID=0 count=1
01-17 15:36:11.151 20721 20721 V MTPMonitor: observing: /storage/emulated/0
01-17 15:36:11.154 20721 20721 W FileObserverManager: upgrading mask: path=/storage/emulated/0/FIRST/blocks old=0x00000ffc new=0x00004ffc: might possibly miss event
01-17 15:36:11.157 20721 20721 W FileObserverManager: upgrading mask: path=/storage/emulated/0/FIRST/java/status old=0x00000ffc new=0x00004ffc: might possibly miss event
01-17 15:36:11.222 20721 20721 V OnBotJavaService: onCreate()
01-17 15:36:11.222 20721 20721 V OnBotJavaService: onStartCommand() intent=Intent { cmp=com.qualcomm.ftcrobotcontroller/org.firstinspires.ftc.robotcore.internal.opmode.OnBotJavaService } flags=0x0 startId=1
01-17 15:36:11.222 20721 20721 V OnBotJava: ctor()...
01-17 15:36:11.223 20721 20721 V OnBotJava: ...ctor()
01-17 15:36:11.233 20721 20721 V FtcRobotControllerWatchdogService: onCreate()
01-17 15:36:11.233 20721 20721 V FtcRobotControllerWatchdogService: onStartCommand() intent=Intent { cmp=com.qualcomm.ftcrobotcontroller/org.firstinspires.ftc.ftccommon.internal.FtcRobotControllerWatchdogService } flags=0x0 startId=1
01-17 15:36:11.233 20721 20721 V FtcRobotControllerWatchdogService: shouldAutoLauchRobotController() result=false
01-17 15:36:11.234 20721 20721 V WebServer: creating NanoHTTPD(8080)
01-17 15:36:11.244 20721 20721 V FTCService: onCreate()
01-17 15:36:11.245 20721 20721 V FTCService: onBind()
01-17 15:36:11.245 20721 20721 V FTCService: Android Device: maker=motorola model=XT1609 sdk=23
01-17 15:36:11.247 20721 20721 V RobotCore: Getting network assistant of type: WIFIDIRECT
01-17 15:36:11.250 20721 20721 V NetDiscover_prefremrc: onSharedPreferenceChanged(name=pref_wifip2p_groupowner_connectedto, value=null)
01-17 15:36:11.250 20721 20721 V WifiDirect: There are 1 Wifi Direct Assistant Clients (+)
01-17 15:36:11.250 20721 20721 V WifiDirect: Enabling Wifi Direct Assistant
01-17 15:36:11.251 20721 20721 V WifiDirectInviteMonitor: startMonitoring()
01-17 15:36:11.279 20721 20865 I OpenGLRenderer: Initialized EGL, version 1.4
01-17 15:36:11.293 20721 20721 D WifiDirect: broadcast: state - enabled: true
01-17 15:36:11.294 20721 20721 D WifiDirect: broadcast: connection changed: connectStatus=NOT_CONNECTED networkInfo.state=CONNECTED
01-17 15:36:11.294 20721 20721 V WifiDirect: writing pref name=pref_wifip2p_groupowner_connectedto value=
01-17 15:36:11.294 20721 20721 V NetDiscover_prefremrc: onSharedPreferenceChanged(name=pref_wifip2p_groupowner_connectedto, value=)
01-17 15:36:11.294 20721 20721 D WifiDirect: cannot create group, does group already exist?
01-17 15:36:11.295 20721 20721 V FTCService: RCActivity.controllerService=bound
01-17 15:36:11.295 20721 20721 V RobotCore: Network: unknown, disconnected
01-17 15:36:11.296 20721 20721 V RobotCore: Robot Status: stopped
01-17 15:36:11.301 20721 20721 V ThreadPool: container(0x0d6fa31b: default threadpool) added id=1697 TID=0 count=1
01-17 15:36:11.303 20721 20870 V RobotCore: thread: 'RobotSetupRunnable.run()' starting...
01-17 15:36:11.303 20721 20870 V FTCService: Processing robot setup
01-17 15:36:11.303 20721 20870 V RobotCore: Robot Status: stopped, scanning for USB devices
01-17 15:36:11.318 20721 20721 D WifiDirect: broadcast: this device changed
01-17 15:36:11.318 20721 20721 V WifiDirect: device information: 12611-RC 80:58:f8:58:99:a3
01-17 15:36:11.418 20721 20721 D WifiDirect: group owners address: /192.168.49.1
01-17 15:36:11.418 20721 20721 D WifiDirect: group formed, this device is the group owner (GO)
01-17 15:36:11.419 20721 20721 I FTCService: Wifi Direct - connected as group owner
01-17 15:36:11.424 20721 20721 V RobotCore: Network: enabled, disconnected
01-17 15:36:11.455 20721 20721 V WifiDirect: connection information available
01-17 15:36:11.455 20721 20721 V WifiDirect: connection information - groupOwnerName = 12611-RC
01-17 15:36:11.455 20721 20721 V WifiDirect: connection information - groupOwnerMacAddress = 80:58:f8:58:99:a3
01-17 15:36:11.455 20721 20721 V WifiDirect: connection information - groupInterface = p2p0
01-17 15:36:11.455 20721 20721 V WifiDirect: connection information - groupNetworkName = DIRECT-yh-12611-RC
01-17 15:36:11.455 20721 20721 I FTCService: Network Connection Passphrase: 31hLkFft
01-17 15:36:11.455 20721 20721 V WebServer: starting port=8080
01-17 15:36:11.467 20721 20721 V RobotCore: Getting network assistant of type: WIFIDIRECT
01-17 15:36:11.467 20721 20721 V WifiDirect: There are 2 Wifi Direct Assistant Clients (+)
01-17 15:36:11.467 20721 20721 V WebServer: started port=8080
01-17 15:36:11.467 20721 20721 V RobotCore: Network: active, disconnected
01-17 15:36:42.303 21080 21080 I art     : Late-enabling -Xcheck:jni
01-17 15:36:42.369 21080 21080 V AppUtil : initializing: getExternalStorageDirectory()=/storage/emulated/0
01-17 15:36:42.376 21080 21080 V ServiceStarter: attempting to start service MediaTransferProtocolMonitorService
01-17 15:36:42.377 21080 21094 V RobotCore: saving logcat to /storage/emulated/0/robotControllerLog.txt
01-17 15:36:42.377 21080 21094 V RobotCore: logging command line: logcat -f /storage/emulated/0/robotControllerLog.txt -r4096 -n4 -v threadtime UsbRequestJNI:S UsbRequest:S *:V
01-17 15:36:42.421 21096 21096 W ps      : type=1400 audit(0.0:12977): avc: denied { getattr } for uid=10133 path="/proc/1" dev="proc" ino=128760 scontext=u:r:untrusted_app:s0:c512,c768 tcontext=u:r:init:s0 tclass=dir permissive=0
01-17 15:36:42.421 21096 21096 W ps      : type=1400 audit(0.0:12978): avc: denied { search } for uid=10133 name="1" dev="proc" ino=128760 scontext=u:r:untrusted_app:s0:c512,c768 tcontext=u:r:init:s0 tclass=dir permissive=0
01-17 15:36:42.421 21096 21096 W ps      : type=1400 audit(0.0:12979): avc: denied { search } for uid=10133 name="1" dev="proc" ino=128760 scontext=u:r:untrusted_app:s0:c512,c768 tcontext=u:r:init:s0 tclass=dir permissive=0
01-17 15:36:42.421 21096 21096 W ps      : type=1400 audit(0.0:12980): avc: denied { getattr } for uid=10133 path="/proc/2" dev="proc" ino=128761 scontext=u:r:untrusted_app:s0:c512,c768 tcontext=u:r:kernel:s0 tclass=dir permissive=0
01-17 15:36:42.421 21096 21096 W ps      : type=1400 audit(0.0:12981): avc: denied { search } for uid=10133 name="2" dev="proc" ino=128761 scontext=u:r:untrusted_app:s0:c512,c768 tcontext=u:r:kernel:s0 tclass=dir permissive=0
01-17 15:36:42.421 21096 21096 W ps      : type=1400 audit(0.0:12982): avc: denied { search } for uid=10133 name="2" dev="proc" ino=128761 scontext=u:r:untrusted_app:s0:c512,c768 tcontext=u:r:kernel:s0 tclass=dir permissive=0
01-17 15:36:42.421 21096 21096 W ps      : type=1400 audit(0.0:12983): avc: denied { getattr } for uid=10133 path="/proc/3" dev="proc" ino=128762 scontext=u:r:untrusted_app:s0:c512,c768 tcontext=u:r:kernel:s0 tclass=dir permissive=0
01-17 15:36:42.421 21096 21096 W ps      : type=1400 audit(0.0:12984): avc: denied { search } for uid=10133 name="3" dev="proc" ino=128762 scontext=u:r:untrusted_app:s0:c512,c768 tcontext=u:r:kernel:s0 tclass=dir permissive=0
01-17 15:36:42.421 21096 21096 W ps      : type=1400 audit(0.0:12985): avc: denied { search } for uid=10133 name="3" dev="proc" ino=128762 scontext=u:r:untrusted_app:s0:c512,c768 tcontext=u:r:kernel:s0 tclass=dir permissive=0
01-17 15:36:42.421 21096 21096 W ps      : type=1400 audit(0.0:12986): avc: denied { getattr } for uid=10133 path="/proc/5" dev="proc" ino=128763 scontext=u:r:untrusted_app:s0:c512,c768 tcontext=u:r:kernel:s0 tclass=dir permissive=0
01-17 15:36:42.421 21096 21096 W ps      : type=1400 audit(0.0:12987): avc: denied { search } for uid=10133 name="5" dev="proc" ino=128763 scontext=u:r:untrusted_app:s0:c512,c768 tcontext=u:r:kernel:s0 tclass=dir permissive=0
01-17 15:36:42.421 21096 21096 W ps      : type=1400 audit(0.0:12988): avc: denied { search } for uid=10133 name="5" dev="proc" ino=128763 scontext=u:r:untrusted_app:s0:c512,c768 tcontext=u:r:kernel:s0 tclass=dir permissive=0
01-17 15:36:42.421 21096 21096 W ps      : type=1400 audit(0.0:12989): avc: denied { getattr } for uid=10133 path="/proc/6" dev="proc" ino=128764 scontext=u:r:untrusted_app:s0:c512,c768 tcontext=u:r:kernel:s0 tclass=dir permissive=0
01-17 15:36:42.421 21096 21096 W ps      : type=1400 audit(0.0:12990): avc: denied { search } for uid=10133 name="6" dev="proc" ino=128764 scontext=u:r:untrusted_app:s0:c512,c768 tcontext=u:r:kernel:s0 tclass=dir permissive=0
01-17 15:36:42.421 21096 21096 W ps      : type=1400 audit(0.0:12991): avc: denied { search } for uid=10133 name="6" dev="proc" ino=128764 scontext=u:r:untrusted_app:s0:c512,c768 tcontext=u:r:kernel:s0 tclass=dir permissive=0
01-17 15:36:42.421 21096 21096 W ps      : type=1400 audit(0.0:12992): avc: denied { getattr } for uid=10133 path="/proc/7" dev="proc" ino=128765 scontext=u:r:untrusted_app:s0:c512,c768 tcontext=u:r:kernel:s0 tclass=dir permissive=0
01-17 15:36:42.421 21096 21096 W ps      : type=1400 audit(0.0:12993): avc: denied { search } for uid=10133 name="7" dev="proc" ino=128765 scontext=u:r:untrusted_app:s0:c512,c768 tcontext=u:r:kernel:s0 tclass=dir permissive=0
01-17 15:36:42.421 21096 21096 W ps      : type=1400 audit(0.0:12994): avc: denied { search } for uid=10133 name="7" dev="proc" ino=128765 scontext=u:r:untrusted_app:s0:c512,c768 tcontext=u:r:kernel:s0 tclass=dir permissive=0
01-17 15:36:42.421 21096 21096 W ps      : type=1400 audit(0.0:12995): avc: denied { getattr } for uid=10133 path="/proc/8" dev="proc" ino=128766 scontext=u:r:untrusted_app:s0:c512,c768 tcontext=u:r:kernel:s0 tclass=dir permissive=0
01-17 15:36:42.421 21096 21096 W ps      : type=1400 audit(0.0:12996): avc: denied { search } for uid=10133 name="8" dev="proc" ino=128766 scontext=u:r:untrusted_app:s0:c512,c768 tcontext=u:r:kernel:s0 tclass=dir permissive=0
01-17 15:36:42.430 21080 21080 V ServiceStarter: started service MediaTransferProtocolMonitorService
01-17 15:36:42.430 21080 21080 V ServiceStarter: attempting to start service OnBotJavaService
01-17 15:36:42.433 21080 21080 V ServiceStarter: started service OnBotJavaService
01-17 15:36:42.449 21080 21080 V AppUtil : rootActivity=FtcRobotControllerActivity
01-17 15:36:42.449 21080 21080 V RCActivity: onCreate()
01-17 15:36:42.494 21080 21080 V ThreadPool: container(0x03a29453: CallbackLooper) added id=1722 TID=0 count=1
01-17 15:36:42.506 21080 21102 V CallbackLooper: thread=1722
01-17 15:36:42.511 21080 21080 V NetDiscover_wifiDirectAgent: doStart()...
01-17 15:36:42.517 21080 21080 V NetDiscover_wifiDirectAgent: ...doStart()
01-17 15:36:42.518 21080 21080 V NetDiscover_name: doStart()...
01-17 15:36:42.518 21080 21080 V NetDiscover_name: ...doStart()
01-17 15:36:42.519 21080 21080 V NetDiscover_prefremrc: ----- all preferences -----
01-17 15:36:42.519 21080 21080 V NetDiscover_prefremrc: name='pref_wifip2p_remote_channel_change_works' value=true
01-17 15:36:42.519 21080 21080 V NetDiscover_prefremrc: name='pref_hardware_config_filename' value={"isDirty":false,"location":"LOCAL_STORAGE","name":"Robot #2","resourceId":0}
01-17 15:36:42.519 21080 21080 V NetDiscover_prefremrc: name='pref_device_name' value=12611-RC
01-17 15:36:42.519 21080 21080 V NetDiscover_prefremrc: name='pref_wifip2p_groupowner_connectedto' value=
01-17 15:36:42.519 21080 21080 V NetDiscover_prefremrc: name='pref_device_name_old' value=12611-RC
01-17 15:36:42.519 21080 21080 V NetDiscover_prefremrc: name='pref_network_connection_type' value=WIFIDIRECT
01-17 15:36:42.519 21080 21080 V NetDiscover_prefremrc: name='pref_device_name_tracking' value=WIFIDIRECT
01-17 15:36:42.519 21080 21080 V NetDiscover_prefremrc: name='pref_has_independent_phone_battery' value=true
01-17 15:36:42.519 21080 21080 V NetDiscover_prefremrc: name='pref_app_theme' value=teal
01-17 15:36:42.519 21080 21080 V NetDiscover_prefremrc: name='pref_sound_on_off' value=false
01-17 15:36:42.519 21080 21080 V NetDiscover_prefremrc: name='pref_rc_connected' value=true
01-17 15:36:42.520 21080 21080 V NetDiscover_prefremrc: doStart()...
01-17 15:36:42.520 21080 21080 V NetDiscover_prefremrc: ...doStart()
01-17 15:36:42.520 21080 21102 V NetDiscover_wifiDirectAgent: found persistent group: DIRECT-yh-12611-RC
01-17 15:36:42.521 21080 21102 V NetDiscover_wifiDirectAgent_bcast: wifiP2pEnabled=true
01-17 15:36:42.525 21080 21102 D NetDiscover_wifiDirectAgent_bcast: connection changed: networkInfo.state=CONNECTED
01-17 15:36:42.526 21080 21102 V NetDiscover_wifiDirectAgent_bcast: NetworkInfo: [type: WIFI_P2P[], state: CONNECTED/CONNECTED, reason: (unspecified), extra: (none), roaming: false, failover: false, isAvailable: true]
01-17 15:36:42.526 21080 21102 V NetDiscover_wifiDirectAgent_bcast: WifiP2pInfo: groupFormed: true isGroupOwner: true operatingChannel: 2412 groupOwnerAddress: /192.168.49.1 mccMode: false
01-17 15:36:42.526 21080 21102 V NetDiscover_wifiDirectAgent_bcast: WifiP2pGroup: network: DIRECT-yh-12611-RC, isGO: true, Operating Channel: 2412, GO: Device: , deviceAddress: 80:58:f8:58:99:a3, primary type: null, secondary type: null, wps: 0, grpcapab: 0, devcapab: 0, status: 4, wfdInfo: WFD enabled: falseWFD DeviceInfo: 0, WFD CtrlPort: 0, WFD MaxThroughput: 0, level: 0, Client: Device: 12611-DS, deviceAddress: f4:f5:24:ca:98:2a, primary type: 10-0050F204-5, secondary type: null, wps: 392, grpcapab: 0, devcapab: 37, status: 0, wfdInfo: null, level: 60, interface: p2p0, networkId: 0, mGoOperFreq: 2412
01-17 15:36:42.527 21080 21102 V NetDiscover_wifiDirectAgent_bcast: this device changed: Device=12611-RC deviceAddress=80:58:f8:58:99:a3 primary type=10-0050F204-5 secondary type=null wps=0 grpcapab=0 devcapab=0 status=0 wfdInfo=WFD enabled=falseWFD DeviceInfo=0 WFD CtrlPort=0 WFD MaxThroughput=0 level=0
01-17 15:36:42.527 21080 21102 V NetDiscover_name: remembering wifiDirectName: 12611-RC...
01-17 15:36:42.527 21080 21102 V NetDiscover_name: wifiDirectName=12611-RC
01-17 15:36:42.528 21080 21102 V NetDiscover_name: ...remembering wifiDirectName
01-17 15:36:42.528 21080 21102 V NetDiscover_wifiDirectAgent_bcast: p2p discoverPeers()=false
01-17 15:36:42.528 21080 21102 V NetDiscover_wifiDirectAgent_bcast: wifi direct remembered groups cleared
01-17 15:36:42.530 21080 21102 V NetDiscover_wifiDirectAgent_bcast: wifiState=ENABLED
01-17 15:36:42.570 21080 21080 I WebViewFactory: Loading com.google.android.webview version 61.0.3163.98 (code 316309800)
01-17 15:36:42.654 21080 21080 I art     : Rejecting re-init on previously-failed class java.lang.Class<com.android.webview.chromium.TokenBindingManagerAdapter>
01-17 15:36:42.655 21080 21080 I art     : Rejecting re-init on previously-failed class java.lang.Class<com.android.webview.chromium.TokenBindingManagerAdapter>
01-17 15:36:42.665 21080 21080 I art     : Rejecting re-init on previously-failed class java.lang.Class<com.android.webview.chromium.ServiceWorkerControllerAdapter>
01-17 15:36:42.665 21080 21080 I art     : Rejecting re-init on previously-failed class java.lang.Class<com.android.webview.chromium.ServiceWorkerControllerAdapter>
01-17 15:36:42.672 21080 21080 I cr_LibraryLoader: Time to load native libraries: 0 ms (timestamps 6760-6760)
01-17 15:36:42.712 21080 21080 I chromium: [INFO:library_loader_hooks.cc(136)] Chromium logging enabled: level = 0, default verbosity = 0
01-17 15:36:42.712 21080 21080 I cr_LibraryLoader: Expected native library version number "61.0.3163.98", actual native library version number "61.0.3163.98"
01-17 15:36:42.759 21080 21080 I cr_BrowserStartup: Initializing chromium process, singleProcess=true
01-17 15:36:42.797 21080 21080 I Adreno-EGL: <qeglDrvAPI_eglInitialize:379>: EGL 1.4 QUALCOMM build:  (Ifd751822f5)
01-17 15:36:42.797 21080 21080 I Adreno-EGL: OpenGL ES Shader Compiler Version: XE031.06.00.05
01-17 15:36:42.797 21080 21080 I Adreno-EGL: Build Date: 01/26/16 Tue
01-17 15:36:42.797 21080 21080 I Adreno-EGL: Local Branch: AU12_SBA
01-17 15:36:42.797 21080 21080 I Adreno-EGL: Remote Branch: 
01-17 15:36:42.797 21080 21080 I Adreno-EGL: Local Patches: 
01-17 15:36:42.797 21080 21080 I Adreno-EGL: Reconstruct Branch: 
01-17 15:36:42.938 21080 21080 V OnBotJava: OnBotJavaManager::static
01-17 15:36:43.000 21080 21080 V OnBotJava: getCurrentOutputJarDir() unavailable
01-17 15:36:43.000 21080 21080 V OnBotJava: getCurrentOutputJarDir() unavailable
01-17 15:36:43.712 21080 21090 I art     : Background sticky concurrent mark sweep GC freed 29320(1359KB) AllocSpace objects, 0(0B) LOS objects, 8% free, 11MB/13MB, paused 8.534ms total 27.279ms
01-17 15:36:43.991 21080 21090 I art     : Background sticky concurrent mark sweep GC freed 28218(1252KB) AllocSpace objects, 0(0B) LOS objects, 8% free, 11MB/13MB, paused 6.615ms total 21.529ms
01-17 15:36:44.984 21080 21080 V RobotCore: Network: inactive, disconnected
01-17 15:36:44.984 21080 21080 V ServiceStarter: attempting to start service FtcRobotControllerWatchdogService
01-17 15:36:44.987 21080 21080 V ServiceStarter: started service FtcRobotControllerWatchdogService
01-17 15:36:44.993 21080 21080 V RobotCore: BuildConfig: versionCode=25 versionName=3.5 module=com.qualcomm.ftcrobotcontroller
01-17 15:36:44.994 21080 21080 V RobotCore: BuildConfig: versionCode=37 versionName=5.15 module=com.qualcomm.robotcore
01-17 15:36:44.994 21080 21080 V RobotCore: BuildConfig: versionCode=37 versionName=5.15 module=com.qualcomm.hardware
01-17 15:36:44.994 21080 21080 V RobotCore: BuildConfig: versionCode=37 versionName=5.15 module=com.qualcomm.ftccommon
01-17 15:36:44.994 21080 21080 V RobotCore: BuildConfig: versionCode=37 versionName=5.15 module=com.google.blocks
01-17 15:36:44.994 21080 21080 V RobotCore: BuildConfig: versionCode=37 versionName=5.15 module=org.firstinspires.inspection
01-17 15:36:44.995 21080 21080 V RCActivity: onStart()
01-17 15:36:44.996 21080 21080 V RCActivity: onResume()
01-17 15:36:45.006 21080 21227 D OpenGLRenderer: Use EGL_SWAP_BEHAVIOR_PRESERVED: true
01-17 15:36:45.056 21080 21080 V MTPMonitorService: onCreate()
01-17 15:36:45.057 21080 21080 V MTPMonitorService: onStartCommand() intent=Intent { cmp=com.qualcomm.ftcrobotcontroller/org.firstinspires.ftc.robotcore.internal.files.MediaTransferProtocolMonitorService } flags=0x0 startId=1
01-17 15:36:45.057 21080 21080 V ThreadPool: container(0x0df1c869: MTPMonitor) added id=1740 TID=0 count=1
01-17 15:36:45.057 21080 21080 V MTPMonitor: observing: /storage/emulated/0
01-17 15:36:45.060 21080 21080 W FileObserverManager: upgrading mask: path=/storage/emulated/0/FIRST/blocks old=0x00000ffc new=0x00004ffc: might possibly miss event
01-17 15:36:45.063 21080 21080 W FileObserverManager: upgrading mask: path=/storage/emulated/0/FIRST/java/status old=0x00000ffc new=0x00004ffc: might possibly miss event
01-17 15:36:45.129 21080 21080 V OnBotJavaService: onCreate()
01-17 15:36:45.129 21080 21080 V OnBotJavaService: onStartCommand() intent=Intent { cmp=com.qualcomm.ftcrobotcontroller/org.firstinspires.ftc.robotcore.internal.opmode.OnBotJavaService } flags=0x0 startId=1
01-17 15:36:45.129 21080 21080 V OnBotJava: ctor()...
01-17 15:36:45.130 21080 21080 V OnBotJava: ...ctor()
01-17 15:36:45.137 21080 21080 V FtcRobotControllerWatchdogService: onCreate()
01-17 15:36:45.137 21080 21080 V FtcRobotControllerWatchdogService: onStartCommand() intent=Intent { cmp=com.qualcomm.ftcrobotcontroller/org.firstinspires.ftc.ftccommon.internal.FtcRobotControllerWatchdogService } flags=0x0 startId=1
01-17 15:36:45.137 21080 21080 V FtcRobotControllerWatchdogService: shouldAutoLauchRobotController() result=false
01-17 15:36:45.138 21080 21080 V WebServer: creating NanoHTTPD(8080)
01-17 15:36:45.147 21080 21080 V FTCService: onCreate()
01-17 15:36:45.147 21080 21080 V FTCService: onBind()
01-17 15:36:45.147 21080 21080 V FTCService: Android Device: maker=motorola model=XT1609 sdk=23
01-17 15:36:45.149 21080 21080 V RobotCore: Getting network assistant of type: WIFIDIRECT
01-17 15:36:45.152 21080 21080 V NetDiscover_prefremrc: onSharedPreferenceChanged(name=pref_wifip2p_groupowner_connectedto, value=null)
01-17 15:36:45.152 21080 21080 V WifiDirect: There are 1 Wifi Direct Assistant Clients (+)
01-17 15:36:45.152 21080 21080 V WifiDirect: Enabling Wifi Direct Assistant
01-17 15:36:45.154 21080 21080 V WifiDirectInviteMonitor: startMonitoring()
01-17 15:36:45.194 21080 21227 I OpenGLRenderer: Initialized EGL, version 1.4
01-17 15:36:45.213 21080 21080 D WifiDirect: broadcast: state - enabled: true
01-17 15:36:45.213 21080 21080 D WifiDirect: broadcast: connection changed: connectStatus=NOT_CONNECTED networkInfo.state=CONNECTED
01-17 15:36:45.214 21080 21080 V WifiDirect: writing pref name=pref_wifip2p_groupowner_connectedto value=
01-17 15:36:45.215 21080 21080 V NetDiscover_prefremrc: onSharedPreferenceChanged(name=pref_wifip2p_groupowner_connectedto, value=)
01-17 15:36:45.216 21080 21080 D WifiDirect: broadcast: this device changed
01-17 15:36:45.216 21080 21080 V WifiDirect: device information: 12611-RC 80:58:f8:58:99:a3
01-17 15:36:45.216 21080 21080 D WifiDirect: cannot create group, does group already exist?
01-17 15:36:45.216 21080 21080 V FTCService: RCActivity.controllerService=bound
01-17 15:36:45.216 21080 21080 V RobotCore: Network: unknown, disconnected
01-17 15:36:45.217 21080 21080 V RobotCore: Robot Status: stopped
01-17 15:36:45.223 21080 21080 V ThreadPool: container(0x0e1cdcb8: default threadpool) added id=1744 TID=0 count=1
01-17 15:36:45.224 21080 21232 V RobotCore: thread: 'RobotSetupRunnable.run()' starting...
01-17 15:36:45.224 21080 21232 V FTCService: Processing robot setup
01-17 15:36:45.225 21080 21232 V RobotCore: Robot Status: stopped, scanning for USB devices
01-17 15:36:45.342 21080 21080 D WifiDirect: group owners address: /192.168.49.1
01-17 15:36:45.343 21080 21080 D WifiDirect: group formed, this device is the group owner (GO)
01-17 15:36:45.343 21080 21080 I FTCService: Wifi Direct - connected as group owner
01-17 15:36:45.349 21080 21080 V RobotCore: Network: enabled, disconnected
01-17 15:36:45.389 21080 21080 V WifiDirect: connection information available
01-17 15:36:45.390 21080 21080 V WifiDirect: connection information - groupOwnerName = 12611-RC
01-17 15:36:45.390 21080 21080 V WifiDirect: connection information - groupOwnerMacAddress = 80:58:f8:58:99:a3
01-17 15:36:45.390 21080 21080 V WifiDirect: connection information - groupInterface = p2p0
01-17 15:36:45.390 21080 21080 V WifiDirect: connection information - groupNetworkName = DIRECT-yh-12611-RC
01-17 15:36:45.390 21080 21080 I FTCService: Network Connection Passphrase: 31hLkFft
01-17 15:36:45.390 21080 21080 V WebServer: starting port=8080
01-17 15:36:45.401 21080 21080 V RobotCore: Getting network assistant of type: WIFIDIRECT
01-17 15:36:45.401 21080 21080 V WifiDirect: There are 2 Wifi Direct Assistant Clients (+)
01-17 15:36:45.401 21080 21080 V WebServer: started port=8080
01-17 15:36:45.402 21080 21080 V RobotCore: Network: active, disconnected
01-17 15:36:50.226 21080 21232 V RobotCore: EventLoopManager state is NOT_STARTED
01-17 15:36:50.226 21080 21232 V RobotCore: Robot Status: stopped, waiting for Wifi to enable
01-17 15:36:50.229 21080 21232 V RobotCore: Robot Status: stopped, waiting for Wifi Direct to enable
01-17 15:36:50.230 21080 21232 V RobotCore: Robot Status: stopped, waiting for network to become active
01-17 15:36:50.230 21080 21232 V RobotCore: Robot Status: stopped, starting robot
01-17 15:36:50.230 21080 21232 V Robocol : EventLoopManager.start()
01-17 15:36:50.230 21080 21232 V RobotCore: Getting network assistant of type: WIFIDIRECT
01-17 15:36:50.230 21080 21232 V Robocol : Spoofing a Network Connection event...
01-17 15:36:50.231 21080 21232 V ThreadPool: executive service EventLoop(0x0d4b1bd7) is terminated
01-17 15:36:50.231 21080 21232 V RobotCore: EventLoopManager state is STOPPED
01-17 15:36:50.233 21080 21232 V Robocol : eventLoop=FtcEventLoop
01-17 15:36:50.233 21080 21232 V RobotCore: EventLoopManager state is INIT
01-17 15:36:50.233 21080 21232 V RobotCore: Robot Status: initializing, starting robot
01-17 15:36:50.233 21080 21232 I FtcEventLoop: ======= INIT START =======
01-17 15:36:50.233 21080 21246 V RobotCore: thread: 'SetupRunnable.run()' starting...
01-17 15:36:50.234 21080 21232 V OpmodeRegistration: registered {DefaultOpMode} as {$Stop$Robot$}
01-17 15:36:50.239 21080 21232 V FileBasedLock: locked /storage/emulated/0/FIRST/blocks/projectslock/lock.dat
01-17 15:36:50.240 21080 21232 V ThreadPool: container(0x0e1cdcb8: default threadpool) added id=1749 TID=0 count=2
01-17 15:36:50.243 21080 21232 V FileBasedLock: unlocking /storage/emulated/0/FIRST/blocks/projectslock/lock.dat
01-17 15:36:50.255 21080 21232 V OpmodeRegistration: registered {RelicRecoveryAutoBlue1} as {Auto Blue 1}
01-17 15:36:50.256 21080 21080 D WifiDirect: cannot create group, does group already exist?
01-17 15:36:50.256 21080 21232 V OpmodeRegistration: registered {RelicRecoveryAutoTileRunnerBlue1} as {Auto BLUE Tile Runner 1}
01-17 15:36:50.257 21080 21232 V OpmodeRegistration: registered {SensorREVColorDistance} as {Sensor: REVColorDistance}
01-17 15:36:50.258 21080 21232 V OpmodeRegistration: registered {RelicRecoveryAutoTileRunnerBlue2} as {Auto BLUE Tile Runner 2}
01-17 15:36:50.260 21080 21232 V OpmodeRegistration: registered {RelicRecoveryAutoTileRunnerRed1} as {Auto RED Tile Runner 1}
01-17 15:36:50.261 21080 21232 V OpmodeRegistration: registered {TestGlyphCollector} as {Test Glyph Pickup}
01-17 15:36:50.261 21080 21232 V OpmodeRegistration: registered {TestGlyphCollector3} as {Test Glyph Pickup Reverse}
01-17 15:36:50.262 21080 21232 V OpmodeRegistration: registered {TestGlyphCollector2} as {Test Glyph Pickup Encoder}
01-17 15:36:50.262 21080 21232 V OpmodeRegistration: registered {RelicRecoveryTileRunnerTeleOpsLinear} as {Tile Runner (New) TeleOps }
01-17 15:36:50.263 21080 21232 V OpmodeRegistration: registered {SensorMRRangeColorSensor} as {Sensor: MR range & Color sensor}
01-17 15:36:50.264 21080 21232 V OpmodeRegistration: registered {RelicRecoveryAutoBlue2} as {Auto Blue 2}
01-17 15:36:50.265 21080 21232 V OpmodeRegistration: registered {RelicRecoveryAutoRed1} as {Auto Red 1}
01-17 15:36:50.265 21080 21232 V OpmodeRegistration: registered {SensorTest} as {Sensor Test}
01-17 15:36:50.266 21080 21232 V OpmodeRegistration: registered {RelicRecoveryAutoTileRunnerRed2} as {Auto RED Tile Runner 2}
01-17 15:36:50.267 21080 21232 V OpmodeRegistration: registered {RelicRecoveryAutoTest} as {Auto Test}
01-17 15:36:50.267 21080 21232 V OpmodeRegistration: registered {RelicRecoveryTeleOpsLinear} as {Relic Recovery TeleOps (Linear)}
01-17 15:36:50.268 21080 21232 V OpmodeRegistration: registered {RelicRecoveryAutoRed2} as {Auto Red 2}
01-17 15:36:50.276 21080 21246 D Robocol : RobocolDatagramSocket listening addr=/192.168.49.1:20884 cbRec=65520 cbSend=163840 msRecTO=300
01-17 15:36:50.276 21080 21246 V Robocol : RecvLoopRunnable created
01-17 15:36:50.279 21080 21246 V PeerDiscovery: Starting peer discovery
01-17 15:36:50.279 21080 21246 V PeerDiscovery: No need for peer discovery, we are the peer discovery device
01-17 15:36:50.279 21080 21246 V RobotCore: Setup complete
01-17 15:36:50.279 21080 21246 V RobotCore: thread: ...terminating 'SetupRunnable.run()'
01-17 15:36:50.282 21080 21249 V RobotCore: thread: 'RecvLoopRunnable.run()' starting...
01-17 15:36:50.306 21080 21232 V HardwareFactory: createHardwareMap()
01-17 15:36:50.306 21080 21232 V WifiDirectInviteMonitor: clearUILynxModule()
01-17 15:36:50.306 21080 21080 I BatteryChecker: percent remaining: 100 is charging: true
01-17 15:36:50.310 21080 21232 V ReadXMLFileHandler: handleLynxModule() mod#=2...
01-17 15:36:50.310 21080 21232 V ConfigurationUtility: buildEmptyLynxModule() mod#=2...
01-17 15:36:50.311 21080 21232 V ConfigurationUtility: ...buildEmptyLynxModule() mod#=2
01-17 15:36:50.311 21080 21232 V ReadXMLFileHandler: ...handleLynxModule() mod#=2
01-17 15:36:50.311 21080 21232 V ReadXMLFileHandler: handleLynxModule() mod#=3...
01-17 15:36:50.311 21080 21232 V ConfigurationUtility: buildEmptyLynxModule() mod#=3...
01-17 15:36:50.311 21080 21232 V ConfigurationUtility: ...buildEmptyLynxModule() mod#=3
01-17 15:36:50.312 21080 21232 V ReadXMLFileHandler: ...handleLynxModule() mod#=3
01-17 15:36:50.312 21080 21232 V RobotCore: Creating REV Robotics USB Expansion Hub Portal [DQ16V4CE]
01-17 15:36:50.313 21080 21232 V LynxUsb : creating new [DQ16V4CE]: 0x0cc0e88c
01-17 15:36:50.314 21080 21232 V FtDeviceManager: createDeviceInfoList(): 0 USB devices
01-17 15:36:50.314 21080 21232 W System.err: unable to find lynx USB device with serial number DQ16V4CE
01-17 15:36:50.314 21080 21232 E LynxUsb : exception RobotCoreException(unable to find lynx USB device with serial number DQ16V4CE): exception arming DQ16V4CE [com.qualcomm.hardware.lynx.LynxUsbUtil.logMessageAndThrow(LynxUsbUtil.java:108)]
01-17 15:36:50.315 21080 21232 V LynxUsb : doPretend() serial=DQ16V4CE
01-17 15:36:50.315 21080 21232 V LynxUsb : 0x0d45dbd5 on 0x0cc0e88c: new delegate to [DQ16V4CE]
01-17 15:36:50.315 21080 21232 V RobotCore: Creating Lynx Module - mod=2 parent=true
01-17 15:36:50.316 21080 21232 V RobotCore: Creating Lynx Module - mod=3 parent=false
01-17 15:36:50.317 21080 21232 V LynxUsb : addConfiguredModule() module#=2
01-17 15:36:50.317 21080 21232 V LynxModule: pingAndQueryKnownInterfaces mod=2
01-17 15:36:50.322 21080 21232 V LynxModule: queryInterface(DEKA)=0 commands
01-17 15:36:50.323 21080 21232 V LynxModule: mod#=2 intf=DEKA: expected 53 commands; found 0
01-17 15:36:50.323 21080 21232 V LynxModule: sendLEDPatternSteps(): #steps=6
01-17 15:36:50.323 21080 21232 V LynxUsb : addConfiguredModule() module#=3
01-17 15:36:50.323 21080 21232 V LynxModule: pingAndQueryKnownInterfaces mod=3
01-17 15:36:50.323 21080 21232 V LynxModule: queryInterface(DEKA)=0 commands
01-17 15:36:50.324 21080 21232 V LynxModule: mod#=3 intf=DEKA: expected 53 commands; found 0
01-17 15:36:50.324 21080 21232 V LynxModule: sendLEDPatternSteps(): #steps=8
01-17 15:36:50.324 21080 21232 V LynxMotor: initializeHardware() mod#=2
01-17 15:36:50.327 21080 21232 V RobotCore: DcMotorImpl(type=RevRoboticsHDHexMotor)
01-17 15:36:50.327 21080 21232 V RobotCore: DcMotorImpl(type=RevRoboticsHDHexMotor)
01-17 15:36:50.327 21080 21232 V RobotCore: DcMotorImpl(type=RevRoboticsCoreHexMotor)
01-17 15:36:50.327 21080 21232 V LynxServoController: initializeHardware() mod#=2
01-17 15:36:50.328 21080 21232 V LynxVoltageSensor: initializeHardware() mod#=2
01-17 15:36:50.328 21080 21232 V LynxPwmOutputController: initializeHardware() mod#=2
01-17 15:36:50.328 21080 21232 V LynxAnalogInputController: initializeHardware() mod#=2
01-17 15:36:50.328 21080 21232 V LynxDigitalChannelController: initializeHardware() mod#=2
01-17 15:36:50.329 21080 21232 V RobotCore: Creating user sensor REV Expansion Hub IMU - on Lynx module=2 bus=0
01-17 15:36:50.329 21080 21232 V RobotCore: Creating I2cDeviceSynch (Lynx) - mod=2 bus=0
01-17 15:36:50.329 21080 21232 I RobotCore: LynxFirmwareVersionManager: LynxI2cDeviceSynchV1
01-17 15:36:50.330 21080 21232 V LynxI2cDeviceSynch: initializeHardware() mod#=2
01-17 15:36:50.331 21080 21232 V LynxMotor: initializeHardware() mod#=3
01-17 15:36:50.332 21080 21232 V RobotCore: DcMotorImpl(type=RevRoboticsHDHexMotor)
01-17 15:36:50.332 21080 21232 V RobotCore: DcMotorImpl(type=RevRoboticsHDHexMotor)
01-17 15:36:50.332 21080 21232 V RobotCore: DcMotorImpl(type=RevRoboticsCoreHexMotor)
01-17 15:36:50.332 21080 21232 V RobotCore: DcMotorImpl(type=NeveRest40Gearmotor)
01-17 15:36:50.332 21080 21232 V LynxServoController: initializeHardware() mod#=3
01-17 15:36:50.333 21080 21232 V LynxVoltageSensor: initializeHardware() mod#=3
01-17 15:36:50.333 21080 21232 V LynxPwmOutputController: initializeHardware() mod#=3
01-17 15:36:50.333 21080 21232 V LynxAnalogInputController: initializeHardware() mod#=3
01-17 15:36:50.333 21080 21232 V LynxDigitalChannelController: initializeHardware() mod#=3
01-17 15:36:50.334 21080 21232 V RobotCore: Creating user sensor REV Expansion Hub IMU - on Lynx module=3 bus=0
01-17 15:36:50.334 21080 21232 V RobotCore: Creating I2cDeviceSynch (Lynx) - mod=3 bus=0
01-17 15:36:50.334 21080 21232 I RobotCore: LynxFirmwareVersionManager: LynxI2cDeviceSynchV1
01-17 15:36:50.334 21080 21232 V LynxI2cDeviceSynch: initializeHardware() mod#=3
01-17 15:36:50.334 21080 21232 I RobotCore: ========= Device Information ===================================================
01-17 15:36:50.334 21080 21232 I RobotCore: Type                                               Name                           Connection
01-17 15:36:50.334 21080 21232 I RobotCore: Motor                                              rr                             USB DQ16V4CE; module 3; port 0
01-17 15:36:50.335 21080 21232 I RobotCore: Motor                                              glyphLift                      USB DQ16V4CE; module 3; port 3
01-17 15:36:50.335 21080 21232 I RobotCore: Motor                                              lr                             USB DQ16V4CE; module 2; port 1
01-17 15:36:50.335 21080 21232 I RobotCore: REV Robotics USB Expansion Hub Portal              Expansion Hub Portal 1         USB DQ16V4CE
01-17 15:36:50.335 21080 21232 I RobotCore: Motor                                              intake_left                    USB DQ16V4CE; module 3; port 2
01-17 15:36:50.335 21080 21232 I RobotCore: Expansion Hub DC Motor Controller                  Expansion Hub 3                USB DQ16V4CE; module 3
01-17 15:36:50.335 21080 21232 I RobotCore: Expansion Hub Servo Controller                     Expansion Hub 3                USB DQ16V4CE; module 3
01-17 15:36:50.335 21080 21232 I RobotCore: Expansion Hub Voltage Sensor                       Expansion Hub 3                USB DQ16V4CE; module 3
01-17 15:36:50.335 21080 21232 I RobotCore: Expansion Hub Pwm Controller                       Expansion Hub 3                USB DQ16V4CE; module 3
01-17 15:36:50.335 21080 21232 I RobotCore: Expansion Hub Analog Input Controller              Expansion Hub 3                USB DQ16V4CE; module 3
01-17 15:36:50.336 21080 21232 I RobotCore: Expansion Hub Digital Channel Controller           Expansion Hub 3                USB DQ16V4CE; module 3
01-17 15:36:50.336 21080 21232 I RobotCore: Expansion Hub (unknown firmware)                   Expansion Hub 3                USB DQ16V4CE; module 3
01-17 15:36:50.336 21080 21232 I RobotCore: Expansion Hub DC Motor Controller                  Expansion Hub 2                USB DQ16V4CE; module 2
01-17 15:36:50.336 21080 21232 I RobotCore: Expansion Hub Servo Controller                     Expansion Hub 2                USB DQ16V4CE; module 2
01-17 15:36:50.336 21080 21232 I RobotCore: Expansion Hub Voltage Sensor                       Expansion Hub 2                USB DQ16V4CE; module 2
01-17 15:36:50.336 21080 21232 I RobotCore: Expansion Hub Pwm Controller                       Expansion Hub 2                USB DQ16V4CE; module 2
01-17 15:36:50.336 21080 21232 I RobotCore: Expansion Hub Analog Input Controller              Expansion Hub 2                USB DQ16V4CE; module 2
01-17 15:36:50.336 21080 21232 I RobotCore: Expansion Hub Digital Channel Controller           Expansion Hub 2                USB DQ16V4CE; module 2
01-17 15:36:50.337 21080 21232 I RobotCore: Expansion Hub (unknown firmware)                   Expansion Hub 2                USB DQ16V4CE; module 2
01-17 15:36:50.337 21080 21232 I RobotCore: REV Expansion Hub IMU                              imu                            USB DQ16V4CE; module 2; bus 0; addr7=0x00
01-17 15:36:50.337 21080 21232 I RobotCore: Motor                                              rf                             USB DQ16V4CE; module 3; port 1
01-17 15:36:50.337 21080 21232 I RobotCore: Servo                                              glyphFlipper                   USB DQ16V4CE; module 2; port 0
01-17 15:36:50.337 21080 21232 I RobotCore: Motor                                              intake_right                   USB DQ16V4CE; module 2; port 2
01-17 15:36:50.337 21080 21232 I RobotCore: REV Expansion Hub IMU                              imu 1                          USB DQ16V4CE; module 3; bus 0; addr7=0x00
01-17 15:36:50.337 21080 21232 I RobotCore: Motor                                              lf                             USB DQ16V4CE; module 2; port 0
01-17 15:36:50.337 21080 21232 I RobotCore: Servo                                              glyphPusher                    USB DQ16V4CE; module 3; port 5
01-17 15:36:50.337 21080 21232 I FtcEventLoop: ======= INIT FINISH =======
01-17 15:36:50.337 21080 21232 V RobotCore: EventLoopManager state is RUNNING
01-17 15:36:50.346 21080 21232 V ThreadPool: container(0x0b12964f: SoundPlayer) added id=1754 TID=0 count=1
01-17 15:36:50.346 21080 21232 V ThreadPool: container(0x0b12964f: SoundPlayer) added id=1755 TID=0 count=2
01-17 15:36:50.347 21080 21232 V RobotCore: Robot Status: running, starting robot
01-17 15:36:50.347 21080 21232 V RobotCore: Robot Status: running
01-17 15:36:50.347 21080 21232 V ThreadPool: container(0x061d71ba: executorEventLoop) added id=1756 TID=0 count=1
01-17 15:36:50.347 21080 21232 V RobotCore: thread: ...terminating 'RobotSetupRunnable.run()'
01-17 15:36:50.348 21080 21254 V RobotCore: thread: 'opmode loop()' starting...
01-17 15:36:50.354 21080 21254 D RobotCore: system telemetry: key=$System$Warning$ msg="unable to open REV Robotics USB Expansion Hub Portal [DQ16V4CE]"
01-17 15:36:50.360 21080 21253 D MediaPlayer: setSubtitleAnchor in MediaPlayer
01-17 15:36:50.394 21080 21251 D ExtendedUtils: extended extractor not needed, return default
01-17 15:36:50.395 21080 21251 I MediaCodec: (0xb8f96318) init name(audio/raw) isType(1) encoder(0)
01-17 15:36:50.397 21080 21258 I OMXClient: Using client-side OMX mux.
01-17 15:36:50.400 21080 21258 E OMXMaster: A component of name 'OMX.qcom.audio.decoder.aac' already exists, ignoring this one.
01-17 15:36:50.401 21080 21258 I MediaCodec: (0xb8f96318) Component Allocated (OMX.google.raw.decoder)
01-17 15:36:50.401 21080 21251 I MediaCodec: (0xb8f96318) configure surface(0x0) crypto(0x0) flags(0)
01-17 15:36:50.401 21080 21251 D MediaCodec: (0xb8f96318) configure format: AMessage(what = 0x00000000) = {
01-17 15:36:50.401 21080 21251 D MediaCodec:    string mime = "audio/raw"
01-17 15:36:50.401 21080 21251 D MediaCodec:    int64_t durationUs = 1019125
01-17 15:36:50.401 21080 21251 D MediaCodec:    int32_t channel-count = 1
01-17 15:36:50.401 21080 21251 D MediaCodec:    int32_t sample-rate = 8000
01-17 15:36:50.401 21080 21251 D MediaCodec:    int32_t channel-mask = 0
01-17 15:36:50.401 21080 21251 D MediaCodec:  }
01-17 15:36:50.403 21080 21251 I MediaCodec: (0xb8f96318) start
01-17 15:36:50.403 21080 21258 I MediaCodec: (0xb8f96318) input buffers allocated
01-17 15:36:50.403 21080 21258 I MediaCodec: (0xb8f96318) numBuffers (4)
01-17 15:36:50.403 21080 21258 I MediaCodec: (0xb8f96318) output buffers allocated
01-17 15:36:50.404 21080 21258 I MediaCodec: (0xb8f96318) numBuffers (4)
01-17 15:36:50.406 21080 21258 I MediaCodec: (0xb8f96318) codec output format changed
01-17 15:36:50.406 21080 21258 D MediaCodec: (0xb8f96318) output format: AMessage(what = 'codc', target = 2) = {
01-17 15:36:50.406 21080 21258 D MediaCodec:    string mime = "audio/raw"
01-17 15:36:50.406 21080 21258 D MediaCodec:    int32_t channel-count = 1
01-17 15:36:50.406 21080 21258 D MediaCodec:    int32_t sample-rate = 8000
01-17 15:36:50.406 21080 21258 D MediaCodec:    int32_t channel-mask = 0
01-17 15:36:50.406 21080 21258 D MediaCodec:    int32_t what = 1869968451
01-17 15:36:50.406 21080 21258 D MediaCodec:  }
01-17 15:36:50.407 21080 21251 I MediaCodec: (0xb8f96318) stop
01-17 15:36:50.408 21080 21251 I MediaCodec: (0xb8f96318) release
01-17 15:36:50.416 21080 21253 W AudioTrack: AUDIO_OUTPUT_FLAG_FAST denied by client; transfer 4, track 8000 Hz, output 48000 Hz
01-17 15:36:50.452 21080 21253 D MediaPlayer: setSubtitleAnchor in MediaPlayer
01-17 15:36:50.452 21080 21080 D MediaPlayer: setSubtitleAnchor in MediaPlayer
01-17 15:36:50.455 21080 21080 E MediaPlayer: invoke failed: wrong state 8
01-17 15:36:50.456 21080 21080 W MediaPlayer: mediaplayer went away with unhandled events
01-17 15:36:50.473 21080 21251 D ExtendedUtils: extended extractor not needed, return default
01-17 15:36:50.474 21080 21251 I MediaCodec: (0xb8f96318) init name(audio/raw) isType(1) encoder(0)
01-17 15:36:50.476 21080 21265 I OMXClient: Using client-side OMX mux.
01-17 15:36:50.478 21080 21265 E OMXMaster: A component of name 'OMX.qcom.audio.decoder.aac' already exists, ignoring this one.
01-17 15:36:50.480 21080 21265 I MediaCodec: (0xb8f96318) Component Allocated (OMX.google.raw.decoder)
01-17 15:36:50.480 21080 21251 I MediaCodec: (0xb8f96318) configure surface(0x0) crypto(0x0) flags(0)
01-17 15:36:50.480 21080 21251 D MediaCodec: (0xb8f96318) configure format: AMessage(what = 0x00000000) = {
01-17 15:36:50.480 21080 21251 D MediaCodec:    string mime = "audio/raw"
01-17 15:36:50.480 21080 21251 D MediaCodec:    int64_t durationUs = 1043650
01-17 15:36:50.480 21080 21251 D MediaCodec:    int32_t channel-count = 2
01-17 15:36:50.480 21080 21251 D MediaCodec:    int32_t sample-rate = 44100
01-17 15:36:50.480 21080 21251 D MediaCodec:    int32_t channel-mask = 0
01-17 15:36:50.480 21080 21251 D MediaCodec:  }
01-17 15:36:50.481 21080 21251 I MediaCodec: (0xb8f96318) start
01-17 15:36:50.482 21080 21265 I MediaCodec: (0xb8f96318) input buffers allocated
01-17 15:36:50.482 21080 21265 I MediaCodec: (0xb8f96318) numBuffers (4)
01-17 15:36:50.482 21080 21265 I MediaCodec: (0xb8f96318) output buffers allocated
01-17 15:36:50.482 21080 21265 I MediaCodec: (0xb8f96318) numBuffers (4)
01-17 15:36:50.483 21080 21265 I MediaCodec: (0xb8f96318) codec output format changed
01-17 15:36:50.483 21080 21265 D MediaCodec: (0xb8f96318) output format: AMessage(what = 'codc', target = 6) = {
01-17 15:36:50.483 21080 21265 D MediaCodec:    string mime = "audio/raw"
01-17 15:36:50.483 21080 21265 D MediaCodec:    int32_t channel-count = 2
01-17 15:36:50.483 21080 21265 D MediaCodec:    int32_t sample-rate = 44100
01-17 15:36:50.483 21080 21265 D MediaCodec:    int32_t channel-mask = 0
01-17 15:36:50.483 21080 21265 D MediaCodec:    int32_t what = 1869968451
01-17 15:36:50.483 21080 21265 D MediaCodec:  }
01-17 15:36:50.495 21080 21251 I MediaCodec: (0xb8f96318) stop
01-17 15:36:50.498 21080 21251 I MediaCodec: (0xb8f96318) release
01-17 15:36:50.583 21080 21249 E Robocol : exception SocketTimeoutException(null): no packet received [libcore.io.IoBridge.maybeThrowAfterRecvfrom(IoBridge.java:594)]
01-17 15:36:50.853 21080 21249 V PeerDiscovery: new remote peer discovered: 192.168.49.84
01-17 15:36:50.853 21080 21249 D Robocol : RobocolDatagramSocket connected to /192.168.49.84:20884
01-17 15:36:50.854 21080 21249 V NetworkConnectionHandler: starting sending loop
01-17 15:36:50.854 21080 21249 V Robocol : SendOnceRunnable created
01-17 15:36:50.856 21080 21254 V ThreadPool: container(0x0ac08cc4: OpModeStuckCodeMonitor) added id=1764 TID=0 count=1
01-17 15:36:50.858 21080 21254 I RobotCore: Attempting to switch to op mode $Stop$Robot$
01-17 15:36:50.893 21080 21249 V NetDiscover_prefremrc: sendAllPreferences()
01-17 15:36:50.894 21080 21249 V NetDiscover_prefremrc: sending RC pref name=pref_wifip2p_remote_channel_change_works value=true
01-17 15:36:50.895 21080 21269 V Robocol : sending CMD_NOTIFY_USER_DEVICE_LIST(19), attempt: 0
01-17 15:36:50.898 21080 21249 V NetDiscover_prefremrc: sending RC pref name=pref_device_name value=12611-RC
01-17 15:36:50.898 21080 21249 V NetDiscover_prefremrc: sending RC pref name=pref_has_independent_phone_battery value=true
01-17 15:36:50.898 21080 21249 V NetDiscover_prefremrc: sending RC pref name=pref_app_theme value=teal
01-17 15:36:50.899 21080 21249 V NetDiscover_prefremrc: sending RC pref name=pref_sound_on_off value=false
01-17 15:36:50.899 21080 21249 V RobotCore: Network: active, connected
01-17 15:36:50.934 21080 21269 V Robocol : sending CMD_ROBOT_CONTROLLER_PREFERENCE(20), attempt: 0
01-17 15:36:50.935 21080 21269 V Robocol : sending CMD_ROBOT_CONTROLLER_PREFERENCE(21), attempt: 0
01-17 15:36:50.935 21080 21269 V Robocol : sending CMD_ROBOT_CONTROLLER_PREFERENCE(22), attempt: 0
01-17 15:36:50.935 21080 21269 V Robocol : sending CMD_ROBOT_CONTROLLER_PREFERENCE(23), attempt: 0
01-17 15:36:50.936 21080 21269 V Robocol : sending CMD_ROBOT_CONTROLLER_PREFERENCE(24), attempt: 0
01-17 15:36:50.936 21080 21269 V Robocol : sending CMD_NOTIFY_INIT_OP_MODE(18), attempt: 0
01-17 15:36:50.949 21080 21249 V Robocol : received command: CMD_REQUEST_UI_STATE(10003) 
01-17 15:36:50.952 21080 21248 I BatteryChecker: percent remaining: 100 is charging: true
01-17 15:36:50.975 21080 21269 V Robocol : sending CMD_NOTIFY_ACTIVE_CONFIGURATION(37), attempt: 0
01-17 15:36:51.014 21080 21269 V Robocol : sending CMD_NOTIFY_USER_DEVICE_LIST(38), attempt: 0
01-17 15:36:51.015 21080 21269 V Robocol : sending CMD_NOTIFY_OP_MODE_LIST(39), attempt: 0
01-17 15:36:51.402 21080 21254 I RobotCore: robot battery read duration: n=0, mean=0.000ms sd=-0.000ms
01-17 15:36:51.433 21080 21253 W AudioTrack: AUDIO_OUTPUT_FLAG_FAST denied by client; transfer 4, track 44100 Hz, output 48000 Hz
01-17 15:36:51.456 21080 21080 D MediaPlayer: setSubtitleAnchor in MediaPlayer
01-17 15:36:51.457 21080 21253 D MediaPlayer: setSubtitleAnchor in MediaPlayer
01-17 15:36:51.473 21080 21251 D ExtendedUtils: extended extractor not needed, return default
01-17 15:36:51.474 21080 21251 I MediaCodec: (0xb8f9cdc0) init name(audio/raw) isType(1) encoder(0)
01-17 15:36:51.476 21080 21275 I OMXClient: Using client-side OMX mux.
01-17 15:36:51.481 21080 21275 E OMXMaster: A component of name 'OMX.qcom.audio.decoder.aac' already exists, ignoring this one.
01-17 15:36:51.483 21080 21275 I MediaCodec: (0xb8f9cdc0) Component Allocated (OMX.google.raw.decoder)
01-17 15:36:51.483 21080 21251 I MediaCodec: (0xb8f9cdc0) configure surface(0x0) crypto(0x0) flags(0)
01-17 15:36:51.483 21080 21251 D MediaCodec: (0xb8f9cdc0) configure format: AMessage(what = 0x00000000) = {
01-17 15:36:51.483 21080 21251 D MediaCodec:    string mime = "audio/raw"
01-17 15:36:51.483 21080 21251 D MediaCodec:    int64_t durationUs = 485011
01-17 15:36:51.483 21080 21251 D MediaCodec:    int32_t channel-count = 2
01-17 15:36:51.483 21080 21251 D MediaCodec:    int32_t sample-rate = 44100
01-17 15:36:51.483 21080 21251 D MediaCodec:    int32_t channel-mask = 0
01-17 15:36:51.483 21080 21251 D MediaCodec:  }
01-17 15:36:51.484 21080 21251 I MediaCodec: (0xb8f9cdc0) start
01-17 15:36:51.484 21080 21275 I MediaCodec: (0xb8f9cdc0) input buffers allocated
01-17 15:36:51.484 21080 21275 I MediaCodec: (0xb8f9cdc0) numBuffers (4)
01-17 15:36:51.484 21080 21275 I MediaCodec: (0xb8f9cdc0) output buffers allocated
01-17 15:36:51.484 21080 21275 I MediaCodec: (0xb8f9cdc0) numBuffers (4)
01-17 15:36:51.487 21080 21275 I MediaCodec: (0xb8f9cdc0) codec output format changed
01-17 15:36:51.487 21080 21275 D MediaCodec: (0xb8f9cdc0) output format: AMessage(what = 'codc', target = 10) = {
01-17 15:36:51.487 21080 21275 D MediaCodec:    string mime = "audio/raw"
01-17 15:36:51.487 21080 21275 D MediaCodec:    int32_t channel-count = 2
01-17 15:36:51.487 21080 21275 D MediaCodec:    int32_t sample-rate = 44100
01-17 15:36:51.487 21080 21275 D MediaCodec:    int32_t channel-mask = 0
01-17 15:36:51.487 21080 21275 D MediaCodec:    int32_t what = 1869968451
01-17 15:36:51.487 21080 21275 D MediaCodec:  }
