12-28 18:49:50.833 18939 19049 E LynxMotor: 	at java.util.concurrent.ThreadPoolExecutor$Worker.run(ThreadPoolExecutor.java:588)
12-28 18:49:50.834 18939 19049 E LynxMotor: 	at com.qualcomm.robotcore.util.ThreadPool$ThreadFactoryImpl$1.run(ThreadPool.java:764)
12-28 18:49:50.834 18939 19049 E LynxMotor: 	at java.lang.Thread.run(Thread.java:818)
12-28 18:49:50.846 18939 19017 V RobotCore: nack rec'd mod=2 msg#=195 ref#=0 reason=BATTERY_TOO_LOW_TO_RUN_MOTOR:52
12-28 18:49:50.846 18939 19049 E LynxMotor: exception thrown during lynx communication
12-28 18:49:50.847 18939 19049 E LynxMotor: com.qualcomm.hardware.lynx.LynxNackException: (DQ143RN2 #2) LynxSetMotorChannelEnableCommand: nack received: BATTERY_TOO_LOW_TO_RUN_MOTOR:52
12-28 18:49:50.848 18939 19049 E LynxMotor: 	at com.qualcomm.hardware.lynx.commands.LynxRespondable.throwIfNack(LynxRespondable.java:324)
12-28 18:49:50.848 18939 19049 E LynxMotor: 	at com.qualcomm.hardware.lynx.commands.LynxRespondable.send(LynxRespondable.java:239)
12-28 18:49:50.849 18939 19049 E LynxMotor: 	at com.qualcomm.hardware.lynx.LynxDcMotorController.internalSetMotorEnable(LynxDcMotorController.java:212)
12-28 18:49:50.849 18939 19049 E LynxMotor: 	at com.qualcomm.hardware.lynx.LynxDcMotorController.internalSetMotorPower(LynxDcMotorController.java:500)
12-28 18:49:50.849 18939 19049 E LynxMotor: 	at com.qualcomm.hardware.lynx.LynxDcMotorController.internalSetMotorPower(LynxDcMotorController.java:458)
12-28 18:49:50.850 18939 19049 E LynxMotor: 	at com.qualcomm.hardware.lynx.LynxDcMotorController.setMotorPower(LynxDcMotorController.java:405)
12-28 18:49:50.850 18939 19049 E LynxMotor: 	at com.qualcomm.robotcore.hardware.DcMotorImpl.internalSetPower(DcMotorImpl.java:204)
12-28 18:49:50.850 18939 19049 E LynxMotor: 	at com.qualcomm.robotcore.hardware.DcMotorImpl.setPower(DcMotorImpl.java:200)
12-28 18:49:50.850 18939 19049 E LynxMotor: 	at org.firstinspires.ftc.teamcode.TechNova2017.MecanumRobot.moveRelicSlider(MecanumRobot.java:1093)
12-28 18:49:50.851 18939 19019 V LynxModule: received status: LynxGetModuleStatusResponse(status=0x14 alerts=0x00: FailSafe)
12-28 18:49:50.851 18939 19049 E LynxMotor: 	at org.firstinspires.ftc.teamcode.TechNova2017.RelicRecoveryTeleOpsLinear.gamepadLoop(RelicRecoveryTeleOpsLinear.java:173)
12-28 18:49:50.851 18939 19049 E LynxMotor: 	at org.firstinspires.ftc.teamcode.TechNova2017.RelicRecoveryTeleOpsLinear.runOpMode(RelicRecoveryTeleOpsLinear.java:54)
12-28 18:49:50.852 18939 19049 E LynxMotor: 	at com.qualcomm.robotcore.eventloop.opmode.LinearOpMode$LinearOpModeHelper$1.run(LinearOpMode.java:305)
12-28 18:49:50.852 18939 19049 E LynxMotor: 	at com.qualcomm.robotcore.util.ThreadPool.logThreadLifeCycle(ThreadPool.java:709)
12-28 18:49:50.852 18939 19049 E LynxMotor: 	at com.qualcomm.robotcore.eventloop.opmode.LinearOpMode$LinearOpModeHelper.run(LinearOpMode.java:300)
12-28 18:49:50.853 18939 19049 E LynxMotor: 	at java.util.concurrent.ThreadPoolExecutor.runWorker(ThreadPoolExecutor.java:1113)
12-28 18:49:50.853 18939 19049 E LynxMotor: 	at java.util.concurrent.ThreadPoolExecutor$Worker.run(ThreadPoolExecutor.java:588)
12-28 18:49:50.853 18939 19049 E LynxMotor: 	at com.qualcomm.robotcore.util.ThreadPool$ThreadFactoryImpl$1.run(ThreadPool.java:764)
12-28 18:49:50.853 18939 19049 E LynxMotor: 	at java.lang.Thread.run(Thread.java:818)
12-28 18:49:50.880 18939 19018 V LynxModule: received status: LynxGetModuleStatusResponse(status=0x14 alerts=0x00: FailSafe)
12-28 18:49:50.883 18939 19017 V RobotCore: nack rec'd mod=3 msg#=47 ref#=0 reason=BATTERY_TOO_LOW_TO_RUN_MOTOR:52
12-28 18:49:50.883 18939 19049 E LynxMotor: exception thrown during lynx communication
12-28 18:49:50.884 18939 19049 E LynxMotor: com.qualcomm.hardware.lynx.LynxNackException: (DQ143RN2 #3) LynxSetMotorChannelEnableCommand: nack received: BATTERY_TOO_LOW_TO_RUN_MOTOR:52
12-28 18:49:50.885 18939 19049 E LynxMotor: 	at com.qualcomm.hardware.lynx.commands.LynxRespondable.throwIfNack(LynxRespondable.java:324)
12-28 18:49:50.885 18939 19049 E LynxMotor: 	at com.qualcomm.hardware.lynx.commands.LynxRespondable.send(LynxRespondable.java:239)
12-28 18:49:50.886 18939 19049 E LynxMotor: 	at com.qualcomm.hardware.lynx.LynxDcMotorController.internalSetMotorEnable(LynxDcMotorController.java:212)
12-28 18:49:50.886 18939 19049 E LynxMotor: 	at com.qualcomm.hardware.lynx.LynxDcMotorController.internalSetMotorPower(LynxDcMotorController.java:500)
12-28 18:49:50.887 18939 19049 E LynxMotor: 	at com.qualcomm.hardware.lynx.LynxDcMotorController.internalSetMotorPower(LynxDcMotorController.java:458)
12-28 18:49:50.887 18939 19049 E LynxMotor: 	at com.qualcomm.hardware.lynx.LynxDcMotorController.setMotorPower(LynxDcMotorController.java:405)
12-28 18:49:50.888 18939 19049 E LynxMotor: 	at com.qualcomm.robotcore.hardware.DcMotorImpl.internalSetPower(DcMotorImpl.java:204)
12-28 18:49:50.889 18939 19049 E LynxMotor: 	at com.qualcomm.robotcore.hardware.DcMotorImpl.setPower(DcMotorImpl.java:200)
12-28 18:49:50.889 18939 19049 E LynxMotor: 	at org.firstinspires.ftc.teamcode.TechNova2017.MecanumRobot.drive(MecanumRobot.java:693)
12-28 18:49:50.890 18939 19049 E LynxMotor: 	at org.firstinspires.ftc.teamcode.TechNova2017.DriveHelper.drive(DriveHelper.java:123)
12-28 18:49:50.890 18939 19049 E LynxMotor: 	at org.firstinspires.ftc.teamcode.TechNova2017.RelicRecoveryTeleOpsLinear.gamepadLoop(RelicRecoveryTeleOpsLinear.java:226)
12-28 18:49:50.890 18939 19049 E LynxMotor: 	at org.firstinspires.ftc.teamcode.TechNova2017.RelicRecoveryTeleOpsLinear.runOpMode(RelicRecoveryTeleOpsLinear.java:54)
12-28 18:49:50.892 18939 19049 E LynxMotor: 	at com.qualcomm.robotcore.eventloop.opmode.LinearOpMode$LinearOpModeHelper$1.run(LinearOpMode.java:305)
12-28 18:49:50.893 18939 19049 E LynxMotor: 	at com.qualcomm.robotcore.util.ThreadPool.logThreadLifeCycle(ThreadPool.java:709)
12-28 18:49:50.894 18939 19049 E LynxMotor: 	at com.qualcomm.robotcore.eventloop.opmode.LinearOpMode$LinearOpModeHelper.run(LinearOpMode.java:300)
12-28 18:49:50.895 18939 19049 E LynxMotor: 	at java.util.concurrent.ThreadPoolExecutor.runWorker(ThreadPoolExecutor.java:1113)
12-28 18:49:50.895 18939 19049 E LynxMotor: 	at java.util.concurrent.ThreadPoolExecutor$Worker.run(ThreadPoolExecutor.java:588)
12-28 18:49:50.896 18939 19049 E LynxMotor: 	at com.qualcomm.robotcore.util.ThreadPool$ThreadFactoryImpl$1.run(ThreadPool.java:764)
12-28 18:49:50.896 18939 19049 E LynxMotor: 	at java.lang.Thread.run(Thread.java:818)
12-28 18:49:50.905 18939 19017 V RobotCore: nack rec'd mod=3 msg#=50 ref#=0 reason=BATTERY_TOO_LOW_TO_RUN_MOTOR:52
12-28 18:49:50.905 18939 19049 E LynxMotor: exception thrown during lynx communication
12-28 18:49:50.906 18939 19049 E LynxMotor: com.qualcomm.hardware.lynx.LynxNackException: (DQ143RN2 #3) LynxSetMotorChannelEnableCommand: nack received: BATTERY_TOO_LOW_TO_RUN_MOTOR:52
12-28 18:49:50.907 18939 19049 E LynxMotor: 	at com.qualcomm.hardware.lynx.commands.LynxRespondable.throwIfNack(LynxRespondable.java:324)
12-28 18:49:50.907 18939 19049 E LynxMotor: 	at com.qualcomm.hardware.lynx.commands.LynxRespondable.send(LynxRespondable.java:239)
12-28 18:49:50.908 18939 19049 E LynxMotor: 	at com.qualcomm.hardware.lynx.LynxDcMotorController.internalSetMotorEnable(LynxDcMotorController.java:212)
12-28 18:49:50.908 18939 19049 E LynxMotor: 	at com.qualcomm.hardware.lynx.LynxDcMotorController.internalSetMotorPower(LynxDcMotorController.java:500)
12-28 18:49:50.908 18939 19018 V LynxModule: received status: LynxGetModuleStatusResponse(status=0x14 alerts=0x00: FailSafe)
12-28 18:49:50.908 18939 19049 E LynxMotor: 	at com.qualcomm.hardware.lynx.LynxDcMotorController.internalSetMotorPower(LynxDcMotorController.java:458)
12-28 18:49:50.909 18939 19049 E LynxMotor: 	at com.qualcomm.hardware.lynx.LynxDcMotorController.setMotorPower(LynxDcMotorController.java:405)
12-28 18:49:50.909 18939 19049 E LynxMotor: 	at com.qualcomm.robotcore.hardware.DcMotorImpl.internalSetPower(DcMotorImpl.java:204)
12-28 18:49:50.909 18939 19049 E LynxMotor: 	at com.qualcomm.robotcore.hardware.DcMotorImpl.setPower(DcMotorImpl.java:200)
12-28 18:49:50.910 18939 19049 E LynxMotor: 	at org.firstinspires.ftc.teamcode.TechNova2017.MecanumRobot.drive(MecanumRobot.java:694)
12-28 18:49:50.910 18939 19049 E LynxMotor: 	at org.firstinspires.ftc.teamcode.TechNova2017.DriveHelper.drive(DriveHelper.java:123)
12-28 18:49:50.911 18939 19049 E LynxMotor: 	at org.firstinspires.ftc.teamcode.TechNova2017.RelicRecoveryTeleOpsLinear.gamepadLoop(RelicRecoveryTeleOpsLinear.java:226)
12-28 18:49:50.911 18939 19049 E LynxMotor: 	at org.firstinspires.ftc.teamcode.TechNova2017.RelicRecoveryTeleOpsLinear.runOpMode(RelicRecoveryTeleOpsLinear.java:54)
12-28 18:49:50.912 18939 19049 E LynxMotor: 	at com.qualcomm.robotcore.eventloop.opmode.LinearOpMode$LinearOpModeHelper$1.run(LinearOpMode.java:305)
12-28 18:49:50.912 18939 19049 E LynxMotor: 	at com.qualcomm.robotcore.util.ThreadPool.logThreadLifeCycle(ThreadPool.java:709)
12-28 18:49:50.912 18939 19049 E LynxMotor: 	at com.qualcomm.robotcore.eventloop.opmode.LinearOpMode$LinearOpModeHelper.run(LinearOpMode.java:300)
12-28 18:49:50.913 18939 19049 E LynxMotor: 	at java.util.concurrent.ThreadPoolExecutor.runWorker(ThreadPoolExecutor.java:1113)
12-28 18:49:50.913 18939 19049 E LynxMotor: 	at java.util.concurrent.ThreadPoolExecutor$Worker.run(ThreadPoolExecutor.java:588)
12-28 18:49:50.913 18939 19049 E LynxMotor: 	at com.qualcomm.robotcore.util.ThreadPool$ThreadFactoryImpl$1.run(ThreadPool.java:764)
12-28 18:49:50.914 18939 19049 E LynxMotor: 	at java.lang.Thread.run(Thread.java:818)
12-28 18:49:50.922 18939 19017 V RobotCore: nack rec'd mod=3 msg#=54 ref#=0 reason=BATTERY_TOO_LOW_TO_RUN_MOTOR:52
12-28 18:49:50.922 18939 19049 E LynxMotor: exception thrown during lynx communication
12-28 18:49:50.923 18939 19049 E LynxMotor: com.qualcomm.hardware.lynx.LynxNackException: (DQ143RN2 #3) LynxSetMotorChannelEnableCommand: nack received: BATTERY_TOO_LOW_TO_RUN_MOTOR:52
12-28 18:49:50.924 18939 19049 E LynxMotor: 	at com.qualcomm.hardware.lynx.commands.LynxRespondable.throwIfNack(LynxRespondable.java:324)
12-28 18:49:50.924 18939 19049 E LynxMotor: 	at com.qualcomm.hardware.lynx.commands.LynxRespondable.send(LynxRespondable.java:239)
12-28 18:49:50.925 18939 19049 E LynxMotor: 	at com.qualcomm.hardware.lynx.LynxDcMotorController.internalSetMotorEnable(LynxDcMotorController.java:212)
12-28 18:49:50.925 18939 19018 V LynxModule: received status: LynxGetModuleStatusResponse(status=0x14 alerts=0x00: FailSafe)
12-28 18:49:50.925 18939 19049 E LynxMotor: 	at com.qualcomm.hardware.lynx.LynxDcMotorController.internalSetMotorPower(LynxDcMotorController.java:500)
12-28 18:49:50.926 18939 19049 E LynxMotor: 	at com.qualcomm.hardware.lynx.LynxDcMotorController.internalSetMotorPower(LynxDcMotorController.java:458)
12-28 18:49:50.926 18939 19049 E LynxMotor: 	at com.qualcomm.hardware.lynx.LynxDcMotorController.setMotorPower(LynxDcMotorController.java:405)
12-28 18:49:50.926 18939 19049 E LynxMotor: 	at com.qualcomm.robotcore.hardware.DcMotorImpl.internalSetPower(DcMotorImpl.java:204)
12-28 18:49:50.927 18939 19049 E LynxMotor: 	at com.qualcomm.robotcore.hardware.DcMotorImpl.setPower(DcMotorImpl.java:200)
12-28 18:49:50.927 18939 19049 E LynxMotor: 	at org.firstinspires.ftc.teamcode.TechNova2017.MecanumRobot.drive(MecanumRobot.java:695)
12-28 18:49:50.927 18939 19049 E LynxMotor: 	at org.firstinspires.ftc.teamcode.TechNova2017.DriveHelper.drive(DriveHelper.java:123)
12-28 18:49:50.928 18939 19049 E LynxMotor: 	at org.firstinspires.ftc.teamcode.TechNova2017.RelicRecoveryTeleOpsLinear.gamepadLoop(RelicRecoveryTeleOpsLinear.java:226)
12-28 18:49:50.929 18939 19049 E LynxMotor: 	at org.firstinspires.ftc.teamcode.TechNova2017.RelicRecoveryTeleOpsLinear.runOpMode(RelicRecoveryTeleOpsLinear.java:54)
12-28 18:49:50.929 18939 19049 E LynxMotor: 	at com.qualcomm.robotcore.eventloop.opmode.LinearOpMode$LinearOpModeHelper$1.run(LinearOpMode.java:305)
12-28 18:49:50.929 18939 19049 E LynxMotor: 	at com.qualcomm.robotcore.util.ThreadPool.logThreadLifeCycle(ThreadPool.java:709)
12-28 18:49:50.930 18939 19049 E LynxMotor: 	at com.qualcomm.robotcore.eventloop.opmode.LinearOpMode$LinearOpModeHelper.run(LinearOpMode.java:300)
12-28 18:49:50.930 18939 19049 E LynxMotor: 	at java.util.concurrent.ThreadPoolExecutor.runWorker(ThreadPoolExecutor.java:1113)
12-28 18:49:50.930 18939 19049 E LynxMotor: 	at java.util.concurrent.ThreadPoolExecutor$Worker.run(ThreadPoolExecutor.java:588)
12-28 18:49:50.931 18939 19049 E LynxMotor: 	at com.qualcomm.robotcore.util.ThreadPool$ThreadFactoryImpl$1.run(ThreadPool.java:764)
12-28 18:49:50.931 18939 19049 E LynxMotor: 	at java.lang.Thread.run(Thread.java:818)
12-28 18:49:50.940 18939 19018 V LynxModule: received status: LynxGetModuleStatusResponse(status=0x14 alerts=0x00: FailSafe)
12-28 18:49:50.943 18939 19017 V RobotCore: nack rec'd mod=3 msg#=59 ref#=0 reason=BATTERY_TOO_LOW_TO_RUN_MOTOR:52
12-28 18:49:50.944 18939 19049 E LynxMotor: exception thrown during lynx communication
12-28 18:49:50.945 18939 19049 E LynxMotor: com.qualcomm.hardware.lynx.LynxNackException: (DQ143RN2 #3) LynxSetMotorChannelEnableCommand: nack received: BATTERY_TOO_LOW_TO_RUN_MOTOR:52
12-28 18:49:50.946 18939 19049 E LynxMotor: 	at com.qualcomm.hardware.lynx.commands.LynxRespondable.throwIfNack(LynxRespondable.java:324)
12-28 18:49:50.946 18939 19049 E LynxMotor: 	at com.qualcomm.hardware.lynx.commands.LynxRespondable.send(LynxRespondable.java:239)
12-28 18:49:50.947 18939 19049 E LynxMotor: 	at com.qualcomm.hardware.lynx.LynxDcMotorController.internalSetMotorEnable(LynxDcMotorController.java:212)
12-28 18:49:50.947 18939 19049 E LynxMotor: 	at com.qualcomm.hardware.lynx.LynxDcMotorController.internalSetMotorPower(LynxDcMotorController.java:500)
12-28 18:49:50.947 18939 19049 E LynxMotor: 	at com.qualcomm.hardware.lynx.LynxDcMotorController.internalSetMotorPower(LynxDcMotorController.java:458)
12-28 18:49:50.948 18939 19049 E LynxMotor: 	at com.qualcomm.hardware.lynx.LynxDcMotorController.setMotorPower(LynxDcMotorController.java:405)
12-28 18:49:50.948 18939 19049 E LynxMotor: 	at com.qualcomm.robotcore.hardware.DcMotorImpl.internalSetPower(DcMotorImpl.java:204)
12-28 18:49:50.949 18939 19049 E LynxMotor: 	at com.qualcomm.robotcore.hardware.DcMotorImpl.setPower(DcMotorImpl.java:200)
12-28 18:49:50.949 18939 19049 E LynxMotor: 	at org.firstinspires.ftc.teamcode.TechNova2017.MecanumRobot.drive(MecanumRobot.java:696)
12-28 18:49:50.949 18939 19049 E LynxMotor: 	at org.firstinspires.ftc.teamcode.TechNova2017.DriveHelper.drive(DriveHelper.java:123)
12-28 18:49:50.950 18939 19049 E LynxMotor: 	at org.firstinspires.ftc.teamcode.TechNova2017.RelicRecoveryTeleOpsLinear.gamepadLoop(RelicRecoveryTeleOpsLinear.java:226)
12-28 18:49:50.950 18939 19049 E LynxMotor: 	at org.firstinspires.ftc.teamcode.TechNova2017.RelicRecoveryTeleOpsLinear.runOpMode(RelicRecoveryTeleOpsLinear.java:54)
12-28 18:49:50.950 18939 19049 E LynxMotor: 	at com.qualcomm.robotcore.eventloop.opmode.LinearOpMode$LinearOpModeHelper$1.run(LinearOpMode.java:305)
12-28 18:49:50.951 18939 19049 E LynxMotor: 	at com.qualcomm.robotcore.util.ThreadPool.logThreadLifeCycle(ThreadPool.java:709)
12-28 18:49:50.951 18939 19049 E LynxMotor: 	at com.qualcomm.robotcore.eventloop.opmode.LinearOpMode$LinearOpModeHelper.run(LinearOpMode.java:300)
12-28 18:49:50.952 18939 19049 E LynxMotor: 	at java.util.concurrent.ThreadPoolExecutor.runWorker(ThreadPoolExecutor.java:1113)
12-28 18:49:50.952 18939 19049 E LynxMotor: 	at java.util.concurrent.ThreadPoolExecutor$Worker.run(ThreadPoolExecutor.java:588)
12-28 18:49:50.952 18939 19049 E LynxMotor: 	at com.qualcomm.robotcore.util.ThreadPool$ThreadFactoryImpl$1.run(ThreadPool.java:764)
12-28 18:49:50.952 18939 19049 E LynxMotor: 	at java.lang.Thread.run(Thread.java:818)
12-28 18:49:50.961 18939 19019 V LynxModule: received status: LynxGetModuleStatusResponse(status=0x14 alerts=0x00: FailSafe)
12-28 18:49:50.977 18939 19019 V LynxModule: received status: LynxGetModuleStatusResponse(status=0x14 alerts=0x00: FailSafe)
12-28 18:49:51.015 18939 19019 V LynxModule: received status: LynxGetModuleStatusResponse(status=0x14 alerts=0x00: FailSafe)
12-28 18:49:51.033 18939 19019 V LynxModule: received status: LynxGetModuleStatusResponse(status=0x14 alerts=0x00: FailSafe)
12-28 18:49:51.056 18939 19019 V LynxModule: received status: LynxGetModuleStatusResponse(status=0x14 alerts=0x00: FailSafe)
12-28 18:49:51.064 18939 19017 V RobotCore: nack rec'd mod=2 msg#=218 ref#=0 reason=BATTERY_TOO_LOW_TO_RUN_MOTOR:52
12-28 18:49:51.065 18939 19049 E LynxMotor: exception thrown during lynx communication
12-28 18:49:51.066 18939 19049 E LynxMotor: com.qualcomm.hardware.lynx.LynxNackException: (DQ143RN2 #2) LynxSetMotorChannelEnableCommand: nack received: BATTERY_TOO_LOW_TO_RUN_MOTOR:52
12-28 18:49:51.067 18939 19049 E LynxMotor: 	at com.qualcomm.hardware.lynx.commands.LynxRespondable.throwIfNack(LynxRespondable.java:324)
12-28 18:49:51.068 18939 19049 E LynxMotor: 	at com.qualcomm.hardware.lynx.commands.LynxRespondable.send(LynxRespondable.java:239)
12-28 18:49:51.068 18939 19049 E LynxMotor: 	at com.qualcomm.hardware.lynx.LynxDcMotorController.internalSetMotorEnable(LynxDcMotorController.java:212)
12-28 18:49:51.069 18939 19019 V LynxModule: received status: LynxGetModuleStatusResponse(status=0x14 alerts=0x00: FailSafe)
12-28 18:49:51.069 18939 19049 E LynxMotor: 	at com.qualcomm.hardware.lynx.LynxDcMotorController.internalSetMotorPower(LynxDcMotorController.java:500)
12-28 18:49:51.070 18939 19049 E LynxMotor: 	at com.qualcomm.hardware.lynx.LynxDcMotorController.setMotorMode(LynxDcMotorController.java:330)
12-28 18:49:51.070 18939 19049 E LynxMotor: 	at com.qualcomm.robotcore.hardware.DcMotorImpl.internalSetMode(DcMotorImpl.java:321)
12-28 18:49:51.071 18939 19049 E LynxMotor: 	at com.qualcomm.robotcore.hardware.DcMotorImpl.setMode(DcMotorImpl.java:317)
12-28 18:49:51.071 18939 19049 E LynxMotor: 	at org.firstinspires.ftc.teamcode.TechNova2017.MecanumRobot.setGlyphLiftToRunEncoderMode(MecanumRobot.java:583)
12-28 18:49:51.072 18939 19049 E LynxMotor: 	at org.firstinspires.ftc.teamcode.TechNova2017.RelicRecoveryTeleOpsLinear.gamepadLoop(RelicRecoveryTeleOpsLinear.java:121)
12-28 18:49:51.073 18939 19049 E LynxMotor: 	at org.firstinspires.ftc.teamcode.TechNova2017.RelicRecoveryTeleOpsLinear.runOpMode(RelicRecoveryTeleOpsLinear.java:54)
12-28 18:49:51.073 18939 19049 E LynxMotor: 	at com.qualcomm.robotcore.eventloop.opmode.LinearOpMode$LinearOpModeHelper$1.run(LinearOpMode.java:305)
12-28 18:49:51.074 18939 19049 E LynxMotor: 	at com.qualcomm.robotcore.util.ThreadPool.logThreadLifeCycle(ThreadPool.java:709)
12-28 18:49:51.074 18939 19049 E LynxMotor: 	at com.qualcomm.robotcore.eventloop.opmode.LinearOpMode$LinearOpModeHelper.run(LinearOpMode.java:300)
12-28 18:49:51.075 18939 19049 E LynxMotor: 	at java.util.concurrent.ThreadPoolExecutor.runWorker(ThreadPoolExecutor.java:1113)
12-28 18:49:51.076 18939 19049 E LynxMotor: 	at java.util.concurrent.ThreadPoolExecutor$Worker.run(ThreadPoolExecutor.java:588)
12-28 18:49:51.076 18939 19049 E LynxMotor: 	at com.qualcomm.robotcore.util.ThreadPool$ThreadFactoryImpl$1.run(ThreadPool.java:764)
12-28 18:49:51.076 18939 19049 E LynxMotor: 	at java.lang.Thread.run(Thread.java:818)
12-28 18:49:51.097 18939 19019 V LynxModule: received status: LynxGetModuleStatusResponse(status=0x14 alerts=0x00: FailSafe)
12-28 18:49:51.105 18939 19017 V RobotCore: nack rec'd mod=2 msg#=226 ref#=0 reason=BATTERY_TOO_LOW_TO_RUN_MOTOR:52
12-28 18:49:51.106 18939 19049 E LynxMotor: exception thrown during lynx communication
12-28 18:49:51.107 18939 19049 E LynxMotor: com.qualcomm.hardware.lynx.LynxNackException: (DQ143RN2 #2) LynxSetMotorChannelEnableCommand: nack received: BATTERY_TOO_LOW_TO_RUN_MOTOR:52
12-28 18:49:51.108 18939 19049 E LynxMotor: 	at com.qualcomm.hardware.lynx.commands.LynxRespondable.throwIfNack(LynxRespondable.java:324)
12-28 18:49:51.109 18939 19049 E LynxMotor: 	at com.qualcomm.hardware.lynx.commands.LynxRespondable.send(LynxRespondable.java:239)
12-28 18:49:51.109 18939 19049 E LynxMotor: 	at com.qualcomm.hardware.lynx.LynxDcMotorController.internalSetMotorEnable(LynxDcMotorController.java:212)
12-28 18:49:51.110 18939 19049 E LynxMotor: 	at com.qualcomm.hardware.lynx.LynxDcMotorController.internalSetMotorPower(LynxDcMotorController.java:500)
12-28 18:49:51.110 18939 19019 V LynxModule: received status: LynxGetModuleStatusResponse(status=0x14 alerts=0x00: FailSafe)
12-28 18:49:51.110 18939 19049 E LynxMotor: 	at com.qualcomm.hardware.lynx.LynxDcMotorController.setMotorMode(LynxDcMotorController.java:330)
12-28 18:49:51.111 18939 19049 E LynxMotor: 	at com.qualcomm.robotcore.hardware.DcMotorImpl.internalSetMode(DcMotorImpl.java:321)
12-28 18:49:51.112 18939 19049 E LynxMotor: 	at com.qualcomm.robotcore.hardware.DcMotorImpl.setMode(DcMotorImpl.java:317)
12-28 18:49:51.112 18939 19049 E LynxMotor: 	at org.firstinspires.ftc.teamcode.TechNova2017.MecanumRobot.setGlyphLiftToRunEncoderMode(MecanumRobot.java:583)
12-28 18:49:51.113 18939 19049 E LynxMotor: 	at org.firstinspires.ftc.teamcode.TechNova2017.RelicRecoveryTeleOpsLinear.gamepadLoop(RelicRecoveryTeleOpsLinear.java:163)
12-28 18:49:51.113 18939 19049 E LynxMotor: 	at org.firstinspires.ftc.teamcode.TechNova2017.RelicRecoveryTeleOpsLinear.runOpMode(RelicRecoveryTeleOpsLinear.java:54)
12-28 18:49:51.114 18939 19049 E LynxMotor: 	at com.qualcomm.robotcore.eventloop.opmode.LinearOpMode$LinearOpModeHelper$1.run(LinearOpMode.java:305)
12-28 18:49:51.114 18939 19049 E LynxMotor: 	at com.qualcomm.robotcore.util.ThreadPool.logThreadLifeCycle(ThreadPool.java:709)
12-28 18:49:51.115 18939 19049 E LynxMotor: 	at com.qualcomm.robotcore.eventloop.opmode.LinearOpMode$LinearOpModeHelper.run(LinearOpMode.java:300)
12-28 18:49:51.115 18939 19049 E LynxMotor: 	at java.util.concurrent.ThreadPoolExecutor.runWorker(ThreadPoolExecutor.java:1113)
12-28 18:49:51.116 18939 19049 E LynxMotor: 	at java.util.concurrent.ThreadPoolExecutor$Worker.run(ThreadPoolExecutor.java:588)
12-28 18:49:51.117 18939 19049 E LynxMotor: 	at com.qualcomm.robotcore.util.ThreadPool$ThreadFactoryImpl$1.run(ThreadPool.java:764)
12-28 18:49:51.117 18939 19049 E LynxMotor: 	at java.lang.Thread.run(Thread.java:818)
12-28 18:49:51.129 18939 19017 V RobotCore: nack rec'd mod=2 msg#=230 ref#=0 reason=BATTERY_TOO_LOW_TO_RUN_MOTOR:52
12-28 18:49:51.130 18939 19049 E LynxMotor: exception thrown during lynx communication
12-28 18:49:51.131 18939 19049 E LynxMotor: com.qualcomm.hardware.lynx.LynxNackException: (DQ143RN2 #2) LynxSetMotorChannelEnableCommand: nack received: BATTERY_TOO_LOW_TO_RUN_MOTOR:52
12-28 18:49:51.132 18939 19049 E LynxMotor: 	at com.qualcomm.hardware.lynx.commands.LynxRespondable.throwIfNack(LynxRespondable.java:324)
12-28 18:49:51.133 18939 19049 E LynxMotor: 	at com.qualcomm.hardware.lynx.commands.LynxRespondable.send(LynxRespondable.java:239)
12-28 18:49:51.133 18939 19049 E LynxMotor: 	at com.qualcomm.hardware.lynx.LynxDcMotorController.internalSetMotorEnable(LynxDcMotorController.java:212)
12-28 18:49:51.134 18939 19049 E LynxMotor: 	at com.qualcomm.hardware.lynx.LynxDcMotorController.internalSetMotorPower(LynxDcMotorController.java:500)
12-28 18:49:51.135 18939 19049 E LynxMotor: 	at com.qualcomm.hardware.lynx.LynxDcMotorController.internalSetMotorPower(LynxDcMotorController.java:458)
12-28 18:49:51.135 18939 19019 V LynxModule: received status: LynxGetModuleStatusResponse(status=0x14 alerts=0x00: FailSafe)
12-28 18:49:51.135 18939 19049 E LynxMotor: 	at com.qualcomm.hardware.lynx.LynxDcMotorController.setMotorPower(LynxDcMotorController.java:405)
12-28 18:49:51.136 18939 19049 E LynxMotor: 	at com.qualcomm.robotcore.hardware.DcMotorImpl.internalSetPower(DcMotorImpl.java:204)
12-28 18:49:51.136 18939 19049 E LynxMotor: 	at com.qualcomm.robotcore.hardware.DcMotorImpl.setPower(DcMotorImpl.java:200)
12-28 18:49:51.137 18939 19049 E LynxMotor: 	at org.firstinspires.ftc.teamcode.TechNova2017.MecanumRobot.moveGlyphLift(MecanumRobot.java:416)
12-28 18:49:51.137 18939 19049 E LynxMotor: 	at org.firstinspires.ftc.teamcode.TechNova2017.RelicRecoveryTeleOpsLinear.gamepadLoop(RelicRecoveryTeleOpsLinear.java:164)
12-28 18:49:51.138 18939 19049 E LynxMotor: 	at org.firstinspires.ftc.teamcode.TechNova2017.RelicRecoveryTeleOpsLinear.runOpMode(RelicRecoveryTeleOpsLinear.java:54)
12-28 18:49:51.139 18939 19049 E LynxMotor: 	at com.qualcomm.robotcore.eventloop.opmode.LinearOpMode$LinearOpModeHelper$1.run(LinearOpMode.java:305)
12-28 18:49:51.139 18939 19049 E LynxMotor: 	at com.qualcomm.robotcore.util.ThreadPool.logThreadLifeCycle(ThreadPool.java:709)
12-28 18:49:51.139 18939 19049 E LynxMotor: 	at com.qualcomm.robotcore.eventloop.opmode.LinearOpMode$LinearOpModeHelper.run(LinearOpMode.java:300)
12-28 18:49:51.140 18939 19049 E LynxMotor: 	at java.util.concurrent.ThreadPoolExecutor.runWorker(ThreadPoolExecutor.java:1113)
12-28 18:49:51.140 18939 19049 E LynxMotor: 	at java.util.concurrent.ThreadPoolExecutor$Worker.run(ThreadPoolExecutor.java:588)
12-28 18:49:51.141 18939 19049 E LynxMotor: 	at com.qualcomm.robotcore.util.ThreadPool$ThreadFactoryImpl$1.run(ThreadPool.java:764)
12-28 18:49:51.141 18939 19049 E LynxMotor: 	at java.lang.Thread.run(Thread.java:818)
12-28 18:49:51.153 18939 19017 V RobotCore: nack rec'd mod=2 msg#=234 ref#=0 reason=BATTERY_TOO_LOW_TO_RUN_MOTOR:52
12-28 18:49:51.154 18939 19049 E LynxMotor: exception thrown during lynx communication
12-28 18:49:51.155 18939 19049 E LynxMotor: com.qualcomm.hardware.lynx.LynxNackException: (DQ143RN2 #2) LynxSetMotorChannelEnableCommand: nack received: BATTERY_TOO_LOW_TO_RUN_MOTOR:52
12-28 18:49:51.158 18939 19049 E LynxMotor: 	at com.qualcomm.hardware.lynx.commands.LynxRespondable.throwIfNack(LynxRespondable.java:324)
12-28 18:49:51.159 18939 19049 E LynxMotor: 	at com.qualcomm.hardware.lynx.commands.LynxRespondable.send(LynxRespondable.java:239)
12-28 18:49:51.160 18939 19049 E LynxMotor: 	at com.qualcomm.hardware.lynx.LynxDcMotorController.internalSetMotorEnable(LynxDcMotorController.java:212)
12-28 18:49:51.160 18939 19049 E LynxMotor: 	at com.qualcomm.hardware.lynx.LynxDcMotorController.internalSetMotorPower(LynxDcMotorController.java:500)
12-28 18:49:51.161 18939 19049 E LynxMotor: 	at com.qualcomm.hardware.lynx.LynxDcMotorController.internalSetMotorPower(LynxDcMotorController.java:458)
12-28 18:49:51.161 18939 19019 V LynxModule: received status: LynxGetModuleStatusResponse(status=0x14 alerts=0x00: FailSafe)
12-28 18:49:51.162 18939 19049 E LynxMotor: 	at com.qualcomm.hardware.lynx.LynxDcMotorController.setMotorPower(LynxDcMotorController.java:405)
12-28 18:49:51.162 18939 19049 E LynxMotor: 	at com.qualcomm.robotcore.hardware.DcMotorImpl.internalSetPower(DcMotorImpl.java:204)
12-28 18:49:51.162 18939 19049 E LynxMotor: 	at com.qualcomm.robotcore.hardware.DcMotorImpl.setPower(DcMotorImpl.java:200)
12-28 18:49:51.163 18939 19049 E LynxMotor: 	at org.firstinspires.ftc.teamcode.TechNova2017.MecanumRobot.moveRelicSlider(MecanumRobot.java:1093)
12-28 18:49:51.164 18939 19049 E LynxMotor: 	at org.firstinspires.ftc.teamcode.TechNova2017.RelicRecoveryTeleOpsLinear.gamepadLoop(RelicRecoveryTeleOpsLinear.java:173)
12-28 18:49:51.164 18939 19049 E LynxMotor: 	at org.firstinspires.ftc.teamcode.TechNova2017.RelicRecoveryTeleOpsLinear.runOpMode(RelicRecoveryTeleOpsLinear.java:54)
12-28 18:49:51.165 18939 19049 E LynxMotor: 	at com.qualcomm.robotcore.eventloop.opmode.LinearOpMode$LinearOpModeHelper$1.run(LinearOpMode.java:305)
12-28 18:49:51.166 18939 19049 E LynxMotor: 	at com.qualcomm.robotcore.util.ThreadPool.logThreadLifeCycle(ThreadPool.java:709)
12-28 18:49:51.166 18939 19049 E LynxMotor: 	at com.qualcomm.robotcore.eventloop.opmode.LinearOpMode$LinearOpModeHelper.run(LinearOpMode.java:300)
12-28 18:49:51.167 18939 19049 E LynxMotor: 	at java.util.concurrent.ThreadPoolExecutor.runWorker(ThreadPoolExecutor.java:1113)
12-28 18:49:51.168 18939 19049 E LynxMotor: 	at java.util.concurrent.ThreadPoolExecutor$Worker.run(ThreadPoolExecutor.java:588)
12-28 18:49:51.169 18939 19049 E LynxMotor: 	at com.qualcomm.robotcore.util.ThreadPool$ThreadFactoryImpl$1.run(ThreadPool.java:764)
12-28 18:49:51.170 18939 19049 E LynxMotor: 	at java.lang.Thread.run(Thread.java:818)
12-28 18:49:51.196 18939 19018 V LynxModule: received status: LynxGetModuleStatusResponse(status=0x14 alerts=0x00: FailSafe)
12-28 18:49:51.200 18939 19017 V RobotCore: nack rec'd mod=3 msg#=68 ref#=0 reason=BATTERY_TOO_LOW_TO_RUN_MOTOR:52
12-28 18:49:51.200 18939 19049 E LynxMotor: exception thrown during lynx communication
12-28 18:49:51.201 18939 19049 E LynxMotor: com.qualcomm.hardware.lynx.LynxNackException: (DQ143RN2 #3) LynxSetMotorChannelEnableCommand: nack received: BATTERY_TOO_LOW_TO_RUN_MOTOR:52
12-28 18:49:51.202 18939 19049 E LynxMotor: 	at com.qualcomm.hardware.lynx.commands.LynxRespondable.throwIfNack(LynxRespondable.java:324)
12-28 18:49:51.202 18939 19049 E LynxMotor: 	at com.qualcomm.hardware.lynx.commands.LynxRespondable.send(LynxRespondable.java:239)
12-28 18:49:51.203 18939 19049 E LynxMotor: 	at com.qualcomm.hardware.lynx.LynxDcMotorController.internalSetMotorEnable(LynxDcMotorController.java:212)
12-28 18:49:51.203 18939 19049 E LynxMotor: 	at com.qualcomm.hardware.lynx.LynxDcMotorController.internalSetMotorPower(LynxDcMotorController.java:500)
12-28 18:49:51.203 18939 19049 E LynxMotor: 	at com.qualcomm.hardware.lynx.LynxDcMotorController.internalSetMotorPower(LynxDcMotorController.java:458)
12-28 18:49:51.204 18939 19049 E LynxMotor: 	at com.qualcomm.hardware.lynx.LynxDcMotorController.setMotorPower(LynxDcMotorController.java:405)
12-28 18:49:51.204 18939 19049 E LynxMotor: 	at com.qualcomm.robotcore.hardware.DcMotorImpl.internalSetPower(DcMotorImpl.java:204)
12-28 18:49:51.204 18939 19049 E LynxMotor: 	at com.qualcomm.robotcore.hardware.DcMotorImpl.setPower(DcMotorImpl.java:200)
12-28 18:49:51.205 18939 19049 E LynxMotor: 	at org.firstinspires.ftc.teamcode.TechNova2017.MecanumRobot.drive(MecanumRobot.java:693)
12-28 18:49:51.205 18939 19049 E LynxMotor: 	at org.firstinspires.ftc.teamcode.TechNova2017.DriveHelper.drive(DriveHelper.java:123)
12-28 18:49:51.206 18939 19049 E LynxMotor: 	at org.firstinspires.ftc.teamcode.TechNova2017.RelicRecoveryTeleOpsLinear.gamepadLoop(RelicRecoveryTeleOpsLinear.java:226)
12-28 18:49:51.206 18939 19049 E LynxMotor: 	at org.firstinspires.ftc.teamcode.TechNova2017.RelicRecoveryTeleOpsLinear.runOpMode(RelicRecoveryTeleOpsLinear.java:54)
12-28 18:49:51.207 18939 19049 E LynxMotor: 	at com.qualcomm.robotcore.eventloop.opmode.LinearOpMode$LinearOpModeHelper$1.run(LinearOpMode.java:305)
12-28 18:49:51.207 18939 19049 E LynxMotor: 	at com.qualcomm.robotcore.util.ThreadPool.logThreadLifeCycle(ThreadPool.java:709)
12-28 18:49:51.208 18939 19049 E LynxMotor: 	at com.qualcomm.robotcore.eventloop.opmode.LinearOpMode$LinearOpModeHelper.run(LinearOpMode.java:300)
12-28 18:49:51.208 18939 19049 E LynxMotor: 	at java.util.concurrent.ThreadPoolExecutor.runWorker(ThreadPoolExecutor.java:1113)
12-28 18:49:51.208 18939 19049 E LynxMotor: 	at java.util.concurrent.ThreadPoolExecutor$Worker.run(ThreadPoolExecutor.java:588)
12-28 18:49:51.209 18939 19049 E LynxMotor: 	at com.qualcomm.robotcore.util.ThreadPool$ThreadFactoryImpl$1.run(ThreadPool.java:764)
12-28 18:49:51.209 18939 19049 E LynxMotor: 	at java.lang.Thread.run(Thread.java:818)
12-28 18:49:51.218 18939 19018 V LynxModule: received status: LynxGetModuleStatusResponse(status=0x14 alerts=0x00: FailSafe)
12-28 18:49:51.221 18939 19017 V RobotCore: nack rec'd mod=3 msg#=72 ref#=0 reason=BATTERY_TOO_LOW_TO_RUN_MOTOR:52
12-28 18:49:51.221 18939 19049 E LynxMotor: exception thrown during lynx communication
12-28 18:49:51.222 18939 19049 E LynxMotor: com.qualcomm.hardware.lynx.LynxNackException: (DQ143RN2 #3) LynxSetMotorChannelEnableCommand: nack received: BATTERY_TOO_LOW_TO_RUN_MOTOR:52
12-28 18:49:51.223 18939 19049 E LynxMotor: 	at com.qualcomm.hardware.lynx.commands.LynxRespondable.throwIfNack(LynxRespondable.java:324)
12-28 18:49:51.224 18939 19049 E LynxMotor: 	at com.qualcomm.hardware.lynx.commands.LynxRespondable.send(LynxRespondable.java:239)
12-28 18:49:51.224 18939 19049 E LynxMotor: 	at com.qualcomm.hardware.lynx.LynxDcMotorController.internalSetMotorEnable(LynxDcMotorController.java:212)
12-28 18:49:51.224 18939 19049 E LynxMotor: 	at com.qualcomm.hardware.lynx.LynxDcMotorController.internalSetMotorPower(LynxDcMotorController.java:500)
12-28 18:49:51.225 18939 19049 E LynxMotor: 	at com.qualcomm.hardware.lynx.LynxDcMotorController.internalSetMotorPower(LynxDcMotorController.java:458)
12-28 18:49:51.225 18939 19049 E LynxMotor: 	at com.qualcomm.hardware.lynx.LynxDcMotorController.setMotorPower(LynxDcMotorController.java:405)
12-28 18:49:51.226 18939 19049 E LynxMotor: 	at com.qualcomm.robotcore.hardware.DcMotorImpl.internalSetPower(DcMotorImpl.java:204)
12-28 18:49:51.226 18939 19049 E LynxMotor: 	at com.qualcomm.robotcore.hardware.DcMotorImpl.setPower(DcMotorImpl.java:200)
12-28 18:49:51.226 18939 19049 E LynxMotor: 	at org.firstinspires.ftc.teamcode.TechNova2017.MecanumRobot.drive(MecanumRobot.java:694)
12-28 18:49:51.226 18939 19049 E LynxMotor: 	at org.firstinspires.ftc.teamcode.TechNova2017.DriveHelper.drive(DriveHelper.java:123)
12-28 18:49:51.227 18939 19049 E LynxMotor: 	at org.firstinspires.ftc.teamcode.TechNova2017.RelicRecoveryTeleOpsLinear.gamepadLoop(RelicRecoveryTeleOpsLinear.java:226)
12-28 18:49:51.227 18939 19049 E LynxMotor: 	at org.firstinspires.ftc.teamcode.TechNova2017.RelicRecoveryTeleOpsLinear.runOpMode(RelicRecoveryTeleOpsLinear.java:54)
12-28 18:49:51.228 18939 19049 E LynxMotor: 	at com.qualcomm.robotcore.eventloop.opmode.LinearOpMode$LinearOpModeHelper$1.run(LinearOpMode.java:305)
12-28 18:49:51.228 18939 19049 E LynxMotor: 	at com.qualcomm.robotcore.util.ThreadPool.logThreadLifeCycle(ThreadPool.java:709)
12-28 18:49:51.229 18939 19049 E LynxMotor: 	at com.qualcomm.robotcore.eventloop.opmode.LinearOpMode$LinearOpModeHelper.run(LinearOpMode.java:300)
12-28 18:49:51.229 18939 19049 E LynxMotor: 	at java.util.concurrent.ThreadPoolExecutor.runWorker(ThreadPoolExecutor.java:1113)
12-28 18:49:51.229 18939 19049 E LynxMotor: 	at java.util.concurrent.ThreadPoolExecutor$Worker.run(ThreadPoolExecutor.java:588)
12-28 18:49:51.230 18939 19049 E LynxMotor: 	at com.qualcomm.robotcore.util.ThreadPool$ThreadFactoryImpl$1.run(ThreadPool.java:764)
12-28 18:49:51.230 18939 19049 E LynxMotor: 	at java.lang.Thread.run(Thread.java:818)
12-28 18:49:51.239 18939 19018 V LynxModule: received status: LynxGetModuleStatusResponse(status=0x14 alerts=0x00: FailSafe)
12-28 18:49:51.243 18939 19017 V RobotCore: nack rec'd mod=3 msg#=76 ref#=0 reason=BATTERY_TOO_LOW_TO_RUN_MOTOR:52
12-28 18:49:51.243 18939 19049 E LynxMotor: exception thrown during lynx communication
12-28 18:49:51.244 18939 19049 E LynxMotor: com.qualcomm.hardware.lynx.LynxNackException: (DQ143RN2 #3) LynxSetMotorChannelEnableCommand: nack received: BATTERY_TOO_LOW_TO_RUN_MOTOR:52
12-28 18:49:51.245 18939 19049 E LynxMotor: 	at com.qualcomm.hardware.lynx.commands.LynxRespondable.throwIfNack(LynxRespondable.java:324)
12-28 18:49:51.245 18939 19049 E LynxMotor: 	at com.qualcomm.hardware.lynx.commands.LynxRespondable.send(LynxRespondable.java:239)
12-28 18:49:51.246 18939 19049 E LynxMotor: 	at com.qualcomm.hardware.lynx.LynxDcMotorController.internalSetMotorEnable(LynxDcMotorController.java:212)
12-28 18:49:51.246 18939 19049 E LynxMotor: 	at com.qualcomm.hardware.lynx.LynxDcMotorController.internalSetMotorPower(LynxDcMotorController.java:500)
12-28 18:49:51.246 18939 19049 E LynxMotor: 	at com.qualcomm.hardware.lynx.LynxDcMotorController.internalSetMotorPower(LynxDcMotorController.java:458)
12-28 18:49:51.247 18939 19049 E LynxMotor: 	at com.qualcomm.hardware.lynx.LynxDcMotorController.setMotorPower(LynxDcMotorController.java:405)
12-28 18:49:51.247 18939 19049 E LynxMotor: 	at com.qualcomm.robotcore.hardware.DcMotorImpl.internalSetPower(DcMotorImpl.java:204)
12-28 18:49:51.248 18939 19049 E LynxMotor: 	at com.qualcomm.robotcore.hardware.DcMotorImpl.setPower(DcMotorImpl.java:200)
12-28 18:49:51.248 18939 19049 E LynxMotor: 	at org.firstinspires.ftc.teamcode.TechNova2017.MecanumRobot.drive(MecanumRobot.java:695)
12-28 18:49:51.248 18939 19049 E LynxMotor: 	at org.firstinspires.ftc.teamcode.TechNova2017.DriveHelper.drive(DriveHelper.java:123)
12-28 18:49:51.249 18939 19049 E LynxMotor: 	at org.firstinspires.ftc.teamcode.TechNova2017.RelicRecoveryTeleOpsLinear.gamepadLoop(RelicRecoveryTeleOpsLinear.java:226)
12-28 18:49:51.249 18939 19049 E LynxMotor: 	at org.firstinspires.ftc.teamcode.TechNova2017.RelicRecoveryTeleOpsLinear.runOpMode(RelicRecoveryTeleOpsLinear.java:54)
12-28 18:49:51.250 18939 19049 E LynxMotor: 	at com.qualcomm.robotcore.eventloop.opmode.LinearOpMode$LinearOpModeHelper$1.run(LinearOpMode.java:305)
12-28 18:49:51.250 18939 19049 E LynxMotor: 	at com.qualcomm.robotcore.util.ThreadPool.logThreadLifeCycle(ThreadPool.java:709)
12-28 18:49:51.250 18939 19049 E LynxMotor: 	at com.qualcomm.robotcore.eventloop.opmode.LinearOpMode$LinearOpModeHelper.run(LinearOpMode.java:300)
12-28 18:49:51.251 18939 19049 E LynxMotor: 	at java.util.concurrent.ThreadPoolExecutor.runWorker(ThreadPoolExecutor.java:1113)
12-28 18:49:51.251 18939 19049 E LynxMotor: 	at java.util.concurrent.ThreadPoolExecutor$Worker.run(ThreadPoolExecutor.java:588)
12-28 18:49:51.251 18939 19049 E LynxMotor: 	at com.qualcomm.robotcore.util.ThreadPool$ThreadFactoryImpl$1.run(ThreadPool.java:764)
12-28 18:49:51.252 18939 19049 E LynxMotor: 	at java.lang.Thread.run(Thread.java:818)
12-28 18:49:51.262 18939 19017 V RobotCore: nack rec'd mod=3 msg#=79 ref#=0 reason=BATTERY_TOO_LOW_TO_RUN_MOTOR:52
12-28 18:49:51.263 18939 19049 E LynxMotor: exception thrown during lynx communication
12-28 18:49:51.264 18939 19049 E LynxMotor: com.qualcomm.hardware.lynx.LynxNackException: (DQ143RN2 #3) LynxSetMotorChannelEnableCommand: nack received: BATTERY_TOO_LOW_TO_RUN_MOTOR:52
12-28 18:49:51.265 18939 19049 E LynxMotor: 	at com.qualcomm.hardware.lynx.commands.LynxRespondable.throwIfNack(LynxRespondable.java:324)
12-28 18:49:51.265 18939 19049 E LynxMotor: 	at com.qualcomm.hardware.lynx.commands.LynxRespondable.send(LynxRespondable.java:239)
12-28 18:49:51.266 18939 19049 E LynxMotor: 	at com.qualcomm.hardware.lynx.LynxDcMotorController.internalSetMotorEnable(LynxDcMotorController.java:212)
12-28 18:49:51.266 18939 19018 V LynxModule: received status: LynxGetModuleStatusResponse(status=0x14 alerts=0x00: FailSafe)
12-28 18:49:51.266 18939 19049 E LynxMotor: 	at com.qualcomm.hardware.lynx.LynxDcMotorController.internalSetMotorPower(LynxDcMotorController.java:500)
12-28 18:49:51.266 18939 19049 E LynxMotor: 	at com.qualcomm.hardware.lynx.LynxDcMotorController.internalSetMotorPower(LynxDcMotorController.java:458)
12-28 18:49:51.267 18939 19049 E LynxMotor: 	at com.qualcomm.hardware.lynx.LynxDcMotorController.setMotorPower(LynxDcMotorController.java:405)
12-28 18:49:51.267 18939 19049 E LynxMotor: 	at com.qualcomm.robotcore.hardware.DcMotorImpl.internalSetPower(DcMotorImpl.java:204)
12-28 18:49:51.269 18939 19049 E LynxMotor: 	at com.qualcomm.robotcore.hardware.DcMotorImpl.setPower(DcMotorImpl.java:200)
12-28 18:49:51.270 18939 19049 E LynxMotor: 	at org.firstinspires.ftc.teamcode.TechNova2017.MecanumRobot.drive(MecanumRobot.java:696)
12-28 18:49:51.270 18939 19049 E LynxMotor: 	at org.firstinspires.ftc.teamcode.TechNova2017.DriveHelper.drive(DriveHelper.java:123)
12-28 18:49:51.271 18939 19049 E LynxMotor: 	at org.firstinspires.ftc.teamcode.TechNova2017.RelicRecoveryTeleOpsLinear.gamepadLoop(RelicRecoveryTeleOpsLinear.java:226)
12-28 18:49:51.275 18939 19049 E LynxMotor: 	at org.firstinspires.ftc.teamcode.TechNova2017.RelicRecoveryTeleOpsLinear.runOpMode(RelicRecoveryTeleOpsLinear.java:54)
12-28 18:49:51.275 18939 19049 E LynxMotor: 	at com.qualcomm.robotcore.eventloop.opmode.LinearOpMode$LinearOpModeHelper$1.run(LinearOpMode.java:305)
12-28 18:49:51.276 18939 19049 E LynxMotor: 	at com.qualcomm.robotcore.util.ThreadPool.logThreadLifeCycle(ThreadPool.java:709)
12-28 18:49:51.277 18939 19049 E LynxMotor: 	at com.qualcomm.robotcore.eventloop.opmode.LinearOpMode$LinearOpModeHelper.run(LinearOpMode.java:300)
12-28 18:49:51.277 18939 19049 E LynxMotor: 	at java.util.concurrent.ThreadPoolExecutor.runWorker(ThreadPoolExecutor.java:1113)
12-28 18:49:51.278 18939 19049 E LynxMotor: 	at java.util.concurrent.ThreadPoolExecutor$Worker.run(ThreadPoolExecutor.java:588)
12-28 18:49:51.278 18939 19049 E LynxMotor: 	at com.qualcomm.robotcore.util.ThreadPool$ThreadFactoryImpl$1.run(ThreadPool.java:764)
12-28 18:49:51.278 18939 19049 E LynxMotor: 	at java.lang.Thread.run(Thread.java:818)
12-28 18:49:51.288 18939 19019 V LynxModule: received status: LynxGetModuleStatusResponse(status=0x14 alerts=0x00: FailSafe)
12-28 18:49:51.311 18939 19019 V LynxModule: received status: LynxGetModuleStatusResponse(status=0x14 alerts=0x00: FailSafe)
12-28 18:49:51.349 18939 19019 V LynxModule: received status: LynxGetModuleStatusResponse(status=0x14 alerts=0x00: FailSafe)
12-28 18:49:51.354 18939 19019 V LynxModule: received status: LynxGetModuleStatusResponse(status=0x14 alerts=0x00: FailSafe)
12-28 18:49:51.376 18939 19019 V LynxModule: received status: LynxGetModuleStatusResponse(status=0x14 alerts=0x00: FailSafe)
12-28 18:49:51.387 18939 19019 V LynxModule: received status: LynxGetModuleStatusResponse(status=0x14 alerts=0x00: FailSafe)
12-28 18:49:51.391 18939 19017 V RobotCore: nack rec'd mod=2 msg#=3 ref#=0 reason=BATTERY_TOO_LOW_TO_RUN_MOTOR:52
12-28 18:49:51.392 18939 19049 E LynxMotor: exception thrown during lynx communication
12-28 18:49:51.393 18939 19049 E LynxMotor: com.qualcomm.hardware.lynx.LynxNackException: (DQ143RN2 #2) LynxSetMotorChannelEnableCommand: nack received: BATTERY_TOO_LOW_TO_RUN_MOTOR:52
12-28 18:49:51.394 18939 19049 E LynxMotor: 	at com.qualcomm.hardware.lynx.commands.LynxRespondable.throwIfNack(LynxRespondable.java:324)
12-28 18:49:51.395 18939 19049 E LynxMotor: 	at com.qualcomm.hardware.lynx.commands.LynxRespondable.send(LynxRespondable.java:239)
12-28 18:49:51.396 18939 19049 E LynxMotor: 	at com.qualcomm.hardware.lynx.LynxDcMotorController.internalSetMotorEnable(LynxDcMotorController.java:212)
12-28 18:49:51.396 18939 19049 E LynxMotor: 	at com.qualcomm.hardware.lynx.LynxDcMotorController.internalSetMotorPower(LynxDcMotorController.java:500)
12-28 18:49:51.397 18939 19049 E LynxMotor: 	at com.qualcomm.hardware.lynx.LynxDcMotorController.setMotorMode(LynxDcMotorController.java:330)
12-28 18:49:51.397 18939 19049 E LynxMotor: 	at com.qualcomm.robotcore.hardware.DcMotorImpl.internalSetMode(DcMotorImpl.java:321)
12-28 18:49:51.398 18939 19049 E LynxMotor: 	at com.qualcomm.robotcore.hardware.DcMotorImpl.setMode(DcMotorImpl.java:317)
12-28 18:49:51.398 18939 19049 E LynxMotor: 	at org.firstinspires.ftc.teamcode.TechNova2017.MecanumRobot.setGlyphLiftToRunEncoderMode(MecanumRobot.java:583)
12-28 18:49:51.399 18939 19049 E LynxMotor: 	at org.firstinspires.ftc.teamcode.TechNova2017.RelicRecoveryTeleOpsLinear.gamepadLoop(RelicRecoveryTeleOpsLinear.java:121)
12-28 18:49:51.399 18939 19049 E LynxMotor: 	at org.firstinspires.ftc.teamcode.TechNova2017.RelicRecoveryTeleOpsLinear.runOpMode(RelicRecoveryTeleOpsLinear.java:54)
12-28 18:49:51.401 18939 19049 E LynxMotor: 	at com.qualcomm.robotcore.eventloop.opmode.LinearOpMode$LinearOpModeHelper$1.run(LinearOpMode.java:305)
12-28 18:49:51.402 18939 19049 E LynxMotor: 	at com.qualcomm.robotcore.util.ThreadPool.logThreadLifeCycle(ThreadPool.java:709)
12-28 18:49:51.403 18939 19049 E LynxMotor: 	at com.qualcomm.robotcore.eventloop.opmode.LinearOpMode$LinearOpModeHelper.run(LinearOpMode.java:300)
12-28 18:49:51.403 18939 19049 E LynxMotor: 	at java.util.concurrent.ThreadPoolExecutor.runWorker(ThreadPoolExecutor.java:1113)
12-28 18:49:51.404 18939 19049 E LynxMotor: 	at java.util.concurrent.ThreadPoolExecutor$Worker.run(ThreadPoolExecutor.java:588)
12-28 18:49:51.404 18939 19049 E LynxMotor: 	at com.qualcomm.robotcore.util.ThreadPool$ThreadFactoryImpl$1.run(ThreadPool.java:764)
12-28 18:49:51.405 18939 19049 E LynxMotor: 	at java.lang.Thread.run(Thread.java:818)
12-28 18:49:51.426 18939 19019 V LynxModule: received status: LynxGetModuleStatusResponse(status=0x14 alerts=0x00: FailSafe)
12-28 18:49:51.435 18939 19017 V RobotCore: nack rec'd mod=2 msg#=10 ref#=0 reason=BATTERY_TOO_LOW_TO_RUN_MOTOR:52
12-28 18:49:51.436 18939 19049 E LynxMotor: exception thrown during lynx communication
12-28 18:49:51.437 18939 19049 E LynxMotor: com.qualcomm.hardware.lynx.LynxNackException: (DQ143RN2 #2) LynxSetMotorChannelEnableCommand: nack received: BATTERY_TOO_LOW_TO_RUN_MOTOR:52
12-28 18:49:51.438 18939 19049 E LynxMotor: 	at com.qualcomm.hardware.lynx.commands.LynxRespondable.throwIfNack(LynxRespondable.java:324)
12-28 18:49:51.438 18939 19049 E LynxMotor: 	at com.qualcomm.hardware.lynx.commands.LynxRespondable.send(LynxRespondable.java:239)
12-28 18:49:51.439 18939 19049 E LynxMotor: 	at com.qualcomm.hardware.lynx.LynxDcMotorController.internalSetMotorEnable(LynxDcMotorController.java:212)
12-28 18:49:51.439 18939 19049 E LynxMotor: 	at com.qualcomm.hardware.lynx.LynxDcMotorController.internalSetMotorPower(LynxDcMotorController.java:500)
12-28 18:49:51.440 18939 19049 E LynxMotor: 	at com.qualcomm.hardware.lynx.LynxDcMotorController.setMotorMode(LynxDcMotorController.java:330)
12-28 18:49:51.441 18939 19049 E LynxMotor: 	at com.qualcomm.robotcore.hardware.DcMotorImpl.internalSetMode(DcMotorImpl.java:321)
12-28 18:49:51.442 18939 19049 E LynxMotor: 	at com.qualcomm.robotcore.hardware.DcMotorImpl.setMode(DcMotorImpl.java:317)
12-28 18:49:51.442 18939 19049 E LynxMotor: 	at org.firstinspires.ftc.teamcode.TechNova2017.MecanumRobot.setGlyphLiftToRunEncoderMode(MecanumRobot.java:583)
12-28 18:49:51.443 18939 19049 E LynxMotor: 	at org.firstinspires.ftc.teamcode.TechNova2017.RelicRecoveryTeleOpsLinear.gamepadLoop(RelicRecoveryTeleOpsLinear.java:163)
12-28 18:49:51.443 18939 19019 V LynxModule: received status: LynxGetModuleStatusResponse(status=0x14 alerts=0x00: FailSafe)
12-28 18:49:51.443 18939 19049 E LynxMotor: 	at org.firstinspires.ftc.teamcode.TechNova2017.RelicRecoveryTeleOpsLinear.runOpMode(RelicRecoveryTeleOpsLinear.java:54)
12-28 18:49:51.444 18939 19049 E LynxMotor: 	at com.qualcomm.robotcore.eventloop.opmode.LinearOpMode$LinearOpModeHelper$1.run(LinearOpMode.java:305)
12-28 18:49:51.445 18939 19049 E LynxMotor: 	at com.qualcomm.robotcore.util.ThreadPool.logThreadLifeCycle(ThreadPool.java:709)
12-28 18:49:51.445 18939 19049 E LynxMotor: 	at com.qualcomm.robotcore.eventloop.opmode.LinearOpMode$LinearOpModeHelper.run(LinearOpMode.java:300)
12-28 18:49:51.446 18939 19049 E LynxMotor: 	at java.util.concurrent.ThreadPoolExecutor.runWorker(ThreadPoolExecutor.java:1113)
12-28 18:49:51.446 18939 19049 E LynxMotor: 	at java.util.concurrent.ThreadPoolExecutor$Worker.run(ThreadPoolExecutor.java:588)
12-28 18:49:51.447 18939 19049 E LynxMotor: 	at com.qualcomm.robotcore.util.ThreadPool$ThreadFactoryImpl$1.run(ThreadPool.java:764)
12-28 18:49:51.448 18939 19049 E LynxMotor: 	at java.lang.Thread.run(Thread.java:818)
12-28 18:49:51.461 18939 19017 V RobotCore: nack rec'd mod=2 msg#=14 ref#=0 reason=BATTERY_TOO_LOW_TO_RUN_MOTOR:52
12-28 18:49:51.462 18939 19049 E LynxMotor: exception thrown during lynx communication
12-28 18:49:51.463 18939 19049 E LynxMotor: com.qualcomm.hardware.lynx.LynxNackException: (DQ143RN2 #2) LynxSetMotorChannelEnableCommand: nack received: BATTERY_TOO_LOW_TO_RUN_MOTOR:52
12-28 18:49:51.464 18939 19049 E LynxMotor: 	at com.qualcomm.hardware.lynx.commands.LynxRespondable.throwIfNack(LynxRespondable.java:324)
12-28 18:49:51.464 18939 19049 E LynxMotor: 	at com.qualcomm.hardware.lynx.commands.LynxRespondable.send(LynxRespondable.java:239)
12-28 18:49:51.465 18939 19049 E LynxMotor: 	at com.qualcomm.hardware.lynx.LynxDcMotorController.internalSetMotorEnable(LynxDcMotorController.java:212)
12-28 18:49:51.466 18939 19019 V LynxModule: received status: LynxGetModuleStatusResponse(status=0x14 alerts=0x00: FailSafe)
12-28 18:49:51.466 18939 19049 E LynxMotor: 	at com.qualcomm.hardware.lynx.LynxDcMotorController.internalSetMotorPower(LynxDcMotorController.java:500)
12-28 18:49:51.467 18939 19049 E LynxMotor: 	at com.qualcomm.hardware.lynx.LynxDcMotorController.internalSetMotorPower(LynxDcMotorController.java:458)
12-28 18:49:51.467 18939 19049 E LynxMotor: 	at com.qualcomm.hardware.lynx.LynxDcMotorController.setMotorPower(LynxDcMotorController.java:405)
12-28 18:49:51.467 18939 19049 E LynxMotor: 	at com.qualcomm.robotcore.hardware.DcMotorImpl.internalSetPower(DcMotorImpl.java:204)
12-28 18:49:51.468 18939 19049 E LynxMotor: 	at com.qualcomm.robotcore.hardware.DcMotorImpl.setPower(DcMotorImpl.java:200)
12-28 18:49:51.468 18939 19049 E LynxMotor: 	at org.firstinspires.ftc.teamcode.TechNova2017.MecanumRobot.moveGlyphLift(MecanumRobot.java:416)
12-28 18:49:51.469 18939 19049 E LynxMotor: 	at org.firstinspires.ftc.teamcode.TechNova2017.RelicRecoveryTeleOpsLinear.gamepadLoop(RelicRecoveryTeleOpsLinear.java:164)
12-28 18:49:51.469 18939 19049 E LynxMotor: 	at org.firstinspires.ftc.teamcode.TechNova2017.RelicRecoveryTeleOpsLinear.runOpMode(RelicRecoveryTeleOpsLinear.java:54)
12-28 18:49:51.469 18939 19049 E LynxMotor: 	at com.qualcomm.robotcore.eventloop.opmode.LinearOpMode$LinearOpModeHelper$1.run(LinearOpMode.java:305)
12-28 18:49:51.470 18939 19049 E LynxMotor: 	at com.qualcomm.robotcore.util.ThreadPool.logThreadLifeCycle(ThreadPool.java:709)
12-28 18:49:51.470 18939 19049 E LynxMotor: 	at com.qualcomm.robotcore.eventloop.opmode.LinearOpMode$LinearOpModeHelper.run(LinearOpMode.java:300)
