12-28 18:49:46.792 18939 19049 E LynxMotor: 	at com.qualcomm.hardware.lynx.LynxDcMotorController.internalSetMotorPower(LynxDcMotorController.java:500)
12-28 18:49:46.793 18939 19049 E LynxMotor: 	at com.qualcomm.hardware.lynx.LynxDcMotorController.internalSetMotorPower(LynxDcMotorController.java:458)
12-28 18:49:46.793 18939 19019 V LynxModule: received status: LynxGetModuleStatusResponse(status=0x14 alerts=0x00: FailSafe)
12-28 18:49:46.793 18939 19049 E LynxMotor: 	at com.qualcomm.hardware.lynx.LynxDcMotorController.setMotorPower(LynxDcMotorController.java:405)
12-28 18:49:46.794 18939 19049 E LynxMotor: 	at com.qualcomm.robotcore.hardware.DcMotorImpl.internalSetPower(DcMotorImpl.java:204)
12-28 18:49:46.794 18939 19049 E LynxMotor: 	at com.qualcomm.robotcore.hardware.DcMotorImpl.setPower(DcMotorImpl.java:200)
12-28 18:49:46.794 18939 19049 E LynxMotor: 	at org.firstinspires.ftc.teamcode.TechNova2017.MecanumRobot.moveRelicSlider(MecanumRobot.java:1093)
12-28 18:49:46.795 18939 19049 E LynxMotor: 	at org.firstinspires.ftc.teamcode.TechNova2017.RelicRecoveryTeleOpsLinear.gamepadLoop(RelicRecoveryTeleOpsLinear.java:173)
12-28 18:49:46.795 18939 19049 E LynxMotor: 	at org.firstinspires.ftc.teamcode.TechNova2017.RelicRecoveryTeleOpsLinear.runOpMode(RelicRecoveryTeleOpsLinear.java:54)
12-28 18:49:46.796 18939 19049 E LynxMotor: 	at com.qualcomm.robotcore.eventloop.opmode.LinearOpMode$LinearOpModeHelper$1.run(LinearOpMode.java:305)
12-28 18:49:46.796 18939 19049 E LynxMotor: 	at com.qualcomm.robotcore.util.ThreadPool.logThreadLifeCycle(ThreadPool.java:709)
12-28 18:49:46.797 18939 19049 E LynxMotor: 	at com.qualcomm.robotcore.eventloop.opmode.LinearOpMode$LinearOpModeHelper.run(LinearOpMode.java:300)
12-28 18:49:46.797 18939 19049 E LynxMotor: 	at java.util.concurrent.ThreadPoolExecutor.runWorker(ThreadPoolExecutor.java:1113)
12-28 18:49:46.797 18939 19049 E LynxMotor: 	at java.util.concurrent.ThreadPoolExecutor$Worker.run(ThreadPoolExecutor.java:588)
12-28 18:49:46.798 18939 19049 E LynxMotor: 	at com.qualcomm.robotcore.util.ThreadPool$ThreadFactoryImpl$1.run(ThreadPool.java:764)
12-28 18:49:46.798 18939 19049 E LynxMotor: 	at java.lang.Thread.run(Thread.java:818)
12-28 18:49:46.819 18939 19018 V LynxModule: received status: LynxGetModuleStatusResponse(status=0x14 alerts=0x00: FailSafe)
12-28 18:49:46.822 18939 19017 V RobotCore: nack rec'd mod=3 msg#=7 ref#=0 reason=BATTERY_TOO_LOW_TO_RUN_MOTOR:52
12-28 18:49:46.822 18939 19049 E LynxMotor: exception thrown during lynx communication
12-28 18:49:46.823 18939 19049 E LynxMotor: com.qualcomm.hardware.lynx.LynxNackException: (DQ143RN2 #3) LynxSetMotorChannelEnableCommand: nack received: BATTERY_TOO_LOW_TO_RUN_MOTOR:52
12-28 18:49:46.824 18939 19049 E LynxMotor: 	at com.qualcomm.hardware.lynx.commands.LynxRespondable.throwIfNack(LynxRespondable.java:324)
12-28 18:49:46.824 18939 19049 E LynxMotor: 	at com.qualcomm.hardware.lynx.commands.LynxRespondable.send(LynxRespondable.java:239)
12-28 18:49:46.825 18939 19049 E LynxMotor: 	at com.qualcomm.hardware.lynx.LynxDcMotorController.internalSetMotorEnable(LynxDcMotorController.java:212)
12-28 18:49:46.825 18939 19049 E LynxMotor: 	at com.qualcomm.hardware.lynx.LynxDcMotorController.internalSetMotorPower(LynxDcMotorController.java:500)
12-28 18:49:46.826 18939 19049 E LynxMotor: 	at com.qualcomm.hardware.lynx.LynxDcMotorController.internalSetMotorPower(LynxDcMotorController.java:458)
12-28 18:49:46.826 18939 19049 E LynxMotor: 	at com.qualcomm.hardware.lynx.LynxDcMotorController.setMotorPower(LynxDcMotorController.java:405)
12-28 18:49:46.827 18939 19049 E LynxMotor: 	at com.qualcomm.robotcore.hardware.DcMotorImpl.internalSetPower(DcMotorImpl.java:204)
12-28 18:49:46.827 18939 19049 E LynxMotor: 	at com.qualcomm.robotcore.hardware.DcMotorImpl.setPower(DcMotorImpl.java:200)
12-28 18:49:46.828 18939 19049 E LynxMotor: 	at org.firstinspires.ftc.teamcode.TechNova2017.MecanumRobot.drive(MecanumRobot.java:693)
12-28 18:49:46.828 18939 19049 E LynxMotor: 	at org.firstinspires.ftc.teamcode.TechNova2017.DriveHelper.drive(DriveHelper.java:123)
12-28 18:49:46.829 18939 19049 E LynxMotor: 	at org.firstinspires.ftc.teamcode.TechNova2017.RelicRecoveryTeleOpsLinear.gamepadLoop(RelicRecoveryTeleOpsLinear.java:226)
12-28 18:49:46.829 18939 19049 E LynxMotor: 	at org.firstinspires.ftc.teamcode.TechNova2017.RelicRecoveryTeleOpsLinear.runOpMode(RelicRecoveryTeleOpsLinear.java:54)
12-28 18:49:46.829 18939 19049 E LynxMotor: 	at com.qualcomm.robotcore.eventloop.opmode.LinearOpMode$LinearOpModeHelper$1.run(LinearOpMode.java:305)
12-28 18:49:46.830 18939 19049 E LynxMotor: 	at com.qualcomm.robotcore.util.ThreadPool.logThreadLifeCycle(ThreadPool.java:709)
12-28 18:49:46.830 18939 19049 E LynxMotor: 	at com.qualcomm.robotcore.eventloop.opmode.LinearOpMode$LinearOpModeHelper.run(LinearOpMode.java:300)
12-28 18:49:46.831 18939 19049 E LynxMotor: 	at java.util.concurrent.ThreadPoolExecutor.runWorker(ThreadPoolExecutor.java:1113)
12-28 18:49:46.831 18939 19049 E LynxMotor: 	at java.util.concurrent.ThreadPoolExecutor$Worker.run(ThreadPoolExecutor.java:588)
12-28 18:49:46.831 18939 19049 E LynxMotor: 	at com.qualcomm.robotcore.util.ThreadPool$ThreadFactoryImpl$1.run(ThreadPool.java:764)
12-28 18:49:46.832 18939 19049 E LynxMotor: 	at java.lang.Thread.run(Thread.java:818)
12-28 18:49:46.841 18939 19018 V LynxModule: received status: LynxGetModuleStatusResponse(status=0x14 alerts=0x00: FailSafe)
12-28 18:49:46.843 18939 19017 V RobotCore: nack rec'd mod=3 msg#=11 ref#=0 reason=BATTERY_TOO_LOW_TO_RUN_MOTOR:52
12-28 18:49:46.845 18939 19049 E LynxMotor: exception thrown during lynx communication
12-28 18:49:46.846 18939 19049 E LynxMotor: com.qualcomm.hardware.lynx.LynxNackException: (DQ143RN2 #3) LynxSetMotorChannelEnableCommand: nack received: BATTERY_TOO_LOW_TO_RUN_MOTOR:52
12-28 18:49:46.846 18939 19049 E LynxMotor: 	at com.qualcomm.hardware.lynx.commands.LynxRespondable.throwIfNack(LynxRespondable.java:324)
12-28 18:49:46.847 18939 19049 E LynxMotor: 	at com.qualcomm.hardware.lynx.commands.LynxRespondable.send(LynxRespondable.java:239)
12-28 18:49:46.847 18939 19049 E LynxMotor: 	at com.qualcomm.hardware.lynx.LynxDcMotorController.internalSetMotorEnable(LynxDcMotorController.java:212)
12-28 18:49:46.847 18939 19049 E LynxMotor: 	at com.qualcomm.hardware.lynx.LynxDcMotorController.internalSetMotorPower(LynxDcMotorController.java:500)
12-28 18:49:46.848 18939 19049 E LynxMotor: 	at com.qualcomm.hardware.lynx.LynxDcMotorController.internalSetMotorPower(LynxDcMotorController.java:458)
12-28 18:49:46.848 18939 19049 E LynxMotor: 	at com.qualcomm.hardware.lynx.LynxDcMotorController.setMotorPower(LynxDcMotorController.java:405)
12-28 18:49:46.849 18939 19049 E LynxMotor: 	at com.qualcomm.robotcore.hardware.DcMotorImpl.internalSetPower(DcMotorImpl.java:204)
12-28 18:49:46.849 18939 19049 E LynxMotor: 	at com.qualcomm.robotcore.hardware.DcMotorImpl.setPower(DcMotorImpl.java:200)
12-28 18:49:46.849 18939 19049 E LynxMotor: 	at org.firstinspires.ftc.teamcode.TechNova2017.MecanumRobot.drive(MecanumRobot.java:694)
12-28 18:49:46.850 18939 19049 E LynxMotor: 	at org.firstinspires.ftc.teamcode.TechNova2017.DriveHelper.drive(DriveHelper.java:123)
12-28 18:49:46.850 18939 19049 E LynxMotor: 	at org.firstinspires.ftc.teamcode.TechNova2017.RelicRecoveryTeleOpsLinear.gamepadLoop(RelicRecoveryTeleOpsLinear.java:226)
12-28 18:49:46.850 18939 19049 E LynxMotor: 	at org.firstinspires.ftc.teamcode.TechNova2017.RelicRecoveryTeleOpsLinear.runOpMode(RelicRecoveryTeleOpsLinear.java:54)
12-28 18:49:46.851 18939 19049 E LynxMotor: 	at com.qualcomm.robotcore.eventloop.opmode.LinearOpMode$LinearOpModeHelper$1.run(LinearOpMode.java:305)
12-28 18:49:46.851 18939 19049 E LynxMotor: 	at com.qualcomm.robotcore.util.ThreadPool.logThreadLifeCycle(ThreadPool.java:709)
12-28 18:49:46.851 18939 19049 E LynxMotor: 	at com.qualcomm.robotcore.eventloop.opmode.LinearOpMode$LinearOpModeHelper.run(LinearOpMode.java:300)
12-28 18:49:46.852 18939 19049 E LynxMotor: 	at java.util.concurrent.ThreadPoolExecutor.runWorker(ThreadPoolExecutor.java:1113)
12-28 18:49:46.852 18939 19049 E LynxMotor: 	at java.util.concurrent.ThreadPoolExecutor$Worker.run(ThreadPoolExecutor.java:588)
12-28 18:49:46.852 18939 19049 E LynxMotor: 	at com.qualcomm.robotcore.util.ThreadPool$ThreadFactoryImpl$1.run(ThreadPool.java:764)
12-28 18:49:46.852 18939 19049 E LynxMotor: 	at java.lang.Thread.run(Thread.java:818)
12-28 18:49:46.860 18939 19017 V RobotCore: nack rec'd mod=3 msg#=14 ref#=0 reason=BATTERY_TOO_LOW_TO_RUN_MOTOR:52
12-28 18:49:46.860 18939 19049 E LynxMotor: exception thrown during lynx communication
12-28 18:49:46.861 18939 19049 E LynxMotor: com.qualcomm.hardware.lynx.LynxNackException: (DQ143RN2 #3) LynxSetMotorChannelEnableCommand: nack received: BATTERY_TOO_LOW_TO_RUN_MOTOR:52
12-28 18:49:46.862 18939 19049 E LynxMotor: 	at com.qualcomm.hardware.lynx.commands.LynxRespondable.throwIfNack(LynxRespondable.java:324)
12-28 18:49:46.862 18939 19049 E LynxMotor: 	at com.qualcomm.hardware.lynx.commands.LynxRespondable.send(LynxRespondable.java:239)
12-28 18:49:46.863 18939 19049 E LynxMotor: 	at com.qualcomm.hardware.lynx.LynxDcMotorController.internalSetMotorEnable(LynxDcMotorController.java:212)
12-28 18:49:46.863 18939 19049 E LynxMotor: 	at com.qualcomm.hardware.lynx.LynxDcMotorController.internalSetMotorPower(LynxDcMotorController.java:500)
12-28 18:49:46.863 18939 19049 E LynxMotor: 	at com.qualcomm.hardware.lynx.LynxDcMotorController.internalSetMotorPower(LynxDcMotorController.java:458)
12-28 18:49:46.864 18939 19049 E LynxMotor: 	at com.qualcomm.hardware.lynx.LynxDcMotorController.setMotorPower(LynxDcMotorController.java:405)
12-28 18:49:46.864 18939 19018 V LynxModule: received status: LynxGetModuleStatusResponse(status=0x14 alerts=0x00: FailSafe)
12-28 18:49:46.864 18939 19049 E LynxMotor: 	at com.qualcomm.robotcore.hardware.DcMotorImpl.internalSetPower(DcMotorImpl.java:204)
12-28 18:49:46.864 18939 19049 E LynxMotor: 	at com.qualcomm.robotcore.hardware.DcMotorImpl.setPower(DcMotorImpl.java:200)
12-28 18:49:46.865 18939 19049 E LynxMotor: 	at org.firstinspires.ftc.teamcode.TechNova2017.MecanumRobot.drive(MecanumRobot.java:695)
12-28 18:49:46.865 18939 19049 E LynxMotor: 	at org.firstinspires.ftc.teamcode.TechNova2017.DriveHelper.drive(DriveHelper.java:123)
12-28 18:49:46.865 18939 19049 E LynxMotor: 	at org.firstinspires.ftc.teamcode.TechNova2017.RelicRecoveryTeleOpsLinear.gamepadLoop(RelicRecoveryTeleOpsLinear.java:226)
12-28 18:49:46.866 18939 19049 E LynxMotor: 	at org.firstinspires.ftc.teamcode.TechNova2017.RelicRecoveryTeleOpsLinear.runOpMode(RelicRecoveryTeleOpsLinear.java:54)
12-28 18:49:46.866 18939 19049 E LynxMotor: 	at com.qualcomm.robotcore.eventloop.opmode.LinearOpMode$LinearOpModeHelper$1.run(LinearOpMode.java:305)
12-28 18:49:46.866 18939 19049 E LynxMotor: 	at com.qualcomm.robotcore.util.ThreadPool.logThreadLifeCycle(ThreadPool.java:709)
12-28 18:49:46.867 18939 19049 E LynxMotor: 	at com.qualcomm.robotcore.eventloop.opmode.LinearOpMode$LinearOpModeHelper.run(LinearOpMode.java:300)
12-28 18:49:46.867 18939 19049 E LynxMotor: 	at java.util.concurrent.ThreadPoolExecutor.runWorker(ThreadPoolExecutor.java:1113)
12-28 18:49:46.867 18939 19049 E LynxMotor: 	at java.util.concurrent.ThreadPoolExecutor$Worker.run(ThreadPoolExecutor.java:588)
12-28 18:49:46.868 18939 19049 E LynxMotor: 	at com.qualcomm.robotcore.util.ThreadPool$ThreadFactoryImpl$1.run(ThreadPool.java:764)
12-28 18:49:46.868 18939 19049 E LynxMotor: 	at java.lang.Thread.run(Thread.java:818)
12-28 18:49:46.876 18939 19018 V LynxModule: received status: LynxGetModuleStatusResponse(status=0x14 alerts=0x00: FailSafe)
12-28 18:49:46.878 18939 19017 V RobotCore: nack rec'd mod=3 msg#=19 ref#=0 reason=BATTERY_TOO_LOW_TO_RUN_MOTOR:52
12-28 18:49:46.879 18939 19049 E LynxMotor: exception thrown during lynx communication
12-28 18:49:46.880 18939 19049 E LynxMotor: com.qualcomm.hardware.lynx.LynxNackException: (DQ143RN2 #3) LynxSetMotorChannelEnableCommand: nack received: BATTERY_TOO_LOW_TO_RUN_MOTOR:52
12-28 18:49:46.880 18939 19049 E LynxMotor: 	at com.qualcomm.hardware.lynx.commands.LynxRespondable.throwIfNack(LynxRespondable.java:324)
12-28 18:49:46.881 18939 19049 E LynxMotor: 	at com.qualcomm.hardware.lynx.commands.LynxRespondable.send(LynxRespondable.java:239)
12-28 18:49:46.881 18939 19049 E LynxMotor: 	at com.qualcomm.hardware.lynx.LynxDcMotorController.internalSetMotorEnable(LynxDcMotorController.java:212)
12-28 18:49:46.881 18939 19049 E LynxMotor: 	at com.qualcomm.hardware.lynx.LynxDcMotorController.internalSetMotorPower(LynxDcMotorController.java:500)
12-28 18:49:46.882 18939 19049 E LynxMotor: 	at com.qualcomm.hardware.lynx.LynxDcMotorController.internalSetMotorPower(LynxDcMotorController.java:458)
12-28 18:49:46.882 18939 19049 E LynxMotor: 	at com.qualcomm.hardware.lynx.LynxDcMotorController.setMotorPower(LynxDcMotorController.java:405)
12-28 18:49:46.882 18939 19049 E LynxMotor: 	at com.qualcomm.robotcore.hardware.DcMotorImpl.internalSetPower(DcMotorImpl.java:204)
12-28 18:49:46.883 18939 19049 E LynxMotor: 	at com.qualcomm.robotcore.hardware.DcMotorImpl.setPower(DcMotorImpl.java:200)
12-28 18:49:46.883 18939 19049 E LynxMotor: 	at org.firstinspires.ftc.teamcode.TechNova2017.MecanumRobot.drive(MecanumRobot.java:696)
12-28 18:49:46.883 18939 19049 E LynxMotor: 	at org.firstinspires.ftc.teamcode.TechNova2017.DriveHelper.drive(DriveHelper.java:123)
12-28 18:49:46.884 18939 19049 E LynxMotor: 	at org.firstinspires.ftc.teamcode.TechNova2017.RelicRecoveryTeleOpsLinear.gamepadLoop(RelicRecoveryTeleOpsLinear.java:226)
12-28 18:49:46.884 18939 19049 E LynxMotor: 	at org.firstinspires.ftc.teamcode.TechNova2017.RelicRecoveryTeleOpsLinear.runOpMode(RelicRecoveryTeleOpsLinear.java:54)
12-28 18:49:46.884 18939 19049 E LynxMotor: 	at com.qualcomm.robotcore.eventloop.opmode.LinearOpMode$LinearOpModeHelper$1.run(LinearOpMode.java:305)
12-28 18:49:46.885 18939 19049 E LynxMotor: 	at com.qualcomm.robotcore.util.ThreadPool.logThreadLifeCycle(ThreadPool.java:709)
12-28 18:49:46.885 18939 19049 E LynxMotor: 	at com.qualcomm.robotcore.eventloop.opmode.LinearOpMode$LinearOpModeHelper.run(LinearOpMode.java:300)
12-28 18:49:46.885 18939 19049 E LynxMotor: 	at java.util.concurrent.ThreadPoolExecutor.runWorker(ThreadPoolExecutor.java:1113)
12-28 18:49:46.885 18939 19049 E LynxMotor: 	at java.util.concurrent.ThreadPoolExecutor$Worker.run(ThreadPoolExecutor.java:588)
12-28 18:49:46.886 18939 19049 E LynxMotor: 	at com.qualcomm.robotcore.util.ThreadPool$ThreadFactoryImpl$1.run(ThreadPool.java:764)
12-28 18:49:46.886 18939 19049 E LynxMotor: 	at java.lang.Thread.run(Thread.java:818)
12-28 18:49:46.895 18939 19019 V LynxModule: received status: LynxGetModuleStatusResponse(status=0x14 alerts=0x00: FailSafe)
12-28 18:49:46.904 18939 19019 V LynxModule: received status: LynxGetModuleStatusResponse(status=0x14 alerts=0x00: FailSafe)
12-28 18:49:46.929 18939 19019 V LynxModule: received status: LynxGetModuleStatusResponse(status=0x14 alerts=0x00: FailSafe)
12-28 18:49:46.964 18939 19019 V LynxModule: received status: LynxGetModuleStatusResponse(status=0x14 alerts=0x00: FailSafe)
12-28 18:49:46.975 18939 19019 V LynxModule: received status: LynxGetModuleStatusResponse(status=0x14 alerts=0x00: FailSafe)
12-28 18:49:46.997 18939 19017 V RobotCore: nack rec'd mod=2 msg#=177 ref#=0 reason=BATTERY_TOO_LOW_TO_RUN_MOTOR:52
12-28 18:49:46.998 18939 19049 E LynxMotor: exception thrown during lynx communication
12-28 18:49:47.000 18939 19049 E LynxMotor: com.qualcomm.hardware.lynx.LynxNackException: (DQ143RN2 #2) LynxSetMotorChannelEnableCommand: nack received: BATTERY_TOO_LOW_TO_RUN_MOTOR:52
12-28 18:49:47.000 18939 19049 E LynxMotor: 	at com.qualcomm.hardware.lynx.commands.LynxRespondable.throwIfNack(LynxRespondable.java:324)
12-28 18:49:47.001 18939 19049 E LynxMotor: 	at com.qualcomm.hardware.lynx.commands.LynxRespondable.send(LynxRespondable.java:239)
12-28 18:49:47.002 18939 19049 E LynxMotor: 	at com.qualcomm.hardware.lynx.LynxDcMotorController.internalSetMotorEnable(LynxDcMotorController.java:212)
12-28 18:49:47.002 18939 19049 E LynxMotor: 	at com.qualcomm.hardware.lynx.LynxDcMotorController.internalSetMotorPower(LynxDcMotorController.java:500)
12-28 18:49:47.003 18939 19049 E LynxMotor: 	at com.qualcomm.hardware.lynx.LynxDcMotorController.setMotorMode(LynxDcMotorController.java:330)
12-28 18:49:47.004 18939 19019 V LynxModule: received status: LynxGetModuleStatusResponse(status=0x14 alerts=0x00: FailSafe)
12-28 18:49:47.005 18939 19049 E LynxMotor: 	at com.qualcomm.robotcore.hardware.DcMotorImpl.internalSetMode(DcMotorImpl.java:321)
12-28 18:49:47.006 18939 19049 E LynxMotor: 	at com.qualcomm.robotcore.hardware.DcMotorImpl.setMode(DcMotorImpl.java:317)
12-28 18:49:47.007 18939 19049 E LynxMotor: 	at org.firstinspires.ftc.teamcode.TechNova2017.MecanumRobot.setGlyphLiftToRunEncoderMode(MecanumRobot.java:583)
12-28 18:49:47.007 18939 19049 E LynxMotor: 	at org.firstinspires.ftc.teamcode.TechNova2017.RelicRecoveryTeleOpsLinear.gamepadLoop(RelicRecoveryTeleOpsLinear.java:121)
12-28 18:49:47.008 18939 19049 E LynxMotor: 	at org.firstinspires.ftc.teamcode.TechNova2017.RelicRecoveryTeleOpsLinear.runOpMode(RelicRecoveryTeleOpsLinear.java:54)
12-28 18:49:47.009 18939 19049 E LynxMotor: 	at com.qualcomm.robotcore.eventloop.opmode.LinearOpMode$LinearOpModeHelper$1.run(LinearOpMode.java:305)
12-28 18:49:47.009 18939 19049 E LynxMotor: 	at com.qualcomm.robotcore.util.ThreadPool.logThreadLifeCycle(ThreadPool.java:709)
12-28 18:49:47.010 18939 19019 V LynxModule: received status: LynxGetModuleStatusResponse(status=0x14 alerts=0x00: FailSafe)
12-28 18:49:47.011 18939 19049 E LynxMotor: 	at com.qualcomm.robotcore.eventloop.opmode.LinearOpMode$LinearOpModeHelper.run(LinearOpMode.java:300)
12-28 18:49:47.011 18939 19049 E LynxMotor: 	at java.util.concurrent.ThreadPoolExecutor.runWorker(ThreadPoolExecutor.java:1113)
12-28 18:49:47.012 18939 19049 E LynxMotor: 	at java.util.concurrent.ThreadPoolExecutor$Worker.run(ThreadPoolExecutor.java:588)
12-28 18:49:47.012 18939 19049 E LynxMotor: 	at com.qualcomm.robotcore.util.ThreadPool$ThreadFactoryImpl$1.run(ThreadPool.java:764)
12-28 18:49:47.013 18939 19049 E LynxMotor: 	at java.lang.Thread.run(Thread.java:818)
12-28 18:49:47.037 18939 19017 V RobotCore: nack rec'd mod=2 msg#=185 ref#=0 reason=BATTERY_TOO_LOW_TO_RUN_MOTOR:52
12-28 18:49:47.038 18939 19049 E LynxMotor: exception thrown during lynx communication
12-28 18:49:47.040 18939 19049 E LynxMotor: com.qualcomm.hardware.lynx.LynxNackException: (DQ143RN2 #2) LynxSetMotorChannelEnableCommand: nack received: BATTERY_TOO_LOW_TO_RUN_MOTOR:52
12-28 18:49:47.041 18939 19049 E LynxMotor: 	at com.qualcomm.hardware.lynx.commands.LynxRespondable.throwIfNack(LynxRespondable.java:324)
12-28 18:49:47.042 18939 19049 E LynxMotor: 	at com.qualcomm.hardware.lynx.commands.LynxRespondable.send(LynxRespondable.java:239)
12-28 18:49:47.043 18939 19019 V LynxModule: received status: LynxGetModuleStatusResponse(status=0x14 alerts=0x00: FailSafe)
12-28 18:49:47.044 18939 19049 E LynxMotor: 	at com.qualcomm.hardware.lynx.LynxDcMotorController.internalSetMotorEnable(LynxDcMotorController.java:212)
12-28 18:49:47.045 18939 19049 E LynxMotor: 	at com.qualcomm.hardware.lynx.LynxDcMotorController.internalSetMotorPower(LynxDcMotorController.java:500)
12-28 18:49:47.045 18939 19049 E LynxMotor: 	at com.qualcomm.hardware.lynx.LynxDcMotorController.setMotorMode(LynxDcMotorController.java:330)
12-28 18:49:47.046 18939 19049 E LynxMotor: 	at com.qualcomm.robotcore.hardware.DcMotorImpl.internalSetMode(DcMotorImpl.java:321)
12-28 18:49:47.046 18939 19049 E LynxMotor: 	at com.qualcomm.robotcore.hardware.DcMotorImpl.setMode(DcMotorImpl.java:317)
12-28 18:49:47.047 18939 19049 E LynxMotor: 	at org.firstinspires.ftc.teamcode.TechNova2017.MecanumRobot.setGlyphLiftToRunEncoderMode(MecanumRobot.java:583)
12-28 18:49:47.048 18939 19049 E LynxMotor: 	at org.firstinspires.ftc.teamcode.TechNova2017.RelicRecoveryTeleOpsLinear.gamepadLoop(RelicRecoveryTeleOpsLinear.java:163)
12-28 18:49:47.048 18939 19019 V LynxModule: received status: LynxGetModuleStatusResponse(status=0x14 alerts=0x00: FailSafe)
12-28 18:49:47.049 18939 19049 E LynxMotor: 	at org.firstinspires.ftc.teamcode.TechNova2017.RelicRecoveryTeleOpsLinear.runOpMode(RelicRecoveryTeleOpsLinear.java:54)
12-28 18:49:47.050 18939 19049 E LynxMotor: 	at com.qualcomm.robotcore.eventloop.opmode.LinearOpMode$LinearOpModeHelper$1.run(LinearOpMode.java:305)
12-28 18:49:47.050 18939 19049 E LynxMotor: 	at com.qualcomm.robotcore.util.ThreadPool.logThreadLifeCycle(ThreadPool.java:709)
12-28 18:49:47.051 18939 19049 E LynxMotor: 	at com.qualcomm.robotcore.eventloop.opmode.LinearOpMode$LinearOpModeHelper.run(LinearOpMode.java:300)
12-28 18:49:47.052 18939 19049 E LynxMotor: 	at java.util.concurrent.ThreadPoolExecutor.runWorker(ThreadPoolExecutor.java:1113)
12-28 18:49:47.052 18939 19049 E LynxMotor: 	at java.util.concurrent.ThreadPoolExecutor$Worker.run(ThreadPoolExecutor.java:588)
12-28 18:49:47.053 18939 19049 E LynxMotor: 	at com.qualcomm.robotcore.util.ThreadPool$ThreadFactoryImpl$1.run(ThreadPool.java:764)
12-28 18:49:47.053 18939 19049 E LynxMotor: 	at java.lang.Thread.run(Thread.java:818)
12-28 18:49:47.067 18939 19017 V RobotCore: nack rec'd mod=2 msg#=190 ref#=0 reason=BATTERY_TOO_LOW_TO_RUN_MOTOR:52
12-28 18:49:47.068 18939 19049 E LynxMotor: exception thrown during lynx communication
12-28 18:49:47.069 18939 19049 E LynxMotor: com.qualcomm.hardware.lynx.LynxNackException: (DQ143RN2 #2) LynxSetMotorChannelEnableCommand: nack received: BATTERY_TOO_LOW_TO_RUN_MOTOR:52
12-28 18:49:47.070 18939 19049 E LynxMotor: 	at com.qualcomm.hardware.lynx.commands.LynxRespondable.throwIfNack(LynxRespondable.java:324)
12-28 18:49:47.070 18939 19049 E LynxMotor: 	at com.qualcomm.hardware.lynx.commands.LynxRespondable.send(LynxRespondable.java:239)
12-28 18:49:47.071 18939 19049 E LynxMotor: 	at com.qualcomm.hardware.lynx.LynxDcMotorController.internalSetMotorEnable(LynxDcMotorController.java:212)
12-28 18:49:47.071 18939 19049 E LynxMotor: 	at com.qualcomm.hardware.lynx.LynxDcMotorController.internalSetMotorPower(LynxDcMotorController.java:500)
12-28 18:49:47.072 18939 19049 E LynxMotor: 	at com.qualcomm.hardware.lynx.LynxDcMotorController.internalSetMotorPower(LynxDcMotorController.java:458)
12-28 18:49:47.072 18939 19049 E LynxMotor: 	at com.qualcomm.hardware.lynx.LynxDcMotorController.setMotorPower(LynxDcMotorController.java:405)
12-28 18:49:47.073 18939 19049 E LynxMotor: 	at com.qualcomm.robotcore.hardware.DcMotorImpl.internalSetPower(DcMotorImpl.java:204)
12-28 18:49:47.073 18939 19019 V LynxModule: received status: LynxGetModuleStatusResponse(status=0x14 alerts=0x00: FailSafe)
12-28 18:49:47.073 18939 19049 E LynxMotor: 	at com.qualcomm.robotcore.hardware.DcMotorImpl.setPower(DcMotorImpl.java:200)
12-28 18:49:47.074 18939 19049 E LynxMotor: 	at org.firstinspires.ftc.teamcode.TechNova2017.MecanumRobot.moveGlyphLift(MecanumRobot.java:416)
12-28 18:49:47.075 18939 19049 E LynxMotor: 	at org.firstinspires.ftc.teamcode.TechNova2017.RelicRecoveryTeleOpsLinear.gamepadLoop(RelicRecoveryTeleOpsLinear.java:164)
12-28 18:49:47.075 18939 19049 E LynxMotor: 	at org.firstinspires.ftc.teamcode.TechNova2017.RelicRecoveryTeleOpsLinear.runOpMode(RelicRecoveryTeleOpsLinear.java:54)
12-28 18:49:47.076 18939 19049 E LynxMotor: 	at com.qualcomm.robotcore.eventloop.opmode.LinearOpMode$LinearOpModeHelper$1.run(LinearOpMode.java:305)
12-28 18:49:47.076 18939 19049 E LynxMotor: 	at com.qualcomm.robotcore.util.ThreadPool.logThreadLifeCycle(ThreadPool.java:709)
12-28 18:49:47.076 18939 19049 E LynxMotor: 	at com.qualcomm.robotcore.eventloop.opmode.LinearOpMode$LinearOpModeHelper.run(LinearOpMode.java:300)
12-28 18:49:47.077 18939 19049 E LynxMotor: 	at java.util.concurrent.ThreadPoolExecutor.runWorker(ThreadPoolExecutor.java:1113)
12-28 18:49:47.077 18939 19049 E LynxMotor: 	at java.util.concurrent.ThreadPoolExecutor$Worker.run(ThreadPoolExecutor.java:588)
12-28 18:49:47.078 18939 19049 E LynxMotor: 	at com.qualcomm.robotcore.util.ThreadPool$ThreadFactoryImpl$1.run(ThreadPool.java:764)
12-28 18:49:47.078 18939 19049 E LynxMotor: 	at java.lang.Thread.run(Thread.java:818)
12-28 18:49:47.092 18939 19019 V LynxModule: received status: LynxGetModuleStatusResponse(status=0x14 alerts=0x00: FailSafe)
12-28 18:49:47.096 18939 19017 V RobotCore: nack rec'd mod=2 msg#=195 ref#=0 reason=BATTERY_TOO_LOW_TO_RUN_MOTOR:52
12-28 18:49:47.096 18939 19049 E LynxMotor: exception thrown during lynx communication
12-28 18:49:47.098 18939 19049 E LynxMotor: com.qualcomm.hardware.lynx.LynxNackException: (DQ143RN2 #2) LynxSetMotorChannelEnableCommand: nack received: BATTERY_TOO_LOW_TO_RUN_MOTOR:52
12-28 18:49:47.099 18939 19049 E LynxMotor: 	at com.qualcomm.hardware.lynx.commands.LynxRespondable.throwIfNack(LynxRespondable.java:324)
12-28 18:49:47.099 18939 19049 E LynxMotor: 	at com.qualcomm.hardware.lynx.commands.LynxRespondable.send(LynxRespondable.java:239)
12-28 18:49:47.099 18939 19049 E LynxMotor: 	at com.qualcomm.hardware.lynx.LynxDcMotorController.internalSetMotorEnable(LynxDcMotorController.java:212)
12-28 18:49:47.100 18939 19049 E LynxMotor: 	at com.qualcomm.hardware.lynx.LynxDcMotorController.internalSetMotorPower(LynxDcMotorController.java:500)
12-28 18:49:47.101 18939 19049 E LynxMotor: 	at com.qualcomm.hardware.lynx.LynxDcMotorController.internalSetMotorPower(LynxDcMotorController.java:458)
12-28 18:49:47.101 18939 19049 E LynxMotor: 	at com.qualcomm.hardware.lynx.LynxDcMotorController.setMotorPower(LynxDcMotorController.java:405)
12-28 18:49:47.102 18939 19049 E LynxMotor: 	at com.qualcomm.robotcore.hardware.DcMotorImpl.internalSetPower(DcMotorImpl.java:204)
12-28 18:49:47.102 18939 19049 E LynxMotor: 	at com.qualcomm.robotcore.hardware.DcMotorImpl.setPower(DcMotorImpl.java:200)
12-28 18:49:47.103 18939 19049 E LynxMotor: 	at org.firstinspires.ftc.teamcode.TechNova2017.MecanumRobot.moveRelicSlider(MecanumRobot.java:1093)
12-28 18:49:47.103 18939 19049 E LynxMotor: 	at org.firstinspires.ftc.teamcode.TechNova2017.RelicRecoveryTeleOpsLinear.gamepadLoop(RelicRecoveryTeleOpsLinear.java:173)
12-28 18:49:47.104 18939 19049 E LynxMotor: 	at org.firstinspires.ftc.teamcode.TechNova2017.RelicRecoveryTeleOpsLinear.runOpMode(RelicRecoveryTeleOpsLinear.java:54)
12-28 18:49:47.104 18939 19049 E LynxMotor: 	at com.qualcomm.robotcore.eventloop.opmode.LinearOpMode$LinearOpModeHelper$1.run(LinearOpMode.java:305)
12-28 18:49:47.105 18939 19049 E LynxMotor: 	at com.qualcomm.robotcore.util.ThreadPool.logThreadLifeCycle(ThreadPool.java:709)
12-28 18:49:47.105 18939 19049 E LynxMotor: 	at com.qualcomm.robotcore.eventloop.opmode.LinearOpMode$LinearOpModeHelper.run(LinearOpMode.java:300)
12-28 18:49:47.106 18939 19049 E LynxMotor: 	at java.util.concurrent.ThreadPoolExecutor.runWorker(ThreadPoolExecutor.java:1113)
12-28 18:49:47.106 18939 19049 E LynxMotor: 	at java.util.concurrent.ThreadPoolExecutor$Worker.run(ThreadPoolExecutor.java:588)
12-28 18:49:47.107 18939 19049 E LynxMotor: 	at com.qualcomm.robotcore.util.ThreadPool$ThreadFactoryImpl$1.run(ThreadPool.java:764)
12-28 18:49:47.107 18939 19049 E LynxMotor: 	at java.lang.Thread.run(Thread.java:818)
12-28 18:49:47.133 18939 19017 V RobotCore: nack rec'd mod=3 msg#=27 ref#=0 reason=BATTERY_TOO_LOW_TO_RUN_MOTOR:52
12-28 18:49:47.134 18939 19049 E LynxMotor: exception thrown during lynx communication
12-28 18:49:47.135 18939 19049 E LynxMotor: com.qualcomm.hardware.lynx.LynxNackException: (DQ143RN2 #3) LynxSetMotorChannelEnableCommand: nack received: BATTERY_TOO_LOW_TO_RUN_MOTOR:52
12-28 18:49:47.137 18939 19018 V LynxModule: received status: LynxGetModuleStatusResponse(status=0x14 alerts=0x00: FailSafe)
12-28 18:49:47.137 18939 19049 E LynxMotor: 	at com.qualcomm.hardware.lynx.commands.LynxRespondable.throwIfNack(LynxRespondable.java:324)
12-28 18:49:47.138 18939 19049 E LynxMotor: 	at com.qualcomm.hardware.lynx.commands.LynxRespondable.send(LynxRespondable.java:239)
12-28 18:49:47.138 18939 19049 E LynxMotor: 	at com.qualcomm.hardware.lynx.LynxDcMotorController.internalSetMotorEnable(LynxDcMotorController.java:212)
12-28 18:49:47.139 18939 19049 E LynxMotor: 	at com.qualcomm.hardware.lynx.LynxDcMotorController.internalSetMotorPower(LynxDcMotorController.java:500)
12-28 18:49:47.139 18939 19049 E LynxMotor: 	at com.qualcomm.hardware.lynx.LynxDcMotorController.internalSetMotorPower(LynxDcMotorController.java:458)
12-28 18:49:47.140 18939 19049 E LynxMotor: 	at com.qualcomm.hardware.lynx.LynxDcMotorController.setMotorPower(LynxDcMotorController.java:405)
12-28 18:49:47.140 18939 19049 E LynxMotor: 	at com.qualcomm.robotcore.hardware.DcMotorImpl.internalSetPower(DcMotorImpl.java:204)
12-28 18:49:47.141 18939 19049 E LynxMotor: 	at com.qualcomm.robotcore.hardware.DcMotorImpl.setPower(DcMotorImpl.java:200)
12-28 18:49:47.141 18939 19049 E LynxMotor: 	at org.firstinspires.ftc.teamcode.TechNova2017.MecanumRobot.drive(MecanumRobot.java:693)
12-28 18:49:47.142 18939 19049 E LynxMotor: 	at org.firstinspires.ftc.teamcode.TechNova2017.DriveHelper.drive(DriveHelper.java:123)
12-28 18:49:47.143 18939 19049 E LynxMotor: 	at org.firstinspires.ftc.teamcode.TechNova2017.RelicRecoveryTeleOpsLinear.gamepadLoop(RelicRecoveryTeleOpsLinear.java:226)
12-28 18:49:47.143 18939 19049 E LynxMotor: 	at org.firstinspires.ftc.teamcode.TechNova2017.RelicRecoveryTeleOpsLinear.runOpMode(RelicRecoveryTeleOpsLinear.java:54)
12-28 18:49:47.144 18939 19049 E LynxMotor: 	at com.qualcomm.robotcore.eventloop.opmode.LinearOpMode$LinearOpModeHelper$1.run(LinearOpMode.java:305)
12-28 18:49:47.144 18939 19049 E LynxMotor: 	at com.qualcomm.robotcore.util.ThreadPool.logThreadLifeCycle(ThreadPool.java:709)
12-28 18:49:47.145 18939 19049 E LynxMotor: 	at com.qualcomm.robotcore.eventloop.opmode.LinearOpMode$LinearOpModeHelper.run(LinearOpMode.java:300)
12-28 18:49:47.145 18939 19049 E LynxMotor: 	at java.util.concurrent.ThreadPoolExecutor.runWorker(ThreadPoolExecutor.java:1113)
12-28 18:49:47.146 18939 19049 E LynxMotor: 	at java.util.concurrent.ThreadPoolExecutor$Worker.run(ThreadPoolExecutor.java:588)
12-28 18:49:47.146 18939 19049 E LynxMotor: 	at com.qualcomm.robotcore.util.ThreadPool$ThreadFactoryImpl$1.run(ThreadPool.java:764)
12-28 18:49:47.147 18939 19049 E LynxMotor: 	at java.lang.Thread.run(Thread.java:818)
12-28 18:49:47.156 18939 19018 V LynxModule: received status: LynxGetModuleStatusResponse(status=0x14 alerts=0x00: FailSafe)
12-28 18:49:47.159 18939 19017 V RobotCore: nack rec'd mod=3 msg#=32 ref#=0 reason=BATTERY_TOO_LOW_TO_RUN_MOTOR:52
12-28 18:49:47.159 18939 19049 E LynxMotor: exception thrown during lynx communication
12-28 18:49:47.160 18939 19049 E LynxMotor: com.qualcomm.hardware.lynx.LynxNackException: (DQ143RN2 #3) LynxSetMotorChannelEnableCommand: nack received: BATTERY_TOO_LOW_TO_RUN_MOTOR:52
12-28 18:49:47.161 18939 19049 E LynxMotor: 	at com.qualcomm.hardware.lynx.commands.LynxRespondable.throwIfNack(LynxRespondable.java:324)
12-28 18:49:47.161 18939 19049 E LynxMotor: 	at com.qualcomm.hardware.lynx.commands.LynxRespondable.send(LynxRespondable.java:239)
12-28 18:49:47.161 18939 19049 E LynxMotor: 	at com.qualcomm.hardware.lynx.LynxDcMotorController.internalSetMotorEnable(LynxDcMotorController.java:212)
12-28 18:49:47.162 18939 19049 E LynxMotor: 	at com.qualcomm.hardware.lynx.LynxDcMotorController.internalSetMotorPower(LynxDcMotorController.java:500)
12-28 18:49:47.162 18939 19049 E LynxMotor: 	at com.qualcomm.hardware.lynx.LynxDcMotorController.internalSetMotorPower(LynxDcMotorController.java:458)
12-28 18:49:47.163 18939 19049 E LynxMotor: 	at com.qualcomm.hardware.lynx.LynxDcMotorController.setMotorPower(LynxDcMotorController.java:405)
12-28 18:49:47.163 18939 19049 E LynxMotor: 	at com.qualcomm.robotcore.hardware.DcMotorImpl.internalSetPower(DcMotorImpl.java:204)
12-28 18:49:47.163 18939 19049 E LynxMotor: 	at com.qualcomm.robotcore.hardware.DcMotorImpl.setPower(DcMotorImpl.java:200)
12-28 18:49:47.164 18939 19049 E LynxMotor: 	at org.firstinspires.ftc.teamcode.TechNova2017.MecanumRobot.drive(MecanumRobot.java:694)
12-28 18:49:47.165 18939 19049 E LynxMotor: 	at org.firstinspires.ftc.teamcode.TechNova2017.DriveHelper.drive(DriveHelper.java:123)
12-28 18:49:47.165 18939 19049 E LynxMotor: 	at org.firstinspires.ftc.teamcode.TechNova2017.RelicRecoveryTeleOpsLinear.gamepadLoop(RelicRecoveryTeleOpsLinear.java:226)
12-28 18:49:47.166 18939 19049 E LynxMotor: 	at org.firstinspires.ftc.teamcode.TechNova2017.RelicRecoveryTeleOpsLinear.runOpMode(RelicRecoveryTeleOpsLinear.java:54)
12-28 18:49:47.166 18939 19049 E LynxMotor: 	at com.qualcomm.robotcore.eventloop.opmode.LinearOpMode$LinearOpModeHelper$1.run(LinearOpMode.java:305)
12-28 18:49:47.166 18939 19049 E LynxMotor: 	at com.qualcomm.robotcore.util.ThreadPool.logThreadLifeCycle(ThreadPool.java:709)
12-28 18:49:47.167 18939 19049 E LynxMotor: 	at com.qualcomm.robotcore.eventloop.opmode.LinearOpMode$LinearOpModeHelper.run(LinearOpMode.java:300)
12-28 18:49:47.167 18939 19049 E LynxMotor: 	at java.util.concurrent.ThreadPoolExecutor.runWorker(ThreadPoolExecutor.java:1113)
12-28 18:49:47.168 18939 19049 E LynxMotor: 	at java.util.concurrent.ThreadPoolExecutor$Worker.run(ThreadPoolExecutor.java:588)
12-28 18:49:47.168 18939 19049 E LynxMotor: 	at com.qualcomm.robotcore.util.ThreadPool$ThreadFactoryImpl$1.run(ThreadPool.java:764)
12-28 18:49:47.169 18939 19049 E LynxMotor: 	at java.lang.Thread.run(Thread.java:818)
12-28 18:49:47.178 18939 19017 V RobotCore: nack rec'd mod=3 msg#=35 ref#=0 reason=BATTERY_TOO_LOW_TO_RUN_MOTOR:52
12-28 18:49:47.178 18939 19049 E LynxMotor: exception thrown during lynx communication
12-28 18:49:47.179 18939 19049 E LynxMotor: com.qualcomm.hardware.lynx.LynxNackException: (DQ143RN2 #3) LynxSetMotorChannelEnableCommand: nack received: BATTERY_TOO_LOW_TO_RUN_MOTOR:52
12-28 18:49:47.180 18939 19049 E LynxMotor: 	at com.qualcomm.hardware.lynx.commands.LynxRespondable.throwIfNack(LynxRespondable.java:324)
12-28 18:49:47.180 18939 19049 E LynxMotor: 	at com.qualcomm.hardware.lynx.commands.LynxRespondable.send(LynxRespondable.java:239)
12-28 18:49:47.181 18939 19049 E LynxMotor: 	at com.qualcomm.hardware.lynx.LynxDcMotorController.internalSetMotorEnable(LynxDcMotorController.java:212)
12-28 18:49:47.181 18939 19049 E LynxMotor: 	at com.qualcomm.hardware.lynx.LynxDcMotorController.internalSetMotorPower(LynxDcMotorController.java:500)
12-28 18:49:47.182 18939 19049 E LynxMotor: 	at com.qualcomm.hardware.lynx.LynxDcMotorController.internalSetMotorPower(LynxDcMotorController.java:458)
12-28 18:49:47.182 18939 19018 V LynxModule: received status: LynxGetModuleStatusResponse(status=0x14 alerts=0x00: FailSafe)
12-28 18:49:47.182 18939 19049 E LynxMotor: 	at com.qualcomm.hardware.lynx.LynxDcMotorController.setMotorPower(LynxDcMotorController.java:405)
12-28 18:49:47.182 18939 19049 E LynxMotor: 	at com.qualcomm.robotcore.hardware.DcMotorImpl.internalSetPower(DcMotorImpl.java:204)
12-28 18:49:47.183 18939 19049 E LynxMotor: 	at com.qualcomm.robotcore.hardware.DcMotorImpl.setPower(DcMotorImpl.java:200)
12-28 18:49:47.183 18939 19049 E LynxMotor: 	at org.firstinspires.ftc.teamcode.TechNova2017.MecanumRobot.drive(MecanumRobot.java:695)
12-28 18:49:47.183 18939 19049 E LynxMotor: 	at org.firstinspires.ftc.teamcode.TechNova2017.DriveHelper.drive(DriveHelper.java:123)
12-28 18:49:47.184 18939 19049 E LynxMotor: 	at org.firstinspires.ftc.teamcode.TechNova2017.RelicRecoveryTeleOpsLinear.gamepadLoop(RelicRecoveryTeleOpsLinear.java:226)
12-28 18:49:47.184 18939 19049 E LynxMotor: 	at org.firstinspires.ftc.teamcode.TechNova2017.RelicRecoveryTeleOpsLinear.runOpMode(RelicRecoveryTeleOpsLinear.java:54)
12-28 18:49:47.184 18939 19049 E LynxMotor: 	at com.qualcomm.robotcore.eventloop.opmode.LinearOpMode$LinearOpModeHelper$1.run(LinearOpMode.java:305)
12-28 18:49:47.185 18939 19049 E LynxMotor: 	at com.qualcomm.robotcore.util.ThreadPool.logThreadLifeCycle(ThreadPool.java:709)
12-28 18:49:47.185 18939 19049 E LynxMotor: 	at com.qualcomm.robotcore.eventloop.opmode.LinearOpMode$LinearOpModeHelper.run(LinearOpMode.java:300)
12-28 18:49:47.186 18939 19049 E LynxMotor: 	at java.util.concurrent.ThreadPoolExecutor.runWorker(ThreadPoolExecutor.java:1113)
12-28 18:49:47.186 18939 19049 E LynxMotor: 	at java.util.concurrent.ThreadPoolExecutor$Worker.run(ThreadPoolExecutor.java:588)
12-28 18:49:47.186 18939 19049 E LynxMotor: 	at com.qualcomm.robotcore.util.ThreadPool$ThreadFactoryImpl$1.run(ThreadPool.java:764)
12-28 18:49:47.186 18939 19049 E LynxMotor: 	at java.lang.Thread.run(Thread.java:818)
12-28 18:49:47.196 18939 19017 V RobotCore: nack rec'd mod=3 msg#=39 ref#=0 reason=BATTERY_TOO_LOW_TO_RUN_MOTOR:52
12-28 18:49:47.197 18939 19049 E LynxMotor: exception thrown during lynx communication
12-28 18:49:47.198 18939 19049 E LynxMotor: com.qualcomm.hardware.lynx.LynxNackException: (DQ143RN2 #3) LynxSetMotorChannelEnableCommand: nack received: BATTERY_TOO_LOW_TO_RUN_MOTOR:52
12-28 18:49:47.198 18939 19049 E LynxMotor: 	at com.qualcomm.hardware.lynx.commands.LynxRespondable.throwIfNack(LynxRespondable.java:324)
12-28 18:49:47.199 18939 19049 E LynxMotor: 	at com.qualcomm.hardware.lynx.commands.LynxRespondable.send(LynxRespondable.java:239)
12-28 18:49:47.199 18939 19049 E LynxMotor: 	at com.qualcomm.hardware.lynx.LynxDcMotorController.internalSetMotorEnable(LynxDcMotorController.java:212)
12-28 18:49:47.200 18939 19049 E LynxMotor: 	at com.qualcomm.hardware.lynx.LynxDcMotorController.internalSetMotorPower(LynxDcMotorController.java:500)
12-28 18:49:47.201 18939 19049 E LynxMotor: 	at com.qualcomm.hardware.lynx.LynxDcMotorController.internalSetMotorPower(LynxDcMotorController.java:458)
12-28 18:49:47.202 18939 19049 E LynxMotor: 	at com.qualcomm.hardware.lynx.LynxDcMotorController.setMotorPower(LynxDcMotorController.java:405)
12-28 18:49:47.202 18939 19049 E LynxMotor: 	at com.qualcomm.robotcore.hardware.DcMotorImpl.internalSetPower(DcMotorImpl.java:204)
12-28 18:49:47.203 18939 19049 E LynxMotor: 	at com.qualcomm.robotcore.hardware.DcMotorImpl.setPower(DcMotorImpl.java:200)
12-28 18:49:47.203 18939 19049 E LynxMotor: 	at org.firstinspires.ftc.teamcode.TechNova2017.MecanumRobot.drive(MecanumRobot.java:696)
12-28 18:49:47.204 18939 19018 V LynxModule: received status: LynxGetModuleStatusResponse(status=0x14 alerts=0x00: FailSafe)
12-28 18:49:47.204 18939 19049 E LynxMotor: 	at org.firstinspires.ftc.teamcode.TechNova2017.DriveHelper.drive(DriveHelper.java:123)
12-28 18:49:47.205 18939 19049 E LynxMotor: 	at org.firstinspires.ftc.teamcode.TechNova2017.RelicRecoveryTeleOpsLinear.gamepadLoop(RelicRecoveryTeleOpsLinear.java:226)
12-28 18:49:47.205 18939 19049 E LynxMotor: 	at org.firstinspires.ftc.teamcode.TechNova2017.RelicRecoveryTeleOpsLinear.runOpMode(RelicRecoveryTeleOpsLinear.java:54)
12-28 18:49:47.206 18939 19049 E LynxMotor: 	at com.qualcomm.robotcore.eventloop.opmode.LinearOpMode$LinearOpModeHelper$1.run(LinearOpMode.java:305)
12-28 18:49:47.207 18939 19049 E LynxMotor: 	at com.qualcomm.robotcore.util.ThreadPool.logThreadLifeCycle(ThreadPool.java:709)
12-28 18:49:47.207 18939 19049 E LynxMotor: 	at com.qualcomm.robotcore.eventloop.opmode.LinearOpMode$LinearOpModeHelper.run(LinearOpMode.java:300)
12-28 18:49:47.208 18939 19049 E LynxMotor: 	at java.util.concurrent.ThreadPoolExecutor.runWorker(ThreadPoolExecutor.java:1113)
12-28 18:49:47.208 18939 19049 E LynxMotor: 	at java.util.concurrent.ThreadPoolExecutor$Worker.run(ThreadPoolExecutor.java:588)
12-28 18:49:47.209 18939 19049 E LynxMotor: 	at com.qualcomm.robotcore.util.ThreadPool$ThreadFactoryImpl$1.run(ThreadPool.java:764)
12-28 18:49:47.209 18939 19049 E LynxMotor: 	at java.lang.Thread.run(Thread.java:818)
12-28 18:49:47.221 18939 19019 V LynxModule: received status: LynxGetModuleStatusResponse(status=0x14 alerts=0x00: FailSafe)
12-28 18:49:47.236 18939 19019 V LynxModule: received status: LynxGetModuleStatusResponse(status=0x14 alerts=0x00: FailSafe)
12-28 18:49:47.278 18939 19019 V LynxModule: received status: LynxGetModuleStatusResponse(status=0x14 alerts=0x00: FailSafe)
12-28 18:49:47.282 18939 19019 V LynxModule: received status: LynxGetModuleStatusResponse(status=0x14 alerts=0x00: FailSafe)
12-28 18:49:47.306 18939 19017 V RobotCore: nack rec'd mod=2 msg#=216 ref#=0 reason=BATTERY_TOO_LOW_TO_RUN_MOTOR:52
12-28 18:49:47.307 18939 19049 E LynxMotor: exception thrown during lynx communication
12-28 18:49:47.308 18939 19049 E LynxMotor: com.qualcomm.hardware.lynx.LynxNackException: (DQ143RN2 #2) LynxSetMotorChannelEnableCommand: nack received: BATTERY_TOO_LOW_TO_RUN_MOTOR:52
12-28 18:49:47.309 18939 19049 E LynxMotor: 	at com.qualcomm.hardware.lynx.commands.LynxRespondable.throwIfNack(LynxRespondable.java:324)
12-28 18:49:47.310 18939 19049 E LynxMotor: 	at com.qualcomm.hardware.lynx.commands.LynxRespondable.send(LynxRespondable.java:239)
12-28 18:49:47.312 18939 19049 E LynxMotor: 	at com.qualcomm.hardware.lynx.LynxDcMotorController.internalSetMotorEnable(LynxDcMotorController.java:212)
12-28 18:49:47.313 18939 19049 E LynxMotor: 	at com.qualcomm.hardware.lynx.LynxDcMotorController.internalSetMotorPower(LynxDcMotorController.java:500)
12-28 18:49:47.313 18939 19019 V LynxModule: received status: LynxGetModuleStatusResponse(status=0x14 alerts=0x00: FailSafe)
12-28 18:49:47.313 18939 19049 E LynxMotor: 	at com.qualcomm.hardware.lynx.LynxDcMotorController.setMotorMode(LynxDcMotorController.java:330)
12-28 18:49:47.314 18939 19049 E LynxMotor: 	at com.qualcomm.robotcore.hardware.DcMotorImpl.internalSetMode(DcMotorImpl.java:321)
12-28 18:49:47.315 18939 19049 E LynxMotor: 	at com.qualcomm.robotcore.hardware.DcMotorImpl.setMode(DcMotorImpl.java:317)
12-28 18:49:47.316 18939 19049 E LynxMotor: 	at org.firstinspires.ftc.teamcode.TechNova2017.MecanumRobot.setGlyphLiftToRunEncoderMode(MecanumRobot.java:583)
12-28 18:49:47.317 18939 19049 E LynxMotor: 	at org.firstinspires.ftc.teamcode.TechNova2017.RelicRecoveryTeleOpsLinear.gamepadLoop(RelicRecoveryTeleOpsLinear.java:121)
12-28 18:49:47.317 18939 19049 E LynxMotor: 	at org.firstinspires.ftc.teamcode.TechNova2017.RelicRecoveryTeleOpsLinear.runOpMode(RelicRecoveryTeleOpsLinear.java:54)
12-28 18:49:47.318 18939 19049 E LynxMotor: 	at com.qualcomm.robotcore.eventloop.opmode.LinearOpMode$LinearOpModeHelper$1.run(LinearOpMode.java:305)
12-28 18:49:47.319 18939 19019 V LynxModule: received status: LynxGetModuleStatusResponse(status=0x14 alerts=0x00: FailSafe)
12-28 18:49:47.319 18939 19049 E LynxMotor: 	at com.qualcomm.robotcore.util.ThreadPool.logThreadLifeCycle(ThreadPool.java:709)
12-28 18:49:47.319 18939 19049 E LynxMotor: 	at com.qualcomm.robotcore.eventloop.opmode.LinearOpMode$LinearOpModeHelper.run(LinearOpMode.java:300)
12-28 18:49:47.320 18939 19049 E LynxMotor: 	at java.util.concurrent.ThreadPoolExecutor.runWorker(ThreadPoolExecutor.java:1113)
12-28 18:49:47.321 18939 19049 E LynxMotor: 	at java.util.concurrent.ThreadPoolExecutor$Worker.run(ThreadPoolExecutor.java:588)
12-28 18:49:47.321 18939 19049 E LynxMotor: 	at com.qualcomm.robotcore.util.ThreadPool$ThreadFactoryImpl$1.run(ThreadPool.java:764)
12-28 18:49:47.322 18939 19049 E LynxMotor: 	at java.lang.Thread.run(Thread.java:818)
12-28 18:49:47.347 18939 19017 V RobotCore: nack rec'd mod=2 msg#=224 ref#=0 reason=BATTERY_TOO_LOW_TO_RUN_MOTOR:52
12-28 18:49:47.348 18939 19049 E LynxMotor: exception thrown during lynx communication
12-28 18:49:47.349 18939 19049 E LynxMotor: com.qualcomm.hardware.lynx.LynxNackException: (DQ143RN2 #2) LynxSetMotorChannelEnableCommand: nack received: BATTERY_TOO_LOW_TO_RUN_MOTOR:52
12-28 18:49:47.349 18939 19049 E LynxMotor: 	at com.qualcomm.hardware.lynx.commands.LynxRespondable.throwIfNack(LynxRespondable.java:324)
12-28 18:49:47.350 18939 19049 E LynxMotor: 	at com.qualcomm.hardware.lynx.commands.LynxRespondable.send(LynxRespondable.java:239)
12-28 18:49:47.350 18939 19049 E LynxMotor: 	at com.qualcomm.hardware.lynx.LynxDcMotorController.internalSetMotorEnable(LynxDcMotorController.java:212)
12-28 18:49:47.351 18939 19049 E LynxMotor: 	at com.qualcomm.hardware.lynx.LynxDcMotorController.internalSetMotorPower(LynxDcMotorController.java:500)
12-28 18:49:47.351 18939 19049 E LynxMotor: 	at com.qualcomm.hardware.lynx.LynxDcMotorController.setMotorMode(LynxDcMotorController.java:330)
12-28 18:49:47.352 18939 19049 E LynxMotor: 	at com.qualcomm.robotcore.hardware.DcMotorImpl.internalSetMode(DcMotorImpl.java:321)
12-28 18:49:47.352 18939 19049 E LynxMotor: 	at com.qualcomm.robotcore.hardware.DcMotorImpl.setMode(DcMotorImpl.java:317)
12-28 18:49:47.352 18939 19019 V LynxModule: received status: LynxGetModuleStatusResponse(status=0x14 alerts=0x00: FailSafe)
12-28 18:49:47.352 18939 19049 E LynxMotor: 	at org.firstinspires.ftc.teamcode.TechNova2017.MecanumRobot.setGlyphLiftToRunEncoderMode(MecanumRobot.java:583)
12-28 18:49:47.353 18939 19049 E LynxMotor: 	at org.firstinspires.ftc.teamcode.TechNova2017.RelicRecoveryTeleOpsLinear.gamepadLoop(RelicRecoveryTeleOpsLinear.java:163)
12-28 18:49:47.354 18939 19049 E LynxMotor: 	at org.firstinspires.ftc.teamcode.TechNova2017.RelicRecoveryTeleOpsLinear.runOpMode(RelicRecoveryTeleOpsLinear.java:54)
12-28 18:49:47.354 18939 19049 E LynxMotor: 	at com.qualcomm.robotcore.eventloop.opmode.LinearOpMode$LinearOpModeHelper$1.run(LinearOpMode.java:305)
12-28 18:49:47.355 18939 19049 E LynxMotor: 	at com.qualcomm.robotcore.util.ThreadPool.logThreadLifeCycle(ThreadPool.java:709)
12-28 18:49:47.355 18939 19049 E LynxMotor: 	at com.qualcomm.robotcore.eventloop.opmode.LinearOpMode$LinearOpModeHelper.run(LinearOpMode.java:300)
12-28 18:49:47.355 18939 19049 E LynxMotor: 	at java.util.concurrent.ThreadPoolExecutor.runWorker(ThreadPoolExecutor.java:1113)
12-28 18:49:47.356 18939 19049 E LynxMotor: 	at java.util.concurrent.ThreadPoolExecutor$Worker.run(ThreadPoolExecutor.java:588)
12-28 18:49:47.356 18939 19019 V LynxModule: received status: LynxGetModuleStatusResponse(status=0x14 alerts=0x00: FailSafe)
12-28 18:49:47.356 18939 19049 E LynxMotor: 	at com.qualcomm.robotcore.util.ThreadPool$ThreadFactoryImpl$1.run(ThreadPool.java:764)
12-28 18:49:47.357 18939 19049 E LynxMotor: 	at java.lang.Thread.run(Thread.java:818)
12-28 18:49:47.367 18939 19017 V RobotCore: nack rec'd mod=2 msg#=229 ref#=0 reason=BATTERY_TOO_LOW_TO_RUN_MOTOR:52
12-28 18:49:47.367 18939 19049 E LynxMotor: exception thrown during lynx communication
12-28 18:49:47.368 18939 19049 E LynxMotor: com.qualcomm.hardware.lynx.LynxNackException: (DQ143RN2 #2) LynxSetMotorChannelEnableCommand: nack received: BATTERY_TOO_LOW_TO_RUN_MOTOR:52
12-28 18:49:47.369 18939 19049 E LynxMotor: 	at com.qualcomm.hardware.lynx.commands.LynxRespondable.throwIfNack(LynxRespondable.java:324)
12-28 18:49:47.370 18939 19049 E LynxMotor: 	at com.qualcomm.hardware.lynx.commands.LynxRespondable.send(LynxRespondable.java:239)
12-28 18:49:47.370 18939 19049 E LynxMotor: 	at com.qualcomm.hardware.lynx.LynxDcMotorController.internalSetMotorEnable(LynxDcMotorController.java:212)
12-28 18:49:47.371 18939 19049 E LynxMotor: 	at com.qualcomm.hardware.lynx.LynxDcMotorController.internalSetMotorPower(LynxDcMotorController.java:500)
12-28 18:49:47.371 18939 19049 E LynxMotor: 	at com.qualcomm.hardware.lynx.LynxDcMotorController.internalSetMotorPower(LynxDcMotorController.java:458)
12-28 18:49:47.372 18939 19049 E LynxMotor: 	at com.qualcomm.hardware.lynx.LynxDcMotorController.setMotorPower(LynxDcMotorController.java:405)
12-28 18:49:47.373 18939 19019 V LynxModule: received status: LynxGetModuleStatusResponse(status=0x14 alerts=0x00: FailSafe)
12-28 18:49:47.373 18939 19049 E LynxMotor: 	at com.qualcomm.robotcore.hardware.DcMotorImpl.internalSetPower(DcMotorImpl.java:204)
12-28 18:49:47.373 18939 19049 E LynxMotor: 	at com.qualcomm.robotcore.hardware.DcMotorImpl.setPower(DcMotorImpl.java:200)
12-28 18:49:47.374 18939 19049 E LynxMotor: 	at org.firstinspires.ftc.teamcode.TechNova2017.MecanumRobot.moveGlyphLift(MecanumRobot.java:416)
12-28 18:49:47.374 18939 19049 E LynxMotor: 	at org.firstinspires.ftc.teamcode.TechNova2017.RelicRecoveryTeleOpsLinear.gamepadLoop(RelicRecoveryTeleOpsLinear.java:164)
12-28 18:49:47.375 18939 19049 E LynxMotor: 	at org.firstinspires.ftc.teamcode.TechNova2017.RelicRecoveryTeleOpsLinear.runOpMode(RelicRecoveryTeleOpsLinear.java:54)
12-28 18:49:47.375 18939 19049 E LynxMotor: 	at com.qualcomm.robotcore.eventloop.opmode.LinearOpMode$LinearOpModeHelper$1.run(LinearOpMode.java:305)
12-28 18:49:47.376 18939 19049 E LynxMotor: 	at com.qualcomm.robotcore.util.ThreadPool.logThreadLifeCycle(ThreadPool.java:709)
12-28 18:49:47.376 18939 19049 E LynxMotor: 	at com.qualcomm.robotcore.eventloop.opmode.LinearOpMode$LinearOpModeHelper.run(LinearOpMode.java:300)
12-28 18:49:47.376 18939 19049 E LynxMotor: 	at java.util.concurrent.ThreadPoolExecutor.runWorker(ThreadPoolExecutor.java:1113)
12-28 18:49:47.377 18939 19049 E LynxMotor: 	at java.util.concurrent.ThreadPoolExecutor$Worker.run(ThreadPoolExecutor.java:588)
12-28 18:49:47.377 18939 19049 E LynxMotor: 	at com.qualcomm.robotcore.util.ThreadPool$ThreadFactoryImpl$1.run(ThreadPool.java:764)
12-28 18:49:47.378 18939 19049 E LynxMotor: 	at java.lang.Thread.run(Thread.java:818)
12-28 18:49:47.390 18939 19017 V RobotCore: nack rec'd mod=2 msg#=233 ref#=0 reason=BATTERY_TOO_LOW_TO_RUN_MOTOR:52
12-28 18:49:47.391 18939 19049 E LynxMotor: exception thrown during lynx communication
12-28 18:49:47.392 18939 19049 E LynxMotor: com.qualcomm.hardware.lynx.LynxNackException: (DQ143RN2 #2) LynxSetMotorChannelEnableCommand: nack received: BATTERY_TOO_LOW_TO_RUN_MOTOR:52
12-28 18:49:47.392 18939 19049 E LynxMotor: 	at com.qualcomm.hardware.lynx.commands.LynxRespondable.throwIfNack(LynxRespondable.java:324)
12-28 18:49:47.393 18939 19049 E LynxMotor: 	at com.qualcomm.hardware.lynx.commands.LynxRespondable.send(LynxRespondable.java:239)
