12-28 18:49:45.607 18939 19049 E LynxMotor: 	at com.qualcomm.hardware.lynx.LynxDcMotorController.internalSetMotorPower(LynxDcMotorController.java:500)
12-28 18:49:45.607 18939 19049 E LynxMotor: 	at com.qualcomm.hardware.lynx.LynxDcMotorController.internalSetMotorPower(LynxDcMotorController.java:458)
12-28 18:49:45.608 18939 19049 E LynxMotor: 	at com.qualcomm.hardware.lynx.LynxDcMotorController.setMotorPower(LynxDcMotorController.java:405)
12-28 18:49:45.608 18939 19049 E LynxMotor: 	at com.qualcomm.robotcore.hardware.DcMotorImpl.internalSetPower(DcMotorImpl.java:204)
12-28 18:49:45.608 18939 19049 E LynxMotor: 	at com.qualcomm.robotcore.hardware.DcMotorImpl.setPower(DcMotorImpl.java:200)
12-28 18:49:45.609 18939 19019 V LynxModule: received status: LynxGetModuleStatusResponse(status=0x14 alerts=0x00: FailSafe)
12-28 18:49:45.609 18939 19049 E LynxMotor: 	at org.firstinspires.ftc.teamcode.TechNova2017.MecanumRobot.moveRelicSlider(MecanumRobot.java:1093)
12-28 18:49:45.609 18939 19049 E LynxMotor: 	at org.firstinspires.ftc.teamcode.TechNova2017.RelicRecoveryTeleOpsLinear.gamepadLoop(RelicRecoveryTeleOpsLinear.java:173)
12-28 18:49:45.610 18939 19049 E LynxMotor: 	at org.firstinspires.ftc.teamcode.TechNova2017.RelicRecoveryTeleOpsLinear.runOpMode(RelicRecoveryTeleOpsLinear.java:54)
12-28 18:49:45.610 18939 19049 E LynxMotor: 	at com.qualcomm.robotcore.eventloop.opmode.LinearOpMode$LinearOpModeHelper$1.run(LinearOpMode.java:305)
12-28 18:49:45.610 18939 19049 E LynxMotor: 	at com.qualcomm.robotcore.util.ThreadPool.logThreadLifeCycle(ThreadPool.java:709)
12-28 18:49:45.611 18939 19049 E LynxMotor: 	at com.qualcomm.robotcore.eventloop.opmode.LinearOpMode$LinearOpModeHelper.run(LinearOpMode.java:300)
12-28 18:49:45.611 18939 19049 E LynxMotor: 	at java.util.concurrent.ThreadPoolExecutor.runWorker(ThreadPoolExecutor.java:1113)
12-28 18:49:45.611 18939 19049 E LynxMotor: 	at java.util.concurrent.ThreadPoolExecutor$Worker.run(ThreadPoolExecutor.java:588)
12-28 18:49:45.612 18939 19049 E LynxMotor: 	at com.qualcomm.robotcore.util.ThreadPool$ThreadFactoryImpl$1.run(ThreadPool.java:764)
12-28 18:49:45.612 18939 19049 E LynxMotor: 	at java.lang.Thread.run(Thread.java:818)
12-28 18:49:45.639 18939 19018 V LynxModule: received status: LynxGetModuleStatusResponse(status=0x14 alerts=0x00: FailSafe)
12-28 18:49:45.643 18939 19017 V RobotCore: nack rec'd mod=3 msg#=178 ref#=0 reason=BATTERY_TOO_LOW_TO_RUN_MOTOR:52
12-28 18:49:45.643 18939 19049 E LynxMotor: exception thrown during lynx communication
12-28 18:49:45.644 18939 19049 E LynxMotor: com.qualcomm.hardware.lynx.LynxNackException: (DQ143RN2 #3) LynxSetMotorChannelEnableCommand: nack received: BATTERY_TOO_LOW_TO_RUN_MOTOR:52
12-28 18:49:45.645 18939 19049 E LynxMotor: 	at com.qualcomm.hardware.lynx.commands.LynxRespondable.throwIfNack(LynxRespondable.java:324)
12-28 18:49:45.645 18939 19049 E LynxMotor: 	at com.qualcomm.hardware.lynx.commands.LynxRespondable.send(LynxRespondable.java:239)
12-28 18:49:45.646 18939 19049 E LynxMotor: 	at com.qualcomm.hardware.lynx.LynxDcMotorController.internalSetMotorEnable(LynxDcMotorController.java:212)
12-28 18:49:45.647 18939 19049 E LynxMotor: 	at com.qualcomm.hardware.lynx.LynxDcMotorController.internalSetMotorPower(LynxDcMotorController.java:500)
12-28 18:49:45.647 18939 19049 E LynxMotor: 	at com.qualcomm.hardware.lynx.LynxDcMotorController.internalSetMotorPower(LynxDcMotorController.java:458)
12-28 18:49:45.648 18939 19049 E LynxMotor: 	at com.qualcomm.hardware.lynx.LynxDcMotorController.setMotorPower(LynxDcMotorController.java:405)
12-28 18:49:45.648 18939 19049 E LynxMotor: 	at com.qualcomm.robotcore.hardware.DcMotorImpl.internalSetPower(DcMotorImpl.java:204)
12-28 18:49:45.649 18939 19049 E LynxMotor: 	at com.qualcomm.robotcore.hardware.DcMotorImpl.setPower(DcMotorImpl.java:200)
12-28 18:49:45.649 18939 19049 E LynxMotor: 	at org.firstinspires.ftc.teamcode.TechNova2017.MecanumRobot.drive(MecanumRobot.java:693)
12-28 18:49:45.649 18939 19049 E LynxMotor: 	at org.firstinspires.ftc.teamcode.TechNova2017.DriveHelper.drive(DriveHelper.java:123)
12-28 18:49:45.650 18939 19049 E LynxMotor: 	at org.firstinspires.ftc.teamcode.TechNova2017.RelicRecoveryTeleOpsLinear.gamepadLoop(RelicRecoveryTeleOpsLinear.java:226)
12-28 18:49:45.650 18939 19049 E LynxMotor: 	at org.firstinspires.ftc.teamcode.TechNova2017.RelicRecoveryTeleOpsLinear.runOpMode(RelicRecoveryTeleOpsLinear.java:54)
12-28 18:49:45.650 18939 19049 E LynxMotor: 	at com.qualcomm.robotcore.eventloop.opmode.LinearOpMode$LinearOpModeHelper$1.run(LinearOpMode.java:305)
12-28 18:49:45.651 18939 19049 E LynxMotor: 	at com.qualcomm.robotcore.util.ThreadPool.logThreadLifeCycle(ThreadPool.java:709)
12-28 18:49:45.651 18939 19049 E LynxMotor: 	at com.qualcomm.robotcore.eventloop.opmode.LinearOpMode$LinearOpModeHelper.run(LinearOpMode.java:300)
12-28 18:49:45.652 18939 19049 E LynxMotor: 	at java.util.concurrent.ThreadPoolExecutor.runWorker(ThreadPoolExecutor.java:1113)
12-28 18:49:45.652 18939 19049 E LynxMotor: 	at java.util.concurrent.ThreadPoolExecutor$Worker.run(ThreadPoolExecutor.java:588)
12-28 18:49:45.653 18939 19049 E LynxMotor: 	at com.qualcomm.robotcore.util.ThreadPool$ThreadFactoryImpl$1.run(ThreadPool.java:764)
12-28 18:49:45.653 18939 19049 E LynxMotor: 	at java.lang.Thread.run(Thread.java:818)
12-28 18:49:45.663 18939 19017 V RobotCore: nack rec'd mod=3 msg#=181 ref#=0 reason=BATTERY_TOO_LOW_TO_RUN_MOTOR:52
12-28 18:49:45.663 18939 19049 E LynxMotor: exception thrown during lynx communication
12-28 18:49:45.664 18939 19049 E LynxMotor: com.qualcomm.hardware.lynx.LynxNackException: (DQ143RN2 #3) LynxSetMotorChannelEnableCommand: nack received: BATTERY_TOO_LOW_TO_RUN_MOTOR:52
12-28 18:49:45.665 18939 19049 E LynxMotor: 	at com.qualcomm.hardware.lynx.commands.LynxRespondable.throwIfNack(LynxRespondable.java:324)
12-28 18:49:45.665 18939 19049 E LynxMotor: 	at com.qualcomm.hardware.lynx.commands.LynxRespondable.send(LynxRespondable.java:239)
12-28 18:49:45.666 18939 19049 E LynxMotor: 	at com.qualcomm.hardware.lynx.LynxDcMotorController.internalSetMotorEnable(LynxDcMotorController.java:212)
12-28 18:49:45.666 18939 19049 E LynxMotor: 	at com.qualcomm.hardware.lynx.LynxDcMotorController.internalSetMotorPower(LynxDcMotorController.java:500)
12-28 18:49:45.667 18939 19049 E LynxMotor: 	at com.qualcomm.hardware.lynx.LynxDcMotorController.internalSetMotorPower(LynxDcMotorController.java:458)
12-28 18:49:45.667 18939 19018 V LynxModule: received status: LynxGetModuleStatusResponse(status=0x14 alerts=0x00: FailSafe)
12-28 18:49:45.667 18939 19049 E LynxMotor: 	at com.qualcomm.hardware.lynx.LynxDcMotorController.setMotorPower(LynxDcMotorController.java:405)
12-28 18:49:45.668 18939 19049 E LynxMotor: 	at com.qualcomm.robotcore.hardware.DcMotorImpl.internalSetPower(DcMotorImpl.java:204)
12-28 18:49:45.668 18939 19049 E LynxMotor: 	at com.qualcomm.robotcore.hardware.DcMotorImpl.setPower(DcMotorImpl.java:200)
12-28 18:49:45.668 18939 19049 E LynxMotor: 	at org.firstinspires.ftc.teamcode.TechNova2017.MecanumRobot.drive(MecanumRobot.java:694)
12-28 18:49:45.669 18939 19049 E LynxMotor: 	at org.firstinspires.ftc.teamcode.TechNova2017.DriveHelper.drive(DriveHelper.java:123)
12-28 18:49:45.669 18939 19049 E LynxMotor: 	at org.firstinspires.ftc.teamcode.TechNova2017.RelicRecoveryTeleOpsLinear.gamepadLoop(RelicRecoveryTeleOpsLinear.java:226)
12-28 18:49:45.670 18939 19049 E LynxMotor: 	at org.firstinspires.ftc.teamcode.TechNova2017.RelicRecoveryTeleOpsLinear.runOpMode(RelicRecoveryTeleOpsLinear.java:54)
12-28 18:49:45.670 18939 19049 E LynxMotor: 	at com.qualcomm.robotcore.eventloop.opmode.LinearOpMode$LinearOpModeHelper$1.run(LinearOpMode.java:305)
12-28 18:49:45.671 18939 19049 E LynxMotor: 	at com.qualcomm.robotcore.util.ThreadPool.logThreadLifeCycle(ThreadPool.java:709)
12-28 18:49:45.671 18939 19049 E LynxMotor: 	at com.qualcomm.robotcore.eventloop.opmode.LinearOpMode$LinearOpModeHelper.run(LinearOpMode.java:300)
12-28 18:49:45.671 18939 19049 E LynxMotor: 	at java.util.concurrent.ThreadPoolExecutor.runWorker(ThreadPoolExecutor.java:1113)
12-28 18:49:45.672 18939 19049 E LynxMotor: 	at java.util.concurrent.ThreadPoolExecutor$Worker.run(ThreadPoolExecutor.java:588)
12-28 18:49:45.673 18939 19049 E LynxMotor: 	at com.qualcomm.robotcore.util.ThreadPool$ThreadFactoryImpl$1.run(ThreadPool.java:764)
12-28 18:49:45.673 18939 19049 E LynxMotor: 	at java.lang.Thread.run(Thread.java:818)
12-28 18:49:45.682 18939 19017 V RobotCore: nack rec'd mod=3 msg#=185 ref#=0 reason=BATTERY_TOO_LOW_TO_RUN_MOTOR:52
12-28 18:49:45.682 18939 19049 E LynxMotor: exception thrown during lynx communication
12-28 18:49:45.683 18939 19049 E LynxMotor: com.qualcomm.hardware.lynx.LynxNackException: (DQ143RN2 #3) LynxSetMotorChannelEnableCommand: nack received: BATTERY_TOO_LOW_TO_RUN_MOTOR:52
12-28 18:49:45.684 18939 19049 E LynxMotor: 	at com.qualcomm.hardware.lynx.commands.LynxRespondable.throwIfNack(LynxRespondable.java:324)
12-28 18:49:45.684 18939 19049 E LynxMotor: 	at com.qualcomm.hardware.lynx.commands.LynxRespondable.send(LynxRespondable.java:239)
12-28 18:49:45.685 18939 19049 E LynxMotor: 	at com.qualcomm.hardware.lynx.LynxDcMotorController.internalSetMotorEnable(LynxDcMotorController.java:212)
12-28 18:49:45.685 18939 19049 E LynxMotor: 	at com.qualcomm.hardware.lynx.LynxDcMotorController.internalSetMotorPower(LynxDcMotorController.java:500)
12-28 18:49:45.686 18939 19049 E LynxMotor: 	at com.qualcomm.hardware.lynx.LynxDcMotorController.internalSetMotorPower(LynxDcMotorController.java:458)
12-28 18:49:45.686 18939 19049 E LynxMotor: 	at com.qualcomm.hardware.lynx.LynxDcMotorController.setMotorPower(LynxDcMotorController.java:405)
12-28 18:49:45.686 18939 19049 E LynxMotor: 	at com.qualcomm.robotcore.hardware.DcMotorImpl.internalSetPower(DcMotorImpl.java:204)
12-28 18:49:45.687 18939 19049 E LynxMotor: 	at com.qualcomm.robotcore.hardware.DcMotorImpl.setPower(DcMotorImpl.java:200)
12-28 18:49:45.687 18939 19018 V LynxModule: received status: LynxGetModuleStatusResponse(status=0x14 alerts=0x00: FailSafe)
12-28 18:49:45.687 18939 19049 E LynxMotor: 	at org.firstinspires.ftc.teamcode.TechNova2017.MecanumRobot.drive(MecanumRobot.java:695)
12-28 18:49:45.687 18939 19049 E LynxMotor: 	at org.firstinspires.ftc.teamcode.TechNova2017.DriveHelper.drive(DriveHelper.java:123)
12-28 18:49:45.688 18939 19049 E LynxMotor: 	at org.firstinspires.ftc.teamcode.TechNova2017.RelicRecoveryTeleOpsLinear.gamepadLoop(RelicRecoveryTeleOpsLinear.java:226)
12-28 18:49:45.688 18939 19049 E LynxMotor: 	at org.firstinspires.ftc.teamcode.TechNova2017.RelicRecoveryTeleOpsLinear.runOpMode(RelicRecoveryTeleOpsLinear.java:54)
12-28 18:49:45.689 18939 19049 E LynxMotor: 	at com.qualcomm.robotcore.eventloop.opmode.LinearOpMode$LinearOpModeHelper$1.run(LinearOpMode.java:305)
12-28 18:49:45.689 18939 19049 E LynxMotor: 	at com.qualcomm.robotcore.util.ThreadPool.logThreadLifeCycle(ThreadPool.java:709)
12-28 18:49:45.689 18939 19049 E LynxMotor: 	at com.qualcomm.robotcore.eventloop.opmode.LinearOpMode$LinearOpModeHelper.run(LinearOpMode.java:300)
12-28 18:49:45.690 18939 19049 E LynxMotor: 	at java.util.concurrent.ThreadPoolExecutor.runWorker(ThreadPoolExecutor.java:1113)
12-28 18:49:45.690 18939 19049 E LynxMotor: 	at java.util.concurrent.ThreadPoolExecutor$Worker.run(ThreadPoolExecutor.java:588)
12-28 18:49:45.690 18939 19049 E LynxMotor: 	at com.qualcomm.robotcore.util.ThreadPool$ThreadFactoryImpl$1.run(ThreadPool.java:764)
12-28 18:49:45.691 18939 19049 E LynxMotor: 	at java.lang.Thread.run(Thread.java:818)
12-28 18:49:45.699 18939 19017 V RobotCore: nack rec'd mod=3 msg#=189 ref#=0 reason=BATTERY_TOO_LOW_TO_RUN_MOTOR:52
12-28 18:49:45.700 18939 19049 E LynxMotor: exception thrown during lynx communication
12-28 18:49:45.701 18939 19049 E LynxMotor: com.qualcomm.hardware.lynx.LynxNackException: (DQ143RN2 #3) LynxSetMotorChannelEnableCommand: nack received: BATTERY_TOO_LOW_TO_RUN_MOTOR:52
12-28 18:49:45.702 18939 19049 E LynxMotor: 	at com.qualcomm.hardware.lynx.commands.LynxRespondable.throwIfNack(LynxRespondable.java:324)
12-28 18:49:45.702 18939 19049 E LynxMotor: 	at com.qualcomm.hardware.lynx.commands.LynxRespondable.send(LynxRespondable.java:239)
12-28 18:49:45.703 18939 19049 E LynxMotor: 	at com.qualcomm.hardware.lynx.LynxDcMotorController.internalSetMotorEnable(LynxDcMotorController.java:212)
12-28 18:49:45.703 18939 19018 V LynxModule: received status: LynxGetModuleStatusResponse(status=0x14 alerts=0x00: FailSafe)
12-28 18:49:45.703 18939 19049 E LynxMotor: 	at com.qualcomm.hardware.lynx.LynxDcMotorController.internalSetMotorPower(LynxDcMotorController.java:500)
12-28 18:49:45.703 18939 19049 E LynxMotor: 	at com.qualcomm.hardware.lynx.LynxDcMotorController.internalSetMotorPower(LynxDcMotorController.java:458)
12-28 18:49:45.704 18939 19049 E LynxMotor: 	at com.qualcomm.hardware.lynx.LynxDcMotorController.setMotorPower(LynxDcMotorController.java:405)
12-28 18:49:45.704 18939 19049 E LynxMotor: 	at com.qualcomm.robotcore.hardware.DcMotorImpl.internalSetPower(DcMotorImpl.java:204)
12-28 18:49:45.705 18939 19049 E LynxMotor: 	at com.qualcomm.robotcore.hardware.DcMotorImpl.setPower(DcMotorImpl.java:200)
12-28 18:49:45.705 18939 19049 E LynxMotor: 	at org.firstinspires.ftc.teamcode.TechNova2017.MecanumRobot.drive(MecanumRobot.java:696)
12-28 18:49:45.705 18939 19049 E LynxMotor: 	at org.firstinspires.ftc.teamcode.TechNova2017.DriveHelper.drive(DriveHelper.java:123)
12-28 18:49:45.706 18939 19049 E LynxMotor: 	at org.firstinspires.ftc.teamcode.TechNova2017.RelicRecoveryTeleOpsLinear.gamepadLoop(RelicRecoveryTeleOpsLinear.java:226)
12-28 18:49:45.707 18939 19049 E LynxMotor: 	at org.firstinspires.ftc.teamcode.TechNova2017.RelicRecoveryTeleOpsLinear.runOpMode(RelicRecoveryTeleOpsLinear.java:54)
12-28 18:49:45.707 18939 19049 E LynxMotor: 	at com.qualcomm.robotcore.eventloop.opmode.LinearOpMode$LinearOpModeHelper$1.run(LinearOpMode.java:305)
12-28 18:49:45.707 18939 19049 E LynxMotor: 	at com.qualcomm.robotcore.util.ThreadPool.logThreadLifeCycle(ThreadPool.java:709)
12-28 18:49:45.708 18939 19049 E LynxMotor: 	at com.qualcomm.robotcore.eventloop.opmode.LinearOpMode$LinearOpModeHelper.run(LinearOpMode.java:300)
12-28 18:49:45.708 18939 19049 E LynxMotor: 	at java.util.concurrent.ThreadPoolExecutor.runWorker(ThreadPoolExecutor.java:1113)
12-28 18:49:45.709 18939 19049 E LynxMotor: 	at java.util.concurrent.ThreadPoolExecutor$Worker.run(ThreadPoolExecutor.java:588)
12-28 18:49:45.709 18939 19049 E LynxMotor: 	at com.qualcomm.robotcore.util.ThreadPool$ThreadFactoryImpl$1.run(ThreadPool.java:764)
12-28 18:49:45.709 18939 19049 E LynxMotor: 	at java.lang.Thread.run(Thread.java:818)
12-28 18:49:45.721 18939 19019 V LynxModule: received status: LynxGetModuleStatusResponse(status=0x14 alerts=0x00: FailSafe)
12-28 18:49:45.726 18939 19019 V LynxModule: received status: LynxGetModuleStatusResponse(status=0x14 alerts=0x00: FailSafe)
12-28 18:49:45.764 18939 19019 V LynxModule: received status: LynxGetModuleStatusResponse(status=0x14 alerts=0x00: FailSafe)
12-28 18:49:45.768 18939 19019 V LynxModule: received status: LynxGetModuleStatusResponse(status=0x14 alerts=0x00: FailSafe)
12-28 18:49:45.785 18939 19019 V LynxModule: received status: LynxGetModuleStatusResponse(status=0x14 alerts=0x00: FailSafe)
12-28 18:49:45.808 18939 19017 V RobotCore: nack rec'd mod=2 msg#=22 ref#=0 reason=BATTERY_TOO_LOW_TO_RUN_MOTOR:52
12-28 18:49:45.809 18939 19049 E LynxMotor: exception thrown during lynx communication
12-28 18:49:45.810 18939 19049 E LynxMotor: com.qualcomm.hardware.lynx.LynxNackException: (DQ143RN2 #2) LynxSetMotorChannelEnableCommand: nack received: BATTERY_TOO_LOW_TO_RUN_MOTOR:52
12-28 18:49:45.810 18939 19049 E LynxMotor: 	at com.qualcomm.hardware.lynx.commands.LynxRespondable.throwIfNack(LynxRespondable.java:324)
12-28 18:49:45.811 18939 19049 E LynxMotor: 	at com.qualcomm.hardware.lynx.commands.LynxRespondable.send(LynxRespondable.java:239)
12-28 18:49:45.811 18939 19049 E LynxMotor: 	at com.qualcomm.hardware.lynx.LynxDcMotorController.internalSetMotorEnable(LynxDcMotorController.java:212)
12-28 18:49:45.812 18939 19049 E LynxMotor: 	at com.qualcomm.hardware.lynx.LynxDcMotorController.internalSetMotorPower(LynxDcMotorController.java:500)
12-28 18:49:45.812 18939 19049 E LynxMotor: 	at com.qualcomm.hardware.lynx.LynxDcMotorController.setMotorMode(LynxDcMotorController.java:330)
12-28 18:49:45.813 18939 19049 E LynxMotor: 	at com.qualcomm.robotcore.hardware.DcMotorImpl.internalSetMode(DcMotorImpl.java:321)
12-28 18:49:45.813 18939 19049 E LynxMotor: 	at com.qualcomm.robotcore.hardware.DcMotorImpl.setMode(DcMotorImpl.java:317)
12-28 18:49:45.814 18939 19049 E LynxMotor: 	at org.firstinspires.ftc.teamcode.TechNova2017.MecanumRobot.setGlyphLiftToRunEncoderMode(MecanumRobot.java:583)
12-28 18:49:45.814 18939 19049 E LynxMotor: 	at org.firstinspires.ftc.teamcode.TechNova2017.RelicRecoveryTeleOpsLinear.gamepadLoop(RelicRecoveryTeleOpsLinear.java:121)
12-28 18:49:45.816 18939 19049 E LynxMotor: 	at org.firstinspires.ftc.teamcode.TechNova2017.RelicRecoveryTeleOpsLinear.runOpMode(RelicRecoveryTeleOpsLinear.java:54)
12-28 18:49:45.816 18939 19049 E LynxMotor: 	at com.qualcomm.robotcore.eventloop.opmode.LinearOpMode$LinearOpModeHelper$1.run(LinearOpMode.java:305)
12-28 18:49:45.817 18939 19049 E LynxMotor: 	at com.qualcomm.robotcore.util.ThreadPool.logThreadLifeCycle(ThreadPool.java:709)
12-28 18:49:45.817 18939 19049 E LynxMotor: 	at com.qualcomm.robotcore.eventloop.opmode.LinearOpMode$LinearOpModeHelper.run(LinearOpMode.java:300)
12-28 18:49:45.818 18939 19049 E LynxMotor: 	at java.util.concurrent.ThreadPoolExecutor.runWorker(ThreadPoolExecutor.java:1113)
12-28 18:49:45.818 18939 19049 E LynxMotor: 	at java.util.concurrent.ThreadPoolExecutor$Worker.run(ThreadPoolExecutor.java:588)
12-28 18:49:45.819 18939 19019 V LynxModule: received status: LynxGetModuleStatusResponse(status=0x14 alerts=0x00: FailSafe)
12-28 18:49:45.819 18939 19049 E LynxMotor: 	at com.qualcomm.robotcore.util.ThreadPool$ThreadFactoryImpl$1.run(ThreadPool.java:764)
12-28 18:49:45.819 18939 19049 E LynxMotor: 	at java.lang.Thread.run(Thread.java:818)
12-28 18:49:45.823 18939 19019 V LynxModule: received status: LynxGetModuleStatusResponse(status=0x14 alerts=0x00: FailSafe)
12-28 18:49:45.847 18939 19017 V RobotCore: nack rec'd mod=2 msg#=30 ref#=0 reason=BATTERY_TOO_LOW_TO_RUN_MOTOR:52
12-28 18:49:45.849 18939 19049 E LynxMotor: exception thrown during lynx communication
12-28 18:49:45.850 18939 19049 E LynxMotor: com.qualcomm.hardware.lynx.LynxNackException: (DQ143RN2 #2) LynxSetMotorChannelEnableCommand: nack received: BATTERY_TOO_LOW_TO_RUN_MOTOR:52
12-28 18:49:45.850 18939 19049 E LynxMotor: 	at com.qualcomm.hardware.lynx.commands.LynxRespondable.throwIfNack(LynxRespondable.java:324)
12-28 18:49:45.851 18939 19049 E LynxMotor: 	at com.qualcomm.hardware.lynx.commands.LynxRespondable.send(LynxRespondable.java:239)
12-28 18:49:45.852 18939 19049 E LynxMotor: 	at com.qualcomm.hardware.lynx.LynxDcMotorController.internalSetMotorEnable(LynxDcMotorController.java:212)
12-28 18:49:45.852 18939 19049 E LynxMotor: 	at com.qualcomm.hardware.lynx.LynxDcMotorController.internalSetMotorPower(LynxDcMotorController.java:500)
12-28 18:49:45.852 18939 19049 E LynxMotor: 	at com.qualcomm.hardware.lynx.LynxDcMotorController.setMotorMode(LynxDcMotorController.java:330)
12-28 18:49:45.853 18939 19049 E LynxMotor: 	at com.qualcomm.robotcore.hardware.DcMotorImpl.internalSetMode(DcMotorImpl.java:321)
12-28 18:49:45.853 18939 19019 V LynxModule: received status: LynxGetModuleStatusResponse(status=0x14 alerts=0x00: FailSafe)
12-28 18:49:45.853 18939 19049 E LynxMotor: 	at com.qualcomm.robotcore.hardware.DcMotorImpl.setMode(DcMotorImpl.java:317)
12-28 18:49:45.854 18939 19049 E LynxMotor: 	at org.firstinspires.ftc.teamcode.TechNova2017.MecanumRobot.setGlyphLiftToRunEncoderMode(MecanumRobot.java:583)
12-28 18:49:45.855 18939 19049 E LynxMotor: 	at org.firstinspires.ftc.teamcode.TechNova2017.RelicRecoveryTeleOpsLinear.gamepadLoop(RelicRecoveryTeleOpsLinear.java:163)
12-28 18:49:45.855 18939 19049 E LynxMotor: 	at org.firstinspires.ftc.teamcode.TechNova2017.RelicRecoveryTeleOpsLinear.runOpMode(RelicRecoveryTeleOpsLinear.java:54)
12-28 18:49:45.855 18939 19049 E LynxMotor: 	at com.qualcomm.robotcore.eventloop.opmode.LinearOpMode$LinearOpModeHelper$1.run(LinearOpMode.java:305)
12-28 18:49:45.856 18939 19049 E LynxMotor: 	at com.qualcomm.robotcore.util.ThreadPool.logThreadLifeCycle(ThreadPool.java:709)
12-28 18:49:45.856 18939 19049 E LynxMotor: 	at com.qualcomm.robotcore.eventloop.opmode.LinearOpMode$LinearOpModeHelper.run(LinearOpMode.java:300)
12-28 18:49:45.856 18939 19049 E LynxMotor: 	at java.util.concurrent.ThreadPoolExecutor.runWorker(ThreadPoolExecutor.java:1113)
12-28 18:49:45.857 18939 19049 E LynxMotor: 	at java.util.concurrent.ThreadPoolExecutor$Worker.run(ThreadPoolExecutor.java:588)
12-28 18:49:45.857 18939 19049 E LynxMotor: 	at com.qualcomm.robotcore.util.ThreadPool$ThreadFactoryImpl$1.run(ThreadPool.java:764)
12-28 18:49:45.858 18939 19049 E LynxMotor: 	at java.lang.Thread.run(Thread.java:818)
12-28 18:49:45.858 18939 19019 V LynxModule: received status: LynxGetModuleStatusResponse(status=0x14 alerts=0x00: FailSafe)
12-28 18:49:45.871 18939 19019 V LynxModule: received status: LynxGetModuleStatusResponse(status=0x14 alerts=0x00: FailSafe)
12-28 18:49:45.875 18939 19017 V RobotCore: nack rec'd mod=2 msg#=36 ref#=0 reason=BATTERY_TOO_LOW_TO_RUN_MOTOR:52
12-28 18:49:45.875 18939 19049 E LynxMotor: exception thrown during lynx communication
12-28 18:49:45.876 18939 19049 E LynxMotor: com.qualcomm.hardware.lynx.LynxNackException: (DQ143RN2 #2) LynxSetMotorChannelEnableCommand: nack received: BATTERY_TOO_LOW_TO_RUN_MOTOR:52
12-28 18:49:45.877 18939 19049 E LynxMotor: 	at com.qualcomm.hardware.lynx.commands.LynxRespondable.throwIfNack(LynxRespondable.java:324)
12-28 18:49:45.877 18939 19049 E LynxMotor: 	at com.qualcomm.hardware.lynx.commands.LynxRespondable.send(LynxRespondable.java:239)
12-28 18:49:45.877 18939 19049 E LynxMotor: 	at com.qualcomm.hardware.lynx.LynxDcMotorController.internalSetMotorEnable(LynxDcMotorController.java:212)
12-28 18:49:45.878 18939 19049 E LynxMotor: 	at com.qualcomm.hardware.lynx.LynxDcMotorController.internalSetMotorPower(LynxDcMotorController.java:500)
12-28 18:49:45.879 18939 19049 E LynxMotor: 	at com.qualcomm.hardware.lynx.LynxDcMotorController.internalSetMotorPower(LynxDcMotorController.java:458)
12-28 18:49:45.879 18939 19049 E LynxMotor: 	at com.qualcomm.hardware.lynx.LynxDcMotorController.setMotorPower(LynxDcMotorController.java:405)
12-28 18:49:45.880 18939 19049 E LynxMotor: 	at com.qualcomm.robotcore.hardware.DcMotorImpl.internalSetPower(DcMotorImpl.java:204)
12-28 18:49:45.880 18939 19049 E LynxMotor: 	at com.qualcomm.robotcore.hardware.DcMotorImpl.setPower(DcMotorImpl.java:200)
12-28 18:49:45.880 18939 19049 E LynxMotor: 	at org.firstinspires.ftc.teamcode.TechNova2017.MecanumRobot.moveGlyphLift(MecanumRobot.java:416)
12-28 18:49:45.881 18939 19049 E LynxMotor: 	at org.firstinspires.ftc.teamcode.TechNova2017.RelicRecoveryTeleOpsLinear.gamepadLoop(RelicRecoveryTeleOpsLinear.java:164)
12-28 18:49:45.881 18939 19049 E LynxMotor: 	at org.firstinspires.ftc.teamcode.TechNova2017.RelicRecoveryTeleOpsLinear.runOpMode(RelicRecoveryTeleOpsLinear.java:54)
12-28 18:49:45.882 18939 19049 E LynxMotor: 	at com.qualcomm.robotcore.eventloop.opmode.LinearOpMode$LinearOpModeHelper$1.run(LinearOpMode.java:305)
12-28 18:49:45.882 18939 19049 E LynxMotor: 	at com.qualcomm.robotcore.util.ThreadPool.logThreadLifeCycle(ThreadPool.java:709)
12-28 18:49:45.883 18939 19049 E LynxMotor: 	at com.qualcomm.robotcore.eventloop.opmode.LinearOpMode$LinearOpModeHelper.run(LinearOpMode.java:300)
12-28 18:49:45.884 18939 19049 E LynxMotor: 	at java.util.concurrent.ThreadPoolExecutor.runWorker(ThreadPoolExecutor.java:1113)
12-28 18:49:45.884 18939 19049 E LynxMotor: 	at java.util.concurrent.ThreadPoolExecutor$Worker.run(ThreadPoolExecutor.java:588)
12-28 18:49:45.885 18939 19049 E LynxMotor: 	at com.qualcomm.robotcore.util.ThreadPool$ThreadFactoryImpl$1.run(ThreadPool.java:764)
12-28 18:49:45.885 18939 19049 E LynxMotor: 	at java.lang.Thread.run(Thread.java:818)
12-28 18:49:45.897 18939 19017 V RobotCore: nack rec'd mod=2 msg#=39 ref#=0 reason=BATTERY_TOO_LOW_TO_RUN_MOTOR:52
12-28 18:49:45.897 18939 19049 E LynxMotor: exception thrown during lynx communication
12-28 18:49:45.898 18939 19049 E LynxMotor: com.qualcomm.hardware.lynx.LynxNackException: (DQ143RN2 #2) LynxSetMotorChannelEnableCommand: nack received: BATTERY_TOO_LOW_TO_RUN_MOTOR:52
12-28 18:49:45.899 18939 19049 E LynxMotor: 	at com.qualcomm.hardware.lynx.commands.LynxRespondable.throwIfNack(LynxRespondable.java:324)
12-28 18:49:45.900 18939 19049 E LynxMotor: 	at com.qualcomm.hardware.lynx.commands.LynxRespondable.send(LynxRespondable.java:239)
12-28 18:49:45.900 18939 19049 E LynxMotor: 	at com.qualcomm.hardware.lynx.LynxDcMotorController.internalSetMotorEnable(LynxDcMotorController.java:212)
12-28 18:49:45.901 18939 19049 E LynxMotor: 	at com.qualcomm.hardware.lynx.LynxDcMotorController.internalSetMotorPower(LynxDcMotorController.java:500)
12-28 18:49:45.901 18939 19049 E LynxMotor: 	at com.qualcomm.hardware.lynx.LynxDcMotorController.internalSetMotorPower(LynxDcMotorController.java:458)
12-28 18:49:45.901 18939 19019 V LynxModule: received status: LynxGetModuleStatusResponse(status=0x14 alerts=0x00: FailSafe)
12-28 18:49:45.902 18939 19049 E LynxMotor: 	at com.qualcomm.hardware.lynx.LynxDcMotorController.setMotorPower(LynxDcMotorController.java:405)
12-28 18:49:45.902 18939 19049 E LynxMotor: 	at com.qualcomm.robotcore.hardware.DcMotorImpl.internalSetPower(DcMotorImpl.java:204)
12-28 18:49:45.902 18939 19049 E LynxMotor: 	at com.qualcomm.robotcore.hardware.DcMotorImpl.setPower(DcMotorImpl.java:200)
12-28 18:49:45.903 18939 19049 E LynxMotor: 	at org.firstinspires.ftc.teamcode.TechNova2017.MecanumRobot.moveRelicSlider(MecanumRobot.java:1093)
12-28 18:49:45.903 18939 19049 E LynxMotor: 	at org.firstinspires.ftc.teamcode.TechNova2017.RelicRecoveryTeleOpsLinear.gamepadLoop(RelicRecoveryTeleOpsLinear.java:173)
12-28 18:49:45.904 18939 19049 E LynxMotor: 	at org.firstinspires.ftc.teamcode.TechNova2017.RelicRecoveryTeleOpsLinear.runOpMode(RelicRecoveryTeleOpsLinear.java:54)
12-28 18:49:45.905 18939 19049 E LynxMotor: 	at com.qualcomm.robotcore.eventloop.opmode.LinearOpMode$LinearOpModeHelper$1.run(LinearOpMode.java:305)
12-28 18:49:45.905 18939 19049 E LynxMotor: 	at com.qualcomm.robotcore.util.ThreadPool.logThreadLifeCycle(ThreadPool.java:709)
12-28 18:49:45.905 18939 19049 E LynxMotor: 	at com.qualcomm.robotcore.eventloop.opmode.LinearOpMode$LinearOpModeHelper.run(LinearOpMode.java:300)
12-28 18:49:45.906 18939 19049 E LynxMotor: 	at java.util.concurrent.ThreadPoolExecutor.runWorker(ThreadPoolExecutor.java:1113)
12-28 18:49:45.906 18939 19049 E LynxMotor: 	at java.util.concurrent.ThreadPoolExecutor$Worker.run(ThreadPoolExecutor.java:588)
12-28 18:49:45.907 18939 19049 E LynxMotor: 	at com.qualcomm.robotcore.util.ThreadPool$ThreadFactoryImpl$1.run(ThreadPool.java:764)
12-28 18:49:45.907 18939 19049 E LynxMotor: 	at java.lang.Thread.run(Thread.java:818)
12-28 18:49:45.933 18939 19018 V LynxModule: received status: LynxGetModuleStatusResponse(status=0x14 alerts=0x00: FailSafe)
12-28 18:49:45.935 18939 19017 V RobotCore: nack rec'd mod=3 msg#=199 ref#=0 reason=BATTERY_TOO_LOW_TO_RUN_MOTOR:52
12-28 18:49:45.936 18939 19049 E LynxMotor: exception thrown during lynx communication
12-28 18:49:45.937 18939 19049 E LynxMotor: com.qualcomm.hardware.lynx.LynxNackException: (DQ143RN2 #3) LynxSetMotorChannelEnableCommand: nack received: BATTERY_TOO_LOW_TO_RUN_MOTOR:52
12-28 18:49:45.938 18939 19049 E LynxMotor: 	at com.qualcomm.hardware.lynx.commands.LynxRespondable.throwIfNack(LynxRespondable.java:324)
12-28 18:49:45.939 18939 19049 E LynxMotor: 	at com.qualcomm.hardware.lynx.commands.LynxRespondable.send(LynxRespondable.java:239)
12-28 18:49:45.939 18939 19049 E LynxMotor: 	at com.qualcomm.hardware.lynx.LynxDcMotorController.internalSetMotorEnable(LynxDcMotorController.java:212)
12-28 18:49:45.939 18939 19049 E LynxMotor: 	at com.qualcomm.hardware.lynx.LynxDcMotorController.internalSetMotorPower(LynxDcMotorController.java:500)
12-28 18:49:45.940 18939 19049 E LynxMotor: 	at com.qualcomm.hardware.lynx.LynxDcMotorController.internalSetMotorPower(LynxDcMotorController.java:458)
12-28 18:49:45.940 18939 19049 E LynxMotor: 	at com.qualcomm.hardware.lynx.LynxDcMotorController.setMotorPower(LynxDcMotorController.java:405)
12-28 18:49:45.941 18939 19049 E LynxMotor: 	at com.qualcomm.robotcore.hardware.DcMotorImpl.internalSetPower(DcMotorImpl.java:204)
12-28 18:49:45.941 18939 19049 E LynxMotor: 	at com.qualcomm.robotcore.hardware.DcMotorImpl.setPower(DcMotorImpl.java:200)
12-28 18:49:45.941 18939 19049 E LynxMotor: 	at org.firstinspires.ftc.teamcode.TechNova2017.MecanumRobot.drive(MecanumRobot.java:693)
12-28 18:49:45.942 18939 19049 E LynxMotor: 	at org.firstinspires.ftc.teamcode.TechNova2017.DriveHelper.drive(DriveHelper.java:123)
12-28 18:49:45.943 18939 19049 E LynxMotor: 	at org.firstinspires.ftc.teamcode.TechNova2017.RelicRecoveryTeleOpsLinear.gamepadLoop(RelicRecoveryTeleOpsLinear.java:226)
12-28 18:49:45.944 18939 19049 E LynxMotor: 	at org.firstinspires.ftc.teamcode.TechNova2017.RelicRecoveryTeleOpsLinear.runOpMode(RelicRecoveryTeleOpsLinear.java:54)
12-28 18:49:45.944 18939 19049 E LynxMotor: 	at com.qualcomm.robotcore.eventloop.opmode.LinearOpMode$LinearOpModeHelper$1.run(LinearOpMode.java:305)
12-28 18:49:45.944 18939 19049 E LynxMotor: 	at com.qualcomm.robotcore.util.ThreadPool.logThreadLifeCycle(ThreadPool.java:709)
12-28 18:49:45.945 18939 19049 E LynxMotor: 	at com.qualcomm.robotcore.eventloop.opmode.LinearOpMode$LinearOpModeHelper.run(LinearOpMode.java:300)
12-28 18:49:45.945 18939 19049 E LynxMotor: 	at java.util.concurrent.ThreadPoolExecutor.runWorker(ThreadPoolExecutor.java:1113)
12-28 18:49:45.946 18939 19049 E LynxMotor: 	at java.util.concurrent.ThreadPoolExecutor$Worker.run(ThreadPoolExecutor.java:588)
12-28 18:49:45.946 18939 19049 E LynxMotor: 	at com.qualcomm.robotcore.util.ThreadPool$ThreadFactoryImpl$1.run(ThreadPool.java:764)
12-28 18:49:45.946 18939 19049 E LynxMotor: 	at java.lang.Thread.run(Thread.java:818)
12-28 18:49:45.956 18939 19017 V RobotCore: nack rec'd mod=3 msg#=202 ref#=0 reason=BATTERY_TOO_LOW_TO_RUN_MOTOR:52
12-28 18:49:45.957 18939 19049 E LynxMotor: exception thrown during lynx communication
12-28 18:49:45.958 18939 19049 E LynxMotor: com.qualcomm.hardware.lynx.LynxNackException: (DQ143RN2 #3) LynxSetMotorChannelEnableCommand: nack received: BATTERY_TOO_LOW_TO_RUN_MOTOR:52
12-28 18:49:45.959 18939 19049 E LynxMotor: 	at com.qualcomm.hardware.lynx.commands.LynxRespondable.throwIfNack(LynxRespondable.java:324)
12-28 18:49:45.959 18939 19049 E LynxMotor: 	at com.qualcomm.hardware.lynx.commands.LynxRespondable.send(LynxRespondable.java:239)
12-28 18:49:45.960 18939 19049 E LynxMotor: 	at com.qualcomm.hardware.lynx.LynxDcMotorController.internalSetMotorEnable(LynxDcMotorController.java:212)
12-28 18:49:45.960 18939 19018 V LynxModule: received status: LynxGetModuleStatusResponse(status=0x14 alerts=0x00: FailSafe)
12-28 18:49:45.960 18939 19049 E LynxMotor: 	at com.qualcomm.hardware.lynx.LynxDcMotorController.internalSetMotorPower(LynxDcMotorController.java:500)
12-28 18:49:45.961 18939 19049 E LynxMotor: 	at com.qualcomm.hardware.lynx.LynxDcMotorController.internalSetMotorPower(LynxDcMotorController.java:458)
12-28 18:49:45.961 18939 19049 E LynxMotor: 	at com.qualcomm.hardware.lynx.LynxDcMotorController.setMotorPower(LynxDcMotorController.java:405)
12-28 18:49:45.961 18939 19049 E LynxMotor: 	at com.qualcomm.robotcore.hardware.DcMotorImpl.internalSetPower(DcMotorImpl.java:204)
12-28 18:49:45.962 18939 19049 E LynxMotor: 	at com.qualcomm.robotcore.hardware.DcMotorImpl.setPower(DcMotorImpl.java:200)
12-28 18:49:45.962 18939 19049 E LynxMotor: 	at org.firstinspires.ftc.teamcode.TechNova2017.MecanumRobot.drive(MecanumRobot.java:694)
12-28 18:49:45.962 18939 19049 E LynxMotor: 	at org.firstinspires.ftc.teamcode.TechNova2017.DriveHelper.drive(DriveHelper.java:123)
12-28 18:49:45.963 18939 19049 E LynxMotor: 	at org.firstinspires.ftc.teamcode.TechNova2017.RelicRecoveryTeleOpsLinear.gamepadLoop(RelicRecoveryTeleOpsLinear.java:226)
12-28 18:49:45.963 18939 19049 E LynxMotor: 	at org.firstinspires.ftc.teamcode.TechNova2017.RelicRecoveryTeleOpsLinear.runOpMode(RelicRecoveryTeleOpsLinear.java:54)
12-28 18:49:45.963 18939 19049 E LynxMotor: 	at com.qualcomm.robotcore.eventloop.opmode.LinearOpMode$LinearOpModeHelper$1.run(LinearOpMode.java:305)
12-28 18:49:45.964 18939 19049 E LynxMotor: 	at com.qualcomm.robotcore.util.ThreadPool.logThreadLifeCycle(ThreadPool.java:709)
12-28 18:49:45.964 18939 19049 E LynxMotor: 	at com.qualcomm.robotcore.eventloop.opmode.LinearOpMode$LinearOpModeHelper.run(LinearOpMode.java:300)
12-28 18:49:45.964 18939 19049 E LynxMotor: 	at java.util.concurrent.ThreadPoolExecutor.runWorker(ThreadPoolExecutor.java:1113)
12-28 18:49:45.965 18939 19049 E LynxMotor: 	at java.util.concurrent.ThreadPoolExecutor$Worker.run(ThreadPoolExecutor.java:588)
12-28 18:49:45.965 18939 19049 E LynxMotor: 	at com.qualcomm.robotcore.util.ThreadPool$ThreadFactoryImpl$1.run(ThreadPool.java:764)
12-28 18:49:45.965 18939 19049 E LynxMotor: 	at java.lang.Thread.run(Thread.java:818)
12-28 18:49:45.975 18939 19018 V LynxModule: received status: LynxGetModuleStatusResponse(status=0x14 alerts=0x00: FailSafe)
12-28 18:49:45.978 18939 19017 V RobotCore: nack rec'd mod=3 msg#=207 ref#=0 reason=BATTERY_TOO_LOW_TO_RUN_MOTOR:52
12-28 18:49:45.978 18939 19049 E LynxMotor: exception thrown during lynx communication
12-28 18:49:45.979 18939 19049 E LynxMotor: com.qualcomm.hardware.lynx.LynxNackException: (DQ143RN2 #3) LynxSetMotorChannelEnableCommand: nack received: BATTERY_TOO_LOW_TO_RUN_MOTOR:52
12-28 18:49:45.979 18939 19049 E LynxMotor: 	at com.qualcomm.hardware.lynx.commands.LynxRespondable.throwIfNack(LynxRespondable.java:324)
12-28 18:49:45.980 18939 19049 E LynxMotor: 	at com.qualcomm.hardware.lynx.commands.LynxRespondable.send(LynxRespondable.java:239)
12-28 18:49:45.980 18939 19049 E LynxMotor: 	at com.qualcomm.hardware.lynx.LynxDcMotorController.internalSetMotorEnable(LynxDcMotorController.java:212)
12-28 18:49:45.980 18939 19049 E LynxMotor: 	at com.qualcomm.hardware.lynx.LynxDcMotorController.internalSetMotorPower(LynxDcMotorController.java:500)
12-28 18:49:45.981 18939 19049 E LynxMotor: 	at com.qualcomm.hardware.lynx.LynxDcMotorController.internalSetMotorPower(LynxDcMotorController.java:458)
12-28 18:49:45.981 18939 19049 E LynxMotor: 	at com.qualcomm.hardware.lynx.LynxDcMotorController.setMotorPower(LynxDcMotorController.java:405)
12-28 18:49:45.981 18939 19049 E LynxMotor: 	at com.qualcomm.robotcore.hardware.DcMotorImpl.internalSetPower(DcMotorImpl.java:204)
12-28 18:49:45.982 18939 19049 E LynxMotor: 	at com.qualcomm.robotcore.hardware.DcMotorImpl.setPower(DcMotorImpl.java:200)
12-28 18:49:45.982 18939 19049 E LynxMotor: 	at org.firstinspires.ftc.teamcode.TechNova2017.MecanumRobot.drive(MecanumRobot.java:695)
12-28 18:49:45.982 18939 19049 E LynxMotor: 	at org.firstinspires.ftc.teamcode.TechNova2017.DriveHelper.drive(DriveHelper.java:123)
12-28 18:49:45.983 18939 19049 E LynxMotor: 	at org.firstinspires.ftc.teamcode.TechNova2017.RelicRecoveryTeleOpsLinear.gamepadLoop(RelicRecoveryTeleOpsLinear.java:226)
12-28 18:49:45.983 18939 19049 E LynxMotor: 	at org.firstinspires.ftc.teamcode.TechNova2017.RelicRecoveryTeleOpsLinear.runOpMode(RelicRecoveryTeleOpsLinear.java:54)
12-28 18:49:45.983 18939 19049 E LynxMotor: 	at com.qualcomm.robotcore.eventloop.opmode.LinearOpMode$LinearOpModeHelper$1.run(LinearOpMode.java:305)
12-28 18:49:45.984 18939 19049 E LynxMotor: 	at com.qualcomm.robotcore.util.ThreadPool.logThreadLifeCycle(ThreadPool.java:709)
12-28 18:49:45.984 18939 19049 E LynxMotor: 	at com.qualcomm.robotcore.eventloop.opmode.LinearOpMode$LinearOpModeHelper.run(LinearOpMode.java:300)
12-28 18:49:45.985 18939 19049 E LynxMotor: 	at java.util.concurrent.ThreadPoolExecutor.runWorker(ThreadPoolExecutor.java:1113)
12-28 18:49:45.985 18939 19049 E LynxMotor: 	at java.util.concurrent.ThreadPoolExecutor$Worker.run(ThreadPoolExecutor.java:588)
12-28 18:49:45.986 18939 19049 E LynxMotor: 	at com.qualcomm.robotcore.util.ThreadPool$ThreadFactoryImpl$1.run(ThreadPool.java:764)
12-28 18:49:45.986 18939 19049 E LynxMotor: 	at java.lang.Thread.run(Thread.java:818)
12-28 18:49:45.995 18939 19017 V RobotCore: nack rec'd mod=3 msg#=210 ref#=0 reason=BATTERY_TOO_LOW_TO_RUN_MOTOR:52
12-28 18:49:45.995 18939 19049 E LynxMotor: exception thrown during lynx communication
12-28 18:49:45.996 18939 19049 E LynxMotor: com.qualcomm.hardware.lynx.LynxNackException: (DQ143RN2 #3) LynxSetMotorChannelEnableCommand: nack received: BATTERY_TOO_LOW_TO_RUN_MOTOR:52
12-28 18:49:45.996 18939 19049 E LynxMotor: 	at com.qualcomm.hardware.lynx.commands.LynxRespondable.throwIfNack(LynxRespondable.java:324)
12-28 18:49:45.997 18939 19049 E LynxMotor: 	at com.qualcomm.hardware.lynx.commands.LynxRespondable.send(LynxRespondable.java:239)
12-28 18:49:45.997 18939 19049 E LynxMotor: 	at com.qualcomm.hardware.lynx.LynxDcMotorController.internalSetMotorEnable(LynxDcMotorController.java:212)
12-28 18:49:45.997 18939 19049 E LynxMotor: 	at com.qualcomm.hardware.lynx.LynxDcMotorController.internalSetMotorPower(LynxDcMotorController.java:500)
12-28 18:49:45.998 18939 19049 E LynxMotor: 	at com.qualcomm.hardware.lynx.LynxDcMotorController.internalSetMotorPower(LynxDcMotorController.java:458)
12-28 18:49:45.998 18939 19049 E LynxMotor: 	at com.qualcomm.hardware.lynx.LynxDcMotorController.setMotorPower(LynxDcMotorController.java:405)
12-28 18:49:45.998 18939 19049 E LynxMotor: 	at com.qualcomm.robotcore.hardware.DcMotorImpl.internalSetPower(DcMotorImpl.java:204)
12-28 18:49:45.999 18939 19049 E LynxMotor: 	at com.qualcomm.robotcore.hardware.DcMotorImpl.setPower(DcMotorImpl.java:200)
12-28 18:49:45.999 18939 19018 V LynxModule: received status: LynxGetModuleStatusResponse(status=0x14 alerts=0x00: FailSafe)
12-28 18:49:45.999 18939 19049 E LynxMotor: 	at org.firstinspires.ftc.teamcode.TechNova2017.MecanumRobot.drive(MecanumRobot.java:696)
12-28 18:49:45.999 18939 19049 E LynxMotor: 	at org.firstinspires.ftc.teamcode.TechNova2017.DriveHelper.drive(DriveHelper.java:123)
12-28 18:49:45.999 18939 19049 E LynxMotor: 	at org.firstinspires.ftc.teamcode.TechNova2017.RelicRecoveryTeleOpsLinear.gamepadLoop(RelicRecoveryTeleOpsLinear.java:226)
12-28 18:49:46.000 18939 19049 E LynxMotor: 	at org.firstinspires.ftc.teamcode.TechNova2017.RelicRecoveryTeleOpsLinear.runOpMode(RelicRecoveryTeleOpsLinear.java:54)
12-28 18:49:46.000 18939 19049 E LynxMotor: 	at com.qualcomm.robotcore.eventloop.opmode.LinearOpMode$LinearOpModeHelper$1.run(LinearOpMode.java:305)
12-28 18:49:46.000 18939 19049 E LynxMotor: 	at com.qualcomm.robotcore.util.ThreadPool.logThreadLifeCycle(ThreadPool.java:709)
12-28 18:49:46.001 18939 19049 E LynxMotor: 	at com.qualcomm.robotcore.eventloop.opmode.LinearOpMode$LinearOpModeHelper.run(LinearOpMode.java:300)
12-28 18:49:46.001 18939 19049 E LynxMotor: 	at java.util.concurrent.ThreadPoolExecutor.runWorker(ThreadPoolExecutor.java:1113)
12-28 18:49:46.002 18939 19049 E LynxMotor: 	at java.util.concurrent.ThreadPoolExecutor$Worker.run(ThreadPoolExecutor.java:588)
12-28 18:49:46.002 18939 19049 E LynxMotor: 	at com.qualcomm.robotcore.util.ThreadPool$ThreadFactoryImpl$1.run(ThreadPool.java:764)
12-28 18:49:46.002 18939 19049 E LynxMotor: 	at java.lang.Thread.run(Thread.java:818)
12-28 18:49:46.025 18939 19019 V LynxModule: received status: LynxGetModuleStatusResponse(status=0x14 alerts=0x00: FailSafe)
12-28 18:49:46.067 18939 19019 V LynxModule: received status: LynxGetModuleStatusResponse(status=0x14 alerts=0x00: FailSafe)
12-28 18:49:46.071 18939 19019 V LynxModule: received status: LynxGetModuleStatusResponse(status=0x14 alerts=0x00: FailSafe)
12-28 18:49:46.097 18939 19019 V LynxModule: received status: LynxGetModuleStatusResponse(status=0x14 alerts=0x00: FailSafe)
12-28 18:49:46.101 18939 19019 V LynxModule: received status: LynxGetModuleStatusResponse(status=0x14 alerts=0x00: FailSafe)
12-28 18:49:46.106 18939 19017 V RobotCore: nack rec'd mod=2 msg#=62 ref#=0 reason=BATTERY_TOO_LOW_TO_RUN_MOTOR:52
12-28 18:49:46.106 18939 19049 E LynxMotor: exception thrown during lynx communication
12-28 18:49:46.107 18939 19049 E LynxMotor: com.qualcomm.hardware.lynx.LynxNackException: (DQ143RN2 #2) LynxSetMotorChannelEnableCommand: nack received: BATTERY_TOO_LOW_TO_RUN_MOTOR:52
12-28 18:49:46.108 18939 19049 E LynxMotor: 	at com.qualcomm.hardware.lynx.commands.LynxRespondable.throwIfNack(LynxRespondable.java:324)
12-28 18:49:46.108 18939 19049 E LynxMotor: 	at com.qualcomm.hardware.lynx.commands.LynxRespondable.send(LynxRespondable.java:239)
12-28 18:49:46.108 18939 19049 E LynxMotor: 	at com.qualcomm.hardware.lynx.LynxDcMotorController.internalSetMotorEnable(LynxDcMotorController.java:212)
12-28 18:49:46.109 18939 19049 E LynxMotor: 	at com.qualcomm.hardware.lynx.LynxDcMotorController.internalSetMotorPower(LynxDcMotorController.java:500)
12-28 18:49:46.109 18939 19049 E LynxMotor: 	at com.qualcomm.hardware.lynx.LynxDcMotorController.setMotorMode(LynxDcMotorController.java:330)
12-28 18:49:46.110 18939 19049 E LynxMotor: 	at com.qualcomm.robotcore.hardware.DcMotorImpl.internalSetMode(DcMotorImpl.java:321)
12-28 18:49:46.110 18939 19049 E LynxMotor: 	at com.qualcomm.robotcore.hardware.DcMotorImpl.setMode(DcMotorImpl.java:317)
12-28 18:49:46.111 18939 19049 E LynxMotor: 	at org.firstinspires.ftc.teamcode.TechNova2017.MecanumRobot.setGlyphLiftToRunEncoderMode(MecanumRobot.java:583)
12-28 18:49:46.111 18939 19049 E LynxMotor: 	at org.firstinspires.ftc.teamcode.TechNova2017.RelicRecoveryTeleOpsLinear.gamepadLoop(RelicRecoveryTeleOpsLinear.java:121)
12-28 18:49:46.112 18939 19049 E LynxMotor: 	at org.firstinspires.ftc.teamcode.TechNova2017.RelicRecoveryTeleOpsLinear.runOpMode(RelicRecoveryTeleOpsLinear.java:54)
12-28 18:49:46.112 18939 19049 E LynxMotor: 	at com.qualcomm.robotcore.eventloop.opmode.LinearOpMode$LinearOpModeHelper$1.run(LinearOpMode.java:305)
12-28 18:49:46.113 18939 19049 E LynxMotor: 	at com.qualcomm.robotcore.util.ThreadPool.logThreadLifeCycle(ThreadPool.java:709)
12-28 18:49:46.113 18939 19049 E LynxMotor: 	at com.qualcomm.robotcore.eventloop.opmode.LinearOpMode$LinearOpModeHelper.run(LinearOpMode.java:300)
12-28 18:49:46.113 18939 19049 E LynxMotor: 	at java.util.concurrent.ThreadPoolExecutor.runWorker(ThreadPoolExecutor.java:1113)
12-28 18:49:46.114 18939 19049 E LynxMotor: 	at java.util.concurrent.ThreadPoolExecutor$Worker.run(ThreadPoolExecutor.java:588)
12-28 18:49:46.114 18939 19049 E LynxMotor: 	at com.qualcomm.robotcore.util.ThreadPool$ThreadFactoryImpl$1.run(ThreadPool.java:764)
12-28 18:49:46.115 18939 19049 E LynxMotor: 	at java.lang.Thread.run(Thread.java:818)
12-28 18:49:46.139 18939 19017 V RobotCore: nack rec'd mod=2 msg#=68 ref#=0 reason=BATTERY_TOO_LOW_TO_RUN_MOTOR:52
12-28 18:49:46.140 18939 19049 E LynxMotor: exception thrown during lynx communication
12-28 18:49:46.141 18939 19049 E LynxMotor: com.qualcomm.hardware.lynx.LynxNackException: (DQ143RN2 #2) LynxSetMotorChannelEnableCommand: nack received: BATTERY_TOO_LOW_TO_RUN_MOTOR:52
12-28 18:49:46.142 18939 19049 E LynxMotor: 	at com.qualcomm.hardware.lynx.commands.LynxRespondable.throwIfNack(LynxRespondable.java:324)
12-28 18:49:46.142 18939 19049 E LynxMotor: 	at com.qualcomm.hardware.lynx.commands.LynxRespondable.send(LynxRespondable.java:239)
12-28 18:49:46.143 18939 19049 E LynxMotor: 	at com.qualcomm.hardware.lynx.LynxDcMotorController.internalSetMotorEnable(LynxDcMotorController.java:212)
12-28 18:49:46.144 18939 19019 V LynxModule: received status: LynxGetModuleStatusResponse(status=0x14 alerts=0x00: FailSafe)
12-28 18:49:46.144 18939 19049 E LynxMotor: 	at com.qualcomm.hardware.lynx.LynxDcMotorController.internalSetMotorPower(LynxDcMotorController.java:500)
12-28 18:49:46.145 18939 19049 E LynxMotor: 	at com.qualcomm.hardware.lynx.LynxDcMotorController.setMotorMode(LynxDcMotorController.java:330)
12-28 18:49:46.145 18939 19049 E LynxMotor: 	at com.qualcomm.robotcore.hardware.DcMotorImpl.internalSetMode(DcMotorImpl.java:321)
12-28 18:49:46.146 18939 19049 E LynxMotor: 	at com.qualcomm.robotcore.hardware.DcMotorImpl.setMode(DcMotorImpl.java:317)
12-28 18:49:46.146 18939 19049 E LynxMotor: 	at org.firstinspires.ftc.teamcode.TechNova2017.MecanumRobot.setGlyphLiftToRunEncoderMode(MecanumRobot.java:583)
12-28 18:49:46.147 18939 19049 E LynxMotor: 	at org.firstinspires.ftc.teamcode.TechNova2017.RelicRecoveryTeleOpsLinear.gamepadLoop(RelicRecoveryTeleOpsLinear.java:163)
12-28 18:49:46.147 18939 19049 E LynxMotor: 	at org.firstinspires.ftc.teamcode.TechNova2017.RelicRecoveryTeleOpsLinear.runOpMode(RelicRecoveryTeleOpsLinear.java:54)
12-28 18:49:46.148 18939 19019 V LynxModule: received status: LynxGetModuleStatusResponse(status=0x14 alerts=0x00: FailSafe)
12-28 18:49:46.148 18939 19049 E LynxMotor: 	at com.qualcomm.robotcore.eventloop.opmode.LinearOpMode$LinearOpModeHelper$1.run(LinearOpMode.java:305)
12-28 18:49:46.149 18939 19049 E LynxMotor: 	at com.qualcomm.robotcore.util.ThreadPool.logThreadLifeCycle(ThreadPool.java:709)
12-28 18:49:46.150 18939 19049 E LynxMotor: 	at com.qualcomm.robotcore.eventloop.opmode.LinearOpMode$LinearOpModeHelper.run(LinearOpMode.java:300)
12-28 18:49:46.150 18939 19049 E LynxMotor: 	at java.util.concurrent.ThreadPoolExecutor.runWorker(ThreadPoolExecutor.java:1113)
12-28 18:49:46.151 18939 19049 E LynxMotor: 	at java.util.concurrent.ThreadPoolExecutor$Worker.run(ThreadPoolExecutor.java:588)
12-28 18:49:46.152 18939 19049 E LynxMotor: 	at com.qualcomm.robotcore.util.ThreadPool$ThreadFactoryImpl$1.run(ThreadPool.java:764)
12-28 18:49:46.152 18939 19049 E LynxMotor: 	at java.lang.Thread.run(Thread.java:818)
12-28 18:49:46.164 18939 19017 V RobotCore: nack rec'd mod=2 msg#=73 ref#=0 reason=BATTERY_TOO_LOW_TO_RUN_MOTOR:52
12-28 18:49:46.165 18939 19049 E LynxMotor: exception thrown during lynx communication
12-28 18:49:46.166 18939 19049 E LynxMotor: com.qualcomm.hardware.lynx.LynxNackException: (DQ143RN2 #2) LynxSetMotorChannelEnableCommand: nack received: BATTERY_TOO_LOW_TO_RUN_MOTOR:52
12-28 18:49:46.167 18939 19049 E LynxMotor: 	at com.qualcomm.hardware.lynx.commands.LynxRespondable.throwIfNack(LynxRespondable.java:324)
12-28 18:49:46.168 18939 19049 E LynxMotor: 	at com.qualcomm.hardware.lynx.commands.LynxRespondable.send(LynxRespondable.java:239)
12-28 18:49:46.168 18939 19049 E LynxMotor: 	at com.qualcomm.hardware.lynx.LynxDcMotorController.internalSetMotorEnable(LynxDcMotorController.java:212)
12-28 18:49:46.169 18939 19019 V LynxModule: received status: LynxGetModuleStatusResponse(status=0x14 alerts=0x00: FailSafe)
12-28 18:49:46.169 18939 19049 E LynxMotor: 	at com.qualcomm.hardware.lynx.LynxDcMotorController.internalSetMotorPower(LynxDcMotorController.java:500)
12-28 18:49:46.170 18939 19049 E LynxMotor: 	at com.qualcomm.hardware.lynx.LynxDcMotorController.internalSetMotorPower(LynxDcMotorController.java:458)
12-28 18:49:46.170 18939 19049 E LynxMotor: 	at com.qualcomm.hardware.lynx.LynxDcMotorController.setMotorPower(LynxDcMotorController.java:405)
12-28 18:49:46.171 18939 19049 E LynxMotor: 	at com.qualcomm.robotcore.hardware.DcMotorImpl.internalSetPower(DcMotorImpl.java:204)
12-28 18:49:46.171 18939 19049 E LynxMotor: 	at com.qualcomm.robotcore.hardware.DcMotorImpl.setPower(DcMotorImpl.java:200)
12-28 18:49:46.172 18939 19049 E LynxMotor: 	at org.firstinspires.ftc.teamcode.TechNova2017.MecanumRobot.moveGlyphLift(MecanumRobot.java:416)
12-28 18:49:46.172 18939 19049 E LynxMotor: 	at org.firstinspires.ftc.teamcode.TechNova2017.RelicRecoveryTeleOpsLinear.gamepadLoop(RelicRecoveryTeleOpsLinear.java:164)
12-28 18:49:46.173 18939 19049 E LynxMotor: 	at org.firstinspires.ftc.teamcode.TechNova2017.RelicRecoveryTeleOpsLinear.runOpMode(RelicRecoveryTeleOpsLinear.java:54)
12-28 18:49:46.174 18939 19049 E LynxMotor: 	at com.qualcomm.robotcore.eventloop.opmode.LinearOpMode$LinearOpModeHelper$1.run(LinearOpMode.java:305)
12-28 18:49:46.175 18939 19049 E LynxMotor: 	at com.qualcomm.robotcore.util.ThreadPool.logThreadLifeCycle(ThreadPool.java:709)
12-28 18:49:46.175 18939 19049 E LynxMotor: 	at com.qualcomm.robotcore.eventloop.opmode.LinearOpMode$LinearOpModeHelper.run(LinearOpMode.java:300)
12-28 18:49:46.176 18939 19049 E LynxMotor: 	at java.util.concurrent.ThreadPoolExecutor.runWorker(ThreadPoolExecutor.java:1113)
12-28 18:49:46.176 18939 19049 E LynxMotor: 	at java.util.concurrent.ThreadPoolExecutor$Worker.run(ThreadPoolExecutor.java:588)
12-28 18:49:46.177 18939 19049 E LynxMotor: 	at com.qualcomm.robotcore.util.ThreadPool$ThreadFactoryImpl$1.run(ThreadPool.java:764)
12-28 18:49:46.177 18939 19049 E LynxMotor: 	at java.lang.Thread.run(Thread.java:818)
12-28 18:49:46.191 18939 19019 V LynxModule: received status: LynxGetModuleStatusResponse(status=0x14 alerts=0x00: FailSafe)
12-28 18:49:46.195 18939 19017 V RobotCore: nack rec'd mod=2 msg#=78 ref#=0 reason=BATTERY_TOO_LOW_TO_RUN_MOTOR:52
12-28 18:49:46.197 18939 19049 E LynxMotor: exception thrown during lynx communication
12-28 18:49:46.198 18939 19049 E LynxMotor: com.qualcomm.hardware.lynx.LynxNackException: (DQ143RN2 #2) LynxSetMotorChannelEnableCommand: nack received: BATTERY_TOO_LOW_TO_RUN_MOTOR:52
12-28 18:49:46.200 18939 19049 E LynxMotor: 	at com.qualcomm.hardware.lynx.commands.LynxRespondable.throwIfNack(LynxRespondable.java:324)
12-28 18:49:46.200 18939 19049 E LynxMotor: 	at com.qualcomm.hardware.lynx.commands.LynxRespondable.send(LynxRespondable.java:239)
