12-28 18:49:49.683 18939 19049 E LynxMotor: 	at com.qualcomm.robotcore.util.ThreadPool$ThreadFactoryImpl$1.run(ThreadPool.java:764)
12-28 18:49:49.683 18939 19049 E LynxMotor: 	at java.lang.Thread.run(Thread.java:818)
12-28 18:49:49.697 18939 19017 V RobotCore: nack rec'd mod=2 msg#=40 ref#=0 reason=BATTERY_TOO_LOW_TO_RUN_MOTOR:52
12-28 18:49:49.698 18939 19049 E LynxMotor: exception thrown during lynx communication
12-28 18:49:49.700 18939 19049 E LynxMotor: com.qualcomm.hardware.lynx.LynxNackException: (DQ143RN2 #2) LynxSetMotorChannelEnableCommand: nack received: BATTERY_TOO_LOW_TO_RUN_MOTOR:52
12-28 18:49:49.701 18939 19049 E LynxMotor: 	at com.qualcomm.hardware.lynx.commands.LynxRespondable.throwIfNack(LynxRespondable.java:324)
12-28 18:49:49.701 18939 19049 E LynxMotor: 	at com.qualcomm.hardware.lynx.commands.LynxRespondable.send(LynxRespondable.java:239)
12-28 18:49:49.702 18939 19049 E LynxMotor: 	at com.qualcomm.hardware.lynx.LynxDcMotorController.internalSetMotorEnable(LynxDcMotorController.java:212)
12-28 18:49:49.702 18939 19049 E LynxMotor: 	at com.qualcomm.hardware.lynx.LynxDcMotorController.internalSetMotorPower(LynxDcMotorController.java:500)
12-28 18:49:49.703 18939 19049 E LynxMotor: 	at com.qualcomm.hardware.lynx.LynxDcMotorController.internalSetMotorPower(LynxDcMotorController.java:458)
12-28 18:49:49.703 18939 19049 E LynxMotor: 	at com.qualcomm.hardware.lynx.LynxDcMotorController.setMotorPower(LynxDcMotorController.java:405)
12-28 18:49:49.704 18939 19019 V LynxModule: received status: LynxGetModuleStatusResponse(status=0x14 alerts=0x00: FailSafe)
12-28 18:49:49.704 18939 19049 E LynxMotor: 	at com.qualcomm.robotcore.hardware.DcMotorImpl.internalSetPower(DcMotorImpl.java:204)
12-28 18:49:49.704 18939 19049 E LynxMotor: 	at com.qualcomm.robotcore.hardware.DcMotorImpl.setPower(DcMotorImpl.java:200)
12-28 18:49:49.705 18939 19049 E LynxMotor: 	at org.firstinspires.ftc.teamcode.TechNova2017.MecanumRobot.moveRelicSlider(MecanumRobot.java:1093)
12-28 18:49:49.705 18939 19049 E LynxMotor: 	at org.firstinspires.ftc.teamcode.TechNova2017.RelicRecoveryTeleOpsLinear.gamepadLoop(RelicRecoveryTeleOpsLinear.java:173)
12-28 18:49:49.706 18939 19049 E LynxMotor: 	at org.firstinspires.ftc.teamcode.TechNova2017.RelicRecoveryTeleOpsLinear.runOpMode(RelicRecoveryTeleOpsLinear.java:54)
12-28 18:49:49.706 18939 19049 E LynxMotor: 	at com.qualcomm.robotcore.eventloop.opmode.LinearOpMode$LinearOpModeHelper$1.run(LinearOpMode.java:305)
12-28 18:49:49.706 18939 19049 E LynxMotor: 	at com.qualcomm.robotcore.util.ThreadPool.logThreadLifeCycle(ThreadPool.java:709)
12-28 18:49:49.707 18939 19049 E LynxMotor: 	at com.qualcomm.robotcore.eventloop.opmode.LinearOpMode$LinearOpModeHelper.run(LinearOpMode.java:300)
12-28 18:49:49.707 18939 19049 E LynxMotor: 	at java.util.concurrent.ThreadPoolExecutor.runWorker(ThreadPoolExecutor.java:1113)
12-28 18:49:49.708 18939 19049 E LynxMotor: 	at java.util.concurrent.ThreadPoolExecutor$Worker.run(ThreadPoolExecutor.java:588)
12-28 18:49:49.708 18939 19049 E LynxMotor: 	at com.qualcomm.robotcore.util.ThreadPool$ThreadFactoryImpl$1.run(ThreadPool.java:764)
12-28 18:49:49.709 18939 19049 E LynxMotor: 	at java.lang.Thread.run(Thread.java:818)
12-28 18:49:49.739 18939 19017 V RobotCore: nack rec'd mod=3 msg#=217 ref#=0 reason=BATTERY_TOO_LOW_TO_RUN_MOTOR:52
12-28 18:49:49.740 18939 19049 E LynxMotor: exception thrown during lynx communication
12-28 18:49:49.741 18939 19049 E LynxMotor: com.qualcomm.hardware.lynx.LynxNackException: (DQ143RN2 #3) LynxSetMotorChannelEnableCommand: nack received: BATTERY_TOO_LOW_TO_RUN_MOTOR:52
12-28 18:49:49.742 18939 19049 E LynxMotor: 	at com.qualcomm.hardware.lynx.commands.LynxRespondable.throwIfNack(LynxRespondable.java:324)
12-28 18:49:49.743 18939 19049 E LynxMotor: 	at com.qualcomm.hardware.lynx.commands.LynxRespondable.send(LynxRespondable.java:239)
12-28 18:49:49.743 18939 19049 E LynxMotor: 	at com.qualcomm.hardware.lynx.LynxDcMotorController.internalSetMotorEnable(LynxDcMotorController.java:212)
12-28 18:49:49.744 18939 19049 E LynxMotor: 	at com.qualcomm.hardware.lynx.LynxDcMotorController.internalSetMotorPower(LynxDcMotorController.java:500)
12-28 18:49:49.744 18939 19018 V LynxModule: received status: LynxGetModuleStatusResponse(status=0x14 alerts=0x00: FailSafe)
12-28 18:49:49.745 18939 19049 E LynxMotor: 	at com.qualcomm.hardware.lynx.LynxDcMotorController.internalSetMotorPower(LynxDcMotorController.java:458)
12-28 18:49:49.745 18939 19049 E LynxMotor: 	at com.qualcomm.hardware.lynx.LynxDcMotorController.setMotorPower(LynxDcMotorController.java:405)
12-28 18:49:49.745 18939 19049 E LynxMotor: 	at com.qualcomm.robotcore.hardware.DcMotorImpl.internalSetPower(DcMotorImpl.java:204)
12-28 18:49:49.746 18939 19049 E LynxMotor: 	at com.qualcomm.robotcore.hardware.DcMotorImpl.setPower(DcMotorImpl.java:200)
12-28 18:49:49.746 18939 19049 E LynxMotor: 	at org.firstinspires.ftc.teamcode.TechNova2017.MecanumRobot.drive(MecanumRobot.java:693)
12-28 18:49:49.747 18939 19049 E LynxMotor: 	at org.firstinspires.ftc.teamcode.TechNova2017.DriveHelper.drive(DriveHelper.java:123)
12-28 18:49:49.747 18939 19049 E LynxMotor: 	at org.firstinspires.ftc.teamcode.TechNova2017.RelicRecoveryTeleOpsLinear.gamepadLoop(RelicRecoveryTeleOpsLinear.java:226)
12-28 18:49:49.748 18939 19049 E LynxMotor: 	at org.firstinspires.ftc.teamcode.TechNova2017.RelicRecoveryTeleOpsLinear.runOpMode(RelicRecoveryTeleOpsLinear.java:54)
12-28 18:49:49.749 18939 19049 E LynxMotor: 	at com.qualcomm.robotcore.eventloop.opmode.LinearOpMode$LinearOpModeHelper$1.run(LinearOpMode.java:305)
12-28 18:49:49.749 18939 19049 E LynxMotor: 	at com.qualcomm.robotcore.util.ThreadPool.logThreadLifeCycle(ThreadPool.java:709)
12-28 18:49:49.750 18939 19049 E LynxMotor: 	at com.qualcomm.robotcore.eventloop.opmode.LinearOpMode$LinearOpModeHelper.run(LinearOpMode.java:300)
12-28 18:49:49.750 18939 19049 E LynxMotor: 	at java.util.concurrent.ThreadPoolExecutor.runWorker(ThreadPoolExecutor.java:1113)
12-28 18:49:49.751 18939 19049 E LynxMotor: 	at java.util.concurrent.ThreadPoolExecutor$Worker.run(ThreadPoolExecutor.java:588)
12-28 18:49:49.752 18939 19049 E LynxMotor: 	at com.qualcomm.robotcore.util.ThreadPool$ThreadFactoryImpl$1.run(ThreadPool.java:764)
12-28 18:49:49.752 18939 19049 E LynxMotor: 	at java.lang.Thread.run(Thread.java:818)
12-28 18:49:49.763 18939 19017 V RobotCore: nack rec'd mod=3 msg#=221 ref#=0 reason=BATTERY_TOO_LOW_TO_RUN_MOTOR:52
12-28 18:49:49.764 18939 19049 E LynxMotor: exception thrown during lynx communication
12-28 18:49:49.766 18939 19049 E LynxMotor: com.qualcomm.hardware.lynx.LynxNackException: (DQ143RN2 #3) LynxSetMotorChannelEnableCommand: nack received: BATTERY_TOO_LOW_TO_RUN_MOTOR:52
12-28 18:49:49.767 18939 19049 E LynxMotor: 	at com.qualcomm.hardware.lynx.commands.LynxRespondable.throwIfNack(LynxRespondable.java:324)
12-28 18:49:49.768 18939 19049 E LynxMotor: 	at com.qualcomm.hardware.lynx.commands.LynxRespondable.send(LynxRespondable.java:239)
12-28 18:49:49.769 18939 19049 E LynxMotor: 	at com.qualcomm.hardware.lynx.LynxDcMotorController.internalSetMotorEnable(LynxDcMotorController.java:212)
12-28 18:49:49.769 18939 19049 E LynxMotor: 	at com.qualcomm.hardware.lynx.LynxDcMotorController.internalSetMotorPower(LynxDcMotorController.java:500)
12-28 18:49:49.770 18939 19049 E LynxMotor: 	at com.qualcomm.hardware.lynx.LynxDcMotorController.internalSetMotorPower(LynxDcMotorController.java:458)
12-28 18:49:49.770 18939 19018 V LynxModule: received status: LynxGetModuleStatusResponse(status=0x14 alerts=0x00: FailSafe)
12-28 18:49:49.770 18939 19049 E LynxMotor: 	at com.qualcomm.hardware.lynx.LynxDcMotorController.setMotorPower(LynxDcMotorController.java:405)
12-28 18:49:49.770 18939 19049 E LynxMotor: 	at com.qualcomm.robotcore.hardware.DcMotorImpl.internalSetPower(DcMotorImpl.java:204)
12-28 18:49:49.771 18939 19049 E LynxMotor: 	at com.qualcomm.robotcore.hardware.DcMotorImpl.setPower(DcMotorImpl.java:200)
12-28 18:49:49.771 18939 19049 E LynxMotor: 	at org.firstinspires.ftc.teamcode.TechNova2017.MecanumRobot.drive(MecanumRobot.java:694)
12-28 18:49:49.772 18939 19049 E LynxMotor: 	at org.firstinspires.ftc.teamcode.TechNova2017.DriveHelper.drive(DriveHelper.java:123)
12-28 18:49:49.772 18939 19049 E LynxMotor: 	at org.firstinspires.ftc.teamcode.TechNova2017.RelicRecoveryTeleOpsLinear.gamepadLoop(RelicRecoveryTeleOpsLinear.java:226)
12-28 18:49:49.772 18939 19049 E LynxMotor: 	at org.firstinspires.ftc.teamcode.TechNova2017.RelicRecoveryTeleOpsLinear.runOpMode(RelicRecoveryTeleOpsLinear.java:54)
12-28 18:49:49.773 18939 19049 E LynxMotor: 	at com.qualcomm.robotcore.eventloop.opmode.LinearOpMode$LinearOpModeHelper$1.run(LinearOpMode.java:305)
12-28 18:49:49.773 18939 19049 E LynxMotor: 	at com.qualcomm.robotcore.util.ThreadPool.logThreadLifeCycle(ThreadPool.java:709)
12-28 18:49:49.773 18939 19049 E LynxMotor: 	at com.qualcomm.robotcore.eventloop.opmode.LinearOpMode$LinearOpModeHelper.run(LinearOpMode.java:300)
12-28 18:49:49.774 18939 19049 E LynxMotor: 	at java.util.concurrent.ThreadPoolExecutor.runWorker(ThreadPoolExecutor.java:1113)
12-28 18:49:49.774 18939 19049 E LynxMotor: 	at java.util.concurrent.ThreadPoolExecutor$Worker.run(ThreadPoolExecutor.java:588)
12-28 18:49:49.775 18939 19049 E LynxMotor: 	at com.qualcomm.robotcore.util.ThreadPool$ThreadFactoryImpl$1.run(ThreadPool.java:764)
12-28 18:49:49.775 18939 19049 E LynxMotor: 	at java.lang.Thread.run(Thread.java:818)
12-28 18:49:49.784 18939 19017 V RobotCore: nack rec'd mod=3 msg#=225 ref#=0 reason=BATTERY_TOO_LOW_TO_RUN_MOTOR:52
12-28 18:49:49.784 18939 19049 E LynxMotor: exception thrown during lynx communication
12-28 18:49:49.785 18939 19049 E LynxMotor: com.qualcomm.hardware.lynx.LynxNackException: (DQ143RN2 #3) LynxSetMotorChannelEnableCommand: nack received: BATTERY_TOO_LOW_TO_RUN_MOTOR:52
12-28 18:49:49.786 18939 19049 E LynxMotor: 	at com.qualcomm.hardware.lynx.commands.LynxRespondable.throwIfNack(LynxRespondable.java:324)
12-28 18:49:49.786 18939 19049 E LynxMotor: 	at com.qualcomm.hardware.lynx.commands.LynxRespondable.send(LynxRespondable.java:239)
12-28 18:49:49.787 18939 19049 E LynxMotor: 	at com.qualcomm.hardware.lynx.LynxDcMotorController.internalSetMotorEnable(LynxDcMotorController.java:212)
12-28 18:49:49.787 18939 19049 E LynxMotor: 	at com.qualcomm.hardware.lynx.LynxDcMotorController.internalSetMotorPower(LynxDcMotorController.java:500)
12-28 18:49:49.787 18939 19049 E LynxMotor: 	at com.qualcomm.hardware.lynx.LynxDcMotorController.internalSetMotorPower(LynxDcMotorController.java:458)
12-28 18:49:49.788 18939 19018 V LynxModule: received status: LynxGetModuleStatusResponse(status=0x14 alerts=0x00: FailSafe)
12-28 18:49:49.788 18939 19049 E LynxMotor: 	at com.qualcomm.hardware.lynx.LynxDcMotorController.setMotorPower(LynxDcMotorController.java:405)
12-28 18:49:49.788 18939 19049 E LynxMotor: 	at com.qualcomm.robotcore.hardware.DcMotorImpl.internalSetPower(DcMotorImpl.java:204)
12-28 18:49:49.789 18939 19049 E LynxMotor: 	at com.qualcomm.robotcore.hardware.DcMotorImpl.setPower(DcMotorImpl.java:200)
12-28 18:49:49.789 18939 19049 E LynxMotor: 	at org.firstinspires.ftc.teamcode.TechNova2017.MecanumRobot.drive(MecanumRobot.java:695)
12-28 18:49:49.789 18939 19049 E LynxMotor: 	at org.firstinspires.ftc.teamcode.TechNova2017.DriveHelper.drive(DriveHelper.java:123)
12-28 18:49:49.790 18939 19049 E LynxMotor: 	at org.firstinspires.ftc.teamcode.TechNova2017.RelicRecoveryTeleOpsLinear.gamepadLoop(RelicRecoveryTeleOpsLinear.java:226)
12-28 18:49:49.790 18939 19049 E LynxMotor: 	at org.firstinspires.ftc.teamcode.TechNova2017.RelicRecoveryTeleOpsLinear.runOpMode(RelicRecoveryTeleOpsLinear.java:54)
12-28 18:49:49.790 18939 19049 E LynxMotor: 	at com.qualcomm.robotcore.eventloop.opmode.LinearOpMode$LinearOpModeHelper$1.run(LinearOpMode.java:305)
12-28 18:49:49.791 18939 19049 E LynxMotor: 	at com.qualcomm.robotcore.util.ThreadPool.logThreadLifeCycle(ThreadPool.java:709)
12-28 18:49:49.791 18939 19049 E LynxMotor: 	at com.qualcomm.robotcore.eventloop.opmode.LinearOpMode$LinearOpModeHelper.run(LinearOpMode.java:300)
12-28 18:49:49.792 18939 19049 E LynxMotor: 	at java.util.concurrent.ThreadPoolExecutor.runWorker(ThreadPoolExecutor.java:1113)
12-28 18:49:49.792 18939 19049 E LynxMotor: 	at java.util.concurrent.ThreadPoolExecutor$Worker.run(ThreadPoolExecutor.java:588)
12-28 18:49:49.792 18939 19049 E LynxMotor: 	at com.qualcomm.robotcore.util.ThreadPool$ThreadFactoryImpl$1.run(ThreadPool.java:764)
12-28 18:49:49.793 18939 19049 E LynxMotor: 	at java.lang.Thread.run(Thread.java:818)
12-28 18:49:49.803 18939 19017 V RobotCore: nack rec'd mod=3 msg#=229 ref#=0 reason=BATTERY_TOO_LOW_TO_RUN_MOTOR:52
12-28 18:49:49.804 18939 19049 E LynxMotor: exception thrown during lynx communication
12-28 18:49:49.805 18939 19049 E LynxMotor: com.qualcomm.hardware.lynx.LynxNackException: (DQ143RN2 #3) LynxSetMotorChannelEnableCommand: nack received: BATTERY_TOO_LOW_TO_RUN_MOTOR:52
12-28 18:49:49.805 18939 19049 E LynxMotor: 	at com.qualcomm.hardware.lynx.commands.LynxRespondable.throwIfNack(LynxRespondable.java:324)
12-28 18:49:49.806 18939 19049 E LynxMotor: 	at com.qualcomm.hardware.lynx.commands.LynxRespondable.send(LynxRespondable.java:239)
12-28 18:49:49.806 18939 19049 E LynxMotor: 	at com.qualcomm.hardware.lynx.LynxDcMotorController.internalSetMotorEnable(LynxDcMotorController.java:212)
12-28 18:49:49.807 18939 19049 E LynxMotor: 	at com.qualcomm.hardware.lynx.LynxDcMotorController.internalSetMotorPower(LynxDcMotorController.java:500)
12-28 18:49:49.807 18939 19018 V LynxModule: received status: LynxGetModuleStatusResponse(status=0x14 alerts=0x00: FailSafe)
12-28 18:49:49.807 18939 19049 E LynxMotor: 	at com.qualcomm.hardware.lynx.LynxDcMotorController.internalSetMotorPower(LynxDcMotorController.java:458)
12-28 18:49:49.807 18939 19049 E LynxMotor: 	at com.qualcomm.hardware.lynx.LynxDcMotorController.setMotorPower(LynxDcMotorController.java:405)
12-28 18:49:49.808 18939 19049 E LynxMotor: 	at com.qualcomm.robotcore.hardware.DcMotorImpl.internalSetPower(DcMotorImpl.java:204)
12-28 18:49:49.808 18939 19049 E LynxMotor: 	at com.qualcomm.robotcore.hardware.DcMotorImpl.setPower(DcMotorImpl.java:200)
12-28 18:49:49.809 18939 19049 E LynxMotor: 	at org.firstinspires.ftc.teamcode.TechNova2017.MecanumRobot.drive(MecanumRobot.java:696)
12-28 18:49:49.809 18939 19049 E LynxMotor: 	at org.firstinspires.ftc.teamcode.TechNova2017.DriveHelper.drive(DriveHelper.java:123)
12-28 18:49:49.809 18939 19049 E LynxMotor: 	at org.firstinspires.ftc.teamcode.TechNova2017.RelicRecoveryTeleOpsLinear.gamepadLoop(RelicRecoveryTeleOpsLinear.java:226)
12-28 18:49:49.810 18939 19049 E LynxMotor: 	at org.firstinspires.ftc.teamcode.TechNova2017.RelicRecoveryTeleOpsLinear.runOpMode(RelicRecoveryTeleOpsLinear.java:54)
12-28 18:49:49.810 18939 19049 E LynxMotor: 	at com.qualcomm.robotcore.eventloop.opmode.LinearOpMode$LinearOpModeHelper$1.run(LinearOpMode.java:305)
12-28 18:49:49.810 18939 19049 E LynxMotor: 	at com.qualcomm.robotcore.util.ThreadPool.logThreadLifeCycle(ThreadPool.java:709)
12-28 18:49:49.811 18939 19049 E LynxMotor: 	at com.qualcomm.robotcore.eventloop.opmode.LinearOpMode$LinearOpModeHelper.run(LinearOpMode.java:300)
12-28 18:49:49.811 18939 19049 E LynxMotor: 	at java.util.concurrent.ThreadPoolExecutor.runWorker(ThreadPoolExecutor.java:1113)
12-28 18:49:49.811 18939 19049 E LynxMotor: 	at java.util.concurrent.ThreadPoolExecutor$Worker.run(ThreadPoolExecutor.java:588)
12-28 18:49:49.812 18939 19049 E LynxMotor: 	at com.qualcomm.robotcore.util.ThreadPool$ThreadFactoryImpl$1.run(ThreadPool.java:764)
12-28 18:49:49.812 18939 19049 E LynxMotor: 	at java.lang.Thread.run(Thread.java:818)
12-28 18:49:49.836 18939 19019 V LynxModule: received status: LynxGetModuleStatusResponse(status=0x14 alerts=0x00: FailSafe)
12-28 18:49:49.840 18939 19019 V LynxModule: received status: LynxGetModuleStatusResponse(status=0x14 alerts=0x00: FailSafe)
12-28 18:49:49.886 18939 19019 V LynxModule: received status: LynxGetModuleStatusResponse(status=0x14 alerts=0x00: FailSafe)
12-28 18:49:49.910 18939 19017 V RobotCore: nack rec'd mod=2 msg#=61 ref#=0 reason=BATTERY_TOO_LOW_TO_RUN_MOTOR:52
12-28 18:49:49.911 18939 19049 E LynxMotor: exception thrown during lynx communication
12-28 18:49:49.912 18939 19049 E LynxMotor: com.qualcomm.hardware.lynx.LynxNackException: (DQ143RN2 #2) LynxSetMotorChannelEnableCommand: nack received: BATTERY_TOO_LOW_TO_RUN_MOTOR:52
12-28 18:49:49.913 18939 19049 E LynxMotor: 	at com.qualcomm.hardware.lynx.commands.LynxRespondable.throwIfNack(LynxRespondable.java:324)
12-28 18:49:49.914 18939 19049 E LynxMotor: 	at com.qualcomm.hardware.lynx.commands.LynxRespondable.send(LynxRespondable.java:239)
12-28 18:49:49.914 18939 19049 E LynxMotor: 	at com.qualcomm.hardware.lynx.LynxDcMotorController.internalSetMotorEnable(LynxDcMotorController.java:212)
12-28 18:49:49.915 18939 19049 E LynxMotor: 	at com.qualcomm.hardware.lynx.LynxDcMotorController.internalSetMotorPower(LynxDcMotorController.java:500)
12-28 18:49:49.915 18939 19049 E LynxMotor: 	at com.qualcomm.hardware.lynx.LynxDcMotorController.setMotorMode(LynxDcMotorController.java:330)
12-28 18:49:49.916 18939 19019 V LynxModule: received status: LynxGetModuleStatusResponse(status=0x14 alerts=0x00: FailSafe)
12-28 18:49:49.916 18939 19049 E LynxMotor: 	at com.qualcomm.robotcore.hardware.DcMotorImpl.internalSetMode(DcMotorImpl.java:321)
12-28 18:49:49.916 18939 19049 E LynxMotor: 	at com.qualcomm.robotcore.hardware.DcMotorImpl.setMode(DcMotorImpl.java:317)
12-28 18:49:49.917 18939 19049 E LynxMotor: 	at org.firstinspires.ftc.teamcode.TechNova2017.MecanumRobot.setGlyphLiftToRunEncoderMode(MecanumRobot.java:583)
12-28 18:49:49.918 18939 19049 E LynxMotor: 	at org.firstinspires.ftc.teamcode.TechNova2017.RelicRecoveryTeleOpsLinear.gamepadLoop(RelicRecoveryTeleOpsLinear.java:121)
12-28 18:49:49.920 18939 19049 E LynxMotor: 	at org.firstinspires.ftc.teamcode.TechNova2017.RelicRecoveryTeleOpsLinear.runOpMode(RelicRecoveryTeleOpsLinear.java:54)
12-28 18:49:49.921 18939 19049 E LynxMotor: 	at com.qualcomm.robotcore.eventloop.opmode.LinearOpMode$LinearOpModeHelper$1.run(LinearOpMode.java:305)
12-28 18:49:49.921 18939 19049 E LynxMotor: 	at com.qualcomm.robotcore.util.ThreadPool.logThreadLifeCycle(ThreadPool.java:709)
12-28 18:49:49.922 18939 19049 E LynxMotor: 	at com.qualcomm.robotcore.eventloop.opmode.LinearOpMode$LinearOpModeHelper.run(LinearOpMode.java:300)
12-28 18:49:49.922 18939 19049 E LynxMotor: 	at java.util.concurrent.ThreadPoolExecutor.runWorker(ThreadPoolExecutor.java:1113)
12-28 18:49:49.923 18939 19049 E LynxMotor: 	at java.util.concurrent.ThreadPoolExecutor$Worker.run(ThreadPoolExecutor.java:588)
12-28 18:49:49.924 18939 19019 V LynxModule: received status: LynxGetModuleStatusResponse(status=0x14 alerts=0x00: FailSafe)
12-28 18:49:49.924 18939 19049 E LynxMotor: 	at com.qualcomm.robotcore.util.ThreadPool$ThreadFactoryImpl$1.run(ThreadPool.java:764)
12-28 18:49:49.924 18939 19049 E LynxMotor: 	at java.lang.Thread.run(Thread.java:818)
12-28 18:49:49.948 18939 19017 V RobotCore: nack rec'd mod=2 msg#=69 ref#=0 reason=BATTERY_TOO_LOW_TO_RUN_MOTOR:52
12-28 18:49:49.950 18939 19049 E LynxMotor: exception thrown during lynx communication
12-28 18:49:49.951 18939 19049 E LynxMotor: com.qualcomm.hardware.lynx.LynxNackException: (DQ143RN2 #2) LynxSetMotorChannelEnableCommand: nack received: BATTERY_TOO_LOW_TO_RUN_MOTOR:52
12-28 18:49:49.952 18939 19049 E LynxMotor: 	at com.qualcomm.hardware.lynx.commands.LynxRespondable.throwIfNack(LynxRespondable.java:324)
12-28 18:49:49.952 18939 19049 E LynxMotor: 	at com.qualcomm.hardware.lynx.commands.LynxRespondable.send(LynxRespondable.java:239)
12-28 18:49:49.953 18939 19049 E LynxMotor: 	at com.qualcomm.hardware.lynx.LynxDcMotorController.internalSetMotorEnable(LynxDcMotorController.java:212)
12-28 18:49:49.953 18939 19049 E LynxMotor: 	at com.qualcomm.hardware.lynx.LynxDcMotorController.internalSetMotorPower(LynxDcMotorController.java:500)
12-28 18:49:49.954 18939 19019 V LynxModule: received status: LynxGetModuleStatusResponse(status=0x14 alerts=0x00: FailSafe)
12-28 18:49:49.954 18939 19049 E LynxMotor: 	at com.qualcomm.hardware.lynx.LynxDcMotorController.setMotorMode(LynxDcMotorController.java:330)
12-28 18:49:49.954 18939 19049 E LynxMotor: 	at com.qualcomm.robotcore.hardware.DcMotorImpl.internalSetMode(DcMotorImpl.java:321)
12-28 18:49:49.955 18939 19049 E LynxMotor: 	at com.qualcomm.robotcore.hardware.DcMotorImpl.setMode(DcMotorImpl.java:317)
12-28 18:49:49.955 18939 19049 E LynxMotor: 	at org.firstinspires.ftc.teamcode.TechNova2017.MecanumRobot.setGlyphLiftToRunEncoderMode(MecanumRobot.java:583)
12-28 18:49:49.956 18939 19049 E LynxMotor: 	at org.firstinspires.ftc.teamcode.TechNova2017.RelicRecoveryTeleOpsLinear.gamepadLoop(RelicRecoveryTeleOpsLinear.java:163)
12-28 18:49:49.956 18939 19049 E LynxMotor: 	at org.firstinspires.ftc.teamcode.TechNova2017.RelicRecoveryTeleOpsLinear.runOpMode(RelicRecoveryTeleOpsLinear.java:54)
12-28 18:49:49.956 18939 19049 E LynxMotor: 	at com.qualcomm.robotcore.eventloop.opmode.LinearOpMode$LinearOpModeHelper$1.run(LinearOpMode.java:305)
12-28 18:49:49.957 18939 19049 E LynxMotor: 	at com.qualcomm.robotcore.util.ThreadPool.logThreadLifeCycle(ThreadPool.java:709)
12-28 18:49:49.958 18939 19019 V LynxModule: received status: LynxGetModuleStatusResponse(status=0x14 alerts=0x00: FailSafe)
12-28 18:49:49.958 18939 19049 E LynxMotor: 	at com.qualcomm.robotcore.eventloop.opmode.LinearOpMode$LinearOpModeHelper.run(LinearOpMode.java:300)
12-28 18:49:49.958 18939 19049 E LynxMotor: 	at java.util.concurrent.ThreadPoolExecutor.runWorker(ThreadPoolExecutor.java:1113)
12-28 18:49:49.959 18939 19049 E LynxMotor: 	at java.util.concurrent.ThreadPoolExecutor$Worker.run(ThreadPoolExecutor.java:588)
12-28 18:49:49.960 18939 19049 E LynxMotor: 	at com.qualcomm.robotcore.util.ThreadPool$ThreadFactoryImpl$1.run(ThreadPool.java:764)
12-28 18:49:49.960 18939 19049 E LynxMotor: 	at java.lang.Thread.run(Thread.java:818)
12-28 18:49:49.972 18939 19017 V RobotCore: nack rec'd mod=2 msg#=74 ref#=0 reason=BATTERY_TOO_LOW_TO_RUN_MOTOR:52
12-28 18:49:49.972 18939 19049 E LynxMotor: exception thrown during lynx communication
12-28 18:49:49.973 18939 19049 E LynxMotor: com.qualcomm.hardware.lynx.LynxNackException: (DQ143RN2 #2) LynxSetMotorChannelEnableCommand: nack received: BATTERY_TOO_LOW_TO_RUN_MOTOR:52
12-28 18:49:49.974 18939 19049 E LynxMotor: 	at com.qualcomm.hardware.lynx.commands.LynxRespondable.throwIfNack(LynxRespondable.java:324)
12-28 18:49:49.975 18939 19049 E LynxMotor: 	at com.qualcomm.hardware.lynx.commands.LynxRespondable.send(LynxRespondable.java:239)
12-28 18:49:49.975 18939 19049 E LynxMotor: 	at com.qualcomm.hardware.lynx.LynxDcMotorController.internalSetMotorEnable(LynxDcMotorController.java:212)
12-28 18:49:49.976 18939 19049 E LynxMotor: 	at com.qualcomm.hardware.lynx.LynxDcMotorController.internalSetMotorPower(LynxDcMotorController.java:500)
12-28 18:49:49.976 18939 19049 E LynxMotor: 	at com.qualcomm.hardware.lynx.LynxDcMotorController.internalSetMotorPower(LynxDcMotorController.java:458)
12-28 18:49:49.977 18939 19049 E LynxMotor: 	at com.qualcomm.hardware.lynx.LynxDcMotorController.setMotorPower(LynxDcMotorController.java:405)
12-28 18:49:49.977 18939 19019 V LynxModule: received status: LynxGetModuleStatusResponse(status=0x14 alerts=0x00: FailSafe)
12-28 18:49:49.977 18939 19049 E LynxMotor: 	at com.qualcomm.robotcore.hardware.DcMotorImpl.internalSetPower(DcMotorImpl.java:204)
12-28 18:49:49.977 18939 19049 E LynxMotor: 	at com.qualcomm.robotcore.hardware.DcMotorImpl.setPower(DcMotorImpl.java:200)
12-28 18:49:49.978 18939 19049 E LynxMotor: 	at org.firstinspires.ftc.teamcode.TechNova2017.MecanumRobot.moveGlyphLift(MecanumRobot.java:416)
12-28 18:49:49.978 18939 19049 E LynxMotor: 	at org.firstinspires.ftc.teamcode.TechNova2017.RelicRecoveryTeleOpsLinear.gamepadLoop(RelicRecoveryTeleOpsLinear.java:164)
12-28 18:49:49.979 18939 19049 E LynxMotor: 	at org.firstinspires.ftc.teamcode.TechNova2017.RelicRecoveryTeleOpsLinear.runOpMode(RelicRecoveryTeleOpsLinear.java:54)
12-28 18:49:49.979 18939 19049 E LynxMotor: 	at com.qualcomm.robotcore.eventloop.opmode.LinearOpMode$LinearOpModeHelper$1.run(LinearOpMode.java:305)
12-28 18:49:49.979 18939 19049 E LynxMotor: 	at com.qualcomm.robotcore.util.ThreadPool.logThreadLifeCycle(ThreadPool.java:709)
12-28 18:49:49.980 18939 19049 E LynxMotor: 	at com.qualcomm.robotcore.eventloop.opmode.LinearOpMode$LinearOpModeHelper.run(LinearOpMode.java:300)
12-28 18:49:49.980 18939 19049 E LynxMotor: 	at java.util.concurrent.ThreadPoolExecutor.runWorker(ThreadPoolExecutor.java:1113)
12-28 18:49:49.980 18939 19049 E LynxMotor: 	at java.util.concurrent.ThreadPoolExecutor$Worker.run(ThreadPoolExecutor.java:588)
12-28 18:49:49.981 18939 19049 E LynxMotor: 	at com.qualcomm.robotcore.util.ThreadPool$ThreadFactoryImpl$1.run(ThreadPool.java:764)
12-28 18:49:49.981 18939 19049 E LynxMotor: 	at java.lang.Thread.run(Thread.java:818)
12-28 18:49:49.993 18939 19017 V RobotCore: nack rec'd mod=2 msg#=78 ref#=0 reason=BATTERY_TOO_LOW_TO_RUN_MOTOR:52
12-28 18:49:49.993 18939 19049 E LynxMotor: exception thrown during lynx communication
12-28 18:49:49.994 18939 19049 E LynxMotor: com.qualcomm.hardware.lynx.LynxNackException: (DQ143RN2 #2) LynxSetMotorChannelEnableCommand: nack received: BATTERY_TOO_LOW_TO_RUN_MOTOR:52
12-28 18:49:49.995 18939 19049 E LynxMotor: 	at com.qualcomm.hardware.lynx.commands.LynxRespondable.throwIfNack(LynxRespondable.java:324)
12-28 18:49:49.995 18939 19049 E LynxMotor: 	at com.qualcomm.hardware.lynx.commands.LynxRespondable.send(LynxRespondable.java:239)
12-28 18:49:49.995 18939 19049 E LynxMotor: 	at com.qualcomm.hardware.lynx.LynxDcMotorController.internalSetMotorEnable(LynxDcMotorController.java:212)
12-28 18:49:49.996 18939 19049 E LynxMotor: 	at com.qualcomm.hardware.lynx.LynxDcMotorController.internalSetMotorPower(LynxDcMotorController.java:500)
12-28 18:49:49.996 18939 19049 E LynxMotor: 	at com.qualcomm.hardware.lynx.LynxDcMotorController.internalSetMotorPower(LynxDcMotorController.java:458)
12-28 18:49:49.996 18939 19049 E LynxMotor: 	at com.qualcomm.hardware.lynx.LynxDcMotorController.setMotorPower(LynxDcMotorController.java:405)
12-28 18:49:49.997 18939 19049 E LynxMotor: 	at com.qualcomm.robotcore.hardware.DcMotorImpl.internalSetPower(DcMotorImpl.java:204)
12-28 18:49:49.998 18939 19049 E LynxMotor: 	at com.qualcomm.robotcore.hardware.DcMotorImpl.setPower(DcMotorImpl.java:200)
12-28 18:49:49.998 18939 19049 E LynxMotor: 	at org.firstinspires.ftc.teamcode.TechNova2017.MecanumRobot.moveRelicSlider(MecanumRobot.java:1093)
12-28 18:49:49.999 18939 19049 E LynxMotor: 	at org.firstinspires.ftc.teamcode.TechNova2017.RelicRecoveryTeleOpsLinear.gamepadLoop(RelicRecoveryTeleOpsLinear.java:173)
12-28 18:49:49.999 18939 19049 E LynxMotor: 	at org.firstinspires.ftc.teamcode.TechNova2017.RelicRecoveryTeleOpsLinear.runOpMode(RelicRecoveryTeleOpsLinear.java:54)
12-28 18:49:49.999 18939 19019 V LynxModule: received status: LynxGetModuleStatusResponse(status=0x14 alerts=0x00: FailSafe)
12-28 18:49:49.999 18939 19049 E LynxMotor: 	at com.qualcomm.robotcore.eventloop.opmode.LinearOpMode$LinearOpModeHelper$1.run(LinearOpMode.java:305)
12-28 18:49:50.000 18939 19049 E LynxMotor: 	at com.qualcomm.robotcore.util.ThreadPool.logThreadLifeCycle(ThreadPool.java:709)
12-28 18:49:50.000 18939 19049 E LynxMotor: 	at com.qualcomm.robotcore.eventloop.opmode.LinearOpMode$LinearOpModeHelper.run(LinearOpMode.java:300)
12-28 18:49:50.000 18939 19049 E LynxMotor: 	at java.util.concurrent.ThreadPoolExecutor.runWorker(ThreadPoolExecutor.java:1113)
12-28 18:49:50.001 18939 19049 E LynxMotor: 	at java.util.concurrent.ThreadPoolExecutor$Worker.run(ThreadPoolExecutor.java:588)
12-28 18:49:50.001 18939 19049 E LynxMotor: 	at com.qualcomm.robotcore.util.ThreadPool$ThreadFactoryImpl$1.run(ThreadPool.java:764)
12-28 18:49:50.002 18939 19049 E LynxMotor: 	at java.lang.Thread.run(Thread.java:818)
12-28 18:49:50.026 18939 19017 V RobotCore: nack rec'd mod=3 msg#=238 ref#=0 reason=BATTERY_TOO_LOW_TO_RUN_MOTOR:52
12-28 18:49:50.027 18939 19049 E LynxMotor: exception thrown during lynx communication
12-28 18:49:50.028 18939 19049 E LynxMotor: com.qualcomm.hardware.lynx.LynxNackException: (DQ143RN2 #3) LynxSetMotorChannelEnableCommand: nack received: BATTERY_TOO_LOW_TO_RUN_MOTOR:52
12-28 18:49:50.029 18939 19049 E LynxMotor: 	at com.qualcomm.hardware.lynx.commands.LynxRespondable.throwIfNack(LynxRespondable.java:324)
12-28 18:49:50.029 18939 19049 E LynxMotor: 	at com.qualcomm.hardware.lynx.commands.LynxRespondable.send(LynxRespondable.java:239)
12-28 18:49:50.030 18939 19049 E LynxMotor: 	at com.qualcomm.hardware.lynx.LynxDcMotorController.internalSetMotorEnable(LynxDcMotorController.java:212)
12-28 18:49:50.030 18939 19049 E LynxMotor: 	at com.qualcomm.hardware.lynx.LynxDcMotorController.internalSetMotorPower(LynxDcMotorController.java:500)
12-28 18:49:50.030 18939 19049 E LynxMotor: 	at com.qualcomm.hardware.lynx.LynxDcMotorController.internalSetMotorPower(LynxDcMotorController.java:458)
12-28 18:49:50.031 18939 19018 V LynxModule: received status: LynxGetModuleStatusResponse(status=0x14 alerts=0x00: FailSafe)
12-28 18:49:50.031 18939 19049 E LynxMotor: 	at com.qualcomm.hardware.lynx.LynxDcMotorController.setMotorPower(LynxDcMotorController.java:405)
12-28 18:49:50.032 18939 19049 E LynxMotor: 	at com.qualcomm.robotcore.hardware.DcMotorImpl.internalSetPower(DcMotorImpl.java:204)
12-28 18:49:50.032 18939 19049 E LynxMotor: 	at com.qualcomm.robotcore.hardware.DcMotorImpl.setPower(DcMotorImpl.java:200)
12-28 18:49:50.032 18939 19049 E LynxMotor: 	at org.firstinspires.ftc.teamcode.TechNova2017.MecanumRobot.drive(MecanumRobot.java:693)
12-28 18:49:50.033 18939 19049 E LynxMotor: 	at org.firstinspires.ftc.teamcode.TechNova2017.DriveHelper.drive(DriveHelper.java:123)
12-28 18:49:50.033 18939 19049 E LynxMotor: 	at org.firstinspires.ftc.teamcode.TechNova2017.RelicRecoveryTeleOpsLinear.gamepadLoop(RelicRecoveryTeleOpsLinear.java:226)
12-28 18:49:50.033 18939 19049 E LynxMotor: 	at org.firstinspires.ftc.teamcode.TechNova2017.RelicRecoveryTeleOpsLinear.runOpMode(RelicRecoveryTeleOpsLinear.java:54)
12-28 18:49:50.034 18939 19049 E LynxMotor: 	at com.qualcomm.robotcore.eventloop.opmode.LinearOpMode$LinearOpModeHelper$1.run(LinearOpMode.java:305)
12-28 18:49:50.034 18939 19049 E LynxMotor: 	at com.qualcomm.robotcore.util.ThreadPool.logThreadLifeCycle(ThreadPool.java:709)
12-28 18:49:50.034 18939 19049 E LynxMotor: 	at com.qualcomm.robotcore.eventloop.opmode.LinearOpMode$LinearOpModeHelper.run(LinearOpMode.java:300)
12-28 18:49:50.035 18939 19049 E LynxMotor: 	at java.util.concurrent.ThreadPoolExecutor.runWorker(ThreadPoolExecutor.java:1113)
12-28 18:49:50.035 18939 19049 E LynxMotor: 	at java.util.concurrent.ThreadPoolExecutor$Worker.run(ThreadPoolExecutor.java:588)
12-28 18:49:50.035 18939 19049 E LynxMotor: 	at com.qualcomm.robotcore.util.ThreadPool$ThreadFactoryImpl$1.run(ThreadPool.java:764)
12-28 18:49:50.036 18939 19049 E LynxMotor: 	at java.lang.Thread.run(Thread.java:818)
12-28 18:49:50.045 18939 19018 V LynxModule: received status: LynxGetModuleStatusResponse(status=0x14 alerts=0x00: FailSafe)
12-28 18:49:50.048 18939 19017 V RobotCore: nack rec'd mod=3 msg#=243 ref#=0 reason=BATTERY_TOO_LOW_TO_RUN_MOTOR:52
12-28 18:49:50.048 18939 19049 E LynxMotor: exception thrown during lynx communication
12-28 18:49:50.049 18939 19049 E LynxMotor: com.qualcomm.hardware.lynx.LynxNackException: (DQ143RN2 #3) LynxSetMotorChannelEnableCommand: nack received: BATTERY_TOO_LOW_TO_RUN_MOTOR:52
12-28 18:49:50.050 18939 19049 E LynxMotor: 	at com.qualcomm.hardware.lynx.commands.LynxRespondable.throwIfNack(LynxRespondable.java:324)
12-28 18:49:50.050 18939 19049 E LynxMotor: 	at com.qualcomm.hardware.lynx.commands.LynxRespondable.send(LynxRespondable.java:239)
12-28 18:49:50.050 18939 19049 E LynxMotor: 	at com.qualcomm.hardware.lynx.LynxDcMotorController.internalSetMotorEnable(LynxDcMotorController.java:212)
12-28 18:49:50.051 18939 19049 E LynxMotor: 	at com.qualcomm.hardware.lynx.LynxDcMotorController.internalSetMotorPower(LynxDcMotorController.java:500)
12-28 18:49:50.051 18939 19049 E LynxMotor: 	at com.qualcomm.hardware.lynx.LynxDcMotorController.internalSetMotorPower(LynxDcMotorController.java:458)
12-28 18:49:50.052 18939 19049 E LynxMotor: 	at com.qualcomm.hardware.lynx.LynxDcMotorController.setMotorPower(LynxDcMotorController.java:405)
12-28 18:49:50.052 18939 19049 E LynxMotor: 	at com.qualcomm.robotcore.hardware.DcMotorImpl.internalSetPower(DcMotorImpl.java:204)
12-28 18:49:50.052 18939 19049 E LynxMotor: 	at com.qualcomm.robotcore.hardware.DcMotorImpl.setPower(DcMotorImpl.java:200)
12-28 18:49:50.053 18939 19049 E LynxMotor: 	at org.firstinspires.ftc.teamcode.TechNova2017.MecanumRobot.drive(MecanumRobot.java:694)
12-28 18:49:50.053 18939 19049 E LynxMotor: 	at org.firstinspires.ftc.teamcode.TechNova2017.DriveHelper.drive(DriveHelper.java:123)
12-28 18:49:50.053 18939 19049 E LynxMotor: 	at org.firstinspires.ftc.teamcode.TechNova2017.RelicRecoveryTeleOpsLinear.gamepadLoop(RelicRecoveryTeleOpsLinear.java:226)
12-28 18:49:50.054 18939 19049 E LynxMotor: 	at org.firstinspires.ftc.teamcode.TechNova2017.RelicRecoveryTeleOpsLinear.runOpMode(RelicRecoveryTeleOpsLinear.java:54)
12-28 18:49:50.054 18939 19049 E LynxMotor: 	at com.qualcomm.robotcore.eventloop.opmode.LinearOpMode$LinearOpModeHelper$1.run(LinearOpMode.java:305)
12-28 18:49:50.055 18939 19049 E LynxMotor: 	at com.qualcomm.robotcore.util.ThreadPool.logThreadLifeCycle(ThreadPool.java:709)
12-28 18:49:50.055 18939 19049 E LynxMotor: 	at com.qualcomm.robotcore.eventloop.opmode.LinearOpMode$LinearOpModeHelper.run(LinearOpMode.java:300)
12-28 18:49:50.055 18939 19049 E LynxMotor: 	at java.util.concurrent.ThreadPoolExecutor.runWorker(ThreadPoolExecutor.java:1113)
12-28 18:49:50.056 18939 19049 E LynxMotor: 	at java.util.concurrent.ThreadPoolExecutor$Worker.run(ThreadPoolExecutor.java:588)
12-28 18:49:50.056 18939 19049 E LynxMotor: 	at com.qualcomm.robotcore.util.ThreadPool$ThreadFactoryImpl$1.run(ThreadPool.java:764)
12-28 18:49:50.056 18939 19049 E LynxMotor: 	at java.lang.Thread.run(Thread.java:818)
12-28 18:49:50.065 18939 19017 V RobotCore: nack rec'd mod=3 msg#=246 ref#=0 reason=BATTERY_TOO_LOW_TO_RUN_MOTOR:52
12-28 18:49:50.065 18939 19049 E LynxMotor: exception thrown during lynx communication
12-28 18:49:50.066 18939 19049 E LynxMotor: com.qualcomm.hardware.lynx.LynxNackException: (DQ143RN2 #3) LynxSetMotorChannelEnableCommand: nack received: BATTERY_TOO_LOW_TO_RUN_MOTOR:52
12-28 18:49:50.067 18939 19049 E LynxMotor: 	at com.qualcomm.hardware.lynx.commands.LynxRespondable.throwIfNack(LynxRespondable.java:324)
12-28 18:49:50.067 18939 19049 E LynxMotor: 	at com.qualcomm.hardware.lynx.commands.LynxRespondable.send(LynxRespondable.java:239)
12-28 18:49:50.068 18939 19049 E LynxMotor: 	at com.qualcomm.hardware.lynx.LynxDcMotorController.internalSetMotorEnable(LynxDcMotorController.java:212)
12-28 18:49:50.068 18939 19049 E LynxMotor: 	at com.qualcomm.hardware.lynx.LynxDcMotorController.internalSetMotorPower(LynxDcMotorController.java:500)
12-28 18:49:50.068 18939 19049 E LynxMotor: 	at com.qualcomm.hardware.lynx.LynxDcMotorController.internalSetMotorPower(LynxDcMotorController.java:458)
12-28 18:49:50.069 18939 19018 V LynxModule: received status: LynxGetModuleStatusResponse(status=0x14 alerts=0x00: FailSafe)
12-28 18:49:50.069 18939 19049 E LynxMotor: 	at com.qualcomm.hardware.lynx.LynxDcMotorController.setMotorPower(LynxDcMotorController.java:405)
12-28 18:49:50.069 18939 19049 E LynxMotor: 	at com.qualcomm.robotcore.hardware.DcMotorImpl.internalSetPower(DcMotorImpl.java:204)
12-28 18:49:50.069 18939 19049 E LynxMotor: 	at com.qualcomm.robotcore.hardware.DcMotorImpl.setPower(DcMotorImpl.java:200)
12-28 18:49:50.070 18939 19049 E LynxMotor: 	at org.firstinspires.ftc.teamcode.TechNova2017.MecanumRobot.drive(MecanumRobot.java:695)
12-28 18:49:50.070 18939 19049 E LynxMotor: 	at org.firstinspires.ftc.teamcode.TechNova2017.DriveHelper.drive(DriveHelper.java:123)
12-28 18:49:50.071 18939 19049 E LynxMotor: 	at org.firstinspires.ftc.teamcode.TechNova2017.RelicRecoveryTeleOpsLinear.gamepadLoop(RelicRecoveryTeleOpsLinear.java:226)
12-28 18:49:50.071 18939 19049 E LynxMotor: 	at org.firstinspires.ftc.teamcode.TechNova2017.RelicRecoveryTeleOpsLinear.runOpMode(RelicRecoveryTeleOpsLinear.java:54)
12-28 18:49:50.071 18939 19049 E LynxMotor: 	at com.qualcomm.robotcore.eventloop.opmode.LinearOpMode$LinearOpModeHelper$1.run(LinearOpMode.java:305)
12-28 18:49:50.072 18939 19049 E LynxMotor: 	at com.qualcomm.robotcore.util.ThreadPool.logThreadLifeCycle(ThreadPool.java:709)
12-28 18:49:50.072 18939 19049 E LynxMotor: 	at com.qualcomm.robotcore.eventloop.opmode.LinearOpMode$LinearOpModeHelper.run(LinearOpMode.java:300)
12-28 18:49:50.072 18939 19049 E LynxMotor: 	at java.util.concurrent.ThreadPoolExecutor.runWorker(ThreadPoolExecutor.java:1113)
12-28 18:49:50.073 18939 19049 E LynxMotor: 	at java.util.concurrent.ThreadPoolExecutor$Worker.run(ThreadPoolExecutor.java:588)
12-28 18:49:50.073 18939 19049 E LynxMotor: 	at com.qualcomm.robotcore.util.ThreadPool$ThreadFactoryImpl$1.run(ThreadPool.java:764)
12-28 18:49:50.073 18939 19049 E LynxMotor: 	at java.lang.Thread.run(Thread.java:818)
12-28 18:49:50.082 18939 19017 V RobotCore: nack rec'd mod=3 msg#=250 ref#=0 reason=BATTERY_TOO_LOW_TO_RUN_MOTOR:52
12-28 18:49:50.083 18939 19049 E LynxMotor: exception thrown during lynx communication
12-28 18:49:50.083 18939 19049 E LynxMotor: com.qualcomm.hardware.lynx.LynxNackException: (DQ143RN2 #3) LynxSetMotorChannelEnableCommand: nack received: BATTERY_TOO_LOW_TO_RUN_MOTOR:52
12-28 18:49:50.084 18939 19049 E LynxMotor: 	at com.qualcomm.hardware.lynx.commands.LynxRespondable.throwIfNack(LynxRespondable.java:324)
12-28 18:49:50.084 18939 19049 E LynxMotor: 	at com.qualcomm.hardware.lynx.commands.LynxRespondable.send(LynxRespondable.java:239)
12-28 18:49:50.085 18939 19049 E LynxMotor: 	at com.qualcomm.hardware.lynx.LynxDcMotorController.internalSetMotorEnable(LynxDcMotorController.java:212)
12-28 18:49:50.085 18939 19049 E LynxMotor: 	at com.qualcomm.hardware.lynx.LynxDcMotorController.internalSetMotorPower(LynxDcMotorController.java:500)
12-28 18:49:50.086 18939 19049 E LynxMotor: 	at com.qualcomm.hardware.lynx.LynxDcMotorController.internalSetMotorPower(LynxDcMotorController.java:458)
12-28 18:49:50.086 18939 19049 E LynxMotor: 	at com.qualcomm.hardware.lynx.LynxDcMotorController.setMotorPower(LynxDcMotorController.java:405)
12-28 18:49:50.086 18939 19049 E LynxMotor: 	at com.qualcomm.robotcore.hardware.DcMotorImpl.internalSetPower(DcMotorImpl.java:204)
12-28 18:49:50.087 18939 19049 E LynxMotor: 	at com.qualcomm.robotcore.hardware.DcMotorImpl.setPower(DcMotorImpl.java:200)
12-28 18:49:50.087 18939 19018 V LynxModule: received status: LynxGetModuleStatusResponse(status=0x14 alerts=0x00: FailSafe)
12-28 18:49:50.087 18939 19049 E LynxMotor: 	at org.firstinspires.ftc.teamcode.TechNova2017.MecanumRobot.drive(MecanumRobot.java:696)
12-28 18:49:50.087 18939 19049 E LynxMotor: 	at org.firstinspires.ftc.teamcode.TechNova2017.DriveHelper.drive(DriveHelper.java:123)
12-28 18:49:50.088 18939 19049 E LynxMotor: 	at org.firstinspires.ftc.teamcode.TechNova2017.RelicRecoveryTeleOpsLinear.gamepadLoop(RelicRecoveryTeleOpsLinear.java:226)
12-28 18:49:50.088 18939 19049 E LynxMotor: 	at org.firstinspires.ftc.teamcode.TechNova2017.RelicRecoveryTeleOpsLinear.runOpMode(RelicRecoveryTeleOpsLinear.java:54)
12-28 18:49:50.089 18939 19049 E LynxMotor: 	at com.qualcomm.robotcore.eventloop.opmode.LinearOpMode$LinearOpModeHelper$1.run(LinearOpMode.java:305)
12-28 18:49:50.089 18939 19049 E LynxMotor: 	at com.qualcomm.robotcore.util.ThreadPool.logThreadLifeCycle(ThreadPool.java:709)
12-28 18:49:50.089 18939 19049 E LynxMotor: 	at com.qualcomm.robotcore.eventloop.opmode.LinearOpMode$LinearOpModeHelper.run(LinearOpMode.java:300)
12-28 18:49:50.090 18939 19049 E LynxMotor: 	at java.util.concurrent.ThreadPoolExecutor.runWorker(ThreadPoolExecutor.java:1113)
12-28 18:49:50.090 18939 19049 E LynxMotor: 	at java.util.concurrent.ThreadPoolExecutor$Worker.run(ThreadPoolExecutor.java:588)
12-28 18:49:50.090 18939 19049 E LynxMotor: 	at com.qualcomm.robotcore.util.ThreadPool$ThreadFactoryImpl$1.run(ThreadPool.java:764)
12-28 18:49:50.090 18939 19049 E LynxMotor: 	at java.lang.Thread.run(Thread.java:818)
12-28 18:49:50.099 18939 19019 V LynxModule: received status: LynxGetModuleStatusResponse(status=0x14 alerts=0x00: FailSafe)
12-28 18:49:50.107 18939 19019 V LynxModule: received status: LynxGetModuleStatusResponse(status=0x14 alerts=0x00: FailSafe)
12-28 18:49:50.155 18939 19019 V LynxModule: received status: LynxGetModuleStatusResponse(status=0x14 alerts=0x00: FailSafe)
12-28 18:49:50.160 18939 19019 V LynxModule: received status: LynxGetModuleStatusResponse(status=0x14 alerts=0x00: FailSafe)
12-28 18:49:50.186 18939 19017 V RobotCore: nack rec'd mod=2 msg#=100 ref#=0 reason=BATTERY_TOO_LOW_TO_RUN_MOTOR:52
12-28 18:49:50.187 18939 19049 E LynxMotor: exception thrown during lynx communication
12-28 18:49:50.189 18939 19049 E LynxMotor: com.qualcomm.hardware.lynx.LynxNackException: (DQ143RN2 #2) LynxSetMotorChannelEnableCommand: nack received: BATTERY_TOO_LOW_TO_RUN_MOTOR:52
12-28 18:49:50.190 18939 19049 E LynxMotor: 	at com.qualcomm.hardware.lynx.commands.LynxRespondable.throwIfNack(LynxRespondable.java:324)
12-28 18:49:50.192 18939 19019 V LynxModule: received status: LynxGetModuleStatusResponse(status=0x14 alerts=0x00: FailSafe)
12-28 18:49:50.192 18939 19049 E LynxMotor: 	at com.qualcomm.hardware.lynx.commands.LynxRespondable.send(LynxRespondable.java:239)
12-28 18:49:50.193 18939 19049 E LynxMotor: 	at com.qualcomm.hardware.lynx.LynxDcMotorController.internalSetMotorEnable(LynxDcMotorController.java:212)
12-28 18:49:50.194 18939 19049 E LynxMotor: 	at com.qualcomm.hardware.lynx.LynxDcMotorController.internalSetMotorPower(LynxDcMotorController.java:500)
12-28 18:49:50.195 18939 19049 E LynxMotor: 	at com.qualcomm.hardware.lynx.LynxDcMotorController.setMotorMode(LynxDcMotorController.java:330)
12-28 18:49:50.196 18939 19019 V LynxModule: received status: LynxGetModuleStatusResponse(status=0x14 alerts=0x00: FailSafe)
12-28 18:49:50.197 18939 19049 E LynxMotor: 	at com.qualcomm.robotcore.hardware.DcMotorImpl.internalSetMode(DcMotorImpl.java:321)
12-28 18:49:50.198 18939 19049 E LynxMotor: 	at com.qualcomm.robotcore.hardware.DcMotorImpl.setMode(DcMotorImpl.java:317)
12-28 18:49:50.198 18939 19049 E LynxMotor: 	at org.firstinspires.ftc.teamcode.TechNova2017.MecanumRobot.setGlyphLiftToRunEncoderMode(MecanumRobot.java:583)
12-28 18:49:50.199 18939 19049 E LynxMotor: 	at org.firstinspires.ftc.teamcode.TechNova2017.RelicRecoveryTeleOpsLinear.gamepadLoop(RelicRecoveryTeleOpsLinear.java:121)
12-28 18:49:50.200 18939 19049 E LynxMotor: 	at org.firstinspires.ftc.teamcode.TechNova2017.RelicRecoveryTeleOpsLinear.runOpMode(RelicRecoveryTeleOpsLinear.java:54)
12-28 18:49:50.201 18939 19049 E LynxMotor: 	at com.qualcomm.robotcore.eventloop.opmode.LinearOpMode$LinearOpModeHelper$1.run(LinearOpMode.java:305)
12-28 18:49:50.201 18939 19049 E LynxMotor: 	at com.qualcomm.robotcore.util.ThreadPool.logThreadLifeCycle(ThreadPool.java:709)
12-28 18:49:50.202 18939 19049 E LynxMotor: 	at com.qualcomm.robotcore.eventloop.opmode.LinearOpMode$LinearOpModeHelper.run(LinearOpMode.java:300)
12-28 18:49:50.203 18939 19049 E LynxMotor: 	at java.util.concurrent.ThreadPoolExecutor.runWorker(ThreadPoolExecutor.java:1113)
12-28 18:49:50.204 18939 19049 E LynxMotor: 	at java.util.concurrent.ThreadPoolExecutor$Worker.run(ThreadPoolExecutor.java:588)
12-28 18:49:50.204 18939 19049 E LynxMotor: 	at com.qualcomm.robotcore.util.ThreadPool$ThreadFactoryImpl$1.run(ThreadPool.java:764)
12-28 18:49:50.205 18939 19049 E LynxMotor: 	at java.lang.Thread.run(Thread.java:818)
12-28 18:49:50.224 18939 19019 V LynxModule: received status: LynxGetModuleStatusResponse(status=0x14 alerts=0x00: FailSafe)
12-28 18:49:50.232 18939 19017 V RobotCore: nack rec'd mod=2 msg#=109 ref#=0 reason=BATTERY_TOO_LOW_TO_RUN_MOTOR:52
12-28 18:49:50.232 18939 19049 E LynxMotor: exception thrown during lynx communication
12-28 18:49:50.233 18939 19049 E LynxMotor: com.qualcomm.hardware.lynx.LynxNackException: (DQ143RN2 #2) LynxSetMotorChannelEnableCommand: nack received: BATTERY_TOO_LOW_TO_RUN_MOTOR:52
12-28 18:49:50.234 18939 19049 E LynxMotor: 	at com.qualcomm.hardware.lynx.commands.LynxRespondable.throwIfNack(LynxRespondable.java:324)
12-28 18:49:50.234 18939 19049 E LynxMotor: 	at com.qualcomm.hardware.lynx.commands.LynxRespondable.send(LynxRespondable.java:239)
12-28 18:49:50.235 18939 19049 E LynxMotor: 	at com.qualcomm.hardware.lynx.LynxDcMotorController.internalSetMotorEnable(LynxDcMotorController.java:212)
12-28 18:49:50.235 18939 19049 E LynxMotor: 	at com.qualcomm.hardware.lynx.LynxDcMotorController.internalSetMotorPower(LynxDcMotorController.java:500)
12-28 18:49:50.236 18939 19049 E LynxMotor: 	at com.qualcomm.hardware.lynx.LynxDcMotorController.setMotorMode(LynxDcMotorController.java:330)
12-28 18:49:50.236 18939 19049 E LynxMotor: 	at com.qualcomm.robotcore.hardware.DcMotorImpl.internalSetMode(DcMotorImpl.java:321)
12-28 18:49:50.236 18939 19049 E LynxMotor: 	at com.qualcomm.robotcore.hardware.DcMotorImpl.setMode(DcMotorImpl.java:317)
12-28 18:49:50.237 18939 19049 E LynxMotor: 	at org.firstinspires.ftc.teamcode.TechNova2017.MecanumRobot.setGlyphLiftToRunEncoderMode(MecanumRobot.java:583)
12-28 18:49:50.238 18939 19049 E LynxMotor: 	at org.firstinspires.ftc.teamcode.TechNova2017.RelicRecoveryTeleOpsLinear.gamepadLoop(RelicRecoveryTeleOpsLinear.java:163)
12-28 18:49:50.238 18939 19049 E LynxMotor: 	at org.firstinspires.ftc.teamcode.TechNova2017.RelicRecoveryTeleOpsLinear.runOpMode(RelicRecoveryTeleOpsLinear.java:54)
12-28 18:49:50.238 18939 19049 E LynxMotor: 	at com.qualcomm.robotcore.eventloop.opmode.LinearOpMode$LinearOpModeHelper$1.run(LinearOpMode.java:305)
12-28 18:49:50.239 18939 19019 V LynxModule: received status: LynxGetModuleStatusResponse(status=0x14 alerts=0x00: FailSafe)
12-28 18:49:50.239 18939 19049 E LynxMotor: 	at com.qualcomm.robotcore.util.ThreadPool.logThreadLifeCycle(ThreadPool.java:709)
12-28 18:49:50.239 18939 19049 E LynxMotor: 	at com.qualcomm.robotcore.eventloop.opmode.LinearOpMode$LinearOpModeHelper.run(LinearOpMode.java:300)
12-28 18:49:50.240 18939 19049 E LynxMotor: 	at java.util.concurrent.ThreadPoolExecutor.runWorker(ThreadPoolExecutor.java:1113)
12-28 18:49:50.240 18939 19049 E LynxMotor: 	at java.util.concurrent.ThreadPoolExecutor$Worker.run(ThreadPoolExecutor.java:588)
12-28 18:49:50.240 18939 19049 E LynxMotor: 	at com.qualcomm.robotcore.util.ThreadPool$ThreadFactoryImpl$1.run(ThreadPool.java:764)
12-28 18:49:50.241 18939 19049 E LynxMotor: 	at java.lang.Thread.run(Thread.java:818)
12-28 18:49:50.254 18939 19017 V RobotCore: nack rec'd mod=2 msg#=113 ref#=0 reason=BATTERY_TOO_LOW_TO_RUN_MOTOR:52
12-28 18:49:50.255 18939 19049 E LynxMotor: exception thrown during lynx communication
12-28 18:49:50.256 18939 19049 E LynxMotor: com.qualcomm.hardware.lynx.LynxNackException: (DQ143RN2 #2) LynxSetMotorChannelEnableCommand: nack received: BATTERY_TOO_LOW_TO_RUN_MOTOR:52
12-28 18:49:50.256 18939 19049 E LynxMotor: 	at com.qualcomm.hardware.lynx.commands.LynxRespondable.throwIfNack(LynxRespondable.java:324)
12-28 18:49:50.257 18939 19049 E LynxMotor: 	at com.qualcomm.hardware.lynx.commands.LynxRespondable.send(LynxRespondable.java:239)
12-28 18:49:50.257 18939 19049 E LynxMotor: 	at com.qualcomm.hardware.lynx.LynxDcMotorController.internalSetMotorEnable(LynxDcMotorController.java:212)
12-28 18:49:50.257 18939 19049 E LynxMotor: 	at com.qualcomm.hardware.lynx.LynxDcMotorController.internalSetMotorPower(LynxDcMotorController.java:500)
12-28 18:49:50.258 18939 19049 E LynxMotor: 	at com.qualcomm.hardware.lynx.LynxDcMotorController.internalSetMotorPower(LynxDcMotorController.java:458)
12-28 18:49:50.259 18939 19049 E LynxMotor: 	at com.qualcomm.hardware.lynx.LynxDcMotorController.setMotorPower(LynxDcMotorController.java:405)
12-28 18:49:50.259 18939 19049 E LynxMotor: 	at com.qualcomm.robotcore.hardware.DcMotorImpl.internalSetPower(DcMotorImpl.java:204)
12-28 18:49:50.260 18939 19049 E LynxMotor: 	at com.qualcomm.robotcore.hardware.DcMotorImpl.setPower(DcMotorImpl.java:200)
12-28 18:49:50.260 18939 19049 E LynxMotor: 	at org.firstinspires.ftc.teamcode.TechNova2017.MecanumRobot.moveGlyphLift(MecanumRobot.java:416)
12-28 18:49:50.261 18939 19049 E LynxMotor: 	at org.firstinspires.ftc.teamcode.TechNova2017.RelicRecoveryTeleOpsLinear.gamepadLoop(RelicRecoveryTeleOpsLinear.java:164)
12-28 18:49:50.261 18939 19049 E LynxMotor: 	at org.firstinspires.ftc.teamcode.TechNova2017.RelicRecoveryTeleOpsLinear.runOpMode(RelicRecoveryTeleOpsLinear.java:54)
12-28 18:49:50.262 18939 19049 E LynxMotor: 	at com.qualcomm.robotcore.eventloop.opmode.LinearOpMode$LinearOpModeHelper$1.run(LinearOpMode.java:305)
12-28 18:49:50.262 18939 19019 V LynxModule: received status: LynxGetModuleStatusResponse(status=0x14 alerts=0x00: FailSafe)
12-28 18:49:50.262 18939 19049 E LynxMotor: 	at com.qualcomm.robotcore.util.ThreadPool.logThreadLifeCycle(ThreadPool.java:709)
12-28 18:49:50.263 18939 19049 E LynxMotor: 	at com.qualcomm.robotcore.eventloop.opmode.LinearOpMode$LinearOpModeHelper.run(LinearOpMode.java:300)
12-28 18:49:50.263 18939 19049 E LynxMotor: 	at java.util.concurrent.ThreadPoolExecutor.runWorker(ThreadPoolExecutor.java:1113)
12-28 18:49:50.263 18939 19049 E LynxMotor: 	at java.util.concurrent.ThreadPoolExecutor$Worker.run(ThreadPoolExecutor.java:588)
