11-26 19:44:35.246  8917 12921 I RobotCore: Motor                                              lr                             USB DQ143RN2; module 3; port 2
11-26 19:44:35.246  8917 12921 I RobotCore: REV Robotics USB Expansion Hub Portal              Expansion Hub Portal 1         USB DQ143RN2
11-26 19:44:35.246  8917 12921 I RobotCore: Servo                                              longArm                        USB DQ143RN2; module 2; port 5
11-26 19:44:35.246  8917 12921 I RobotCore: Servo                                              glyphLiftStopper               USB DQ143RN2; module 3; port 5
11-26 19:44:35.246  8917 12921 I RobotCore: Analog Input                                       range                          USB DQ143RN2; module 3; analog port 1
11-26 19:44:35.246  8917 12921 I RobotCore: Motor                                              led                            USB DQ143RN2; module 2; port 3
11-26 19:44:35.246  8917 12921 I RobotCore: Servo                                              upperLeftGripper               USB DQ143RN2; module 2; port 0
11-26 19:44:35.247  8917 12921 I RobotCore: Modern Robotics Range Sensor v0.0                  x2Range                        USB DQ143RN2; module 3; bus 2; addr7=0x14
11-26 19:44:35.247  8917 12921 I RobotCore: Expansion Hub DC Motor Controller                  Expansion Hub 3                USB DQ143RN2; module 3
11-26 19:44:35.247  8917 12921 I RobotCore: Expansion Hub Servo Controller                     Expansion Hub 3                USB DQ143RN2; module 3
11-26 19:44:35.247  8917 12921 I RobotCore: Expansion Hub Voltage Sensor                       Expansion Hub 3                USB DQ143RN2; module 3
11-26 19:44:35.247  8917 12921 I RobotCore: Expansion Hub Pwm Controller                       Expansion Hub 3                USB DQ143RN2; module 3
11-26 19:44:35.247  8917 12921 I RobotCore: Expansion Hub Analog Input Controller              Expansion Hub 3                USB DQ143RN2; module 3
11-26 19:44:35.247  8917 12921 I RobotCore: Expansion Hub Digital Channel Controller           Expansion Hub 3                USB DQ143RN2; module 3
11-26 19:44:35.247  8917 12921 I RobotCore: Expansion Hub (unknown firmware)                   Expansion Hub 3                USB DQ143RN2; module 3
11-26 19:44:35.247  8917 12921 I RobotCore: Expansion Hub DC Motor Controller                  Expansion Hub 2                USB DQ143RN2; module 2
11-26 19:44:35.247  8917 12921 I RobotCore: Expansion Hub Servo Controller                     Expansion Hub 2                USB DQ143RN2; module 2
11-26 19:44:35.247  8917 12921 I RobotCore: Expansion Hub Voltage Sensor                       Expansion Hub 2                USB DQ143RN2; module 2
11-26 19:44:35.248  8917 12921 I RobotCore: Expansion Hub Pwm Controller                       Expansion Hub 2                USB DQ143RN2; module 2
11-26 19:44:35.248  8917 12921 I RobotCore: Expansion Hub Analog Input Controller              Expansion Hub 2                USB DQ143RN2; module 2
11-26 19:44:35.248  8917 12921 I RobotCore: Expansion Hub Digital Channel Controller           Expansion Hub 2                USB DQ143RN2; module 2
11-26 19:44:35.248  8917 12921 I RobotCore: Expansion Hub (unknown firmware)                   Expansion Hub 2                USB DQ143RN2; module 2
11-26 19:44:35.249  8917 12921 I RobotCore: REV Expansion Hub IMU                              imu                            USB DQ143RN2; module 3; bus 0; addr7=0x00
11-26 19:44:35.249  8917 12921 I RobotCore: Servo                                              upperRightGripper              USB DQ143RN2; module 2; port 1
11-26 19:44:35.249  8917 12921 I RobotCore: Servo                                              shortArm                       USB DQ143RN2; module 2; port 4
11-26 19:44:35.249  8917 12921 I RobotCore: Servo                                              lowerLeftGripper               USB DQ143RN2; module 2; port 2
11-26 19:44:35.249  8917 12921 I RobotCore: Servo                                              relicClawholder                USB DQ143RN2; module 3; port 4
11-26 19:44:35.249  8917 12921 I RobotCore: MR Touch Sensor                                    glyphTouch                     USB DQ143RN2; module 2; analog port 1
11-26 19:44:35.249  8917 12921 I RobotCore: Motor                                              relicSlider                    USB DQ143RN2; module 2; port 1
11-26 19:44:35.249  8917 12921 I RobotCore: Motor                                              rf                             USB DQ143RN2; module 3; port 1
11-26 19:44:35.249  8917 12921 I RobotCore: Servo                                              glyphHolder                    USB DQ143RN2; module 3; port 0
11-26 19:44:35.249  8917 12921 I RobotCore: REV Color/Range Sensor                             jewelColor                     USB DQ143RN2; module 2; bus 1; addr7=0x39
11-26 19:44:35.250  8917 12921 I RobotCore: Motor                                              lf                             USB DQ143RN2; module 3; port 0
11-26 19:44:35.250  8917 12921 I RobotCore: Modern Robotics Range Sensor v0.0                  x1Range                        USB DQ143RN2; module 3; bus 1; addr7=0x14
11-26 19:44:35.250  8917 12921 I FtcEventLoop: ======= INIT FINISH =======
11-26 19:44:35.250  8917 12921 V RobotCore: EventLoopManager state is RUNNING
11-26 19:44:35.250  8917 12921 V RobotCore: Robot Status: running, starting robot
11-26 19:44:35.250  8917 12921 V RobotCore: Robot Status: running
11-26 19:44:35.250  8917 12921 V ThreadPool: container(0x06ae3f1c: executorEventLoop) added id=17043 TID=0 count=1
11-26 19:44:35.251  8917 12921 V RobotCore: thread: ...terminating 'RobotSetupRunnable.run()'
11-26 19:44:35.251  8917 12998 V RobotCore: thread: 'opmode loop()' starting...
11-26 19:44:35.252  8917  9005 W AudioTrack: AUDIO_OUTPUT_FLAG_FAST denied by client; transfer 4, track 8000 Hz, output 48000 Hz
11-26 19:44:35.257  8917 12998 D RobotCore: system telemetry: key=$System$Warning$ msg="unable to open REV Robotics USB Expansion Hub Portal [DQ143RN2]"
11-26 19:44:35.383  8917  9001 V Robocol : sending CMD_NOTIFY_ROBOT_STATE(64818), attempt: 0
11-26 19:44:35.384  8917  9001 V Robocol : sending CMD_NOTIFY_ROBOT_STATE(64819), attempt: 0
11-26 19:44:35.384  8917  9001 V Robocol : sending CMD_NOTIFY_ACTIVE_CONFIGURATION(64820), attempt: 0
11-26 19:44:35.385  8917  9001 V Robocol : sending CMD_NOTIFY_USER_DEVICE_LIST(64821), attempt: 0
11-26 19:44:35.386  8917  9001 V Robocol : sending CMD_NOTIFY_OP_MODE_LIST(64822), attempt: 0
11-26 19:44:35.386  8917  9001 V Robocol : sending CMD_NOTIFY_ROBOT_STATE(64824), attempt: 0
11-26 19:44:35.759  8917 12998 V ThreadPool: container(0x049667bf: OpModeStuckCodeMonitor) added id=17044 TID=0 count=1
11-26 19:44:35.762  8917 12998 I RobotCore: Attempting to switch to op mode $Stop$Robot$
11-26 19:44:35.784  8917  9001 V Robocol : sending CMD_NOTIFY_INIT_OP_MODE(64836), attempt: 0
11-26 19:44:35.989  8917  8996 V Robocol : resetting peerDisconnected()
11-26 19:44:36.013  8917 12998 I RobotCore: robot battery read duration: n=0, mean=0.000ms sd=-0.000ms
11-26 19:44:36.014  8917  8996 V NetDiscover_prefremrc: sendAllPreferences()
11-26 19:44:36.014  8917  8996 V NetDiscover_prefremrc: sending RC pref name=pref_wifip2p_remote_channel_change_works value=true
11-26 19:44:36.014  8917  8996 V NetDiscover_prefremrc: sending RC pref name=pref_device_name value=12611-RC
11-26 19:44:36.015  8917  8996 V NetDiscover_prefremrc: sending RC pref name=pref_has_independent_phone_battery value=true
11-26 19:44:36.015  8917  8996 V NetDiscover_prefremrc: sending RC pref name=pref_app_theme value=teal
11-26 19:44:36.015  8917  8996 V NetDiscover_prefremrc: sending RC pref name=pref_sound_on_off value=false
11-26 19:44:36.016  8917  8996 V RobotCore: Network: active, connected
11-26 19:44:36.023  8917  9001 V Robocol : sending CMD_NOTIFY_USER_DEVICE_LIST(64838), attempt: 0
11-26 19:44:36.024  8917  9001 V Robocol : sending CMD_ROBOT_CONTROLLER_PREFERENCE(64839), attempt: 0
11-26 19:44:36.024  8917  9001 V Robocol : sending CMD_ROBOT_CONTROLLER_PREFERENCE(64840), attempt: 0
11-26 19:44:36.024  8917  9001 V Robocol : sending CMD_ROBOT_CONTROLLER_PREFERENCE(64841), attempt: 0
11-26 19:44:36.025  8917  9001 V Robocol : sending CMD_ROBOT_CONTROLLER_PREFERENCE(64842), attempt: 0
11-26 19:44:36.025  8917  9001 V Robocol : sending CMD_ROBOT_CONTROLLER_PREFERENCE(64843), attempt: 0
11-26 19:44:36.271  8917  9005 W AudioTrack: AUDIO_OUTPUT_FLAG_FAST denied by client; transfer 4, track 44100 Hz, output 48000 Hz
11-26 19:44:36.667  8917  8917 V RCActivity: onPause()
11-26 19:44:36.683  8917  8917 V OnBotJavaService: onTrimMemory()
11-26 19:44:36.683  8917  8917 V MTPMonitorService: onTrimMemory()
11-26 19:44:36.683  8917  8917 V RCActivity: onStop()
11-26 19:44:36.683  8917  8917 V AppUtil : rootActivity=FtcRobotControllerActivity destroyed
11-26 19:44:36.683  8917  8917 V RCActivity: onDestroy()
11-26 19:44:36.683  8917  8917 V Robocol : EventLoopManager.shutdown()
11-26 19:44:36.683  8917  8917 V ThreadPool: waiting for service EventLoop
11-26 19:44:36.683  8917 12998 V RobotCore: EventLoopRunnable interrupted
11-26 19:44:36.684  8917 12998 V RobotCore: EventLoopManager state is STOPPED
11-26 19:44:36.684  8917 12998 V RobotCore: Robot Status: stopped
11-26 19:44:36.684  8917 12998 I FtcEventLoop: ======= TEARDOWN =======
11-26 19:44:36.685  8917 12998 V LynxMotor: disengage mod#=3
11-26 19:44:36.686  8917 12998 V LynxMotor: disengage mod#=2
11-26 19:44:36.687  8917 12998 V LynxServoController: disengage mod#=3
11-26 19:44:36.687  8917 12998 V LynxServoController: disengage mod#=2
11-26 19:44:36.687  8917 12998 V LynxUsb : 0x0253c0db on 0x01cec5ea: releasing delegate to [DQ143RN2]
11-26 19:44:36.687  8917 12998 V LynxUsb : 0x01cec5ea: releaseRef [DQ143RN2]=0
11-26 19:44:36.687  8917 12998 V LynxUsb : doClose([DQ143RN2])...
11-26 19:44:36.687  8917 12998 V LynxModule: close()
11-26 19:44:36.687  8917 12998 V ThreadPool: executive service lynx module executor(0x06ce0778) is terminated
11-26 19:44:36.687  8917 12998 V LynxModule: close()
11-26 19:44:36.687  8917 12998 V ThreadPool: executive service lynx module executor(0x08cb56b6) is terminated
11-26 19:44:36.688  8917 13002 V ThreadPool: container(0x049667bf: OpModeStuckCodeMonitor) removed id=17044 TID=13002 count=1
11-26 19:44:36.689  8917 12998 V LynxUsb : disarmDevice() serial=DQ143RN2...
11-26 19:44:36.689  8917 12998 V AMSColorSensorImpl: internalInitialize()...
11-26 19:44:36.689  8917 12998 V AMSColorSensorImpl: ...internalInitialize()
11-26 19:44:36.689  8917 12998 V LynxUsb : ...doClose([DQ143RN2])
11-26 19:44:36.690  8917 12998 I FtcEventLoop: ======= TEARDOWN COMPLETE =======
11-26 19:44:36.690  8917 12998 V RobotCore: thread: ...terminating 'opmode loop()'
11-26 19:44:36.690  8917 12998 V ThreadPool: container(0x06ae3f1c: executorEventLoop) removed id=17043 TID=12998 count=1
11-26 19:44:36.692  8917  8917 V ThreadPool: awaitTermination returned, isTerminated=true
11-26 19:44:36.692  8917  8917 V ThreadPool: executive service EventLoop(0x06ae3f1c) is terminated
11-26 19:44:36.692  8917  8917 V RobotCore: EventLoopManager state is STOPPED
11-26 19:44:36.694  8917  8917 V NetDiscover_name: doStop()...
11-26 19:44:36.694  8917  8917 V NetDiscover_name: ...doStop()
11-26 19:44:36.696  8917  8917 V ServiceStarter: attempting to stop service FtcRobotControllerWatchdogService
11-26 19:44:36.709  8917  9001 V Robocol : sending CMD_NOTIFY_ROBOT_STATE(64856), attempt: 0
11-26 19:44:36.710  8917  9001 V Robocol : sending CMD_NOTIFY_ROBOT_STATE(64857), attempt: 0
11-26 19:44:36.835  8917  8996 D RobotCore: system telemetry: key=$System$None$ msg=""
11-26 19:44:37.200  8917  8917 V RobotCore: closing logcat file /storage/emulated/0/robotControllerLog.txt
11-26 19:44:37.264 13020 13020 W ps      : type=1400 audit(0.0:339022): avc: denied { getattr } for uid=10133 path="/proc/1" dev="proc" ino=3382172 scontext=u:r:untrusted_app:s0:c512,c768 tcontext=u:r:init:s0 tclass=dir permissive=0
11-26 19:44:37.264 13020 13020 W ps      : type=1400 audit(0.0:339023): avc: denied { search } for uid=10133 name="1" dev="proc" ino=3382172 scontext=u:r:untrusted_app:s0:c512,c768 tcontext=u:r:init:s0 tclass=dir permissive=0
11-26 19:44:37.264 13020 13020 W ps      : type=1400 audit(0.0:339024): avc: denied { search } for uid=10133 name="1" dev="proc" ino=3382172 scontext=u:r:untrusted_app:s0:c512,c768 tcontext=u:r:init:s0 tclass=dir permissive=0
11-26 19:44:37.264 13020 13020 W ps      : type=1400 audit(0.0:339025): avc: denied { getattr } for uid=10133 path="/proc/2" dev="proc" ino=3382173 scontext=u:r:untrusted_app:s0:c512,c768 tcontext=u:r:kernel:s0 tclass=dir permissive=0
11-26 19:44:37.264 13020 13020 W ps      : type=1400 audit(0.0:339026): avc: denied { search } for uid=10133 name="2" dev="proc" ino=3382173 scontext=u:r:untrusted_app:s0:c512,c768 tcontext=u:r:kernel:s0 tclass=dir permissive=0
11-26 19:44:37.264 13020 13020 W ps      : type=1400 audit(0.0:339027): avc: denied { search } for uid=10133 name="2" dev="proc" ino=3382173 scontext=u:r:untrusted_app:s0:c512,c768 tcontext=u:r:kernel:s0 tclass=dir permissive=0
11-26 19:44:37.264 13020 13020 W ps      : type=1400 audit(0.0:339028): avc: denied { getattr } for uid=10133 path="/proc/3" dev="proc" ino=3382174 scontext=u:r:untrusted_app:s0:c512,c768 tcontext=u:r:kernel:s0 tclass=dir permissive=0
11-26 19:44:37.264 13020 13020 W ps      : type=1400 audit(0.0:339029): avc: denied { search } for uid=10133 name="3" dev="proc" ino=3382174 scontext=u:r:untrusted_app:s0:c512,c768 tcontext=u:r:kernel:s0 tclass=dir permissive=0
11-26 19:44:37.264 13020 13020 W ps      : type=1400 audit(0.0:339030): avc: denied { search } for uid=10133 name="3" dev="proc" ino=3382174 scontext=u:r:untrusted_app:s0:c512,c768 tcontext=u:r:kernel:s0 tclass=dir permissive=0
11-26 19:44:37.264 13020 13020 W ps      : type=1400 audit(0.0:339031): avc: denied { getattr } for uid=10133 path="/proc/5" dev="proc" ino=3382175 scontext=u:r:untrusted_app:s0:c512,c768 tcontext=u:r:kernel:s0 tclass=dir permissive=0
11-26 19:44:37.264 13020 13020 W ps      : type=1400 audit(0.0:339032): avc: denied { search } for uid=10133 name="5" dev="proc" ino=3382175 scontext=u:r:untrusted_app:s0:c512,c768 tcontext=u:r:kernel:s0 tclass=dir permissive=0
11-26 19:44:37.264 13020 13020 W ps      : type=1400 audit(0.0:339033): avc: denied { search } for uid=10133 name="5" dev="proc" ino=3382175 scontext=u:r:untrusted_app:s0:c512,c768 tcontext=u:r:kernel:s0 tclass=dir permissive=0
11-26 19:44:37.264 13020 13020 W ps      : type=1400 audit(0.0:339034): avc: denied { getattr } for uid=10133 path="/proc/6" dev="proc" ino=3382176 scontext=u:r:untrusted_app:s0:c512,c768 tcontext=u:r:kernel:s0 tclass=dir permissive=0
11-26 19:44:37.264 13020 13020 W ps      : type=1400 audit(0.0:339035): avc: denied { search } for uid=10133 name="6" dev="proc" ino=3382176 scontext=u:r:untrusted_app:s0:c512,c768 tcontext=u:r:kernel:s0 tclass=dir permissive=0
11-26 19:44:37.264 13020 13020 W ps      : type=1400 audit(0.0:339036): avc: denied { search } for uid=10133 name="6" dev="proc" ino=3382176 scontext=u:r:untrusted_app:s0:c512,c768 tcontext=u:r:kernel:s0 tclass=dir permissive=0
11-26 19:44:37.264 13020 13020 W ps      : type=1400 audit(0.0:339037): avc: denied { getattr } for uid=10133 path="/proc/7" dev="proc" ino=3382177 scontext=u:r:untrusted_app:s0:c512,c768 tcontext=u:r:kernel:s0 tclass=dir permissive=0
11-26 19:44:37.264 13020 13020 W ps      : type=1400 audit(0.0:339038): avc: denied { search } for uid=10133 name="7" dev="proc" ino=3382177 scontext=u:r:untrusted_app:s0:c512,c768 tcontext=u:r:kernel:s0 tclass=dir permissive=0
11-26 19:44:37.264 13020 13020 W ps      : type=1400 audit(0.0:339039): avc: denied { search } for uid=10133 name="7" dev="proc" ino=3382177 scontext=u:r:untrusted_app:s0:c512,c768 tcontext=u:r:kernel:s0 tclass=dir permissive=0
11-26 19:44:37.264 13020 13020 W ps      : type=1400 audit(0.0:339040): avc: denied { getattr } for uid=10133 path="/proc/8" dev="proc" ino=3382178 scontext=u:r:untrusted_app:s0:c512,c768 tcontext=u:r:kernel:s0 tclass=dir permissive=0
11-26 19:44:37.264 13020 13020 W ps      : type=1400 audit(0.0:339041): avc: denied { search } for uid=10133 name="8" dev="proc" ino=3382178 scontext=u:r:untrusted_app:s0:c512,c768 tcontext=u:r:kernel:s0 tclass=dir permissive=0
11-26 19:44:37.264 13020 13020 W ps      : type=1400 audit(0.0:339042): avc: denied { search } for uid=10133 name="8" dev="proc" ino=3382178 scontext=u:r:untrusted_app:s0:c512,c768 tcontext=u:r:kernel:s0 tclass=dir permissive=0
11-26 19:44:37.264 13020 13020 W ps      : type=1400 audit(0.0:339043): avc: denied { getattr } for uid=10133 path="/proc/9" dev="proc" ino=3382179 scontext=u:r:untrusted_app:s0:c512,c768 tcontext=u:r:kernel:s0 tclass=dir permissive=0
11-26 19:44:37.264 13020 13020 W ps      : type=1400 audit(0.0:339044): avc: denied { search } for uid=10133 name="9" dev="proc" ino=3382179 scontext=u:r:untrusted_app:s0:c512,c768 tcontext=u:r:kernel:s0 tclass=dir permissive=0
11-26 19:44:37.264 13020 13020 W ps      : type=1400 audit(0.0:339045): avc: denied { search } for uid=10133 name="9" dev="proc" ino=3382179 scontext=u:r:untrusted_app:s0:c512,c768 tcontext=u:r:kernel:s0 tclass=dir permissive=0
11-26 19:44:37.264 13020 13020 W ps      : type=1400 audit(0.0:339046): avc: denied { getattr } for uid=10133 path="/proc/10" dev="proc" ino=3382180 scontext=u:r:untrusted_app:s0:c512,c768 tcontext=u:r:kernel:s0 tclass=dir permissive=0
11-26 19:44:37.264 13020 13020 W ps      : type=1400 audit(0.0:339047): avc: denied { search } for uid=10133 name="10" dev="proc" ino=3382180 scontext=u:r:untrusted_app:s0:c512,c768 tcontext=u:r:kernel:s0 tclass=dir permissive=0
11-26 19:44:37.264 13020 13020 W ps      : type=1400 audit(0.0:339048): avc: denied { search } for uid=10133 name="10" dev="proc" ino=3382180 scontext=u:r:untrusted_app:s0:c512,c768 tcontext=u:r:kernel:s0 tclass=dir permissive=0
11-26 19:44:37.264 13020 13020 W ps      : type=1400 audit(0.0:339049): avc: denied { getattr } for uid=10133 path="/proc/11" dev="proc" ino=3382181 scontext=u:r:untrusted_app:s0:c512,c768 tcontext=u:r:kernel:s0 tclass=dir permissive=0
11-26 19:44:37.264 13020 13020 W ps      : type=1400 audit(0.0:339050): avc: denied { search } for uid=10133 name="11" dev="proc" ino=3382181 scontext=u:r:untrusted_app:s0:c512,c768 tcontext=u:r:kernel:s0 tclass=dir permissive=0
11-26 19:44:37.264 13020 13020 W ps      : type=1400 audit(0.0:339051): avc: denied { search } for uid=10133 name="11" dev="proc" ino=3382181 scontext=u:r:untrusted_app:s0:c512,c768 tcontext=u:r:kernel:s0 tclass=dir permissive=0
11-26 19:44:37.264 13020 13020 W ps      : type=1400 audit(0.0:339052): avc: denied { getattr } for uid=10133 path="/proc/12" dev="proc" ino=3382182 scontext=u:r:untrusted_app:s0:c512,c768 tcontext=u:r:kernel:s0 tclass=dir permissive=0
11-26 19:44:37.264 13020 13020 W ps      : type=1400 audit(0.0:339053): avc: denied { search } for uid=10133 name="12" dev="proc" ino=3382182 scontext=u:r:untrusted_app:s0:c512,c768 tcontext=u:r:kernel:s0 tclass=dir permissive=0
11-26 19:44:37.264 13020 13020 W ps      : type=1400 audit(0.0:339054): avc: denied { search } for uid=10133 name="12" dev="proc" ino=3382182 scontext=u:r:untrusted_app:s0:c512,c768 tcontext=u:r:kernel:s0 tclass=dir permissive=0
11-26 19:44:37.267 13020 13020 W ps      : type=1400 audit(0.0:339055): avc: denied { getattr } for uid=10133 path="/proc/14" dev="proc" ino=3382183 scontext=u:r:untrusted_app:s0:c512,c768 tcontext=u:r:kernel:s0 tclass=dir permissive=0
11-26 19:44:37.267 13020 13020 W ps      : type=1400 audit(0.0:339056): avc: denied { search } for uid=10133 name="14" dev="proc" ino=3382183 scontext=u:r:untrusted_app:s0:c512,c768 tcontext=u:r:kernel:s0 tclass=dir permissive=0
11-26 19:44:37.267 13020 13020 W ps      : type=1400 audit(0.0:339057): avc: denied { search } for uid=10133 name="14" dev="proc" ino=3382183 scontext=u:r:untrusted_app:s0:c512,c768 tcontext=u:r:kernel:s0 tclass=dir permissive=0
11-26 19:44:37.267 13020 13020 W ps      : type=1400 audit(0.0:339058): avc: denied { getattr } for uid=10133 path="/proc/15" dev="proc" ino=3382184 scontext=u:r:untrusted_app:s0:c512,c768 tcontext=u:r:kernel:s0 tclass=dir permissive=0
11-26 19:44:37.267 13020 13020 W ps      : type=1400 audit(0.0:339059): avc: denied { search } for uid=10133 name="15" dev="proc" ino=3382184 scontext=u:r:untrusted_app:s0:c512,c768 tcontext=u:r:kernel:s0 tclass=dir permissive=0
11-26 19:44:37.302  8917  8917 V RobotCore: Killing PID 8937
11-26 19:44:37.323  8917  9005 W AudioTrack: AUDIO_OUTPUT_FLAG_FAST denied by client; transfer 4, track 44100 Hz, output 48000 Hz
