11-26 18:23:29.625  8917  9016 W LynxPwmOutputController: LynxSetPWMEnableCommand not implemented by lynx hw; ignoring
11-26 18:23:29.632  8917  9016 W LynxPwmOutputController: LynxSetPWMConfigurationCommand not implemented by lynx hw; ignoring
11-26 18:23:29.637  8917  9016 W LynxPwmOutputController: LynxSetPWMEnableCommand not implemented by lynx hw; ignoring
11-26 18:23:29.642  8917  9016 W LynxPwmOutputController: LynxSetPWMConfigurationCommand not implemented by lynx hw; ignoring
11-26 18:23:29.647  8917  9016 W LynxPwmOutputController: LynxSetPWMEnableCommand not implemented by lynx hw; ignoring
11-26 18:23:29.652  8917  9016 W LynxPwmOutputController: LynxSetPWMConfigurationCommand not implemented by lynx hw; ignoring
11-26 18:23:29.657  8917  9016 W LynxPwmOutputController: LynxSetPWMEnableCommand not implemented by lynx hw; ignoring
11-26 18:23:29.662  8917  9016 W LynxPwmOutputController: LynxSetPWMConfigurationCommand not implemented by lynx hw; ignoring
11-26 18:23:29.666  8917  9016 W LynxPwmOutputController: LynxSetPWMEnableCommand not implemented by lynx hw; ignoring
11-26 18:23:29.670  8917  9016 W LynxPwmOutputController: LynxSetPWMConfigurationCommand not implemented by lynx hw; ignoring
11-26 18:23:29.674  8917  9016 W LynxPwmOutputController: LynxSetPWMEnableCommand not implemented by lynx hw; ignoring
11-26 18:23:29.679  8917  9016 W LynxPwmOutputController: LynxSetPWMConfigurationCommand not implemented by lynx hw; ignoring
11-26 18:23:29.683  8917  9016 W LynxPwmOutputController: LynxSetPWMEnableCommand not implemented by lynx hw; ignoring
11-26 18:23:29.687  8917  9016 W LynxPwmOutputController: LynxSetPWMConfigurationCommand not implemented by lynx hw; ignoring
11-26 18:23:29.691  8917  9016 W LynxPwmOutputController: LynxSetPWMEnableCommand not implemented by lynx hw; ignoring
11-26 18:23:29.694  8917  9016 W LynxPwmOutputController: LynxSetPWMConfigurationCommand not implemented by lynx hw; ignoring
11-26 18:23:29.782  8917  9016 V AMSColorSensorImpl: internalInitialize()...
11-26 18:23:29.818  8917  9016 V AMSColorSensorImpl: state: 07 f6 ff ff 00 00 00 00 00 00 00 00 00 00 08 61 
11-26 18:23:29.818  8917  9016 V AMSColorSensorImpl: state| 00 01 60 33 24 00 10 00 0b 
11-26 18:23:29.835  8917  9016 V AMSColorSensorImpl: disable() enabled=0x07...
11-26 18:23:29.869  8917  9016 V AMSColorSensorImpl: ...disable() enabled=0x00
11-26 18:23:29.869  8917  9016 V AMSColorSensorImpl: setIntegrationTime(0xf6)
11-26 18:23:29.883  8917  9016 V AMSColorSensorImpl: setGain(GAIN_4)
11-26 18:23:29.912  8917  9016 V AMSColorSensorImpl: setPDrive(Percent12_5)
11-26 18:23:29.941  8917  9016 V AMSColorSensorImpl: setProximityPulseCount(0x08)
11-26 18:23:29.969  8917  9016 V AMSColorSensorImpl: enable() enabled=0x00...
11-26 18:23:30.021  8917  9016 V AMSColorSensorImpl: ...enable() enabled=0x07
11-26 18:23:30.038  8917  9016 V AMSColorSensorImpl: state: 07 f6 ff ff 00 00 00 00 00 00 00 00 00 00 08 61 
11-26 18:23:30.039  8917  9016 V AMSColorSensorImpl: state| 00 01 60 33 24 00 11 00 0b 
11-26 18:23:30.039  8917  9016 V AMSColorSensorImpl: ...internalInitialize()
11-26 18:23:30.203  8917  9016 V ThreadPool: container(0x0d777264: LinearOpMode) added id=17009 TID=0 count=1
11-26 18:23:30.206  8917  9564 V RobotCore: thread: 'LinearOpMode main' starting...
11-26 18:23:30.210  8917  9001 V Robocol : sending CMD_NOTIFY_INIT_OP_MODE(20115), attempt: 0
11-26 18:23:30.282  8917  9564 I TechNova: MecanumRobot: Init Drive Motors |  Drive Motors are initialized ...
11-26 18:23:30.422  8917  9564 I TechNova: MecanumRobot: Init Servos |  Servos are initialized ...
11-26 18:23:33.433  8917  8996 V Robocol : received command: CMD_RUN_OP_MODE(29383) Relic Recovery TeleOps (Linear)
11-26 18:23:33.434  8917  8995 I BatteryChecker: percent remaining: 54 is charging: false
11-26 18:23:33.451  8917  9001 V Robocol : sending CMD_NOTIFY_RUN_OP_MODE(20152), attempt: 0
11-26 18:23:53.295  8917  9097 V RobotCore: nack rec'd mod=2 msg#=229 ref#=0 reason=COMMAND_INVALID_FOR_MOTOR_MODE:51
11-26 18:23:53.297  8917  9564 E LynxMotor: exception thrown during lynx communication
11-26 18:23:53.298  8917  9564 E LynxMotor: com.qualcomm.hardware.lynx.LynxNackException: (DQ143RN2 #2) LynxIsMotorAtTargetCommand: nack received: COMMAND_INVALID_FOR_MOTOR_MODE:51
11-26 18:23:53.299  8917  9564 E LynxMotor: 	at com.qualcomm.hardware.lynx.commands.LynxRespondable.responseOrThrow(LynxRespondable.java:314)
11-26 18:23:53.299  8917  9564 E LynxMotor: 	at com.qualcomm.hardware.lynx.commands.LynxRespondable.sendReceive(LynxRespondable.java:254)
11-26 18:23:53.300  8917  9564 E LynxMotor: 	at com.qualcomm.hardware.lynx.LynxDcMotorController.isBusy(LynxDcMotorController.java:564)
11-26 18:23:53.300  8917  9564 E LynxMotor: 	at com.qualcomm.robotcore.hardware.DcMotorImpl.isBusy(DcMotorImpl.java:228)
11-26 18:23:53.300  8917  9564 E LynxMotor: 	at org.firstinspires.ftc.teamcode.TechNova2017.MecanumRobot.busy(MecanumRobot.java:831)
11-26 18:23:53.301  8917  9564 E LynxMotor: 	at org.firstinspires.ftc.teamcode.TechNova2017.MecanumRobot.isGlyphLiftTartReached(MecanumRobot.java:581)
11-26 18:23:53.301  8917  9564 E LynxMotor: 	at org.firstinspires.ftc.teamcode.TechNova2017.RelicRecoveryTeleOpsLinear.gamepadLoop(RelicRecoveryTeleOpsLinear.java:97)
11-26 18:23:53.302  8917  9564 E LynxMotor: 	at org.firstinspires.ftc.teamcode.TechNova2017.RelicRecoveryTeleOpsLinear.runOpMode(RelicRecoveryTeleOpsLinear.java:48)
11-26 18:23:53.302  8917  9564 E LynxMotor: 	at com.qualcomm.robotcore.eventloop.opmode.LinearOpMode$LinearOpModeHelper$1.run(LinearOpMode.java:305)
11-26 18:23:53.303  8917  9564 E LynxMotor: 	at com.qualcomm.robotcore.util.ThreadPool.logThreadLifeCycle(ThreadPool.java:709)
11-26 18:23:53.303  8917  9564 E LynxMotor: 	at com.qualcomm.robotcore.eventloop.opmode.LinearOpMode$LinearOpModeHelper.run(LinearOpMode.java:300)
11-26 18:23:53.304  8917  9564 E LynxMotor: 	at java.util.concurrent.ThreadPoolExecutor.runWorker(ThreadPoolExecutor.java:1113)
11-26 18:23:53.304  8917  9564 E LynxMotor: 	at java.util.concurrent.ThreadPoolExecutor$Worker.run(ThreadPoolExecutor.java:588)
11-26 18:23:53.305  8917  9564 E LynxMotor: 	at com.qualcomm.robotcore.util.ThreadPool$ThreadFactoryImpl$1.run(ThreadPool.java:764)
11-26 18:23:53.305  8917  9564 E LynxMotor: 	at java.lang.Thread.run(Thread.java:818)
11-26 18:23:55.181  8917  8927 I art     : Background sticky concurrent mark sweep GC freed 464925(15MB) AllocSpace objects, 0(0B) LOS objects, 39% free, 23MB/38MB, paused 1.966ms total 117.630ms
11-26 18:24:13.226  8917  8927 I art     : Background partial concurrent mark sweep GC freed 463838(15MB) AllocSpace objects, 0(0B) LOS objects, 40% free, 23MB/38MB, paused 1.856ms total 125.365ms
11-26 18:24:21.955  8917  8917 I BatteryChecker: percent remaining: 54 is charging: false
11-26 18:24:22.040  8917  8917 I BatteryChecker: percent remaining: 54 is charging: false
11-26 18:24:31.187  8917  8927 I art     : Background sticky concurrent mark sweep GC freed 462379(15MB) AllocSpace objects, 0(0B) LOS objects, 40% free, 23MB/38MB, paused 1.739ms total 112.905ms
11-26 18:24:49.388  8917  8927 I art     : Background partial concurrent mark sweep GC freed 463698(15MB) AllocSpace objects, 0(0B) LOS objects, 39% free, 23MB/38MB, paused 1.956ms total 117.689ms
11-26 18:25:07.486  8917  8927 I art     : Background sticky concurrent mark sweep GC freed 462727(15MB) AllocSpace objects, 0(0B) LOS objects, 39% free, 23MB/38MB, paused 2.235ms total 117.726ms
11-26 18:25:14.713  8917  8917 I BatteryChecker: percent remaining: 54 is charging: false
11-26 18:25:16.240  8917  9564 I RobotCore: robot battery read duration: n=10, mean=3.941ms sd=0.930ms
11-26 18:25:22.107  8917  8917 I BatteryChecker: percent remaining: 54 is charging: false
11-26 18:25:25.651  8917  8927 I art     : Background partial concurrent mark sweep GC freed 461661(15MB) AllocSpace objects, 0(0B) LOS objects, 39% free, 23MB/38MB, paused 1.782ms total 121.614ms
11-26 18:25:43.565  8917  8927 I art     : Background sticky concurrent mark sweep GC freed 461761(15MB) AllocSpace objects, 0(0B) LOS objects, 39% free, 23MB/38MB, paused 1.888ms total 122.138ms
11-26 18:26:01.866  8917  8927 I art     : Background partial concurrent mark sweep GC freed 463527(15MB) AllocSpace objects, 0(0B) LOS objects, 40% free, 23MB/38MB, paused 1.968ms total 103.207ms
11-26 18:26:20.604  8917  8927 I art     : Background sticky concurrent mark sweep GC freed 464653(15MB) AllocSpace objects, 0(0B) LOS objects, 40% free, 23MB/38MB, paused 1.772ms total 102.852ms
11-26 18:26:22.264  8917  8917 I BatteryChecker: percent remaining: 54 is charging: false
11-26 18:26:39.417  8917  8927 I art     : Background sticky concurrent mark sweep GC freed 463664(15MB) AllocSpace objects, 0(0B) LOS objects, 39% free, 23MB/38MB, paused 1.747ms total 102.948ms
11-26 18:26:58.249  8917  8927 I art     : Background sticky concurrent mark sweep GC freed 464513(15MB) AllocSpace objects, 0(0B) LOS objects, 39% free, 23MB/38MB, paused 1.871ms total 101.960ms
11-26 18:27:07.534  8917  8917 I BatteryChecker: percent remaining: 54 is charging: false
11-26 18:27:07.553  8917  8996 V Robocol : received command: CMD_INIT_OP_MODE(37130) $Stop$Robot$
11-26 18:27:07.564  8917  8995 I BatteryChecker: percent remaining: 54 is charging: false
11-26 18:27:07.574  8917  9016 V ThreadPool: waiting for service user linear op mode
11-26 18:27:07.579  8917  9564 V RobotCore: thread: ...terminating 'LinearOpMode main'
11-26 18:27:07.579  8917  9016 V ThreadPool: awaitTermination returned, isTerminated=true
11-26 18:27:07.579  8917  9564 V ThreadPool: container(0x0d777264: LinearOpMode) removed id=17009 TID=9564 count=1
11-26 18:27:07.579  8917  9016 V ThreadPool: executive service user linear op mode(0x0d777264) is terminated
11-26 18:27:07.579  8917  9016 I RobotCore: Attempting to switch to op mode $Stop$Robot$
11-26 18:27:07.610  8917  9001 V Robocol : sending CMD_NOTIFY_INIT_OP_MODE(28100), attempt: 0
11-26 18:27:07.634  8917  8996 V Robocol : received command: CMD_RUN_OP_MODE(37138) $Stop$Robot$
11-26 18:27:07.635  8917  8995 I BatteryChecker: percent remaining: 54 is charging: false
11-26 18:27:07.651  8917  9001 V Robocol : sending CMD_NOTIFY_RUN_OP_MODE(28106), attempt: 0
11-26 18:27:08.312  8917  8996 V Robocol : received command: CMD_INIT_OP_MODE(37151) $Stop$Robot$
11-26 18:27:08.314  8917  8995 I BatteryChecker: percent remaining: 54 is charging: false
11-26 18:27:08.325  8917  9016 I RobotCore: Attempting to switch to op mode $Stop$Robot$
11-26 18:27:08.410  8917  9001 V Robocol : sending CMD_NOTIFY_INIT_OP_MODE(28124), attempt: 0
11-26 18:27:08.433  8917  8996 V Robocol : received command: CMD_RUN_OP_MODE(37161) $Stop$Robot$
11-26 18:27:08.435  8917  8995 I BatteryChecker: percent remaining: 54 is charging: false
11-26 18:27:08.451  8917  9001 V Robocol : sending CMD_NOTIFY_RUN_OP_MODE(28133), attempt: 0
11-26 18:27:10.552  8917  8996 V Robocol : received command: CMD_INIT_OP_MODE(37238) Auto Red 1
11-26 18:27:10.554  8917  8995 I BatteryChecker: percent remaining: 54 is charging: false
11-26 18:27:10.565  8917  9016 I RobotCore: Attempting to switch to op mode Auto Red 1
11-26 18:27:10.655  8917  9016 W LynxPwmOutputController: LynxSetPWMEnableCommand not implemented by lynx hw; ignoring
11-26 18:27:10.661  8917  9016 W LynxPwmOutputController: LynxSetPWMConfigurationCommand not implemented by lynx hw; ignoring
11-26 18:27:10.666  8917  9016 W LynxPwmOutputController: LynxSetPWMEnableCommand not implemented by lynx hw; ignoring
11-26 18:27:10.671  8917  9016 W LynxPwmOutputController: LynxSetPWMConfigurationCommand not implemented by lynx hw; ignoring
11-26 18:27:10.676  8917  9016 W LynxPwmOutputController: LynxSetPWMEnableCommand not implemented by lynx hw; ignoring
11-26 18:27:10.681  8917  9016 W LynxPwmOutputController: LynxSetPWMConfigurationCommand not implemented by lynx hw; ignoring
11-26 18:27:10.686  8917  9016 W LynxPwmOutputController: LynxSetPWMEnableCommand not implemented by lynx hw; ignoring
11-26 18:27:10.691  8917  9016 W LynxPwmOutputController: LynxSetPWMConfigurationCommand not implemented by lynx hw; ignoring
11-26 18:27:10.695  8917  9016 W LynxPwmOutputController: LynxSetPWMEnableCommand not implemented by lynx hw; ignoring
11-26 18:27:10.699  8917  9016 W LynxPwmOutputController: LynxSetPWMConfigurationCommand not implemented by lynx hw; ignoring
11-26 18:27:10.702  8917  9016 W LynxPwmOutputController: LynxSetPWMEnableCommand not implemented by lynx hw; ignoring
11-26 18:27:10.706  8917  9016 W LynxPwmOutputController: LynxSetPWMConfigurationCommand not implemented by lynx hw; ignoring
11-26 18:27:10.711  8917  9016 W LynxPwmOutputController: LynxSetPWMEnableCommand not implemented by lynx hw; ignoring
11-26 18:27:10.715  8917  9016 W LynxPwmOutputController: LynxSetPWMConfigurationCommand not implemented by lynx hw; ignoring
11-26 18:27:10.719  8917  9016 W LynxPwmOutputController: LynxSetPWMEnableCommand not implemented by lynx hw; ignoring
11-26 18:27:10.723  8917  9016 W LynxPwmOutputController: LynxSetPWMConfigurationCommand not implemented by lynx hw; ignoring
11-26 18:27:10.836  8917  9016 V AMSColorSensorImpl: internalInitialize()...
11-26 18:27:10.870  8917  9016 V AMSColorSensorImpl: state: 07 f6 ff ff 00 00 00 00 00 00 00 00 00 00 08 61 
11-26 18:27:10.870  8917  9016 V AMSColorSensorImpl: state| 00 01 60 33 23 00 10 00 0b 
11-26 18:27:10.886  8917  9016 V AMSColorSensorImpl: disable() enabled=0x07...
11-26 18:27:10.920  8917  9016 V AMSColorSensorImpl: ...disable() enabled=0x00
11-26 18:27:10.920  8917  9016 V AMSColorSensorImpl: setIntegrationTime(0xf6)
11-26 18:27:10.932  8917  9016 V AMSColorSensorImpl: setGain(GAIN_4)
11-26 18:27:10.961  8917  9016 V AMSColorSensorImpl: setPDrive(Percent12_5)
11-26 18:27:10.990  8917  9016 V AMSColorSensorImpl: setProximityPulseCount(0x08)
11-26 18:27:11.019  8917  9016 V AMSColorSensorImpl: enable() enabled=0x00...
11-26 18:27:11.070  8917  9016 V AMSColorSensorImpl: ...enable() enabled=0x07
11-26 18:27:11.093  8917  9016 V AMSColorSensorImpl: state: 07 f6 ff ff 00 00 00 00 00 00 00 00 00 00 08 61 
11-26 18:27:11.093  8917  9016 V AMSColorSensorImpl: state| 00 01 60 33 23 00 10 00 0b 
11-26 18:27:11.093  8917  9016 V AMSColorSensorImpl: ...internalInitialize()
11-26 18:27:11.279  8917  9016 V ThreadPool: container(0x0ff22982: LinearOpMode) added id=17010 TID=0 count=1
11-26 18:27:11.285  8917  9718 V RobotCore: thread: 'LinearOpMode main' starting...
11-26 18:27:11.290  8917  9001 V Robocol : sending CMD_NOTIFY_INIT_OP_MODE(28221), attempt: 0
11-26 18:27:11.362  8917  9718 I TechNova: MecanumRobot: Init Drive Motors |  Drive Motors are initialized ...
11-26 18:27:11.363  8917  9718 I MecanumRobot: 0 | init ...
11-26 18:27:11.464  8917  9718 V RobotCore: addr=false data=true arb=false clock=false
11-26 18:27:11.464  8917  9718 E LynxI2cDeviceSynch: readStatusQuery: cbExpected=1 cbRead=0
11-26 18:27:11.464  8917  9718 E LynxI2cDeviceSynch: placeholder: readStatusQuery
11-26 18:27:11.538  8917  9718 V RobotCore: addr=false data=true arb=false clock=false
11-26 18:27:11.538  8917  9718 E LynxI2cDeviceSynch: readStatusQuery: cbExpected=1 cbRead=0
11-26 18:27:11.609  8917  9718 V RobotCore: addr=false data=true arb=false clock=false
11-26 18:27:11.609  8917  9718 E LynxI2cDeviceSynch: readStatusQuery: cbExpected=1 cbRead=0
11-26 18:27:11.682  8917  9718 V RobotCore: addr=false data=true arb=false clock=false
11-26 18:27:11.683  8917  9718 E LynxI2cDeviceSynch: readStatusQuery: cbExpected=1 cbRead=0
11-26 18:27:11.755  8917  9718 V RobotCore: addr=false data=true arb=false clock=false
11-26 18:27:11.755  8917  9718 E LynxI2cDeviceSynch: readStatusQuery: cbExpected=1 cbRead=0
11-26 18:27:12.222  8917  9718 W IMU     : re-issuing IMU mode: system status=IDLE expected=RUNNING_FUSION
11-26 18:27:12.394  8917  9718 I TechNova: MecanumRobot: Init Imu | 1031 | imu initialized ...
11-26 18:27:12.395  8917  9718 I TechNova: MecanumRobot: Init Range Sesnor |  Range Sensor x1 and x2 are initialized ...
11-26 18:27:12.530  8917  9718 I TechNova: MecanumRobot: Init Servos |  Servos are initialized ...
11-26 18:27:12.903  8917  9718 I AR      : Vuforia SDK version 6.0.117
11-26 18:27:13.608  8917  9718 I AR      : ObjectTracker: Successfully created dataset
11-26 18:27:13.608  8917  9718 V Vuforia : loading data set 'RelicVuMark'...
11-26 18:27:13.831  8917  9718 V Vuforia : ... done loading data set 'RelicVuMark'
11-26 18:27:13.925  8917  9718 I JewelPusher: Color in Init (R,G, B):16, 11, 8
11-26 18:27:13.949  8917  9718 I TechNova: MecanumRobot: IMU Heading: | -0.0
11-26 18:27:13.949  8917  9718 I VuMarkVision: VuMark | UNKNOWN visible
11-26 18:27:14.867  8917  9718 E LynxI2cDeviceSynch: exception thrown during lynx communication
11-26 18:27:14.868  8917  9718 E LynxI2cDeviceSynch: com.qualcomm.hardware.lynx.LynxNackException: (DQ143RN2 #3) LynxI2cReadSingleByteCommand: nack received: I2C_OPERATION_IN_PROGRESS:41
11-26 18:27:14.869  8917  9718 E LynxI2cDeviceSynch: 	at com.qualcomm.hardware.lynx.commands.LynxRespondable.throwIfNack(LynxRespondable.java:324)
11-26 18:27:14.869  8917  9718 E LynxI2cDeviceSynch: 	at com.qualcomm.hardware.lynx.commands.LynxRespondable.send(LynxRespondable.java:239)
11-26 18:27:14.871  8917  9718 E LynxI2cDeviceSynch: 	at com.qualcomm.hardware.lynx.LynxI2cDeviceSynchV1$1.get(LynxI2cDeviceSynchV1.java:76)
11-26 18:27:14.873  8917  9718 E LynxI2cDeviceSynch: 	at com.qualcomm.hardware.lynx.LynxI2cDeviceSynchV1$1.get(LynxI2cDeviceSynchV1.java:64)
11-26 18:27:14.873  8917  9718 E LynxI2cDeviceSynch: 	at com.qualcomm.hardware.lynx.LynxModule.acquireI2cLockWhile(LynxModule.java:1118)
11-26 18:27:14.874  8917  9718 E LynxI2cDeviceSynch: 	at com.qualcomm.hardware.lynx.LynxI2cDeviceSynch.acquireI2cLockWhile(LynxI2cDeviceSynch.java:391)
11-26 18:27:14.874  8917  9718 E LynxI2cDeviceSynch: 	at com.qualcomm.hardware.lynx.LynxI2cDeviceSynchV1.readTimeStamped(LynxI2cDeviceSynchV1.java:63)
11-26 18:27:14.875  8917  9718 E LynxI2cDeviceSynch: 	at com.qualcomm.robotcore.hardware.I2cDeviceSynchImplOnSimple.readTimeStamped(I2cDeviceSynchImplOnSimple.java:525)
11-26 18:27:14.876  8917  9718 E LynxI2cDeviceSynch: 	at com.qualcomm.robotcore.hardware.I2cDeviceSynchImplOnSimple.read(I2cDeviceSynchImplOnSimple.java:489)
11-26 18:27:14.876  8917  9718 E LynxI2cDeviceSynch: 	at com.qualcomm.robotcore.hardware.I2cDeviceSynchImplOnSimple.read8(I2cDeviceSynchImplOnSimple.java:483)
11-26 18:27:14.877  8917  9718 E LynxI2cDeviceSynch: 	at com.qualcomm.hardware.modernrobotics.ModernRoboticsI2cRangeSensor.read8(ModernRoboticsI2cRangeSensor.java:292)
11-26 18:27:14.877  8917  9718 E LynxI2cDeviceSynch: 	at com.qualcomm.hardware.modernrobotics.ModernRoboticsI2cRangeSensor.readUnsignedByte(ModernRoboticsI2cRangeSensor.java:306)
11-26 18:27:14.878  8917  9718 E LynxI2cDeviceSynch: 	at com.qualcomm.hardware.modernrobotics.ModernRoboticsI2cRangeSensor.rawUltrasonic(ModernRoboticsI2cRangeSensor.java:244)
11-26 18:27:14.878  8917  9718 E LynxI2cDeviceSynch: 	at com.qualcomm.hardware.modernrobotics.ModernRoboticsI2cRangeSensor.cmUltrasonic(ModernRoboticsI2cRangeSensor.java:189)
11-26 18:27:14.879  8917  9718 E LynxI2cDeviceSynch: 	at com.qualcomm.hardware.modernrobotics.ModernRoboticsI2cRangeSensor.getDistance(ModernRoboticsI2cRangeSensor.java:169)
11-26 18:27:14.881  8917  9718 E LynxI2cDeviceSynch: 	at org.firstinspires.ftc.teamcode.TechNova2017.MecanumRobot.getX1Distance(MecanumRobot.java:1000)
11-26 18:27:14.882  8917  9718 E LynxI2cDeviceSynch: 	at org.firstinspires.ftc.teamcode.TechNova2017.RelicRecoveryAutoStrategyBase.runOpMode(RelicRecoveryAutoStrategyBase.java:51)
11-26 18:27:14.883  8917  9718 E LynxI2cDeviceSynch: 	at com.qualcomm.robotcore.eventloop.opmode.LinearOpMode$LinearOpModeHelper$1.run(LinearOpMode.java:305)
11-26 18:27:14.883  8917  9718 E LynxI2cDeviceSynch: 	at com.qualcomm.robotcore.util.ThreadPool.logThreadLifeCycle(ThreadPool.java:709)
11-26 18:27:14.883  8917  9718 E LynxI2cDeviceSynch: 	at com.qualcomm.robotcore.eventloop.opmode.LinearOpMode$LinearOpModeHelper.run(LinearOpMode.java:300)
11-26 18:27:14.884  8917  9718 E LynxI2cDeviceSynch: 	at java.util.concurrent.ThreadPoolExecutor.runWorker(ThreadPoolExecutor.java:1113)
11-26 18:27:14.884  8917  9718 E LynxI2cDeviceSynch: 	at java.util.concurrent.ThreadPoolExecutor$Worker.run(ThreadPoolExecutor.java:588)
11-26 18:27:14.885  8917  9718 E LynxI2cDeviceSynch: 	at com.qualcomm.robotcore.util.ThreadPool$ThreadFactoryImpl$1.run(ThreadPool.java:764)
11-26 18:27:14.885  8917  9718 E LynxI2cDeviceSynch: 	at java.lang.Thread.run(Thread.java:818)
11-26 18:27:14.885  8917  9718 E LynxI2cDeviceSynch: placeholder: readTimestamped
11-26 18:27:14.886  8917  9016 D RobotCore: system telemetry: key=$System$Warning$ msg="problem with "x1Range""
11-26 18:27:14.990  8917  9097 V RobotCore: nack rec'd mod=3 msg#=176 ref#=0 reason=PACKET_TYPE_ID_UNKNOWN:255
11-26 18:27:14.990  8917  9718 E LynxI2cDeviceSynch: exception thrown during lynx communication
11-26 18:27:14.991  8917  9718 E LynxI2cDeviceSynch: com.qualcomm.hardware.lynx.LynxNackException: (DQ143RN2 #3) LynxI2cWriteSingleByteCommand: nack received: PACKET_TYPE_ID_UNKNOWN:255
11-26 18:27:14.995  8917  9718 E LynxI2cDeviceSynch: 	at com.qualcomm.hardware.lynx.commands.LynxRespondable.throwIfNack(LynxRespondable.java:324)
11-26 18:27:14.995  8917  9718 E LynxI2cDeviceSynch: 	at com.qualcomm.hardware.lynx.commands.LynxRespondable.send(LynxRespondable.java:239)
11-26 18:27:14.996  8917  9718 E LynxI2cDeviceSynch: 	at com.qualcomm.hardware.lynx.LynxI2cDeviceSynch.sendI2cWriteTx(LynxI2cDeviceSynch.java:371)
11-26 18:27:14.997  8917  9718 E LynxI2cDeviceSynch: 	at com.qualcomm.hardware.lynx.LynxI2cDeviceSynchV1$1.get(LynxI2cDeviceSynchV1.java:67)
11-26 18:27:14.997  8917  9718 E LynxI2cDeviceSynch: 	at com.qualcomm.hardware.lynx.LynxI2cDeviceSynchV1$1.get(LynxI2cDeviceSynchV1.java:64)
11-26 18:27:14.997  8917  9718 E LynxI2cDeviceSynch: 	at com.qualcomm.hardware.lynx.LynxModule.acquireI2cLockWhile(LynxModule.java:1118)
11-26 18:27:14.998  8917  9718 E LynxI2cDeviceSynch: 	at com.qualcomm.hardware.lynx.LynxI2cDeviceSynch.acquireI2cLockWhile(LynxI2cDeviceSynch.java:391)
11-26 18:27:14.998  8917  9718 E LynxI2cDeviceSynch: 	at com.qualcomm.hardware.lynx.LynxI2cDeviceSynchV1.readTimeStamped(LynxI2cDeviceSynchV1.java:63)
11-26 18:27:14.999  8917  9718 E LynxI2cDeviceSynch: 	at com.qualcomm.robotcore.hardware.I2cDeviceSynchImplOnSimple.readTimeStamped(I2cDeviceSynchImplOnSimple.java:525)
11-26 18:27:14.999  8917  9718 E LynxI2cDeviceSynch: 	at com.qualcomm.robotcore.hardware.I2cDeviceSynchImplOnSimple.read(I2cDeviceSynchImplOnSimple.java:489)
11-26 18:27:15.000  8917  9718 E LynxI2cDeviceSynch: 	at com.qualcomm.robotcore.hardware.I2cDeviceSynchImplOnSimple.read8(I2cDeviceSynchImplOnSimple.java:483)
11-26 18:27:15.000  8917  9718 E LynxI2cDeviceSynch: 	at com.qualcomm.hardware.modernrobotics.ModernRoboticsI2cRangeSensor.read8(ModernRoboticsI2cRangeSensor.java:292)
11-26 18:27:15.000  8917  9718 E LynxI2cDeviceSynch: 	at com.qualcomm.hardware.modernrobotics.ModernRoboticsI2cRangeSensor.readUnsignedByte(ModernRoboticsI2cRangeSensor.java:306)
11-26 18:27:15.001  8917  9718 E LynxI2cDeviceSynch: 	at com.qualcomm.hardware.modernrobotics.ModernRoboticsI2cRangeSensor.rawOptical(ModernRoboticsI2cRangeSensor.java:253)
11-26 18:27:15.001  8917  9718 E LynxI2cDeviceSynch: 	at com.qualcomm.hardware.modernrobotics.ModernRoboticsI2cRangeSensor.getDistance(ModernRoboticsI2cRangeSensor.java:160)
11-26 18:27:15.001  8917  9718 E LynxI2cDeviceSynch: 	at org.firstinspires.ftc.teamcode.TechNova2017.MecanumRobot.getX1Distance(MecanumRobot.java:1000)
11-26 18:27:15.002  8917  9718 E LynxI2cDeviceSynch: 	at org.firstinspires.ftc.teamcode.TechNova2017.RelicRecoveryAutoStrategyBase.runOpMode(RelicRecoveryAutoStrategyBase.java:51)
11-26 18:27:15.002  8917  9718 E LynxI2cDeviceSynch: 	at com.qualcomm.robotcore.eventloop.opmode.LinearOpMode$LinearOpModeHelper$1.run(LinearOpMode.java:305)
11-26 18:27:15.003  8917  9718 E LynxI2cDeviceSynch: 	at com.qualcomm.robotcore.util.ThreadPool.logThreadLifeCycle(ThreadPool.java:709)
11-26 18:27:15.003  8917  9718 E LynxI2cDeviceSynch: 	at com.qualcomm.robotcore.eventloop.opmode.LinearOpMode$LinearOpModeHelper.run(LinearOpMode.java:300)
11-26 18:27:15.003  8917  9718 E LynxI2cDeviceSynch: 	at java.util.concurrent.ThreadPoolExecutor.runWorker(ThreadPoolExecutor.java:1113)
11-26 18:27:15.004  8917  9718 E LynxI2cDeviceSynch: 	at java.util.concurrent.ThreadPoolExecutor$Worker.run(ThreadPoolExecutor.java:588)
11-26 18:27:15.004  8917  9718 E LynxI2cDeviceSynch: 	at com.qualcomm.robotcore.util.ThreadPool$ThreadFactoryImpl$1.run(ThreadPool.java:764)
11-26 18:27:15.004  8917  9718 E LynxI2cDeviceSynch: 	at java.lang.Thread.run(Thread.java:818)
11-26 18:27:15.027  8917  9016 D RobotCore: system telemetry: key=$System$None$ msg=""
11-26 18:27:17.177  8917  9718 E LynxI2cDeviceSynch: exception thrown during lynx communication
11-26 18:27:17.178  8917  9718 E LynxI2cDeviceSynch: com.qualcomm.hardware.lynx.LynxNackException: (DQ143RN2 #3) LynxI2cReadSingleByteCommand: nack received: I2C_OPERATION_IN_PROGRESS:41
11-26 18:27:17.179  8917  9718 E LynxI2cDeviceSynch: 	at com.qualcomm.hardware.lynx.commands.LynxRespondable.throwIfNack(LynxRespondable.java:324)
11-26 18:27:17.179  8917  9718 E LynxI2cDeviceSynch: 	at com.qualcomm.hardware.lynx.commands.LynxRespondable.send(LynxRespondable.java:239)
11-26 18:27:17.181  8917  9718 E LynxI2cDeviceSynch: 	at com.qualcomm.hardware.lynx.LynxI2cDeviceSynchV1$1.get(LynxI2cDeviceSynchV1.java:76)
11-26 18:27:17.181  8917  9718 E LynxI2cDeviceSynch: 	at com.qualcomm.hardware.lynx.LynxI2cDeviceSynchV1$1.get(LynxI2cDeviceSynchV1.java:64)
11-26 18:27:17.182  8917  9718 E LynxI2cDeviceSynch: 	at com.qualcomm.hardware.lynx.LynxModule.acquireI2cLockWhile(LynxModule.java:1118)
11-26 18:27:17.182  8917  9718 E LynxI2cDeviceSynch: 	at com.qualcomm.hardware.lynx.LynxI2cDeviceSynch.acquireI2cLockWhile(LynxI2cDeviceSynch.java:391)
11-26 18:27:17.185  8917  9718 E LynxI2cDeviceSynch: 	at com.qualcomm.hardware.lynx.LynxI2cDeviceSynchV1.readTimeStamped(LynxI2cDeviceSynchV1.java:63)
11-26 18:27:17.186  8917  9718 E LynxI2cDeviceSynch: 	at com.qualcomm.robotcore.hardware.I2cDeviceSynchImplOnSimple.readTimeStamped(I2cDeviceSynchImplOnSimple.java:525)
11-26 18:27:17.186  8917  9718 E LynxI2cDeviceSynch: 	at com.qualcomm.robotcore.hardware.I2cDeviceSynchImplOnSimple.read(I2cDeviceSynchImplOnSimple.java:489)
11-26 18:27:17.186  8917  9718 E LynxI2cDeviceSynch: 	at com.qualcomm.robotcore.hardware.I2cDeviceSynchImplOnSimple.read8(I2cDeviceSynchImplOnSimple.java:483)
11-26 18:27:17.187  8917  9718 E LynxI2cDeviceSynch: 	at com.qualcomm.hardware.modernrobotics.ModernRoboticsI2cRangeSensor.read8(ModernRoboticsI2cRangeSensor.java:292)
11-26 18:27:17.187  8917  9718 E LynxI2cDeviceSynch: 	at com.qualcomm.hardware.modernrobotics.ModernRoboticsI2cRangeSensor.readUnsignedByte(ModernRoboticsI2cRangeSensor.java:306)
11-26 18:27:17.188  8917  9718 E LynxI2cDeviceSynch: 	at com.qualcomm.hardware.modernrobotics.ModernRoboticsI2cRangeSensor.rawOptical(ModernRoboticsI2cRangeSensor.java:253)
11-26 18:27:17.188  8917  9718 E LynxI2cDeviceSynch: 	at com.qualcomm.hardware.modernrobotics.ModernRoboticsI2cRangeSensor.getDistance(ModernRoboticsI2cRangeSensor.java:160)
11-26 18:27:17.189  8917  9718 E LynxI2cDeviceSynch: 	at org.firstinspires.ftc.teamcode.TechNova2017.MecanumRobot.getX1Distance(MecanumRobot.java:1000)
11-26 18:27:17.190  8917  9718 E LynxI2cDeviceSynch: 	at org.firstinspires.ftc.teamcode.TechNova2017.RelicRecoveryAutoStrategyBase.runOpMode(RelicRecoveryAutoStrategyBase.java:51)
11-26 18:27:17.190  8917  9718 E LynxI2cDeviceSynch: 	at com.qualcomm.robotcore.eventloop.opmode.LinearOpMode$LinearOpModeHelper$1.run(LinearOpMode.java:305)
11-26 18:27:17.191  8917  9718 E LynxI2cDeviceSynch: 	at com.qualcomm.robotcore.util.ThreadPool.logThreadLifeCycle(ThreadPool.java:709)
11-26 18:27:17.192  8917  9718 E LynxI2cDeviceSynch: 	at com.qualcomm.robotcore.eventloop.opmode.LinearOpMode$LinearOpModeHelper.run(LinearOpMode.java:300)
11-26 18:27:17.193  8917  9718 E LynxI2cDeviceSynch: 	at java.util.concurrent.ThreadPoolExecutor.runWorker(ThreadPoolExecutor.java:1113)
11-26 18:27:17.193  8917  9718 E LynxI2cDeviceSynch: 	at java.util.concurrent.ThreadPoolExecutor$Worker.run(ThreadPoolExecutor.java:588)
11-26 18:27:17.193  8917  9718 E LynxI2cDeviceSynch: 	at com.qualcomm.robotcore.util.ThreadPool$ThreadFactoryImpl$1.run(ThreadPool.java:764)
11-26 18:27:17.194  8917  9718 E LynxI2cDeviceSynch: 	at java.lang.Thread.run(Thread.java:818)
11-26 18:27:17.194  8917  9718 E LynxI2cDeviceSynch: placeholder: readTimestamped
11-26 18:27:17.198  8917  9016 D RobotCore: system telemetry: key=$System$Warning$ msg="problem with "x1Range""
11-26 18:27:17.229  8917  9097 V RobotCore: nack rec'd mod=3 msg#=29 ref#=0 reason=PACKET_TYPE_ID_UNKNOWN:255
11-26 18:27:17.234  8917  9718 E LynxI2cDeviceSynch: exception thrown during lynx communication
11-26 18:27:17.235  8917  9718 E LynxI2cDeviceSynch: com.qualcomm.hardware.lynx.LynxNackException: (DQ143RN2 #3) LynxI2cWriteSingleByteCommand: nack received: PACKET_TYPE_ID_UNKNOWN:255
11-26 18:27:17.236  8917  9718 E LynxI2cDeviceSynch: 	at com.qualcomm.hardware.lynx.commands.LynxRespondable.throwIfNack(LynxRespondable.java:324)
11-26 18:27:17.236  8917  9718 E LynxI2cDeviceSynch: 	at com.qualcomm.hardware.lynx.commands.LynxRespondable.send(LynxRespondable.java:239)
11-26 18:27:17.237  8917  9718 E LynxI2cDeviceSynch: 	at com.qualcomm.hardware.lynx.LynxI2cDeviceSynch.sendI2cWriteTx(LynxI2cDeviceSynch.java:371)
11-26 18:27:17.237  8917  9718 E LynxI2cDeviceSynch: 	at com.qualcomm.hardware.lynx.LynxI2cDeviceSynchV1$1.get(LynxI2cDeviceSynchV1.java:67)
11-26 18:27:17.240  8917  9718 E LynxI2cDeviceSynch: 	at com.qualcomm.hardware.lynx.LynxI2cDeviceSynchV1$1.get(LynxI2cDeviceSynchV1.java:64)
11-26 18:27:17.243  8917  9718 E LynxI2cDeviceSynch: 	at com.qualcomm.hardware.lynx.LynxModule.acquireI2cLockWhile(LynxModule.java:1118)
11-26 18:27:17.243  8917  9718 E LynxI2cDeviceSynch: 	at com.qualcomm.hardware.lynx.LynxI2cDeviceSynch.acquireI2cLockWhile(LynxI2cDeviceSynch.java:391)
11-26 18:27:17.244  8917  9718 E LynxI2cDeviceSynch: 	at com.qualcomm.hardware.lynx.LynxI2cDeviceSynchV1.readTimeStamped(LynxI2cDeviceSynchV1.java:63)
11-26 18:27:17.244  8917  9718 E LynxI2cDeviceSynch: 	at com.qualcomm.robotcore.hardware.I2cDeviceSynchImplOnSimple.readTimeStamped(I2cDeviceSynchImplOnSimple.java:525)
11-26 18:27:17.244  8917  9718 E LynxI2cDeviceSynch: 	at com.qualcomm.robotcore.hardware.I2cDeviceSynchImplOnSimple.read(I2cDeviceSynchImplOnSimple.java:489)
11-26 18:27:17.245  8917  9718 E LynxI2cDeviceSynch: 	at com.qualcomm.robotcore.hardware.I2cDeviceSynchImplOnSimple.read8(I2cDeviceSynchImplOnSimple.java:483)
11-26 18:27:17.245  8917  9718 E LynxI2cDeviceSynch: 	at com.qualcomm.hardware.modernrobotics.ModernRoboticsI2cRangeSensor.read8(ModernRoboticsI2cRangeSensor.java:292)
11-26 18:27:17.245  8917  9718 E LynxI2cDeviceSynch: 	at com.qualcomm.hardware.modernrobotics.ModernRoboticsI2cRangeSensor.readUnsignedByte(ModernRoboticsI2cRangeSensor.java:306)
11-26 18:27:17.246  8917  9718 E LynxI2cDeviceSynch: 	at com.qualcomm.hardware.modernrobotics.ModernRoboticsI2cRangeSensor.rawUltrasonic(ModernRoboticsI2cRangeSensor.java:244)
11-26 18:27:17.246  8917  9718 E LynxI2cDeviceSynch: 	at com.qualcomm.hardware.modernrobotics.ModernRoboticsI2cRangeSensor.cmUltrasonic(ModernRoboticsI2cRangeSensor.java:189)
11-26 18:27:17.246  8917  9718 E LynxI2cDeviceSynch: 	at com.qualcomm.hardware.modernrobotics.ModernRoboticsI2cRangeSensor.getDistance(ModernRoboticsI2cRangeSensor.java:169)
11-26 18:27:17.247  8917  9718 E LynxI2cDeviceSynch: 	at org.firstinspires.ftc.teamcode.TechNova2017.MecanumRobot.getX1Distance(MecanumRobot.java:1000)
11-26 18:27:17.247  8917  9718 E LynxI2cDeviceSynch: 	at org.firstinspires.ftc.teamcode.TechNova2017.RelicRecoveryAutoStrategyBase.runOpMode(RelicRecoveryAutoStrategyBase.java:51)
11-26 18:27:17.247  8917  9718 E LynxI2cDeviceSynch: 	at com.qualcomm.robotcore.eventloop.opmode.LinearOpMode$LinearOpModeHelper$1.run(LinearOpMode.java:305)
11-26 18:27:17.248  8917  9718 E LynxI2cDeviceSynch: 	at com.qualcomm.robotcore.util.ThreadPool.logThreadLifeCycle(ThreadPool.java:709)
11-26 18:27:17.248  8917  9718 E LynxI2cDeviceSynch: 	at com.qualcomm.robotcore.eventloop.opmode.LinearOpMode$LinearOpModeHelper.run(LinearOpMode.java:300)
11-26 18:27:17.248  8917  9718 E LynxI2cDeviceSynch: 	at java.util.concurrent.ThreadPoolExecutor.runWorker(ThreadPoolExecutor.java:1113)
11-26 18:27:17.249  8917  9718 E LynxI2cDeviceSynch: 	at java.util.concurrent.ThreadPoolExecutor$Worker.run(ThreadPoolExecutor.java:588)
11-26 18:27:17.249  8917  9718 E LynxI2cDeviceSynch: 	at com.qualcomm.robotcore.util.ThreadPool$ThreadFactoryImpl$1.run(ThreadPool.java:764)
11-26 18:27:17.249  8917  9718 E LynxI2cDeviceSynch: 	at java.lang.Thread.run(Thread.java:818)
11-26 18:27:17.366  8917  9016 D RobotCore: system telemetry: key=$System$None$ msg=""
11-26 18:27:18.475  8917  8996 V Robocol : received command: CMD_RUN_OP_MODE(37334) Auto Red 1
11-26 18:27:18.477  8917  8995 I BatteryChecker: percent remaining: 54 is charging: false
11-26 18:27:18.491  8917  9001 V Robocol : sending CMD_NOTIFY_RUN_OP_MODE(28316), attempt: 0
11-26 18:27:18.580  8917  9718 I TechNova: MecanumRobot: Robot: | Robot starting 8014.5
11-26 18:27:18.635  8917  9718 I RelicRecoveryAutoRed1: RED | State:                    0 [START] |  Start |   77.0 |  8015 | IMU: -0.0 | (x1,x2, y): 34.0, 0.0, 0.0 | Glyph count:    0 | UNKNOWN | Battery: 13.01
11-26 18:27:18.688  8917  9718 I RelicRecoveryAutoRed1: RED | State:                    0 [START] |    End |  132.5 |  8071 | IMU: -0.1 | (x1,x2, y): 34.0, 0.0, 0.0 | Glyph count:    0 | UNKNOWN | Battery: 13.01
11-26 18:27:18.695  8917  9718 I VuMarkVision: VuMark | LEFT visible
11-26 18:27:18.771  8917  9718 I RelicRecoveryAutoRed1: RED | State:               1 [PUSH_JEWEL] |  Start |  205.1 |    20 | IMU: -0.1 | (x1,x2, y): 35.0, 0.0, 0.0 | Glyph count:    0 | LEFT | Battery: 13.01
11-26 18:27:18.772  8917  9718 I JewelPusher: Deploying jewel pusher arms ...
11-26 18:27:21.464  8917  9718 I TechNova:JewelPusher: Jewel Color: (16|26) 16777216
11-26 18:27:21.586  8917  9718 I TechNova: JewelPusher: JewelColor:BLUE
11-26 18:27:22.526  8917  8917 I BatteryChecker: percent remaining: 54 is charging: false
11-26 18:27:22.600  8917  9718 I JewelPusher: Retracting jewel pusher arms ...
11-26 18:27:23.394  8917  9718 I RelicRecoveryAutoRed1: RED | State:               1 [PUSH_JEWEL] |    End | 4834.3 |  4649 | IMU: -0.1 | (x1,x2, y): 34.0, 0.0, 0.0 | Glyph count:    0 | LEFT | Battery: 12.88
11-26 18:27:23.508  8917  9718 I RelicRecoveryAutoRed1: RED | State:            2 [PICK_UP_GLYPH] |  Start | 4949.2 |    58 | IMU: 0.4 | (x1,x2, y): 34.0, 0.0, 0.0 | Glyph count:    0 | LEFT | Battery: 12.97
11-26 18:27:26.146  8917  9718 I RelicRecoveryAutoRed1: RED | State:            2 [PICK_UP_GLYPH] |    End | 7579.4 |  2689 | IMU: -0.2 | (x1,x2, y): 35.0, 0.0, 0.0 | Glyph count: 1317 | LEFT | Battery: 12.94
11-26 18:27:26.260  8917  9718 I RelicRecoveryAutoRed1: RED | State:           3 [FORWARD_3_FEET] |  Start | 7710.6 |    68 | IMU: -0.2 | (x1,x2, y): 35.0, 0.0, 0.0 | Glyph count: 1316 | LEFT | Battery: 12.94
11-26 18:27:26.473  8917  9718 I TechNova: MecanumRobot: Encoder Remain | 	2908.0	2908.0	0.0
11-26 18:27:26.490  8917  9718 I TechNova: MecanumRobot: EncodersC | 	45	49	52	55
11-26 18:27:26.515  8917  9718 I TechNova: MecanumRobot: EncodersT | 	2940	2941	2941	2940
11-26 18:27:26.619  8917  9718 I TechNova: MecanumRobot: Encoder Remain | 	2821.0	2864.5	2908.0
11-26 18:27:26.645  8917  9718 I TechNova: MecanumRobot: EncodersC | 	138	131	134	142
11-26 18:27:26.662  8917  9718 I TechNova: MecanumRobot: EncodersT | 	2940	2941	2941	2940
11-26 18:27:26.760  8917  9718 I TechNova: MecanumRobot: Encoder Remain | 	2711.0	2813.3	2864.5
11-26 18:27:26.779  8917  9718 I TechNova: MecanumRobot: EncodersC | 	261	254	260	266
11-26 18:27:26.795  8917  9718 I TechNova: MecanumRobot: EncodersT | 	2940	2941	2941	2940
11-26 18:27:26.903  8917  9718 I TechNova: MecanumRobot: Encoder Remain | 	2558.0	2696.7	2813.3
11-26 18:27:26.925  8917  9718 I TechNova: MecanumRobot: EncodersC | 	422	417	424	427
11-26 18:27:26.946  8917  9718 I TechNova: MecanumRobot: EncodersT | 	2940	2941	2941	2940
11-26 18:27:27.035  8917  9718 I TechNova: MecanumRobot: Encoder Remain | 	2361.0	2543.3	2696.7
11-26 18:27:27.057  8917  9718 I TechNova: MecanumRobot: EncodersC | 	619	610	620	608
11-26 18:27:27.072  8917  9718 I TechNova: MecanumRobot: EncodersT | 	2940	2941	2941	2940
11-26 18:27:27.175  8917  9718 I TechNova: MecanumRobot: Encoder Remain | 	2253.0	2390.7	2543.3
11-26 18:27:27.193  8917  9718 I TechNova: MecanumRobot: EncodersC | 	732	706	739	713
11-26 18:27:27.205  8917  9718 I TechNova: MecanumRobot: EncodersT | 	2940	2941	2941	2940
11-26 18:27:27.311  8917  9718 I TechNova: MecanumRobot: Encoder Remain | 	2113.0	2242.3	2390.7
11-26 18:27:27.331  8917  9718 I TechNova: MecanumRobot: EncodersC | 	878	835	878	845
11-26 18:27:27.352  8917  9718 I TechNova: MecanumRobot: EncodersT | 	2940	2941	2941	2940
11-26 18:27:27.476  8917  9718 I TechNova: MecanumRobot: Encoder Remain | 	1937.0	2101.0	2242.3
11-26 18:27:27.494  8917  9718 I TechNova: MecanumRobot: EncodersC | 	1075	1014	1058	1031
11-26 18:27:27.509  8917  9718 I TechNova: MecanumRobot: EncodersT | 	2940	2941	2941	2940
11-26 18:27:27.604  8917  9718 I TechNova: MecanumRobot: Encoder Remain | 	1786.0	1945.3	2101.0
11-26 18:27:27.636  8917  9718 I TechNova: MecanumRobot: EncodersC | 	1218	1158	1219	1184
11-26 18:27:27.656  8917  9718 I TechNova: MecanumRobot: EncodersT | 	2940	2941	2941	2940
11-26 18:27:27.761  8917  9718 I TechNova: MecanumRobot: Encoder Remain | 	1628.0	1783.7	1945.3
11-26 18:27:27.778  8917  9718 I TechNova: MecanumRobot: EncodersC | 	1352	1305	1352	1316
11-26 18:27:27.792  8917  9718 I TechNova: MecanumRobot: EncodersT | 	2940	2941	2941	2940
11-26 18:27:27.905  8917  9718 I TechNova: MecanumRobot: Encoder Remain | 	1522.0	1645.3	1783.7
11-26 18:27:27.928  8917  9718 I TechNova: MecanumRobot: EncodersC | 	1465	1421	1466	1429
11-26 18:27:27.944  8917  9718 I TechNova: MecanumRobot: EncodersT | 	2940	2941	2941	2940
11-26 18:27:28.053  8917  9718 I TechNova: MecanumRobot: Encoder Remain | 	1390.0	1513.3	1645.3
11-26 18:27:28.071  8917  9718 I TechNova: MecanumRobot: EncodersC | 	1607	1570	1607	1567
11-26 18:27:28.085  8917  9718 I TechNova: MecanumRobot: EncodersT | 	2940	2941	2941	2940
11-26 18:27:28.193  8917  9718 I TechNova: MecanumRobot: Encoder Remain | 	1243.0	1385.0	1513.3
11-26 18:27:28.207  8917  9718 I TechNova: MecanumRobot: EncodersC | 	1751	1712	1747	1709
11-26 18:27:28.226  8917  9718 I TechNova: MecanumRobot: EncodersT | 	2940	2941	2941	2940
11-26 18:27:28.327  8917  9718 I TechNova: MecanumRobot: Encoder Remain | 	1100.0	1244.3	1385.0
11-26 18:27:28.343  8917  9718 I TechNova: MecanumRobot: EncodersC | 	1893	1854	1885	1853
11-26 18:27:28.357  8917  9718 I TechNova: MecanumRobot: EncodersT | 	2940	2941	2941	2940
11-26 18:27:28.452  8917  9718 I TechNova: MecanumRobot: Encoder Remain | 	967.0	1103.3	1244.3
11-26 18:27:28.470  8917  9718 I TechNova: MecanumRobot: EncodersC | 	2025	1985	2015	1987
11-26 18:27:28.490  8917  9718 I TechNova: MecanumRobot: EncodersT | 	2940	2941	2941	2940
11-26 18:27:28.601  8917  9718 I TechNova: MecanumRobot: Encoder Remain | 	821.0	962.7	1103.3
11-26 18:27:28.621  8917  9718 I TechNova: MecanumRobot: EncodersC | 	2181	2139	2166	2137
11-26 18:27:28.639  8917  9718 I TechNova: MecanumRobot: EncodersT | 	2940	2941	2941	2940
11-26 18:27:28.741  8917  9718 I TechNova: MecanumRobot: Encoder Remain | 	671.0	819.7	962.7
11-26 18:27:28.759  8917  9718 I TechNova: MecanumRobot: EncodersC | 	2323	2279	2306	2280
11-26 18:27:28.777  8917  9718 I TechNova: MecanumRobot: EncodersT | 	2940	2941	2941	2940
11-26 18:27:28.877  8917  9718 I TechNova: MecanumRobot: Encoder Remain | 	536.0	676.0	819.7
11-26 18:27:28.891  8917  9718 I TechNova: MecanumRobot: EncodersC | 	2457	2417	2443	2411
11-26 18:27:28.908  8917  9718 I TechNova: MecanumRobot: EncodersT | 	2940	2941	2941	2940
11-26 18:27:29.006  8917  9718 I TechNova: MecanumRobot: Encoder Remain | 	405.0	537.3	676.0
11-26 18:27:29.023  8917  9718 I TechNova: MecanumRobot: EncodersC | 	2589	2551	2577	2549
11-26 18:27:29.039  8917  9718 I TechNova: MecanumRobot: EncodersT | 	2940	2941	2941	2940
11-26 18:27:29.159  8917  9718 I TechNova: MecanumRobot: Encoder Remain | 	258.0	399.7	537.3
11-26 18:27:29.177  8917  9718 I TechNova: MecanumRobot: EncodersC | 	2742	2704	2735	2709
11-26 18:27:29.197  8917  9718 I TechNova: MecanumRobot: EncodersT | 	2940	2941	2941	2940
11-26 18:27:29.299  8917  9718 I TechNova: MecanumRobot: Encoder Remain | 	105.0	256.0	399.7
11-26 18:27:29.318  8917  9718 I TechNova: MecanumRobot: EncodersC | 	2882	2845	2877	2853
11-26 18:27:29.335  8917  9718 I TechNova: MecanumRobot: EncodersT | 	2940	2941	2941	2940
11-26 18:27:29.450  8917  9718 I TechNova: MecanumRobot: Encoder Remain | 	7.0	123.3	256.0
11-26 18:27:29.473  8917  9718 I TechNova: MecanumRobot: EncodersC | 	2945	2934	2949	2927
11-26 18:27:29.488  8917  9718 I TechNova: MecanumRobot: EncodersT | 	2940	2941	2941	2940
11-26 18:27:29.716  8917  9718 I RelicRecoveryAutoRed1: RED | State:           3 [FORWARD_3_FEET] |    End | 11154.3 |  3512 | IMU: -0.4 | (x1,x2, y): 27.0, 0.0, 0.0 | Glyph count: 1316 | LEFT | Battery: 12.94
11-26 18:27:29.790  8917  9718 I RelicRecoveryAutoRed1: RED | State:        4 [TURN_TO_90_DEGREE] |  Start | 11233.6 |    21 | IMU: -0.5 | (x1,x2, y): 27.0, 0.0, 0.0 | Glyph count: 1316 | LEFT | Battery: 12.94
11-26 18:27:30.920  8917  8927 I art     : Background sticky concurrent mark sweep GC freed 273550(10MB) AllocSpace objects, 15(724KB) LOS objects, 26% free, 32MB/43MB, paused 2.020ms total 165.741ms
11-26 18:27:32.912  8917  9718 E LynxI2cDeviceSynch: exception thrown during lynx communication
11-26 18:27:32.913  8917  9718 E LynxI2cDeviceSynch: com.qualcomm.hardware.lynx.LynxNackException: (DQ143RN2 #3) LynxI2cReadSingleByteCommand: nack received: I2C_OPERATION_IN_PROGRESS:41
11-26 18:27:32.914  8917  9718 E LynxI2cDeviceSynch: 	at com.qualcomm.hardware.lynx.commands.LynxRespondable.throwIfNack(LynxRespondable.java:324)
11-26 18:27:32.915  8917  9718 E LynxI2cDeviceSynch: 	at com.qualcomm.hardware.lynx.commands.LynxRespondable.send(LynxRespondable.java:239)
11-26 18:27:32.916  8917  9718 E LynxI2cDeviceSynch: 	at com.qualcomm.hardware.lynx.LynxI2cDeviceSynchV1$1.get(LynxI2cDeviceSynchV1.java:76)
11-26 18:27:32.916  8917  9718 E LynxI2cDeviceSynch: 	at com.qualcomm.hardware.lynx.LynxI2cDeviceSynchV1$1.get(LynxI2cDeviceSynchV1.java:64)
11-26 18:27:32.916  8917  9718 E LynxI2cDeviceSynch: 	at com.qualcomm.hardware.lynx.LynxModule.acquireI2cLockWhile(LynxModule.java:1118)
11-26 18:27:32.917  8917  9718 E LynxI2cDeviceSynch: 	at com.qualcomm.hardware.lynx.LynxI2cDeviceSynch.acquireI2cLockWhile(LynxI2cDeviceSynch.java:391)
11-26 18:27:32.917  8917  9718 E LynxI2cDeviceSynch: 	at com.qualcomm.hardware.lynx.LynxI2cDeviceSynchV1.readTimeStamped(LynxI2cDeviceSynchV1.java:63)
11-26 18:27:32.918  8917  9718 E LynxI2cDeviceSynch: 	at com.qualcomm.robotcore.hardware.I2cDeviceSynchImplOnSimple.readTimeStamped(I2cDeviceSynchImplOnSimple.java:525)
11-26 18:27:32.919  8917  9718 E LynxI2cDeviceSynch: 	at com.qualcomm.robotcore.hardware.I2cDeviceSynchImplOnSimple.read(I2cDeviceSynchImplOnSimple.java:489)
11-26 18:27:32.919  8917  9718 E LynxI2cDeviceSynch: 	at com.qualcomm.robotcore.hardware.I2cDeviceSynchImplOnSimple.read8(I2cDeviceSynchImplOnSimple.java:483)
11-26 18:27:32.920  8917  9718 E LynxI2cDeviceSynch: 	at com.qualcomm.hardware.modernrobotics.ModernRoboticsI2cRangeSensor.read8(ModernRoboticsI2cRangeSensor.java:292)
11-26 18:27:32.921  8917  9718 E LynxI2cDeviceSynch: 	at com.qualcomm.hardware.modernrobotics.ModernRoboticsI2cRangeSensor.readUnsignedByte(ModernRoboticsI2cRangeSensor.java:306)
11-26 18:27:32.922  8917  9718 E LynxI2cDeviceSynch: 	at com.qualcomm.hardware.modernrobotics.ModernRoboticsI2cRangeSensor.rawOptical(ModernRoboticsI2cRangeSensor.java:253)
11-26 18:27:32.923  8917  9718 E LynxI2cDeviceSynch: 	at com.qualcomm.hardware.modernrobotics.ModernRoboticsI2cRangeSensor.getDistance(ModernRoboticsI2cRangeSensor.java:160)
11-26 18:27:32.926  8917  9718 E LynxI2cDeviceSynch: 	at org.firstinspires.ftc.teamcode.TechNova2017.MecanumRobot.getX1Distance(MecanumRobot.java:1000)
11-26 18:27:32.926  8917  9718 E LynxI2cDeviceSynch: 	at org.firstinspires.ftc.teamcode.TechNova2017.RelicRecoveryAutoAbstract.logStateInfo(RelicRecoveryAutoAbstract.java:227)
11-26 18:27:32.927  8917  9718 E LynxI2cDeviceSynch: 	at org.firstinspires.ftc.teamcode.TechNova2017.RelicRecoveryAutoAbstract.gotoNextState(RelicRecoveryAutoAbstract.java:84)
11-26 18:27:32.927  8917  9718 E LynxI2cDeviceSynch: 	at org.firstinspires.ftc.teamcode.TechNova2017.RelicRecoveryAutoStrategyBase.runOpMode(RelicRecoveryAutoStrategyBase.java:182)
11-26 18:27:32.928  8917  9718 E LynxI2cDeviceSynch: 	at com.qualcomm.robotcore.eventloop.opmode.LinearOpMode$LinearOpModeHelper$1.run(LinearOpMode.java:305)
11-26 18:27:32.928  8917  9718 E LynxI2cDeviceSynch: 	at com.qualcomm.robotcore.util.ThreadPool.logThreadLifeCycle(ThreadPool.java:709)
11-26 18:27:32.929  8917  9718 E LynxI2cDeviceSynch: 	at com.qualcomm.robotcore.eventloop.opmode.LinearOpMode$LinearOpModeHelper.run(LinearOpMode.java:300)
11-26 18:27:32.929  8917  9718 E LynxI2cDeviceSynch: 	at java.util.concurrent.ThreadPoolExecutor.runWorker(ThreadPoolExecutor.java:1113)
11-26 18:27:32.930  8917  9718 E LynxI2cDeviceSynch: 	at java.util.concurrent.ThreadPoolExecutor$Worker.run(ThreadPoolExecutor.java:588)
11-26 18:27:32.930  8917  9718 E LynxI2cDeviceSynch: 	at com.qualcomm.robotcore.util.ThreadPool$ThreadFactoryImpl$1.run(ThreadPool.java:764)
11-26 18:27:32.931  8917  9718 E LynxI2cDeviceSynch: 	at java.lang.Thread.run(Thread.java:818)
11-26 18:27:32.931  8917  9718 E LynxI2cDeviceSynch: placeholder: readTimestamped
11-26 18:27:32.935  8917  9016 D RobotCore: system telemetry: key=$System$Warning$ msg="problem with "x1Range""
11-26 18:27:32.960  8917  9097 V RobotCore: nack rec'd mod=3 msg#=68 ref#=0 reason=PACKET_TYPE_ID_UNKNOWN:255
11-26 18:27:32.968  8917  9718 E LynxI2cDeviceSynch: exception thrown during lynx communication
11-26 18:27:32.968  8917  9718 E LynxI2cDeviceSynch: com.qualcomm.hardware.lynx.LynxNackException: (DQ143RN2 #3) LynxI2cWriteSingleByteCommand: nack received: PACKET_TYPE_ID_UNKNOWN:255
11-26 18:27:32.970  8917  9718 E LynxI2cDeviceSynch: 	at com.qualcomm.hardware.lynx.commands.LynxRespondable.throwIfNack(LynxRespondable.java:324)
11-26 18:27:32.970  8917  9718 E LynxI2cDeviceSynch: 	at com.qualcomm.hardware.lynx.commands.LynxRespondable.send(LynxRespondable.java:239)
11-26 18:27:32.970  8917  9718 E LynxI2cDeviceSynch: 	at com.qualcomm.hardware.lynx.LynxI2cDeviceSynch.sendI2cWriteTx(LynxI2cDeviceSynch.java:371)
11-26 18:27:32.971  8917  9718 E LynxI2cDeviceSynch: 	at com.qualcomm.hardware.lynx.LynxI2cDeviceSynchV1$1.get(LynxI2cDeviceSynchV1.java:67)
11-26 18:27:32.973  8917  9718 E LynxI2cDeviceSynch: 	at com.qualcomm.hardware.lynx.LynxI2cDeviceSynchV1$1.get(LynxI2cDeviceSynchV1.java:64)
11-26 18:27:32.974  8917  9718 E LynxI2cDeviceSynch: 	at com.qualcomm.hardware.lynx.LynxModule.acquireI2cLockWhile(LynxModule.java:1118)
11-26 18:27:32.975  8917  9718 E LynxI2cDeviceSynch: 	at com.qualcomm.hardware.lynx.LynxI2cDeviceSynch.acquireI2cLockWhile(LynxI2cDeviceSynch.java:391)
11-26 18:27:32.976  8917  9718 E LynxI2cDeviceSynch: 	at com.qualcomm.hardware.lynx.LynxI2cDeviceSynchV1.readTimeStamped(LynxI2cDeviceSynchV1.java:63)
11-26 18:27:32.978  8917  9718 E LynxI2cDeviceSynch: 	at com.qualcomm.robotcore.hardware.I2cDeviceSynchImplOnSimple.readTimeStamped(I2cDeviceSynchImplOnSimple.java:525)
11-26 18:27:32.979  8917  9718 E LynxI2cDeviceSynch: 	at com.qualcomm.robotcore.hardware.I2cDeviceSynchImplOnSimple.read(I2cDeviceSynchImplOnSimple.java:489)
11-26 18:27:32.986  8917  9718 E LynxI2cDeviceSynch: 	at com.qualcomm.robotcore.hardware.I2cDeviceSynchImplOnSimple.read8(I2cDeviceSynchImplOnSimple.java:483)
11-26 18:27:32.986  8917  9718 E LynxI2cDeviceSynch: 	at com.qualcomm.hardware.modernrobotics.ModernRoboticsI2cRangeSensor.read8(ModernRoboticsI2cRangeSensor.java:292)
11-26 18:27:32.987  8917  9718 E LynxI2cDeviceSynch: 	at com.qualcomm.hardware.modernrobotics.ModernRoboticsI2cRangeSensor.readUnsignedByte(ModernRoboticsI2cRangeSensor.java:306)
11-26 18:27:32.988  8917  9718 E LynxI2cDeviceSynch: 	at com.qualcomm.hardware.modernrobotics.ModernRoboticsI2cRangeSensor.rawUltrasonic(ModernRoboticsI2cRangeSensor.java:244)
11-26 18:27:32.996  8917  9718 E LynxI2cDeviceSynch: 	at com.qualcomm.hardware.modernrobotics.ModernRoboticsI2cRangeSensor.cmUltrasonic(ModernRoboticsI2cRangeSensor.java:189)
11-26 18:27:32.997  8917  9718 E LynxI2cDeviceSynch: 	at com.qualcomm.hardware.modernrobotics.ModernRoboticsI2cRangeSensor.getDistance(ModernRoboticsI2cRangeSensor.java:169)
11-26 18:27:32.997  8917  9718 E LynxI2cDeviceSynch: 	at org.firstinspires.ftc.teamcode.TechNova2017.MecanumRobot.getX1Distance(MecanumRobot.java:1000)
11-26 18:27:32.998  8917  9718 E LynxI2cDeviceSynch: 	at org.firstinspires.ftc.teamcode.TechNova2017.RelicRecoveryAutoAbstract.logStateInfo(RelicRecoveryAutoAbstract.java:227)
11-26 18:27:32.998  8917  9718 E LynxI2cDeviceSynch: 	at org.firstinspires.ftc.teamcode.TechNova2017.RelicRecoveryAutoAbstract.gotoNextState(RelicRecoveryAutoAbstract.java:84)
