11-26 18:10:09.724  8917  8968 V FtDeviceManager: createDeviceInfoList(): 1 USB devices
11-26 18:10:09.725  8917  8997 V ThreadPool: container(0x03e78a18: WatchdogMonitor) removed id=16936 TID=8997 count=1
11-26 18:10:09.728  8917  8968 V FtDevice: vv********************DQ143RN2 opening********************vv 0x00da6ad7
11-26 18:10:09.730  8917  8968 V FtDevice: ^^********************DQ143RN2 opened ********************^^
11-26 18:10:09.730  8917  8968 V FtDevice: resetting DQ143RN2
11-26 18:10:09.730  8917  8968 V ThreadPool: container(0x0a162a56: WatchdogMonitor) added id=16939 TID=0 count=1
11-26 18:10:09.736  8917  8968 V LynxUsb : armDevice() serial=DQ143RN2...
11-26 18:10:09.736  8917  8968 V LynxModule: resetDevice() serial=DQ143RN2
11-26 18:10:09.847  8917  8996 D RobotCore: system telemetry: key=$System$None$ msg=""
11-26 18:10:09.848  8917  8996 V PeerDiscovery: new remote peer discovered: 192.168.49.84
11-26 18:10:09.848  8917  8996 D Robocol : RobocolDatagramSocket connected to /192.168.49.84:20884
11-26 18:10:09.849  8917  8996 V NetworkConnectionHandler: starting sending loop
11-26 18:10:09.850  8917  8996 V Robocol : SendOnceRunnable created
11-26 18:10:09.880  8917  8996 V NetDiscover_prefremrc: sendAllPreferences()
11-26 18:10:09.880  8917  8996 V NetDiscover_prefremrc: sending RC pref name=pref_wifip2p_remote_channel_change_works value=true
11-26 18:10:09.885  8917  8996 V NetDiscover_prefremrc: sending RC pref name=pref_device_name value=12611-RC
11-26 18:10:09.885  8917  8996 V NetDiscover_prefremrc: sending RC pref name=pref_has_independent_phone_battery value=true
11-26 18:10:09.885  8917  8996 V NetDiscover_prefremrc: sending RC pref name=pref_app_theme value=teal
11-26 18:10:09.885  8917  8996 V NetDiscover_prefremrc: sending RC pref name=pref_sound_on_off value=false
11-26 18:10:09.890  8917  9001 V Robocol : sending CMD_NOTIFY_USER_DEVICE_LIST(15), attempt: 0
11-26 18:10:09.891  8917  9001 V Robocol : sending CMD_ROBOT_CONTROLLER_PREFERENCE(16), attempt: 0
11-26 18:10:09.891  8917  9001 V Robocol : sending CMD_ROBOT_CONTROLLER_PREFERENCE(17), attempt: 0
11-26 18:10:09.892  8917  9001 V Robocol : sending CMD_ROBOT_CONTROLLER_PREFERENCE(18), attempt: 0
11-26 18:10:09.892  8917  9001 V Robocol : sending CMD_ROBOT_CONTROLLER_PREFERENCE(19), attempt: 0
11-26 18:10:09.893  8917  9001 V Robocol : sending CMD_ROBOT_CONTROLLER_PREFERENCE(20), attempt: 0
11-26 18:10:09.898  8917  8996 V ThreadPool: container(0x0df98430: SoundPlayer) added id=16943 TID=0 count=1
11-26 18:10:09.898  8917  8996 V ThreadPool: container(0x0df98430: SoundPlayer) added id=16944 TID=0 count=2
11-26 18:10:09.899  8917  8996 V RobotCore: Network: active, connected
11-26 18:10:09.915  8917  8996 V Robocol : received command: CMD_REQUEST_UI_STATE(10011) 
11-26 18:10:09.921  8917  9005 D MediaPlayer: setSubtitleAnchor in MediaPlayer
11-26 18:10:09.921  8917  8917 D MediaPlayer: setSubtitleAnchor in MediaPlayer
11-26 18:10:09.957  8917  9003 D ExtendedUtils: extended extractor not needed, return default
11-26 18:10:09.957  8917  9003 I MediaCodec: (0xb80237d0) init name(audio/raw) isType(1) encoder(0)
11-26 18:10:09.959  8917  9009 I OMXClient: Using client-side OMX mux.
11-26 18:10:09.962  8917  9009 E OMXMaster: A component of name 'OMX.qcom.audio.decoder.aac' already exists, ignoring this one.
11-26 18:10:09.964  8917  9009 I MediaCodec: (0xb80237d0) Component Allocated (OMX.google.raw.decoder)
11-26 18:10:09.964  8917  9003 I MediaCodec: (0xb80237d0) configure surface(0x0) crypto(0x0) flags(0)
11-26 18:10:09.964  8917  9003 D MediaCodec: (0xb80237d0) configure format: AMessage(what = 0x00000000) = {
11-26 18:10:09.964  8917  9003 D MediaCodec:    string mime = "audio/raw"
11-26 18:10:09.964  8917  9003 D MediaCodec:    int64_t durationUs = 485011
11-26 18:10:09.964  8917  9003 D MediaCodec:    int32_t channel-count = 2
11-26 18:10:09.964  8917  9003 D MediaCodec:    int32_t sample-rate = 44100
11-26 18:10:09.964  8917  9003 D MediaCodec:    int32_t channel-mask = 0
11-26 18:10:09.964  8917  9003 D MediaCodec:  }
11-26 18:10:09.966  8917  9003 I MediaCodec: (0xb80237d0) start
11-26 18:10:09.966  8917  9009 I MediaCodec: (0xb80237d0) input buffers allocated
11-26 18:10:09.966  8917  9009 I MediaCodec: (0xb80237d0) numBuffers (4)
11-26 18:10:09.966  8917  9009 I MediaCodec: (0xb80237d0) output buffers allocated
11-26 18:10:09.966  8917  9009 I MediaCodec: (0xb80237d0) numBuffers (4)
11-26 18:10:09.968  8917  9009 I MediaCodec: (0xb80237d0) codec output format changed
11-26 18:10:09.968  8917  9009 D MediaCodec: (0xb80237d0) output format: AMessage(what = 'codc', target = 2) = {
11-26 18:10:09.968  8917  9009 D MediaCodec:    string mime = "audio/raw"
11-26 18:10:09.968  8917  9009 D MediaCodec:    int32_t channel-count = 2
11-26 18:10:09.968  8917  9009 D MediaCodec:    int32_t sample-rate = 44100
11-26 18:10:09.968  8917  9009 D MediaCodec:    int32_t channel-mask = 0
11-26 18:10:09.968  8917  9009 D MediaCodec:    int32_t what = 1869968451
11-26 18:10:09.968  8917  9009 D MediaCodec:  }
11-26 18:10:09.974  8917  9003 I MediaCodec: (0xb80237d0) stop
11-26 18:10:09.976  8917  9003 I MediaCodec: (0xb80237d0) release
11-26 18:10:09.981  8917  9005 W AudioTrack: AUDIO_OUTPUT_FLAG_FAST denied by client; transfer 4, track 44100 Hz, output 48000 Hz
11-26 18:10:10.090  8917  8968 V ThreadPool: container(0x00f1ddcf: lynx dg poller) added id=16948 TID=0 count=1
11-26 18:10:10.091  8917  8968 V LynxUsb : ...done armDevice()
11-26 18:10:10.092  8917  8968 V LynxUsb : 0x017c9665 on 0x0ded29fb: new delegate to [DQ143RN2]
11-26 18:10:10.092  8917  8968 V RobotCore: Creating Lynx Module - mod=2 parent=false
11-26 18:10:10.093  8917  9013 V RobotCore: thread: 'lynx incoming datagrams' starting...
11-26 18:10:10.097  8917  8968 V RobotCore: Creating Lynx Module - mod=3 parent=true
11-26 18:10:10.097  8917  8968 V LynxUsb : addConfiguredModule() module#=3
11-26 18:10:10.098  8917  8968 V LynxModule: pingAndQueryKnownInterfaces mod=3
11-26 18:10:10.100  8917  8968 V ThreadPool: container(0x0935b7c7: lynx module executor) added id=16949 TID=0 count=1
11-26 18:10:10.102  8917  9013 V LynxUsb : synchronization gained: serial=DQ143RN2
11-26 18:10:10.114  8917  8968 V LynxModule: queryInterface(DEKA)=49 commands
11-26 18:10:10.122  8917  8968 V LynxModule: mod#=3 intf=DEKA: expected 53 commands; found 49
11-26 18:10:10.126  8917  8968 V LynxModule: sendLEDPatternSteps(): #steps=8
11-26 18:10:10.129  8917  9014 V LynxModule: received status: LynxGetModuleStatusResponse(status=0x02 alerts=0x00: Reset)
11-26 18:10:10.130  8917  9001 V Robocol : sending CMD_NOTIFY_USER_DEVICE_LIST(15), attempt: 1
11-26 18:10:10.131  8917  9001 V Robocol : sending CMD_ROBOT_CONTROLLER_PREFERENCE(16), attempt: 1
11-26 18:10:10.132  8917  9001 V Robocol : sending CMD_ROBOT_CONTROLLER_PREFERENCE(17), attempt: 1
11-26 18:10:10.133  8917  9001 V Robocol : sending CMD_ROBOT_CONTROLLER_PREFERENCE(18), attempt: 1
11-26 18:10:10.134  8917  9001 V Robocol : sending CMD_ROBOT_CONTROLLER_PREFERENCE(19), attempt: 1
11-26 18:10:10.135  8917  9001 V Robocol : sending CMD_ROBOT_CONTROLLER_PREFERENCE(20), attempt: 1
11-26 18:10:10.140  8917  8968 V LynxUsb : addConfiguredModule() module#=2
11-26 18:10:10.140  8917  8968 V LynxModule: pingAndQueryKnownInterfaces mod=2
11-26 18:10:10.142  8917  8968 V ThreadPool: container(0x0aa533e1: lynx module executor) added id=16950 TID=0 count=1
11-26 18:10:10.148  8917  8968 V LynxModule: queryInterface(DEKA)=49 commands
11-26 18:10:10.152  8917  8968 V LynxModule: mod#=2 intf=DEKA: expected 53 commands; found 49
11-26 18:10:10.156  8917  8968 V LynxModule: sendLEDPatternSteps(): #steps=6
11-26 18:10:10.160  8917  9015 V LynxModule: received status: LynxGetModuleStatusResponse(status=0x05 alerts=0x00: KeepAliveTimeout|FailSafe)
11-26 18:10:10.160  8917  9015 V LynxModule: resendCurrentPattern()
11-26 18:10:10.160  8917  9015 V LynxModule: sendLEDPatternSteps(): #steps=6
11-26 18:10:10.178  8917  8968 V LynxMotor: initializeHardware() mod#=2
11-26 18:10:10.294  8917  8968 V RobotCore: DcMotorImpl(type=NeveRest40Gearmotor)
11-26 18:10:10.295  8917  8968 V RobotCore: DcMotorImpl(type=NeveRest20Gearmotor)
11-26 18:10:10.295  8917  8968 V RobotCore: DcMotorImpl(type=NeveRest40Gearmotor)
11-26 18:10:10.295  8917  8968 V LynxServoController: initializeHardware() mod#=2
11-26 18:10:10.344  8917  8968 V LynxVoltageSensor: initializeHardware() mod#=2
11-26 18:10:10.345  8917  8968 V LynxPwmOutputController: initializeHardware() mod#=2
11-26 18:10:10.351  8917  8968 W LynxPwmOutputController: LynxSetPWMEnableCommand not implemented by lynx hw; ignoring
11-26 18:10:10.356  8917  8968 W LynxPwmOutputController: LynxSetPWMConfigurationCommand not implemented by lynx hw; ignoring
11-26 18:10:10.362  8917  8968 W LynxPwmOutputController: LynxSetPWMEnableCommand not implemented by lynx hw; ignoring
11-26 18:10:10.367  8917  8968 W LynxPwmOutputController: LynxSetPWMConfigurationCommand not implemented by lynx hw; ignoring
11-26 18:10:10.372  8917  8968 W LynxPwmOutputController: LynxSetPWMEnableCommand not implemented by lynx hw; ignoring
11-26 18:10:10.377  8917  8968 W LynxPwmOutputController: LynxSetPWMConfigurationCommand not implemented by lynx hw; ignoring
11-26 18:10:10.382  8917  8968 W LynxPwmOutputController: LynxSetPWMEnableCommand not implemented by lynx hw; ignoring
11-26 18:10:10.388  8917  8968 W LynxPwmOutputController: LynxSetPWMConfigurationCommand not implemented by lynx hw; ignoring
11-26 18:10:10.388  8917  8968 V LynxAnalogInputController: initializeHardware() mod#=2
11-26 18:10:10.388  8917  8968 V RobotCore: Creating Modern Robotics analog Touch Sensor - Port: 1
11-26 18:10:10.389  8917  8968 V LynxDigitalChannelController: initializeHardware() mod#=2
11-26 18:10:10.419  8917  8968 V RobotCore: Creating Lynx Color/Range Sensor - mod=2 bus=1
11-26 18:10:10.420  8917  8968 I RobotCore: LynxFirmwareVersionManager: LynxI2cDeviceSynchV1
11-26 18:10:10.421  8917  8968 V LynxI2cDeviceSynch: initializeHardware() mod#=2
11-26 18:10:10.422  8917  8968 V AMSColorSensorImpl: internalInitialize()...
11-26 18:10:10.456  8917  8968 V AMSColorSensorImpl: state: 07 f6 ff ff 00 00 00 00 00 00 00 00 00 00 08 61 
11-26 18:10:10.457  8917  8968 V AMSColorSensorImpl: state| 00 01 60 33 24 00 12 00 0a 
11-26 18:10:10.472  8917  8968 V AMSColorSensorImpl: disable() enabled=0x07...
11-26 18:10:10.504  8917  8968 V AMSColorSensorImpl: ...disable() enabled=0x00
11-26 18:10:10.505  8917  8968 V AMSColorSensorImpl: setIntegrationTime(0xf6)
11-26 18:10:10.520  8917  8968 V AMSColorSensorImpl: setGain(GAIN_4)
11-26 18:10:10.550  8917  8968 V AMSColorSensorImpl: setPDrive(Percent12_5)
11-26 18:10:10.582  8917  8968 V AMSColorSensorImpl: setProximityPulseCount(0x08)
11-26 18:10:10.613  8917  8968 V AMSColorSensorImpl: enable() enabled=0x00...
11-26 18:10:10.666  8917  8968 V AMSColorSensorImpl: ...enable() enabled=0x07
11-26 18:10:10.684  8917  8968 V AMSColorSensorImpl: state: 07 f6 ff ff 00 00 00 00 00 00 00 00 00 00 08 61 
11-26 18:10:10.685  8917  8968 V AMSColorSensorImpl: state| 00 01 60 33 24 00 12 00 0a 
11-26 18:10:10.685  8917  8968 V AMSColorSensorImpl: ...internalInitialize()
11-26 18:10:10.685  8917  8968 V LynxI2cDeviceSynch: engaging mod#=2
11-26 18:10:10.686  8917  8968 V LynxMotor: initializeHardware() mod#=3
11-26 18:10:10.771  8917  8968 V RobotCore: DcMotorImpl(type=NeveRest40Gearmotor)
11-26 18:10:10.772  8917  8968 V RobotCore: DcMotorImpl(type=NeveRest40Gearmotor)
11-26 18:10:10.772  8917  8968 V RobotCore: DcMotorImpl(type=NeveRest40Gearmotor)
11-26 18:10:10.772  8917  8968 V RobotCore: DcMotorImpl(type=NeveRest40Gearmotor)
11-26 18:10:10.772  8917  8968 V LynxServoController: initializeHardware() mod#=3
11-26 18:10:10.810  8917  8968 V LynxVoltageSensor: initializeHardware() mod#=3
11-26 18:10:10.811  8917  8968 V LynxPwmOutputController: initializeHardware() mod#=3
11-26 18:10:10.816  8917  8968 W LynxPwmOutputController: LynxSetPWMEnableCommand not implemented by lynx hw; ignoring
11-26 18:10:10.821  8917  8968 W LynxPwmOutputController: LynxSetPWMConfigurationCommand not implemented by lynx hw; ignoring
11-26 18:10:10.824  8917  8968 W LynxPwmOutputController: LynxSetPWMEnableCommand not implemented by lynx hw; ignoring
11-26 18:10:10.827  8917  8968 W LynxPwmOutputController: LynxSetPWMConfigurationCommand not implemented by lynx hw; ignoring
11-26 18:10:10.831  8917  8968 W LynxPwmOutputController: LynxSetPWMEnableCommand not implemented by lynx hw; ignoring
11-26 18:10:10.836  8917  8968 W LynxPwmOutputController: LynxSetPWMConfigurationCommand not implemented by lynx hw; ignoring
11-26 18:10:10.839  8917  8968 W LynxPwmOutputController: LynxSetPWMEnableCommand not implemented by lynx hw; ignoring
11-26 18:10:10.842  8917  8968 W LynxPwmOutputController: LynxSetPWMConfigurationCommand not implemented by lynx hw; ignoring
11-26 18:10:10.842  8917  8968 V LynxAnalogInputController: initializeHardware() mod#=3
11-26 18:10:10.843  8917  8968 V RobotCore: Creating Analog Input Device - Port: 1
11-26 18:10:10.843  8917  8968 V LynxDigitalChannelController: initializeHardware() mod#=3
11-26 18:10:10.866  8917  8968 V RobotCore: Creating user sensor REV Expansion Hub IMU - on Lynx module=3 bus=0
11-26 18:10:10.866  8917  8968 V RobotCore: Creating I2cDeviceSynch (Lynx) - mod=3 bus=0
11-26 18:10:10.866  8917  8968 I RobotCore: LynxFirmwareVersionManager: LynxI2cDeviceSynchV1
11-26 18:10:10.867  8917  8968 V LynxI2cDeviceSynch: initializeHardware() mod#=3
11-26 18:10:10.868  8917  8968 V RobotCore: Creating user sensor MR Range Sensor - on Lynx module=3 bus=1
11-26 18:10:10.868  8917  8968 V RobotCore: Creating I2cDeviceSynch (Lynx) - mod=3 bus=1
11-26 18:10:10.869  8917  8968 I RobotCore: LynxFirmwareVersionManager: LynxI2cDeviceSynchV1
11-26 18:10:10.869  8917  8968 V LynxI2cDeviceSynch: initializeHardware() mod#=3
11-26 18:10:10.869  8917  8968 V RobotCore: Creating user sensor MR Range Sensor - on Lynx module=3 bus=2
11-26 18:10:10.869  8917  8968 V RobotCore: Creating I2cDeviceSynch (Lynx) - mod=3 bus=2
11-26 18:10:10.869  8917  8968 I RobotCore: LynxFirmwareVersionManager: LynxI2cDeviceSynchV1
11-26 18:10:10.869  8917  8968 V LynxI2cDeviceSynch: initializeHardware() mod#=3
11-26 18:10:10.869  8917  8968 I RobotCore: ========= Device Information ===================================================
11-26 18:10:10.869  8917  8968 I RobotCore: Type                                               Name                           Connection
11-26 18:10:10.870  8917  8968 I RobotCore: Motor                                              rr                             USB DQ143RN2; module 3; port 3
11-26 18:10:10.870  8917  8968 I RobotCore: Servo                                              relicElbow                     USB DQ143RN2; module 3; port 2
11-26 18:10:10.870  8917  8968 I RobotCore: Motor                                              glyphLift                      USB DQ143RN2; module 2; port 0
11-26 18:10:10.870  8917  8968 I RobotCore: Servo                                              relicClaw                      USB DQ143RN2; module 3; port 1
11-26 18:10:10.870  8917  8968 I RobotCore: Servo                                              lowerRightGripper              USB DQ143RN2; module 2; port 3
11-26 18:10:10.870  8917  8968 I RobotCore: Motor                                              lr                             USB DQ143RN2; module 3; port 2
11-26 18:10:10.871  8917  8968 I RobotCore: REV Robotics USB Expansion Hub Portal              Expansion Hub Portal 1         USB DQ143RN2
11-26 18:10:10.871  8917  8968 I RobotCore: Servo                                              longArm                        USB DQ143RN2; module 2; port 5
11-26 18:10:10.871  8917  8968 I RobotCore: Servo                                              glyphLiftStopper               USB DQ143RN2; module 3; port 5
11-26 18:10:10.871  8917  8968 I RobotCore: Analog Input                                       range                          USB DQ143RN2; module 3; analog port 1
11-26 18:10:10.871  8917  8968 I RobotCore: Motor                                              led                            USB DQ143RN2; module 2; port 3
11-26 18:10:10.871  8917  8968 I RobotCore: Servo                                              upperLeftGripper               USB DQ143RN2; module 2; port 0
11-26 18:10:10.883  8917  8968 I RobotCore: Modern Robotics Range Sensor v1.2                  x2Range                        USB DQ143RN2; module 3; bus 2; addr7=0x14
11-26 18:10:10.883  8917  8968 I RobotCore: Expansion Hub DC Motor Controller                  Expansion Hub 3                USB DQ143RN2; module 3
11-26 18:10:10.884  8917  8968 I RobotCore: Expansion Hub Servo Controller                     Expansion Hub 3                USB DQ143RN2; module 3
11-26 18:10:10.884  8917  8968 I RobotCore: Expansion Hub Voltage Sensor                       Expansion Hub 3                USB DQ143RN2; module 3
11-26 18:10:10.884  8917  8968 I RobotCore: Expansion Hub Pwm Controller                       Expansion Hub 3                USB DQ143RN2; module 3
11-26 18:10:10.884  8917  8968 I RobotCore: Expansion Hub Analog Input Controller              Expansion Hub 3                USB DQ143RN2; module 3
11-26 18:10:10.884  8917  8968 I RobotCore: Expansion Hub Digital Channel Controller           Expansion Hub 3                USB DQ143RN2; module 3
11-26 18:10:10.889  8917  8968 I RobotCore: Expansion Hub (HW: 20, Maj: 1, Min: 7, Eng: 0)     Expansion Hub 3                USB DQ143RN2; module 3
11-26 18:10:10.889  8917  8968 I RobotCore: Expansion Hub DC Motor Controller                  Expansion Hub 2                USB DQ143RN2; module 2
11-26 18:10:10.889  8917  8968 I RobotCore: Expansion Hub Servo Controller                     Expansion Hub 2                USB DQ143RN2; module 2
11-26 18:10:10.889  8917  8968 I RobotCore: Expansion Hub Voltage Sensor                       Expansion Hub 2                USB DQ143RN2; module 2
11-26 18:10:10.889  8917  8968 I RobotCore: Expansion Hub Pwm Controller                       Expansion Hub 2                USB DQ143RN2; module 2
11-26 18:10:10.889  8917  8968 I RobotCore: Expansion Hub Analog Input Controller              Expansion Hub 2                USB DQ143RN2; module 2
11-26 18:10:10.889  8917  8968 I RobotCore: Expansion Hub Digital Channel Controller           Expansion Hub 2                USB DQ143RN2; module 2
11-26 18:10:10.895  8917  8968 I RobotCore: Expansion Hub (HW: 20, Maj: 1, Min: 7, Eng: 0)     Expansion Hub 2                USB DQ143RN2; module 2
11-26 18:10:10.895  8917  8968 I RobotCore: REV Expansion Hub IMU                              imu                            USB DQ143RN2; module 3; bus 0; addr7=0x00
11-26 18:10:10.896  8917  8968 I RobotCore: Servo                                              upperRightGripper              USB DQ143RN2; module 2; port 1
11-26 18:10:10.896  8917  8968 I RobotCore: Servo                                              shortArm                       USB DQ143RN2; module 2; port 4
11-26 18:10:10.896  8917  8968 I RobotCore: Servo                                              lowerLeftGripper               USB DQ143RN2; module 2; port 2
11-26 18:10:10.896  8917  8968 I RobotCore: Servo                                              relicClawholder                USB DQ143RN2; module 3; port 4
11-26 18:10:10.896  8917  8968 I RobotCore: MR Touch Sensor                                    glyphTouch                     USB DQ143RN2; module 2; analog port 1
11-26 18:10:10.896  8917  8968 I RobotCore: Motor                                              relicSlider                    USB DQ143RN2; module 2; port 1
11-26 18:10:10.896  8917  8968 I RobotCore: Motor                                              rf                             USB DQ143RN2; module 3; port 1
11-26 18:10:10.896  8917  8968 I RobotCore: Servo                                              glyphHolder                    USB DQ143RN2; module 3; port 0
11-26 18:10:10.896  8917  8968 I RobotCore: REV Color/Range Sensor                             jewelColor                     USB DQ143RN2; module 2; bus 1; addr7=0x39
11-26 18:10:10.897  8917  8968 I RobotCore: Motor                                              lf                             USB DQ143RN2; module 3; port 0
11-26 18:10:10.908  8917  8968 I RobotCore: Modern Robotics Range Sensor v1.2                  x1Range                        USB DQ143RN2; module 3; bus 1; addr7=0x14
11-26 18:10:10.908  8917  8968 I FtcEventLoop: ======= INIT FINISH =======
11-26 18:10:10.908  8917  8968 V RobotCore: EventLoopManager state is RUNNING
11-26 18:10:10.908  8917  8968 V RobotCore: Robot Status: running, starting robot
11-26 18:10:10.908  8917  8968 V RobotCore: Robot Status: running
11-26 18:10:10.909  8917  8968 V ThreadPool: container(0x002e44dc: executorEventLoop) added id=16951 TID=0 count=1
11-26 18:10:10.910  8917  8995 I BatteryChecker: percent remaining: 56 is charging: false
11-26 18:10:10.912  8917  8968 V RobotCore: thread: ...terminating 'RobotSetupRunnable.run()'
11-26 18:10:10.916  8917  9016 V RobotCore: thread: 'opmode loop()' starting...
11-26 18:10:10.929  8917  9005 D MediaPlayer: setSubtitleAnchor in MediaPlayer
11-26 18:10:10.929  8917  8917 D MediaPlayer: setSubtitleAnchor in MediaPlayer
11-26 18:10:10.930  8917  9001 V Robocol : sending CMD_NOTIFY_ROBOT_STATE(39), attempt: 0
11-26 18:10:10.930  8917  9001 V Robocol : sending CMD_NOTIFY_ACTIVE_CONFIGURATION(42), attempt: 0
11-26 18:10:10.941  8917  9003 D ExtendedUtils: extended extractor not needed, return default
11-26 18:10:10.942  8917  9003 I MediaCodec: (0xb8083150) init name(audio/raw) isType(1) encoder(0)
11-26 18:10:10.943  8917  9020 I OMXClient: Using client-side OMX mux.
11-26 18:10:10.947  8917  9020 E OMXMaster: A component of name 'OMX.qcom.audio.decoder.aac' already exists, ignoring this one.
11-26 18:10:10.951  8917  9020 I MediaCodec: (0xb8083150) Component Allocated (OMX.google.raw.decoder)
11-26 18:10:10.951  8917  9003 I MediaCodec: (0xb8083150) configure surface(0x0) crypto(0x0) flags(0)
11-26 18:10:10.952  8917  9003 D MediaCodec: (0xb8083150) configure format: AMessage(what = 0x00000000) = {
11-26 18:10:10.952  8917  9003 D MediaCodec:    string mime = "audio/raw"
11-26 18:10:10.952  8917  9003 D MediaCodec:    int64_t durationUs = 1019125
11-26 18:10:10.952  8917  9003 D MediaCodec:    int32_t channel-count = 1
11-26 18:10:10.952  8917  9003 D MediaCodec:    int32_t sample-rate = 8000
11-26 18:10:10.952  8917  9003 D MediaCodec:    int32_t channel-mask = 0
11-26 18:10:10.952  8917  9003 D MediaCodec:  }
11-26 18:10:10.953  8917  9003 I MediaCodec: (0xb8083150) start
11-26 18:10:10.953  8917  9020 I MediaCodec: (0xb8083150) input buffers allocated
11-26 18:10:10.953  8917  9020 I MediaCodec: (0xb8083150) numBuffers (4)
11-26 18:10:10.953  8917  9020 I MediaCodec: (0xb8083150) output buffers allocated
11-26 18:10:10.953  8917  9020 I MediaCodec: (0xb8083150) numBuffers (4)
11-26 18:10:10.954  8917  8995 E Robocol : command processing took 1.038 s: command=CMD_REQUEST_UI_STATE
11-26 18:10:10.956  8917  9020 I MediaCodec: (0xb8083150) codec output format changed
11-26 18:10:10.956  8917  9020 D MediaCodec: (0xb8083150) output format: AMessage(what = 'codc', target = 6) = {
11-26 18:10:10.956  8917  9020 D MediaCodec:    string mime = "audio/raw"
11-26 18:10:10.956  8917  9020 D MediaCodec:    int32_t channel-count = 1
11-26 18:10:10.956  8917  9020 D MediaCodec:    int32_t sample-rate = 8000
11-26 18:10:10.956  8917  9020 D MediaCodec:    int32_t channel-mask = 0
11-26 18:10:10.956  8917  9020 D MediaCodec:    int32_t what = 1869968451
11-26 18:10:10.956  8917  9020 D MediaCodec:  }
11-26 18:10:10.957  8917  9003 I MediaCodec: (0xb8083150) stop
11-26 18:10:10.958  8917  9003 I MediaCodec: (0xb8083150) release
11-26 18:10:10.963  8917  9005 W AudioTrack: AUDIO_OUTPUT_FLAG_FAST denied by client; transfer 4, track 8000 Hz, output 48000 Hz
11-26 18:10:10.970  8917  9001 V Robocol : sending CMD_NOTIFY_USER_DEVICE_LIST(44), attempt: 0
11-26 18:10:10.971  8917  9001 V Robocol : sending CMD_NOTIFY_OP_MODE_LIST(45), attempt: 0
11-26 18:10:11.423  8917  9016 V ThreadPool: container(0x0fcf1993: OpModeStuckCodeMonitor) added id=16955 TID=0 count=1
11-26 18:10:11.424  8917  9016 I RobotCore: Attempting to switch to op mode $Stop$Robot$
11-26 18:10:11.490  8917  9001 V Robocol : sending CMD_NOTIFY_INIT_OP_MODE(57), attempt: 0
11-26 18:10:11.687  8917  9016 I RobotCore: robot battery read duration: n=4, mean=3.877ms sd=0.248ms
11-26 18:10:12.432  8917  8996 V Robocol : received command: CMD_INIT_OP_MODE(10051) $Stop$Robot$
11-26 18:10:12.434  8917  8995 I BatteryChecker: percent remaining: 56 is charging: false
11-26 18:10:12.444  8917  9016 I RobotCore: Attempting to switch to op mode $Stop$Robot$
11-26 18:10:12.530  8917  9001 V Robocol : sending CMD_NOTIFY_INIT_OP_MODE(76), attempt: 0
11-26 18:10:14.697  8917  8917 I BatteryChecker: percent remaining: 56 is charging: false
11-26 18:10:14.873  8917  8996 V Robocol : received command: CMD_INIT_OP_MODE(10086) Relic Recovery TeleOps (Linear)
11-26 18:10:14.875  8917  8995 I BatteryChecker: percent remaining: 56 is charging: false
11-26 18:10:14.886  8917  9016 I RobotCore: Attempting to switch to op mode Relic Recovery TeleOps (Linear)
11-26 18:10:14.980  8917  9016 W LynxPwmOutputController: LynxSetPWMEnableCommand not implemented by lynx hw; ignoring
11-26 18:10:14.986  8917  9016 W LynxPwmOutputController: LynxSetPWMConfigurationCommand not implemented by lynx hw; ignoring
11-26 18:10:14.991  8917  9016 W LynxPwmOutputController: LynxSetPWMEnableCommand not implemented by lynx hw; ignoring
11-26 18:10:14.996  8917  9016 W LynxPwmOutputController: LynxSetPWMConfigurationCommand not implemented by lynx hw; ignoring
11-26 18:10:15.000  8917  9016 W LynxPwmOutputController: LynxSetPWMEnableCommand not implemented by lynx hw; ignoring
11-26 18:10:15.006  8917  9016 W LynxPwmOutputController: LynxSetPWMConfigurationCommand not implemented by lynx hw; ignoring
11-26 18:10:15.011  8917  9016 W LynxPwmOutputController: LynxSetPWMEnableCommand not implemented by lynx hw; ignoring
11-26 18:10:15.016  8917  9016 W LynxPwmOutputController: LynxSetPWMConfigurationCommand not implemented by lynx hw; ignoring
11-26 18:10:15.020  8917  9016 W LynxPwmOutputController: LynxSetPWMEnableCommand not implemented by lynx hw; ignoring
11-26 18:10:15.023  8917  9016 W LynxPwmOutputController: LynxSetPWMConfigurationCommand not implemented by lynx hw; ignoring
11-26 18:10:15.028  8917  9016 W LynxPwmOutputController: LynxSetPWMEnableCommand not implemented by lynx hw; ignoring
11-26 18:10:15.031  8917  9016 W LynxPwmOutputController: LynxSetPWMConfigurationCommand not implemented by lynx hw; ignoring
11-26 18:10:15.034  8917  9016 W LynxPwmOutputController: LynxSetPWMEnableCommand not implemented by lynx hw; ignoring
11-26 18:10:15.040  8917  9016 W LynxPwmOutputController: LynxSetPWMConfigurationCommand not implemented by lynx hw; ignoring
11-26 18:10:15.043  8917  9016 W LynxPwmOutputController: LynxSetPWMEnableCommand not implemented by lynx hw; ignoring
11-26 18:10:15.046  8917  9016 W LynxPwmOutputController: LynxSetPWMConfigurationCommand not implemented by lynx hw; ignoring
11-26 18:10:15.130  8917  9016 V AMSColorSensorImpl: internalInitialize()...
11-26 18:10:15.160  8917  9016 V AMSColorSensorImpl: state: 07 f6 ff ff 00 00 00 00 00 00 00 00 00 00 08 61 
11-26 18:10:15.160  8917  9016 V AMSColorSensorImpl: state| 00 01 60 33 24 00 12 00 0a 
11-26 18:10:15.175  8917  9016 V AMSColorSensorImpl: disable() enabled=0x07...
11-26 18:10:15.207  8917  9016 V AMSColorSensorImpl: ...disable() enabled=0x00
11-26 18:10:15.207  8917  9016 V AMSColorSensorImpl: setIntegrationTime(0xf6)
11-26 18:10:15.220  8917  9016 V AMSColorSensorImpl: setGain(GAIN_4)
11-26 18:10:15.250  8917  9016 V AMSColorSensorImpl: setPDrive(Percent12_5)
11-26 18:10:15.279  8917  9016 V AMSColorSensorImpl: setProximityPulseCount(0x08)
11-26 18:10:15.311  8917  9016 V AMSColorSensorImpl: enable() enabled=0x00...
11-26 18:10:15.358  8917  9016 V AMSColorSensorImpl: ...enable() enabled=0x07
11-26 18:10:15.376  8917  9016 V AMSColorSensorImpl: state: 07 f6 ff ff 00 00 00 00 00 00 00 00 00 00 08 61 
11-26 18:10:15.376  8917  9016 V AMSColorSensorImpl: state| 00 01 60 33 24 00 13 00 0a 
11-26 18:10:15.376  8917  9016 V AMSColorSensorImpl: ...internalInitialize()
11-26 18:10:15.556  8917  9016 V ThreadPool: container(0x02c8d2c8: LinearOpMode) added id=16956 TID=0 count=1
11-26 18:10:15.561  8917  9028 V RobotCore: thread: 'LinearOpMode main' starting...
11-26 18:10:15.571  8917  9001 V Robocol : sending CMD_NOTIFY_INIT_OP_MODE(123), attempt: 0
11-26 18:10:15.632  8917  9028 I TechNova: MecanumRobot: Init Drive Motors |  Drive Motors are initialized ...
11-26 18:10:15.785  8917  9028 I TechNova: MecanumRobot: Init Servos |  Servos are initialized ...
11-26 18:10:18.431  8917  8996 V Robocol : received command: CMD_RUN_OP_MODE(10160) Relic Recovery TeleOps (Linear)
11-26 18:10:18.433  8917  8995 I BatteryChecker: percent remaining: 56 is charging: false
11-26 18:10:18.451  8917  9001 V Robocol : sending CMD_NOTIFY_RUN_OP_MODE(191), attempt: 0
11-26 18:10:35.740  8917  9013 V RobotCore: nack rec'd mod=2 msg#=232 ref#=0 reason=COMMAND_INVALID_FOR_MOTOR_MODE:51
11-26 18:10:35.742  8917  9028 E LynxMotor: exception thrown during lynx communication
11-26 18:10:35.744  8917  9028 E LynxMotor: com.qualcomm.hardware.lynx.LynxNackException: (DQ143RN2 #2) LynxIsMotorAtTargetCommand: nack received: COMMAND_INVALID_FOR_MOTOR_MODE:51
11-26 18:10:35.745  8917  9028 E LynxMotor: 	at com.qualcomm.hardware.lynx.commands.LynxRespondable.responseOrThrow(LynxRespondable.java:314)
11-26 18:10:35.745  8917  9028 E LynxMotor: 	at com.qualcomm.hardware.lynx.commands.LynxRespondable.sendReceive(LynxRespondable.java:254)
11-26 18:10:35.746  8917  9028 E LynxMotor: 	at com.qualcomm.hardware.lynx.LynxDcMotorController.isBusy(LynxDcMotorController.java:564)
11-26 18:10:35.746  8917  9028 E LynxMotor: 	at com.qualcomm.robotcore.hardware.DcMotorImpl.isBusy(DcMotorImpl.java:228)
11-26 18:10:35.747  8917  9028 E LynxMotor: 	at org.firstinspires.ftc.teamcode.TechNova2017.MecanumRobot.busy(MecanumRobot.java:831)
11-26 18:10:35.748  8917  9028 E LynxMotor: 	at org.firstinspires.ftc.teamcode.TechNova2017.MecanumRobot.isGlyphLiftTartReached(MecanumRobot.java:581)
11-26 18:10:35.749  8917  9028 E LynxMotor: 	at org.firstinspires.ftc.teamcode.TechNova2017.RelicRecoveryTeleOpsLinear.gamepadLoop(RelicRecoveryTeleOpsLinear.java:97)
11-26 18:10:35.749  8917  9028 E LynxMotor: 	at org.firstinspires.ftc.teamcode.TechNova2017.RelicRecoveryTeleOpsLinear.runOpMode(RelicRecoveryTeleOpsLinear.java:48)
11-26 18:10:35.750  8917  9028 E LynxMotor: 	at com.qualcomm.robotcore.eventloop.opmode.LinearOpMode$LinearOpModeHelper$1.run(LinearOpMode.java:305)
11-26 18:10:35.751  8917  9028 E LynxMotor: 	at com.qualcomm.robotcore.util.ThreadPool.logThreadLifeCycle(ThreadPool.java:709)
11-26 18:10:35.751  8917  9028 E LynxMotor: 	at com.qualcomm.robotcore.eventloop.opmode.LinearOpMode$LinearOpModeHelper.run(LinearOpMode.java:300)
11-26 18:10:35.752  8917  9028 E LynxMotor: 	at java.util.concurrent.ThreadPoolExecutor.runWorker(ThreadPoolExecutor.java:1113)
11-26 18:10:35.752  8917  9028 E LynxMotor: 	at java.util.concurrent.ThreadPoolExecutor$Worker.run(ThreadPoolExecutor.java:588)
11-26 18:10:35.753  8917  9028 E LynxMotor: 	at com.qualcomm.robotcore.util.ThreadPool$ThreadFactoryImpl$1.run(ThreadPool.java:764)
11-26 18:10:35.754  8917  9028 E LynxMotor: 	at java.lang.Thread.run(Thread.java:818)
11-26 18:10:39.649  8917  8994 V ThreadPool: container(0x09344f17: default threadpool) removed id=16933 TID=8994 count=2
11-26 18:10:40.912  8917  8968 V ThreadPool: container(0x09344f17: default threadpool) removed id=16928 TID=8968 count=1
11-26 18:10:41.128  8917  8917 I BatteryChecker: percent remaining: 56 is charging: false
11-26 18:11:03.013  8917  9013 V RobotCore: nack rec'd mod=2 msg#=84 ref#=0 reason=COMMAND_INVALID_FOR_MOTOR_MODE:51
11-26 18:11:03.014  8917  9028 E LynxMotor: exception thrown during lynx communication
11-26 18:11:03.016  8917  9028 E LynxMotor: com.qualcomm.hardware.lynx.LynxNackException: (DQ143RN2 #2) LynxIsMotorAtTargetCommand: nack received: COMMAND_INVALID_FOR_MOTOR_MODE:51
11-26 18:11:03.017  8917  9028 E LynxMotor: 	at com.qualcomm.hardware.lynx.commands.LynxRespondable.responseOrThrow(LynxRespondable.java:314)
11-26 18:11:03.018  8917  9028 E LynxMotor: 	at com.qualcomm.hardware.lynx.commands.LynxRespondable.sendReceive(LynxRespondable.java:254)
11-26 18:11:03.019  8917  9028 E LynxMotor: 	at com.qualcomm.hardware.lynx.LynxDcMotorController.isBusy(LynxDcMotorController.java:564)
11-26 18:11:03.019  8917  9028 E LynxMotor: 	at com.qualcomm.robotcore.hardware.DcMotorImpl.isBusy(DcMotorImpl.java:228)
11-26 18:11:03.020  8917  9028 E LynxMotor: 	at org.firstinspires.ftc.teamcode.TechNova2017.MecanumRobot.busy(MecanumRobot.java:831)
11-26 18:11:03.020  8917  9028 E LynxMotor: 	at org.firstinspires.ftc.teamcode.TechNova2017.MecanumRobot.isGlyphLiftTartReached(MecanumRobot.java:581)
11-26 18:11:03.022  8917  9028 E LynxMotor: 	at org.firstinspires.ftc.teamcode.TechNova2017.RelicRecoveryTeleOpsLinear.gamepadLoop(RelicRecoveryTeleOpsLinear.java:97)
11-26 18:11:03.024  8917  9028 E LynxMotor: 	at org.firstinspires.ftc.teamcode.TechNova2017.RelicRecoveryTeleOpsLinear.runOpMode(RelicRecoveryTeleOpsLinear.java:48)
11-26 18:11:03.024  8917  9028 E LynxMotor: 	at com.qualcomm.robotcore.eventloop.opmode.LinearOpMode$LinearOpModeHelper$1.run(LinearOpMode.java:305)
11-26 18:11:03.025  8917  9028 E LynxMotor: 	at com.qualcomm.robotcore.util.ThreadPool.logThreadLifeCycle(ThreadPool.java:709)
11-26 18:11:03.025  8917  9028 E LynxMotor: 	at com.qualcomm.robotcore.eventloop.opmode.LinearOpMode$LinearOpModeHelper.run(LinearOpMode.java:300)
11-26 18:11:03.025  8917  9028 E LynxMotor: 	at java.util.concurrent.ThreadPoolExecutor.runWorker(ThreadPoolExecutor.java:1113)
11-26 18:11:03.026  8917  9028 E LynxMotor: 	at java.util.concurrent.ThreadPoolExecutor$Worker.run(ThreadPoolExecutor.java:588)
11-26 18:11:03.027  8917  9028 E LynxMotor: 	at com.qualcomm.robotcore.util.ThreadPool$ThreadFactoryImpl$1.run(ThreadPool.java:764)
11-26 18:11:03.027  8917  9028 E LynxMotor: 	at java.lang.Thread.run(Thread.java:818)
11-26 18:11:04.292  8917  8996 E Robocol : exception SocketTimeoutException(null): no packet received [libcore.io.IoBridge.maybeThrowAfterRecvfrom(IoBridge.java:594)]
11-26 18:11:41.201  8917  8917 I BatteryChecker: percent remaining: 56 is charging: false
11-26 18:12:37.767  8917  8998 E BulkPacketInWorker: DQ143RN2: bulkTransfer() error: -1
11-26 18:12:37.772  8917  8917 V FtDeviceManager: ACTION_USB_DEVICE_DETACHED: /dev/bus/usb/001/002
11-26 18:12:37.772  8917  8917 V FtDevice: vv********************DQ143RN2 closing********************vv 0x00da6ad7
11-26 18:12:37.772  8917  8917 V FtDevice: DQ143RN2 stopping thread readBufferManager
11-26 18:12:37.773  8917  8999 V FtDevice: DQ143RN2 thread readBufferManager is stopped
11-26 18:12:37.774  8917  8917 V FtDevice: DQ143RN2 stopping thread bulkPacketInWorker
11-26 18:12:37.775  8917  8998 V FtDevice: DQ143RN2 thread bulkPacketInWorker is stopped
11-26 18:12:37.775  8917  8917 V MonitoredUsbDeviceConnection: closing UsbDeviceConnection(DQ143RN2)
11-26 18:12:37.773  9013  9013 W com.qualcomm.ftcrobotcontroller: type=1400 audit(0.0:339020): avc: denied { search } for uid=10133 comm=6C796E7820696E636F6D696E672064 name="usb" dev="tmpfs" ino=7067 scontext=u:r:untrusted_app:s0:c512,c768 tcontext=u:object_r:usb_device:s0 tclass=dir permissive=0
11-26 18:12:37.775  8917  8917 D UsbDeviceConnectionJNI: close
11-26 18:12:37.775  8917  9013 V LynxUsb : device closed in incoming datagram loop
11-26 18:12:37.776  8917  8917 V FtDevice: ^^********************DQ143RN2 closed ********************^^
11-26 18:12:37.776  8917  9000 V ThreadPool: container(0x0a162a56: WatchdogMonitor) removed id=16939 TID=9000 count=1
11-26 18:12:37.776  8917  9013 V RobotUsbDeviceFtdi: closing DQ143RN2
11-26 18:12:37.777  8917  9013 V RobotCore: thread: ...terminating 'lynx incoming datagrams'
11-26 18:12:37.778  8917  9016 D RobotCore: system telemetry: key=$System$Warning$ msg="REV Robotics USB Expansion Hub Portal [DQ143RN2] detached"
11-26 18:12:37.780  8917  9016 V RobotCore: event loop: device has shutdown abnormally: ABNORMAL
11-26 18:12:37.780  8917  9016 V EventLoopManager: event loop: detaching device DQ143RN2
11-26 18:12:37.780  8917  9016 I FtcEventLoop: vv===== MODULE DETACH RECOVERY: disarm REV Robotics USB Expansion Hub Portal [DQ143RN2]=====vv
11-26 18:12:37.782  8917  9016 V LynxUsb : disarmDevice() serial=DQ143RN2...
11-26 18:12:37.783  8917  9016 V LynxUsb : shutting down incoming datagrams
11-26 18:12:37.783  8917  9016 V ThreadPool: waiting for service Lynx incoming datagram poller
11-26 18:12:37.783  8917  9016 V ThreadPool: awaitTermination returned, isTerminated=true
11-26 18:12:37.783  8917  9013 V ThreadPool: container(0x00f1ddcf: lynx dg poller) removed id=16948 TID=9013 count=1
11-26 18:12:37.783  8917  9016 V ThreadPool: executive service Lynx incoming datagram poller(0x00f1ddcf) is terminated
11-26 18:12:37.783  8917  9016 V RobotUsbDeviceFtdi: closing DQ143RN2
11-26 18:12:37.784  8917  9016 V LynxUsb : ...done disarmDevice()
11-26 18:12:37.784  8917  9016 I FtcEventLoop: ======= MODULE DETACH RECOVERY: pretend REV Robotics USB Expansion Hub Portal [DQ143RN2]=======
11-26 18:12:37.791  8917  8917 E FtDeviceManager: permission denied for device /dev/bus/usb/001/002
11-26 18:12:37.815  8917  9005 D MediaPlayer: setSubtitleAnchor in MediaPlayer
11-26 18:12:37.816  8917  8917 D MediaPlayer: setSubtitleAnchor in MediaPlayer
11-26 18:12:37.837  8917  9003 D ExtendedUtils: extended extractor not needed, return default
11-26 18:12:37.838  8917  9003 I MediaCodec: (0xb8027af0) init name(audio/raw) isType(1) encoder(0)
11-26 18:12:37.840  8917  9062 I OMXClient: Using client-side OMX mux.
11-26 18:12:37.843  8917  9062 E OMXMaster: A component of name 'OMX.qcom.audio.decoder.aac' already exists, ignoring this one.
11-26 18:12:37.845  8917  9062 I MediaCodec: (0xb8027af0) Component Allocated (OMX.google.raw.decoder)
11-26 18:12:37.845  8917  9003 I MediaCodec: (0xb8027af0) configure surface(0x0) crypto(0x0) flags(0)
11-26 18:12:37.845  8917  9003 D MediaCodec: (0xb8027af0) configure format: AMessage(what = 0x00000000) = {
11-26 18:12:37.845  8917  9003 D MediaCodec:    string mime = "audio/raw"
11-26 18:12:37.845  8917  9003 D MediaCodec:    int64_t durationUs = 1043650
11-26 18:12:37.845  8917  9003 D MediaCodec:    int32_t channel-count = 2
11-26 18:12:37.845  8917  9003 D MediaCodec:    int32_t sample-rate = 44100
11-26 18:12:37.845  8917  9003 D MediaCodec:    int32_t channel-mask = 0
11-26 18:12:37.845  8917  9003 D MediaCodec:  }
11-26 18:12:37.846  8917  9003 I MediaCodec: (0xb8027af0) start
11-26 18:12:37.846  8917  9062 I MediaCodec: (0xb8027af0) input buffers allocated
11-26 18:12:37.846  8917  9062 I MediaCodec: (0xb8027af0) numBuffers (4)
11-26 18:12:37.846  8917  9062 I MediaCodec: (0xb8027af0) output buffers allocated
11-26 18:12:37.846  8917  9062 I MediaCodec: (0xb8027af0) numBuffers (4)
11-26 18:12:37.848  8917  9062 I MediaCodec: (0xb8027af0) codec output format changed
11-26 18:12:37.849  8917  9062 D MediaCodec: (0xb8027af0) output format: AMessage(what = 'codc', target = 10) = {
11-26 18:12:37.849  8917  9062 D MediaCodec:    string mime = "audio/raw"
11-26 18:12:37.849  8917  9062 D MediaCodec:    int32_t channel-count = 2
11-26 18:12:37.849  8917  9062 D MediaCodec:    int32_t sample-rate = 44100
11-26 18:12:37.849  8917  9062 D MediaCodec:    int32_t channel-mask = 0
11-26 18:12:37.849  8917  9062 D MediaCodec:    int32_t what = 1869968451
11-26 18:12:37.849  8917  9062 D MediaCodec:  }
11-26 18:12:37.853  8917  9003 I MediaCodec: (0xb8027af0) stop
11-26 18:12:37.854  8917  9003 I MediaCodec: (0xb8027af0) release
11-26 18:12:37.858  8917  9005 W AudioTrack: AUDIO_OUTPUT_FLAG_FAST denied by client; transfer 4, track 44100 Hz, output 48000 Hz
11-26 18:12:37.951  8917  8917 I BatteryChecker: percent remaining: 56 is charging: false
11-26 18:12:38.034  8917  9028 V RobotCore: timeout: abandoning waiting 250ms for response: cmd=LynxGetMotorEncoderPositionCommand mod=2 msg#=0
11-26 18:12:38.034  8917  9028 V RobotCore: nack rec'd mod=2 msg#=0 ref#=0 reason=ABANDONED_WAITING_FOR_RESPONSE:256
11-26 18:12:38.035  8917  9028 W LynxMotor: LynxGetMotorEncoderPositionCommand was abandoned waiting for response
11-26 18:12:38.036  8917  9016 V LynxUsb : doPretend() serial=DQ143RN2
11-26 18:12:38.036  8917  9016 I FtcEventLoop: ^^===== MODULE DETACH RECOVERY: complete REV Robotics USB Expansion Hub Portal [DQ143RN2]=====^^
11-26 18:12:38.286  8917  9028 V RobotCore: timeout: abandoning waiting 250ms for response: cmd=LynxGetADCCommand mod=2 msg#=0
11-26 18:12:38.286  8917  9028 V RobotCore: nack rec'd mod=2 msg#=0 ref#=0 reason=ABANDONED_WAITING_FOR_RESPONSE:256
11-26 18:12:38.287  8917  9028 W LynxAnalogInputController: LynxGetADCCommand was abandoned waiting for response
11-26 18:12:39.593  8917  8996 V Robocol : received command: CMD_INIT_OP_MODE(16412) $Stop$Robot$
11-26 18:12:39.594  8917  8995 I BatteryChecker: percent remaining: 56 is charging: false
11-26 18:12:39.595  8917  9016 V ThreadPool: waiting for service user linear op mode
11-26 18:12:39.597  8917  9028 V RobotCore: thread: ...terminating 'LinearOpMode main'
11-26 18:12:39.597  8917  9028 V ThreadPool: container(0x02c8d2c8: LinearOpMode) removed id=16956 TID=9028 count=1
11-26 18:12:39.597  8917  9016 V ThreadPool: awaitTermination returned, isTerminated=true
11-26 18:12:39.597  8917  9016 V ThreadPool: executive service user linear op mode(0x02c8d2c8) is terminated
11-26 18:12:39.597  8917  9016 I RobotCore: Attempting to switch to op mode $Stop$Robot$
11-26 18:12:39.610  8917  9001 V Robocol : sending CMD_NOTIFY_INIT_OP_MODE(6536), attempt: 0
11-26 18:12:39.631  8917  8996 V Robocol : received command: CMD_RUN_OP_MODE(16418) $Stop$Robot$
11-26 18:12:39.632  8917  8995 I BatteryChecker: percent remaining: 56 is charging: false
11-26 18:12:39.651  8917  9001 V Robocol : sending CMD_NOTIFY_RUN_OP_MODE(6541), attempt: 0
11-26 18:13:11.795  8917  9016 I RobotCore: robot battery read duration: n=10, mean=3.640ms sd=0.688ms
11-26 18:13:14.703  8917  8917 I BatteryChecker: percent remaining: 56 is charging: false
11-26 18:13:38.069  8917  8917 I BatteryChecker: percent remaining: 56 is charging: false
11-26 18:13:38.183  8917  8917 I BatteryChecker: percent remaining: 56 is charging: false
11-26 18:14:10.872  8917  8996 V Robocol : received command: CMD_INIT_OP_MODE(17563) $Stop$Robot$
11-26 18:14:10.873  8917  8995 I BatteryChecker: percent remaining: 56 is charging: false
11-26 18:14:10.877  8917  9016 I RobotCore: Attempting to switch to op mode $Stop$Robot$
11-26 18:14:10.890  8917  9001 V Robocol : sending CMD_NOTIFY_INIT_OP_MODE(7779), attempt: 0
11-26 18:14:10.952  8917  8996 V Robocol : received command: CMD_RUN_OP_MODE(17572) $Stop$Robot$
11-26 18:14:10.954  8917  8995 I BatteryChecker: percent remaining: 56 is charging: false
11-26 18:14:10.971  8917  9001 V Robocol : sending CMD_NOTIFY_RUN_OP_MODE(7788), attempt: 0
11-26 18:14:26.672  8917  8917 I BatteryChecker: percent remaining: 56 is charging: false
11-26 18:14:26.719  8917  8917 I BatteryChecker: percent remaining: 56 is charging: false
11-26 18:14:27.239  8917  8917 V FtDeviceManager: ACTION_USB_DEVICE_ATTACHED: /dev/bus/usb/001/002
11-26 18:14:27.239  8917  8917 V FtDeviceManager: addOrUpdateUsbDevice(vid=0x0403 pid=0x6015)
11-26 18:14:27.251  8917  8917 V ThreadPool: container(0x0996da86: WatchdogMonitor) added id=16960 TID=0 count=1
11-26 18:14:27.258  8917  8917 V FtDevice: initialize(vid=0x0403 pid=0x6015 bcdDevice=0x1000)
11-26 18:14:27.258  8917  8917 V MonitoredUsbDeviceConnection: closing UsbDeviceConnection(DQ143RN2)
11-26 18:14:27.258  8917  8917 D UsbDeviceConnectionJNI: close
11-26 18:14:27.259  8917  8917 V MonitoredUsbDeviceConnection: closing UsbDeviceConnection(DQ143RN2)
11-26 18:14:27.259  8917  8917 D UsbDeviceConnectionJNI: close
11-26 18:14:27.259  8917  8917 V RCActivity: onPause()
11-26 18:14:27.259  8917  9091 V ThreadPool: container(0x0996da86: WatchdogMonitor) removed id=16960 TID=9091 count=1
11-26 18:14:27.260  8917  8917 V RCActivity: ACTION_USB_DEVICE_ATTACHED: /dev/bus/usb/001/002
11-26 18:14:27.261  8917  8917 V FtDeviceManager: openByUsbDevice(vid=0x0403 pid=0x6015)
11-26 18:14:27.265  8917  8917 V FtDevice: vv********************DQ143RN2 opening********************vv 0x0a95109d
11-26 18:14:27.266  8917  8917 V FtDevice: ^^********************DQ143RN2 opened ********************^^
11-26 18:14:27.266  8917  8917 V FtDevice: vv********************DQ143RN2 closing********************vv 0x0a95109d
11-26 18:14:27.266  8917  8917 V FtDevice: DQ143RN2 stopping thread readBufferManager
11-26 18:14:27.267  8917  9093 V FtDevice: DQ143RN2 thread readBufferManager is stopped
11-26 18:14:27.267  8917  8917 V FtDevice: DQ143RN2 stopping thread bulkPacketInWorker
11-26 18:14:27.268  8917  9092 V FtDevice: DQ143RN2 thread bulkPacketInWorker is stopped
11-26 18:14:27.269  8917  8917 V MonitoredUsbDeviceConnection: closing UsbDeviceConnection(DQ143RN2)
11-26 18:14:27.269  8917  8917 D UsbDeviceConnectionJNI: close
11-26 18:14:27.269  8917  8917 V FtDevice: ^^********************DQ143RN2 closed ********************^^
11-26 18:14:27.269  8917  8917 V RCActivity: onResume()
11-26 18:14:27.270  8917  9016 I FtcEventLoop: vv===== MODULE ATTACH: disarm REV Robotics USB Expansion Hub Portal [DQ143RN2]=====vv
11-26 18:14:27.270  8917  9016 V LynxUsb : disarmDevice() serial=DQ143RN2...
11-26 18:14:27.270  8917  9016 V LynxUsb : ...done disarmDevice()
11-26 18:14:27.270  8917  9016 I FtcEventLoop: ======= MODULE ATTACH: arm or pretend REV Robotics USB Expansion Hub Portal [DQ143RN2]=======
11-26 18:14:27.271  8917  9016 V LynxUsb : clearing extant global warning: "REV Robotics USB Expansion Hub Portal [DQ143RN2] detached"
11-26 18:14:27.272  8917  9016 V FtDeviceManager: createDeviceInfoList(): 1 USB devices
11-26 18:14:27.275  8917  9016 V FtDevice: vv********************DQ143RN2 opening********************vv 0x0a95109d
11-26 18:14:27.276  8917  9016 V FtDevice: ^^********************DQ143RN2 opened ********************^^
11-26 18:14:27.276  8917  9016 V FtDevice: resetting DQ143RN2
11-26 18:14:27.276  8917  9016 V ThreadPool: container(0x02f61912: WatchdogMonitor) added id=16965 TID=0 count=1
11-26 18:14:27.283  8917  9016 V LynxUsb : armDevice() serial=DQ143RN2...
11-26 18:14:27.284  8917  9016 V ThreadPool: container(0x074532e0: lynx dg poller) added id=16966 TID=0 count=1
11-26 18:14:27.284  8917  9016 V LynxModule: pingAndQueryKnownInterfaces mod=3
11-26 18:14:27.285  8917  9097 V RobotCore: thread: 'lynx incoming datagrams' starting...
11-26 18:14:27.286  8917  9097 V LynxUsb : synchronization gained: serial=DQ143RN2
11-26 18:14:27.288  8917  9016 V LynxModule: queryInterface(DEKA)=49 commands
11-26 18:14:27.293  8917  9016 V LynxModule: mod#=3 intf=DEKA: expected 53 commands; found 49
11-26 18:14:27.296  8917  9016 V LynxModule: sendLEDPatternSteps(): #steps=8
11-26 18:14:27.300  8917  9016 V LynxModule: pingAndQueryKnownInterfaces mod=2
11-26 18:14:27.306  8917  9016 V LynxModule: queryInterface(DEKA)=49 commands
11-26 18:14:27.309  8917  9014 V LynxModule: received status: LynxGetModuleStatusResponse(status=0x02 alerts=0x00: Reset)
11-26 18:14:27.312  8917  9016 V LynxModule: mod#=2 intf=DEKA: expected 53 commands; found 49
11-26 18:14:27.314  8917  8996 D RobotCore: system telemetry: key=$System$None$ msg=""
11-26 18:14:27.316  8917  9016 V LynxModule: sendLEDPatternSteps(): #steps=6
11-26 18:14:27.319  8917  9015 V LynxModule: received status: LynxGetModuleStatusResponse(status=0x02 alerts=0x00: Reset)
11-26 18:14:27.329  8917  9016 V LynxUsb : ...done armDevice()
11-26 18:14:27.329  8917  9016 V AMSColorSensorImpl: internalInitialize()...
11-26 18:14:27.361  8917  9016 V AMSColorSensorImpl: state: 00 00 ff ff 00 00 00 00 00 00 00 00 00 00 00 00 
11-26 18:14:27.361  8917  9016 V AMSColorSensorImpl: state| 00 01 60 00 00 00 00 00 00 
11-26 18:14:27.375  8917  9016 V AMSColorSensorImpl: disable() enabled=0x00...
11-26 18:14:27.406  8917  9016 V AMSColorSensorImpl: ...disable() enabled=0x00
11-26 18:14:27.406  8917  9016 V AMSColorSensorImpl: setIntegrationTime(0xf6)
11-26 18:14:27.417  8917  9016 V AMSColorSensorImpl: setGain(GAIN_4)
11-26 18:14:27.442  8917  9016 V AMSColorSensorImpl: setPDrive(Percent12_5)
11-26 18:14:27.467  8917  9016 V AMSColorSensorImpl: setProximityPulseCount(0x08)
11-26 18:14:27.491  8917  9016 V AMSColorSensorImpl: enable() enabled=0x00...
11-26 18:14:27.534  8917  9016 V AMSColorSensorImpl: ...enable() enabled=0x07
11-26 18:14:27.555  8917  9016 V AMSColorSensorImpl: state: 07 f6 ff ff 00 00 00 00 00 00 00 00 00 00 08 61 
11-26 18:14:27.555  8917  9016 V AMSColorSensorImpl: state| 00 01 60 33 52 00 0e 00 1e 
11-26 18:14:27.556  8917  9016 V AMSColorSensorImpl: ...internalInitialize()
11-26 18:14:27.556  8917  9016 I FtcEventLoop: ^^===== MODULE ATTACH: complete REV Robotics USB Expansion Hub Portal [DQ143RN2]=====^^
11-26 18:15:27.006  8917  8917 I BatteryChecker: percent remaining: 56 is charging: false
11-26 18:16:12.376  8917  9016 I RobotCore: robot battery read duration: n=10, mean=3.554ms sd=0.668ms
11-26 18:16:14.706  8917  8917 I BatteryChecker: percent remaining: 56 is charging: false
