11-26 18:32:30.912  8917  9912 E LynxI2cDeviceSynch: 	at com.qualcomm.hardware.lynx.LynxI2cDeviceSynchV1$1.get(LynxI2cDeviceSynchV1.java:67)
11-26 18:32:30.914  8917  9912 E LynxI2cDeviceSynch: 	at com.qualcomm.hardware.lynx.LynxI2cDeviceSynchV1$1.get(LynxI2cDeviceSynchV1.java:64)
11-26 18:32:30.915  8917  9912 E LynxI2cDeviceSynch: 	at com.qualcomm.hardware.lynx.LynxModule.acquireI2cLockWhile(LynxModule.java:1118)
11-26 18:32:30.916  8917  9912 E LynxI2cDeviceSynch: 	at com.qualcomm.hardware.lynx.LynxI2cDeviceSynch.acquireI2cLockWhile(LynxI2cDeviceSynch.java:391)
11-26 18:32:30.926  8917  9912 E LynxI2cDeviceSynch: 	at com.qualcomm.hardware.lynx.LynxI2cDeviceSynchV1.readTimeStamped(LynxI2cDeviceSynchV1.java:63)
11-26 18:32:30.929  8917  9912 E LynxI2cDeviceSynch: 	at com.qualcomm.robotcore.hardware.I2cDeviceSynchImplOnSimple.readTimeStamped(I2cDeviceSynchImplOnSimple.java:525)
11-26 18:32:30.930  8917  9912 E LynxI2cDeviceSynch: 	at com.qualcomm.robotcore.hardware.I2cDeviceSynchImplOnSimple.read(I2cDeviceSynchImplOnSimple.java:489)
11-26 18:32:30.930  8917  9912 E LynxI2cDeviceSynch: 	at com.qualcomm.robotcore.hardware.I2cDeviceSynchImplOnSimple.read8(I2cDeviceSynchImplOnSimple.java:483)
11-26 18:32:30.931  8917  9912 E LynxI2cDeviceSynch: 	at com.qualcomm.hardware.modernrobotics.ModernRoboticsI2cRangeSensor.read8(ModernRoboticsI2cRangeSensor.java:292)
11-26 18:32:30.931  8917  9912 E LynxI2cDeviceSynch: 	at com.qualcomm.hardware.modernrobotics.ModernRoboticsI2cRangeSensor.readUnsignedByte(ModernRoboticsI2cRangeSensor.java:306)
11-26 18:32:30.932  8917  9912 E LynxI2cDeviceSynch: 	at com.qualcomm.hardware.modernrobotics.ModernRoboticsI2cRangeSensor.rawOptical(ModernRoboticsI2cRangeSensor.java:253)
11-26 18:32:30.932  8917  9912 E LynxI2cDeviceSynch: 	at com.qualcomm.hardware.modernrobotics.ModernRoboticsI2cRangeSensor.getDistance(ModernRoboticsI2cRangeSensor.java:160)
11-26 18:32:30.932  8917  9912 E LynxI2cDeviceSynch: 	at org.firstinspires.ftc.teamcode.TechNova2017.MecanumRobot.getX1Distance(MecanumRobot.java:1000)
11-26 18:32:30.933  8917  9912 E LynxI2cDeviceSynch: 	at org.firstinspires.ftc.teamcode.TechNova2017.RelicRecoveryAutoAbstract.getXDistance(RelicRecoveryAutoAbstract.java:246)
11-26 18:32:30.935  8917  9912 E LynxI2cDeviceSynch: 	at org.firstinspires.ftc.teamcode.TechNova2017.RelicRecoveryAutoStrategyBase.runOpMode(RelicRecoveryAutoStrategyBase.java:225)
11-26 18:32:30.936  8917  9912 E LynxI2cDeviceSynch: 	at com.qualcomm.robotcore.eventloop.opmode.LinearOpMode$LinearOpModeHelper$1.run(LinearOpMode.java:305)
11-26 18:32:30.936  8917  9912 E LynxI2cDeviceSynch: 	at com.qualcomm.robotcore.util.ThreadPool.logThreadLifeCycle(ThreadPool.java:709)
11-26 18:32:30.937  8917  9912 E LynxI2cDeviceSynch: 	at com.qualcomm.robotcore.eventloop.opmode.LinearOpMode$LinearOpModeHelper.run(LinearOpMode.java:300)
11-26 18:32:30.937  8917  9912 E LynxI2cDeviceSynch: 	at java.util.concurrent.ThreadPoolExecutor.runWorker(ThreadPoolExecutor.java:1113)
11-26 18:32:30.938  8917  9912 E LynxI2cDeviceSynch: 	at java.util.concurrent.ThreadPoolExecutor$Worker.run(ThreadPoolExecutor.java:588)
11-26 18:32:30.938  8917  9912 E LynxI2cDeviceSynch: 	at com.qualcomm.robotcore.util.ThreadPool$ThreadFactoryImpl$1.run(ThreadPool.java:764)
11-26 18:32:30.939  8917  9912 E LynxI2cDeviceSynch: 	at java.lang.Thread.run(Thread.java:818)
11-26 18:32:30.952  8917  9912 I TechNova: RelicRecoveryAutoRed1: X range: | RIGHT | 103.00 cm
11-26 18:32:30.955  8917  9016 D RobotCore: system telemetry: key=$System$None$ msg=""
11-26 18:32:31.014  8917  9912 I RelicRecoveryAutoRed1: RED | State:       6 [ALIGN_TO_CRYPTOBOX] |    End | 15010.1 |   692 | IMU: -90.9 | (x1,x2, y): 103.0, 0.0, 0.0 | Glyph count: 1295 | RIGHT | Battery: 12.72
11-26 18:32:31.138  8917  9912 I RelicRecoveryAutoRed1: RED | State:  7 [PLACE_GLYPH_INTO_CRYPTO] |  Start | 15135.5 |    63 | IMU: -90.9 | (x1,x2, y): 103.0, 0.0, 0.0 | Glyph count: 1295 | RIGHT | Battery: 12.72
11-26 18:32:31.139  8917  9912 I TechNova: RelicRecoveryAutoRed1:  --- Open Grabber --- 
11-26 18:32:31.386  8917  9912 I TechNova: RelicRecoveryAutoRed1:  --- Drive forward to push --- 
11-26 18:32:31.586  8917  9912 I TechNova: MecanumRobot: Encoder Remain | 	245.0	97.3	69.0
11-26 18:32:31.605  8917  9912 I TechNova: MecanumRobot: EncodersC | 	37	30	35	34
11-26 18:32:31.620  8917  9912 I TechNova: MecanumRobot: EncodersT | 	266	267	267	266
11-26 18:32:31.720  8917  9912 I TechNova: MecanumRobot: Encoder Remain | 	169.0	140.0	97.3
11-26 18:32:31.740  8917  9912 I TechNova: MecanumRobot: EncodersC | 	121	117	120	121
11-26 18:32:31.753  8917  9912 I TechNova: MecanumRobot: EncodersT | 	266	267	267	266
11-26 18:32:31.856  8917  9912 I TechNova: MecanumRobot: Encoder Remain | 	74.0	162.7	140.0
11-26 18:32:31.872  8917  9912 I TechNova: MecanumRobot: EncodersC | 	216	207	209	211
11-26 18:32:31.891  8917  9912 I TechNova: MecanumRobot: EncodersT | 	266	267	267	266
11-26 18:32:31.994  8917  9912 I TechNova: MecanumRobot: Encoder Remain | 	5.0	82.7	162.7
11-26 18:32:32.008  8917  9912 I TechNova: MecanumRobot: EncodersC | 	270	275	269	272
11-26 18:32:32.028  8917  9912 I TechNova: MecanumRobot: EncodersT | 	266	267	267	266
11-26 18:32:32.210  8917  9912 I TechNova: RelicRecoveryAutoRed1:  Place Glyph into column (ms): 796 | RIGHT | 103.00 cm
11-26 18:32:32.210  8917  9912 I TechNova: RelicRecoveryAutoRed1:  --- Drive backward to finish --- 
11-26 18:32:32.416  8917  9912 I TechNova: MecanumRobot: Encoder Remain | 	362.0	147.0	82.7
11-26 18:32:32.433  8917  9912 I TechNova: MecanumRobot: EncodersC | 	-39	-52	-40	-65
11-26 18:32:32.447  8917  9912 I TechNova: MecanumRobot: EncodersT | 	-400	-401	-401	-400
11-26 18:32:32.528  8917  9912 I TechNova: MecanumRobot: Encoder Remain | 	290.0	219.0	147.0
11-26 18:32:32.550  8917  9912 I TechNova: MecanumRobot: EncodersC | 	-124	-136	-123	-151
11-26 18:32:32.564  8917  9912 I TechNova: MecanumRobot: EncodersT | 	-400	-401	-401	-400
11-26 18:32:32.651  8917  9912 I TechNova: MecanumRobot: Encoder Remain | 	183.0	278.3	219.0
11-26 18:32:32.670  8917  9912 I TechNova: MecanumRobot: EncodersC | 	-234	-251	-235	-259
11-26 18:32:32.687  8917  9912 I TechNova: MecanumRobot: EncodersT | 	-400	-401	-401	-400
11-26 18:32:32.800  8917  9912 I TechNova: MecanumRobot: Encoder Remain | 	42.0	171.7	278.3
11-26 18:32:32.815  8917  9912 I TechNova: MecanumRobot: EncodersC | 	-369	-377	-378	-376
11-26 18:32:32.834  8917  9912 I TechNova: MecanumRobot: EncodersT | 	-400	-401	-401	-400
11-26 18:32:32.923  8917  9912 I TechNova: MecanumRobot: Encoder Remain | 	9.0	78.0	171.7
11-26 18:32:32.943  8917  9912 I TechNova: MecanumRobot: EncodersC | 	-404	-414	-411	-416
11-26 18:32:32.956  8917  9912 I TechNova: MecanumRobot: EncodersT | 	-400	-401	-401	-400
11-26 18:32:36.006  8917  9912 I RelicRecoveryAutoRed1: RED | State:  7 [PLACE_GLYPH_INTO_CRYPTO] |    End | 20012.7 |  4940 | IMU: 91.1 | (x1,x2, y): 61.0, 0.0, 0.0 | Glyph count: 1295 | RIGHT | Battery: 12.75
11-26 18:32:36.071  8917  9912 I RelicRecoveryAutoRed1: RED | State:         8 [RESET_GLYPH_LIFT] |  Start | 20076.7 |    12 | IMU: 94.3 | (x1,x2, y): 122.0, 0.0, 0.0 | Glyph count: 1295 | RIGHT | Battery: 12.76
11-26 18:32:37.747  8917  9912 I RelicRecoveryAutoRed1: RED | State:         8 [RESET_GLYPH_LIFT] |    End | 21738.4 |  1674 | IMU: 95.3 | (x1,x2, y): 122.0, 0.0, 0.0 | Glyph count:  -96 | RIGHT | Battery: 12.78
11-26 18:32:37.815  8917  9016 I FtcEventLoop: auto-stopping OpMode 'Auto Red 1'
11-26 18:32:37.815  8917  9912 V RobotCore: thread: ...terminating 'LinearOpMode main'
11-26 18:32:37.816  8917  9016 V ThreadPool: waiting for service user linear op mode
11-26 18:32:37.816  8917  9016 V ThreadPool: awaitTermination returned, isTerminated=true
11-26 18:32:37.816  8917  9912 V ThreadPool: container(0x0f3c8a2c: LinearOpMode) removed id=17023 TID=9912 count=1
11-26 18:32:37.816  8917  9016 V ThreadPool: executive service user linear op mode(0x0f3c8a2c) is terminated
11-26 18:32:38.266  8917  9016 V ThreadPool: executive service user linear op mode(0x0f3c8a2c) is terminated
11-26 18:32:38.267  8917  9016 I RobotCore: Attempting to switch to op mode $Stop$Robot$
11-26 18:32:38.330  8917  9001 V Robocol : sending CMD_NOTIFY_INIT_OP_MODE(37657), attempt: 0
11-26 18:32:38.353  8917  8996 V Robocol : received command: CMD_RUN_OP_MODE(46395) $Stop$Robot$
11-26 18:32:38.354  8917  8995 I BatteryChecker: percent remaining: 53 is charging: false
11-26 18:32:38.370  8917  9001 V Robocol : sending CMD_NOTIFY_RUN_OP_MODE(37663), attempt: 0
11-26 18:32:39.305  8917  9016 I RobotCore: Attempting to switch to op mode Relic Recovery TeleOps (Linear)
11-26 18:32:39.398  8917  9016 W LynxPwmOutputController: LynxSetPWMEnableCommand not implemented by lynx hw; ignoring
11-26 18:32:39.403  8917  9016 W LynxPwmOutputController: LynxSetPWMConfigurationCommand not implemented by lynx hw; ignoring
11-26 18:32:39.408  8917  9016 W LynxPwmOutputController: LynxSetPWMEnableCommand not implemented by lynx hw; ignoring
11-26 18:32:39.414  8917  9016 W LynxPwmOutputController: LynxSetPWMConfigurationCommand not implemented by lynx hw; ignoring
11-26 18:32:39.419  8917  9016 W LynxPwmOutputController: LynxSetPWMEnableCommand not implemented by lynx hw; ignoring
11-26 18:32:39.425  8917  9016 W LynxPwmOutputController: LynxSetPWMConfigurationCommand not implemented by lynx hw; ignoring
11-26 18:32:39.430  8917  9016 W LynxPwmOutputController: LynxSetPWMEnableCommand not implemented by lynx hw; ignoring
11-26 18:32:39.435  8917  9016 W LynxPwmOutputController: LynxSetPWMConfigurationCommand not implemented by lynx hw; ignoring
11-26 18:32:39.439  8917  9016 W LynxPwmOutputController: LynxSetPWMEnableCommand not implemented by lynx hw; ignoring
11-26 18:32:39.443  8917  9016 W LynxPwmOutputController: LynxSetPWMConfigurationCommand not implemented by lynx hw; ignoring
11-26 18:32:39.447  8917  9016 W LynxPwmOutputController: LynxSetPWMEnableCommand not implemented by lynx hw; ignoring
11-26 18:32:39.451  8917  9016 W LynxPwmOutputController: LynxSetPWMConfigurationCommand not implemented by lynx hw; ignoring
11-26 18:32:39.455  8917  9016 W LynxPwmOutputController: LynxSetPWMEnableCommand not implemented by lynx hw; ignoring
11-26 18:32:39.459  8917  9016 W LynxPwmOutputController: LynxSetPWMConfigurationCommand not implemented by lynx hw; ignoring
11-26 18:32:39.463  8917  9016 W LynxPwmOutputController: LynxSetPWMEnableCommand not implemented by lynx hw; ignoring
11-26 18:32:39.467  8917  9016 W LynxPwmOutputController: LynxSetPWMConfigurationCommand not implemented by lynx hw; ignoring
11-26 18:32:39.578  8917  9016 V AMSColorSensorImpl: internalInitialize()...
11-26 18:32:39.613  8917  9016 V AMSColorSensorImpl: state: 07 f6 ff ff 00 00 00 00 00 00 00 00 00 00 08 61 
11-26 18:32:39.613  8917  9016 V AMSColorSensorImpl: state| 00 01 60 33 24 00 0f 00 0c 
11-26 18:32:39.629  8917  9016 V AMSColorSensorImpl: disable() enabled=0x07...
11-26 18:32:39.664  8917  9016 V AMSColorSensorImpl: ...disable() enabled=0x00
11-26 18:32:39.664  8917  9016 V AMSColorSensorImpl: setIntegrationTime(0xf6)
11-26 18:32:39.677  8917  9016 V AMSColorSensorImpl: setGain(GAIN_4)
11-26 18:32:39.706  8917  9016 V AMSColorSensorImpl: setPDrive(Percent12_5)
11-26 18:32:39.735  8917  9016 V AMSColorSensorImpl: setProximityPulseCount(0x08)
11-26 18:32:39.764  8917  9016 V AMSColorSensorImpl: enable() enabled=0x00...
11-26 18:32:39.814  8917  9016 V AMSColorSensorImpl: ...enable() enabled=0x07
11-26 18:32:39.833  8917  9016 V AMSColorSensorImpl: state: 07 f6 ff ff 00 00 00 00 00 00 00 00 00 00 08 61 
11-26 18:32:39.834  8917  9016 V AMSColorSensorImpl: state| 00 01 60 33 24 00 0f 00 0c 
11-26 18:32:39.834  8917  9016 V AMSColorSensorImpl: ...internalInitialize()
11-26 18:32:40.010  8917  9016 V ThreadPool: container(0x0c04e006: LinearOpMode) added id=17037 TID=0 count=1
11-26 18:32:40.013  8917 10031 V RobotCore: thread: 'LinearOpMode main' starting...
11-26 18:32:40.050  8917  9001 V Robocol : sending CMD_NOTIFY_INIT_OP_MODE(37714), attempt: 0
11-26 18:32:40.085  8917 10031 I TechNova: MecanumRobot: Init Drive Motors |  Drive Motors are initialized ...
11-26 18:32:40.232  8917 10031 I TechNova: MecanumRobot: Init Servos |  Servos are initialized ...
11-26 18:32:40.832  8917  8996 V Robocol : received command: CMD_RUN_OP_MODE(46472) Relic Recovery TeleOps (Linear)
11-26 18:32:40.834  8917  8995 I BatteryChecker: percent remaining: 53 is charging: false
11-26 18:32:40.850  8917  9001 V Robocol : sending CMD_NOTIFY_RUN_OP_MODE(37744), attempt: 0
11-26 18:32:48.251  8917  8927 I art     : Background sticky concurrent mark sweep GC freed 434009(14MB) AllocSpace objects, 0(0B) LOS objects, 35% free, 27MB/42MB, paused 1.704ms total 149.302ms
11-26 18:32:55.000  8917  8917 I BatteryChecker: percent remaining: 52 is charging: false
11-26 18:33:07.098  8917  8927 I art     : Background partial concurrent mark sweep GC freed 506156(17MB) AllocSpace objects, 4(6MB) LOS objects, 39% free, 18MB/31MB, paused 1.963ms total 125.897ms
11-26 18:33:36.761  8917  8927 I art     : Background partial concurrent mark sweep GC freed 377675(12MB) AllocSpace objects, 0(0B) LOS objects, 39% free, 18MB/31MB, paused 1.891ms total 105.096ms
11-26 18:33:51.660  8917  9097 V RobotCore: nack rec'd mod=2 msg#=110 ref#=0 reason=COMMAND_INVALID_FOR_MOTOR_MODE:51
11-26 18:33:51.661  8917 10031 E LynxMotor: exception thrown during lynx communication
11-26 18:33:51.662  8917 10031 E LynxMotor: com.qualcomm.hardware.lynx.LynxNackException: (DQ143RN2 #2) LynxIsMotorAtTargetCommand: nack received: COMMAND_INVALID_FOR_MOTOR_MODE:51
11-26 18:33:51.663  8917 10031 E LynxMotor: 	at com.qualcomm.hardware.lynx.commands.LynxRespondable.responseOrThrow(LynxRespondable.java:314)
11-26 18:33:51.664  8917 10031 E LynxMotor: 	at com.qualcomm.hardware.lynx.commands.LynxRespondable.sendReceive(LynxRespondable.java:254)
11-26 18:33:51.665  8917 10031 E LynxMotor: 	at com.qualcomm.hardware.lynx.LynxDcMotorController.isBusy(LynxDcMotorController.java:564)
11-26 18:33:51.665  8917 10031 E LynxMotor: 	at com.qualcomm.robotcore.hardware.DcMotorImpl.isBusy(DcMotorImpl.java:228)
11-26 18:33:51.666  8917 10031 E LynxMotor: 	at org.firstinspires.ftc.teamcode.TechNova2017.MecanumRobot.busy(MecanumRobot.java:831)
11-26 18:33:51.667  8917 10031 E LynxMotor: 	at org.firstinspires.ftc.teamcode.TechNova2017.MecanumRobot.isGlyphLiftTartReached(MecanumRobot.java:581)
11-26 18:33:51.667  8917 10031 E LynxMotor: 	at org.firstinspires.ftc.teamcode.TechNova2017.RelicRecoveryTeleOpsLinear.gamepadLoop(RelicRecoveryTeleOpsLinear.java:97)
11-26 18:33:51.668  8917 10031 E LynxMotor: 	at org.firstinspires.ftc.teamcode.TechNova2017.RelicRecoveryTeleOpsLinear.runOpMode(RelicRecoveryTeleOpsLinear.java:48)
11-26 18:33:51.669  8917 10031 E LynxMotor: 	at com.qualcomm.robotcore.eventloop.opmode.LinearOpMode$LinearOpModeHelper$1.run(LinearOpMode.java:305)
11-26 18:33:51.670  8917 10031 E LynxMotor: 	at com.qualcomm.robotcore.util.ThreadPool.logThreadLifeCycle(ThreadPool.java:709)
11-26 18:33:51.670  8917 10031 E LynxMotor: 	at com.qualcomm.robotcore.eventloop.opmode.LinearOpMode$LinearOpModeHelper.run(LinearOpMode.java:300)
11-26 18:33:51.671  8917 10031 E LynxMotor: 	at java.util.concurrent.ThreadPoolExecutor.runWorker(ThreadPoolExecutor.java:1113)
11-26 18:33:51.672  8917 10031 E LynxMotor: 	at java.util.concurrent.ThreadPoolExecutor$Worker.run(ThreadPoolExecutor.java:588)
11-26 18:33:51.672  8917 10031 E LynxMotor: 	at com.qualcomm.robotcore.util.ThreadPool$ThreadFactoryImpl$1.run(ThreadPool.java:764)
11-26 18:33:51.673  8917 10031 E LynxMotor: 	at java.lang.Thread.run(Thread.java:818)
11-26 18:33:55.056  8917  8917 I BatteryChecker: percent remaining: 52 is charging: false
11-26 18:34:07.034  8917  8927 I art     : Background partial concurrent mark sweep GC freed 375393(12MB) AllocSpace objects, 0(0B) LOS objects, 39% free, 18MB/31MB, paused 1.858ms total 105.074ms
11-26 18:34:14.722  8917  8917 I BatteryChecker: percent remaining: 52 is charging: false
11-26 18:34:20.332  8917 10031 I RobotCore: robot battery read duration: n=10, mean=3.734ms sd=1.039ms
11-26 18:34:21.910  8917  8927 I art     : Background sticky concurrent mark sweep GC freed 376254(12MB) AllocSpace objects, 0(0B) LOS objects, 39% free, 18MB/31MB, paused 2.698ms total 101.088ms
11-26 18:34:55.115  8917  8917 I BatteryChecker: percent remaining: 52 is charging: false
11-26 18:34:55.204  8917  8917 I BatteryChecker: percent remaining: 52 is charging: false
11-26 18:35:19.793  8917  8996 V Robocol : received command: CMD_INIT_OP_MODE(53189) $Stop$Robot$
11-26 18:35:19.795  8917  8995 I BatteryChecker: percent remaining: 52 is charging: false
11-26 18:35:19.807  8917  9016 V ThreadPool: waiting for service user linear op mode
11-26 18:35:19.814  8917 10031 V RobotCore: thread: ...terminating 'LinearOpMode main'
11-26 18:35:19.815  8917  9016 V ThreadPool: awaitTermination returned, isTerminated=true
11-26 18:35:19.815  8917 10031 V ThreadPool: container(0x0c04e006: LinearOpMode) removed id=17037 TID=10031 count=1
11-26 18:35:19.815  8917  9016 V ThreadPool: executive service user linear op mode(0x0c04e006) is terminated
11-26 18:35:19.816  8917  9016 I RobotCore: Attempting to switch to op mode $Stop$Robot$
11-26 18:35:19.850  8917  9001 V Robocol : sending CMD_NOTIFY_INIT_OP_MODE(44598), attempt: 0
11-26 18:35:19.912  8917  8996 V Robocol : received command: CMD_RUN_OP_MODE(53196) $Stop$Robot$
11-26 18:35:19.914  8917  8995 I BatteryChecker: percent remaining: 52 is charging: false
11-26 18:35:19.931  8917  9001 V Robocol : sending CMD_NOTIFY_RUN_OP_MODE(44605), attempt: 0
11-26 18:35:23.582  8917  8927 I art     : Background sticky concurrent mark sweep GC freed 376728(12MB) AllocSpace objects, 0(0B) LOS objects, 40% free, 18MB/31MB, paused 1.668ms total 108.872ms
11-26 18:35:54.097  8917  9015 V LynxModule: received status: LynxGetModuleStatusResponse(status=0x14 alerts=0x00: FailSafe)
11-26 18:35:54.101  8917  9014 V LynxModule: received status: LynxGetModuleStatusResponse(status=0x14 alerts=0x00: FailSafe)
11-26 18:35:54.209  8917  9015 V LynxModule: received status: LynxGetModuleStatusResponse(status=0x14 alerts=0x00: FailSafe)
11-26 18:35:54.212  8917  9014 V LynxModule: received status: LynxGetModuleStatusResponse(status=0x14 alerts=0x00: FailSafe)
11-26 18:35:54.319  8917  9015 V LynxModule: received status: LynxGetModuleStatusResponse(status=0x14 alerts=0x00: FailSafe)
11-26 18:35:54.330  8917  9014 V LynxModule: received status: LynxGetModuleStatusResponse(status=0x14 alerts=0x00: FailSafe)
11-26 18:35:54.435  8917  9015 V LynxModule: received status: LynxGetModuleStatusResponse(status=0x14 alerts=0x00: FailSafe)
11-26 18:35:54.444  8917  9014 V LynxModule: received status: LynxGetModuleStatusResponse(status=0x14 alerts=0x00: FailSafe)
11-26 18:35:54.552  8917  9015 V LynxModule: received status: LynxGetModuleStatusResponse(status=0x14 alerts=0x00: FailSafe)
11-26 18:35:54.561  8917  9014 V LynxModule: received status: LynxGetModuleStatusResponse(status=0x14 alerts=0x00: FailSafe)
11-26 18:35:54.668  8917  9015 V LynxModule: received status: LynxGetModuleStatusResponse(status=0x14 alerts=0x00: FailSafe)
11-26 18:35:54.677  8917  9014 V LynxModule: received status: LynxGetModuleStatusResponse(status=0x14 alerts=0x00: FailSafe)
11-26 18:35:54.786  8917  9015 V LynxModule: received status: LynxGetModuleStatusResponse(status=0x14 alerts=0x00: FailSafe)
11-26 18:35:54.796  8917  9014 V LynxModule: received status: LynxGetModuleStatusResponse(status=0x14 alerts=0x00: FailSafe)
11-26 18:35:54.905  8917  9015 V LynxModule: received status: LynxGetModuleStatusResponse(status=0x14 alerts=0x00: FailSafe)
11-26 18:35:54.914  8917  9014 V LynxModule: received status: LynxGetModuleStatusResponse(status=0x14 alerts=0x00: FailSafe)
11-26 18:35:55.030  8917  9015 V LynxModule: received status: LynxGetModuleStatusResponse(status=0x14 alerts=0x00: FailSafe)
11-26 18:35:55.033  8917  9014 V LynxModule: received status: LynxGetModuleStatusResponse(status=0x14 alerts=0x00: FailSafe)
11-26 18:35:55.139  8917  9015 V LynxModule: received status: LynxGetModuleStatusResponse(status=0x14 alerts=0x00: FailSafe)
11-26 18:35:55.146  8917  9014 V LynxModule: received status: LynxGetModuleStatusResponse(status=0x14 alerts=0x00: FailSafe)
11-26 18:35:55.256  8917  9015 V LynxModule: received status: LynxGetModuleStatusResponse(status=0x14 alerts=0x00: FailSafe)
11-26 18:35:55.266  8917  8917 I BatteryChecker: percent remaining: 52 is charging: false
11-26 18:35:55.269  8917  9014 V LynxModule: received status: LynxGetModuleStatusResponse(status=0x14 alerts=0x00: FailSafe)
11-26 18:35:55.376  8917  9015 V LynxModule: received status: LynxGetModuleStatusResponse(status=0x14 alerts=0x00: FailSafe)
11-26 18:35:55.384  8917  9014 V LynxModule: received status: LynxGetModuleStatusResponse(status=0x14 alerts=0x00: FailSafe)
11-26 18:35:55.497  8917  9015 V LynxModule: received status: LynxGetModuleStatusResponse(status=0x14 alerts=0x00: FailSafe)
11-26 18:35:55.507  8917  9014 V LynxModule: received status: LynxGetModuleStatusResponse(status=0x14 alerts=0x00: FailSafe)
11-26 18:35:55.547  8917  9094 E BulkPacketInWorker: DQ143RN2: bulkTransfer() error: -1
11-26 18:35:55.550  8917  8917 V FtDeviceManager: ACTION_USB_DEVICE_DETACHED: /dev/bus/usb/001/002
11-26 18:35:55.550  8917  8917 V FtDevice: vv********************DQ143RN2 closing********************vv 0x0a95109d
11-26 18:35:55.550  8917  8917 V FtDevice: DQ143RN2 stopping thread readBufferManager
11-26 18:35:55.551  8917  9095 V FtDevice: DQ143RN2 thread readBufferManager is stopped
11-26 18:35:55.551  8917  8917 V FtDevice: DQ143RN2 stopping thread bulkPacketInWorker
11-26 18:35:55.552  8917  9016 V RobotCore: event loop: device has shutdown abnormally: ABNORMAL
11-26 18:35:55.550  9097  9097 W com.qualcomm.ftcrobotcontroller: type=1400 audit(0.0:339021): avc: denied { search } for uid=10133 comm=6C796E7820696E636F6D696E672064 name="usb" dev="tmpfs" ino=7067 scontext=u:r:untrusted_app:s0:c512,c768 tcontext=u:object_r:usb_device:s0 tclass=dir permissive=0
11-26 18:35:55.552  8917  9016 I FtcEventLoop: vv===== MODULE DETACH RECOVERY: disarm REV Robotics USB Expansion Hub Portal [DQ143RN2]=====vv
11-26 18:35:55.552  8917  9094 V FtDevice: DQ143RN2 thread bulkPacketInWorker is stopped
11-26 18:35:55.552  8917  8917 V MonitoredUsbDeviceConnection: closing UsbDeviceConnection(DQ143RN2)
11-26 18:35:55.552  8917  9097 V LynxUsb : device closed in incoming datagram loop
11-26 18:35:55.552  8917  8917 D UsbDeviceConnectionJNI: close
11-26 18:35:55.553  8917  9097 V RobotUsbDeviceFtdi: closing DQ143RN2
11-26 18:35:55.553  8917  8917 V FtDevice: ^^********************DQ143RN2 closed ********************^^
11-26 18:35:55.553  8917  9097 V RobotCore: thread: ...terminating 'lynx incoming datagrams'
11-26 18:35:55.554  8917  9096 V ThreadPool: container(0x02f61912: WatchdogMonitor) removed id=16965 TID=9096 count=1
11-26 18:35:55.554  8917  9016 V LynxUsb : disarmDevice() serial=DQ143RN2...
11-26 18:35:55.554  8917  9016 V LynxUsb : shutting down incoming datagrams
11-26 18:35:55.554  8917  9016 V ThreadPool: waiting for service Lynx incoming datagram poller
11-26 18:35:55.554  8917  9016 V ThreadPool: awaitTermination returned, isTerminated=true
11-26 18:35:55.554  8917  9016 V ThreadPool: executive service Lynx incoming datagram poller(0x074532e0) is terminated
11-26 18:35:55.554  8917  9097 V ThreadPool: container(0x074532e0: lynx dg poller) removed id=16966 TID=9097 count=1
11-26 18:35:55.554  8917  9016 V RobotUsbDeviceFtdi: closing DQ143RN2
11-26 18:35:55.555  8917  9016 V LynxUsb : ...done disarmDevice()
11-26 18:35:55.555  8917  9016 I FtcEventLoop: ======= MODULE DETACH RECOVERY: pretend REV Robotics USB Expansion Hub Portal [DQ143RN2]=======
11-26 18:35:55.555  8917  9016 V LynxUsb : doPretend() serial=DQ143RN2
11-26 18:35:55.556  8917  9016 I FtcEventLoop: ^^===== MODULE DETACH RECOVERY: complete REV Robotics USB Expansion Hub Portal [DQ143RN2]=====^^
11-26 18:35:55.556  8917  9016 D RobotCore: system telemetry: key=$System$Warning$ msg="REV Robotics USB Expansion Hub Portal [DQ143RN2] detached"
11-26 18:35:55.744  8917  8917 I BatteryChecker: percent remaining: 52 is charging: false
11-26 18:35:55.786  8917  8917 I BatteryChecker: percent remaining: 52 is charging: false
11-26 18:36:01.728  8917  8996 V EventLoopManager: synthetic gamepad received: id=-2 user=ONE atRest=true 
11-26 18:36:01.728  8917  8996 V EventLoopManager: synthetic gamepad received: id=-2 user=TWO atRest=true 
11-26 18:36:01.728  8917  8996 V Robocol : received command: CMD_INIT_OP_MODE(53763) $Stop$Robot$
11-26 18:36:01.730  8917  8995 I BatteryChecker: percent remaining: 52 is charging: false
11-26 18:36:01.732  8917  9016 I RobotCore: Attempting to switch to op mode $Stop$Robot$
11-26 18:36:01.770  8917  9001 V Robocol : sending CMD_NOTIFY_INIT_OP_MODE(45216), attempt: 0
11-26 18:36:01.882  8917  8996 V Robocol : received command: CMD_RUN_OP_MODE(53773) $Stop$Robot$
11-26 18:36:01.884  8917  8995 I BatteryChecker: percent remaining: 52 is charging: false
11-26 18:36:01.891  8917  9001 V Robocol : sending CMD_NOTIFY_RUN_OP_MODE(45224), attempt: 0
11-26 18:36:55.868  8917  8917 I BatteryChecker: percent remaining: 52 is charging: false
11-26 18:36:55.950  8917  8917 I BatteryChecker: percent remaining: 52 is charging: false
11-26 18:37:07.532  8917  8917 I BatteryChecker: percent remaining: 52 is charging: false
11-26 18:37:14.724  8917  8917 I BatteryChecker: percent remaining: 52 is charging: false
11-26 18:37:23.165  8917  9016 I RobotCore: robot battery read duration: n=10, mean=3.876ms sd=0.713ms
11-26 18:37:29.975  8917  8917 V RCActivity: onPause()
11-26 18:37:29.988  8917  8917 V RCActivity: onStop()
11-26 18:37:56.464  8917  8917 I BatteryChecker: percent remaining: 52 is charging: false
11-26 18:38:58.053  8917  8917 I BatteryChecker: percent remaining: 52 is charging: false
11-26 18:40:00.212  8917  8917 I BatteryChecker: percent remaining: 52 is charging: false
11-26 18:40:18.432  8917  8917 I BatteryChecker: percent remaining: 52 is charging: false
11-26 18:40:29.375  8917  9016 I RobotCore: robot battery read duration: n=10, mean=3.876ms sd=0.713ms
11-26 18:41:01.754  8917  8917 I BatteryChecker: percent remaining: 52 is charging: false
11-26 18:41:53.577  8917  8927 I art     : Background sticky concurrent mark sweep GC freed 281375(12MB) AllocSpace objects, 0(0B) LOS objects, 39% free, 18MB/31MB, paused 1.381ms total 235.629ms
11-26 18:42:03.096  8917  8917 I BatteryChecker: percent remaining: 52 is charging: false
11-26 18:43:04.314  8917  8917 I BatteryChecker: percent remaining: 51 is charging: false
11-26 18:43:22.433  8917  8917 I BatteryChecker: percent remaining: 51 is charging: false
11-26 18:43:33.708  8917  9016 I RobotCore: robot battery read duration: n=10, mean=3.876ms sd=0.713ms
11-26 18:43:58.673  8917  8927 I art     : Background sticky concurrent mark sweep GC freed 280995(12MB) AllocSpace objects, 0(0B) LOS objects, 39% free, 18MB/31MB, paused 1.462ms total 247.096ms
11-26 18:44:06.031  8917  8917 I BatteryChecker: percent remaining: 51 is charging: false
11-26 18:45:07.820  8917  8917 I BatteryChecker: percent remaining: 51 is charging: false
11-26 18:45:26.272  8917  9001 V Robocol : issuing peerDisconnected(): lastRecvPacket=6.757 s
11-26 18:45:26.272  8917  9001 V RobotCore: Network: active, disconnected
11-26 18:45:26.273  8917  9001 I RobotCore: Lost connection while running op mode: $Stop$Robot$
11-26 18:45:26.273  8917  8996 V Robocol : resetting peerDisconnected()
11-26 18:45:26.274  8917  9016 I RobotCore: Attempting to switch to op mode $Stop$Robot$
11-26 18:45:26.296  8917  9005 D MediaPlayer: setSubtitleAnchor in MediaPlayer
11-26 18:45:26.305  8917  8917 W MediaPlayer: mediaplayer went away with unhandled events
11-26 18:45:26.305  8917  8996 V NetDiscover_prefremrc: sendAllPreferences()
11-26 18:45:26.305  8917  8996 V NetDiscover_prefremrc: sending RC pref name=pref_wifip2p_remote_channel_change_works value=true
11-26 18:45:26.305  8917  8996 V NetDiscover_prefremrc: sending RC pref name=pref_device_name value=12611-RC
11-26 18:45:26.305  8917  8996 V NetDiscover_prefremrc: sending RC pref name=pref_has_independent_phone_battery value=true
11-26 18:45:26.306  8917  8996 V NetDiscover_prefremrc: sending RC pref name=pref_app_theme value=teal
11-26 18:45:26.306  8917  8996 V NetDiscover_prefremrc: sending RC pref name=pref_sound_on_off value=false
11-26 18:45:26.306  8917  8996 V RobotCore: Network: active, connected
11-26 18:45:26.315  8917  9003 D ExtendedUtils: extended extractor not needed, return default
11-26 18:45:26.315  8917  9003 I MediaCodec: (0xb8027688) init name(audio/raw) isType(1) encoder(0)
11-26 18:45:26.317  8917 10952 I OMXClient: Using client-side OMX mux.
11-26 18:45:26.322  8917  9001 V Robocol : sending CMD_NOTIFY_USER_DEVICE_LIST(52540), attempt: 0
11-26 18:45:26.324  8917  9001 V Robocol : sending CMD_ROBOT_CONTROLLER_PREFERENCE(52541), attempt: 0
11-26 18:45:26.324  8917  9001 V Robocol : sending CMD_ROBOT_CONTROLLER_PREFERENCE(52542), attempt: 0
11-26 18:45:26.325  8917  9001 V Robocol : sending CMD_ROBOT_CONTROLLER_PREFERENCE(52543), attempt: 0
11-26 18:45:26.325  8917  9001 V Robocol : sending CMD_ROBOT_CONTROLLER_PREFERENCE(52544), attempt: 0
11-26 18:45:26.325  8917  9001 V Robocol : sending CMD_ROBOT_CONTROLLER_PREFERENCE(52545), attempt: 0
11-26 18:45:26.325  8917  9001 V Robocol : sending CMD_NOTIFY_INIT_OP_MODE(52539), attempt: 0
11-26 18:45:26.332  8917 10952 E OMXMaster: A component of name 'OMX.qcom.audio.decoder.aac' already exists, ignoring this one.
11-26 18:45:26.338  8917 10952 I MediaCodec: (0xb8027688) Component Allocated (OMX.google.raw.decoder)
11-26 18:45:26.339  8917  9003 I MediaCodec: (0xb8027688) configure surface(0x0) crypto(0x0) flags(0)
11-26 18:45:26.339  8917  9003 D MediaCodec: (0xb8027688) configure format: AMessage(what = 0x00000000) = {
11-26 18:45:26.339  8917  9003 D MediaCodec:    string mime = "audio/raw"
11-26 18:45:26.339  8917  9003 D MediaCodec:    int64_t durationUs = 516598
11-26 18:45:26.339  8917  9003 D MediaCodec:    int32_t channel-count = 2
11-26 18:45:26.339  8917  9003 D MediaCodec:    int32_t sample-rate = 44100
11-26 18:45:26.339  8917  9003 D MediaCodec:    int32_t channel-mask = 0
11-26 18:45:26.339  8917  9003 D MediaCodec:  }
11-26 18:45:26.339  8917  9003 I MediaCodec: (0xb8027688) start
11-26 18:45:26.340  8917 10952 I MediaCodec: (0xb8027688) input buffers allocated
11-26 18:45:26.340  8917 10952 I MediaCodec: (0xb8027688) numBuffers (4)
11-26 18:45:26.340  8917 10952 I MediaCodec: (0xb8027688) output buffers allocated
11-26 18:45:26.340  8917 10952 I MediaCodec: (0xb8027688) numBuffers (4)
11-26 18:45:26.342  8917 10952 I MediaCodec: (0xb8027688) codec output format changed
11-26 18:45:26.342  8917 10952 D MediaCodec: (0xb8027688) output format: AMessage(what = 'codc', target = 14) = {
11-26 18:45:26.342  8917 10952 D MediaCodec:    string mime = "audio/raw"
11-26 18:45:26.342  8917 10952 D MediaCodec:    int32_t channel-count = 2
11-26 18:45:26.342  8917 10952 D MediaCodec:    int32_t sample-rate = 44100
11-26 18:45:26.342  8917 10952 D MediaCodec:    int32_t channel-mask = 0
11-26 18:45:26.342  8917 10952 D MediaCodec:    int32_t what = 1869968451
11-26 18:45:26.342  8917 10952 D MediaCodec:  }
11-26 18:45:26.349  8917  9003 I MediaCodec: (0xb8027688) stop
11-26 18:45:26.351  8917  9003 I MediaCodec: (0xb8027688) release
11-26 18:45:26.355  8917  9005 W AudioTrack: AUDIO_OUTPUT_FLAG_FAST denied by client; transfer 4, track 44100 Hz, output 48000 Hz
11-26 18:45:26.512  8917  8996 V Robocol : received command: CMD_REQUEST_UI_STATE(10002) 
11-26 18:45:26.515  8917  8995 I BatteryChecker: percent remaining: 51 is charging: false
11-26 18:45:26.523  8917  9001 V Robocol : sending CMD_NOTIFY_ACTIVE_CONFIGURATION(52578), attempt: 0
11-26 18:45:26.563  8917  9001 V Robocol : sending CMD_NOTIFY_USER_DEVICE_LIST(52579), attempt: 0
11-26 18:45:26.564  8917  9001 V Robocol : sending CMD_NOTIFY_OP_MODE_LIST(52580), attempt: 0
11-26 18:45:26.873  8917  9005 W AudioTrack: AUDIO_OUTPUT_FLAG_FAST denied by client; transfer 4, track 44100 Hz, output 48000 Hz
11-26 18:46:09.539  8917  8917 I BatteryChecker: percent remaining: 51 is charging: false
11-26 18:46:27.126  8917  8917 I BatteryChecker: percent remaining: 51 is charging: false
11-26 18:46:40.916  8917  9016 I RobotCore: robot battery read duration: n=10, mean=3.876ms sd=0.713ms
11-26 18:47:07.543  8917  8917 I BatteryChecker: percent remaining: 51 is charging: false
11-26 18:47:10.866  8917  8917 I BatteryChecker: percent remaining: 51 is charging: false
11-26 18:47:17.123  8917  8927 I art     : Background sticky concurrent mark sweep GC freed 281148(12MB) AllocSpace objects, 0(0B) LOS objects, 39% free, 18MB/31MB, paused 1.369ms total 246.427ms
11-26 18:48:12.247  8917  8917 I BatteryChecker: percent remaining: 51 is charging: false
11-26 18:48:18.293  8917  8927 I art     : Background partial concurrent mark sweep GC freed 281793(12MB) AllocSpace objects, 0(0B) LOS objects, 39% free, 18MB/31MB, paused 13.152ms total 100.038ms
11-26 18:49:13.378  8917  8917 I BatteryChecker: percent remaining: 51 is charging: false
11-26 18:49:18.460  8917  8927 I art     : Background sticky concurrent mark sweep GC freed 282060(12MB) AllocSpace objects, 0(0B) LOS objects, 39% free, 18MB/31MB, paused 1.427ms total 241.569ms
11-26 18:49:30.483  8917  8917 I BatteryChecker: percent remaining: 51 is charging: false
11-26 18:49:45.400  8917  9016 I RobotCore: robot battery read duration: n=10, mean=3.876ms sd=0.713ms
11-26 18:50:14.665  8917  8917 I BatteryChecker: percent remaining: 51 is charging: false
11-26 18:51:16.559  8917  8917 I BatteryChecker: percent remaining: 51 is charging: false
11-26 18:51:30.644  8917  8927 I art     : Background sticky concurrent mark sweep GC freed 281747(12MB) AllocSpace objects, 0(0B) LOS objects, 39% free, 18MB/31MB, paused 1.394ms total 237.251ms
11-26 18:52:18.183  8917  8917 I BatteryChecker: percent remaining: 51 is charging: false
11-26 18:52:34.703  8917  8917 I BatteryChecker: percent remaining: 51 is charging: false
11-26 18:52:52.649  8917  9016 I RobotCore: robot battery read duration: n=10, mean=3.876ms sd=0.713ms
11-26 18:53:19.490  8917  8917 I BatteryChecker: percent remaining: 51 is charging: false
11-26 18:54:20.824  8917  8917 I BatteryChecker: percent remaining: 51 is charging: false
11-26 18:55:22.567  8917  8917 I BatteryChecker: percent remaining: 51 is charging: false
11-26 18:55:38.643  8917  8917 I BatteryChecker: percent remaining: 51 is charging: false
11-26 18:55:59.472  8917  9016 I RobotCore: robot battery read duration: n=10, mean=3.876ms sd=0.713ms
11-26 18:56:24.208  8917  8917 I BatteryChecker: percent remaining: 50 is charging: false
11-26 18:56:54.041  8917  8927 I art     : Background sticky concurrent mark sweep GC freed 281263(12MB) AllocSpace objects, 0(0B) LOS objects, 39% free, 18MB/31MB, paused 1.841ms total 251.019ms
11-26 18:57:07.558  8917  8917 I BatteryChecker: percent remaining: 50 is charging: false
11-26 18:57:25.752  8917  8917 I BatteryChecker: percent remaining: 50 is charging: false
11-26 18:57:57.467  8917  8927 I art     : Background partial concurrent mark sweep GC freed 281395(12MB) AllocSpace objects, 0(0B) LOS objects, 39% free, 18MB/31MB, paused 1.419ms total 107.875ms
11-26 18:58:27.466  8917  8917 I BatteryChecker: percent remaining: 50 is charging: false
11-26 18:58:43.129  8917  8917 I BatteryChecker: percent remaining: 50 is charging: false
11-26 18:59:04.238  8917  9016 I RobotCore: robot battery read duration: n=10, mean=3.876ms sd=0.713ms
11-26 19:00:02.084  8917  8917 I BatteryChecker: percent remaining: 50 is charging: false
11-26 19:07:08.625  8917  8917 I BatteryChecker: percent remaining: 50 is charging: false
11-26 19:17:08.631  8917  8917 I BatteryChecker: percent remaining: 50 is charging: false
11-26 19:22:15.896  8917  8917 I BatteryChecker: percent remaining: 50 is charging: false
11-26 19:27:08.647  8917  8917 I BatteryChecker: percent remaining: 49 is charging: false
11-26 19:30:23.056  8917  8917 I BatteryChecker: percent remaining: 49 is charging: false
11-26 19:37:08.637  8917  8917 I BatteryChecker: percent remaining: 49 is charging: false
11-26 19:42:39.904  8917  8917 I BatteryChecker: percent remaining: 49 is charging: false
11-26 19:44:28.347  8917  8917 I BatteryChecker: percent remaining: 49 is charging: false
11-26 19:44:28.583  8917  8917 I BatteryChecker: percent remaining: 49 is charging: true
11-26 19:44:28.716  8917  8917 I BatteryChecker: percent remaining: 49 is charging: true
11-26 19:44:30.148  8917  8917 V RCActivity: onStart()
11-26 19:44:30.148  8917  8917 V Robocol : EventLoopManager.shutdown()
11-26 19:44:30.148  8917  8917 V ThreadPool: waiting for service EventLoop
11-26 19:44:30.148  8917  9016 V RobotCore: EventLoopRunnable interrupted
11-26 19:44:30.148  8917  9016 V RobotCore: EventLoopManager state is STOPPED
11-26 19:44:30.148  8917  9016 V RobotCore: Robot Status: stopped
11-26 19:44:30.148  8917  9016 I FtcEventLoop: ======= TEARDOWN =======
11-26 19:44:30.150  8917  9016 V LynxMotor: disengage mod#=3
11-26 19:44:30.151  8917  9016 V LynxMotor: disengage mod#=2
11-26 19:44:30.151  8917  9025 V ThreadPool: container(0x0fcf1993: OpModeStuckCodeMonitor) removed id=16955 TID=9025 count=1
11-26 19:44:30.151  8917  9016 V LynxServoController: disengage mod#=3
11-26 19:44:30.152  8917  9016 V LynxServoController: disengage mod#=2
11-26 19:44:30.152  8917  9016 V LynxUsb : 0x017c9665 on 0x0ded29fb: releasing delegate to [DQ143RN2]
11-26 19:44:30.153  8917  9016 V LynxUsb : 0x0ded29fb: releaseRef [DQ143RN2]=0
11-26 19:44:30.153  8917  9016 V LynxUsb : doClose([DQ143RN2])...
11-26 19:44:30.153  8917  9016 V LynxModule: close()
11-26 19:44:30.153  8917  9016 V ThreadPool: waiting for service lynx module executor
11-26 19:44:30.154  8917  9016 V LynxModule: close()
11-26 19:44:30.154  8917  9016 V ThreadPool: waiting for service lynx module executor
11-26 19:44:30.154  8917  9014 V ThreadPool: container(0x0935b7c7: lynx module executor) removed id=16949 TID=9014 count=1
11-26 19:44:30.155  8917  9016 V LynxUsb : disarmDevice() serial=DQ143RN2...
11-26 19:44:30.158  8917  9015 V ThreadPool: container(0x0aa533e1: lynx module executor) removed id=16950 TID=9015 count=1
11-26 19:44:30.159  8917  9016 V AMSColorSensorImpl: internalInitialize()...
11-26 19:44:30.160  8917  9016 V AMSColorSensorImpl: ...internalInitialize()
11-26 19:44:30.161  8917  9016 V LynxUsb : ...doClose([DQ143RN2])
11-26 19:44:30.171  8917  9016 I FtcEventLoop: ======= TEARDOWN COMPLETE =======
11-26 19:44:30.171  8917  9016 V RobotCore: thread: ...terminating 'opmode loop()'
11-26 19:44:30.171  8917  8917 V ThreadPool: awaitTermination returned, isTerminated=true
11-26 19:44:30.171  8917  9016 V ThreadPool: container(0x002e44dc: executorEventLoop) removed id=16951 TID=9016 count=1
11-26 19:44:30.171  8917  8917 V ThreadPool: executive service EventLoop(0x002e44dc) is terminated
11-26 19:44:30.171  8917  8917 V RobotCore: EventLoopManager state is STOPPED
11-26 19:44:30.176  8917  8917 V ThreadPool: container(0x09344f17: default threadpool) added id=17041 TID=0 count=1
11-26 19:44:30.182  8917 12921 V RobotCore: thread: 'RobotSetupRunnable.run()' starting...
11-26 19:44:30.182  8917 12921 V FTCService: Processing robot setup
11-26 19:44:30.182  8917 12921 V RobotCore: Robot Status: stopped, scanning for USB devices
11-26 19:44:30.183  8917  9001 V Robocol : sending CMD_NOTIFY_ROBOT_STATE(64812), attempt: 0
11-26 19:44:30.184  8917  9001 V Robocol : sending CMD_NOTIFY_ROBOT_STATE(64813), attempt: 0
11-26 19:44:30.186  8917  8917 V RCActivity: onResume()
11-26 19:44:30.251  8917  8996 D RobotCore: system telemetry: key=$System$None$ msg=""
11-26 19:44:32.303  8917  9001 V Robocol : issuing peerDisconnected(): lastRecvPacket=2.026 s
11-26 19:44:32.304  8917  9001 V RobotCore: Network: active, disconnected
11-26 19:44:32.305  8917  9001 I RobotCore: Lost connection while main event loop not active
11-26 19:44:35.182  8917 12921 V RobotCore: Robot Status: stopped, waiting for Wifi to enable
11-26 19:44:35.183  8917 12921 V RobotCore: Robot Status: stopped, waiting for Wifi Direct to enable
11-26 19:44:35.183  8917 12921 V RobotCore: Robot Status: stopped, waiting for network to become active
11-26 19:44:35.183  8917 12921 V RobotCore: Robot Status: stopped, starting robot
11-26 19:44:35.183  8917 12921 V Robocol : EventLoopManager.start()
11-26 19:44:35.184  8917 12921 V Robocol : Spoofing a Network Connection event...
11-26 19:44:35.184  8917 12921 V ThreadPool: executive service EventLoop(0x002e44dc) is terminated
11-26 19:44:35.184  8917 12921 V RobotCore: EventLoopManager state is STOPPED
11-26 19:44:35.185  8917 12921 V Robocol : eventLoop=FtcEventLoop
11-26 19:44:35.185  8917 12921 V RobotCore: EventLoopManager state is INIT
11-26 19:44:35.185  8917 12921 V RobotCore: Robot Status: initializing, starting robot
11-26 19:44:35.185  8917 12921 I FtcEventLoop: ======= INIT START =======
11-26 19:44:35.186  8917 12921 V OpmodeRegistration: registered {DefaultOpMode} as {$Stop$Robot$}
11-26 19:44:35.191  8917 12921 V FileBasedLock: locked /storage/emulated/0/FIRST/blocks/projectslock/lock.dat
11-26 19:44:35.191  8917  8917 D WifiDirect: cannot create group, does group already exist?
11-26 19:44:35.192  8917 12921 V ThreadPool: container(0x09344f17: default threadpool) added id=17042 TID=0 count=2
11-26 19:44:35.193  8917 12921 V FileBasedLock: unlocking /storage/emulated/0/FIRST/blocks/projectslock/lock.dat
11-26 19:44:35.200  8917 12921 V OpmodeRegistration: registered {RelicRecoveryAutoBlue2} as {Auto Blue 2}
11-26 19:44:35.201  8917 12921 V OpmodeRegistration: registered {SensorMRRangeColorSensor} as {Sensor: MR range & Color sensor}
11-26 19:44:35.201  8917 12921 V OpmodeRegistration: registered {RelicRecoveryTeleOpsLinear} as {Relic Recovery TeleOps (Linear)}
11-26 19:44:35.202  8917 12921 V OpmodeRegistration: registered {RelicRecoveryAutoRed1} as {Auto Red 1}
11-26 19:44:35.203  8917 12921 V OpmodeRegistration: registered {SensorTest} as {Sensor Test}
11-26 19:44:35.203  8917 12921 V OpmodeRegistration: registered {RelicRecoveryAutoBlue1} as {Auto Blue 1}
11-26 19:44:35.204  8917 12921 V OpmodeRegistration: registered {RelicRecoveryAutoRed2} as {Auto Red 2}
11-26 19:44:35.205  8917 12921 V OpmodeRegistration: registered {SensorREVColorDistance} as {Sensor: REVColorDistance}
11-26 19:44:35.205  8917 12921 V OpmodeRegistration: registered {RelicRecoveryAutoTest} as {Auto Test}
11-26 19:44:35.234  8917 12921 V HardwareFactory: createHardwareMap()
11-26 19:44:35.234  8917  8917 I BatteryChecker: percent remaining: 49 is charging: true
11-26 19:44:35.234  8917 12921 V WifiDirectInviteMonitor: clearUILynxModule()
11-26 19:44:35.235  8917 12921 V ReadXMLFileHandler: handleLynxModule() mod#=2...
11-26 19:44:35.235  8917 12921 V ConfigurationUtility: buildEmptyLynxModule() mod#=2...
11-26 19:44:35.235  8917 12921 V ConfigurationUtility: ...buildEmptyLynxModule() mod#=2
11-26 19:44:35.235  8917 12921 V ReadXMLFileHandler: ...handleLynxModule() mod#=2
11-26 19:44:35.235  8917 12921 V ReadXMLFileHandler: handleLynxModule() mod#=3...
11-26 19:44:35.235  8917 12921 V ConfigurationUtility: buildEmptyLynxModule() mod#=3...
11-26 19:44:35.236  8917 12921 V ConfigurationUtility: ...buildEmptyLynxModule() mod#=3
11-26 19:44:35.236  8917 12921 V ReadXMLFileHandler: ...handleLynxModule() mod#=3
11-26 19:44:35.236  8917 12921 V RobotCore: Creating REV Robotics USB Expansion Hub Portal [DQ143RN2]
11-26 19:44:35.236  8917 12921 V LynxUsb : creating new [DQ143RN2]: 0x01cec5ea
11-26 19:44:35.237  8917 12921 V FtDeviceManager: createDeviceInfoList(): 0 USB devices
11-26 19:44:35.237  8917 12921 W System.err: unable to find lynx USB device with serial number DQ143RN2
11-26 19:44:35.238  8917 12921 E LynxUsb : exception RobotCoreException(unable to find lynx USB device with serial number DQ143RN2): exception arming DQ143RN2 [com.qualcomm.hardware.lynx.LynxUsbUtil.logMessageAndThrow(LynxUsbUtil.java:108)]
11-26 19:44:35.238  8917 12921 V LynxUsb : doPretend() serial=DQ143RN2
11-26 19:44:35.238  8917 12921 V LynxUsb : 0x0253c0db on 0x01cec5ea: new delegate to [DQ143RN2]
11-26 19:44:35.238  8917 12921 V RobotCore: Creating Lynx Module - mod=2 parent=false
11-26 19:44:35.238  8917 12921 V RobotCore: Creating Lynx Module - mod=3 parent=true
11-26 19:44:35.238  8917 12921 V LynxUsb : addConfiguredModule() module#=3
11-26 19:44:35.238  8917 12921 V LynxModule: pingAndQueryKnownInterfaces mod=3
11-26 19:44:35.239  8917 12921 V LynxModule: queryInterface(DEKA)=0 commands
11-26 19:44:35.239  8917 12921 V LynxModule: mod#=3 intf=DEKA: expected 53 commands; found 0
11-26 19:44:35.239  8917 12921 V LynxModule: sendLEDPatternSteps(): #steps=8
11-26 19:44:35.239  8917 12921 V LynxUsb : addConfiguredModule() module#=2
11-26 19:44:35.239  8917 12921 V LynxModule: pingAndQueryKnownInterfaces mod=2
11-26 19:44:35.239  8917 12921 V LynxModule: queryInterface(DEKA)=0 commands
11-26 19:44:35.239  8917 12921 V LynxModule: mod#=2 intf=DEKA: expected 53 commands; found 0
11-26 19:44:35.239  8917 12921 V LynxModule: sendLEDPatternSteps(): #steps=6
11-26 19:44:35.239  8917 12921 V LynxMotor: initializeHardware() mod#=2
11-26 19:44:35.240  8917 12921 V RobotCore: DcMotorImpl(type=NeveRest40Gearmotor)
11-26 19:44:35.240  8917 12921 V RobotCore: DcMotorImpl(type=NeveRest20Gearmotor)
11-26 19:44:35.240  8917 12921 V RobotCore: DcMotorImpl(type=NeveRest40Gearmotor)
11-26 19:44:35.240  8917 12921 V LynxServoController: initializeHardware() mod#=2
11-26 19:44:35.241  8917 12921 V LynxVoltageSensor: initializeHardware() mod#=2
11-26 19:44:35.241  8917 12921 V LynxPwmOutputController: initializeHardware() mod#=2
11-26 19:44:35.241  8917 12921 V LynxAnalogInputController: initializeHardware() mod#=2
11-26 19:44:35.241  8917 12921 V RobotCore: Creating Modern Robotics analog Touch Sensor - Port: 1
11-26 19:44:35.241  8917 12921 V LynxDigitalChannelController: initializeHardware() mod#=2
11-26 19:44:35.242  8917 12921 V RobotCore: Creating Lynx Color/Range Sensor - mod=2 bus=1
11-26 19:44:35.242  8917 12921 I RobotCore: LynxFirmwareVersionManager: LynxI2cDeviceSynchV1
11-26 19:44:35.242  8917 12921 V LynxI2cDeviceSynch: initializeHardware() mod#=2
11-26 19:44:35.242  8917 12921 V AMSColorSensorImpl: internalInitialize()...
11-26 19:44:35.242  8917 12921 V AMSColorSensorImpl: ...internalInitialize()
11-26 19:44:35.242  8917 12921 V LynxI2cDeviceSynch: engaging mod#=2
11-26 19:44:35.242  8917 12921 V LynxMotor: initializeHardware() mod#=3
11-26 19:44:35.243  8917 12921 V RobotCore: DcMotorImpl(type=NeveRest40Gearmotor)
11-26 19:44:35.243  8917 12921 V RobotCore: DcMotorImpl(type=NeveRest40Gearmotor)
11-26 19:44:35.243  8917 12921 V RobotCore: DcMotorImpl(type=NeveRest40Gearmotor)
11-26 19:44:35.243  8917 12921 V RobotCore: DcMotorImpl(type=NeveRest40Gearmotor)
11-26 19:44:35.243  8917 12921 V LynxServoController: initializeHardware() mod#=3
11-26 19:44:35.243  8917 12921 V LynxVoltageSensor: initializeHardware() mod#=3
11-26 19:44:35.244  8917 12921 V LynxPwmOutputController: initializeHardware() mod#=3
11-26 19:44:35.244  8917 12921 V LynxAnalogInputController: initializeHardware() mod#=3
11-26 19:44:35.244  8917 12921 V RobotCore: Creating Analog Input Device - Port: 1
11-26 19:44:35.244  8917 12921 V LynxDigitalChannelController: initializeHardware() mod#=3
11-26 19:44:35.244  8917 12921 V RobotCore: Creating user sensor REV Expansion Hub IMU - on Lynx module=3 bus=0
11-26 19:44:35.244  8917 12921 V RobotCore: Creating I2cDeviceSynch (Lynx) - mod=3 bus=0
11-26 19:44:35.244  8917 12921 I RobotCore: LynxFirmwareVersionManager: LynxI2cDeviceSynchV1
11-26 19:44:35.244  8917 12921 V LynxI2cDeviceSynch: initializeHardware() mod#=3
11-26 19:44:35.244  8917 12921 V RobotCore: Creating user sensor MR Range Sensor - on Lynx module=3 bus=1
11-26 19:44:35.245  8917 12921 V RobotCore: Creating I2cDeviceSynch (Lynx) - mod=3 bus=1
11-26 19:44:35.245  8917 12921 I RobotCore: LynxFirmwareVersionManager: LynxI2cDeviceSynchV1
11-26 19:44:35.245  8917 12921 V LynxI2cDeviceSynch: initializeHardware() mod#=3
11-26 19:44:35.245  8917 12921 V RobotCore: Creating user sensor MR Range Sensor - on Lynx module=3 bus=2
11-26 19:44:35.245  8917 12921 V RobotCore: Creating I2cDeviceSynch (Lynx) - mod=3 bus=2
11-26 19:44:35.245  8917 12921 I RobotCore: LynxFirmwareVersionManager: LynxI2cDeviceSynchV1
11-26 19:44:35.245  8917 12921 V LynxI2cDeviceSynch: initializeHardware() mod#=3
11-26 19:44:35.245  8917 12921 I RobotCore: ========= Device Information ===================================================
11-26 19:44:35.245  8917 12921 I RobotCore: Type                                               Name                           Connection
11-26 19:44:35.245  8917 12921 I RobotCore: Motor                                              rr                             USB DQ143RN2; module 3; port 3
11-26 19:44:35.245  8917 12921 I RobotCore: Servo                                              relicElbow                     USB DQ143RN2; module 3; port 2
11-26 19:44:35.245  8917 12921 I RobotCore: Motor                                              glyphLift                      USB DQ143RN2; module 2; port 0
11-26 19:44:35.245  8917 12921 I RobotCore: Servo                                              relicClaw                      USB DQ143RN2; module 3; port 1
11-26 19:44:35.246  8917 12921 I RobotCore: Servo                                              lowerRightGripper              USB DQ143RN2; module 2; port 3
