--------- beginning of main
01-03 18:51:17.469 20477 20477 I chatty  : uid=10133 expire 99 lines
01-03 18:51:17.506 20477 20483 I chatty  : uid=10133 expire 1 line
01-03 18:51:17.597 20477 20491 I chatty  : uid=10133 expire 2 lines
01-03 18:51:17.635 20477 20496 I chatty  : uid=10133 expire 14 lines
01-03 18:51:17.666 20494 20494 I chatty  : uid=10133 expire 20 lines
01-03 18:51:18.930 20477 20487 I chatty  : uid=10133 expire 1 line
01-03 18:51:20.127 20477 20607 I chatty  : uid=10133 expire 2 lines
01-03 18:51:20.345 20477 20611 I chatty  : uid=10133 expire 3 lines
01-03 18:51:25.347 20477 20611 I chatty  : uid=10133 expire 151 lines
01-03 18:51:25.364 20477 20624 I chatty  : uid=10133 expire 7 lines
01-03 18:51:25.370 20477 20477 I chatty  : uid=10133 expire 12 lines
01-03 18:51:25.403 20477 20627 I chatty  : uid=10133 expire 13 lines
01-03 18:51:25.470 20477 20632 I chatty  : uid=10133 expire 10 lines
01-03 18:51:25.484 20477 20631 I chatty  : uid=10133 expire 6 lines
01-03 18:51:25.523 20477 20629 I chatty  : uid=10133 expire 21 lines
01-03 18:51:25.527 20477 20636 I chatty  : uid=10133 expire 9 lines
01-03 18:51:25.621 20477 20643 I chatty  : uid=10133 expire 9 lines
01-03 18:51:25.714 20477 20646 I chatty  : uid=10133 expire 10 lines
01-03 18:51:25.834 20477 20626 I chatty  : uid=10133 expire 4 lines
01-03 18:51:26.623 20477 20653 I chatty  : uid=10133 expire 9 lines
01-03 18:51:55.374 20477 20625 I chatty  : uid=10133 expire 1 line
01-03 18:51:55.470 20477 20611 I chatty  : uid=10133 expire 1 line
01-03 18:52:39.366 20477 20627 I chatty  : uid=10133 expire 4 lines
01-03 18:55:24.233 20477 20477 I chatty  : uid=10133 expire 10 lines
01-03 18:59:49.876 20477 20477 I chatty  : uid=10133 expire 11 lines
01-03 19:03:51.158 20477 20477 I chatty  : uid=10133 expire 10 lines
01-03 19:09:24.239 20477 20477 I chatty  : uid=10133 expire 10 lines
01-03 19:09:26.979 20477 20632 I chatty  : uid=10133 expire 15 lines
01-03 19:12:50.674 20477 20477 I chatty  : uid=10133 expire 10 lines
01-03 19:18:24.234 20477 20477 I chatty  : uid=10133 expire 10 lines
01-03 19:22:18.591 20477 20477 I chatty  : uid=10133 expire 10 lines
01-03 19:25:53.567 20477 20483 I chatty  : uid=10133 expire 1 line
01-03 19:27:30.456 20477 20477 I chatty  : uid=10133 expire 10 lines
01-03 19:29:05.235 20477 20646 I chatty  : uid=10133 expire 10 lines
01-03 19:32:54.626 20477 20477 I chatty  : uid=10133 expire 10 lines
01-03 19:36:55.360 20477 20477 I chatty  : uid=10133 expire 10 lines
01-03 19:42:30.485 20477 20477 I chatty  : uid=10133 expire 10 lines
01-03 19:49:05.696 20477 20477 I chatty  : uid=10133 expire 10 lines
01-03 19:54:28.869 20477 20632 I chatty  : uid=10133 expire 10 lines
01-03 19:54:30.495 20477 20477 I chatty  : uid=10133 expire 10 lines
01-03 19:59:07.330 20477 20477 I chatty  : uid=10133 expire 10 lines
01-03 20:05:01.027 20477 20477 I chatty  : uid=10133 expire 10 lines
01-03 20:10:01.824 20477 20477 I chatty  : uid=10133 expire 10 lines
01-03 20:15:30.517 20477 20477 I chatty  : uid=10133 expire 10 lines
01-03 20:21:30.530 20477 20477 I chatty  : uid=10133 expire 11 lines
01-03 20:23:34.104 20477 20632 I chatty  : uid=10133 expire 26 lines
01-03 20:23:36.457 20477 20631 I chatty  : uid=10133 expire 2 lines
01-03 20:23:36.474 20477 20629 I chatty  : uid=10133 expire 7 lines
01-03 20:23:36.476 20477 21412 I chatty  : uid=10133 expire 9 lines
01-03 20:23:44.546 20477 20477 I chatty  : uid=10133 expire 11 lines
01-03 20:23:44.548 20477 20648 I chatty  : uid=10133 expire 1 line
01-03 20:23:45.110 21439 21439 I chatty  : uid=10133 ps expire 20 lines
01-03 20:23:45.145 20477 20477 I chatty  : uid=10133 expire 19 lines
01-03 20:23:45.465 20477 20627 I chatty  : uid=10133 expire 1 line
01-03 20:23:53.985 21448 21448 I chatty  : uid=10133 com.qualcomm.ftcrobotcontroller expire 32 lines
01-03 20:23:54.043 21448 21461 I chatty  : uid=10133 com.qualcomm.ftcrobotcontroller expire 2 lines
01-03 20:23:54.083 21448 21466 I chatty  : uid=10133 callback looper expire 14 lines
01-03 20:23:54.093 21463 21463 I chatty  : uid=10133 ps expire 20 lines
01-03 20:23:54.194 21448 21448 I chatty  : uid=10133 com.qualcomm.ftcrobotcontroller expire 70 lines
01-03 20:23:56.130 21448 21496 I chatty  : uid=10133 RenderThread expire 2 lines
01-03 20:23:56.319 21448 21501 I chatty  : uid=10133 com.qualcomm.ftcrobotcontroller expire 148 lines
01-03 20:24:01.326 21448 21526 I chatty  : uid=10133 com.qualcomm.ftcrobotcontroller expire 7 lines
01-03 20:24:01.360 21448 21529 I chatty  : uid=10133 com.qualcomm.ftcrobotcontroller expire 17 lines
01-03 20:24:01.402 21448 21530 I chatty  : uid=10133 com.qualcomm.ftcrobotcontroller expire 1 line
01-03 20:24:01.772 21448 21537 I chatty  : uid=10133 pool-2-thread-1 expire 6 lines
01-03 20:24:01.773 21448 21540 I chatty  : uid=10133 com.qualcomm.ftcrobotcontroller expire 2 lines
01-03 20:24:01.797 21448 21542 I chatty  : uid=10133 SoundPlayer expire 2 lines
01-03 20:24:01.798 21448 21543 I chatty  : uid=10133 com.qualcomm.ftcrobotcontroller expire 1 line
01-03 20:24:01.833 21448 21547 I chatty  : uid=10133 com.qualcomm.ftcrobotcontroller expire 1 line
01-03 20:24:01.836 21448 21539 I chatty  : uid=10133 SoundPoolThread expire 7 lines
01-03 20:24:01.839 21448 21548 I chatty  : uid=10133 com.qualcomm.ftcrobotcontroller expire 9 lines
01-03 20:24:02.812 21448 21501 I chatty  : uid=10133 com.qualcomm.ftcrobotcontroller expire 57 lines
01-03 20:24:02.862 21448 21528 I chatty  : uid=10133 com.qualcomm.ftcrobotcontroller expire 18 lines
01-03 20:24:02.867 21448 21553 I chatty  : uid=10133 com.qualcomm.ftcrobotcontroller expire 33 lines
01-03 20:24:02.874 21448 21542 I chatty  : uid=10133 SoundPlayer expire 2 lines
01-03 20:24:02.874 21448 21448 I chatty  : uid=10133 com.qualcomm.ftcrobotcontroller expire 7 lines
01-03 20:24:02.886 21448 21539 I chatty  : uid=10133 SoundPoolThread expire 7 lines
01-03 20:24:02.892 21448 21557 I chatty  : uid=10133 com.qualcomm.ftcrobotcontroller expire 9 lines
01-03 20:24:02.892 21448 21537 I chatty  : uid=10133 pool-2-thread-1 expire 10 lines
01-03 20:24:19.415 21448 21529 I chatty  : uid=10133 com.qualcomm.ftcrobotcontroller expire 10 lines
01-03 20:24:21.830 21448 21576 I chatty  : uid=10133 com.qualcomm.ftcrobotcontroller expire 10 lines
01-03 20:24:21.835 21448 21577 I chatty  : uid=10133 com.qualcomm.ftcrobotcontroller expire 4 lines
01-03 20:24:21.838 21448 21501 I chatty  : uid=10133 com.qualcomm.ftcrobotcontroller expire 2 lines
01-03 20:24:31.335 21448 21527 I chatty  : uid=10133 com.qualcomm.ftcrobotcontroller expire 1 line
01-03 20:24:51.838 21448 21576 I chatty  : uid=10133 com.qualcomm.ftcrobotcontroller expire 1 line
01-03 20:26:14.440 21448 21528 I chatty  : uid=10133 com.qualcomm.ftcrobotcontroller expire 7 lines
01-03 20:26:14.454 21448 21537 I chatty  : uid=10133 pool-2-thread-1 expire 8 lines
01-03 20:26:31.522 21448 21561 I chatty  : uid=10133 com.qualcomm.ftcrobotcontroller expire 1 line
01-03 20:26:31.527 21448 21547 I chatty  : uid=10133 com.qualcomm.ftcrobotcontroller expire 1 line
01-03 20:26:31.528 21448 21543 I chatty  : uid=10133 com.qualcomm.ftcrobotcontroller expire 1 line
01-03 20:26:31.529 21448 21540 I chatty  : uid=10133 com.qualcomm.ftcrobotcontroller expire 2 lines
01-03 20:26:31.531 21448 21532 I chatty  : uid=10133 com.qualcomm.ftcrobotcontroller expire 1 line
01-03 20:26:31.532 21448 21531 I chatty  : uid=10133 com.qualcomm.ftcrobotcontroller expire 1 line
01-03 20:26:31.535 21448 21533 I chatty  : uid=10133 com.qualcomm.ftcrobotcontroller expire 1 line
01-03 20:26:31.536 21448 21553 I chatty  : uid=10133 com.qualcomm.ftcrobotcontroller expire 2 lines
01-03 20:26:31.536 21448 21448 I chatty  : uid=10133 com.qualcomm.ftcrobotcontroller expire 3 lines
01-03 20:26:31.541 21448 21586 I chatty  : uid=10133 com.qualcomm.ftcrobotcontroller expire 196 lines
01-03 20:26:31.573 21448 21537 I chatty  : uid=10133 pool-2-thread-1 expire 11 lines
01-03 20:26:31.722 21448 21496 I chatty  : uid=10133 RenderThread expire 1 line
01-03 20:26:36.569 21448 21448 I chatty  : uid=10133 com.qualcomm.ftcrobotcontroller expire 3 lines
01-03 20:26:36.974 21448 21597 I chatty  : uid=10133 com.qualcomm.ftcrobotcontroller expire 2 lines
01-03 20:26:37.009 21448 21598 I chatty  : uid=10133 com.qualcomm.ftcrobotcontroller expire 1 line
01-03 20:26:37.060 21448 21599 I chatty  : uid=10133 com.qualcomm.ftcrobotcontroller expire 3 lines
01-03 20:26:38.069 21448 21600 I chatty  : uid=10133 com.qualcomm.ftcrobotcontroller expire 31 lines
01-03 20:26:41.775 21448 21529 I chatty  : uid=10133 com.qualcomm.ftcrobotcontroller expire 2 lines
01-03 20:26:41.777 21448 21528 I chatty  : uid=10133 com.qualcomm.ftcrobotcontroller expire 4 lines
01-03 20:26:44.316 21448 21600 I chatty  : uid=10133 com.qualcomm.ftcrobotcontroller expire 73 lines
01-03 20:26:44.879 21448 21604 I chatty  : uid=10133 com.qualcomm.ftcrobotcontroller expire 5 lines
01-03 20:26:44.892 21448 21537 I chatty  : uid=10133 pool-2-thread-1 expire 11 lines
01-03 20:26:44.997 21448 21601 I chatty  : uid=10133 com.qualcomm.ftcrobotcontroller expire 1 line
01-03 20:26:45.052 21448 21542 I chatty  : uid=10133 SoundPlayer expire 2 lines
01-03 20:26:45.052 21448 21448 I chatty  : uid=10133 com.qualcomm.ftcrobotcontroller expire 8 lines
01-03 20:26:45.080 21448 21539 I chatty  : uid=10133 SoundPoolThread expire 7 lines
01-03 20:26:45.083 21448 21608 I chatty  : uid=10133 com.qualcomm.ftcrobotcontroller expire 9 lines
01-03 20:26:45.168 21448 21599 I chatty  : uid=10133 com.qualcomm.ftcrobotcontroller expire 1 line
01-03 20:26:45.170 21448 21598 I chatty  : uid=10133 com.qualcomm.ftcrobotcontroller expire 1 line
01-03 20:26:45.172 21448 21597 I chatty  : uid=10133 com.qualcomm.ftcrobotcontroller expire 2 lines
01-03 20:26:45.173 21448 21595 I chatty  : uid=10133 com.qualcomm.ftcrobotcontroller expire 1 line
01-03 20:26:45.174 21448 21594 I chatty  : uid=10133 com.qualcomm.ftcrobotcontroller expire 1 line
01-03 20:26:45.174 21448 21596 I chatty  : uid=10133 com.qualcomm.ftcrobotcontroller expire 1 line
01-03 20:27:06.551 21448 21593 I chatty  : uid=10133 com.qualcomm.ftcrobotcontroller expire 1 line
01-03 20:27:08.069 21448 21586 I chatty  : uid=10133 com.qualcomm.ftcrobotcontroller expire 1 line
01-03 20:27:32.455 21448 21529 I chatty  : uid=10133 com.qualcomm.ftcrobotcontroller expire 2 lines
01-03 20:27:32.463 21448 21600 I chatty  : uid=10133 com.qualcomm.ftcrobotcontroller expire 6 lines
01-03 20:27:32.474 21448 21614 I chatty  : uid=10133 com.qualcomm.ftcrobotcontroller expire 57 lines
01-03 20:27:37.903 21448 21621 I chatty  : uid=10133 com.qualcomm.ftcrobotcontroller expire 2 lines
01-03 20:27:37.907 21448 21614 I chatty  : uid=10133 com.qualcomm.ftcrobotcontroller expire 8 lines
01-03 20:27:37.942 21448 21622 I chatty  : uid=10133 com.qualcomm.ftcrobotcontroller expire 1 line
01-03 20:27:37.952 21448 21614 I chatty  : uid=10133 com.qualcomm.ftcrobotcontroller expire 2 lines
01-03 20:27:37.995 21448 21623 I chatty  : uid=10133 com.qualcomm.ftcrobotcontroller expire 3 lines
01-03 20:27:38.110 21448 21614 I chatty  : uid=10133 com.qualcomm.ftcrobotcontroller expire 129 lines
01-03 20:27:38.963 21448 21624 I chatty  : uid=10133 com.qualcomm.ftcrobotcontroller expire 51 lines
01-03 20:27:38.963 21448 21542 I chatty  : uid=10133 SoundPlayer expire 1 line
01-03 20:27:38.972 21448 21537 I chatty  : uid=10133 pool-2-thread-1 expire 5 lines
01-03 20:27:39.577 21448 21529 I chatty  : uid=10133 com.qualcomm.ftcrobotcontroller expire 4 lines
01-03 20:27:39.580 21448 21528 I chatty  : uid=10133 com.qualcomm.ftcrobotcontroller expire 4 lines
01-03 20:27:42.533 21448 21448 I chatty  : uid=10133 com.qualcomm.ftcrobotcontroller expire 1 line
01-03 20:27:53.691 21448 21631 I chatty  : uid=10133 com.qualcomm.ftcrobotcontroller expire 3 lines
01-03 20:27:53.693 21448 21537 I chatty  : uid=10133 pool-2-thread-1 expire 15 lines
01-03 20:27:53.788 21448 21631 I chatty  : uid=10133 com.qualcomm.ftcrobotcontroller expire 2 lines
01-03 20:27:53.793 21448 21624 I chatty  : uid=10133 com.qualcomm.ftcrobotcontroller expire 55 lines
01-03 20:27:53.808 21448 21626 I chatty  : uid=10133 com.qualcomm.ftcrobotcontroller expire 1 line
01-03 20:27:53.813 21448 21542 I chatty  : uid=10133 SoundPlayer expire 1 line
01-03 20:27:53.977 21448 21623 I chatty  : uid=10133 com.qualcomm.ftcrobotcontroller expire 1 line
01-03 20:27:53.979 21448 21622 I chatty  : uid=10133 com.qualcomm.ftcrobotcontroller expire 1 line
01-03 20:27:53.980 21448 21621 I chatty  : uid=10133 com.qualcomm.ftcrobotcontroller expire 2 lines
01-03 20:27:53.981 21448 21619 I chatty  : uid=10133 com.qualcomm.ftcrobotcontroller expire 1 line
01-03 20:27:53.983 21448 21618 I chatty  : uid=10133 com.qualcomm.ftcrobotcontroller expire 1 line
01-03 20:27:53.985 21448 21620 I chatty  : uid=10133 com.qualcomm.ftcrobotcontroller expire 1 line
01-03 20:28:07.487 21448 21617 I chatty  : uid=10133 com.qualcomm.ftcrobotcontroller expire 1 line
01-03 20:28:08.962 21448 21614 I chatty  : uid=10133 com.qualcomm.ftcrobotcontroller expire 1 line
01-03 20:28:48.335 21448 21529 I chatty  : uid=10133 com.qualcomm.ftcrobotcontroller expire 11 lines
01-03 20:28:48.336 21448 21528 I chatty  : uid=10133 com.qualcomm.ftcrobotcontroller expire 11 lines
01-03 20:30:11.850 21448 21528 I chatty  : uid=10133 com.qualcomm.ftcrobotcontroller expire 2 lines
01-03 20:30:11.856 21448 21448 I chatty  : uid=10133 com.qualcomm.ftcrobotcontroller expire 7 lines
01-03 20:30:11.856 21448 21624 I chatty  : uid=10133 com.qualcomm.ftcrobotcontroller expire 6 lines
01-03 20:30:11.865 21448 21646 I chatty  : uid=10133 com.qualcomm.ftcrobotcontroller expire 38 lines
01-03 20:30:16.892 21448 21537 I chatty  : uid=10133 pool-2-thread-1 expire 2 lines
01-03 20:30:16.928 21448 21646 I chatty  : uid=10133 com.qualcomm.ftcrobotcontroller expire 5 lines
01-03 20:30:16.933 21448 21537 I chatty  : uid=10133 pool-2-thread-1 expire 3 lines
01-03 20:30:16.937 21448 21646 I chatty  : uid=10133 com.qualcomm.ftcrobotcontroller expire 153 lines
01-03 20:30:17.302 21448 21653 I chatty  : uid=10133 com.qualcomm.ftcrobotcontroller expire 2 lines
01-03 20:30:17.336 21448 21654 I chatty  : uid=10133 com.qualcomm.ftcrobotcontroller expire 1 line
01-03 20:30:17.380 21448 21655 I chatty  : uid=10133 com.qualcomm.ftcrobotcontroller expire 3 lines
01-03 20:30:18.369 21448 21542 I chatty  : uid=10133 SoundPlayer expire 1 line
01-03 20:30:18.369 21448 21656 I chatty  : uid=10133 com.qualcomm.ftcrobotcontroller expire 62 lines
01-03 20:30:18.373 21448 21537 I chatty  : uid=10133 pool-2-thread-1 expire 12 lines
01-03 20:30:19.542 21448 21529 I chatty  : uid=10133 com.qualcomm.ftcrobotcontroller expire 6 lines
01-03 20:30:19.545 21448 21528 I chatty  : uid=10133 com.qualcomm.ftcrobotcontroller expire 6 lines
01-03 20:30:21.927 21448 21448 I chatty  : uid=10133 com.qualcomm.ftcrobotcontroller expire 1 line
01-03 20:30:30.952 21448 21661 I chatty  : uid=10133 com.qualcomm.ftcrobotcontroller expire 4 lines
01-03 20:30:30.973 21448 21537 I chatty  : uid=10133 pool-2-thread-1 expire 1 line
01-03 20:30:31.071 21448 21656 I chatty  : uid=10133 com.qualcomm.ftcrobotcontroller expire 42 lines
01-03 20:30:31.075 21448 21661 I chatty  : uid=10133 com.qualcomm.ftcrobotcontroller expire 1 line
01-03 20:30:31.077 21448 21658 I chatty  : uid=10133 com.qualcomm.ftcrobotcontroller expire 1 line
01-03 20:30:31.083 21448 21542 I chatty  : uid=10133 SoundPlayer expire 1 line
01-03 20:30:31.093 21448 21537 I chatty  : uid=10133 pool-2-thread-1 expire 14 lines
01-03 20:30:31.242 21448 21655 I chatty  : uid=10133 com.qualcomm.ftcrobotcontroller expire 1 line
01-03 20:30:31.243 21448 21654 I chatty  : uid=10133 com.qualcomm.ftcrobotcontroller expire 1 line
01-03 20:30:31.244 21448 21653 I chatty  : uid=10133 com.qualcomm.ftcrobotcontroller expire 2 lines
01-03 20:30:31.244 21448 21651 I chatty  : uid=10133 com.qualcomm.ftcrobotcontroller expire 1 line
01-03 20:30:31.246 21448 21650 I chatty  : uid=10133 com.qualcomm.ftcrobotcontroller expire 1 line
01-03 20:30:31.247 21448 21652 I chatty  : uid=10133 com.qualcomm.ftcrobotcontroller expire 1 line
01-03 20:30:46.877 21448 21649 I chatty  : uid=10133 com.qualcomm.ftcrobotcontroller expire 1 line
01-03 20:30:48.367 21448 21646 I chatty  : uid=10133 com.qualcomm.ftcrobotcontroller expire 1 line
01-03 20:30:57.856 21448 21529 I chatty  : uid=10133 com.qualcomm.ftcrobotcontroller expire 8 lines
01-03 20:30:57.857 21448 21528 I chatty  : uid=10133 com.qualcomm.ftcrobotcontroller expire 6 lines
01-03 20:31:38.217 21448 21448 I chatty  : uid=10133 com.qualcomm.ftcrobotcontroller expire 7 lines
01-03 20:31:38.218 21448 21656 I chatty  : uid=10133 com.qualcomm.ftcrobotcontroller expire 6 lines
01-03 20:31:38.225 21448 21666 I chatty  : uid=10133 com.qualcomm.ftcrobotcontroller expire 148 lines
01-03 20:31:43.656 21448 21673 I chatty  : uid=10133 com.qualcomm.ftcrobotcontroller expire 2 lines
01-03 20:31:43.694 21448 21674 I chatty  : uid=10133 com.qualcomm.ftcrobotcontroller expire 1 line
01-03 20:31:43.726 21448 21675 I chatty  : uid=10133 com.qualcomm.ftcrobotcontroller expire 3 lines
01-03 20:31:44.675 21448 21666 I chatty  : uid=10133 com.qualcomm.ftcrobotcontroller expire 48 lines
01-03 20:31:44.715 21448 21542 I chatty  : uid=10133 SoundPlayer expire 1 line
01-03 20:31:44.715 21448 21676 I chatty  : uid=10133 com.qualcomm.ftcrobotcontroller expire 43 lines
01-03 20:31:44.733 21448 21537 I chatty  : uid=10133 pool-2-thread-1 expire 18 lines
01-03 20:31:45.339 21448 21529 I chatty  : uid=10133 com.qualcomm.ftcrobotcontroller expire 11 lines
01-03 20:31:45.340 21448 21528 I chatty  : uid=10133 com.qualcomm.ftcrobotcontroller expire 13 lines
01-03 20:31:48.283 21448 21448 I chatty  : uid=10133 com.qualcomm.ftcrobotcontroller expire 22 lines
01-03 20:31:51.455 21448 21686 I chatty  : uid=10133 com.qualcomm.ftcrobotcontroller expire 1 line
01-03 20:31:52.725 21448 21688 I chatty  : uid=10133 com.qualcomm.ftcrobotcontroller expire 1 line
01-03 20:32:04.698 21448 21678 I chatty  : uid=10133 com.qualcomm.ftcrobotcontroller expire 1 line
01-03 20:32:04.701 21448 21675 I chatty  : uid=10133 com.qualcomm.ftcrobotcontroller expire 1 line
01-03 20:32:04.703 21448 21674 I chatty  : uid=10133 com.qualcomm.ftcrobotcontroller expire 1 line
01-03 20:32:04.704 21448 21673 I chatty  : uid=10133 com.qualcomm.ftcrobotcontroller expire 2 lines
01-03 20:32:04.806 21448 21671 I chatty  : uid=10133 com.qualcomm.ftcrobotcontroller expire 1 line
01-03 20:32:04.806 21448 21670 I chatty  : uid=10133 com.qualcomm.ftcrobotcontroller expire 1 line
01-03 20:32:04.808 21448 21672 I chatty  : uid=10133 com.qualcomm.ftcrobotcontroller expire 1 line
01-03 20:32:07.202 21448 21666 I chatty  : uid=10133 com.qualcomm.ftcrobotcontroller expire 21 lines
01-03 20:32:11.896 21448 21529 I chatty  : uid=10133 com.qualcomm.ftcrobotcontroller expire 1 line
01-03 20:32:11.897 21448 21528 I chatty  : uid=10133 com.qualcomm.ftcrobotcontroller expire 1 line
01-03 20:32:12.210 21448 21448 I chatty  : uid=10133 com.qualcomm.ftcrobotcontroller expire 1 line
01-03 20:32:12.215 21448 21537 I chatty  : uid=10133 pool-2-thread-1 expire 2 lines
01-03 20:32:12.217 21448 21666 I chatty  : uid=10133 com.qualcomm.ftcrobotcontroller expire 8 lines
01-03 20:32:12.252 21448 21537 I chatty  : uid=10133 pool-2-thread-1 expire 10 lines
01-03 20:32:12.253 21448 21666 I chatty  : uid=10133 com.qualcomm.ftcrobotcontroller expire 166 lines
01-03 20:32:12.254 21448 21448 I chatty  : uid=10133 com.qualcomm.ftcrobotcontroller expire 3 lines
01-03 20:32:12.625 21448 21698 I chatty  : uid=10133 com.qualcomm.ftcrobotcontroller expire 2 lines
01-03 20:32:12.661 21448 21699 I chatty  : uid=10133 com.qualcomm.ftcrobotcontroller expire 1 line
01-03 20:32:12.688 21448 21700 I chatty  : uid=10133 com.qualcomm.ftcrobotcontroller expire 3 lines
01-03 20:32:13.653 21448 21701 I chatty  : uid=10133 com.qualcomm.ftcrobotcontroller expire 6 lines
01-03 20:32:14.296 21448 21529 I chatty  : uid=10133 com.qualcomm.ftcrobotcontroller expire 6 lines
01-03 20:32:14.298 21448 21528 I chatty  : uid=10133 com.qualcomm.ftcrobotcontroller expire 6 lines
01-03 20:32:42.212 21448 21669 I chatty  : uid=10133 com.qualcomm.ftcrobotcontroller expire 1 line
01-03 20:32:43.651 21448 21666 I chatty  : uid=10133 com.qualcomm.ftcrobotcontroller expire 1 line
01-03 20:33:05.013 21448 21537 I chatty  : uid=10133 pool-2-thread-1 expire 1 line
01-03 20:33:06.656 21448 21529 I chatty  : uid=10133 com.qualcomm.ftcrobotcontroller expire 1 line
01-03 20:33:06.658 21448 21528 I chatty  : uid=10133 com.qualcomm.ftcrobotcontroller expire 1 line
01-03 20:33:06.693 21448 21537 I chatty  : uid=10133 pool-2-thread-1 expire 1 line
01-03 20:33:06.697 21448 21529 I chatty  : uid=10133 com.qualcomm.ftcrobotcontroller expire 2 lines
01-03 20:33:06.705 21448 21528 I chatty  : uid=10133 com.qualcomm.ftcrobotcontroller expire 5 lines
01-03 20:33:06.722 21448 21707 I chatty  : uid=10133 com.qualcomm.ftcrobotcontroller expire 5 lines
01-03 20:33:06.728 21448 21709 I chatty  : uid=10133 com.qualcomm.ftcrobotcontroller expire 4 lines
01-03 20:33:06.728 21448 21707 I chatty  : uid=10133 com.qualcomm.ftcrobotcontroller expire 5 lines
01-03 20:33:06.729 21448 21708 I chatty  : uid=10133 com.qualcomm.ftcrobotcontroller expire 2 lines
01-03 20:33:06.732 21448 21528 I chatty  : uid=10133 com.qualcomm.ftcrobotcontroller expire 10 lines
01-03 20:33:06.733 21448 21537 I chatty  : uid=10133 pool-2-thread-1 expire 2 lines
01-03 20:33:36.729 21448 21707 I chatty  : uid=10133 com.qualcomm.ftcrobotcontroller expire 1 line
01-03 20:33:49.416 21448 21448 I chatty  : uid=10133 com.qualcomm.ftcrobotcontroller expire 1 line
01-03 20:33:53.497 21448 21529 I chatty  : uid=10133 com.qualcomm.ftcrobotcontroller expire 2 lines
01-03 20:33:53.527 21448 21528 I chatty  : uid=10133 com.qualcomm.ftcrobotcontroller expire 1 line
01-03 20:33:53.534 21448 21537 I chatty  : uid=10133 pool-2-thread-1 expire 2 lines
01-03 20:33:54.617 21448 21529 I chatty  : uid=10133 com.qualcomm.ftcrobotcontroller expire 1 line
01-03 20:33:54.621 21448 21528 I chatty  : uid=10133 com.qualcomm.ftcrobotcontroller expire 2 lines
01-03 20:33:54.653 21448 21537 I chatty  : uid=10133 pool-2-thread-1 expire 1 line
01-03 20:33:55.936 21448 21529 I chatty  : uid=10133 com.qualcomm.ftcrobotcontroller expire 2 lines
01-03 20:33:55.973 21448 21537 I chatty  : uid=10133 pool-2-thread-1 expire 1 line
01-03 20:33:55.987 21448 21528 I chatty  : uid=10133 com.qualcomm.ftcrobotcontroller expire 3 lines
01-03 20:33:56.000 21448 21448 I chatty  : uid=10133 com.qualcomm.ftcrobotcontroller expire 2 lines
01-03 20:33:56.001 21448 21701 I chatty  : uid=10133 com.qualcomm.ftcrobotcontroller expire 3 lines
01-03 20:33:56.003 21448 21702 I chatty  : uid=10133 com.qualcomm.ftcrobotcontroller expire 1 line
01-03 20:33:56.006 21448 21701 I chatty  : uid=10133 com.qualcomm.ftcrobotcontroller expire 8 lines
01-03 20:33:56.009 21448 21700 I chatty  : uid=10133 com.qualcomm.ftcrobotcontroller expire 1 line
01-03 20:33:56.009 21448 21701 I chatty  : uid=10133 com.qualcomm.ftcrobotcontroller expire 1 line
01-03 20:33:56.010 21448 21699 I chatty  : uid=10133 com.qualcomm.ftcrobotcontroller expire 1 line
01-03 20:33:56.011 21448 21701 I chatty  : uid=10133 com.qualcomm.ftcrobotcontroller expire 4 lines
01-03 20:33:56.011 21448 21698 V RobotCore: thread: ...terminating 'lynx incoming datagrams'
01-03 20:33:56.011 21448 21701 V ThreadPool: awaitTerminationOrExitApplication Lynx incoming datagram poller; interrupt thrown
01-03 20:33:56.011 21448 21698 V ThreadPool: container(0x0fd1a17e: lynx dg poller) removed id=1538 TID=21698 count=1
01-03 20:33:56.012 21448 21537 V Robocol : sending CMD_NOTIFY_USER_DEVICE_LIST(7321), attempt: 0
01-03 20:33:56.013 21448 21537 V Robocol : sending CMD_NOTIFY_OP_MODE_LIST(7322), attempt: 0
01-03 20:33:56.014 21448 21537 V Robocol : sending CMD_SHOW_TOAST(7326), attempt: 0
01-03 20:33:56.112 21448 21701 V RobotUsbDeviceFtdi: closing DQ143RN2
01-03 20:33:56.112 21448 21701 V FtDevice: vv********************DQ143RN2 closing********************vv 0x0dd7b284
01-03 20:33:56.112 21448 21701 V FtDevice: DQ143RN2 stopping thread readBufferManager
01-03 20:33:56.112 21448 21696 V FtDevice: DQ143RN2 thread readBufferManager is stopped
01-03 20:33:56.112 21448 21701 V FtDevice: DQ143RN2 stopping thread bulkPacketInWorker
01-03 20:33:56.113 21448 21695 V FtDevice: DQ143RN2 thread bulkPacketInWorker is stopped
01-03 20:33:56.114 21448 21701 V MonitoredUsbDeviceConnection: closing UsbDeviceConnection(DQ143RN2)
01-03 20:33:56.114 21448 21701 D UsbDeviceConnectionJNI: close
01-03 20:33:56.114 21448 21701 V FtDevice: ^^********************DQ143RN2 closed ********************^^
01-03 20:33:56.114 21448 21701 V LynxUsb : ...done disarmDevice()
01-03 20:33:56.115 21448 21701 V LynxUsb : ...doClose([DQ143RN2])
01-03 20:33:56.115 21448 21701 I FtcEventLoop: ======= TEARDOWN COMPLETE =======
01-03 20:33:56.115 21448 21697 V ThreadPool: container(0x0109d300: WatchdogMonitor) removed id=1537 TID=21697 count=1
01-03 20:33:56.115 21448 21701 V RobotCore: thread: ...terminating 'opmode loop()'
01-03 20:33:56.115 21448 21701 V EventLoopManager: switching to idleEventLoop
01-03 20:33:56.115 21448 21701 I FtcEventLoopIdle: ------- idle init --------
01-03 20:33:56.115 21448 21701 V RobotCore: thread: 'opmode loop()' starting...
01-03 20:33:58.501 21448 21448 V ThreadPool: awaiting shutdown: thread pool="EventLoop" attempt=1
01-03 20:33:58.501 21448 21448 E RobotCore: thread id=1541 tid=21701 name="opmode loop()" 
01-03 20:33:58.502 21448 21448 E RobotCore:     at java.lang.Thread.sleep(Native Method)
01-03 20:33:58.502 21448 21448 E RobotCore:     at java.lang.Thread.sleep(Thread.java:1031)
01-03 20:33:58.502 21448 21448 E RobotCore:     at java.lang.Thread.sleep(Thread.java:985)
01-03 20:33:58.502 21448 21448 E RobotCore:     at com.qualcomm.robotcore.eventloop.EventLoopManager$EventLoopRunnable$1.run(EventLoopManager.java:252)
01-03 20:33:58.502 21448 21448 E RobotCore:     at com.qualcomm.robotcore.util.ThreadPool.logThreadLifeCycle(ThreadPool.java:709)
01-03 20:33:58.502 21448 21448 E RobotCore:     at com.qualcomm.robotcore.eventloop.EventLoopManager$EventLoopRunnable.run(EventLoopManager.java:241)
01-03 20:33:58.502 21448 21448 E RobotCore:     at com.qualcomm.robotcore.eventloop.EventLoopManager$1.run(EventLoopManager.java:580)
01-03 20:33:58.502 21448 21448 E RobotCore:     at java.util.concurrent.ThreadPoolExecutor.runWorker(ThreadPoolExecutor.java:1113)
01-03 20:33:58.502 21448 21448 E RobotCore:     at java.util.concurrent.ThreadPoolExecutor$Worker.run(ThreadPoolExecutor.java:588)
01-03 20:33:58.502 21448 21448 E RobotCore:     at com.qualcomm.robotcore.util.ThreadPool$ThreadFactoryImpl$1.run(ThreadPool.java:764)
01-03 20:33:58.502 21448 21448 E RobotCore:     at java.lang.Thread.run(Thread.java:818)
01-03 20:33:58.502 21448 21448 V ThreadPool: waiting for service EventLoop
01-03 20:33:58.503 21448 21701 V RobotCore: EventLoopRunnable interrupted
01-03 20:33:58.503 21448 21701 V RobotCore: EventLoopManager state is STOPPED
01-03 20:33:58.503 21448 21701 V RobotCore: Robot Status: stopped
01-03 20:33:58.503 21448 21701 I FtcEventLoopIdle: ------- idle teardown ----
01-03 20:33:58.503 21448 21701 V RobotCore: thread: ...terminating 'opmode loop()'
01-03 20:33:58.504 21448 21448 V ThreadPool: awaitTermination returned, isTerminated=true
01-03 20:33:58.504 21448 21448 V ThreadPool: executive service EventLoop(0x0fa947af) is terminated
01-03 20:33:58.504 21448 21448 V RobotCore: EventLoopManager state is STOPPED
01-03 20:33:58.508 21448 21701 V ThreadPool: container(0x0fa947af: executorEventLoop) removed id=1541 TID=21701 count=1
01-03 20:33:58.510 21448 21711 V RobotCore: thread: 'RobotSetupRunnable.run()' starting...
01-03 20:33:58.511 21448 21711 V FTCService: Processing robot setup
01-03 20:33:58.511 21448 21711 V RobotCore: Robot Status: stopped, scanning for USB devices
01-03 20:33:58.532 21448 21537 V Robocol : sending CMD_NOTIFY_ROBOT_STATE(7354), attempt: 0
01-03 20:33:58.533 21448 21537 V Robocol : sending CMD_NOTIFY_ROBOT_STATE(7355), attempt: 0
01-03 20:33:58.533 21448 21537 V Robocol : sending CMD_SHOW_TOAST(7356), attempt: 0
01-03 20:34:03.512 21448 21711 V RobotCore: Robot Status: stopped, waiting for Wifi to enable
01-03 20:34:03.512 21448 21711 V RobotCore: Robot Status: stopped, waiting for Wifi Direct to enable
01-03 20:34:03.512 21448 21711 V RobotCore: Robot Status: stopped, waiting for network to become active
01-03 20:34:03.513 21448 21711 V RobotCore: Robot Status: stopped, starting robot
01-03 20:34:03.513 21448 21711 V Robocol : EventLoopManager.start()
01-03 20:34:03.513 21448 21711 V Robocol : Spoofing a Network Connection event...
01-03 20:34:03.513 21448 21711 V ThreadPool: executive service EventLoop(0x0fa947af) is terminated
01-03 20:34:03.513 21448 21711 V RobotCore: EventLoopManager state is STOPPED
01-03 20:34:03.513 21448 21711 V Robocol : eventLoop=FtcEventLoop
01-03 20:34:03.513 21448 21711 V RobotCore: EventLoopManager state is INIT
01-03 20:34:03.514 21448 21711 V RobotCore: Robot Status: initializing, starting robot
01-03 20:34:03.514 21448 21711 I FtcEventLoop: ======= INIT START =======
01-03 20:34:03.514 21448 21711 V OpmodeRegistration: registered {DefaultOpMode} as {$Stop$Robot$}
01-03 20:34:03.522 21448 21711 V FileBasedLock: locked /storage/emulated/0/FIRST/blocks/projectslock/lock.dat
01-03 20:34:03.523 21448 21711 V ThreadPool: container(0x0248a1c4: default threadpool) added id=1547 TID=0 count=2
01-03 20:34:03.527 21448 21711 V FileBasedLock: unlocking /storage/emulated/0/FIRST/blocks/projectslock/lock.dat
01-03 20:34:03.530 21448 21448 D WifiDirect: cannot create group, does group already exist?
01-03 20:34:03.532 21448 21537 V Robocol : sending CMD_NOTIFY_ROBOT_STATE(7408), attempt: 0
01-03 20:34:03.533 21448 21537 V Robocol : sending CMD_NOTIFY_ROBOT_STATE(7409), attempt: 0
01-03 20:34:03.534 21448 21711 V OpmodeRegistration: registered {SensorTest} as {Sensor Test}
01-03 20:34:03.535 21448 21711 V OpmodeRegistration: registered {RelicRecoveryTileRunnerTeleOpsLinear} as {TileRunner TeleOps (Linear)}
01-03 20:34:03.536 21448 21711 V OpmodeRegistration: registered {SensorMRRangeColorSensor} as {Sensor: MR range & Color sensor}
01-03 20:34:03.536 21448 21711 V OpmodeRegistration: registered {RelicRecoveryAutoRed1} as {Auto Red 1}
01-03 20:34:03.537 21448 21711 V OpmodeRegistration: registered {RelicRecoveryTeleOpsLinear} as {Relic Recovery TeleOps (Linear)}
01-03 20:34:03.538 21448 21711 V OpmodeRegistration: registered {RelicRecoveryAutoRed2} as {Auto Red 2}
01-03 20:34:03.539 21448 21711 V OpmodeRegistration: registered {RelicRecoveryAutoTest} as {Auto Test}
01-03 20:34:03.540 21448 21711 V OpmodeRegistration: registered {TestGlyphCollector} as {Test Glyph Pickup}
01-03 20:34:03.541 21448 21711 V OpmodeRegistration: registered {SensorREVColorDistance} as {Sensor: REVColorDistance}
01-03 20:34:03.542 21448 21711 V OpmodeRegistration: registered {RelicRecoveryAutoBlue1} as {Auto Blue 1}
01-03 20:34:03.542 21448 21711 V OpmodeRegistration: registered {RelicRecoveryAutoBlue2} as {Auto Blue 2}
01-03 20:34:03.571 21448 21711 V HardwareFactory: createHardwareMap()
01-03 20:34:03.571 21448 21711 V WifiDirectInviteMonitor: clearUILynxModule()
01-03 20:34:03.572 21448 21448 I BatteryChecker: percent remaining: 89 is charging: false
01-03 20:34:03.572 21448 21711 V ReadXMLFileHandler: handleLynxModule() mod#=2...
01-03 20:34:03.572 21448 21711 V ConfigurationUtility: buildEmptyLynxModule() mod#=2...
01-03 20:34:03.572 21448 21711 V ConfigurationUtility: ...buildEmptyLynxModule() mod#=2
01-03 20:34:03.572 21448 21537 V Robocol : sending CMD_NOTIFY_ACTIVE_CONFIGURATION(7410), attempt: 0
01-03 20:34:03.572 21448 21711 V ReadXMLFileHandler: ...handleLynxModule() mod#=2
01-03 20:34:03.573 21448 21711 V ReadXMLFileHandler: handleLynxModule() mod#=3...
01-03 20:34:03.573 21448 21711 V ConfigurationUtility: buildEmptyLynxModule() mod#=3...
01-03 20:34:03.573 21448 21537 V Robocol : sending CMD_NOTIFY_USER_DEVICE_LIST(7411), attempt: 0
01-03 20:34:03.573 21448 21711 V ConfigurationUtility: ...buildEmptyLynxModule() mod#=3
01-03 20:34:03.573 21448 21711 V ReadXMLFileHandler: ...handleLynxModule() mod#=3
01-03 20:34:03.574 21448 21537 V Robocol : sending CMD_NOTIFY_OP_MODE_LIST(7412), attempt: 0
01-03 20:34:03.574 21448 21711 V RobotCore: Creating REV Robotics USB Expansion Hub Portal [DQ143RN2]
01-03 20:34:03.574 21448 21711 V LynxUsb : creating new [DQ143RN2]: 0x01c17a9f
01-03 20:34:03.575 21448 21711 V FtDeviceManager: createDeviceInfoList(): 1 USB devices
01-03 20:34:03.580 21448 21711 V FtDevice: vv********************DQ143RN2 opening********************vv 0x0dd7b284
01-03 20:34:03.581 21448 21711 V FtDevice: ^^********************DQ143RN2 opened ********************^^
01-03 20:34:03.581 21448 21711 V FtDevice: resetting DQ143RN2
01-03 20:34:03.581 21448 21711 V ThreadPool: container(0x08b7d7ec: WatchdogMonitor) added id=1550 TID=0 count=1
01-03 20:34:03.586 21448 21711 V LynxUsb : armDevice() serial=DQ143RN2...
01-03 20:34:03.586 21448 21711 V LynxModule: resetDevice() serial=DQ143RN2
01-03 20:34:03.939 21448 21711 V ThreadPool: container(0x0a7f9e4a: lynx dg poller) added id=1551 TID=0 count=1
01-03 20:34:03.941 21448 21711 V LynxUsb : ...done armDevice()
01-03 20:34:03.941 21448 21711 V LynxUsb : 0x064086d8 on 0x01c17a9f: new delegate to [DQ143RN2]
01-03 20:34:03.941 21448 21711 V RobotCore: Creating Lynx Module - mod=2 parent=false
01-03 20:34:03.941 21448 21711 V RobotCore: Creating Lynx Module - mod=3 parent=true
01-03 20:34:03.942 21448 21711 V LynxUsb : addConfiguredModule() module#=3
01-03 20:34:03.942 21448 21711 V LynxModule: pingAndQueryKnownInterfaces mod=3
01-03 20:34:03.943 21448 21711 V ThreadPool: container(0x0d221e97: lynx module executor) added id=1552 TID=0 count=1
01-03 20:34:03.943 21448 21721 V RobotCore: thread: 'lynx incoming datagrams' starting...
01-03 20:34:03.945 21448 21721 V LynxUsb : synchronization gained: serial=DQ143RN2
01-03 20:34:03.950 21448 21711 V LynxModule: queryInterface(DEKA)=49 commands
01-03 20:34:03.956 21448 21711 V LynxModule: mod#=3 intf=DEKA: expected 53 commands; found 49
01-03 20:34:03.961 21448 21711 V LynxModule: sendLEDPatternSteps(): #steps=8
01-03 20:34:03.971 21448 21711 V LynxUsb : addConfiguredModule() module#=2
01-03 20:34:03.972 21448 21711 V LynxModule: pingAndQueryKnownInterfaces mod=2
01-03 20:34:03.973 21448 21711 V ThreadPool: container(0x059f6a31: lynx module executor) added id=1553 TID=0 count=1
01-03 20:34:03.979 21448 21722 V LynxModule: received status: LynxGetModuleStatusResponse(status=0x02 alerts=0x00: Reset)
01-03 20:34:03.986 21448 21711 V LynxModule: queryInterface(DEKA)=49 commands
01-03 20:34:03.993 21448 21711 V LynxModule: mod#=2 intf=DEKA: expected 53 commands; found 49
01-03 20:34:03.998 21448 21711 V LynxModule: sendLEDPatternSteps(): #steps=6
01-03 20:34:04.007 21448 21711 V LynxMotor: initializeHardware() mod#=2
01-03 20:34:04.035 21448 21723 V LynxModule: received status: LynxGetModuleStatusResponse(status=0x05 alerts=0x00: KeepAliveTimeout|FailSafe)
01-03 20:34:04.035 21448 21723 V LynxModule: resendCurrentPattern()
01-03 20:34:04.035 21448 21723 V LynxModule: sendLEDPatternSteps(): #steps=6
01-03 20:34:04.167 21448 21711 V RobotCore: DcMotorImpl(type=NeveRest20Gearmotor)
01-03 20:34:04.168 21448 21711 V RobotCore: DcMotorImpl(type=NeveRest40Gearmotor)
01-03 20:34:04.168 21448 21711 V RobotCore: DcMotorImpl(type=NeveRest40Gearmotor)
01-03 20:34:04.168 21448 21711 V LynxServoController: initializeHardware() mod#=2
01-03 20:34:04.220 21448 21711 V LynxVoltageSensor: initializeHardware() mod#=2
01-03 20:34:04.220 21448 21711 V LynxPwmOutputController: initializeHardware() mod#=2
01-03 20:34:04.225 21448 21711 W LynxPwmOutputController: LynxSetPWMEnableCommand not implemented by lynx hw; ignoring
01-03 20:34:04.230 21448 21711 W LynxPwmOutputController: LynxSetPWMConfigurationCommand not implemented by lynx hw; ignoring
01-03 20:34:04.235 21448 21711 W LynxPwmOutputController: LynxSetPWMEnableCommand not implemented by lynx hw; ignoring
01-03 20:34:04.240 21448 21711 W LynxPwmOutputController: LynxSetPWMConfigurationCommand not implemented by lynx hw; ignoring
01-03 20:34:04.244 21448 21711 W LynxPwmOutputController: LynxSetPWMEnableCommand not implemented by lynx hw; ignoring
01-03 20:34:04.249 21448 21711 W LynxPwmOutputController: LynxSetPWMConfigurationCommand not implemented by lynx hw; ignoring
01-03 20:34:04.254 21448 21711 W LynxPwmOutputController: LynxSetPWMEnableCommand not implemented by lynx hw; ignoring
01-03 20:34:04.259 21448 21711 W LynxPwmOutputController: LynxSetPWMConfigurationCommand not implemented by lynx hw; ignoring
01-03 20:34:04.259 21448 21711 V LynxAnalogInputController: initializeHardware() mod#=2
01-03 20:34:04.260 21448 21711 V LynxDigitalChannelController: initializeHardware() mod#=2
01-03 20:34:04.293 21448 21711 V RobotCore: Creating Lynx Color/Range Sensor - mod=2 bus=1
01-03 20:34:04.293 21448 21711 I RobotCore: LynxFirmwareVersionManager: LynxI2cDeviceSynchV1
01-03 20:34:04.293 21448 21711 V LynxI2cDeviceSynch: initializeHardware() mod#=2
01-03 20:34:04.293 21448 21711 V AMSColorSensorImpl: internalInitialize()...
01-03 20:34:04.325 21448 21711 V AMSColorSensorImpl: state: 07 f6 ff ff 00 00 00 00 00 00 00 00 00 00 08 61 
01-03 20:34:04.325 21448 21711 V AMSColorSensorImpl: state| 00 01 60 33 1a 00 0c 00 09 
01-03 20:34:04.342 21448 21711 V AMSColorSensorImpl: disable() enabled=0x07...
01-03 20:34:04.375 21448 21711 V AMSColorSensorImpl: ...disable() enabled=0x00
01-03 20:34:04.376 21448 21711 V AMSColorSensorImpl: setIntegrationTime(0xf6)
01-03 20:34:04.389 21448 21711 V AMSColorSensorImpl: setGain(GAIN_4)
01-03 20:34:04.417 21448 21711 V AMSColorSensorImpl: setPDrive(Percent12_5)
01-03 20:34:04.446 21448 21711 V AMSColorSensorImpl: setProximityPulseCount(0x08)
01-03 20:34:04.475 21448 21711 V AMSColorSensorImpl: enable() enabled=0x00...
01-03 20:34:04.525 21448 21711 V AMSColorSensorImpl: ...enable() enabled=0x07
01-03 20:34:04.542 21448 21711 V AMSColorSensorImpl: state: 07 f6 ff ff 00 00 00 00 00 00 00 00 00 00 08 61 
01-03 20:34:04.542 21448 21711 V AMSColorSensorImpl: state| 00 01 60 33 1a 00 0c 00 09 
01-03 20:34:04.542 21448 21711 V AMSColorSensorImpl: ...internalInitialize()
01-03 20:34:04.542 21448 21711 V LynxI2cDeviceSynch: engaging mod#=2
01-03 20:34:04.542 21448 21711 V RobotCore: Creating Lynx Color/Range Sensor - mod=2 bus=2
01-03 20:34:04.543 21448 21711 I RobotCore: LynxFirmwareVersionManager: LynxI2cDeviceSynchV1
01-03 20:34:04.543 21448 21711 V LynxI2cDeviceSynch: initializeHardware() mod#=2
01-03 20:34:04.543 21448 21711 V AMSColorSensorImpl: internalInitialize()...
01-03 20:34:04.576 21448 21711 V AMSColorSensorImpl: state: 07 f6 ff ff 00 00 00 00 00 00 00 00 00 00 08 61 
01-03 20:34:04.576 21448 21711 V AMSColorSensorImpl: state| 00 01 60 33 1e 00 0e 00 0a 
01-03 20:34:04.592 21448 21711 V AMSColorSensorImpl: disable() enabled=0x07...
01-03 20:34:04.626 21448 21711 V AMSColorSensorImpl: ...disable() enabled=0x00
01-03 20:34:04.627 21448 21711 V AMSColorSensorImpl: setIntegrationTime(0xf6)
01-03 20:34:04.639 21448 21711 V AMSColorSensorImpl: setGain(GAIN_4)
01-03 20:34:04.667 21448 21711 V AMSColorSensorImpl: setPDrive(Percent12_5)
01-03 20:34:04.696 21448 21711 V AMSColorSensorImpl: setProximityPulseCount(0x08)
01-03 20:34:04.727 21448 21711 V AMSColorSensorImpl: enable() enabled=0x00...
01-03 20:34:04.780 21448 21711 V AMSColorSensorImpl: ...enable() enabled=0x07
01-03 20:34:04.797 21448 21711 V AMSColorSensorImpl: state: 07 f6 ff ff 00 00 00 00 00 00 00 00 00 00 08 61 
01-03 20:34:04.797 21448 21711 V AMSColorSensorImpl: state| 00 01 60 33 1e 00 0e 00 0a 
01-03 20:34:04.797 21448 21711 V AMSColorSensorImpl: ...internalInitialize()
01-03 20:34:04.797 21448 21711 V LynxI2cDeviceSynch: engaging mod#=2
01-03 20:34:04.798 21448 21711 V LynxMotor: initializeHardware() mod#=3
01-03 20:34:04.816 21448 21529 V Robocol : received command: CMD_INIT_OP_MODE(16717) $Stop$Robot$
01-03 20:34:04.884 21448 21711 V RobotCore: DcMotorImpl(type=NeveRest40Gearmotor)
01-03 20:34:04.884 21448 21711 V RobotCore: DcMotorImpl(type=NeveRest40Gearmotor)
01-03 20:34:04.885 21448 21711 V RobotCore: DcMotorImpl(type=NeveRest40Gearmotor)
01-03 20:34:04.885 21448 21711 V RobotCore: DcMotorImpl(type=NeveRest40Gearmotor)
01-03 20:34:04.885 21448 21711 V LynxServoController: initializeHardware() mod#=3
01-03 20:34:04.922 21448 21711 V LynxVoltageSensor: initializeHardware() mod#=3
01-03 20:34:04.923 21448 21711 V LynxPwmOutputController: initializeHardware() mod#=3
01-03 20:34:04.927 21448 21711 W LynxPwmOutputController: LynxSetPWMEnableCommand not implemented by lynx hw; ignoring
01-03 20:34:04.931 21448 21711 W LynxPwmOutputController: LynxSetPWMConfigurationCommand not implemented by lynx hw; ignoring
01-03 20:34:04.935 21448 21711 W LynxPwmOutputController: LynxSetPWMEnableCommand not implemented by lynx hw; ignoring
01-03 20:34:04.939 21448 21711 W LynxPwmOutputController: LynxSetPWMConfigurationCommand not implemented by lynx hw; ignoring
01-03 20:34:04.943 21448 21711 W LynxPwmOutputController: LynxSetPWMEnableCommand not implemented by lynx hw; ignoring
01-03 20:34:04.947 21448 21711 W LynxPwmOutputController: LynxSetPWMConfigurationCommand not implemented by lynx hw; ignoring
01-03 20:34:04.951 21448 21711 W LynxPwmOutputController: LynxSetPWMEnableCommand not implemented by lynx hw; ignoring
01-03 20:34:04.955 21448 21711 W LynxPwmOutputController: LynxSetPWMConfigurationCommand not implemented by lynx hw; ignoring
01-03 20:34:04.955 21448 21711 V LynxAnalogInputController: initializeHardware() mod#=3
01-03 20:34:04.956 21448 21711 V RobotCore: Creating Analog Input Device - Port: 1
01-03 20:34:04.956 21448 21711 V LynxDigitalChannelController: initializeHardware() mod#=3
01-03 20:34:04.981 21448 21711 V RobotCore: Creating user sensor REV Expansion Hub IMU - on Lynx module=3 bus=0
01-03 20:34:04.981 21448 21711 V RobotCore: Creating I2cDeviceSynch (Lynx) - mod=3 bus=0
01-03 20:34:04.981 21448 21711 I RobotCore: LynxFirmwareVersionManager: LynxI2cDeviceSynchV1
01-03 20:34:04.981 21448 21711 V LynxI2cDeviceSynch: initializeHardware() mod#=3
01-03 20:34:04.982 21448 21711 V RobotCore: Creating user sensor MR Range Sensor - on Lynx module=3 bus=1
01-03 20:34:04.982 21448 21711 V RobotCore: Creating I2cDeviceSynch (Lynx) - mod=3 bus=1
01-03 20:34:04.982 21448 21711 I RobotCore: LynxFirmwareVersionManager: LynxI2cDeviceSynchV1
01-03 20:34:04.982 21448 21711 V LynxI2cDeviceSynch: initializeHardware() mod#=3
01-03 20:34:04.982 21448 21711 V RobotCore: Creating user sensor MR Range Sensor - on Lynx module=3 bus=2
01-03 20:34:04.982 21448 21711 V RobotCore: Creating I2cDeviceSynch (Lynx) - mod=3 bus=2
01-03 20:34:04.982 21448 21711 I RobotCore: LynxFirmwareVersionManager: LynxI2cDeviceSynchV1
01-03 20:34:04.983 21448 21711 V LynxI2cDeviceSynch: initializeHardware() mod#=3
01-03 20:34:04.983 21448 21711 I RobotCore: ========= Device Information ===================================================
01-03 20:34:04.983 21448 21711 I RobotCore: Type                                               Name                           Connection
01-03 20:34:04.983 21448 21711 I RobotCore: Motor                                              rr                             USB DQ143RN2; module 3; port 3
01-03 20:34:04.983 21448 21711 I RobotCore: Servo                                              relicElbow                     USB DQ143RN2; module 3; port 2
01-03 20:34:04.983 21448 21711 I RobotCore: Motor                                              glyphLift                      USB DQ143RN2; module 2; port 2
01-03 20:34:04.984 21448 21711 I RobotCore: Servo                                              relicClaw                      USB DQ143RN2; module 3; port 1
01-03 20:34:04.984 21448 21711 I RobotCore: Motor                                              lr                             USB DQ143RN2; module 3; port 2
01-03 20:34:04.985 21448 21711 I RobotCore: Servo                                              lowerRightGripper              USB DQ143RN2; module 3; port 4
01-03 20:34:04.985 21448 21711 I RobotCore: REV Robotics USB Expansion Hub Portal              Expansion Hub Portal 1         USB DQ143RN2
01-03 20:34:04.985 21448 21711 I RobotCore: Servo                                              longArm                        USB DQ143RN2; module 2; port 5
01-03 20:34:04.985 21448 21711 I RobotCore: Servo                                              glyphHolder                    USB DQ143RN2; module 2; port 2
01-03 20:34:04.986 21448 21711 I RobotCore: Analog Input                                       range                          USB DQ143RN2; module 3; analog port 1
01-03 20:34:04.986 21448 21711 I RobotCore: Motor                                              led                            USB DQ143RN2; module 2; port 3
01-03 20:34:04.986 21448 21711 I RobotCore: Servo                                              upperLeftGripper               USB DQ143RN2; module 2; port 0
01-03 20:34:04.998 21448 21711 I RobotCore: Modern Robotics Range Sensor v1.2                  x2Range                        USB DQ143RN2; module 3; bus 2; addr7=0x14
01-03 20:34:04.998 21448 21711 I RobotCore: Expansion Hub DC Motor Controller                  Expansion Hub 3                USB DQ143RN2; module 3
01-03 20:34:04.998 21448 21711 I RobotCore: Expansion Hub Servo Controller                     Expansion Hub 3                USB DQ143RN2; module 3
01-03 20:34:04.999 21448 21711 I RobotCore: Expansion Hub Voltage Sensor                       Expansion Hub 3                USB DQ143RN2; module 3
01-03 20:34:04.999 21448 21711 I RobotCore: Expansion Hub Pwm Controller                       Expansion Hub 3                USB DQ143RN2; module 3
01-03 20:34:04.999 21448 21711 I RobotCore: Expansion Hub Analog Input Controller              Expansion Hub 3                USB DQ143RN2; module 3
01-03 20:34:04.999 21448 21711 I RobotCore: Expansion Hub Digital Channel Controller           Expansion Hub 3                USB DQ143RN2; module 3
01-03 20:34:05.004 21448 21711 I RobotCore: Expansion Hub (HW: 20, Maj: 1, Min: 7, Eng: 2)     Expansion Hub 3                USB DQ143RN2; module 3
01-03 20:34:05.004 21448 21711 I RobotCore: Expansion Hub DC Motor Controller                  Expansion Hub 2                USB DQ143RN2; module 2
01-03 20:34:05.004 21448 21711 I RobotCore: Expansion Hub Servo Controller                     Expansion Hub 2                USB DQ143RN2; module 2
01-03 20:34:05.004 21448 21711 I RobotCore: Expansion Hub Voltage Sensor                       Expansion Hub 2                USB DQ143RN2; module 2
01-03 20:34:05.004 21448 21711 I RobotCore: Expansion Hub Pwm Controller                       Expansion Hub 2                USB DQ143RN2; module 2
01-03 20:34:05.005 21448 21711 I RobotCore: Expansion Hub Analog Input Controller              Expansion Hub 2                USB DQ143RN2; module 2
01-03 20:34:05.005 21448 21711 I RobotCore: Expansion Hub Digital Channel Controller           Expansion Hub 2                USB DQ143RN2; module 2
01-03 20:34:05.011 21448 21711 I RobotCore: Expansion Hub (HW: 20, Maj: 1, Min: 7, Eng: 2)     Expansion Hub 2                USB DQ143RN2; module 2
01-03 20:34:05.011 21448 21711 I RobotCore: REV Expansion Hub IMU                              imu                            USB DQ143RN2; module 3; bus 0; addr7=0x00
01-03 20:34:05.011 21448 21711 I RobotCore: Servo                                              upperRightGripper              USB DQ143RN2; module 2; port 1
01-03 20:34:05.011 21448 21711 I RobotCore: Servo                                              shortArm                       USB DQ143RN2; module 2; port 4
01-03 20:34:05.012 21448 21711 I RobotCore: Servo                                              lowerLeftGripper               USB DQ143RN2; module 3; port 3
01-03 20:34:05.012 21448 21711 I RobotCore: Servo                                              relicClawholder                USB DQ143RN2; module 3; port 0
01-03 20:34:05.012 21448 21711 I RobotCore: Motor                                              relicSlider                    USB DQ143RN2; module 2; port 1
01-03 20:34:05.012 21448 21711 I RobotCore: Motor                                              rf                             USB DQ143RN2; module 3; port 1
01-03 20:34:05.012 21448 21711 I RobotCore: REV Color/Range Sensor                             jewelColor                     USB DQ143RN2; module 2; bus 1; addr7=0x39
01-03 20:34:05.012 21448 21711 I RobotCore: Motor                                              lf                             USB DQ143RN2; module 3; port 0
01-03 20:34:05.013 21448 21711 I RobotCore: REV Color/Range Sensor                             glyphColorDistance             USB DQ143RN2; module 2; bus 2; addr7=0x39
01-03 20:34:05.025 21448 21711 I RobotCore: Modern Robotics Range Sensor v1.2                  x1Range                        USB DQ143RN2; module 3; bus 1; addr7=0x14
01-03 20:34:05.026 21448 21711 I FtcEventLoop: ======= INIT FINISH =======
01-03 20:34:05.027 21448 21528 I BatteryChecker: percent remaining: 89 is charging: false
01-03 20:34:05.028 21448 21711 V RobotCore: EventLoopManager state is RUNNING
01-03 20:34:05.029 21448 21711 V RobotCore: Robot Status: running, starting robot
01-03 20:34:05.029 21448 21711 V RobotCore: Robot Status: running
01-03 20:34:05.031 21448 21711 V ThreadPool: container(0x0a9c9f8b: executorEventLoop) added id=1554 TID=0 count=1
01-03 20:34:05.032 21448 21711 V RobotCore: thread: ...terminating 'RobotSetupRunnable.run()'
