01-03 20:34:05.039 21448 21724 V RobotCore: thread: 'opmode loop()' starting...
01-03 20:34:05.052 21448 21537 V Robocol : sending CMD_NOTIFY_ROBOT_STATE(7436), attempt: 0
01-03 20:34:05.546 21448 21724 V ThreadPool: container(0x01ca7fc0: OpModeStuckCodeMonitor) added id=1555 TID=0 count=1
01-03 20:34:05.547 21448 21724 I RobotCore: Attempting to switch to op mode $Stop$Robot$
01-03 20:34:05.612 21448 21537 V Robocol : sending CMD_NOTIFY_INIT_OP_MODE(7445), attempt: 0
01-03 20:34:05.657 21448 21529 V Robocol : received command: CMD_RUN_OP_MODE(16730) $Stop$Robot$
01-03 20:34:05.660 21448 21528 I BatteryChecker: percent remaining: 89 is charging: false
01-03 20:34:05.693 21448 21537 V Robocol : sending CMD_NOTIFY_RUN_OP_MODE(7451), attempt: 0
01-03 20:34:05.812 21448 21724 I RobotCore: robot battery read duration: n=6, mean=5.056ms sd=1.946ms
01-03 20:34:06.896 21448 21529 V Robocol : received command: CMD_INIT_OP_MODE(16751) Relic Recovery TeleOps (Linear)
01-03 20:34:06.903 21448 21528 I BatteryChecker: percent remaining: 89 is charging: false
01-03 20:34:06.914 21448 21724 I RobotCore: Attempting to switch to op mode Relic Recovery TeleOps (Linear)
01-03 20:34:07.137 21448 21724 W LynxPwmOutputController: LynxSetPWMEnableCommand not implemented by lynx hw; ignoring
01-03 20:34:07.141 21448 21724 W LynxPwmOutputController: LynxSetPWMConfigurationCommand not implemented by lynx hw; ignoring
01-03 20:34:07.145 21448 21724 W LynxPwmOutputController: LynxSetPWMEnableCommand not implemented by lynx hw; ignoring
01-03 20:34:07.149 21448 21724 W LynxPwmOutputController: LynxSetPWMConfigurationCommand not implemented by lynx hw; ignoring
01-03 20:34:07.153 21448 21724 W LynxPwmOutputController: LynxSetPWMEnableCommand not implemented by lynx hw; ignoring
01-03 20:34:07.158 21448 21724 W LynxPwmOutputController: LynxSetPWMConfigurationCommand not implemented by lynx hw; ignoring
01-03 20:34:07.163 21448 21724 W LynxPwmOutputController: LynxSetPWMEnableCommand not implemented by lynx hw; ignoring
01-03 20:34:07.168 21448 21724 W LynxPwmOutputController: LynxSetPWMConfigurationCommand not implemented by lynx hw; ignoring
01-03 20:34:07.208 21448 21724 V AMSColorSensorImpl: internalInitialize()...
01-03 20:34:07.241 21448 21724 V AMSColorSensorImpl: state: 07 f6 ff ff 00 00 00 00 00 00 00 00 00 00 08 61 
01-03 20:34:07.241 21448 21724 V AMSColorSensorImpl: state| 00 01 60 33 1a 00 0c 00 09 
01-03 20:34:07.258 21448 21724 V AMSColorSensorImpl: disable() enabled=0x07...
01-03 20:34:07.294 21448 21724 V AMSColorSensorImpl: ...disable() enabled=0x00
01-03 20:34:07.294 21448 21724 V AMSColorSensorImpl: setIntegrationTime(0xf6)
01-03 20:34:07.307 21448 21724 V AMSColorSensorImpl: setGain(GAIN_4)
01-03 20:34:07.338 21448 21724 V AMSColorSensorImpl: setPDrive(Percent12_5)
01-03 20:34:07.368 21448 21724 V AMSColorSensorImpl: setProximityPulseCount(0x08)
01-03 20:34:07.398 21448 21724 V AMSColorSensorImpl: enable() enabled=0x00...
01-03 20:34:07.450 21448 21724 V AMSColorSensorImpl: ...enable() enabled=0x07
01-03 20:34:07.467 21448 21724 V AMSColorSensorImpl: state: 07 f6 ff ff 00 00 00 00 00 00 00 00 00 00 08 61 
01-03 20:34:07.468 21448 21724 V AMSColorSensorImpl: state| 00 01 60 33 1a 00 0b 00 09 
01-03 20:34:07.468 21448 21724 V AMSColorSensorImpl: ...internalInitialize()
01-03 20:34:07.468 21448 21724 V AMSColorSensorImpl: internalInitialize()...
01-03 20:34:07.503 21448 21724 V AMSColorSensorImpl: state: 07 f6 ff ff 00 00 00 00 00 00 00 00 00 00 08 61 
01-03 20:34:07.504 21448 21724 V AMSColorSensorImpl: state| 00 01 60 33 1e 00 0e 00 0a 
01-03 20:34:07.522 21448 21724 V AMSColorSensorImpl: disable() enabled=0x07...
01-03 20:34:07.557 21448 21724 V AMSColorSensorImpl: ...disable() enabled=0x00
01-03 20:34:07.557 21448 21724 V AMSColorSensorImpl: setIntegrationTime(0xf6)
01-03 20:34:07.570 21448 21724 V AMSColorSensorImpl: setGain(GAIN_4)
01-03 20:34:07.598 21448 21724 V AMSColorSensorImpl: setPDrive(Percent12_5)
01-03 20:34:07.627 21448 21724 V AMSColorSensorImpl: setProximityPulseCount(0x08)
01-03 20:34:07.657 21448 21724 V AMSColorSensorImpl: enable() enabled=0x00...
01-03 20:34:07.709 21448 21724 V AMSColorSensorImpl: ...enable() enabled=0x07
01-03 20:34:07.725 21448 21724 V AMSColorSensorImpl: state: 07 f6 ff ff 00 00 00 00 00 00 00 00 00 00 08 61 
01-03 20:34:07.726 21448 21724 V AMSColorSensorImpl: state| 00 01 60 33 1e 00 0e 00 0a 
01-03 20:34:07.726 21448 21724 V AMSColorSensorImpl: ...internalInitialize()
01-03 20:34:07.802 21448 21724 W LynxPwmOutputController: LynxSetPWMEnableCommand not implemented by lynx hw; ignoring
01-03 20:34:07.808 21448 21724 W LynxPwmOutputController: LynxSetPWMConfigurationCommand not implemented by lynx hw; ignoring
01-03 20:34:07.814 21448 21724 W LynxPwmOutputController: LynxSetPWMEnableCommand not implemented by lynx hw; ignoring
01-03 20:34:07.819 21448 21724 W LynxPwmOutputController: LynxSetPWMConfigurationCommand not implemented by lynx hw; ignoring
01-03 20:34:07.824 21448 21724 W LynxPwmOutputController: LynxSetPWMEnableCommand not implemented by lynx hw; ignoring
01-03 20:34:07.829 21448 21724 W LynxPwmOutputController: LynxSetPWMConfigurationCommand not implemented by lynx hw; ignoring
01-03 20:34:07.833 21448 21724 W LynxPwmOutputController: LynxSetPWMEnableCommand not implemented by lynx hw; ignoring
01-03 20:34:07.839 21448 21724 W LynxPwmOutputController: LynxSetPWMConfigurationCommand not implemented by lynx hw; ignoring
01-03 20:34:07.839 21448 21724 V ThreadPool: container(0x0533a967: LinearOpMode) added id=1556 TID=0 count=1
01-03 20:34:07.845 21448 21727 V RobotCore: thread: 'LinearOpMode main' starting...
01-03 20:34:07.852 21448 21537 V Robocol : sending CMD_NOTIFY_INIT_OP_MODE(7486), attempt: 0
01-03 20:34:07.922 21448 21727 I TechNova: MecanumRobot: Init Drive Motors |  Drive Motors are initialized ...
01-03 20:34:07.931 21448 21727 I TechNova: MecanumRobot: Init glyph holder | Unable to find a hardware device with the name "glyphHolder"
01-03 20:34:07.947 21448 21727 V RobotCore: thread: ...terminating 'LinearOpMode main'
01-03 20:34:07.949 21448 21724 E EventLoopManager: Event loop threw an exception
01-03 20:34:07.950 21448 21724 E EventLoopManager: java.lang.NullPointerException: Attempt to invoke interface method 'void com.qualcomm.robotcore.hardware.Servo.setPosition(double)' on a null object reference
01-03 20:34:07.951 21448 21724 E EventLoopManager: 	at org.firstinspires.ftc.teamcode.TechNova2017.MecanumRobot.openUpperGlyphGripperWide(MecanumRobot.java:496)
01-03 20:34:07.952 21448 21724 E EventLoopManager: 	at org.firstinspires.ftc.teamcode.TechNova2017.MecanumRobot.openGlyphGripperWider(MecanumRobot.java:448)
01-03 20:34:07.952 21448 21724 E EventLoopManager: 	at org.firstinspires.ftc.teamcode.TechNova2017.MecanumRobot.<init>(MecanumRobot.java:195)
01-03 20:34:07.953 21448 21724 E EventLoopManager: 	at org.firstinspires.ftc.teamcode.TechNova2017.RelicRecoveryTeleOpsLinear.runOpMode(RelicRecoveryTeleOpsLinear.java:32)
01-03 20:34:07.953 21448 21724 E EventLoopManager: 	at com.qualcomm.robotcore.eventloop.opmode.LinearOpMode$LinearOpModeHelper$1.run(LinearOpMode.java:305)
01-03 20:34:07.954 21448 21724 E EventLoopManager: 	at com.qualcomm.robotcore.util.ThreadPool.logThreadLifeCycle(ThreadPool.java:709)
01-03 20:34:07.954 21448 21724 E EventLoopManager: 	at com.qualcomm.robotcore.eventloop.opmode.LinearOpMode$LinearOpModeHelper.run(LinearOpMode.java:300)
01-03 20:34:07.955 21448 21724 E EventLoopManager: 	at java.util.concurrent.ThreadPoolExecutor.runWorker(ThreadPoolExecutor.java:1113)
01-03 20:34:07.956 21448 21724 E EventLoopManager: 	at java.util.concurrent.ThreadPoolExecutor$Worker.run(ThreadPoolExecutor.java:588)
01-03 20:34:07.956 21448 21724 E EventLoopManager: 	at com.qualcomm.robotcore.util.ThreadPool$ThreadFactoryImpl$1.run(ThreadPool.java:764)
01-03 20:34:07.957 21448 21724 E EventLoopManager: 	at java.lang.Thread.run(Thread.java:818)
01-03 20:34:07.957 21448 21724 V RobotCore: RobotCoreException in EventLoopManager: EventLoop Exception in loop(): NullPointerException - Attempt to invoke interface method 'void com.qualcomm.robotcore.hardware.Servo.setPosition(double)' on a null object reference
01-03 20:34:07.957 21448 21724 V RobotCore: EventLoopManager state is EMERGENCY_STOP
01-03 20:34:07.957 21448 21724 V RobotCore: Robot Status: EMERGENCY STOP
01-03 20:34:07.958 21448 21724 D RobotCore: system telemetry: key=$System$Error$ msg="User code threw an uncaught exception: NullPointerException - Attempt to invoke interface method 'void com.qualcomm.robotcore.hardware.Servo.setPosition(double)' on a null object reference"
01-03 20:34:07.959 21448 21724 I FtcEventLoop: ======= TEARDOWN =======
01-03 20:34:07.960 21448 21724 V ThreadPool: waiting for service user linear op mode
01-03 20:34:07.960 21448 21727 V ThreadPool: container(0x0533a967: LinearOpMode) removed id=1556 TID=21727 count=1
01-03 20:34:07.961 21448 21724 V ThreadPool: awaitTermination returned, isTerminated=true
01-03 20:34:07.961 21448 21724 V ThreadPool: executive service user linear op mode(0x0533a967) is terminated
01-03 20:34:07.963 21448 21725 V ThreadPool: container(0x01ca7fc0: OpModeStuckCodeMonitor) removed id=1555 TID=21725 count=1
01-03 20:34:07.966 21448 21542 W AudioTrack: AUDIO_OUTPUT_FLAG_FAST denied by client; transfer 4, track 44100 Hz, output 48000 Hz
01-03 20:34:07.972 21448 21537 V Robocol : sending CMD_NOTIFY_ROBOT_STATE(7489), attempt: 0
01-03 20:34:08.047 21448 21724 V LynxMotor: disengage mod#=2
01-03 20:34:08.072 21448 21724 V LynxMotor: disengage mod#=3
01-03 20:34:08.090 21448 21724 V LynxServoController: disengage mod#=3
01-03 20:34:08.118 21448 21724 V LynxServoController: disengage mod#=2
01-03 20:34:08.118 21448 21724 V LynxUsb : 0x064086d8 on 0x01c17a9f: releasing delegate to [DQ143RN2]
01-03 20:34:08.118 21448 21724 V LynxUsb : 0x01c17a9f: releaseRef [DQ143RN2]=0
01-03 20:34:08.120 21448 21724 V LynxUsb : doClose([DQ143RN2])...
01-03 20:34:08.131 21448 21724 V LynxModule: close()
01-03 20:34:08.133 21448 21724 V ThreadPool: waiting for service lynx module executor
01-03 20:34:08.134 21448 21723 V ThreadPool: container(0x059f6a31: lynx module executor) removed id=1553 TID=21723 count=1
01-03 20:34:08.135 21448 21724 V ThreadPool: awaitTermination returned, isTerminated=true
01-03 20:34:08.135 21448 21724 V ThreadPool: executive service lynx module executor(0x059f6a31) is terminated
01-03 20:34:08.135 21448 21724 V LynxModule: close()
01-03 20:34:08.136 21448 21724 V ThreadPool: waiting for service lynx module executor
01-03 20:34:08.136 21448 21722 V ThreadPool: container(0x0d221e97: lynx module executor) removed id=1552 TID=21722 count=1
01-03 20:34:08.137 21448 21724 V ThreadPool: awaitTermination returned, isTerminated=true
01-03 20:34:08.137 21448 21724 V ThreadPool: executive service lynx module executor(0x0d221e97) is terminated
01-03 20:34:08.139 21448 21724 V LynxUsb : disarmDevice() serial=DQ143RN2...
01-03 20:34:08.139 21448 21724 V LynxUsb : shutting down incoming datagrams
01-03 20:34:08.140 21448 21724 V ThreadPool: waiting for service Lynx incoming datagram poller
01-03 20:34:08.140 21448 21721 V RobotCore: thread: ...terminating 'lynx incoming datagrams'
01-03 20:34:08.140 21448 21724 V ThreadPool: awaitTermination returned, isTerminated=true
01-03 20:34:08.140 21448 21721 V ThreadPool: container(0x0a7f9e4a: lynx dg poller) removed id=1551 TID=21721 count=1
01-03 20:34:08.140 21448 21724 V ThreadPool: executive service Lynx incoming datagram poller(0x0a7f9e4a) is terminated
01-03 20:34:08.140 21448 21724 V RobotUsbDeviceFtdi: closing DQ143RN2
01-03 20:34:08.140 21448 21724 V FtDevice: vv********************DQ143RN2 closing********************vv 0x0dd7b284
01-03 20:34:08.140 21448 21724 V FtDevice: DQ143RN2 stopping thread readBufferManager
01-03 20:34:08.141 21448 21719 V FtDevice: DQ143RN2 thread readBufferManager is stopped
01-03 20:34:08.141 21448 21724 V FtDevice: DQ143RN2 stopping thread bulkPacketInWorker
01-03 20:34:08.142 21448 21718 V FtDevice: DQ143RN2 thread bulkPacketInWorker is stopped
01-03 20:34:08.142 21448 21724 V MonitoredUsbDeviceConnection: closing UsbDeviceConnection(DQ143RN2)
01-03 20:34:08.143 21448 21724 D UsbDeviceConnectionJNI: close
01-03 20:34:08.143 21448 21724 V FtDevice: ^^********************DQ143RN2 closed ********************^^
01-03 20:34:08.143 21448 21724 V LynxUsb : ...done disarmDevice()
01-03 20:34:08.143 21448 21720 V ThreadPool: container(0x08b7d7ec: WatchdogMonitor) removed id=1550 TID=21720 count=1
01-03 20:34:08.143 21448 21724 V LynxUsb : ...doClose([DQ143RN2])
01-03 20:34:08.144 21448 21724 I FtcEventLoop: ======= TEARDOWN COMPLETE =======
01-03 20:34:08.145 21448 21724 V RobotCore: thread: ...terminating 'opmode loop()'
01-03 20:34:08.145 21448 21724 V EventLoopManager: switching to idleEventLoop
01-03 20:34:08.145 21448 21724 I FtcEventLoopIdle: ------- idle init --------
01-03 20:34:08.145 21448 21724 V RobotCore: thread: 'opmode loop()' starting...
01-03 20:34:23.030 21448 21448 V FtDeviceManager: ACTION_USB_DEVICE_DETACHED: /dev/bus/usb/001/002
01-03 20:34:33.529 21448 21717 V ThreadPool: container(0x0248a1c4: default threadpool) removed id=1547 TID=21717 count=2
01-03 20:34:35.033 21448 21711 V ThreadPool: container(0x0248a1c4: default threadpool) removed id=1546 TID=21711 count=1
01-03 20:34:59.587 21448 21448 V RCActivity: onPause()
01-03 20:34:59.603 21448 21448 V MTPMonitorService: onTrimMemory()
01-03 20:34:59.603 21448 21448 V OnBotJavaService: onTrimMemory()
01-03 20:34:59.603 21448 21448 V RCActivity: onStop()
01-03 20:34:59.604 21448 21448 V AppUtil : rootActivity=FtcRobotControllerActivity destroyed
01-03 20:34:59.604 21448 21448 V RCActivity: onDestroy()
01-03 20:34:59.604 21448 21448 V Robocol : EventLoopManager.shutdown()
01-03 20:34:59.605 21448 21448 V ThreadPool: waiting for service EventLoop
01-03 20:34:59.607 21448 21724 V RobotCore: EventLoopRunnable interrupted
01-03 20:34:59.608 21448 21724 V RobotCore: EventLoopManager state is STOPPED
01-03 20:34:59.608 21448 21724 V RobotCore: Robot Status: stopped
01-03 20:34:59.608 21448 21724 I FtcEventLoopIdle: ------- idle teardown ----
01-03 20:34:59.608 21448 21724 V RobotCore: thread: ...terminating 'opmode loop()'
01-03 20:34:59.608 21448 21724 V ThreadPool: container(0x0a9c9f8b: executorEventLoop) removed id=1554 TID=21724 count=1
01-03 20:34:59.609 21448 21448 V ThreadPool: awaitTermination returned, isTerminated=true
01-03 20:34:59.609 21448 21448 V ThreadPool: executive service EventLoop(0x0a9c9f8b) is terminated
01-03 20:34:59.609 21448 21448 V RobotCore: EventLoopManager state is STOPPED
01-03 20:34:59.612 21448 21448 V NetDiscover_name: doStop()...
01-03 20:34:59.612 21448 21448 V NetDiscover_name: ...doStop()
01-03 20:34:59.613 21448 21448 V ServiceStarter: attempting to stop service FtcRobotControllerWatchdogService
01-03 20:34:59.615 21448 21537 V Robocol : sending CMD_NOTIFY_ROBOT_STATE(7980), attempt: 0
01-03 20:34:59.616 21448 21537 V Robocol : sending CMD_NOTIFY_ROBOT_STATE(7981), attempt: 0
01-03 20:35:00.115 21448 21448 V RobotCore: closing logcat file /storage/emulated/0/robotControllerLog.txt
01-03 20:35:00.173 21754 21754 W ps      : type=1400 audit(0.0:9795): avc: denied { getattr } for uid=10133 path="/proc/1" dev="proc" ino=179079 scontext=u:r:untrusted_app:s0:c512,c768 tcontext=u:r:init:s0 tclass=dir permissive=0
01-03 20:35:00.173 21754 21754 W ps      : type=1400 audit(0.0:9796): avc: denied { search } for uid=10133 name="1" dev="proc" ino=179079 scontext=u:r:untrusted_app:s0:c512,c768 tcontext=u:r:init:s0 tclass=dir permissive=0
01-03 20:35:00.173 21754 21754 W ps      : type=1400 audit(0.0:9797): avc: denied { search } for uid=10133 name="1" dev="proc" ino=179079 scontext=u:r:untrusted_app:s0:c512,c768 tcontext=u:r:init:s0 tclass=dir permissive=0
01-03 20:35:00.173 21754 21754 W ps      : type=1400 audit(0.0:9798): avc: denied { getattr } for uid=10133 path="/proc/2" dev="proc" ino=179080 scontext=u:r:untrusted_app:s0:c512,c768 tcontext=u:r:kernel:s0 tclass=dir permissive=0
01-03 20:35:00.173 21754 21754 W ps      : type=1400 audit(0.0:9799): avc: denied { search } for uid=10133 name="2" dev="proc" ino=179080 scontext=u:r:untrusted_app:s0:c512,c768 tcontext=u:r:kernel:s0 tclass=dir permissive=0
01-03 20:35:00.173 21754 21754 W ps      : type=1400 audit(0.0:9800): avc: denied { search } for uid=10133 name="2" dev="proc" ino=179080 scontext=u:r:untrusted_app:s0:c512,c768 tcontext=u:r:kernel:s0 tclass=dir permissive=0
01-03 20:35:00.173 21754 21754 W ps      : type=1400 audit(0.0:9801): avc: denied { getattr } for uid=10133 path="/proc/3" dev="proc" ino=179081 scontext=u:r:untrusted_app:s0:c512,c768 tcontext=u:r:kernel:s0 tclass=dir permissive=0
01-03 20:35:00.173 21754 21754 W ps      : type=1400 audit(0.0:9802): avc: denied { search } for uid=10133 name="3" dev="proc" ino=179081 scontext=u:r:untrusted_app:s0:c512,c768 tcontext=u:r:kernel:s0 tclass=dir permissive=0
01-03 20:35:00.173 21754 21754 W ps      : type=1400 audit(0.0:9803): avc: denied { search } for uid=10133 name="3" dev="proc" ino=179081 scontext=u:r:untrusted_app:s0:c512,c768 tcontext=u:r:kernel:s0 tclass=dir permissive=0
01-03 20:35:00.173 21754 21754 W ps      : type=1400 audit(0.0:9804): avc: denied { getattr } for uid=10133 path="/proc/5" dev="proc" ino=179082 scontext=u:r:untrusted_app:s0:c512,c768 tcontext=u:r:kernel:s0 tclass=dir permissive=0
01-03 20:35:00.173 21754 21754 W ps      : type=1400 audit(0.0:9805): avc: denied { search } for uid=10133 name="5" dev="proc" ino=179082 scontext=u:r:untrusted_app:s0:c512,c768 tcontext=u:r:kernel:s0 tclass=dir permissive=0
01-03 20:35:00.173 21754 21754 W ps      : type=1400 audit(0.0:9806): avc: denied { search } for uid=10133 name="5" dev="proc" ino=179082 scontext=u:r:untrusted_app:s0:c512,c768 tcontext=u:r:kernel:s0 tclass=dir permissive=0
01-03 20:35:00.173 21754 21754 W ps      : type=1400 audit(0.0:9807): avc: denied { getattr } for uid=10133 path="/proc/6" dev="proc" ino=179083 scontext=u:r:untrusted_app:s0:c512,c768 tcontext=u:r:kernel:s0 tclass=dir permissive=0
01-03 20:35:00.173 21754 21754 W ps      : type=1400 audit(0.0:9808): avc: denied { search } for uid=10133 name="6" dev="proc" ino=179083 scontext=u:r:untrusted_app:s0:c512,c768 tcontext=u:r:kernel:s0 tclass=dir permissive=0
01-03 20:35:00.173 21754 21754 W ps      : type=1400 audit(0.0:9809): avc: denied { search } for uid=10133 name="6" dev="proc" ino=179083 scontext=u:r:untrusted_app:s0:c512,c768 tcontext=u:r:kernel:s0 tclass=dir permissive=0
01-03 20:35:00.173 21754 21754 W ps      : type=1400 audit(0.0:9810): avc: denied { getattr } for uid=10133 path="/proc/7" dev="proc" ino=179084 scontext=u:r:untrusted_app:s0:c512,c768 tcontext=u:r:kernel:s0 tclass=dir permissive=0
01-03 20:35:00.173 21754 21754 W ps      : type=1400 audit(0.0:9811): avc: denied { search } for uid=10133 name="7" dev="proc" ino=179084 scontext=u:r:untrusted_app:s0:c512,c768 tcontext=u:r:kernel:s0 tclass=dir permissive=0
01-03 20:35:00.173 21754 21754 W ps      : type=1400 audit(0.0:9812): avc: denied { search } for uid=10133 name="7" dev="proc" ino=179084 scontext=u:r:untrusted_app:s0:c512,c768 tcontext=u:r:kernel:s0 tclass=dir permissive=0
01-03 20:35:00.173 21754 21754 W ps      : type=1400 audit(0.0:9813): avc: denied { getattr } for uid=10133 path="/proc/8" dev="proc" ino=179085 scontext=u:r:untrusted_app:s0:c512,c768 tcontext=u:r:kernel:s0 tclass=dir permissive=0
01-03 20:35:00.173 21754 21754 W ps      : type=1400 audit(0.0:9814): avc: denied { search } for uid=10133 name="8" dev="proc" ino=179085 scontext=u:r:untrusted_app:s0:c512,c768 tcontext=u:r:kernel:s0 tclass=dir permissive=0
01-03 20:35:00.203 21448 21448 V RobotCore: Killing PID 21468
01-03 20:35:00.324 21448 21448 V FTCService: onUnbind()
01-03 20:35:00.325 21448 21448 V WifiDirect: There are 1 Wifi Direct Assistant Clients (-)
01-03 20:35:00.327 21448 21448 V Robocol : EventLoopManager.close()
01-03 20:35:00.327 21448 21448 V ThreadPool: waiting for service ReceiveLoopService
01-03 20:35:00.336 21448 21529 V RobotCore: thread: ...terminating 'RecvLoopRunnable.run()'
01-03 20:35:00.336 21448 21448 V ThreadPool: awaitTermination returned, isTerminated=true
01-03 20:35:00.336 21448 21448 V ThreadPool: executive service ReceiveLoopService(0x0759cb62) is terminated
01-03 20:35:00.337 21448 21448 V PeerDiscovery: Stopping peer discovery
01-03 20:35:00.337 21448 21448 D Robocol : RobocolDatagramSocket is closed
01-03 20:35:00.338 21448 21448 V FTCService: onDestroy()
01-03 20:35:00.338 21448 21448 V WebServer: stopping port=8080
01-03 20:35:00.339 21448 21448 V WifiDirect: There are 0 Wifi Direct Assistant Clients (-)
01-03 20:35:00.339 21448 21448 V WifiDirect: Disabling Wifi Direct Assistant
01-03 20:35:00.339 21448 21448 V WifiDirectInviteMonitor: stopMonitoring()
01-03 20:35:00.340 21448 21448 V WebServer: stopped port=8080
01-03 20:35:00.341 21448 21448 V FtcRobotControllerWatchdogService: onDestroy()
01-03 20:35:00.341 21448 21448 I Choreographer: Skipped 43 frames!  The application may be doing too much work on its main thread.
01-03 20:36:10.947 21448 21454 I art     : Debugger is no longer active
01-03 20:36:21.720 21448 21454 I art     : Debugger is no longer active
01-03 20:39:13.541 21448 21448 V AppUtil : rootActivity=FtcRobotControllerActivity
01-03 20:39:13.541 21448 21448 V RCActivity: onCreate()
01-03 20:39:13.543 21448 21987 V RobotCore: saving logcat to /storage/emulated/0/robotControllerLog.txt
01-03 20:39:13.543 21448 21987 V RobotCore: logging command line: logcat -f /storage/emulated/0/robotControllerLog.txt -r4096 -n4 -v threadtime UsbRequestJNI:S UsbRequest:S *:V
01-03 20:39:13.556 21448 21448 V NetDiscover_name: doStart()...
01-03 20:39:13.557 21448 21448 V NetDiscover_name: ...doStart()
01-03 20:39:13.596 21990 21990 W ps      : type=1400 audit(0.0:11115): avc: denied { getattr } for uid=10133 path="/proc/1" dev="proc" ino=179079 scontext=u:r:untrusted_app:s0:c512,c768 tcontext=u:r:init:s0 tclass=dir permissive=0
01-03 20:39:13.596 21990 21990 W ps      : type=1400 audit(0.0:11116): avc: denied { search } for uid=10133 name="1" dev="proc" ino=179079 scontext=u:r:untrusted_app:s0:c512,c768 tcontext=u:r:init:s0 tclass=dir permissive=0
01-03 20:39:13.596 21990 21990 W ps      : type=1400 audit(0.0:11117): avc: denied { search } for uid=10133 name="1" dev="proc" ino=179079 scontext=u:r:untrusted_app:s0:c512,c768 tcontext=u:r:init:s0 tclass=dir permissive=0
01-03 20:39:13.596 21990 21990 W ps      : type=1400 audit(0.0:11118): avc: denied { getattr } for uid=10133 path="/proc/2" dev="proc" ino=179080 scontext=u:r:untrusted_app:s0:c512,c768 tcontext=u:r:kernel:s0 tclass=dir permissive=0
01-03 20:39:13.596 21990 21990 W ps      : type=1400 audit(0.0:11119): avc: denied { search } for uid=10133 name="2" dev="proc" ino=179080 scontext=u:r:untrusted_app:s0:c512,c768 tcontext=u:r:kernel:s0 tclass=dir permissive=0
01-03 20:39:13.596 21990 21990 W ps      : type=1400 audit(0.0:11120): avc: denied { search } for uid=10133 name="2" dev="proc" ino=179080 scontext=u:r:untrusted_app:s0:c512,c768 tcontext=u:r:kernel:s0 tclass=dir permissive=0
01-03 20:39:13.596 21990 21990 W ps      : type=1400 audit(0.0:11121): avc: denied { getattr } for uid=10133 path="/proc/3" dev="proc" ino=179081 scontext=u:r:untrusted_app:s0:c512,c768 tcontext=u:r:kernel:s0 tclass=dir permissive=0
01-03 20:39:13.596 21990 21990 W ps      : type=1400 audit(0.0:11122): avc: denied { search } for uid=10133 name="3" dev="proc" ino=179081 scontext=u:r:untrusted_app:s0:c512,c768 tcontext=u:r:kernel:s0 tclass=dir permissive=0
01-03 20:39:13.596 21990 21990 W ps      : type=1400 audit(0.0:11123): avc: denied { search } for uid=10133 name="3" dev="proc" ino=179081 scontext=u:r:untrusted_app:s0:c512,c768 tcontext=u:r:kernel:s0 tclass=dir permissive=0
01-03 20:39:13.596 21990 21990 W ps      : type=1400 audit(0.0:11124): avc: denied { getattr } for uid=10133 path="/proc/5" dev="proc" ino=179082 scontext=u:r:untrusted_app:s0:c512,c768 tcontext=u:r:kernel:s0 tclass=dir permissive=0
01-03 20:39:13.596 21990 21990 W ps      : type=1400 audit(0.0:11125): avc: denied { search } for uid=10133 name="5" dev="proc" ino=179082 scontext=u:r:untrusted_app:s0:c512,c768 tcontext=u:r:kernel:s0 tclass=dir permissive=0
01-03 20:39:13.596 21990 21990 W ps      : type=1400 audit(0.0:11126): avc: denied { search } for uid=10133 name="5" dev="proc" ino=179082 scontext=u:r:untrusted_app:s0:c512,c768 tcontext=u:r:kernel:s0 tclass=dir permissive=0
01-03 20:39:13.596 21990 21990 W ps      : type=1400 audit(0.0:11127): avc: denied { getattr } for uid=10133 path="/proc/6" dev="proc" ino=179083 scontext=u:r:untrusted_app:s0:c512,c768 tcontext=u:r:kernel:s0 tclass=dir permissive=0
01-03 20:39:13.596 21990 21990 W ps      : type=1400 audit(0.0:11128): avc: denied { search } for uid=10133 name="6" dev="proc" ino=179083 scontext=u:r:untrusted_app:s0:c512,c768 tcontext=u:r:kernel:s0 tclass=dir permissive=0
01-03 20:39:13.596 21990 21990 W ps      : type=1400 audit(0.0:11129): avc: denied { search } for uid=10133 name="6" dev="proc" ino=179083 scontext=u:r:untrusted_app:s0:c512,c768 tcontext=u:r:kernel:s0 tclass=dir permissive=0
01-03 20:39:13.596 21990 21990 W ps      : type=1400 audit(0.0:11130): avc: denied { getattr } for uid=10133 path="/proc/7" dev="proc" ino=179084 scontext=u:r:untrusted_app:s0:c512,c768 tcontext=u:r:kernel:s0 tclass=dir permissive=0
01-03 20:39:13.596 21990 21990 W ps      : type=1400 audit(0.0:11131): avc: denied { search } for uid=10133 name="7" dev="proc" ino=179084 scontext=u:r:untrusted_app:s0:c512,c768 tcontext=u:r:kernel:s0 tclass=dir permissive=0
01-03 20:39:13.596 21990 21990 W ps      : type=1400 audit(0.0:11132): avc: denied { search } for uid=10133 name="7" dev="proc" ino=179084 scontext=u:r:untrusted_app:s0:c512,c768 tcontext=u:r:kernel:s0 tclass=dir permissive=0
01-03 20:39:13.600 21990 21990 W ps      : type=1400 audit(0.0:11133): avc: denied { getattr } for uid=10133 path="/proc/8" dev="proc" ino=179085 scontext=u:r:untrusted_app:s0:c512,c768 tcontext=u:r:kernel:s0 tclass=dir permissive=0
01-03 20:39:13.600 21990 21990 W ps      : type=1400 audit(0.0:11134): avc: denied { search } for uid=10133 name="8" dev="proc" ino=179085 scontext=u:r:untrusted_app:s0:c512,c768 tcontext=u:r:kernel:s0 tclass=dir permissive=0
01-03 20:39:13.649 21448 21448 V OnBotJava: getCurrentOutputJarDir() unavailable
01-03 20:39:13.649 21448 21448 V OnBotJava: getCurrentOutputJarDir() unavailable
01-03 20:39:16.232 21448 21448 W FileObserverManager: upgrading mask: path=/storage/emulated/0/FIRST/java/status/buildStarted.txt old=0x00000ffc new=0x00000ffe: might possibly miss event
01-03 20:39:16.233 21448 21448 W FileObserverManager: upgrading mask: path=/storage/emulated/0/FIRST/java/status/buildComplete.txt old=0x00000ffc new=0x00000ffe: might possibly miss event
01-03 20:39:16.234 21448 21448 V RobotCore: Network: inactive, disconnected
01-03 20:39:16.234 21448 21448 V ServiceStarter: attempting to start service FtcRobotControllerWatchdogService
01-03 20:39:16.236 21448 21448 V ServiceStarter: started service FtcRobotControllerWatchdogService
01-03 20:39:16.241 21448 21448 V RobotCore: BuildConfig: versionCode=25 versionName=3.5 module=com.qualcomm.ftcrobotcontroller
01-03 20:39:16.241 21448 21448 V RobotCore: BuildConfig: versionCode=37 versionName=5.15 module=com.qualcomm.robotcore
01-03 20:39:16.241 21448 21448 V RobotCore: BuildConfig: versionCode=37 versionName=5.15 module=com.qualcomm.hardware
01-03 20:39:16.241 21448 21448 V RobotCore: BuildConfig: versionCode=37 versionName=5.15 module=com.qualcomm.ftccommon
01-03 20:39:16.241 21448 21448 V RobotCore: BuildConfig: versionCode=37 versionName=5.15 module=com.google.blocks
01-03 20:39:16.241 21448 21448 V RobotCore: BuildConfig: versionCode=37 versionName=5.15 module=org.firstinspires.inspection
01-03 20:39:16.241 21448 21448 V RCActivity: onStart()
01-03 20:39:16.242 21448 21448 V RCActivity: onResume()
01-03 20:39:16.246 21448 21448 V FtcRobotControllerWatchdogService: onCreate()
01-03 20:39:16.247 21448 21448 V FtcRobotControllerWatchdogService: onStartCommand() intent=Intent { cmp=com.qualcomm.ftcrobotcontroller/org.firstinspires.ftc.ftccommon.internal.FtcRobotControllerWatchdogService } flags=0x0 startId=1
01-03 20:39:16.247 21448 21448 V FtcRobotControllerWatchdogService: shouldAutoLauchRobotController() result=false
01-03 20:39:16.247 21448 21448 V WebServer: creating NanoHTTPD(8080)
01-03 20:39:16.247 21448 21448 V FTCService: onCreate()
01-03 20:39:16.247 21448 21448 V FTCService: onBind()
01-03 20:39:16.247 21448 21448 V FTCService: Android Device: maker=motorola model=XT1609 sdk=23
01-03 20:39:16.249 21448 21448 V RobotCore: Getting network assistant of type: WIFIDIRECT
01-03 20:39:16.249 21448 21448 V WifiDirect: There are 1 Wifi Direct Assistant Clients (+)
01-03 20:39:16.249 21448 21448 V WifiDirect: Enabling Wifi Direct Assistant
01-03 20:39:16.250 21448 21448 V WifiDirectInviteMonitor: startMonitoring()
01-03 20:39:16.284 21448 21448 D WifiDirect: broadcast: state - enabled: true
01-03 20:39:16.284 21448 21448 D WifiDirect: broadcast: connection changed: connectStatus=NOT_CONNECTED networkInfo.state=CONNECTED
01-03 20:39:16.285 21448 21448 D WifiDirect: broadcast: this device changed
01-03 20:39:16.285 21448 21448 V WifiDirect: device information: 12611-RC 80:58:f8:58:99:a3
01-03 20:39:16.285 21448 21448 D WifiDirect: cannot create group, does group already exist?
01-03 20:39:16.285 21448 21448 V FTCService: RCActivity.controllerService=bound
01-03 20:39:16.285 21448 21448 V RobotCore: Network: unknown, disconnected
01-03 20:39:16.285 21448 21448 V RobotCore: Robot Status: stopped
01-03 20:39:16.289 21448 21448 V ThreadPool: container(0x0248a1c4: default threadpool) added id=1558 TID=0 count=1
01-03 20:39:16.292 21448 21995 V RobotCore: thread: 'RobotSetupRunnable.run()' starting...
01-03 20:39:16.292 21448 21995 V FTCService: Processing robot setup
01-03 20:39:16.292 21448 21995 V RobotCore: Robot Status: stopped, scanning for USB devices
01-03 20:39:16.311 21448 21448 D WifiDirect: group owners address: /192.168.49.1
01-03 20:39:16.311 21448 21448 D WifiDirect: group formed, this device is the group owner (GO)
01-03 20:39:16.311 21448 21448 I FTCService: Wifi Direct - connected as group owner
01-03 20:39:16.317 21448 21448 V RobotCore: Network: enabled, disconnected
01-03 20:39:16.355 21448 21448 V WifiDirect: connection information available
01-03 20:39:16.355 21448 21448 V WifiDirect: connection information - groupOwnerName = 12611-RC
01-03 20:39:16.355 21448 21448 V WifiDirect: connection information - groupOwnerMacAddress = 80:58:f8:58:99:a3
01-03 20:39:16.355 21448 21448 V WifiDirect: connection information - groupInterface = p2p0
01-03 20:39:16.355 21448 21448 V WifiDirect: connection information - groupNetworkName = DIRECT-yh-12611-RC
01-03 20:39:16.355 21448 21448 I FTCService: Network Connection Passphrase: 31hLkFft
01-03 20:39:16.355 21448 21448 V WebServer: starting port=8080
01-03 20:39:16.366 21448 21448 V RobotCore: Getting network assistant of type: WIFIDIRECT
01-03 20:39:16.366 21448 21448 V WifiDirect: There are 2 Wifi Direct Assistant Clients (+)
01-03 20:39:16.366 21448 21448 V WebServer: started port=8080
01-03 20:39:16.366 21448 21448 V RobotCore: Network: active, disconnected
01-03 20:39:19.203 21448 21448 V RCActivity: onPause()
01-03 20:39:19.214 21448 21448 V FtcConfigTag: FtcLoadFileActivity started
01-03 20:39:19.715 21448 21448 V RCActivity: onStop()
01-03 20:39:20.394 21448 21448 V FtcConfigTag: onCreate()
01-03 20:39:20.412 21448 21448 V ThreadPool: container(0x056588fa: USBScanManager) added id=1560 TID=0 count=1
01-03 20:39:20.413 21448 22004 V FtcConfigTag: scanning USB bus...
01-03 20:39:20.414 21448 22004 V FtDeviceManager: createDeviceInfoList(): 0 USB devices
01-03 20:39:20.414 21448 22004 V USBScan : device count=0
01-03 20:39:20.414 21448 22004 V USBScan : scanForUsbDevices() took 0ms count=0
01-03 20:39:20.414 21448 22004 V FtcConfigTag: .. scanning complete: []
01-03 20:39:20.415 21448 21448 V ReadXMLFileHandler: handleLynxModule() mod#=2...
01-03 20:39:20.415 21448 21448 V ConfigurationUtility: buildEmptyLynxModule() mod#=2...
01-03 20:39:20.415 21448 21448 V ConfigurationUtility: ...buildEmptyLynxModule() mod#=2
01-03 20:39:20.416 21448 21448 V ReadXMLFileHandler: ...handleLynxModule() mod#=2
01-03 20:39:20.416 21448 21448 V ReadXMLFileHandler: handleLynxModule() mod#=3...
01-03 20:39:20.416 21448 21448 V ConfigurationUtility: buildEmptyLynxModule() mod#=3...
01-03 20:39:20.416 21448 21448 V ConfigurationUtility: ...buildEmptyLynxModule() mod#=3
01-03 20:39:20.416 21448 21448 V ReadXMLFileHandler: ...handleLynxModule() mod#=3
01-03 20:39:21.292 21448 21995 V RobotCore: EventLoopManager state is NOT_STARTED
01-03 20:39:21.293 21448 21995 V RobotCore: Robot Status: stopped, waiting for Wifi to enable
01-03 20:39:21.293 21448 21995 V RobotCore: Robot Status: stopped, waiting for Wifi Direct to enable
01-03 20:39:21.293 21448 21995 V RobotCore: Robot Status: stopped, waiting for network to become active
01-03 20:39:21.293 21448 21995 V RobotCore: Robot Status: stopped, starting robot
01-03 20:39:21.293 21448 21995 V Robocol : EventLoopManager.start()
01-03 20:39:21.294 21448 21995 V Robocol : Spoofing a Network Connection event...
01-03 20:39:21.294 21448 21995 V ThreadPool: executive service EventLoop(0x0679bad9) is terminated
01-03 20:39:21.294 21448 21995 V RobotCore: EventLoopManager state is STOPPED
01-03 20:39:21.297 21448 22006 V RobotCore: thread: 'SetupRunnable.run()' starting...
01-03 20:39:21.299 21448 21995 V Robocol : eventLoop=FtcEventLoop
01-03 20:39:21.299 21448 21995 V RobotCore: EventLoopManager state is INIT
01-03 20:39:21.299 21448 21995 V RobotCore: Robot Status: initializing, starting robot
01-03 20:39:21.299 21448 21995 I FtcEventLoop: ======= INIT START =======
01-03 20:39:21.300 21448 21995 V OpmodeRegistration: registered {DefaultOpMode} as {$Stop$Robot$}
01-03 20:39:21.303 21448 21995 V FileBasedLock: locked /storage/emulated/0/FIRST/blocks/projectslock/lock.dat
01-03 20:39:21.303 21448 21995 V ThreadPool: container(0x0248a1c4: default threadpool) added id=1562 TID=0 count=2
01-03 20:39:21.304 21448 21995 V FileBasedLock: unlocking /storage/emulated/0/FIRST/blocks/projectslock/lock.dat
01-03 20:39:21.309 21448 21448 D WifiDirect: cannot create group, does group already exist?
01-03 20:39:21.309 21448 21995 V OpmodeRegistration: registered {SensorTest} as {Sensor Test}
01-03 20:39:21.309 21448 21995 V OpmodeRegistration: registered {RelicRecoveryTileRunnerTeleOpsLinear} as {TileRunner TeleOps (Linear)}
01-03 20:39:21.310 21448 21995 V OpmodeRegistration: registered {SensorMRRangeColorSensor} as {Sensor: MR range & Color sensor}
01-03 20:39:21.310 21448 21995 V OpmodeRegistration: registered {RelicRecoveryAutoRed1} as {Auto Red 1}
01-03 20:39:21.311 21448 21995 V OpmodeRegistration: registered {RelicRecoveryTeleOpsLinear} as {Relic Recovery TeleOps (Linear)}
01-03 20:39:21.311 21448 21995 V OpmodeRegistration: registered {RelicRecoveryAutoRed2} as {Auto Red 2}
01-03 20:39:21.312 21448 21995 V OpmodeRegistration: registered {RelicRecoveryAutoTest} as {Auto Test}
01-03 20:39:21.312 21448 21995 V OpmodeRegistration: registered {TestGlyphCollector} as {Test Glyph Pickup}
01-03 20:39:21.313 21448 21995 V OpmodeRegistration: registered {SensorREVColorDistance} as {Sensor: REVColorDistance}
01-03 20:39:21.313 21448 21995 V OpmodeRegistration: registered {RelicRecoveryAutoBlue1} as {Auto Blue 1}
01-03 20:39:21.314 21448 21995 V OpmodeRegistration: registered {RelicRecoveryAutoBlue2} as {Auto Blue 2}
01-03 20:39:21.324 21448 22006 D Robocol : RobocolDatagramSocket listening addr=/192.168.49.1:20884 cbRec=65520 cbSend=163840 msRecTO=300
01-03 20:39:21.324 21448 22006 V Robocol : RecvLoopRunnable created
01-03 20:39:21.325 21448 22006 V PeerDiscovery: Starting peer discovery
01-03 20:39:21.325 21448 22006 V PeerDiscovery: No need for peer discovery, we are the peer discovery device
01-03 20:39:21.325 21448 22006 V RobotCore: Setup complete
01-03 20:39:21.325 21448 22006 V RobotCore: thread: ...terminating 'SetupRunnable.run()'
01-03 20:39:21.327 21448 22009 V RobotCore: thread: 'RecvLoopRunnable.run()' starting...
01-03 20:39:21.341 21448 21995 V HardwareFactory: createHardwareMap()
01-03 20:39:21.341 21448 21995 V WifiDirectInviteMonitor: clearUILynxModule()
01-03 20:39:21.342 21448 21448 I BatteryChecker: percent remaining: 90 is charging: true
01-03 20:39:21.343 21448 21995 V ReadXMLFileHandler: handleLynxModule() mod#=2...
01-03 20:39:21.343 21448 21995 V ConfigurationUtility: buildEmptyLynxModule() mod#=2...
01-03 20:39:21.343 21448 21995 V ConfigurationUtility: ...buildEmptyLynxModule() mod#=2
01-03 20:39:21.344 21448 21995 V ReadXMLFileHandler: ...handleLynxModule() mod#=2
01-03 20:39:21.344 21448 21995 V ReadXMLFileHandler: handleLynxModule() mod#=3...
01-03 20:39:21.344 21448 21995 V ConfigurationUtility: buildEmptyLynxModule() mod#=3...
01-03 20:39:21.344 21448 21995 V ConfigurationUtility: ...buildEmptyLynxModule() mod#=3
01-03 20:39:21.344 21448 21995 V ReadXMLFileHandler: ...handleLynxModule() mod#=3
01-03 20:39:21.345 21448 21995 V RobotCore: Creating REV Robotics USB Expansion Hub Portal [DQ143RN2]
01-03 20:39:21.345 21448 21995 V LynxUsb : creating new [DQ143RN2]: 0x0a81989b
01-03 20:39:21.346 21448 21995 V FtDeviceManager: createDeviceInfoList(): 0 USB devices
01-03 20:39:21.346 21448 21995 W System.err: unable to find lynx USB device with serial number DQ143RN2
01-03 20:39:21.346 21448 21995 E LynxUsb : exception RobotCoreException(unable to find lynx USB device with serial number DQ143RN2): exception arming DQ143RN2 [com.qualcomm.hardware.lynx.LynxUsbUtil.logMessageAndThrow(LynxUsbUtil.java:108)]
01-03 20:39:21.346 21448 21995 V LynxUsb : doPretend() serial=DQ143RN2
01-03 20:39:21.347 21448 21995 V LynxUsb : 0x088f6438 on 0x0a81989b: new delegate to [DQ143RN2]
01-03 20:39:21.347 21448 21995 V RobotCore: Creating Lynx Module - mod=2 parent=false
01-03 20:39:21.347 21448 21995 V RobotCore: Creating Lynx Module - mod=3 parent=true
01-03 20:39:21.347 21448 21995 V LynxUsb : addConfiguredModule() module#=3
01-03 20:39:21.347 21448 21995 V LynxModule: pingAndQueryKnownInterfaces mod=3
01-03 20:39:21.347 21448 21995 V LynxModule: queryInterface(DEKA)=0 commands
01-03 20:39:21.347 21448 21995 V LynxModule: mod#=3 intf=DEKA: expected 53 commands; found 0
01-03 20:39:21.347 21448 21995 V LynxModule: sendLEDPatternSteps(): #steps=8
01-03 20:39:21.347 21448 21995 V LynxUsb : addConfiguredModule() module#=2
01-03 20:39:21.347 21448 21995 V LynxModule: pingAndQueryKnownInterfaces mod=2
01-03 20:39:21.348 21448 21995 V LynxModule: queryInterface(DEKA)=0 commands
01-03 20:39:21.348 21448 21995 V LynxModule: mod#=2 intf=DEKA: expected 53 commands; found 0
01-03 20:39:21.348 21448 21995 V LynxModule: sendLEDPatternSteps(): #steps=6
01-03 20:39:21.348 21448 21995 V LynxMotor: initializeHardware() mod#=2
01-03 20:39:21.349 21448 21995 V RobotCore: DcMotorImpl(type=NeveRest20Gearmotor)
01-03 20:39:21.349 21448 21995 V RobotCore: DcMotorImpl(type=NeveRest40Gearmotor)
01-03 20:39:21.349 21448 21995 V RobotCore: DcMotorImpl(type=NeveRest40Gearmotor)
01-03 20:39:21.349 21448 21995 V LynxServoController: initializeHardware() mod#=2
01-03 20:39:21.349 21448 21995 V LynxVoltageSensor: initializeHardware() mod#=2
01-03 20:39:21.350 21448 21995 V LynxPwmOutputController: initializeHardware() mod#=2
01-03 20:39:21.350 21448 21995 V LynxAnalogInputController: initializeHardware() mod#=2
01-03 20:39:21.350 21448 21995 V LynxDigitalChannelController: initializeHardware() mod#=2
01-03 20:39:21.350 21448 21995 V RobotCore: Creating Lynx Color/Range Sensor - mod=2 bus=1
01-03 20:39:21.350 21448 21995 I RobotCore: LynxFirmwareVersionManager: LynxI2cDeviceSynchV1
01-03 20:39:21.350 21448 21995 V LynxI2cDeviceSynch: initializeHardware() mod#=2
01-03 20:39:21.350 21448 21995 V AMSColorSensorImpl: internalInitialize()...
01-03 20:39:21.350 21448 21995 V AMSColorSensorImpl: ...internalInitialize()
01-03 20:39:21.350 21448 21995 V LynxI2cDeviceSynch: engaging mod#=2
01-03 20:39:21.350 21448 21995 V RobotCore: Creating Lynx Color/Range Sensor - mod=2 bus=2
01-03 20:39:21.350 21448 21995 I RobotCore: LynxFirmwareVersionManager: LynxI2cDeviceSynchV1
01-03 20:39:21.351 21448 21995 V LynxI2cDeviceSynch: initializeHardware() mod#=2
01-03 20:39:21.351 21448 21995 V AMSColorSensorImpl: internalInitialize()...
01-03 20:39:21.351 21448 21995 V AMSColorSensorImpl: ...internalInitialize()
01-03 20:39:21.351 21448 21995 V LynxI2cDeviceSynch: engaging mod#=2
01-03 20:39:21.351 21448 21995 V LynxMotor: initializeHardware() mod#=3
01-03 20:39:21.352 21448 21995 V RobotCore: DcMotorImpl(type=NeveRest40Gearmotor)
01-03 20:39:21.352 21448 21995 V RobotCore: DcMotorImpl(type=NeveRest40Gearmotor)
01-03 20:39:21.352 21448 21995 V RobotCore: DcMotorImpl(type=NeveRest40Gearmotor)
01-03 20:39:21.352 21448 21995 V RobotCore: DcMotorImpl(type=NeveRest40Gearmotor)
01-03 20:39:21.352 21448 21995 V LynxServoController: initializeHardware() mod#=3
01-03 20:39:21.352 21448 21995 V LynxVoltageSensor: initializeHardware() mod#=3
01-03 20:39:21.352 21448 21995 V LynxPwmOutputController: initializeHardware() mod#=3
01-03 20:39:21.353 21448 21995 V LynxAnalogInputController: initializeHardware() mod#=3
01-03 20:39:21.353 21448 21995 V RobotCore: Creating Analog Input Device - Port: 1
01-03 20:39:21.353 21448 21995 V LynxDigitalChannelController: initializeHardware() mod#=3
01-03 20:39:21.353 21448 21995 V RobotCore: Creating user sensor REV Expansion Hub IMU - on Lynx module=3 bus=0
01-03 20:39:21.353 21448 21995 V RobotCore: Creating I2cDeviceSynch (Lynx) - mod=3 bus=0
01-03 20:39:21.353 21448 21995 I RobotCore: LynxFirmwareVersionManager: LynxI2cDeviceSynchV1
01-03 20:39:21.353 21448 21995 V LynxI2cDeviceSynch: initializeHardware() mod#=3
01-03 20:39:21.353 21448 21995 V RobotCore: Creating user sensor MR Range Sensor - on Lynx module=3 bus=1
01-03 20:39:21.353 21448 21995 V RobotCore: Creating I2cDeviceSynch (Lynx) - mod=3 bus=1
01-03 20:39:21.353 21448 21995 I RobotCore: LynxFirmwareVersionManager: LynxI2cDeviceSynchV1
01-03 20:39:21.353 21448 21995 V LynxI2cDeviceSynch: initializeHardware() mod#=3
01-03 20:39:21.354 21448 21995 V RobotCore: Creating user sensor MR Range Sensor - on Lynx module=3 bus=2
01-03 20:39:21.354 21448 21995 V RobotCore: Creating I2cDeviceSynch (Lynx) - mod=3 bus=2
01-03 20:39:21.354 21448 21995 I RobotCore: LynxFirmwareVersionManager: LynxI2cDeviceSynchV1
01-03 20:39:21.354 21448 21995 V LynxI2cDeviceSynch: initializeHardware() mod#=3
01-03 20:39:21.354 21448 21995 I RobotCore: ========= Device Information ===================================================
01-03 20:39:21.354 21448 21995 I RobotCore: Type                                               Name                           Connection
01-03 20:39:21.354 21448 21995 I RobotCore: Motor                                              rr                             USB DQ143RN2; module 3; port 3
01-03 20:39:21.354 21448 21995 I RobotCore: Servo                                              relicElbow                     USB DQ143RN2; module 3; port 2
01-03 20:39:21.354 21448 21995 I RobotCore: Motor                                              glyphLift                      USB DQ143RN2; module 2; port 2
01-03 20:39:21.354 21448 21995 I RobotCore: Servo                                              relicClaw                      USB DQ143RN2; module 3; port 1
01-03 20:39:21.354 21448 21995 I RobotCore: Motor                                              lr                             USB DQ143RN2; module 3; port 2
01-03 20:39:21.354 21448 21995 I RobotCore: Servo                                              lowerRightGripper              USB DQ143RN2; module 3; port 4
01-03 20:39:21.355 21448 21995 I RobotCore: REV Robotics USB Expansion Hub Portal              Expansion Hub Portal 1         USB DQ143RN2
01-03 20:39:21.355 21448 21995 I RobotCore: Servo                                              longArm                        USB DQ143RN2; module 2; port 5
01-03 20:39:21.355 21448 21995 I RobotCore: Servo                                              glyphHolder                    USB DQ143RN2; module 2; port 2
01-03 20:39:21.355 21448 21995 I RobotCore: Analog Input                                       range                          USB DQ143RN2; module 3; analog port 1
01-03 20:39:21.355 21448 21995 I RobotCore: Motor                                              led                            USB DQ143RN2; module 2; port 3
01-03 20:39:21.355 21448 21995 I RobotCore: Servo                                              upperLeftGripper               USB DQ143RN2; module 2; port 0
01-03 20:39:21.355 21448 21995 I RobotCore: Modern Robotics Range Sensor v0.0                  x2Range                        USB DQ143RN2; module 3; bus 2; addr7=0x14
01-03 20:39:21.356 21448 21995 I RobotCore: Expansion Hub DC Motor Controller                  Expansion Hub 3                USB DQ143RN2; module 3
01-03 20:39:21.356 21448 21995 I RobotCore: Expansion Hub Servo Controller                     Expansion Hub 3                USB DQ143RN2; module 3
01-03 20:39:21.356 21448 21995 I RobotCore: Expansion Hub Voltage Sensor                       Expansion Hub 3                USB DQ143RN2; module 3
01-03 20:39:21.356 21448 21995 I RobotCore: Expansion Hub Pwm Controller                       Expansion Hub 3                USB DQ143RN2; module 3
01-03 20:39:21.356 21448 21995 I RobotCore: Expansion Hub Analog Input Controller              Expansion Hub 3                USB DQ143RN2; module 3
01-03 20:39:21.356 21448 21995 I RobotCore: Expansion Hub Digital Channel Controller           Expansion Hub 3                USB DQ143RN2; module 3
01-03 20:39:21.356 21448 21995 I RobotCore: Expansion Hub (unknown firmware)                   Expansion Hub 3                USB DQ143RN2; module 3
01-03 20:39:21.356 21448 21995 I RobotCore: Expansion Hub DC Motor Controller                  Expansion Hub 2                USB DQ143RN2; module 2
01-03 20:39:21.356 21448 21995 I RobotCore: Expansion Hub Servo Controller                     Expansion Hub 2                USB DQ143RN2; module 2
01-03 20:39:21.356 21448 21995 I RobotCore: Expansion Hub Voltage Sensor                       Expansion Hub 2                USB DQ143RN2; module 2
01-03 20:39:21.357 21448 21995 I RobotCore: Expansion Hub Pwm Controller                       Expansion Hub 2                USB DQ143RN2; module 2
01-03 20:39:21.357 21448 21995 I RobotCore: Expansion Hub Analog Input Controller              Expansion Hub 2                USB DQ143RN2; module 2
01-03 20:39:21.357 21448 21995 I RobotCore: Expansion Hub Digital Channel Controller           Expansion Hub 2                USB DQ143RN2; module 2
01-03 20:39:21.357 21448 21995 I RobotCore: Expansion Hub (unknown firmware)                   Expansion Hub 2                USB DQ143RN2; module 2
01-03 20:39:21.357 21448 21995 I RobotCore: REV Expansion Hub IMU                              imu                            USB DQ143RN2; module 3; bus 0; addr7=0x00
01-03 20:39:21.357 21448 21995 I RobotCore: Servo                                              upperRightGripper              USB DQ143RN2; module 2; port 1
01-03 20:39:21.357 21448 21995 I RobotCore: Servo                                              shortArm                       USB DQ143RN2; module 2; port 4
01-03 20:39:21.357 21448 21995 I RobotCore: Servo                                              lowerLeftGripper               USB DQ143RN2; module 3; port 3
01-03 20:39:21.358 21448 21995 I RobotCore: Servo                                              relicClawholder                USB DQ143RN2; module 3; port 0
01-03 20:39:21.358 21448 21995 I RobotCore: Motor                                              relicSlider                    USB DQ143RN2; module 2; port 1
01-03 20:39:21.358 21448 21995 I RobotCore: Motor                                              rf                             USB DQ143RN2; module 3; port 1
01-03 20:39:21.358 21448 21995 I RobotCore: REV Color/Range Sensor                             jewelColor                     USB DQ143RN2; module 2; bus 1; addr7=0x39
01-03 20:39:21.358 21448 21995 I RobotCore: Motor                                              lf                             USB DQ143RN2; module 3; port 0
01-03 20:39:21.358 21448 21995 I RobotCore: REV Color/Range Sensor                             glyphColorDistance             USB DQ143RN2; module 2; bus 2; addr7=0x39
01-03 20:39:21.359 21448 21995 I RobotCore: Modern Robotics Range Sensor v0.0                  x1Range                        USB DQ143RN2; module 3; bus 1; addr7=0x14
01-03 20:39:21.359 21448 21995 I FtcEventLoop: ======= INIT FINISH =======
01-03 20:39:21.359 21448 21995 V RobotCore: EventLoopManager state is RUNNING
01-03 20:39:21.359 21448 21995 V RobotCore: Robot Status: running, starting robot
01-03 20:39:21.359 21448 21995 V RobotCore: Robot Status: running
01-03 20:39:21.359 21448 21995 V ThreadPool: container(0x0fc9bfba: executorEventLoop) added id=1565 TID=0 count=1
01-03 20:39:21.360 21448 21995 V RobotCore: thread: ...terminating 'RobotSetupRunnable.run()'
01-03 20:39:21.360 21448 22010 V RobotCore: thread: 'opmode loop()' starting...
01-03 20:39:21.362 21448 21542 W AudioTrack: AUDIO_OUTPUT_FLAG_FAST denied by client; transfer 4, track 8000 Hz, output 48000 Hz
01-03 20:39:21.366 21448 22010 D RobotCore: system telemetry: key=$System$Warning$ msg="unable to open REV Robotics USB Expansion Hub Portal [DQ143RN2]"
01-03 20:39:21.390 21448 21542 D MediaPlayer: setSubtitleAnchor in MediaPlayer
