01-03 20:39:21.395 21448 21448 W MediaPlayer: mediaplayer went away with unhandled events
01-03 20:39:21.412 21448 21539 D ExtendedUtils: extended extractor not needed, return default
01-03 20:39:21.413 21448 21539 I MediaCodec: (0xb835f808) init name(audio/raw) isType(1) encoder(0)
01-03 20:39:21.416 21448 22016 I OMXClient: Using client-side OMX mux.
01-03 20:39:21.419 21448 22016 E OMXMaster: A component of name 'OMX.qcom.audio.decoder.aac' already exists, ignoring this one.
01-03 20:39:21.421 21448 22016 I MediaCodec: (0xb835f808) Component Allocated (OMX.google.raw.decoder)
01-03 20:39:21.421 21448 21539 I MediaCodec: (0xb835f808) configure surface(0x0) crypto(0x0) flags(0)
01-03 20:39:21.422 21448 21539 D MediaCodec: (0xb835f808) configure format: AMessage(what = 0x00000000) = {
01-03 20:39:21.422 21448 21539 D MediaCodec:    string mime = "audio/raw"
01-03 20:39:21.422 21448 21539 D MediaCodec:    int64_t durationUs = 1043650
01-03 20:39:21.422 21448 21539 D MediaCodec:    int32_t channel-count = 2
01-03 20:39:21.422 21448 21539 D MediaCodec:    int32_t sample-rate = 44100
01-03 20:39:21.422 21448 21539 D MediaCodec:    int32_t channel-mask = 0
01-03 20:39:21.422 21448 21539 D MediaCodec:  }
01-03 20:39:21.422 21448 21539 I MediaCodec: (0xb835f808) start
01-03 20:39:21.423 21448 22016 I MediaCodec: (0xb835f808) input buffers allocated
01-03 20:39:21.423 21448 22016 I MediaCodec: (0xb835f808) numBuffers (4)
01-03 20:39:21.423 21448 22016 I MediaCodec: (0xb835f808) output buffers allocated
01-03 20:39:21.423 21448 22016 I MediaCodec: (0xb835f808) numBuffers (4)
01-03 20:39:21.426 21448 22016 I MediaCodec: (0xb835f808) codec output format changed
01-03 20:39:21.426 21448 22016 D MediaCodec: (0xb835f808) output format: AMessage(what = 'codc', target = 14) = {
01-03 20:39:21.426 21448 22016 D MediaCodec:    string mime = "audio/raw"
01-03 20:39:21.426 21448 22016 D MediaCodec:    int32_t channel-count = 2
01-03 20:39:21.426 21448 22016 D MediaCodec:    int32_t sample-rate = 44100
01-03 20:39:21.426 21448 22016 D MediaCodec:    int32_t channel-mask = 0
01-03 20:39:21.426 21448 22016 D MediaCodec:    int32_t what = 1869968451
01-03 20:39:21.426 21448 22016 D MediaCodec:  }
01-03 20:39:21.432 21448 21539 I MediaCodec: (0xb835f808) stop
01-03 20:39:21.434 21448 21539 I MediaCodec: (0xb835f808) release
01-03 20:39:21.526 21448 21448 V RobotCore: FtcConfigurationActivity: starting activity com.qualcomm.ftccommon.configuration.EditLynxUsbDeviceActivity code=12
01-03 20:39:21.625 21448 22009 E Robocol : exception SocketTimeoutException(null): no packet received [libcore.io.IoBridge.maybeThrowAfterRecvfrom(IoBridge.java:594)]
01-03 20:39:21.733 21448 22009 V PeerDiscovery: new remote peer discovered: 192.168.49.84
01-03 20:39:21.733 21448 22009 D Robocol : RobocolDatagramSocket connected to /192.168.49.84:20884
01-03 20:39:21.734 21448 22009 V NetworkConnectionHandler: starting sending loop
01-03 20:39:21.734 21448 22009 V Robocol : SendOnceRunnable created
01-03 20:39:21.760 21448 22009 V NetDiscover_prefremrc: sendAllPreferences()
01-03 20:39:21.760 21448 22009 V NetDiscover_prefremrc: sending RC pref name=pref_wifip2p_remote_channel_change_works value=true
01-03 20:39:21.760 21448 22009 V NetDiscover_prefremrc: sending RC pref name=pref_device_name value=12611-RC
01-03 20:39:21.760 21448 22009 V NetDiscover_prefremrc: sending RC pref name=pref_has_independent_phone_battery value=true
01-03 20:39:21.760 21448 22009 V NetDiscover_prefremrc: sending RC pref name=pref_app_theme value=teal
01-03 20:39:21.760 21448 22009 V NetDiscover_prefremrc: sending RC pref name=pref_sound_on_off value=false
01-03 20:39:21.760 21448 22009 V RobotCore: Network: active, connected
01-03 20:39:21.775 21448 21537 V Robocol : sending CMD_NOTIFY_USER_DEVICE_LIST(8007), attempt: 0
01-03 20:39:21.777 21448 21537 V Robocol : sending CMD_ROBOT_CONTROLLER_PREFERENCE(8008), attempt: 0
01-03 20:39:21.777 21448 21537 V Robocol : sending CMD_ROBOT_CONTROLLER_PREFERENCE(8009), attempt: 0
01-03 20:39:21.778 21448 21537 V Robocol : sending CMD_ROBOT_CONTROLLER_PREFERENCE(8010), attempt: 0
01-03 20:39:21.778 21448 21537 V Robocol : sending CMD_ROBOT_CONTROLLER_PREFERENCE(8011), attempt: 0
01-03 20:39:21.778 21448 21537 V Robocol : sending CMD_ROBOT_CONTROLLER_PREFERENCE(8012), attempt: 0
01-03 20:39:21.778 21448 22009 V Robocol : received command: CMD_REQUEST_UI_STATE(10001) 
01-03 20:39:21.779 21448 22008 I BatteryChecker: percent remaining: 90 is charging: true
01-03 20:39:21.815 21448 21537 V Robocol : sending CMD_NOTIFY_ACTIVE_CONFIGURATION(8018), attempt: 0
01-03 20:39:21.815 21448 21537 V Robocol : sending CMD_NOTIFY_USER_DEVICE_LIST(8019), attempt: 0
01-03 20:39:21.816 21448 21537 V Robocol : sending CMD_NOTIFY_OP_MODE_LIST(8020), attempt: 0
01-03 20:39:21.866 21448 22010 V ThreadPool: container(0x0598dc9e: OpModeStuckCodeMonitor) added id=1571 TID=0 count=1
01-03 20:39:21.867 21448 22010 I RobotCore: Attempting to switch to op mode $Stop$Robot$
01-03 20:39:21.895 21448 21537 V Robocol : sending CMD_NOTIFY_INIT_OP_MODE(8033), attempt: 0
01-03 20:39:22.121 21448 22010 I RobotCore: robot battery read duration: n=0, mean=0.000ms sd=-0.000ms
01-03 20:39:22.378 21448 21542 W AudioTrack: AUDIO_OUTPUT_FLAG_FAST denied by client; transfer 4, track 44100 Hz, output 48000 Hz
01-03 20:39:23.422 21448 21542 W AudioTrack: AUDIO_OUTPUT_FLAG_FAST denied by client; transfer 4, track 44100 Hz, output 48000 Hz
01-03 20:39:24.296 21448 21448 V RobotCore: EditLynxUsbDeviceActivity: starting activity com.qualcomm.ftccommon.configuration.EditLynxModuleActivity code=11
01-03 20:39:25.561 21448 21448 V RobotCore: EditLynxModuleActivity: starting activity com.qualcomm.ftccommon.configuration.EditServoListActivity code=18
01-03 20:39:26.340 21448 21448 I BatteryChecker: percent remaining: 90 is charging: true
01-03 20:39:47.314 21448 21448 I BatteryChecker: percent remaining: 90 is charging: true
01-03 20:39:50.415 21448 22004 V ThreadPool: container(0x056588fa: USBScanManager) removed id=1560 TID=22004 count=1
01-03 20:39:51.306 21448 22007 V ThreadPool: container(0x0248a1c4: default threadpool) removed id=1562 TID=22007 count=2
01-03 20:39:51.360 21448 21995 V ThreadPool: container(0x0248a1c4: default threadpool) removed id=1558 TID=21995 count=1
01-03 20:40:11.122 21448 21448 I BatteryChecker: percent remaining: 90 is charging: true
01-03 20:40:47.476 21448 21448 I BatteryChecker: percent remaining: 90 is charging: true
01-03 20:41:11.121 21448 21448 I BatteryChecker: percent remaining: 90 is charging: true
01-03 20:41:47.634 21448 21448 I BatteryChecker: percent remaining: 90 is charging: true
01-03 20:42:11.123 21448 21448 I BatteryChecker: percent remaining: 90 is charging: true
01-03 20:42:22.280 21448 22010 I RobotCore: robot battery read duration: n=0, mean=0.000ms sd=-0.000ms
01-03 20:42:26.342 21448 21448 I BatteryChecker: percent remaining: 90 is charging: true
01-03 20:42:47.795 21448 21448 I BatteryChecker: percent remaining: 90 is charging: true
01-03 20:42:50.310 21448 21448 I BatteryChecker: percent remaining: 91 is charging: true
01-03 20:43:11.119 21448 21448 I BatteryChecker: percent remaining: 91 is charging: true
01-03 20:43:50.515 21448 21448 I BatteryChecker: percent remaining: 91 is charging: true
01-03 20:44:11.118 21448 21448 I BatteryChecker: percent remaining: 91 is charging: true
01-03 20:44:50.676 21448 21448 I BatteryChecker: percent remaining: 91 is charging: true
01-03 20:45:11.121 21448 21448 I BatteryChecker: percent remaining: 91 is charging: true
01-03 20:45:22.441 21448 22010 I RobotCore: robot battery read duration: n=0, mean=0.000ms sd=-0.000ms
01-03 20:45:26.344 21448 21448 I BatteryChecker: percent remaining: 91 is charging: true
01-03 20:45:50.833 21448 21448 I BatteryChecker: percent remaining: 91 is charging: true
01-03 20:46:11.121 21448 21448 I BatteryChecker: percent remaining: 91 is charging: true
01-03 20:46:51.002 21448 21448 I BatteryChecker: percent remaining: 91 is charging: true
01-03 20:47:11.118 21448 21448 I BatteryChecker: percent remaining: 91 is charging: true
--------- beginning of main
01-03 19:25:53.567 20477 20483 I chatty  : uid=10133 expire 1 line
01-03 19:27:30.456 20477 20477 I chatty  : uid=10133 expire 10 lines
01-03 19:29:05.235 20477 20646 I chatty  : uid=10133 expire 10 lines
01-03 19:32:54.626 20477 20477 I chatty  : uid=10133 expire 10 lines
01-03 19:36:55.360 20477 20477 I chatty  : uid=10133 expire 10 lines
01-03 19:42:30.485 20477 20477 I chatty  : uid=10133 expire 10 lines
01-03 19:49:05.696 20477 20477 I chatty  : uid=10133 expire 10 lines
01-03 19:54:28.869 20477 20632 I chatty  : uid=10133 expire 10 lines
01-03 19:54:30.495 20477 20477 I chatty  : uid=10133 expire 10 lines
01-03 19:59:07.330 20477 20477 I chatty  : uid=10133 expire 10 lines
01-03 20:05:01.027 20477 20477 I chatty  : uid=10133 expire 10 lines
01-03 20:10:01.824 20477 20477 I chatty  : uid=10133 expire 10 lines
01-03 20:15:30.517 20477 20477 I chatty  : uid=10133 expire 10 lines
01-03 20:21:30.530 20477 20477 I chatty  : uid=10133 expire 11 lines
01-03 20:23:34.104 20477 20632 I chatty  : uid=10133 expire 26 lines
01-03 20:23:36.457 20477 20631 I chatty  : uid=10133 expire 2 lines
01-03 20:23:36.474 20477 20629 I chatty  : uid=10133 expire 7 lines
01-03 20:23:36.476 20477 21412 I chatty  : uid=10133 expire 9 lines
01-03 20:23:44.546 20477 20477 I chatty  : uid=10133 expire 30 lines
01-03 20:23:44.548 20477 20648 I chatty  : uid=10133 expire 1 line
01-03 20:23:45.110 21439 21439 I chatty  : uid=10133 ps expire 20 lines
01-03 20:23:45.465 20477 20627 I chatty  : uid=10133 expire 1 line
01-03 20:23:53.985 21448 21448 I chatty  : uid=10133 expire 109 lines
01-03 20:23:54.043 21448 21461 I chatty  : uid=10133 expire 2 lines
01-03 20:23:54.083 21448 21466 I chatty  : uid=10133 expire 14 lines
01-03 20:23:54.093 21463 21463 I chatty  : uid=10133 ps expire 20 lines
01-03 20:23:56.130 21448 21496 I chatty  : uid=10133 expire 3 lines
01-03 20:23:56.319 21448 21501 I chatty  : uid=10133 expire 205 lines
01-03 20:24:01.326 21448 21526 I chatty  : uid=10133 expire 7 lines
01-03 20:24:01.360 21448 21529 I chatty  : uid=10133 expire 17 lines
01-03 20:24:01.402 21448 21530 I chatty  : uid=10133 expire 1 line
01-03 20:24:01.772 21448 21537 I chatty  : uid=10133 expire 16 lines
01-03 20:24:01.773 21448 21540 I chatty  : uid=10133 expire 4 lines
01-03 20:24:01.797 21448 21542 I chatty  : uid=10133 expire 10 lines
01-03 20:24:01.798 21448 21543 I chatty  : uid=10133 expire 2 lines
01-03 20:24:01.833 21448 21547 I chatty  : uid=10133 expire 2 lines
01-03 20:24:01.836 21448 21539 I chatty  : uid=10133 expire 14 lines
01-03 20:24:01.839 21448 21548 I chatty  : uid=10133 expire 9 lines
01-03 20:24:02.862 21448 21528 I chatty  : uid=10133 expire 18 lines
01-03 20:24:02.867 21448 21553 I chatty  : uid=10133 expire 33 lines
01-03 20:24:02.892 21448 21557 I chatty  : uid=10133 expire 9 lines
01-03 20:24:19.415 21448 21529 I chatty  : uid=10133 expire 10 lines
01-03 20:24:21.830 21448 21576 I chatty  : uid=10133 expire 10 lines
01-03 20:24:21.835 21448 21577 I chatty  : uid=10133 expire 4 lines
01-03 20:24:21.838 21448 21501 I chatty  : uid=10133 expire 2 lines
01-03 20:24:31.335 21448 21527 I chatty  : uid=10133 expire 1 line
01-03 20:24:51.838 21448 21576 I chatty  : uid=10133 expire 1 line
01-03 20:26:14.440 21448 21528 I chatty  : uid=10133 expire 11 lines
01-03 20:26:14.454 21448 21537 I chatty  : uid=10133 expire 19 lines
01-03 20:26:31.522 21448 21561 I chatty  : uid=10133 expire 1 line
01-03 20:26:31.531 21448 21532 I chatty  : uid=10133 expire 1 line
01-03 20:26:31.532 21448 21531 I chatty  : uid=10133 expire 1 line
01-03 20:26:31.535 21448 21533 I chatty  : uid=10133 expire 1 line
01-03 20:26:31.536 21448 21553 I chatty  : uid=10133 expire 2 lines
01-03 20:26:31.536 21448 21448 I chatty  : uid=10133 expire 14 lines
01-03 20:26:31.541 21448 21586 I chatty  : uid=10133 expire 196 lines
01-03 20:26:36.974 21448 21597 I chatty  : uid=10133 expire 4 lines
01-03 20:26:37.009 21448 21598 I chatty  : uid=10133 expire 2 lines
01-03 20:26:37.060 21448 21599 I chatty  : uid=10133 expire 4 lines
01-03 20:26:38.069 21448 21600 I chatty  : uid=10133 expire 104 lines
01-03 20:26:41.775 21448 21529 I chatty  : uid=10133 expire 19 lines
01-03 20:26:44.879 21448 21604 I chatty  : uid=10133 expire 5 lines
01-03 20:26:44.892 21448 21537 I chatty  : uid=10133 expire 11 lines
01-03 20:26:44.997 21448 21601 I chatty  : uid=10133 expire 1 line
01-03 20:26:45.080 21448 21539 I chatty  : uid=10133 expire 7 lines
01-03 20:26:45.083 21448 21608 I chatty  : uid=10133 expire 9 lines
01-03 20:26:45.173 21448 21595 I chatty  : uid=10133 expire 1 line
01-03 20:26:45.174 21448 21594 I chatty  : uid=10133 expire 1 line
01-03 20:26:45.174 21448 21596 I chatty  : uid=10133 expire 1 line
01-03 20:27:06.551 21448 21593 I chatty  : uid=10133 expire 1 line
01-03 20:27:08.069 21448 21586 I chatty  : uid=10133 expire 1 line
01-03 20:27:32.463 21448 21600 I chatty  : uid=10133 expire 6 lines
01-03 20:27:32.474 21448 21614 I chatty  : uid=10133 expire 196 lines
01-03 20:27:37.903 21448 21621 I chatty  : uid=10133 expire 4 lines
01-03 20:27:37.942 21448 21622 I chatty  : uid=10133 expire 2 lines
01-03 20:27:37.995 21448 21623 I chatty  : uid=10133 expire 4 lines
01-03 20:27:38.963 21448 21624 I chatty  : uid=10133 expire 106 lines
01-03 20:27:38.972 21448 21537 I chatty  : uid=10133 expire 20 lines
01-03 20:27:39.580 21448 21528 I chatty  : uid=10133 expire 15 lines
01-03 20:27:42.533 21448 21448 I chatty  : uid=10133 expire 16 lines
01-03 20:27:53.691 21448 21631 I chatty  : uid=10133 expire 5 lines
01-03 20:27:53.808 21448 21626 I chatty  : uid=10133 expire 1 line
01-03 20:27:53.981 21448 21619 I chatty  : uid=10133 expire 1 line
01-03 20:27:53.983 21448 21618 I chatty  : uid=10133 expire 1 line
01-03 20:27:53.985 21448 21620 I chatty  : uid=10133 expire 1 line
01-03 20:28:07.487 21448 21617 I chatty  : uid=10133 expire 1 line
01-03 20:28:08.962 21448 21614 I chatty  : uid=10133 expire 1 line
01-03 20:30:11.850 21448 21528 I chatty  : uid=10133 expire 14 lines
01-03 20:30:11.856 21448 21624 I chatty  : uid=10133 expire 6 lines
01-03 20:30:11.865 21448 21646 I chatty  : uid=10133 expire 196 lines
01-03 20:30:16.892 21448 21537 I chatty  : uid=10133 expire 17 lines
01-03 20:30:17.302 21448 21653 I chatty  : uid=10133 expire 4 lines
01-03 20:30:17.336 21448 21654 I chatty  : uid=10133 expire 2 lines
01-03 20:30:17.380 21448 21655 I chatty  : uid=10133 expire 4 lines
01-03 20:30:18.369 21448 21656 I chatty  : uid=10133 expire 62 lines
01-03 20:30:19.542 21448 21529 I chatty  : uid=10133 expire 14 lines
01-03 20:30:30.952 21448 21661 I chatty  : uid=10133 expire 5 lines
01-03 20:30:30.973 21448 21537 I chatty  : uid=10133 expire 15 lines
01-03 20:30:31.071 21448 21656 I chatty  : uid=10133 expire 42 lines
01-03 20:30:31.077 21448 21658 I chatty  : uid=10133 expire 1 line
01-03 20:30:31.244 21448 21651 I chatty  : uid=10133 expire 1 line
01-03 20:30:31.246 21448 21650 I chatty  : uid=10133 expire 1 line
01-03 20:30:31.247 21448 21652 I chatty  : uid=10133 expire 1 line
01-03 20:30:46.877 21448 21649 I chatty  : uid=10133 expire 1 line
01-03 20:30:48.367 21448 21646 I chatty  : uid=10133 expire 1 line
01-03 20:31:38.218 21448 21656 I chatty  : uid=10133 expire 6 lines
01-03 20:31:38.225 21448 21666 I chatty  : uid=10133 expire 196 lines
01-03 20:31:43.656 21448 21673 I chatty  : uid=10133 expire 4 lines
01-03 20:31:43.694 21448 21674 I chatty  : uid=10133 expire 2 lines
01-03 20:31:43.726 21448 21675 I chatty  : uid=10133 expire 4 lines
01-03 20:31:44.715 21448 21542 I chatty  : uid=10133 expire 2 lines
01-03 20:31:44.715 21448 21676 I chatty  : uid=10133 expire 43 lines
01-03 20:31:44.733 21448 21537 I chatty  : uid=10133 expire 18 lines
01-03 20:31:45.339 21448 21529 I chatty  : uid=10133 expire 11 lines
01-03 20:31:45.340 21448 21528 I chatty  : uid=10133 expire 13 lines
01-03 20:31:48.283 21448 21448 I chatty  : uid=10133 expire 22 lines
01-03 20:31:51.455 21448 21686 I chatty  : uid=10133 expire 1 line
01-03 20:31:52.725 21448 21688 I chatty  : uid=10133 expire 1 line
01-03 20:32:04.698 21448 21678 I chatty  : uid=10133 expire 1 line
01-03 20:32:04.806 21448 21671 I chatty  : uid=10133 expire 1 line
01-03 20:32:04.806 21448 21670 I chatty  : uid=10133 expire 1 line
01-03 20:32:04.808 21448 21672 I chatty  : uid=10133 expire 1 line
01-03 20:32:07.202 21448 21666 I chatty  : uid=10133 expire 195 lines
01-03 20:32:11.896 21448 21529 I chatty  : uid=10133 expire 10 lines
01-03 20:32:11.897 21448 21528 I chatty  : uid=10133 expire 23 lines
01-03 20:32:12.210 21448 21448 I chatty  : uid=10133 expire 26 lines
01-03 20:32:12.215 21448 21537 I chatty  : uid=10133 expire 12 lines
01-03 20:32:12.625 21448 21698 I chatty  : uid=10133 expire 4 lines
01-03 20:32:12.661 21448 21699 I chatty  : uid=10133 expire 2 lines
01-03 20:32:12.688 21448 21700 I chatty  : uid=10133 expire 4 lines
01-03 20:32:13.653 21448 21701 I chatty  : uid=10133 expire 43 lines
01-03 20:32:42.212 21448 21669 I chatty  : uid=10133 expire 1 line
01-03 20:32:43.651 21448 21666 I chatty  : uid=10133 expire 1 line
01-03 20:33:05.013 21448 21537 I chatty  : uid=10133 expire 19 lines
01-03 20:33:06.722 21448 21707 I chatty  : uid=10133 expire 10 lines
01-03 20:33:06.728 21448 21709 I chatty  : uid=10133 expire 4 lines
01-03 20:33:06.729 21448 21708 I chatty  : uid=10133 expire 2 lines
01-03 20:33:36.729 21448 21707 I chatty  : uid=10133 expire 1 line
01-03 20:33:53.497 21448 21529 I chatty  : uid=10133 expire 8 lines
01-03 20:33:53.527 21448 21528 I chatty  : uid=10133 expire 9 lines
01-03 20:33:56.003 21448 21702 I chatty  : uid=10133 expire 1 line
01-03 20:33:56.112 21448 21696 I chatty  : uid=10133 expire 1 line
01-03 20:33:56.113 21448 21695 I chatty  : uid=10133 expire 1 line
01-03 20:33:56.115 21448 21697 I chatty  : uid=10133 expire 1 line
01-03 20:33:58.510 21448 21711 I chatty  : uid=10133 expire 196 lines
01-03 20:34:03.943 21448 21721 I chatty  : uid=10133 expire 2 lines
01-03 20:34:03.979 21448 21722 I chatty  : uid=10133 expire 1 line
01-03 20:34:04.035 21448 21723 I chatty  : uid=10133 expire 4 lines
01-03 20:34:05.039 21448 21724 I chatty  : uid=10133 expire 84 lines
01-03 20:34:05.052 21448 21537 I chatty  : uid=10133 expire 5 lines
01-03 20:34:07.845 21448 21727 I chatty  : uid=10133 expire 5 lines
01-03 20:34:07.963 21448 21725 I chatty  : uid=10133 expire 1 line
01-03 20:34:08.136 21448 21722 I chatty  : uid=10133 expire 1 line
01-03 20:34:08.137 21448 21724 I chatty  : uid=10133 expire 7 lines
01-03 20:34:08.140 21448 21721 I chatty  : uid=10133 expire 2 lines
01-03 20:34:08.140 21448 21724 I chatty  : uid=10133 expire 3 lines
01-03 20:34:08.141 21448 21719 I chatty  : uid=10133 expire 1 line
01-03 20:34:08.141 21448 21724 I chatty  : uid=10133 expire 3 lines
01-03 20:34:08.142 21448 21718 I chatty  : uid=10133 expire 1 line
01-03 20:34:08.143 21448 21724 I chatty  : uid=10133 expire 3 lines
01-03 20:34:08.143 21448 21720 I chatty  : uid=10133 expire 1 line
01-03 20:34:08.144 21448 21724 I chatty  : uid=10133 expire 5 lines
01-03 20:34:23.030 21448 21448 I chatty  : uid=10133 expire 1 line
01-03 20:34:33.529 21448 21717 I chatty  : uid=10133 expire 1 line
01-03 20:34:35.033 21448 21711 I chatty  : uid=10133 expire 1 line
01-03 20:34:59.587 21448 21448 I chatty  : uid=10133 expire 8 lines
01-03 20:34:59.607 21448 21724 I chatty  : uid=10133 expire 6 lines
01-03 20:34:59.609 21448 21448 I chatty  : uid=10133 expire 6 lines
01-03 20:34:59.615 21448 21537 I chatty  : uid=10133 expire 2 lines
01-03 20:35:00.115 21448 21448 I chatty  : uid=10133 expire 1 line
01-03 20:35:00.173 21754 21754 I chatty  : uid=10133 ps expire 9 lines
01-03 20:35:00.173 21754 21754 W ps      : type=1400 audit(0.0:9804): avc: denied { getattr } for uid=10133 path="/proc/5" dev="proc" ino=179082 scontext=u:r:untrusted_app:s0:c512,c768 tcontext=u:r:kernel:s0 tclass=dir permissive=0
01-03 20:35:00.173 21754 21754 W ps      : type=1400 audit(0.0:9805): avc: denied { search } for uid=10133 name="5" dev="proc" ino=179082 scontext=u:r:untrusted_app:s0:c512,c768 tcontext=u:r:kernel:s0 tclass=dir permissive=0
01-03 20:35:00.173 21754 21754 W ps      : type=1400 audit(0.0:9806): avc: denied { search } for uid=10133 name="5" dev="proc" ino=179082 scontext=u:r:untrusted_app:s0:c512,c768 tcontext=u:r:kernel:s0 tclass=dir permissive=0
01-03 20:35:00.173 21754 21754 W ps      : type=1400 audit(0.0:9807): avc: denied { getattr } for uid=10133 path="/proc/6" dev="proc" ino=179083 scontext=u:r:untrusted_app:s0:c512,c768 tcontext=u:r:kernel:s0 tclass=dir permissive=0
01-03 20:35:00.173 21754 21754 W ps      : type=1400 audit(0.0:9808): avc: denied { search } for uid=10133 name="6" dev="proc" ino=179083 scontext=u:r:untrusted_app:s0:c512,c768 tcontext=u:r:kernel:s0 tclass=dir permissive=0
01-03 20:35:00.173 21754 21754 W ps      : type=1400 audit(0.0:9809): avc: denied { search } for uid=10133 name="6" dev="proc" ino=179083 scontext=u:r:untrusted_app:s0:c512,c768 tcontext=u:r:kernel:s0 tclass=dir permissive=0
01-03 20:35:00.173 21754 21754 W ps      : type=1400 audit(0.0:9810): avc: denied { getattr } for uid=10133 path="/proc/7" dev="proc" ino=179084 scontext=u:r:untrusted_app:s0:c512,c768 tcontext=u:r:kernel:s0 tclass=dir permissive=0
01-03 20:35:00.173 21754 21754 W ps      : type=1400 audit(0.0:9811): avc: denied { search } for uid=10133 name="7" dev="proc" ino=179084 scontext=u:r:untrusted_app:s0:c512,c768 tcontext=u:r:kernel:s0 tclass=dir permissive=0
01-03 20:35:00.173 21754 21754 W ps      : type=1400 audit(0.0:9812): avc: denied { search } for uid=10133 name="7" dev="proc" ino=179084 scontext=u:r:untrusted_app:s0:c512,c768 tcontext=u:r:kernel:s0 tclass=dir permissive=0
01-03 20:35:00.173 21754 21754 W ps      : type=1400 audit(0.0:9813): avc: denied { getattr } for uid=10133 path="/proc/8" dev="proc" ino=179085 scontext=u:r:untrusted_app:s0:c512,c768 tcontext=u:r:kernel:s0 tclass=dir permissive=0
01-03 20:35:00.173 21754 21754 W ps      : type=1400 audit(0.0:9814): avc: denied { search } for uid=10133 name="8" dev="proc" ino=179085 scontext=u:r:untrusted_app:s0:c512,c768 tcontext=u:r:kernel:s0 tclass=dir permissive=0
01-03 20:35:00.203 21448 21448 V RobotCore: Killing PID 21468
01-03 20:35:00.324 21448 21448 V FTCService: onUnbind()
01-03 20:35:00.325 21448 21448 V WifiDirect: There are 1 Wifi Direct Assistant Clients (-)
01-03 20:35:00.327 21448 21448 V Robocol : EventLoopManager.close()
01-03 20:35:00.327 21448 21448 V ThreadPool: waiting for service ReceiveLoopService
01-03 20:35:00.336 21448 21529 V RobotCore: thread: ...terminating 'RecvLoopRunnable.run()'
01-03 20:35:00.336 21448 21448 V ThreadPool: awaitTermination returned, isTerminated=true
01-03 20:35:00.336 21448 21448 V ThreadPool: executive service ReceiveLoopService(0x0759cb62) is terminated
01-03 20:35:00.337 21448 21448 V PeerDiscovery: Stopping peer discovery
01-03 20:35:00.337 21448 21448 D Robocol : RobocolDatagramSocket is closed
01-03 20:35:00.338 21448 21448 V FTCService: onDestroy()
01-03 20:35:00.338 21448 21448 V WebServer: stopping port=8080
01-03 20:35:00.339 21448 21448 V WifiDirect: There are 0 Wifi Direct Assistant Clients (-)
01-03 20:35:00.339 21448 21448 V WifiDirect: Disabling Wifi Direct Assistant
01-03 20:35:00.339 21448 21448 V WifiDirectInviteMonitor: stopMonitoring()
01-03 20:35:00.340 21448 21448 V WebServer: stopped port=8080
01-03 20:35:00.341 21448 21448 V FtcRobotControllerWatchdogService: onDestroy()
01-03 20:35:00.341 21448 21448 I Choreographer: Skipped 43 frames!  The application may be doing too much work on its main thread.
01-03 20:36:10.947 21448 21454 I art     : Debugger is no longer active
01-03 20:36:21.720 21448 21454 I art     : Debugger is no longer active
01-03 20:39:13.541 21448 21448 V AppUtil : rootActivity=FtcRobotControllerActivity
01-03 20:39:13.541 21448 21448 V RCActivity: onCreate()
01-03 20:39:13.543 21448 21987 V RobotCore: saving logcat to /storage/emulated/0/robotControllerLog.txt
01-03 20:39:13.543 21448 21987 V RobotCore: logging command line: logcat -f /storage/emulated/0/robotControllerLog.txt -r4096 -n4 -v threadtime UsbRequestJNI:S UsbRequest:S *:V
01-03 20:39:13.556 21448 21448 V NetDiscover_name: doStart()...
01-03 20:39:13.557 21448 21448 V NetDiscover_name: ...doStart()
01-03 20:39:13.596 21990 21990 W ps      : type=1400 audit(0.0:11115): avc: denied { getattr } for uid=10133 path="/proc/1" dev="proc" ino=179079 scontext=u:r:untrusted_app:s0:c512,c768 tcontext=u:r:init:s0 tclass=dir permissive=0
01-03 20:39:13.596 21990 21990 W ps      : type=1400 audit(0.0:11116): avc: denied { search } for uid=10133 name="1" dev="proc" ino=179079 scontext=u:r:untrusted_app:s0:c512,c768 tcontext=u:r:init:s0 tclass=dir permissive=0
01-03 20:39:13.596 21990 21990 W ps      : type=1400 audit(0.0:11117): avc: denied { search } for uid=10133 name="1" dev="proc" ino=179079 scontext=u:r:untrusted_app:s0:c512,c768 tcontext=u:r:init:s0 tclass=dir permissive=0
01-03 20:39:13.596 21990 21990 W ps      : type=1400 audit(0.0:11118): avc: denied { getattr } for uid=10133 path="/proc/2" dev="proc" ino=179080 scontext=u:r:untrusted_app:s0:c512,c768 tcontext=u:r:kernel:s0 tclass=dir permissive=0
01-03 20:39:13.596 21990 21990 W ps      : type=1400 audit(0.0:11119): avc: denied { search } for uid=10133 name="2" dev="proc" ino=179080 scontext=u:r:untrusted_app:s0:c512,c768 tcontext=u:r:kernel:s0 tclass=dir permissive=0
01-03 20:39:13.596 21990 21990 W ps      : type=1400 audit(0.0:11120): avc: denied { search } for uid=10133 name="2" dev="proc" ino=179080 scontext=u:r:untrusted_app:s0:c512,c768 tcontext=u:r:kernel:s0 tclass=dir permissive=0
01-03 20:39:13.596 21990 21990 W ps      : type=1400 audit(0.0:11121): avc: denied { getattr } for uid=10133 path="/proc/3" dev="proc" ino=179081 scontext=u:r:untrusted_app:s0:c512,c768 tcontext=u:r:kernel:s0 tclass=dir permissive=0
01-03 20:39:13.596 21990 21990 W ps      : type=1400 audit(0.0:11122): avc: denied { search } for uid=10133 name="3" dev="proc" ino=179081 scontext=u:r:untrusted_app:s0:c512,c768 tcontext=u:r:kernel:s0 tclass=dir permissive=0
01-03 20:39:13.596 21990 21990 W ps      : type=1400 audit(0.0:11123): avc: denied { search } for uid=10133 name="3" dev="proc" ino=179081 scontext=u:r:untrusted_app:s0:c512,c768 tcontext=u:r:kernel:s0 tclass=dir permissive=0
01-03 20:39:13.596 21990 21990 W ps      : type=1400 audit(0.0:11124): avc: denied { getattr } for uid=10133 path="/proc/5" dev="proc" ino=179082 scontext=u:r:untrusted_app:s0:c512,c768 tcontext=u:r:kernel:s0 tclass=dir permissive=0
01-03 20:39:13.596 21990 21990 W ps      : type=1400 audit(0.0:11125): avc: denied { search } for uid=10133 name="5" dev="proc" ino=179082 scontext=u:r:untrusted_app:s0:c512,c768 tcontext=u:r:kernel:s0 tclass=dir permissive=0
01-03 20:39:13.596 21990 21990 W ps      : type=1400 audit(0.0:11126): avc: denied { search } for uid=10133 name="5" dev="proc" ino=179082 scontext=u:r:untrusted_app:s0:c512,c768 tcontext=u:r:kernel:s0 tclass=dir permissive=0
01-03 20:39:13.596 21990 21990 W ps      : type=1400 audit(0.0:11127): avc: denied { getattr } for uid=10133 path="/proc/6" dev="proc" ino=179083 scontext=u:r:untrusted_app:s0:c512,c768 tcontext=u:r:kernel:s0 tclass=dir permissive=0
01-03 20:39:13.596 21990 21990 W ps      : type=1400 audit(0.0:11128): avc: denied { search } for uid=10133 name="6" dev="proc" ino=179083 scontext=u:r:untrusted_app:s0:c512,c768 tcontext=u:r:kernel:s0 tclass=dir permissive=0
01-03 20:39:13.596 21990 21990 W ps      : type=1400 audit(0.0:11129): avc: denied { search } for uid=10133 name="6" dev="proc" ino=179083 scontext=u:r:untrusted_app:s0:c512,c768 tcontext=u:r:kernel:s0 tclass=dir permissive=0
01-03 20:39:13.596 21990 21990 W ps      : type=1400 audit(0.0:11130): avc: denied { getattr } for uid=10133 path="/proc/7" dev="proc" ino=179084 scontext=u:r:untrusted_app:s0:c512,c768 tcontext=u:r:kernel:s0 tclass=dir permissive=0
01-03 20:39:13.596 21990 21990 W ps      : type=1400 audit(0.0:11131): avc: denied { search } for uid=10133 name="7" dev="proc" ino=179084 scontext=u:r:untrusted_app:s0:c512,c768 tcontext=u:r:kernel:s0 tclass=dir permissive=0
01-03 20:39:13.596 21990 21990 W ps      : type=1400 audit(0.0:11132): avc: denied { search } for uid=10133 name="7" dev="proc" ino=179084 scontext=u:r:untrusted_app:s0:c512,c768 tcontext=u:r:kernel:s0 tclass=dir permissive=0
01-03 20:39:13.600 21990 21990 W ps      : type=1400 audit(0.0:11133): avc: denied { getattr } for uid=10133 path="/proc/8" dev="proc" ino=179085 scontext=u:r:untrusted_app:s0:c512,c768 tcontext=u:r:kernel:s0 tclass=dir permissive=0
01-03 20:39:13.600 21990 21990 W ps      : type=1400 audit(0.0:11134): avc: denied { search } for uid=10133 name="8" dev="proc" ino=179085 scontext=u:r:untrusted_app:s0:c512,c768 tcontext=u:r:kernel:s0 tclass=dir permissive=0
01-03 20:39:13.649 21448 21448 V OnBotJava: getCurrentOutputJarDir() unavailable
01-03 20:39:13.649 21448 21448 V OnBotJava: getCurrentOutputJarDir() unavailable
01-03 20:39:16.232 21448 21448 W FileObserverManager: upgrading mask: path=/storage/emulated/0/FIRST/java/status/buildStarted.txt old=0x00000ffc new=0x00000ffe: might possibly miss event
01-03 20:39:16.233 21448 21448 W FileObserverManager: upgrading mask: path=/storage/emulated/0/FIRST/java/status/buildComplete.txt old=0x00000ffc new=0x00000ffe: might possibly miss event
01-03 20:39:16.234 21448 21448 V RobotCore: Network: inactive, disconnected
01-03 20:39:16.234 21448 21448 V ServiceStarter: attempting to start service FtcRobotControllerWatchdogService
01-03 20:39:16.236 21448 21448 V ServiceStarter: started service FtcRobotControllerWatchdogService
01-03 20:39:16.241 21448 21448 V RobotCore: BuildConfig: versionCode=25 versionName=3.5 module=com.qualcomm.ftcrobotcontroller
01-03 20:39:16.241 21448 21448 V RobotCore: BuildConfig: versionCode=37 versionName=5.15 module=com.qualcomm.robotcore
01-03 20:39:16.241 21448 21448 V RobotCore: BuildConfig: versionCode=37 versionName=5.15 module=com.qualcomm.hardware
01-03 20:39:16.241 21448 21448 V RobotCore: BuildConfig: versionCode=37 versionName=5.15 module=com.qualcomm.ftccommon
01-03 20:39:16.241 21448 21448 V RobotCore: BuildConfig: versionCode=37 versionName=5.15 module=com.google.blocks
01-03 20:39:16.241 21448 21448 V RobotCore: BuildConfig: versionCode=37 versionName=5.15 module=org.firstinspires.inspection
01-03 20:39:16.241 21448 21448 V RCActivity: onStart()
01-03 20:39:16.242 21448 21448 V RCActivity: onResume()
01-03 20:39:16.246 21448 21448 V FtcRobotControllerWatchdogService: onCreate()
01-03 20:39:16.247 21448 21448 V FtcRobotControllerWatchdogService: onStartCommand() intent=Intent { cmp=com.qualcomm.ftcrobotcontroller/org.firstinspires.ftc.ftccommon.internal.FtcRobotControllerWatchdogService } flags=0x0 startId=1
01-03 20:39:16.247 21448 21448 V FtcRobotControllerWatchdogService: shouldAutoLauchRobotController() result=false
01-03 20:39:16.247 21448 21448 V WebServer: creating NanoHTTPD(8080)
01-03 20:39:16.247 21448 21448 V FTCService: onCreate()
01-03 20:39:16.247 21448 21448 V FTCService: onBind()
01-03 20:39:16.247 21448 21448 V FTCService: Android Device: maker=motorola model=XT1609 sdk=23
01-03 20:39:16.249 21448 21448 V RobotCore: Getting network assistant of type: WIFIDIRECT
01-03 20:39:16.249 21448 21448 V WifiDirect: There are 1 Wifi Direct Assistant Clients (+)
01-03 20:39:16.249 21448 21448 V WifiDirect: Enabling Wifi Direct Assistant
01-03 20:39:16.250 21448 21448 V WifiDirectInviteMonitor: startMonitoring()
01-03 20:39:16.284 21448 21448 D WifiDirect: broadcast: state - enabled: true
01-03 20:39:16.284 21448 21448 D WifiDirect: broadcast: connection changed: connectStatus=NOT_CONNECTED networkInfo.state=CONNECTED
01-03 20:39:16.285 21448 21448 D WifiDirect: broadcast: this device changed
01-03 20:39:16.285 21448 21448 V WifiDirect: device information: 12611-RC 80:58:f8:58:99:a3
01-03 20:39:16.285 21448 21448 D WifiDirect: cannot create group, does group already exist?
01-03 20:39:16.285 21448 21448 V FTCService: RCActivity.controllerService=bound
01-03 20:39:16.285 21448 21448 V RobotCore: Network: unknown, disconnected
01-03 20:39:16.285 21448 21448 V RobotCore: Robot Status: stopped
01-03 20:39:16.289 21448 21448 V ThreadPool: container(0x0248a1c4: default threadpool) added id=1558 TID=0 count=1
01-03 20:39:16.292 21448 21995 V RobotCore: thread: 'RobotSetupRunnable.run()' starting...
01-03 20:39:16.292 21448 21995 V FTCService: Processing robot setup
01-03 20:39:16.292 21448 21995 V RobotCore: Robot Status: stopped, scanning for USB devices
01-03 20:39:16.311 21448 21448 D WifiDirect: group owners address: /192.168.49.1
01-03 20:39:16.311 21448 21448 D WifiDirect: group formed, this device is the group owner (GO)
01-03 20:39:16.311 21448 21448 I FTCService: Wifi Direct - connected as group owner
01-03 20:39:16.317 21448 21448 V RobotCore: Network: enabled, disconnected
01-03 20:39:16.355 21448 21448 V WifiDirect: connection information available
01-03 20:39:16.355 21448 21448 V WifiDirect: connection information - groupOwnerName = 12611-RC
01-03 20:39:16.355 21448 21448 V WifiDirect: connection information - groupOwnerMacAddress = 80:58:f8:58:99:a3
01-03 20:39:16.355 21448 21448 V WifiDirect: connection information - groupInterface = p2p0
01-03 20:39:16.355 21448 21448 V WifiDirect: connection information - groupNetworkName = DIRECT-yh-12611-RC
01-03 20:39:16.355 21448 21448 I FTCService: Network Connection Passphrase: 31hLkFft
01-03 20:39:16.355 21448 21448 V WebServer: starting port=8080
01-03 20:39:16.366 21448 21448 V RobotCore: Getting network assistant of type: WIFIDIRECT
01-03 20:39:16.366 21448 21448 V WifiDirect: There are 2 Wifi Direct Assistant Clients (+)
01-03 20:39:16.366 21448 21448 V WebServer: started port=8080
01-03 20:39:16.366 21448 21448 V RobotCore: Network: active, disconnected
01-03 20:39:19.203 21448 21448 V RCActivity: onPause()
01-03 20:39:19.214 21448 21448 V FtcConfigTag: FtcLoadFileActivity started
01-03 20:39:19.715 21448 21448 V RCActivity: onStop()
01-03 20:39:20.394 21448 21448 V FtcConfigTag: onCreate()
01-03 20:39:20.412 21448 21448 V ThreadPool: container(0x056588fa: USBScanManager) added id=1560 TID=0 count=1
01-03 20:39:20.413 21448 22004 V FtcConfigTag: scanning USB bus...
01-03 20:39:20.414 21448 22004 V FtDeviceManager: createDeviceInfoList(): 0 USB devices
01-03 20:39:20.414 21448 22004 V USBScan : device count=0
01-03 20:39:20.414 21448 22004 V USBScan : scanForUsbDevices() took 0ms count=0
01-03 20:39:20.414 21448 22004 V FtcConfigTag: .. scanning complete: []
01-03 20:39:20.415 21448 21448 V ReadXMLFileHandler: handleLynxModule() mod#=2...
01-03 20:39:20.415 21448 21448 V ConfigurationUtility: buildEmptyLynxModule() mod#=2...
01-03 20:39:20.415 21448 21448 V ConfigurationUtility: ...buildEmptyLynxModule() mod#=2
01-03 20:39:20.416 21448 21448 V ReadXMLFileHandler: ...handleLynxModule() mod#=2
01-03 20:39:20.416 21448 21448 V ReadXMLFileHandler: handleLynxModule() mod#=3...
01-03 20:39:20.416 21448 21448 V ConfigurationUtility: buildEmptyLynxModule() mod#=3...
01-03 20:39:20.416 21448 21448 V ConfigurationUtility: ...buildEmptyLynxModule() mod#=3
01-03 20:39:20.416 21448 21448 V ReadXMLFileHandler: ...handleLynxModule() mod#=3
01-03 20:39:21.292 21448 21995 V RobotCore: EventLoopManager state is NOT_STARTED
01-03 20:39:21.293 21448 21995 V RobotCore: Robot Status: stopped, waiting for Wifi to enable
01-03 20:39:21.293 21448 21995 V RobotCore: Robot Status: stopped, waiting for Wifi Direct to enable
01-03 20:39:21.293 21448 21995 V RobotCore: Robot Status: stopped, waiting for network to become active
01-03 20:39:21.293 21448 21995 V RobotCore: Robot Status: stopped, starting robot
01-03 20:39:21.293 21448 21995 V Robocol : EventLoopManager.start()
01-03 20:39:21.294 21448 21995 V Robocol : Spoofing a Network Connection event...
01-03 20:39:21.294 21448 21995 V ThreadPool: executive service EventLoop(0x0679bad9) is terminated
01-03 20:39:21.294 21448 21995 V RobotCore: EventLoopManager state is STOPPED
01-03 20:39:21.297 21448 22006 V RobotCore: thread: 'SetupRunnable.run()' starting...
01-03 20:39:21.299 21448 21995 V Robocol : eventLoop=FtcEventLoop
01-03 20:39:21.299 21448 21995 V RobotCore: EventLoopManager state is INIT
01-03 20:39:21.299 21448 21995 V RobotCore: Robot Status: initializing, starting robot
01-03 20:39:21.299 21448 21995 I FtcEventLoop: ======= INIT START =======
01-03 20:39:21.300 21448 21995 V OpmodeRegistration: registered {DefaultOpMode} as {$Stop$Robot$}
01-03 20:39:21.303 21448 21995 V FileBasedLock: locked /storage/emulated/0/FIRST/blocks/projectslock/lock.dat
01-03 20:39:21.303 21448 21995 V ThreadPool: container(0x0248a1c4: default threadpool) added id=1562 TID=0 count=2
01-03 20:39:21.304 21448 21995 V FileBasedLock: unlocking /storage/emulated/0/FIRST/blocks/projectslock/lock.dat
01-03 20:39:21.309 21448 21448 D WifiDirect: cannot create group, does group already exist?
01-03 20:39:21.309 21448 21995 V OpmodeRegistration: registered {SensorTest} as {Sensor Test}
01-03 20:39:21.309 21448 21995 V OpmodeRegistration: registered {RelicRecoveryTileRunnerTeleOpsLinear} as {TileRunner TeleOps (Linear)}
01-03 20:39:21.310 21448 21995 V OpmodeRegistration: registered {SensorMRRangeColorSensor} as {Sensor: MR range & Color sensor}
01-03 20:39:21.310 21448 21995 V OpmodeRegistration: registered {RelicRecoveryAutoRed1} as {Auto Red 1}
01-03 20:39:21.311 21448 21995 V OpmodeRegistration: registered {RelicRecoveryTeleOpsLinear} as {Relic Recovery TeleOps (Linear)}
01-03 20:39:21.311 21448 21995 V OpmodeRegistration: registered {RelicRecoveryAutoRed2} as {Auto Red 2}
01-03 20:39:21.312 21448 21995 V OpmodeRegistration: registered {RelicRecoveryAutoTest} as {Auto Test}
01-03 20:39:21.312 21448 21995 V OpmodeRegistration: registered {TestGlyphCollector} as {Test Glyph Pickup}
01-03 20:39:21.313 21448 21995 V OpmodeRegistration: registered {SensorREVColorDistance} as {Sensor: REVColorDistance}
01-03 20:39:21.313 21448 21995 V OpmodeRegistration: registered {RelicRecoveryAutoBlue1} as {Auto Blue 1}
01-03 20:39:21.314 21448 21995 V OpmodeRegistration: registered {RelicRecoveryAutoBlue2} as {Auto Blue 2}
01-03 20:39:21.324 21448 22006 D Robocol : RobocolDatagramSocket listening addr=/192.168.49.1:20884 cbRec=65520 cbSend=163840 msRecTO=300
01-03 20:39:21.324 21448 22006 V Robocol : RecvLoopRunnable created
01-03 20:39:21.325 21448 22006 V PeerDiscovery: Starting peer discovery
01-03 20:39:21.325 21448 22006 V PeerDiscovery: No need for peer discovery, we are the peer discovery device
01-03 20:39:21.325 21448 22006 V RobotCore: Setup complete
01-03 20:39:21.325 21448 22006 V RobotCore: thread: ...terminating 'SetupRunnable.run()'
01-03 20:39:21.327 21448 22009 V RobotCore: thread: 'RecvLoopRunnable.run()' starting...
01-03 20:39:21.341 21448 21995 V HardwareFactory: createHardwareMap()
01-03 20:39:21.341 21448 21995 V WifiDirectInviteMonitor: clearUILynxModule()
01-03 20:39:21.342 21448 21448 I BatteryChecker: percent remaining: 90 is charging: true
01-03 20:39:21.343 21448 21995 V ReadXMLFileHandler: handleLynxModule() mod#=2...
01-03 20:39:21.343 21448 21995 V ConfigurationUtility: buildEmptyLynxModule() mod#=2...
01-03 20:39:21.343 21448 21995 V ConfigurationUtility: ...buildEmptyLynxModule() mod#=2
01-03 20:39:21.344 21448 21995 V ReadXMLFileHandler: ...handleLynxModule() mod#=2
01-03 20:39:21.344 21448 21995 V ReadXMLFileHandler: handleLynxModule() mod#=3...
01-03 20:39:21.344 21448 21995 V ConfigurationUtility: buildEmptyLynxModule() mod#=3...
01-03 20:39:21.344 21448 21995 V ConfigurationUtility: ...buildEmptyLynxModule() mod#=3
01-03 20:39:21.344 21448 21995 V ReadXMLFileHandler: ...handleLynxModule() mod#=3
01-03 20:39:21.345 21448 21995 V RobotCore: Creating REV Robotics USB Expansion Hub Portal [DQ143RN2]
01-03 20:39:21.345 21448 21995 V LynxUsb : creating new [DQ143RN2]: 0x0a81989b
01-03 20:39:21.346 21448 21995 V FtDeviceManager: createDeviceInfoList(): 0 USB devices
01-03 20:39:21.346 21448 21995 W System.err: unable to find lynx USB device with serial number DQ143RN2
01-03 20:39:21.346 21448 21995 E LynxUsb : exception RobotCoreException(unable to find lynx USB device with serial number DQ143RN2): exception arming DQ143RN2 [com.qualcomm.hardware.lynx.LynxUsbUtil.logMessageAndThrow(LynxUsbUtil.java:108)]
01-03 20:39:21.346 21448 21995 V LynxUsb : doPretend() serial=DQ143RN2
01-03 20:39:21.347 21448 21995 V LynxUsb : 0x088f6438 on 0x0a81989b: new delegate to [DQ143RN2]
01-03 20:39:21.347 21448 21995 V RobotCore: Creating Lynx Module - mod=2 parent=false
01-03 20:39:21.347 21448 21995 V RobotCore: Creating Lynx Module - mod=3 parent=true
01-03 20:39:21.347 21448 21995 V LynxUsb : addConfiguredModule() module#=3
01-03 20:39:21.347 21448 21995 V LynxModule: pingAndQueryKnownInterfaces mod=3
01-03 20:39:21.347 21448 21995 V LynxModule: queryInterface(DEKA)=0 commands
01-03 20:39:21.347 21448 21995 V LynxModule: mod#=3 intf=DEKA: expected 53 commands; found 0
01-03 20:39:21.347 21448 21995 V LynxModule: sendLEDPatternSteps(): #steps=8
01-03 20:39:21.347 21448 21995 V LynxUsb : addConfiguredModule() module#=2
01-03 20:39:21.347 21448 21995 V LynxModule: pingAndQueryKnownInterfaces mod=2
01-03 20:39:21.348 21448 21995 V LynxModule: queryInterface(DEKA)=0 commands
01-03 20:39:21.348 21448 21995 V LynxModule: mod#=2 intf=DEKA: expected 53 commands; found 0
01-03 20:39:21.348 21448 21995 V LynxModule: sendLEDPatternSteps(): #steps=6
01-03 20:39:21.348 21448 21995 V LynxMotor: initializeHardware() mod#=2
01-03 20:39:21.349 21448 21995 V RobotCore: DcMotorImpl(type=NeveRest20Gearmotor)
01-03 20:39:21.349 21448 21995 V RobotCore: DcMotorImpl(type=NeveRest40Gearmotor)
01-03 20:39:21.349 21448 21995 V RobotCore: DcMotorImpl(type=NeveRest40Gearmotor)
01-03 20:39:21.349 21448 21995 V LynxServoController: initializeHardware() mod#=2
01-03 20:39:21.349 21448 21995 V LynxVoltageSensor: initializeHardware() mod#=2
01-03 20:39:21.350 21448 21995 V LynxPwmOutputController: initializeHardware() mod#=2
01-03 20:39:21.350 21448 21995 V LynxAnalogInputController: initializeHardware() mod#=2
01-03 20:39:21.350 21448 21995 V LynxDigitalChannelController: initializeHardware() mod#=2
01-03 20:39:21.350 21448 21995 V RobotCore: Creating Lynx Color/Range Sensor - mod=2 bus=1
01-03 20:39:21.350 21448 21995 I RobotCore: LynxFirmwareVersionManager: LynxI2cDeviceSynchV1
01-03 20:39:21.350 21448 21995 V LynxI2cDeviceSynch: initializeHardware() mod#=2
01-03 20:39:21.350 21448 21995 V AMSColorSensorImpl: internalInitialize()...
01-03 20:39:21.350 21448 21995 V AMSColorSensorImpl: ...internalInitialize()
01-03 20:39:21.350 21448 21995 V LynxI2cDeviceSynch: engaging mod#=2
01-03 20:39:21.350 21448 21995 V RobotCore: Creating Lynx Color/Range Sensor - mod=2 bus=2
01-03 20:39:21.350 21448 21995 I RobotCore: LynxFirmwareVersionManager: LynxI2cDeviceSynchV1
01-03 20:39:21.351 21448 21995 V LynxI2cDeviceSynch: initializeHardware() mod#=2
01-03 20:39:21.351 21448 21995 V AMSColorSensorImpl: internalInitialize()...
01-03 20:39:21.351 21448 21995 V AMSColorSensorImpl: ...internalInitialize()
01-03 20:39:21.351 21448 21995 V LynxI2cDeviceSynch: engaging mod#=2
01-03 20:39:21.351 21448 21995 V LynxMotor: initializeHardware() mod#=3
01-03 20:39:21.352 21448 21995 V RobotCore: DcMotorImpl(type=NeveRest40Gearmotor)
01-03 20:39:21.352 21448 21995 V RobotCore: DcMotorImpl(type=NeveRest40Gearmotor)
01-03 20:39:21.352 21448 21995 V RobotCore: DcMotorImpl(type=NeveRest40Gearmotor)
01-03 20:39:21.352 21448 21995 V RobotCore: DcMotorImpl(type=NeveRest40Gearmotor)
01-03 20:39:21.352 21448 21995 V LynxServoController: initializeHardware() mod#=3
01-03 20:39:21.352 21448 21995 V LynxVoltageSensor: initializeHardware() mod#=3
01-03 20:39:21.352 21448 21995 V LynxPwmOutputController: initializeHardware() mod#=3
01-03 20:39:21.353 21448 21995 V LynxAnalogInputController: initializeHardware() mod#=3
01-03 20:39:21.353 21448 21995 V RobotCore: Creating Analog Input Device - Port: 1
01-03 20:39:21.353 21448 21995 V LynxDigitalChannelController: initializeHardware() mod#=3
01-03 20:39:21.353 21448 21995 V RobotCore: Creating user sensor REV Expansion Hub IMU - on Lynx module=3 bus=0
01-03 20:39:21.353 21448 21995 V RobotCore: Creating I2cDeviceSynch (Lynx) - mod=3 bus=0
01-03 20:39:21.353 21448 21995 I RobotCore: LynxFirmwareVersionManager: LynxI2cDeviceSynchV1
01-03 20:39:21.353 21448 21995 V LynxI2cDeviceSynch: initializeHardware() mod#=3
01-03 20:39:21.353 21448 21995 V RobotCore: Creating user sensor MR Range Sensor - on Lynx module=3 bus=1
01-03 20:39:21.353 21448 21995 V RobotCore: Creating I2cDeviceSynch (Lynx) - mod=3 bus=1
01-03 20:39:21.353 21448 21995 I RobotCore: LynxFirmwareVersionManager: LynxI2cDeviceSynchV1
01-03 20:39:21.353 21448 21995 V LynxI2cDeviceSynch: initializeHardware() mod#=3
01-03 20:39:21.354 21448 21995 V RobotCore: Creating user sensor MR Range Sensor - on Lynx module=3 bus=2
01-03 20:39:21.354 21448 21995 V RobotCore: Creating I2cDeviceSynch (Lynx) - mod=3 bus=2
01-03 20:39:21.354 21448 21995 I RobotCore: LynxFirmwareVersionManager: LynxI2cDeviceSynchV1
01-03 20:39:21.354 21448 21995 V LynxI2cDeviceSynch: initializeHardware() mod#=3
01-03 20:39:21.354 21448 21995 I RobotCore: ========= Device Information ===================================================
01-03 20:39:21.354 21448 21995 I RobotCore: Type                                               Name                           Connection
01-03 20:39:21.354 21448 21995 I RobotCore: Motor                                              rr                             USB DQ143RN2; module 3; port 3
01-03 20:39:21.354 21448 21995 I RobotCore: Servo                                              relicElbow                     USB DQ143RN2; module 3; port 2
01-03 20:39:21.354 21448 21995 I RobotCore: Motor                                              glyphLift                      USB DQ143RN2; module 2; port 2
01-03 20:39:21.354 21448 21995 I RobotCore: Servo                                              relicClaw                      USB DQ143RN2; module 3; port 1
01-03 20:39:21.354 21448 21995 I RobotCore: Motor                                              lr                             USB DQ143RN2; module 3; port 2
01-03 20:39:21.354 21448 21995 I RobotCore: Servo                                              lowerRightGripper              USB DQ143RN2; module 3; port 4
01-03 20:39:21.355 21448 21995 I RobotCore: REV Robotics USB Expansion Hub Portal              Expansion Hub Portal 1         USB DQ143RN2
01-03 20:39:21.355 21448 21995 I RobotCore: Servo                                              longArm                        USB DQ143RN2; module 2; port 5
01-03 20:39:21.355 21448 21995 I RobotCore: Servo                                              glyphHolder                    USB DQ143RN2; module 2; port 2
01-03 20:39:21.355 21448 21995 I RobotCore: Analog Input                                       range                          USB DQ143RN2; module 3; analog port 1
01-03 20:39:21.355 21448 21995 I RobotCore: Motor                                              led                            USB DQ143RN2; module 2; port 3
01-03 20:39:21.355 21448 21995 I RobotCore: Servo                                              upperLeftGripper               USB DQ143RN2; module 2; port 0
01-03 20:39:21.355 21448 21995 I RobotCore: Modern Robotics Range Sensor v0.0                  x2Range                        USB DQ143RN2; module 3; bus 2; addr7=0x14
01-03 20:39:21.356 21448 21995 I RobotCore: Expansion Hub DC Motor Controller                  Expansion Hub 3                USB DQ143RN2; module 3
01-03 20:39:21.356 21448 21995 I RobotCore: Expansion Hub Servo Controller                     Expansion Hub 3                USB DQ143RN2; module 3
01-03 20:39:21.356 21448 21995 I RobotCore: Expansion Hub Voltage Sensor                       Expansion Hub 3                USB DQ143RN2; module 3
01-03 20:39:21.356 21448 21995 I RobotCore: Expansion Hub Pwm Controller                       Expansion Hub 3                USB DQ143RN2; module 3
01-03 20:39:21.356 21448 21995 I RobotCore: Expansion Hub Analog Input Controller              Expansion Hub 3                USB DQ143RN2; module 3
01-03 20:39:21.356 21448 21995 I RobotCore: Expansion Hub Digital Channel Controller           Expansion Hub 3                USB DQ143RN2; module 3
01-03 20:39:21.356 21448 21995 I RobotCore: Expansion Hub (unknown firmware)                   Expansion Hub 3                USB DQ143RN2; module 3
01-03 20:39:21.356 21448 21995 I RobotCore: Expansion Hub DC Motor Controller                  Expansion Hub 2                USB DQ143RN2; module 2
01-03 20:39:21.356 21448 21995 I RobotCore: Expansion Hub Servo Controller                     Expansion Hub 2                USB DQ143RN2; module 2
01-03 20:39:21.356 21448 21995 I RobotCore: Expansion Hub Voltage Sensor                       Expansion Hub 2                USB DQ143RN2; module 2
01-03 20:39:21.357 21448 21995 I RobotCore: Expansion Hub Pwm Controller                       Expansion Hub 2                USB DQ143RN2; module 2
01-03 20:39:21.357 21448 21995 I RobotCore: Expansion Hub Analog Input Controller              Expansion Hub 2                USB DQ143RN2; module 2
01-03 20:39:21.357 21448 21995 I RobotCore: Expansion Hub Digital Channel Controller           Expansion Hub 2                USB DQ143RN2; module 2
01-03 20:39:21.357 21448 21995 I RobotCore: Expansion Hub (unknown firmware)                   Expansion Hub 2                USB DQ143RN2; module 2
01-03 20:39:21.357 21448 21995 I RobotCore: REV Expansion Hub IMU                              imu                            USB DQ143RN2; module 3; bus 0; addr7=0x00
