01-03 20:49:25.401 22684 22684 V NetDiscover_prefremrc: onSharedPreferenceChanged(name=pref_wifip2p_groupowner_connectedto, value=null)
01-03 20:49:25.401 22684 22684 V WifiDirect: There are 1 Wifi Direct Assistant Clients (+)
01-03 20:49:25.401 22684 22684 V WifiDirect: Enabling Wifi Direct Assistant
01-03 20:49:25.402 22684 22684 V WifiDirectInviteMonitor: startMonitoring()
01-03 20:49:25.441 22684 22731 I OpenGLRenderer: Initialized EGL, version 1.4
01-03 20:49:25.456 22684 22684 D WifiDirect: broadcast: state - enabled: true
01-03 20:49:25.456 22684 22684 D WifiDirect: broadcast: connection changed: connectStatus=NOT_CONNECTED networkInfo.state=CONNECTED
01-03 20:49:25.456 22684 22684 V WifiDirect: writing pref name=pref_wifip2p_groupowner_connectedto value=
01-03 20:49:25.457 22684 22684 V NetDiscover_prefremrc: onSharedPreferenceChanged(name=pref_wifip2p_groupowner_connectedto, value=)
01-03 20:49:25.457 22684 22684 D WifiDirect: broadcast: this device changed
01-03 20:49:25.457 22684 22684 V WifiDirect: device information: 12611-RC 80:58:f8:58:99:a3
01-03 20:49:25.457 22684 22684 D WifiDirect: cannot create group, does group already exist?
01-03 20:49:25.457 22684 22684 V FTCService: RCActivity.controllerService=bound
01-03 20:49:25.457 22684 22684 V RobotCore: Network: unknown, disconnected
01-03 20:49:25.458 22684 22684 V RobotCore: Robot Status: stopped
01-03 20:49:25.465 22684 22684 V ThreadPool: container(0x0248a1c4: default threadpool) added id=1555 TID=0 count=1
01-03 20:49:25.466 22684 22735 V RobotCore: thread: 'RobotSetupRunnable.run()' starting...
01-03 20:49:25.466 22684 22735 V FTCService: Processing robot setup
01-03 20:49:25.467 22684 22735 V RobotCore: Robot Status: stopped, scanning for USB devices
01-03 20:49:25.527 22684 22684 D WifiDirect: group owners address: /192.168.49.1
01-03 20:49:25.527 22684 22684 D WifiDirect: group formed, this device is the group owner (GO)
01-03 20:49:25.527 22684 22684 I FTCService: Wifi Direct - connected as group owner
01-03 20:49:25.533 22684 22684 V RobotCore: Network: enabled, disconnected
01-03 20:49:25.575 22684 22684 V WifiDirect: connection information available
01-03 20:49:25.575 22684 22684 V WifiDirect: connection information - groupOwnerName = 12611-RC
01-03 20:49:25.575 22684 22684 V WifiDirect: connection information - groupOwnerMacAddress = 80:58:f8:58:99:a3
01-03 20:49:25.575 22684 22684 V WifiDirect: connection information - groupInterface = p2p0
01-03 20:49:25.575 22684 22684 V WifiDirect: connection information - groupNetworkName = DIRECT-yh-12611-RC
01-03 20:49:25.575 22684 22684 I FTCService: Network Connection Passphrase: 31hLkFft
01-03 20:49:25.575 22684 22684 V WebServer: starting port=8080
01-03 20:49:25.586 22684 22684 V RobotCore: Getting network assistant of type: WIFIDIRECT
01-03 20:49:25.586 22684 22684 V WifiDirect: There are 2 Wifi Direct Assistant Clients (+)
01-03 20:49:25.586 22684 22684 V WebServer: started port=8080
01-03 20:49:25.586 22684 22684 V RobotCore: Network: active, disconnected
01-03 20:49:30.467 22684 22735 V RobotCore: EventLoopManager state is NOT_STARTED
01-03 20:49:30.468 22684 22735 V RobotCore: Robot Status: stopped, waiting for Wifi to enable
01-03 20:49:30.469 22684 22735 V RobotCore: Robot Status: stopped, waiting for Wifi Direct to enable
01-03 20:49:30.470 22684 22735 V RobotCore: Robot Status: stopped, waiting for network to become active
01-03 20:49:30.470 22684 22735 V RobotCore: Robot Status: stopped, starting robot
01-03 20:49:30.470 22684 22735 V Robocol : EventLoopManager.start()
01-03 20:49:30.470 22684 22735 V RobotCore: Getting network assistant of type: WIFIDIRECT
01-03 20:49:30.470 22684 22735 V Robocol : Spoofing a Network Connection event...
01-03 20:49:30.471 22684 22735 V ThreadPool: executive service EventLoop(0x0444ab53) is terminated
01-03 20:49:30.471 22684 22735 V RobotCore: EventLoopManager state is STOPPED
01-03 20:49:30.472 22684 22735 V Robocol : eventLoop=FtcEventLoop
01-03 20:49:30.472 22684 22735 V RobotCore: EventLoopManager state is INIT
01-03 20:49:30.472 22684 22735 V RobotCore: Robot Status: initializing, starting robot
01-03 20:49:30.472 22684 22735 I FtcEventLoop: ======= INIT START =======
01-03 20:49:30.472 22684 22747 V RobotCore: thread: 'SetupRunnable.run()' starting...
01-03 20:49:30.473 22684 22735 V OpmodeRegistration: registered {DefaultOpMode} as {$Stop$Robot$}
01-03 20:49:30.476 22684 22735 V FileBasedLock: locked /storage/emulated/0/FIRST/blocks/projectslock/lock.dat
01-03 20:49:30.476 22684 22735 V ThreadPool: container(0x0248a1c4: default threadpool) added id=1560 TID=0 count=2
01-03 20:49:30.477 22684 22735 V FileBasedLock: unlocking /storage/emulated/0/FIRST/blocks/projectslock/lock.dat
01-03 20:49:30.484 22684 22735 V OpmodeRegistration: registered {SensorTest} as {Sensor Test}
01-03 20:49:30.485 22684 22735 V OpmodeRegistration: registered {RelicRecoveryTileRunnerTeleOpsLinear} as {TileRunner TeleOps (Linear)}
01-03 20:49:30.485 22684 22735 V OpmodeRegistration: registered {SensorMRRangeColorSensor} as {Sensor: MR range & Color sensor}
01-03 20:49:30.486 22684 22735 V OpmodeRegistration: registered {RelicRecoveryAutoRed1} as {Auto Red 1}
01-03 20:49:30.487 22684 22735 V OpmodeRegistration: registered {RelicRecoveryTeleOpsLinear} as {Relic Recovery TeleOps (Linear)}
01-03 20:49:30.489 22684 22735 V OpmodeRegistration: registered {RelicRecoveryAutoRed2} as {Auto Red 2}
01-03 20:49:30.490 22684 22735 V OpmodeRegistration: registered {RelicRecoveryAutoTest} as {Auto Test}
01-03 20:49:30.491 22684 22735 V OpmodeRegistration: registered {TestGlyphCollector} as {Test Glyph Pickup}
01-03 20:49:30.492 22684 22735 V OpmodeRegistration: registered {SensorREVColorDistance} as {Sensor: REVColorDistance}
01-03 20:49:30.492 22684 22735 V OpmodeRegistration: registered {RelicRecoveryAutoBlue1} as {Auto Blue 1}
01-03 20:49:30.493 22684 22735 V OpmodeRegistration: registered {RelicRecoveryAutoBlue2} as {Auto Blue 2}
01-03 20:49:30.502 22684 22684 D WifiDirect: cannot create group, does group already exist?
01-03 20:49:30.511 22684 22747 D Robocol : RobocolDatagramSocket listening addr=/192.168.49.1:20884 cbRec=65520 cbSend=163840 msRecTO=300
01-03 20:49:30.512 22684 22747 V Robocol : RecvLoopRunnable created
01-03 20:49:30.513 22684 22747 V PeerDiscovery: Starting peer discovery
01-03 20:49:30.513 22684 22747 V PeerDiscovery: No need for peer discovery, we are the peer discovery device
01-03 20:49:30.513 22684 22750 V RobotCore: thread: 'RecvLoopRunnable.run()' starting...
01-03 20:49:30.513 22684 22747 V RobotCore: Setup complete
01-03 20:49:30.513 22684 22747 V RobotCore: thread: ...terminating 'SetupRunnable.run()'
01-03 20:49:30.533 22684 22735 V HardwareFactory: createHardwareMap()
01-03 20:49:30.533 22684 22735 V WifiDirectInviteMonitor: clearUILynxModule()
01-03 20:49:30.533 22684 22684 I BatteryChecker: percent remaining: 92 is charging: false
01-03 20:49:30.537 22684 22735 V ReadXMLFileHandler: handleLynxModule() mod#=2...
01-03 20:49:30.537 22684 22735 V ConfigurationUtility: buildEmptyLynxModule() mod#=2...
01-03 20:49:30.537 22684 22735 V ConfigurationUtility: ...buildEmptyLynxModule() mod#=2
01-03 20:49:30.538 22684 22735 V ReadXMLFileHandler: ...handleLynxModule() mod#=2
01-03 20:49:30.538 22684 22735 V ReadXMLFileHandler: handleLynxModule() mod#=3...
01-03 20:49:30.538 22684 22735 V ConfigurationUtility: buildEmptyLynxModule() mod#=3...
01-03 20:49:30.538 22684 22735 V ConfigurationUtility: ...buildEmptyLynxModule() mod#=3
01-03 20:49:30.539 22684 22735 V ReadXMLFileHandler: ...handleLynxModule() mod#=3
01-03 20:49:30.539 22684 22735 V RobotCore: Creating REV Robotics USB Expansion Hub Portal [DQ143RN2]
01-03 20:49:30.540 22684 22735 V LynxUsb : creating new [DQ143RN2]: 0x0f4160d8
01-03 20:49:30.548 22684 22735 V ThreadPool: container(0x09683c31: WatchdogMonitor) added id=1563 TID=0 count=1
01-03 20:49:30.555 22684 22735 V FtDevice: initialize(vid=0x0403 pid=0x6015 bcdDevice=0x1000)
01-03 20:49:30.556 22684 22735 V MonitoredUsbDeviceConnection: closing UsbDeviceConnection(DQ143RN2)
01-03 20:49:30.556 22684 22735 D UsbDeviceConnectionJNI: close
01-03 20:49:30.556 22684 22735 V MonitoredUsbDeviceConnection: closing UsbDeviceConnection(DQ143RN2)
01-03 20:49:30.556 22684 22735 D UsbDeviceConnectionJNI: close
01-03 20:49:30.556 22684 22735 V FtDeviceManager: createDeviceInfoList(): 1 USB devices
01-03 20:49:30.557 22684 22751 V ThreadPool: container(0x09683c31: WatchdogMonitor) removed id=1563 TID=22751 count=1
01-03 20:49:30.560 22684 22735 V FtDevice: vv********************DQ143RN2 opening********************vv 0x0dd7b284
01-03 20:49:30.562 22684 22735 V FtDevice: ^^********************DQ143RN2 opened ********************^^
01-03 20:49:30.562 22684 22735 V FtDevice: resetting DQ143RN2
01-03 20:49:30.562 22684 22735 V ThreadPool: container(0x0cd44097: WatchdogMonitor) added id=1566 TID=0 count=1
01-03 20:49:30.568 22684 22735 V LynxUsb : armDevice() serial=DQ143RN2...
01-03 20:49:30.568 22684 22735 V LynxModule: resetDevice() serial=DQ143RN2
01-03 20:49:30.812 22684 22750 E Robocol : exception SocketTimeoutException(null): no packet received [libcore.io.IoBridge.maybeThrowAfterRecvfrom(IoBridge.java:594)]
01-03 20:49:30.822 22684 22750 D RobotCore: system telemetry: key=$System$None$ msg=""
01-03 20:49:30.822 22684 22750 V PeerDiscovery: new remote peer discovered: 192.168.49.84
01-03 20:49:30.822 22684 22750 D Robocol : RobocolDatagramSocket connected to /192.168.49.84:20884
01-03 20:49:30.823 22684 22750 V NetworkConnectionHandler: starting sending loop
01-03 20:49:30.823 22684 22750 V Robocol : SendOnceRunnable created
01-03 20:49:30.853 22684 22750 V NetDiscover_prefremrc: sendAllPreferences()
01-03 20:49:30.853 22684 22750 V NetDiscover_prefremrc: sending RC pref name=pref_wifip2p_remote_channel_change_works value=true
01-03 20:49:30.857 22684 22750 V NetDiscover_prefremrc: sending RC pref name=pref_device_name value=12611-RC
01-03 20:49:30.858 22684 22750 V NetDiscover_prefremrc: sending RC pref name=pref_has_independent_phone_battery value=true
01-03 20:49:30.858 22684 22750 V NetDiscover_prefremrc: sending RC pref name=pref_app_theme value=teal
01-03 20:49:30.858 22684 22750 V NetDiscover_prefremrc: sending RC pref name=pref_sound_on_off value=false
01-03 20:49:30.864 22684 22756 V Robocol : sending CMD_NOTIFY_USER_DEVICE_LIST(15), attempt: 0
01-03 20:49:30.865 22684 22756 V Robocol : sending CMD_ROBOT_CONTROLLER_PREFERENCE(16), attempt: 0
01-03 20:49:30.866 22684 22756 V Robocol : sending CMD_ROBOT_CONTROLLER_PREFERENCE(17), attempt: 0
01-03 20:49:30.866 22684 22756 V Robocol : sending CMD_ROBOT_CONTROLLER_PREFERENCE(18), attempt: 0
01-03 20:49:30.866 22684 22756 V Robocol : sending CMD_ROBOT_CONTROLLER_PREFERENCE(19), attempt: 0
01-03 20:49:30.867 22684 22756 V Robocol : sending CMD_ROBOT_CONTROLLER_PREFERENCE(20), attempt: 0
01-03 20:49:30.867 22684 22750 V ThreadPool: container(0x05494069: SoundPlayer) added id=1568 TID=0 count=1
01-03 20:49:30.868 22684 22750 V ThreadPool: container(0x05494069: SoundPlayer) added id=1571 TID=0 count=2
01-03 20:49:30.872 22684 22750 V RobotCore: Network: active, connected
01-03 20:49:30.894 22684 22684 D MediaPlayer: setSubtitleAnchor in MediaPlayer
01-03 20:49:30.894 22684 22760 D MediaPlayer: setSubtitleAnchor in MediaPlayer
01-03 20:49:30.922 22684 22735 V ThreadPool: container(0x0260ce1c: lynx dg poller) added id=1573 TID=0 count=1
01-03 20:49:30.923 22684 22735 V LynxUsb : ...done armDevice()
01-03 20:49:30.923 22684 22735 V LynxUsb : 0x0f4577fa on 0x0f4160d8: new delegate to [DQ143RN2]
01-03 20:49:30.924 22684 22735 V RobotCore: Creating Lynx Module - mod=2 parent=false
01-03 20:49:30.925 22684 22735 V RobotCore: Creating Lynx Module - mod=3 parent=true
01-03 20:49:30.926 22684 22735 V LynxUsb : addConfiguredModule() module#=3
01-03 20:49:30.926 22684 22764 V RobotCore: thread: 'lynx incoming datagrams' starting...
01-03 20:49:30.926 22684 22735 V LynxModule: pingAndQueryKnownInterfaces mod=3
01-03 20:49:30.928 22684 22735 V ThreadPool: container(0x014ec4b4: lynx module executor) added id=1574 TID=0 count=1
01-03 20:49:30.928 22684 22764 V LynxUsb : synchronization gained: serial=DQ143RN2
01-03 20:49:30.936 22684 22758 D ExtendedUtils: extended extractor not needed, return default
01-03 20:49:30.936 22684 22758 I MediaCodec: (0xb81ca0f0) init name(audio/raw) isType(1) encoder(0)
01-03 20:49:30.938 22684 22766 I OMXClient: Using client-side OMX mux.
01-03 20:49:30.939 22684 22735 V LynxModule: queryInterface(DEKA)=49 commands
01-03 20:49:30.941 22684 22766 E OMXMaster: A component of name 'OMX.qcom.audio.decoder.aac' already exists, ignoring this one.
01-03 20:49:30.943 22684 22735 V LynxModule: mod#=3 intf=DEKA: expected 53 commands; found 49
01-03 20:49:30.943 22684 22766 I MediaCodec: (0xb81ca0f0) Component Allocated (OMX.google.raw.decoder)
01-03 20:49:30.944 22684 22758 I MediaCodec: (0xb81ca0f0) configure surface(0x0) crypto(0x0) flags(0)
01-03 20:49:30.944 22684 22758 D MediaCodec: (0xb81ca0f0) configure format: AMessage(what = 0x00000000) = {
01-03 20:49:30.944 22684 22758 D MediaCodec:    string mime = "audio/raw"
01-03 20:49:30.944 22684 22758 D MediaCodec:    int64_t durationUs = 485011
01-03 20:49:30.944 22684 22758 D MediaCodec:    int32_t channel-count = 2
01-03 20:49:30.944 22684 22758 D MediaCodec:    int32_t sample-rate = 44100
01-03 20:49:30.944 22684 22758 D MediaCodec:    int32_t channel-mask = 0
01-03 20:49:30.944 22684 22758 D MediaCodec:  }
01-03 20:49:30.946 22684 22758 I MediaCodec: (0xb81ca0f0) start
01-03 20:49:30.946 22684 22766 I MediaCodec: (0xb81ca0f0) input buffers allocated
01-03 20:49:30.946 22684 22766 I MediaCodec: (0xb81ca0f0) numBuffers (4)
01-03 20:49:30.946 22684 22766 I MediaCodec: (0xb81ca0f0) output buffers allocated
01-03 20:49:30.946 22684 22766 I MediaCodec: (0xb81ca0f0) numBuffers (4)
01-03 20:49:30.947 22684 22735 V LynxModule: sendLEDPatternSteps(): #steps=8
01-03 20:49:30.948 22684 22766 I MediaCodec: (0xb81ca0f0) codec output format changed
01-03 20:49:30.949 22684 22766 D MediaCodec: (0xb81ca0f0) output format: AMessage(what = 'codc', target = 2) = {
01-03 20:49:30.949 22684 22766 D MediaCodec:    string mime = "audio/raw"
01-03 20:49:30.949 22684 22766 D MediaCodec:    int32_t channel-count = 2
01-03 20:49:30.949 22684 22766 D MediaCodec:    int32_t sample-rate = 44100
01-03 20:49:30.949 22684 22766 D MediaCodec:    int32_t channel-mask = 0
01-03 20:49:30.949 22684 22766 D MediaCodec:    int32_t what = 1869968451
01-03 20:49:30.949 22684 22766 D MediaCodec:  }
01-03 20:49:30.950 22684 22765 V LynxModule: received status: LynxGetModuleStatusResponse(status=0x02 alerts=0x00: Reset)
01-03 20:49:30.956 22684 22758 I MediaCodec: (0xb81ca0f0) stop
01-03 20:49:30.958 22684 22758 I MediaCodec: (0xb81ca0f0) release
01-03 20:49:30.958 22684 22735 V LynxUsb : addConfiguredModule() module#=2
01-03 20:49:30.958 22684 22735 V LynxModule: pingAndQueryKnownInterfaces mod=2
01-03 20:49:30.961 22684 22735 V ThreadPool: container(0x0c6319c6: lynx module executor) added id=1577 TID=0 count=1
01-03 20:49:30.966 22684 22760 W AudioTrack: AUDIO_OUTPUT_FLAG_FAST denied by client; transfer 4, track 44100 Hz, output 48000 Hz
01-03 20:49:30.966 22684 22735 V LynxModule: queryInterface(DEKA)=49 commands
01-03 20:49:30.970 22684 22735 V LynxModule: mod#=2 intf=DEKA: expected 53 commands; found 49
01-03 20:49:30.975 22684 22735 V LynxModule: sendLEDPatternSteps(): #steps=6
01-03 20:49:30.979 22684 22769 V LynxModule: received status: LynxGetModuleStatusResponse(status=0x02 alerts=0x00: Reset)
01-03 20:49:30.986 22684 22735 V LynxMotor: initializeHardware() mod#=2
01-03 20:49:30.997 22684 22750 V Robocol : received command: CMD_REQUEST_UI_STATE(10007) 
01-03 20:49:31.104 22684 22735 V RobotCore: DcMotorImpl(type=NeveRest20Gearmotor)
01-03 20:49:31.105 22684 22735 V RobotCore: DcMotorImpl(type=NeveRest40Gearmotor)
01-03 20:49:31.106 22684 22735 V RobotCore: DcMotorImpl(type=NeveRest40Gearmotor)
01-03 20:49:31.106 22684 22735 V LynxServoController: initializeHardware() mod#=2
01-03 20:49:31.154 22684 22735 V LynxVoltageSensor: initializeHardware() mod#=2
01-03 20:49:31.155 22684 22735 V LynxPwmOutputController: initializeHardware() mod#=2
01-03 20:49:31.162 22684 22735 W LynxPwmOutputController: LynxSetPWMEnableCommand not implemented by lynx hw; ignoring
01-03 20:49:31.167 22684 22735 W LynxPwmOutputController: LynxSetPWMConfigurationCommand not implemented by lynx hw; ignoring
01-03 20:49:31.172 22684 22735 W LynxPwmOutputController: LynxSetPWMEnableCommand not implemented by lynx hw; ignoring
01-03 20:49:31.177 22684 22735 W LynxPwmOutputController: LynxSetPWMConfigurationCommand not implemented by lynx hw; ignoring
01-03 20:49:31.182 22684 22735 W LynxPwmOutputController: LynxSetPWMEnableCommand not implemented by lynx hw; ignoring
01-03 20:49:31.187 22684 22735 W LynxPwmOutputController: LynxSetPWMConfigurationCommand not implemented by lynx hw; ignoring
01-03 20:49:31.192 22684 22735 W LynxPwmOutputController: LynxSetPWMEnableCommand not implemented by lynx hw; ignoring
01-03 20:49:31.197 22684 22735 W LynxPwmOutputController: LynxSetPWMConfigurationCommand not implemented by lynx hw; ignoring
01-03 20:49:31.197 22684 22735 V LynxAnalogInputController: initializeHardware() mod#=2
01-03 20:49:31.198 22684 22735 V LynxDigitalChannelController: initializeHardware() mod#=2
01-03 20:49:31.231 22684 22735 V RobotCore: Creating Lynx Color/Range Sensor - mod=2 bus=1
01-03 20:49:31.232 22684 22735 I RobotCore: LynxFirmwareVersionManager: LynxI2cDeviceSynchV1
01-03 20:49:31.232 22684 22735 V LynxI2cDeviceSynch: initializeHardware() mod#=2
01-03 20:49:31.233 22684 22735 V AMSColorSensorImpl: internalInitialize()...
01-03 20:49:31.271 22684 22735 V AMSColorSensorImpl: state: 00 00 ff ff 00 00 00 00 00 00 00 00 00 00 00 00 
01-03 20:49:31.271 22684 22735 V AMSColorSensorImpl: state| 00 01 60 00 00 00 00 00 00 
01-03 20:49:31.288 22684 22735 V AMSColorSensorImpl: disable() enabled=0x00...
01-03 20:49:31.325 22684 22735 V AMSColorSensorImpl: ...disable() enabled=0x00
01-03 20:49:31.326 22684 22735 V AMSColorSensorImpl: setIntegrationTime(0xf6)
01-03 20:49:31.339 22684 22735 V AMSColorSensorImpl: setGain(GAIN_4)
01-03 20:49:31.371 22684 22735 V AMSColorSensorImpl: setPDrive(Percent12_5)
01-03 20:49:31.400 22684 22735 V AMSColorSensorImpl: setProximityPulseCount(0x08)
01-03 20:49:31.435 22684 22735 V AMSColorSensorImpl: enable() enabled=0x00...
01-03 20:49:31.490 22684 22735 V AMSColorSensorImpl: ...enable() enabled=0x07
01-03 20:49:31.508 22684 22735 V AMSColorSensorImpl: state: 07 f6 ff ff 00 00 00 00 00 00 00 00 00 00 08 61 
01-03 20:49:31.508 22684 22735 V AMSColorSensorImpl: state| 00 01 60 33 29 00 15 00 11 
01-03 20:49:31.508 22684 22735 V AMSColorSensorImpl: ...internalInitialize()
01-03 20:49:31.509 22684 22735 V LynxI2cDeviceSynch: engaging mod#=2
01-03 20:49:31.509 22684 22735 V RobotCore: Creating Lynx Color/Range Sensor - mod=2 bus=2
01-03 20:49:31.509 22684 22735 I RobotCore: LynxFirmwareVersionManager: LynxI2cDeviceSynchV1
01-03 20:49:31.509 22684 22735 V LynxI2cDeviceSynch: initializeHardware() mod#=2
01-03 20:49:31.509 22684 22735 V AMSColorSensorImpl: internalInitialize()...
01-03 20:49:31.542 22684 22735 V AMSColorSensorImpl: state: 00 00 ff ff 00 00 00 00 00 00 00 00 00 00 00 00 
01-03 20:49:31.542 22684 22735 V AMSColorSensorImpl: state| 00 01 60 00 00 00 00 00 00 
01-03 20:49:31.560 22684 22735 V AMSColorSensorImpl: disable() enabled=0x00...
01-03 20:49:31.595 22684 22735 V AMSColorSensorImpl: ...disable() enabled=0x00
01-03 20:49:31.595 22684 22735 V AMSColorSensorImpl: setIntegrationTime(0xf6)
01-03 20:49:31.608 22684 22735 V AMSColorSensorImpl: setGain(GAIN_4)
01-03 20:49:31.637 22684 22735 V AMSColorSensorImpl: setPDrive(Percent12_5)
01-03 20:49:31.667 22684 22735 V AMSColorSensorImpl: setProximityPulseCount(0x08)
01-03 20:49:31.698 22684 22735 V AMSColorSensorImpl: enable() enabled=0x00...
01-03 20:49:31.747 22684 22735 V AMSColorSensorImpl: ...enable() enabled=0x07
01-03 20:49:31.763 22684 22735 V AMSColorSensorImpl: state: 07 f6 ff ff 00 00 00 00 00 00 00 00 00 00 08 61 
01-03 20:49:31.763 22684 22735 V AMSColorSensorImpl: state| 00 01 60 33 1e 00 0d 00 0a 
01-03 20:49:31.763 22684 22735 V AMSColorSensorImpl: ...internalInitialize()
01-03 20:49:31.764 22684 22735 V LynxI2cDeviceSynch: engaging mod#=2
01-03 20:49:31.764 22684 22735 V LynxMotor: initializeHardware() mod#=3
01-03 20:49:31.849 22684 22735 V RobotCore: DcMotorImpl(type=NeveRest40Gearmotor)
01-03 20:49:31.849 22684 22735 V RobotCore: DcMotorImpl(type=NeveRest40Gearmotor)
01-03 20:49:31.849 22684 22735 V RobotCore: DcMotorImpl(type=NeveRest40Gearmotor)
01-03 20:49:31.849 22684 22735 V RobotCore: DcMotorImpl(type=NeveRest40Gearmotor)
01-03 20:49:31.850 22684 22735 V LynxServoController: initializeHardware() mod#=3
01-03 20:49:31.888 22684 22735 V LynxVoltageSensor: initializeHardware() mod#=3
01-03 20:49:31.888 22684 22735 V LynxPwmOutputController: initializeHardware() mod#=3
01-03 20:49:31.892 22684 22735 W LynxPwmOutputController: LynxSetPWMEnableCommand not implemented by lynx hw; ignoring
01-03 20:49:31.897 22684 22735 W LynxPwmOutputController: LynxSetPWMConfigurationCommand not implemented by lynx hw; ignoring
01-03 20:49:31.901 22684 22735 W LynxPwmOutputController: LynxSetPWMEnableCommand not implemented by lynx hw; ignoring
01-03 20:49:31.906 22684 22735 W LynxPwmOutputController: LynxSetPWMConfigurationCommand not implemented by lynx hw; ignoring
01-03 20:49:31.911 22684 22735 W LynxPwmOutputController: LynxSetPWMEnableCommand not implemented by lynx hw; ignoring
01-03 20:49:31.916 22684 22735 W LynxPwmOutputController: LynxSetPWMConfigurationCommand not implemented by lynx hw; ignoring
01-03 20:49:31.921 22684 22735 W LynxPwmOutputController: LynxSetPWMEnableCommand not implemented by lynx hw; ignoring
01-03 20:49:31.926 22684 22735 W LynxPwmOutputController: LynxSetPWMConfigurationCommand not implemented by lynx hw; ignoring
01-03 20:49:31.926 22684 22735 V LynxAnalogInputController: initializeHardware() mod#=3
01-03 20:49:31.926 22684 22735 V RobotCore: Creating Analog Input Device - Port: 1
01-03 20:49:31.926 22684 22735 V LynxDigitalChannelController: initializeHardware() mod#=3
01-03 20:49:31.951 22684 22735 V RobotCore: Creating user sensor REV Expansion Hub IMU - on Lynx module=3 bus=0
01-03 20:49:31.951 22684 22735 V RobotCore: Creating I2cDeviceSynch (Lynx) - mod=3 bus=0
01-03 20:49:31.952 22684 22735 I RobotCore: LynxFirmwareVersionManager: LynxI2cDeviceSynchV1
01-03 20:49:31.952 22684 22735 V LynxI2cDeviceSynch: initializeHardware() mod#=3
01-03 20:49:31.956 22684 22735 V RobotCore: Creating user sensor MR Range Sensor - on Lynx module=3 bus=1
01-03 20:49:31.956 22684 22735 V RobotCore: Creating I2cDeviceSynch (Lynx) - mod=3 bus=1
01-03 20:49:31.957 22684 22735 I RobotCore: LynxFirmwareVersionManager: LynxI2cDeviceSynchV1
01-03 20:49:31.957 22684 22735 V LynxI2cDeviceSynch: initializeHardware() mod#=3
01-03 20:49:31.958 22684 22735 V RobotCore: Creating user sensor MR Range Sensor - on Lynx module=3 bus=2
01-03 20:49:31.958 22684 22735 V RobotCore: Creating I2cDeviceSynch (Lynx) - mod=3 bus=2
01-03 20:49:31.958 22684 22735 I RobotCore: LynxFirmwareVersionManager: LynxI2cDeviceSynchV1
01-03 20:49:31.959 22684 22735 V LynxI2cDeviceSynch: initializeHardware() mod#=3
01-03 20:49:31.959 22684 22735 I RobotCore: ========= Device Information ===================================================
01-03 20:49:31.959 22684 22735 I RobotCore: Type                                               Name                           Connection
01-03 20:49:31.961 22684 22735 I RobotCore: Motor                                              rr                             USB DQ143RN2; module 3; port 3
01-03 20:49:31.961 22684 22735 I RobotCore: Servo                                              relicElbow                     USB DQ143RN2; module 3; port 2
01-03 20:49:31.961 22684 22735 I RobotCore: Motor                                              glyphLift                      USB DQ143RN2; module 2; port 2
01-03 20:49:31.961 22684 22735 I RobotCore: Servo                                              relicClaw                      USB DQ143RN2; module 3; port 1
01-03 20:49:31.961 22684 22735 I RobotCore: Motor                                              lr                             USB DQ143RN2; module 3; port 2
01-03 20:49:31.962 22684 22735 I RobotCore: Servo                                              lowerRightGripper              USB DQ143RN2; module 3; port 4
01-03 20:49:31.962 22684 22735 I RobotCore: REV Robotics USB Expansion Hub Portal              Expansion Hub Portal 1         USB DQ143RN2
01-03 20:49:31.962 22684 22735 I RobotCore: Servo                                              longArm                        USB DQ143RN2; module 2; port 5
01-03 20:49:31.962 22684 22735 I RobotCore: Servo                                              glyphHolder                    USB DQ143RN2; module 2; port 2
01-03 20:49:31.962 22684 22735 I RobotCore: Analog Input                                       range                          USB DQ143RN2; module 3; analog port 1
01-03 20:49:31.962 22684 22735 I RobotCore: Motor                                              led                            USB DQ143RN2; module 2; port 3
01-03 20:49:31.963 22684 22735 I RobotCore: Servo                                              upperLeftGripper               USB DQ143RN2; module 2; port 0
01-03 20:49:31.975 22684 22735 I RobotCore: Modern Robotics Range Sensor v1.2                  x2Range                        USB DQ143RN2; module 3; bus 2; addr7=0x14
01-03 20:49:31.975 22684 22735 I RobotCore: Expansion Hub DC Motor Controller                  Expansion Hub 3                USB DQ143RN2; module 3
01-03 20:49:31.975 22684 22735 I RobotCore: Expansion Hub Servo Controller                     Expansion Hub 3                USB DQ143RN2; module 3
01-03 20:49:31.976 22684 22735 I RobotCore: Expansion Hub Voltage Sensor                       Expansion Hub 3                USB DQ143RN2; module 3
01-03 20:49:31.976 22684 22735 I RobotCore: Expansion Hub Pwm Controller                       Expansion Hub 3                USB DQ143RN2; module 3
01-03 20:49:31.976 22684 22735 I RobotCore: Expansion Hub Analog Input Controller              Expansion Hub 3                USB DQ143RN2; module 3
01-03 20:49:31.976 22684 22735 I RobotCore: Expansion Hub Digital Channel Controller           Expansion Hub 3                USB DQ143RN2; module 3
01-03 20:49:31.981 22684 22735 I RobotCore: Expansion Hub (HW: 20, Maj: 1, Min: 7, Eng: 2)     Expansion Hub 3                USB DQ143RN2; module 3
01-03 20:49:31.981 22684 22735 I RobotCore: Expansion Hub DC Motor Controller                  Expansion Hub 2                USB DQ143RN2; module 2
01-03 20:49:31.981 22684 22735 I RobotCore: Expansion Hub Servo Controller                     Expansion Hub 2                USB DQ143RN2; module 2
01-03 20:49:31.981 22684 22735 I RobotCore: Expansion Hub Voltage Sensor                       Expansion Hub 2                USB DQ143RN2; module 2
01-03 20:49:31.981 22684 22735 I RobotCore: Expansion Hub Pwm Controller                       Expansion Hub 2                USB DQ143RN2; module 2
01-03 20:49:31.981 22684 22735 I RobotCore: Expansion Hub Analog Input Controller              Expansion Hub 2                USB DQ143RN2; module 2
01-03 20:49:31.982 22684 22735 I RobotCore: Expansion Hub Digital Channel Controller           Expansion Hub 2                USB DQ143RN2; module 2
01-03 20:49:31.988 22684 22735 I RobotCore: Expansion Hub (HW: 20, Maj: 1, Min: 7, Eng: 2)     Expansion Hub 2                USB DQ143RN2; module 2
01-03 20:49:31.988 22684 22735 I RobotCore: REV Expansion Hub IMU                              imu                            USB DQ143RN2; module 3; bus 0; addr7=0x00
01-03 20:49:31.988 22684 22735 I RobotCore: Servo                                              upperRightGripper              USB DQ143RN2; module 2; port 1
01-03 20:49:31.988 22684 22735 I RobotCore: Servo                                              shortArm                       USB DQ143RN2; module 2; port 4
01-03 20:49:31.988 22684 22735 I RobotCore: Servo                                              lowerLeftGripper               USB DQ143RN2; module 3; port 3
01-03 20:49:31.989 22684 22735 I RobotCore: Servo                                              relicClawholder                USB DQ143RN2; module 3; port 0
01-03 20:49:31.989 22684 22735 I RobotCore: Motor                                              relicSlider                    USB DQ143RN2; module 2; port 1
01-03 20:49:31.989 22684 22735 I RobotCore: Motor                                              rf                             USB DQ143RN2; module 3; port 1
01-03 20:49:31.989 22684 22735 I RobotCore: REV Color/Range Sensor                             jewelColor                     USB DQ143RN2; module 2; bus 1; addr7=0x39
01-03 20:49:31.989 22684 22735 I RobotCore: Motor                                              lf                             USB DQ143RN2; module 3; port 0
01-03 20:49:31.989 22684 22735 I RobotCore: REV Color/Range Sensor                             glyphColorDistance             USB DQ143RN2; module 2; bus 2; addr7=0x39
01-03 20:49:32.001 22684 22735 I RobotCore: Modern Robotics Range Sensor v1.2                  x1Range                        USB DQ143RN2; module 3; bus 1; addr7=0x14
01-03 20:49:32.001 22684 22735 I FtcEventLoop: ======= INIT FINISH =======
01-03 20:49:32.001 22684 22735 V RobotCore: EventLoopManager state is RUNNING
01-03 20:49:32.001 22684 22735 V RobotCore: Robot Status: running, starting robot
01-03 20:49:32.002 22684 22735 V RobotCore: Robot Status: running
01-03 20:49:32.002 22684 22735 V ThreadPool: container(0x0999eda5: executorEventLoop) added id=1578 TID=0 count=1
01-03 20:49:32.003 22684 22749 I BatteryChecker: percent remaining: 92 is charging: false
01-03 20:49:32.003 22684 22735 V RobotCore: thread: ...terminating 'RobotSetupRunnable.run()'
01-03 20:49:32.006 22684 22771 V RobotCore: thread: 'opmode loop()' starting...
01-03 20:49:32.023 22684 22756 V Robocol : sending CMD_NOTIFY_ROBOT_STATE(39), attempt: 0
01-03 20:49:32.024 22684 22756 V Robocol : sending CMD_NOTIFY_ACTIVE_CONFIGURATION(42), attempt: 0
01-03 20:49:32.024 22684 22760 D MediaPlayer: setSubtitleAnchor in MediaPlayer
01-03 20:49:32.024 22684 22684 D MediaPlayer: setSubtitleAnchor in MediaPlayer
01-03 20:49:32.033 22684 22758 D ExtendedUtils: extended extractor not needed, return default
01-03 20:49:32.033 22684 22758 I MediaCodec: (0xb81ca0f0) init name(audio/raw) isType(1) encoder(0)
01-03 20:49:32.036 22684 22775 I OMXClient: Using client-side OMX mux.
01-03 20:49:32.038 22684 22775 E OMXMaster: A component of name 'OMX.qcom.audio.decoder.aac' already exists, ignoring this one.
01-03 20:49:32.040 22684 22775 I MediaCodec: (0xb81ca0f0) Component Allocated (OMX.google.raw.decoder)
01-03 20:49:32.040 22684 22758 I MediaCodec: (0xb81ca0f0) configure surface(0x0) crypto(0x0) flags(0)
01-03 20:49:32.040 22684 22758 D MediaCodec: (0xb81ca0f0) configure format: AMessage(what = 0x00000000) = {
01-03 20:49:32.040 22684 22758 D MediaCodec:    string mime = "audio/raw"
01-03 20:49:32.040 22684 22758 D MediaCodec:    int64_t durationUs = 1019125
01-03 20:49:32.040 22684 22758 D MediaCodec:    int32_t channel-count = 1
01-03 20:49:32.040 22684 22758 D MediaCodec:    int32_t sample-rate = 8000
01-03 20:49:32.040 22684 22758 D MediaCodec:    int32_t channel-mask = 0
01-03 20:49:32.040 22684 22758 D MediaCodec:  }
01-03 20:49:32.041 22684 22758 I MediaCodec: (0xb81ca0f0) start
01-03 20:49:32.042 22684 22775 I MediaCodec: (0xb81ca0f0) input buffers allocated
01-03 20:49:32.042 22684 22775 I MediaCodec: (0xb81ca0f0) numBuffers (4)
01-03 20:49:32.042 22684 22775 I MediaCodec: (0xb81ca0f0) output buffers allocated
01-03 20:49:32.042 22684 22775 I MediaCodec: (0xb81ca0f0) numBuffers (4)
01-03 20:49:32.044 22684 22775 I MediaCodec: (0xb81ca0f0) codec output format changed
01-03 20:49:32.044 22684 22775 D MediaCodec: (0xb81ca0f0) output format: AMessage(what = 'codc', target = 6) = {
01-03 20:49:32.044 22684 22775 D MediaCodec:    string mime = "audio/raw"
01-03 20:49:32.044 22684 22775 D MediaCodec:    int32_t channel-count = 1
01-03 20:49:32.044 22684 22775 D MediaCodec:    int32_t sample-rate = 8000
01-03 20:49:32.044 22684 22775 D MediaCodec:    int32_t channel-mask = 0
01-03 20:49:32.044 22684 22775 D MediaCodec:    int32_t what = 1869968451
01-03 20:49:32.044 22684 22775 D MediaCodec:  }
01-03 20:49:32.044 22684 22749 E Robocol : command processing took 1.047 s: command=CMD_REQUEST_UI_STATE
01-03 20:49:32.045 22684 22758 I MediaCodec: (0xb81ca0f0) stop
01-03 20:49:32.046 22684 22758 I MediaCodec: (0xb81ca0f0) release
01-03 20:49:32.050 22684 22760 W AudioTrack: AUDIO_OUTPUT_FLAG_FAST denied by client; transfer 4, track 8000 Hz, output 48000 Hz
01-03 20:49:32.063 22684 22756 V Robocol : sending CMD_NOTIFY_USER_DEVICE_LIST(43), attempt: 0
01-03 20:49:32.064 22684 22756 V Robocol : sending CMD_NOTIFY_OP_MODE_LIST(44), attempt: 0
01-03 20:49:32.513 22684 22771 V ThreadPool: container(0x02a26c90: OpModeStuckCodeMonitor) added id=1582 TID=0 count=1
01-03 20:49:32.514 22684 22771 I RobotCore: Attempting to switch to op mode $Stop$Robot$
01-03 20:49:32.583 22684 22756 V Robocol : sending CMD_NOTIFY_INIT_OP_MODE(57), attempt: 0
01-03 20:49:32.783 22684 22771 I RobotCore: robot battery read duration: n=4, mean=4.867ms sd=2.099ms
01-03 20:49:35.533 22684 22684 I BatteryChecker: percent remaining: 92 is charging: false
01-03 20:49:42.058 22684 22750 V Robocol : received command: CMD_INIT_OP_MODE(10149) $Stop$Robot$
01-03 20:49:42.060 22684 22749 I BatteryChecker: percent remaining: 92 is charging: false
01-03 20:49:42.070 22684 22771 I RobotCore: Attempting to switch to op mode $Stop$Robot$
01-03 20:49:42.143 22684 22756 V Robocol : sending CMD_NOTIFY_INIT_OP_MODE(194), attempt: 0
01-03 20:49:44.384 22684 22750 V Robocol : received command: CMD_INIT_OP_MODE(10183) Relic Recovery TeleOps (Linear)
01-03 20:49:44.386 22684 22749 I BatteryChecker: percent remaining: 92 is charging: false
01-03 20:49:44.395 22684 22771 I RobotCore: Attempting to switch to op mode Relic Recovery TeleOps (Linear)
01-03 20:49:44.704 22684 22771 W LynxPwmOutputController: LynxSetPWMEnableCommand not implemented by lynx hw; ignoring
01-03 20:49:44.709 22684 22771 W LynxPwmOutputController: LynxSetPWMConfigurationCommand not implemented by lynx hw; ignoring
01-03 20:49:44.713 22684 22771 W LynxPwmOutputController: LynxSetPWMEnableCommand not implemented by lynx hw; ignoring
01-03 20:49:44.718 22684 22771 W LynxPwmOutputController: LynxSetPWMConfigurationCommand not implemented by lynx hw; ignoring
01-03 20:49:44.723 22684 22771 W LynxPwmOutputController: LynxSetPWMEnableCommand not implemented by lynx hw; ignoring
01-03 20:49:44.728 22684 22771 W LynxPwmOutputController: LynxSetPWMConfigurationCommand not implemented by lynx hw; ignoring
01-03 20:49:44.733 22684 22771 W LynxPwmOutputController: LynxSetPWMEnableCommand not implemented by lynx hw; ignoring
01-03 20:49:44.738 22684 22771 W LynxPwmOutputController: LynxSetPWMConfigurationCommand not implemented by lynx hw; ignoring
01-03 20:49:44.738 22684 22771 V AMSColorSensorImpl: internalInitialize()...
01-03 20:49:44.771 22684 22771 V AMSColorSensorImpl: state: 07 f6 ff ff 00 00 00 00 00 00 00 00 00 00 08 61 
01-03 20:49:44.772 22684 22771 V AMSColorSensorImpl: state| 00 01 60 33 1e 00 0d 00 0a 
01-03 20:49:44.787 22684 22771 V AMSColorSensorImpl: disable() enabled=0x07...
01-03 20:49:44.822 22684 22771 V AMSColorSensorImpl: ...disable() enabled=0x00
01-03 20:49:44.822 22684 22771 V AMSColorSensorImpl: setIntegrationTime(0xf6)
01-03 20:49:44.835 22684 22771 V AMSColorSensorImpl: setGain(GAIN_4)
01-03 20:49:44.863 22684 22771 V AMSColorSensorImpl: setPDrive(Percent12_5)
01-03 20:49:44.892 22684 22771 V AMSColorSensorImpl: setProximityPulseCount(0x08)
01-03 20:49:44.921 22684 22771 V AMSColorSensorImpl: enable() enabled=0x00...
01-03 20:49:44.971 22684 22771 V AMSColorSensorImpl: ...enable() enabled=0x07
01-03 20:49:44.988 22684 22771 V AMSColorSensorImpl: state: 07 f6 ff ff 00 00 00 00 00 00 00 00 00 00 08 61 
01-03 20:49:44.989 22684 22771 V AMSColorSensorImpl: state| 00 01 60 33 1e 00 0d 00 0a 
01-03 20:49:44.989 22684 22771 V AMSColorSensorImpl: ...internalInitialize()
01-03 20:49:45.042 22684 22771 W LynxPwmOutputController: LynxSetPWMEnableCommand not implemented by lynx hw; ignoring
01-03 20:49:45.047 22684 22771 W LynxPwmOutputController: LynxSetPWMConfigurationCommand not implemented by lynx hw; ignoring
01-03 20:49:45.051 22684 22771 W LynxPwmOutputController: LynxSetPWMEnableCommand not implemented by lynx hw; ignoring
01-03 20:49:45.055 22684 22771 W LynxPwmOutputController: LynxSetPWMConfigurationCommand not implemented by lynx hw; ignoring
01-03 20:49:45.060 22684 22771 W LynxPwmOutputController: LynxSetPWMEnableCommand not implemented by lynx hw; ignoring
01-03 20:49:45.065 22684 22771 W LynxPwmOutputController: LynxSetPWMConfigurationCommand not implemented by lynx hw; ignoring
01-03 20:49:45.068 22684 22771 W LynxPwmOutputController: LynxSetPWMEnableCommand not implemented by lynx hw; ignoring
01-03 20:49:45.072 22684 22771 W LynxPwmOutputController: LynxSetPWMConfigurationCommand not implemented by lynx hw; ignoring
01-03 20:49:45.072 22684 22771 V AMSColorSensorImpl: internalInitialize()...
01-03 20:49:45.103 22684 22771 V AMSColorSensorImpl: state: 07 f6 ff ff 00 00 00 00 00 00 00 00 00 00 08 61 
01-03 20:49:45.103 22684 22771 V AMSColorSensorImpl: state| 00 01 60 33 28 00 14 00 10 
01-03 20:49:45.119 22684 22771 V AMSColorSensorImpl: disable() enabled=0x07...
01-03 20:49:45.152 22684 22771 V AMSColorSensorImpl: ...disable() enabled=0x00
01-03 20:49:45.152 22684 22771 V AMSColorSensorImpl: setIntegrationTime(0xf6)
01-03 20:49:45.163 22684 22771 V AMSColorSensorImpl: setGain(GAIN_4)
01-03 20:49:45.190 22684 22771 V AMSColorSensorImpl: setPDrive(Percent12_5)
01-03 20:49:45.217 22684 22771 V AMSColorSensorImpl: setProximityPulseCount(0x08)
01-03 20:49:45.245 22684 22771 V AMSColorSensorImpl: enable() enabled=0x00...
01-03 20:49:45.298 22684 22771 V AMSColorSensorImpl: ...enable() enabled=0x07
01-03 20:49:45.315 22684 22771 V AMSColorSensorImpl: state: 07 f6 ff ff 00 00 00 00 00 00 00 00 00 00 08 61 
01-03 20:49:45.316 22684 22771 V AMSColorSensorImpl: state| 00 01 60 33 28 00 14 00 10 
01-03 20:49:45.316 22684 22771 V AMSColorSensorImpl: ...internalInitialize()
01-03 20:49:45.316 22684 22771 V ThreadPool: container(0x0e60bf21: LinearOpMode) added id=1583 TID=0 count=1
01-03 20:49:45.322 22684 22811 V RobotCore: thread: 'LinearOpMode main' starting...
01-03 20:49:45.343 22684 22756 V Robocol : sending CMD_NOTIFY_INIT_OP_MODE(241), attempt: 0
01-03 20:49:45.398 22684 22811 I TechNova: MecanumRobot: Init Drive Motors |  Drive Motors are initialized ...
01-03 20:49:45.407 22684 22811 V RobotCore: thread: ...terminating 'LinearOpMode main'
01-03 20:49:45.410 22684 22771 E EventLoopManager: Event loop threw an exception
01-03 20:49:45.411 22684 22771 E EventLoopManager: java.lang.IllegalArgumentException: Unable to find a hardware device with the name "glyphHolder"
01-03 20:49:45.411 22684 22771 E EventLoopManager: 	at com.qualcomm.robotcore.hardware.HardwareMap$DeviceMapping.get(HardwareMap.java:362)
01-03 20:49:45.412 22684 22771 E EventLoopManager: 	at org.firstinspires.ftc.teamcode.TechNova2017.MecanumRobot.<init>(MecanumRobot.java:176)
01-03 20:49:45.412 22684 22771 E EventLoopManager: 	at org.firstinspires.ftc.teamcode.TechNova2017.RelicRecoveryTeleOpsLinear.runOpMode(RelicRecoveryTeleOpsLinear.java:32)
01-03 20:49:45.412 22684 22771 E EventLoopManager: 	at com.qualcomm.robotcore.eventloop.opmode.LinearOpMode$LinearOpModeHelper$1.run(LinearOpMode.java:305)
01-03 20:49:45.413 22684 22771 E EventLoopManager: 	at com.qualcomm.robotcore.util.ThreadPool.logThreadLifeCycle(ThreadPool.java:709)
01-03 20:49:45.413 22684 22771 E EventLoopManager: 	at com.qualcomm.robotcore.eventloop.opmode.LinearOpMode$LinearOpModeHelper.run(LinearOpMode.java:300)
01-03 20:49:45.414 22684 22771 E EventLoopManager: 	at java.util.concurrent.ThreadPoolExecutor.runWorker(ThreadPoolExecutor.java:1113)
01-03 20:49:45.414 22684 22771 E EventLoopManager: 	at java.util.concurrent.ThreadPoolExecutor$Worker.run(ThreadPoolExecutor.java:588)
01-03 20:49:45.415 22684 22771 E EventLoopManager: 	at com.qualcomm.robotcore.util.ThreadPool$ThreadFactoryImpl$1.run(ThreadPool.java:764)
01-03 20:49:45.415 22684 22771 E EventLoopManager: 	at java.lang.Thread.run(Thread.java:818)
01-03 20:49:45.415 22684 22771 V RobotCore: RobotCoreException in EventLoopManager: EventLoop Exception in loop(): IllegalArgumentException - Unable to find a hardware device with the name "glyphHolder"
01-03 20:49:45.415 22684 22771 V RobotCore: EventLoopManager state is EMERGENCY_STOP
01-03 20:49:45.415 22684 22771 V RobotCore: Robot Status: EMERGENCY STOP
01-03 20:49:45.417 22684 22750 D RobotCore: system telemetry: key=$System$Error$ msg="User code threw an uncaught exception: IllegalArgumentException - Unable to find a hardware device with the name "glyphHolder""
01-03 20:49:45.420 22684 22771 I FtcEventLoop: ======= TEARDOWN =======
01-03 20:49:45.421 22684 22771 V ThreadPool: waiting for service user linear op mode
01-03 20:49:45.421 22684 22771 V ThreadPool: awaitTermination returned, isTerminated=true
01-03 20:49:45.421 22684 22811 V ThreadPool: container(0x0e60bf21: LinearOpMode) removed id=1583 TID=22811 count=1
01-03 20:49:45.421 22684 22771 V ThreadPool: executive service user linear op mode(0x0e60bf21) is terminated
01-03 20:49:45.422 22684 22780 V ThreadPool: container(0x02a26c90: OpModeStuckCodeMonitor) removed id=1582 TID=22780 count=1
01-03 20:49:45.424 22684 22756 V Robocol : sending CMD_NOTIFY_ROBOT_STATE(245), attempt: 0
01-03 20:49:45.447 22684 22771 V LynxMotor: disengage mod#=3
01-03 20:49:45.479 22684 22760 D MediaPlayer: setSubtitleAnchor in MediaPlayer
01-03 20:49:45.480 22684 22684 D MediaPlayer: setSubtitleAnchor in MediaPlayer
01-03 20:49:45.483 22684 22684 E MediaPlayer: invoke failed: wrong state 8
01-03 20:49:45.483 22684 22684 W MediaPlayer: mediaplayer went away with unhandled events
01-03 20:49:45.503 22684 22758 D ExtendedUtils: extended extractor not needed, return default
01-03 20:49:45.504 22684 22758 I MediaCodec: (0xb8075e48) init name(audio/raw) isType(1) encoder(0)
01-03 20:49:45.507 22684 22815 I OMXClient: Using client-side OMX mux.
01-03 20:49:45.511 22684 22815 E OMXMaster: A component of name 'OMX.qcom.audio.decoder.aac' already exists, ignoring this one.
01-03 20:49:45.514 22684 22815 I MediaCodec: (0xb8075e48) Component Allocated (OMX.google.raw.decoder)
01-03 20:49:45.514 22684 22758 I MediaCodec: (0xb8075e48) configure surface(0x0) crypto(0x0) flags(0)
01-03 20:49:45.514 22684 22758 D MediaCodec: (0xb8075e48) configure format: AMessage(what = 0x00000000) = {
01-03 20:49:45.514 22684 22758 D MediaCodec:    string mime = "audio/raw"
01-03 20:49:45.514 22684 22758 D MediaCodec:    int64_t durationUs = 929183
01-03 20:49:45.514 22684 22758 D MediaCodec:    int32_t channel-count = 2
01-03 20:49:45.514 22684 22758 D MediaCodec:    int32_t sample-rate = 44100
01-03 20:49:45.514 22684 22758 D MediaCodec:    int32_t channel-mask = 0
01-03 20:49:45.514 22684 22758 D MediaCodec:  }
01-03 20:49:45.515 22684 22758 I MediaCodec: (0xb8075e48) start
01-03 20:49:45.516 22684 22815 I MediaCodec: (0xb8075e48) input buffers allocated
01-03 20:49:45.516 22684 22815 I MediaCodec: (0xb8075e48) numBuffers (4)
01-03 20:49:45.516 22684 22815 I MediaCodec: (0xb8075e48) output buffers allocated
01-03 20:49:45.516 22684 22815 I MediaCodec: (0xb8075e48) numBuffers (4)
01-03 20:49:45.517 22684 22815 I MediaCodec: (0xb8075e48) codec output format changed
01-03 20:49:45.518 22684 22815 D MediaCodec: (0xb8075e48) output format: AMessage(what = 'codc', target = 10) = {
01-03 20:49:45.518 22684 22815 D MediaCodec:    string mime = "audio/raw"
01-03 20:49:45.518 22684 22815 D MediaCodec:    int32_t channel-count = 2
01-03 20:49:45.518 22684 22815 D MediaCodec:    int32_t sample-rate = 44100
01-03 20:49:45.518 22684 22815 D MediaCodec:    int32_t channel-mask = 0
01-03 20:49:45.518 22684 22815 D MediaCodec:    int32_t what = 1869968451
01-03 20:49:45.518 22684 22815 D MediaCodec:  }
01-03 20:49:45.530 22684 22771 V LynxMotor: disengage mod#=2
01-03 20:49:45.533 22684 22758 I MediaCodec: (0xb8075e48) stop
01-03 20:49:45.535 22684 22758 I MediaCodec: (0xb8075e48) release
01-03 20:49:45.541 22684 22760 W AudioTrack: AUDIO_OUTPUT_FLAG_FAST denied by client; transfer 4, track 44100 Hz, output 48000 Hz
01-03 20:49:45.551 22684 22771 V LynxServoController: disengage mod#=2
01-03 20:49:45.569 22684 22771 V LynxServoController: disengage mod#=3
01-03 20:49:45.569 22684 22771 V LynxUsb : 0x0f4577fa on 0x0f4160d8: releasing delegate to [DQ143RN2]
01-03 20:49:45.569 22684 22771 V LynxUsb : 0x0f4160d8: releaseRef [DQ143RN2]=0
01-03 20:49:45.570 22684 22771 V LynxUsb : doClose([DQ143RN2])...
01-03 20:49:45.577 22684 22771 V LynxModule: close()
01-03 20:49:45.577 22684 22771 V ThreadPool: waiting for service lynx module executor
01-03 20:49:45.578 22684 22771 V ThreadPool: awaitTermination returned, isTerminated=true
01-03 20:49:45.578 22684 22769 V ThreadPool: container(0x0c6319c6: lynx module executor) removed id=1577 TID=22769 count=1
01-03 20:49:45.578 22684 22771 V ThreadPool: executive service lynx module executor(0x0c6319c6) is terminated
01-03 20:49:45.578 22684 22771 V LynxModule: close()
01-03 20:49:45.579 22684 22771 V ThreadPool: waiting for service lynx module executor
01-03 20:49:45.579 22684 22771 V ThreadPool: awaitTermination returned, isTerminated=true
01-03 20:49:45.579 22684 22765 V ThreadPool: container(0x014ec4b4: lynx module executor) removed id=1574 TID=22765 count=1
01-03 20:49:45.579 22684 22771 V ThreadPool: executive service lynx module executor(0x014ec4b4) is terminated
01-03 20:49:45.580 22684 22771 V LynxUsb : disarmDevice() serial=DQ143RN2...
01-03 20:49:45.580 22684 22771 V LynxUsb : shutting down incoming datagrams
01-03 20:49:45.580 22684 22771 V ThreadPool: waiting for service Lynx incoming datagram poller
01-03 20:49:45.580 22684 22764 V RobotCore: thread: ...terminating 'lynx incoming datagrams'
01-03 20:49:45.580 22684 22771 V ThreadPool: awaitTermination returned, isTerminated=true
01-03 20:49:45.580 22684 22771 V ThreadPool: executive service Lynx incoming datagram poller(0x0260ce1c) is terminated
01-03 20:49:45.580 22684 22764 V ThreadPool: container(0x0260ce1c: lynx dg poller) removed id=1573 TID=22764 count=1
01-03 20:49:45.580 22684 22771 V RobotUsbDeviceFtdi: closing DQ143RN2
01-03 20:49:45.580 22684 22771 V FtDevice: vv********************DQ143RN2 closing********************vv 0x0dd7b284
01-03 20:49:45.580 22684 22771 V FtDevice: DQ143RN2 stopping thread readBufferManager
01-03 20:49:45.580 22684 22753 V FtDevice: DQ143RN2 thread readBufferManager is stopped
01-03 20:49:45.581 22684 22771 V FtDevice: DQ143RN2 stopping thread bulkPacketInWorker
01-03 20:49:45.581 22684 22752 V FtDevice: DQ143RN2 thread bulkPacketInWorker is stopped
01-03 20:49:45.581 22684 22771 V MonitoredUsbDeviceConnection: closing UsbDeviceConnection(DQ143RN2)
01-03 20:49:45.581 22684 22771 D UsbDeviceConnectionJNI: close
01-03 20:49:45.581 22684 22771 V FtDevice: ^^********************DQ143RN2 closed ********************^^
01-03 20:49:45.581 22684 22771 V LynxUsb : ...done disarmDevice()
01-03 20:49:45.582 22684 22771 V LynxUsb : ...doClose([DQ143RN2])
01-03 20:49:45.582 22684 22754 V ThreadPool: container(0x0cd44097: WatchdogMonitor) removed id=1566 TID=22754 count=1
01-03 20:49:45.583 22684 22771 I FtcEventLoop: ======= TEARDOWN COMPLETE =======
01-03 20:49:45.583 22684 22771 V RobotCore: thread: ...terminating 'opmode loop()'
01-03 20:49:45.583 22684 22771 V EventLoopManager: switching to idleEventLoop
01-03 20:49:45.583 22684 22771 I FtcEventLoopIdle: ------- idle init --------
01-03 20:49:45.583 22684 22771 V RobotCore: thread: 'opmode loop()' starting...
01-03 20:49:58.657 22684 22750 V Robocol : received command: CMD_INIT_OP_MODE(10313) $Stop$Robot$
01-03 20:49:58.658 22684 22750 V Robocol : received command: CMD_REQUEST_CONFIGURATIONS(10314) 
01-03 20:49:58.658 22684 22749 V Robocol : unable to process command CMD_INIT_OP_MODE callbacks=EventLoopManager
01-03 20:49:58.665 22684 22756 V Robocol : sending CMD_REQUEST_CONFIGURATIONS_RESP(374), attempt: 0
01-03 20:50:00.257 22684 22750 V Robocol : received command: CMD_ACTIVATE_CONFIGURATION(10331) {"isDirty":false,"location":"LOCAL_STORAGE","name":"Relic Recovery Complete","resourceId":0}
01-03 20:50:00.264 22684 22756 V Robocol : sending CMD_NOTIFY_ACTIVE_CONFIGURATION(392), attempt: 0
01-03 20:50:00.359 22684 22750 V Robocol : received command: CMD_REQUEST_PARTICULAR_CONFIGURATION(10334) {"isDirty":false,"location":"LOCAL_STORAGE","name":"Relic Recovery Complete","resourceId":0}
01-03 20:50:00.359 22684 22750 V Robocol : received command: CMD_SCAN(10335) 
01-03 20:50:00.362 22684 22749 V ReadXMLFileHandler: handleLynxModule() mod#=2...
01-03 20:50:00.362 22684 22749 V ConfigurationUtility: buildEmptyLynxModule() mod#=2...
01-03 20:50:00.363 22684 22749 V ConfigurationUtility: ...buildEmptyLynxModule() mod#=2
01-03 20:50:00.363 22684 22749 V ReadXMLFileHandler: ...handleLynxModule() mod#=2
01-03 20:50:00.363 22684 22749 V ReadXMLFileHandler: handleLynxModule() mod#=3...
01-03 20:50:00.363 22684 22749 V ConfigurationUtility: buildEmptyLynxModule() mod#=3...
01-03 20:50:00.363 22684 22749 V ConfigurationUtility: ...buildEmptyLynxModule() mod#=3
