10-29 14:56:32.452 19096  6107 V RobotCore: thread: ...terminating 'LinearOpMode main'
10-29 14:56:32.453 19096 19255 V ThreadPool: awaitTermination returned, isTerminated=true
10-29 14:56:32.453 19096 19255 V ThreadPool: executive service user linear op mode(0x0f4baeeb) is terminated
10-29 14:56:32.454 19096 19255 I RobotCore: Attempting to switch to op mode $Stop$Robot$
10-29 14:56:32.454 19096  6107 V ThreadPool: container(0x0f4baeeb: LinearOpMode) removed id=3300 TID=6107 count=1
10-29 14:56:32.468 19096 32545 V Robocol : sending CMD_NOTIFY_INIT_OP_MODE(15348), attempt: 0
10-29 14:56:32.471 19096 19249 I BatteryChecker: percent remaining: 84 is charging: false
10-29 14:56:32.507 19096 32545 V Robocol : sending CMD_NOTIFY_ACTIVE_CONFIGURATION(15351), attempt: 0
10-29 14:56:32.548 19096 32545 V Robocol : sending CMD_NOTIFY_USER_DEVICE_LIST(15354), attempt: 0
10-29 14:56:32.549 19096 32545 V Robocol : sending CMD_NOTIFY_OP_MODE_LIST(15355), attempt: 0
10-29 14:56:33.331 19096 19096 I BatteryChecker: percent remaining: 84 is charging: false
10-29 14:56:33.333 19096 19096 I BatteryChecker: percent remaining: 84 is charging: false
10-29 14:57:02.381 19096 19255 I RobotCore: robot battery read duration: n=10, mean=3.206ms sd=0.726ms
10-29 14:57:15.448 19096 19106 I art     : Background partial concurrent mark sweep GC freed 380801(12MB) AllocSpace objects, 2(128KB) LOS objects, 39% free, 18MB/31MB, paused 1.653ms total 101.773ms
10-29 14:57:33.493 19096 19096 I BatteryChecker: percent remaining: 84 is charging: false
10-29 14:57:33.494 19096 19096 I BatteryChecker: percent remaining: 84 is charging: false
10-29 14:57:35.553 19096 19096 I BatteryChecker: percent remaining: 84 is charging: false
10-29 14:57:35.557 19096 19096 I BatteryChecker: percent remaining: 84 is charging: false
10-29 14:58:33.646 19096 19096 I BatteryChecker: percent remaining: 84 is charging: false
10-29 14:58:33.647 19096 19096 I BatteryChecker: percent remaining: 84 is charging: false
10-29 14:58:33.751 19096 19096 I BatteryChecker: percent remaining: 84 is charging: false
10-29 14:58:33.753 19096 19096 I BatteryChecker: percent remaining: 84 is charging: false
10-29 14:58:42.321 19096 19102 W art     : Suspending all threads took: 37.340ms
10-29 14:58:42.325 19096 19106 I art     : Background partial concurrent mark sweep GC freed 381407(12MB) AllocSpace objects, 2(128KB) LOS objects, 39% free, 18MB/31MB, paused 1.619ms total 109.023ms
10-29 14:59:26.068 19096 19106 I art     : Background sticky concurrent mark sweep GC freed 385437(12MB) AllocSpace objects, 0(0B) LOS objects, 39% free, 18MB/31MB, paused 1.531ms total 102.146ms
10-29 14:59:33.819 19096 19096 I BatteryChecker: percent remaining: 84 is charging: false
10-29 14:59:33.820 19096 19096 I BatteryChecker: percent remaining: 84 is charging: false
10-29 14:59:33.900 19096 19096 I BatteryChecker: percent remaining: 84 is charging: false
10-29 14:59:33.901 19096 19096 I BatteryChecker: percent remaining: 84 is charging: false
10-29 14:59:34.811 19096 19096 I BatteryChecker: percent remaining: 83 is charging: false
10-29 14:59:34.812 19096 19096 I BatteryChecker: percent remaining: 83 is charging: false
10-29 15:00:03.328 19096 19255 I RobotCore: robot battery read duration: n=10, mean=3.935ms sd=1.286ms
10-29 15:00:34.841 19096 19096 I BatteryChecker: percent remaining: 83 is charging: false
10-29 15:00:34.843 19096 19096 I BatteryChecker: percent remaining: 83 is charging: false
10-29 15:00:35.556 19096 19096 I BatteryChecker: percent remaining: 83 is charging: false
10-29 15:00:35.558 19096 19096 I BatteryChecker: percent remaining: 83 is charging: false
10-29 15:01:34.991 19096 19096 I BatteryChecker: percent remaining: 83 is charging: false
10-29 15:01:34.993 19096 19096 I BatteryChecker: percent remaining: 83 is charging: false
10-29 15:01:36.583 19096 19106 I art     : Background partial concurrent mark sweep GC freed 383312(12MB) AllocSpace objects, 1(64KB) LOS objects, 39% free, 18MB/31MB, paused 2.066ms total 110.042ms
10-29 15:02:35.141 19096 19096 I BatteryChecker: percent remaining: 83 is charging: false
10-29 15:02:35.143 19096 19096 I BatteryChecker: percent remaining: 83 is charging: false
10-29 15:03:03.329 19096 19106 I art     : Background partial concurrent mark sweep GC freed 382774(12MB) AllocSpace objects, 2(128KB) LOS objects, 39% free, 18MB/31MB, paused 1.689ms total 110.938ms
10-29 15:03:04.120 19096 19255 I RobotCore: robot battery read duration: n=10, mean=3.986ms sd=1.133ms
10-29 15:03:35.317 19096 19096 I BatteryChecker: percent remaining: 83 is charging: false
10-29 15:03:35.319 19096 19096 I BatteryChecker: percent remaining: 83 is charging: false
10-29 15:03:35.399 19096 19096 I BatteryChecker: percent remaining: 83 is charging: false
10-29 15:03:35.400 19096 19096 I BatteryChecker: percent remaining: 83 is charging: false
10-29 15:03:35.558 19096 19096 I BatteryChecker: percent remaining: 83 is charging: false
10-29 15:03:35.560 19096 19096 I BatteryChecker: percent remaining: 83 is charging: false
10-29 15:04:35.435 19096 19096 I BatteryChecker: percent remaining: 83 is charging: false
10-29 15:04:35.437 19096 19096 I BatteryChecker: percent remaining: 83 is charging: false
10-29 15:04:35.553 19096 19096 I BatteryChecker: percent remaining: 83 is charging: false
10-29 15:04:35.554 19096 19096 I BatteryChecker: percent remaining: 83 is charging: false
10-29 15:04:48.737 19096 19250 V Robocol : received command: CMD_INIT_OP_MODE(16271) $Stop$Robot$
10-29 15:04:48.740 19096 19249 I BatteryChecker: percent remaining: 83 is charging: false
10-29 15:04:48.749 19096 19255 I RobotCore: Attempting to switch to op mode $Stop$Robot$
10-29 15:04:48.787 19096 32545 V Robocol : sending CMD_NOTIFY_INIT_OP_MODE(22047), attempt: 0
10-29 15:04:53.254 19096 19250 V Robocol : received command: CMD_INIT_OP_MODE(16381) Auto Red 1
10-29 15:04:53.256 19096 19249 I BatteryChecker: percent remaining: 83 is charging: false
10-29 15:04:53.266 19096 19255 I RobotCore: Attempting to switch to op mode Auto Red 1
10-29 15:04:53.454 19096 19255 W LynxPwmOutputController: LynxSetPWMEnableCommand not implemented by lynx hw; ignoring
10-29 15:04:53.465 19096 19255 W LynxPwmOutputController: LynxSetPWMConfigurationCommand not implemented by lynx hw; ignoring
10-29 15:04:53.470 19096 19255 W LynxPwmOutputController: LynxSetPWMEnableCommand not implemented by lynx hw; ignoring
10-29 15:04:53.475 19096 19255 W LynxPwmOutputController: LynxSetPWMConfigurationCommand not implemented by lynx hw; ignoring
10-29 15:04:53.480 19096 19255 W LynxPwmOutputController: LynxSetPWMEnableCommand not implemented by lynx hw; ignoring
10-29 15:04:53.484 19096 19255 W LynxPwmOutputController: LynxSetPWMConfigurationCommand not implemented by lynx hw; ignoring
10-29 15:04:53.488 19096 19255 W LynxPwmOutputController: LynxSetPWMEnableCommand not implemented by lynx hw; ignoring
10-29 15:04:53.492 19096 19255 W LynxPwmOutputController: LynxSetPWMConfigurationCommand not implemented by lynx hw; ignoring
10-29 15:04:53.628 19096 19255 V AMSColorSensorImpl: internalInitialize()...
10-29 15:04:53.664 19096 19255 V AMSColorSensorImpl: state: 07 f6 ff ff 00 00 00 00 00 00 00 00 00 00 08 61 
10-29 15:04:53.665 19096 19255 V AMSColorSensorImpl: state| 00 01 60 33 b6 01 9b 00 a2 
10-29 15:04:53.682 19096 19255 V AMSColorSensorImpl: disable() enabled=0x07...
10-29 15:04:53.715 19096 19255 V AMSColorSensorImpl: ...disable() enabled=0x00
10-29 15:04:53.715 19096 19255 V AMSColorSensorImpl: setIntegrationTime(0xf6)
10-29 15:04:53.728 19096 19255 V AMSColorSensorImpl: setGain(GAIN_4)
10-29 15:04:53.759 19096 19255 V AMSColorSensorImpl: setPDrive(Percent12_5)
10-29 15:04:53.799 19096 19255 V AMSColorSensorImpl: setProximityPulseCount(0x08)
10-29 15:04:53.829 19096 19255 V AMSColorSensorImpl: enable() enabled=0x00...
10-29 15:04:53.877 19096 19255 V AMSColorSensorImpl: ...enable() enabled=0x07
10-29 15:04:53.895 19096 19255 V AMSColorSensorImpl: state: 07 f6 ff ff 00 00 00 00 00 00 00 00 00 00 08 61 
10-29 15:04:53.896 19096 19255 V AMSColorSensorImpl: state| 00 01 60 33 b5 01 9b 00 a1 
10-29 15:04:53.896 19096 19255 V AMSColorSensorImpl: ...internalInitialize()
10-29 15:04:53.900 19096 19255 W LynxPwmOutputController: LynxSetPWMEnableCommand not implemented by lynx hw; ignoring
10-29 15:04:53.904 19096 19255 W LynxPwmOutputController: LynxSetPWMConfigurationCommand not implemented by lynx hw; ignoring
10-29 15:04:53.908 19096 19255 W LynxPwmOutputController: LynxSetPWMEnableCommand not implemented by lynx hw; ignoring
10-29 15:04:53.913 19096 19255 W LynxPwmOutputController: LynxSetPWMConfigurationCommand not implemented by lynx hw; ignoring
10-29 15:04:53.917 19096 19255 W LynxPwmOutputController: LynxSetPWMEnableCommand not implemented by lynx hw; ignoring
10-29 15:04:53.921 19096 19255 W LynxPwmOutputController: LynxSetPWMConfigurationCommand not implemented by lynx hw; ignoring
10-29 15:04:53.926 19096 19255 W LynxPwmOutputController: LynxSetPWMEnableCommand not implemented by lynx hw; ignoring
10-29 15:04:53.931 19096 19255 W LynxPwmOutputController: LynxSetPWMConfigurationCommand not implemented by lynx hw; ignoring
10-29 15:04:53.980 19096 19255 V ThreadPool: container(0x07d632e1: LinearOpMode) added id=3301 TID=0 count=1
10-29 15:04:53.984 19096 17452 V RobotCore: thread: 'LinearOpMode main' starting...
10-29 15:04:53.988 19096 32545 V Robocol : sending CMD_NOTIFY_INIT_OP_MODE(22164), attempt: 0
10-29 15:04:54.060 19096 17452 I MecanumRobot: 0 | init ...
10-29 15:04:54.164 19096 17452 V RobotCore: addr=false data=false arb=false clock=false
10-29 15:04:54.164 19096 17452 E LynxI2cDeviceSynch: readStatusQuery: cbExpected=1 cbRead=0
10-29 15:04:54.164 19096 17452 E LynxI2cDeviceSynch: placeholder: readStatusQuery
10-29 15:04:54.237 19096 17452 V RobotCore: addr=false data=false arb=false clock=false
10-29 15:04:54.237 19096 17452 E LynxI2cDeviceSynch: readStatusQuery: cbExpected=1 cbRead=0
10-29 15:04:54.309 19096 17452 V RobotCore: addr=false data=false arb=false clock=false
10-29 15:04:54.310 19096 17452 E LynxI2cDeviceSynch: readStatusQuery: cbExpected=1 cbRead=0
10-29 15:04:54.384 19096 17452 V RobotCore: addr=false data=false arb=false clock=false
10-29 15:04:54.384 19096 17452 E LynxI2cDeviceSynch: readStatusQuery: cbExpected=1 cbRead=0
10-29 15:04:54.459 19096 17452 V RobotCore: addr=false data=false arb=false clock=false
10-29 15:04:54.459 19096 17452 E LynxI2cDeviceSynch: readStatusQuery: cbExpected=1 cbRead=0
10-29 15:04:54.921 19096 17452 W IMU     : re-issuing IMU mode: system status=IDLE expected=RUNNING_FUSION
10-29 15:04:55.096 19096 17452 I TechNova: MecanumRobot: Init Imu | 1036 | imu initialized ...
10-29 15:04:55.541 19096 17452 I AR      : Vuforia SDK version 6.0.117
10-29 15:04:56.307 19096 17452 I AR      : ObjectTracker: Successfully created dataset
10-29 15:04:56.307 19096 17452 V Vuforia : loading data set 'RelicVuMark'...
10-29 15:04:56.513 19096 17452 V Vuforia : ... done loading data set 'RelicVuMark'
10-29 15:04:56.604 19096 17452 I JewelPusher: Color in Init (R,G, B):153, 158, 145
10-29 15:04:56.625 19096 17452 I TechNova: MecanumRobot: IMU Heading: | 0.2
10-29 15:04:56.625 19096 17452 I VuMarkVision: VuMark | UNKNOWN visible
10-29 15:05:12.054 19096 19250 V Robocol : received command: CMD_RUN_OP_MODE(16549) Auto Red 1
10-29 15:05:12.056 19096 19249 I BatteryChecker: percent remaining: 83 is charging: false
10-29 15:05:12.068 19096 32545 V Robocol : sending CMD_NOTIFY_RUN_OP_MODE(22339), attempt: 0
10-29 15:05:12.142 19096 17452 I TechNova: MecanumRobot: Robot: | Robot starting 18875.8
10-29 15:05:12.203 19096 17452 I RelicRecoveryAutoRed1: RED | State: 0 [START] | 	Start | 	89.1 | 	18887 | 	IMU: 0.4 | 	(x1,x2, y): 41.0, 0.0, 0.0 | 	glyph count:0 | 	UNKNOWN
10-29 15:05:12.269 19096 17452 I RelicRecoveryAutoRed1: RED | State: 0 [START] | 	End | 	139.4 | 	18937 | 	IMU: 0.4 | 	(x1,x2, y): 41.0, 0.0, 0.0 | 	glyph count:0 | 	UNKNOWN
10-29 15:05:12.278 19096 17452 I VuMarkVision: VuMark | UNKNOWN visible
10-29 15:05:12.333 19096 17452 I RelicRecoveryAutoRed1: RED | State: 1 [PUSH_JEWEL] | 	Start | 	214.5 | 	10 | 	IMU: 0.4 | 	(x1,x2, y): 41.0, 0.0, 0.0 | 	glyph count:0 | 	UNKNOWN
10-29 15:05:12.333 19096 17452 I JewelPusher: Deploying jewel pusher arms ...
10-29 15:05:14.226 19096 17452 I TechNova: JewelPusher: Jewel color: : Color: (191|181) 218366980
10-29 15:05:14.307 19096 17452 I TechNova: JewelPusher: JewelColor:RED
10-29 15:05:14.307 19096 17452 I TechNova: JewelPusher: JewelColor:RED
10-29 15:05:14.881 19096 19096 I BatteryChecker: percent remaining: 83 is charging: false
10-29 15:05:14.881 19096 19096 I BatteryChecker: percent remaining: 83 is charging: false
10-29 15:05:15.325 19096 17452 I JewelPusher: Retracting jewel pusher arms ...
10-29 15:05:15.503 19096 17452 I RelicRecoveryAutoRed1: RED | State: 1 [PUSH_JEWEL] | 	End | 	3382.8 | 	3178 | 	IMU: 0.9 | 	(x1,x2, y): 41.0, 0.0, 0.0 | 	glyph count:0 | 	UNKNOWN
10-29 15:05:15.567 19096 17452 I VuMarkVision: VuMark | UNKNOWN visible
10-29 15:05:15.620 19096 17452 I RelicRecoveryAutoRed1: RED | State: 2 [PICK_UP_GLYPH] | 	Start | 	3503.2 | 	64 | 	IMU: 1.0 | 	(x1,x2, y): 31.0, 0.0, 0.0 | 	glyph count:0 | 	UNKNOWN
10-29 15:05:17.829 19096 17452 I RelicRecoveryAutoRed1: RED | State: 2 [PICK_UP_GLYPH] | 	End | 	5693.5 | 	2255 | 	IMU: 0.7 | 	(x1,x2, y): 41.0, 0.0, 0.0 | 	glyph count:616 | 	UNKNOWN
10-29 15:05:17.886 19096 17452 I VuMarkVision: VuMark | CENTER visible
10-29 15:05:17.938 19096 17452 I RelicRecoveryAutoRed1: RED | State: 3 [FORWARD_3_FEET] | 	Start | 	5822.5 | 	57 | 	IMU: 0.7 | 	(x1,x2, y): 41.0, 0.0, 0.0 | 	glyph count:616 | 	CENTER
10-29 15:05:18.138 19096 17452 I TechNova: MecanumRobot: Encoder Remain | 2303
10-29 15:05:18.153 19096 17452 I TechNova: MecanumRobot: EncodersC | 	37	38	41	42
10-29 15:05:18.175 19096 17452 I TechNova: MecanumRobot: EncodersT | 	2325	2326	2326	2325
10-29 15:05:18.269 19096 17452 I TechNova: MecanumRobot: Encoder Remain | 2215
10-29 15:05:18.283 19096 17452 I TechNova: MecanumRobot: EncodersC | 	125	123	130	127
10-29 15:05:18.298 19096 17452 I TechNova: MecanumRobot: EncodersT | 	2325	2326	2326	2325
10-29 15:05:18.411 19096 17452 I TechNova: MecanumRobot: Encoder Remain | 2106
10-29 15:05:18.427 19096 17452 I TechNova: MecanumRobot: EncodersC | 	253	250	255	257
10-29 15:05:18.441 19096 17452 I TechNova: MecanumRobot: EncodersT | 	2325	2326	2326	2325
10-29 15:05:18.546 19096 17452 I TechNova: MecanumRobot: Encoder Remain | 1961
10-29 15:05:18.570 19096 17452 I TechNova: MecanumRobot: EncodersC | 	414	407	425	414
10-29 15:05:18.584 19096 17452 I TechNova: MecanumRobot: EncodersT | 	2325	2326	2326	2325
10-29 15:05:18.701 19096 17452 I TechNova: MecanumRobot: Encoder Remain | 1762
10-29 15:05:18.721 19096 17452 I TechNova: MecanumRobot: EncodersC | 	582	567	591	595
10-29 15:05:18.733 19096 17452 I TechNova: MecanumRobot: EncodersT | 	2325	2326	2326	2325
10-29 15:05:18.831 19096 17452 I TechNova: MecanumRobot: Encoder Remain | 1646
10-29 15:05:18.852 19096 17452 I TechNova: MecanumRobot: EncodersC | 	730	688	741	703
10-29 15:05:18.866 19096 17452 I TechNova: MecanumRobot: EncodersT | 	2325	2326	2326	2325
10-29 15:05:18.955 19096 17452 I TechNova: MecanumRobot: Encoder Remain | 1510
10-29 15:05:18.969 19096 17452 I TechNova: MecanumRobot: EncodersC | 	855	812	855	827
10-29 15:05:18.990 19096 17452 I TechNova: MecanumRobot: EncodersT | 	2325	2326	2326	2325
10-29 15:05:19.087 19096 17452 I TechNova: MecanumRobot: Encoder Remain | 1380
10-29 15:05:19.110 19096 17452 I TechNova: MecanumRobot: EncodersC | 	1004	956	1013	974
10-29 15:05:19.130 19096 17452 I TechNova: MecanumRobot: EncodersT | 	2325	2326	2326	2325
10-29 15:05:19.248 19096 17452 I TechNova: MecanumRobot: Encoder Remain | 1213
10-29 15:05:19.264 19096 17452 I TechNova: MecanumRobot: EncodersC | 	1175	1127	1170	1136
10-29 15:05:19.282 19096 17452 I TechNova: MecanumRobot: EncodersT | 	2325	2326	2326	2325
10-29 15:05:19.384 19096 17452 I TechNova: MecanumRobot: Encoder Remain | 1058
10-29 15:05:19.400 19096 17452 I TechNova: MecanumRobot: EncodersC | 	1297	1259	1289	1263
10-29 15:05:19.414 19096 17452 I TechNova: MecanumRobot: EncodersT | 	2325	2326	2326	2325
10-29 15:05:19.512 19096 17452 I TechNova: MecanumRobot: Encoder Remain | 963
10-29 15:05:19.525 19096 17452 I TechNova: MecanumRobot: EncodersC | 	1402	1357	1402	1362
10-29 15:05:19.543 19096 17452 I TechNova: MecanumRobot: EncodersT | 	2325	2326	2326	2325
10-29 15:05:19.648 19096 17452 I TechNova: MecanumRobot: Encoder Remain | 843
10-29 15:05:19.662 19096 17452 I TechNova: MecanumRobot: EncodersC | 	1534	1487	1535	1493
10-29 15:05:19.676 19096 17452 I TechNova: MecanumRobot: EncodersT | 	2325	2326	2326	2325
10-29 15:05:19.791 19096 17452 I TechNova: MecanumRobot: Encoder Remain | 695
10-29 15:05:19.806 19096 17452 I TechNova: MecanumRobot: EncodersC | 	1683	1639	1682	1644
10-29 15:05:19.820 19096 17452 I TechNova: MecanumRobot: EncodersT | 	2325	2326	2326	2325
10-29 15:05:19.934 19096 17452 I TechNova: MecanumRobot: Encoder Remain | 546
10-29 15:05:19.952 19096 17452 I TechNova: MecanumRobot: EncodersC | 	1831	1785	1832	1795
10-29 15:05:19.971 19096 17452 I TechNova: MecanumRobot: EncodersT | 	2325	2326	2326	2325
10-29 15:05:20.075 19096 17452 I TechNova: MecanumRobot: Encoder Remain | 401
10-29 15:05:20.090 19096 17452 I TechNova: MecanumRobot: EncodersC | 	1977	1930	1972	1935
10-29 15:05:20.108 19096 17452 I TechNova: MecanumRobot: EncodersT | 	2325	2326	2326	2325
10-29 15:05:20.217 19096 17452 I TechNova: MecanumRobot: Encoder Remain | 260
10-29 15:05:20.232 19096 17452 I TechNova: MecanumRobot: EncodersC | 	2124	2078	2118	2080
10-29 15:05:20.250 19096 17452 I TechNova: MecanumRobot: EncodersT | 	2325	2326	2326	2325
10-29 15:05:20.368 19096 17452 I TechNova: MecanumRobot: Encoder Remain | 101
10-29 15:05:20.387 19096 17452 I TechNova: MecanumRobot: EncodersC | 	2278	2235	2274	2239
10-29 15:05:20.399 19096 17452 I TechNova: MecanumRobot: EncodersT | 	2325	2326	2326	2325
10-29 15:05:20.493 19096 17452 I TechNova: MecanumRobot: Encoder Remain | 14
10-29 15:05:20.507 19096 17452 I TechNova: MecanumRobot: EncodersC | 	2341	2303	2340	2315
10-29 15:05:20.523 19096 17452 I TechNova: MecanumRobot: EncodersT | 	2325	2326	2326	2325
10-29 15:05:20.735 19096 17452 I RelicRecoveryAutoRed1: RED | State: 3 [FORWARD_3_FEET] | 	End | 	8619.8 | 	2854 | 	IMU: 0.8 | 	(x1,x2, y): 34.0, 0.0, 0.0 | 	glyph count:608 | 	CENTER
10-29 15:05:20.804 19096 17452 I RelicRecoveryAutoRed1: RED | State: 4 [TURN_TO_90_DEGREE] | 	Start | 	8682.2 | 	11 | 	IMU: 0.9 | 	(x1,x2, y): 34.0, 0.0, 0.0 | 	glyph count:608 | 	CENTER
10-29 15:05:22.414 19096 19102 W art     : Suspending all threads took: 84.061ms
10-29 15:05:24.448 19096 17452 I RelicRecoveryAutoRed1: RED | State: 4 [TURN_TO_90_DEGREE] | 	End | 	12315.5 | 	3644 | 	IMU: -89.8 | 	(x1,x2, y): 51.0, 0.0, 0.0 | 	glyph count:608 | 	CENTER
10-29 15:05:24.504 19096 17452 I RelicRecoveryAutoRed1: RED | State: 5 [FORWARD_1_FEET] | 	Start | 	12384.1 | 	0 | 	IMU: -90.6 | 	(x1,x2, y): 50.0, 0.0, 0.0 | 	glyph count:608 | 	CENTER
10-29 15:05:24.720 19096 17452 I TechNova: MecanumRobot: Encoder Remain | 235
10-29 15:05:24.746 19096 17452 I TechNova: MecanumRobot: EncodersC | 	47	39	57	46
10-29 15:05:24.765 19096 17452 I TechNova: MecanumRobot: EncodersT | 	266	267	267	266
10-29 15:05:24.862 19096 17452 I TechNova: MecanumRobot: Encoder Remain | 147
10-29 15:05:24.888 19096 17452 I TechNova: MecanumRobot: EncodersC | 	144	144	164	158
10-29 15:05:24.909 19096 17452 I TechNova: MecanumRobot: EncodersT | 	266	267	267	266
10-29 15:05:25.016 19096 17452 I TechNova: MecanumRobot: Encoder Remain | 21
10-29 15:05:25.030 19096 17452 I TechNova: MecanumRobot: EncodersC | 	248	259	253	259
10-29 15:05:25.047 19096 17452 I TechNova: MecanumRobot: EncodersT | 	266	267	267	266
10-29 15:05:25.158 19096 17452 I TechNova: MecanumRobot: Encoder Remain | 4
10-29 15:05:25.177 19096 17452 I TechNova: MecanumRobot: EncodersC | 	275	267	273	268
10-29 15:05:25.196 19096 17452 I TechNova: MecanumRobot: EncodersT | 	266	267	267	266
10-29 15:05:25.399 19096 17452 I RelicRecoveryAutoRed1: RED | State: 5 [FORWARD_1_FEET] | 	End | 	13270.9 | 	887 | 	IMU: -90.2 | 	(x1,x2, y): 50.0, 0.0, 0.0 | 	glyph count:608 | 	CENTER
10-29 15:05:25.453 19096 17452 I RelicRecoveryAutoRed1: RED | State: 6 [ALIGN_TO_CRYPTOBOX] | 	Start | 	13343.1 | 	8 | 	IMU: -90.2 | 	(x1,x2, y): 50.0, 0.0, 0.0 | 	glyph count:608 | 	CENTER
10-29 15:05:26.000 19096 17452 I TechNova: RelicRecoveryAutoRed1: X range: | CENTER | 50.28 cm
10-29 15:05:26.048 19096 17452 I RelicRecoveryAutoRed1: RED | State: 6 [ALIGN_TO_CRYPTOBOX] | 	End | 	13935.7 | 	601 | 	IMU: -90.2 | 	(x1,x2, y): 50.0, 0.0, 0.0 | 	glyph count:608 | 	CENTER
10-29 15:05:26.153 19096 17452 I RelicRecoveryAutoRed1: RED | State: 7 [PLACE_GLYPH_INTO_CRYPTO] | 	Start | 	14034.7 | 	53 | 	IMU: -90.2 | 	(x1,x2, y): 50.0, 0.0, 0.0 | 	glyph count:608 | 	CENTER
10-29 15:05:26.154 19096 17452 I TechNova: RelicRecoveryAutoRed1:  --- Open Grabber --- 
10-29 15:05:26.387 19096 17452 I TechNova: RelicRecoveryAutoRed1:  --- Drive forward to push --- 
10-29 15:05:26.580 19096 17452 I TechNova: MecanumRobot: Encoder Remain | 242
10-29 15:05:26.596 19096 17452 I TechNova: MecanumRobot: EncodersC | 	50	29	40	28
10-29 15:05:26.615 19096 17452 I TechNova: MecanumRobot: EncodersT | 	266	267	267	266
10-29 15:05:26.715 19096 17452 I TechNova: MecanumRobot: Encoder Remain | 158
10-29 15:05:26.732 19096 17452 I TechNova: MecanumRobot: EncodersC | 	145	118	133	124
10-29 15:05:26.750 19096 17452 I TechNova: MecanumRobot: EncodersT | 	266	267	267	266
10-29 15:05:26.864 19096 17452 I TechNova: MecanumRobot: Encoder Remain | 32
10-29 15:05:26.886 19096 17452 I TechNova: MecanumRobot: EncodersC | 	255	247	242	253
10-29 15:05:26.903 19096 17452 I TechNova: MecanumRobot: EncodersT | 	266	267	267	266
10-29 15:05:27.012 19096 17452 I TechNova: MecanumRobot: Encoder Remain | 8
10-29 15:05:27.027 19096 17452 I TechNova: MecanumRobot: EncodersC | 	280	261	272	266
10-29 15:05:27.044 19096 17452 I TechNova: MecanumRobot: EncodersT | 	266	267	267	266
10-29 15:05:27.160 19096 17452 I TechNova: RelicRecoveryAutoRed1:  --- Drive backward to finish --- 
10-29 15:05:27.367 19096 17452 I TechNova: MecanumRobot: Encoder Remain | 375
10-29 15:05:27.386 19096 17452 I TechNova: MecanumRobot: EncodersC | 	-25	-53	-33	-57
10-29 15:05:27.412 19096 17452 I TechNova: MecanumRobot: EncodersT | 	-400	-401	-401	-400
10-29 15:05:27.516 19096 17452 I TechNova: MecanumRobot: Encoder Remain | 272
10-29 15:05:27.533 19096 17452 I TechNova: MecanumRobot: EncodersC | 	-132	-158	-147	-171
10-29 15:05:27.550 19096 17452 I TechNova: MecanumRobot: EncodersT | 	-400	-401	-401	-400
10-29 15:05:27.650 19096 17452 I TechNova: MecanumRobot: Encoder Remain | 147
10-29 15:05:27.671 19096 17452 I TechNova: MecanumRobot: EncodersC | 	-264	-288	-280	-304
10-29 15:05:27.685 19096 17452 I TechNova: MecanumRobot: EncodersT | 	-400	-401	-401	-400
10-29 15:05:27.793 19096 17452 I TechNova: MecanumRobot: Encoder Remain | 24
10-29 15:05:27.815 19096 17452 I TechNova: MecanumRobot: EncodersC | 	-379	-392	-376	-401
10-29 15:05:27.834 19096 17452 I TechNova: MecanumRobot: EncodersT | 	-400	-401	-401	-400
10-29 15:05:27.940 19096 17452 I TechNova: MecanumRobot: Encoder Remain | 6
10-29 15:05:27.955 19096 17452 I TechNova: MecanumRobot: EncodersC | 	-391	-403	-397	-410
10-29 15:05:27.977 19096 17452 I TechNova: MecanumRobot: EncodersT | 	-400	-401	-401	-400
10-29 15:05:33.176 19096 17452 I RelicRecoveryAutoRed1: RED | State: 7 [PLACE_GLYPH_INTO_CRYPTO] | 	End | 	21051.7 | 	7067 | 	IMU: 99.8 | 	(x1,x2, y): 50.0, 0.0, 0.0 | 	glyph count:608 | 	CENTER
10-29 15:05:33.231 19096 17452 I RelicRecoveryAutoRed1: RED | State: 8 [RESET_GLYPH_LIFT] | 	Start | 	21117.1 | 	4 | 	IMU: 99.3 | 	(x1,x2, y): 50.0, 0.0, 0.0 | 	glyph count:608 | 	CENTER
10-29 15:05:34.331 19096 17452 I RelicRecoveryAutoRed1: RED | State: 8 [RESET_GLYPH_LIFT] | 	End | 	22218.2 | 	1105 | 	IMU: 99.8 | 	(x1,x2, y): 50.0, 0.0, 0.0 | 	glyph count:-95 | 	CENTER
10-29 15:05:34.385 19096 17452 V RobotCore: thread: ...terminating 'LinearOpMode main'
10-29 15:05:34.387 19096 19255 I FtcEventLoop: auto-stopping OpMode 'Auto Red 1'
10-29 15:05:34.387 19096 19255 V ThreadPool: waiting for service user linear op mode
10-29 15:05:34.387 19096 17452 V ThreadPool: container(0x07d632e1: LinearOpMode) removed id=3301 TID=17452 count=1
10-29 15:05:34.388 19096 19255 V ThreadPool: awaitTermination returned, isTerminated=true
10-29 15:05:34.388 19096 19255 V ThreadPool: executive service user linear op mode(0x07d632e1) is terminated
10-29 15:05:34.633 19096 19255 V ThreadPool: executive service user linear op mode(0x07d632e1) is terminated
10-29 15:05:34.633 19096 19255 I RobotCore: Attempting to switch to op mode $Stop$Robot$
10-29 15:05:34.668 19096 32545 V Robocol : sending CMD_NOTIFY_INIT_OP_MODE(22583), attempt: 0
10-29 15:05:34.695 19096 19250 V Robocol : received command: CMD_RUN_OP_MODE(16774) $Stop$Robot$
10-29 15:05:34.696 19096 19249 I BatteryChecker: percent remaining: 83 is charging: false
10-29 15:05:34.708 19096 32545 V Robocol : sending CMD_NOTIFY_RUN_OP_MODE(22589), attempt: 0
10-29 15:05:35.575 19096 19250 V Robocol : received command: CMD_INIT_OP_MODE(16790) $Stop$Robot$
10-29 15:05:35.577 19096 19249 I BatteryChecker: percent remaining: 83 is charging: false
10-29 15:05:35.587 19096 19255 I RobotCore: Attempting to switch to op mode $Stop$Robot$
10-29 15:05:35.627 19096 32545 V Robocol : sending CMD_NOTIFY_INIT_OP_MODE(22607), attempt: 0
10-29 15:05:35.677 19096 19255 I RobotCore: Attempting to switch to op mode Relic Recovery TeleOps (Linear)
10-29 15:05:35.695 19096 19250 V Robocol : received command: CMD_RUN_OP_MODE(16796) $Stop$Robot$
10-29 15:05:35.712 19096 19096 I BatteryChecker: percent remaining: 83 is charging: false
10-29 15:05:35.713 19096 19096 I BatteryChecker: percent remaining: 83 is charging: false
10-29 15:05:35.876 19096 19255 W LynxPwmOutputController: LynxSetPWMEnableCommand not implemented by lynx hw; ignoring
10-29 15:05:35.883 19096 19255 W LynxPwmOutputController: LynxSetPWMConfigurationCommand not implemented by lynx hw; ignoring
10-29 15:05:35.888 19096 19255 W LynxPwmOutputController: LynxSetPWMEnableCommand not implemented by lynx hw; ignoring
10-29 15:05:35.894 19096 19255 W LynxPwmOutputController: LynxSetPWMConfigurationCommand not implemented by lynx hw; ignoring
10-29 15:05:35.900 19096 19255 W LynxPwmOutputController: LynxSetPWMEnableCommand not implemented by lynx hw; ignoring
10-29 15:05:35.905 19096 19255 W LynxPwmOutputController: LynxSetPWMConfigurationCommand not implemented by lynx hw; ignoring
10-29 15:05:35.910 19096 19255 W LynxPwmOutputController: LynxSetPWMEnableCommand not implemented by lynx hw; ignoring
10-29 15:05:35.914 19096 19255 W LynxPwmOutputController: LynxSetPWMConfigurationCommand not implemented by lynx hw; ignoring
10-29 15:05:36.060 19096 19255 V AMSColorSensorImpl: internalInitialize()...
10-29 15:05:36.097 19096 19255 V AMSColorSensorImpl: state: 07 f6 ff ff 00 00 00 00 00 00 00 00 00 00 08 61 
10-29 15:05:36.097 19096 19255 V AMSColorSensorImpl: state| 00 01 60 33 1e 02 cb 00 c4 
10-29 15:05:36.116 19096 19255 V AMSColorSensorImpl: disable() enabled=0x07...
10-29 15:05:36.153 19096 19255 V AMSColorSensorImpl: ...disable() enabled=0x00
10-29 15:05:36.153 19096 19255 V AMSColorSensorImpl: setIntegrationTime(0xf6)
10-29 15:05:36.166 19096 19255 V AMSColorSensorImpl: setGain(GAIN_4)
10-29 15:05:36.196 19096 19255 V AMSColorSensorImpl: setPDrive(Percent12_5)
10-29 15:05:36.226 19096 19255 V AMSColorSensorImpl: setProximityPulseCount(0x08)
10-29 15:05:36.255 19096 19255 V AMSColorSensorImpl: enable() enabled=0x00...
10-29 15:05:36.308 19096 19255 V AMSColorSensorImpl: ...enable() enabled=0x07
10-29 15:05:36.326 19096 19255 V AMSColorSensorImpl: state: 07 f6 ff ff 00 00 00 00 00 00 00 00 00 00 08 61 
10-29 15:05:36.327 19096 19255 V AMSColorSensorImpl: state| 00 01 60 33 27 02 cf 00 c7 
10-29 15:05:36.327 19096 19255 V AMSColorSensorImpl: ...internalInitialize()
10-29 15:05:36.331 19096 19255 W LynxPwmOutputController: LynxSetPWMEnableCommand not implemented by lynx hw; ignoring
10-29 15:05:36.336 19096 19255 W LynxPwmOutputController: LynxSetPWMConfigurationCommand not implemented by lynx hw; ignoring
10-29 15:05:36.340 19096 19255 W LynxPwmOutputController: LynxSetPWMEnableCommand not implemented by lynx hw; ignoring
10-29 15:05:36.344 19096 19255 W LynxPwmOutputController: LynxSetPWMConfigurationCommand not implemented by lynx hw; ignoring
10-29 15:05:36.349 19096 19255 W LynxPwmOutputController: LynxSetPWMEnableCommand not implemented by lynx hw; ignoring
10-29 15:05:36.354 19096 19255 W LynxPwmOutputController: LynxSetPWMConfigurationCommand not implemented by lynx hw; ignoring
10-29 15:05:36.357 19096 19255 W LynxPwmOutputController: LynxSetPWMEnableCommand not implemented by lynx hw; ignoring
10-29 15:05:36.362 19096 19255 W LynxPwmOutputController: LynxSetPWMConfigurationCommand not implemented by lynx hw; ignoring
10-29 15:05:36.417 19096 19255 V ThreadPool: container(0x01a2d853: LinearOpMode) added id=3315 TID=0 count=1
10-29 15:05:36.419 19096 19249 I BatteryChecker: percent remaining: 83 is charging: false
10-29 15:05:36.420 19096 18122 V RobotCore: thread: 'LinearOpMode main' starting...
10-29 15:05:36.428 19096 32545 V Robocol : sending CMD_NOTIFY_INIT_OP_MODE(22623), attempt: 0
10-29 15:05:36.430 19096 19255 V ThreadPool: waiting for service user linear op mode
10-29 15:05:36.430 19096 19249 E Robocol : command processing took 0.732 s: command=CMD_RUN_OP_MODE
10-29 15:05:36.437 19096 18122 V RobotCore: thread: ...terminating 'LinearOpMode main'
10-29 15:05:36.438 19096 18122 V ThreadPool: container(0x01a2d853: LinearOpMode) removed id=3315 TID=18122 count=1
10-29 15:05:36.438 19096 19255 V ThreadPool: awaitTermination returned, isTerminated=true
10-29 15:05:36.438 19096 19255 V ThreadPool: executive service user linear op mode(0x01a2d853) is terminated
10-29 15:05:36.438 19096 19255 I RobotCore: Attempting to switch to op mode $Stop$Robot$
10-29 15:05:36.468 19096 32545 V Robocol : sending CMD_NOTIFY_INIT_OP_MODE(22630), attempt: 0
10-29 15:05:36.468 19096 32545 V Robocol : sending CMD_NOTIFY_RUN_OP_MODE(22631), attempt: 0
10-29 15:05:36.497 19096 19250 V Robocol : received command: CMD_RUN_OP_MODE(16812) $Stop$Robot$
10-29 15:05:36.498 19096 19249 I BatteryChecker: percent remaining: 83 is charging: false
10-29 15:05:36.508 19096 32545 V Robocol : sending CMD_NOTIFY_RUN_OP_MODE(22638), attempt: 0
10-29 15:05:43.670 19096 19106 I art     : Background partial concurrent mark sweep GC freed 332613(11MB) AllocSpace objects, 10(15MB) LOS objects, 39% free, 24MB/40MB, paused 1.741ms total 134.671ms
10-29 15:05:44.403 19096 19250 V Robocol : received command: CMD_INIT_OP_MODE(16915) Relic Recovery TeleOps (Linear)
10-29 15:05:44.405 19096 19249 I BatteryChecker: percent remaining: 83 is charging: false
10-29 15:05:44.417 19096 19255 I RobotCore: Attempting to switch to op mode Relic Recovery TeleOps (Linear)
10-29 15:05:44.569 19096 19255 W LynxPwmOutputController: LynxSetPWMEnableCommand not implemented by lynx hw; ignoring
10-29 15:05:44.573 19096 19255 W LynxPwmOutputController: LynxSetPWMConfigurationCommand not implemented by lynx hw; ignoring
10-29 15:05:44.578 19096 19255 W LynxPwmOutputController: LynxSetPWMEnableCommand not implemented by lynx hw; ignoring
10-29 15:05:44.583 19096 19255 W LynxPwmOutputController: LynxSetPWMConfigurationCommand not implemented by lynx hw; ignoring
10-29 15:05:44.587 19096 19255 W LynxPwmOutputController: LynxSetPWMEnableCommand not implemented by lynx hw; ignoring
10-29 15:05:44.591 19096 19255 W LynxPwmOutputController: LynxSetPWMConfigurationCommand not implemented by lynx hw; ignoring
10-29 15:05:44.595 19096 19255 W LynxPwmOutputController: LynxSetPWMEnableCommand not implemented by lynx hw; ignoring
10-29 15:05:44.599 19096 19255 W LynxPwmOutputController: LynxSetPWMConfigurationCommand not implemented by lynx hw; ignoring
10-29 15:05:44.732 19096 19255 V AMSColorSensorImpl: internalInitialize()...
10-29 15:05:44.765 19096 19255 V AMSColorSensorImpl: state: 07 f6 ff ff 00 00 00 00 00 00 00 00 00 00 08 61 
10-29 15:05:44.766 19096 19255 V AMSColorSensorImpl: state| 00 01 60 33 7c 02 ef 00 e5 
10-29 15:05:44.783 19096 19255 V AMSColorSensorImpl: disable() enabled=0x07...
10-29 15:05:44.819 19096 19255 V AMSColorSensorImpl: ...disable() enabled=0x00
10-29 15:05:44.819 19096 19255 V AMSColorSensorImpl: setIntegrationTime(0xf6)
10-29 15:05:44.832 19096 19255 V AMSColorSensorImpl: setGain(GAIN_4)
10-29 15:05:44.864 19096 19255 V AMSColorSensorImpl: setPDrive(Percent12_5)
10-29 15:05:44.903 19096 19255 V AMSColorSensorImpl: setProximityPulseCount(0x08)
10-29 15:05:44.931 19096 19255 V AMSColorSensorImpl: enable() enabled=0x00...
10-29 15:05:44.980 19096 19255 V AMSColorSensorImpl: ...enable() enabled=0x07
10-29 15:05:44.998 19096 19255 V AMSColorSensorImpl: state: 07 f6 ff ff 00 00 00 00 00 00 00 00 00 00 08 61 
10-29 15:05:44.998 19096 19255 V AMSColorSensorImpl: state| 00 01 60 33 7a 02 ee 00 e4 
10-29 15:05:44.998 19096 19255 V AMSColorSensorImpl: ...internalInitialize()
10-29 15:05:45.004 19096 19255 W LynxPwmOutputController: LynxSetPWMEnableCommand not implemented by lynx hw; ignoring
10-29 15:05:45.008 19096 19255 W LynxPwmOutputController: LynxSetPWMConfigurationCommand not implemented by lynx hw; ignoring
10-29 15:05:45.012 19096 19255 W LynxPwmOutputController: LynxSetPWMEnableCommand not implemented by lynx hw; ignoring
10-29 15:05:45.016 19096 19255 W LynxPwmOutputController: LynxSetPWMConfigurationCommand not implemented by lynx hw; ignoring
10-29 15:05:45.020 19096 19255 W LynxPwmOutputController: LynxSetPWMEnableCommand not implemented by lynx hw; ignoring
10-29 15:05:45.024 19096 19255 W LynxPwmOutputController: LynxSetPWMConfigurationCommand not implemented by lynx hw; ignoring
10-29 15:05:45.027 19096 19255 W LynxPwmOutputController: LynxSetPWMEnableCommand not implemented by lynx hw; ignoring
10-29 15:05:45.031 19096 19255 W LynxPwmOutputController: LynxSetPWMConfigurationCommand not implemented by lynx hw; ignoring
10-29 15:05:45.080 19096 19255 V ThreadPool: container(0x004ebe89: LinearOpMode) added id=3316 TID=0 count=1
10-29 15:05:45.083 19096 18246 V RobotCore: thread: 'LinearOpMode main' starting...
10-29 15:05:45.108 19096 32545 V Robocol : sending CMD_NOTIFY_INIT_OP_MODE(22757), attempt: 0
10-29 15:05:46.936 19096 19250 V EventLoopManager: synthetic gamepad received: id=-2 user=TWO atRest=true 
10-29 15:06:03.898 19096 19250 V Robocol : received command: CMD_RUN_OP_MODE(17214) Relic Recovery TeleOps (Linear)
10-29 15:06:03.900 19096 19249 I BatteryChecker: percent remaining: 83 is charging: false
10-29 15:06:03.948 19096 32545 V Robocol : sending CMD_NOTIFY_RUN_OP_MODE(23057), attempt: 0
10-29 15:06:07.053 19096 18246 I RobotCore: robot battery read duration: n=10, mean=3.810ms sd=0.753ms
10-29 15:06:13.752 19096 19106 I art     : Background sticky concurrent mark sweep GC freed 468677(15MB) AllocSpace objects, 2(128KB) LOS objects, 39% free, 24MB/40MB, paused 1.678ms total 108.832ms
10-29 15:06:28.509 19096 19106 I art     : Background partial concurrent mark sweep GC freed 502013(16MB) AllocSpace objects, 3(4MB) LOS objects, 39% free, 18MB/31MB, paused 1.869ms total 115.155ms
10-29 15:06:35.560 19096 19096 I BatteryChecker: percent remaining: 83 is charging: false
10-29 15:06:35.562 19096 19096 I BatteryChecker: percent remaining: 83 is charging: false
10-29 15:06:35.798 19096 19096 I BatteryChecker: percent remaining: 82 is charging: false
10-29 15:06:35.799 19096 19096 I BatteryChecker: percent remaining: 82 is charging: false
10-29 15:07:35.917 19096 19096 I BatteryChecker: percent remaining: 82 is charging: false
10-29 15:07:35.918 19096 19096 I BatteryChecker: percent remaining: 82 is charging: false
10-29 15:07:36.028 19096 19096 I BatteryChecker: percent remaining: 82 is charging: false
10-29 15:07:36.029 19096 19096 I BatteryChecker: percent remaining: 82 is charging: false
10-29 15:08:11.804 19096 19102 W art     : Suspending all threads took: 34.138ms
10-29 15:08:32.575 19096 19250 V Robocol : received command: CMD_INIT_OP_MODE(23348) $Stop$Robot$
10-29 15:08:32.577 19096 19249 I BatteryChecker: percent remaining: 82 is charging: false
10-29 15:08:32.589 19096 19255 V ThreadPool: waiting for service user linear op mode
10-29 15:08:32.591 19096 18246 V RobotCore: thread: ...terminating 'LinearOpMode main'
10-29 15:08:32.591 19096 19255 V ThreadPool: awaitTermination returned, isTerminated=true
10-29 15:08:32.591 19096 18246 V ThreadPool: container(0x004ebe89: LinearOpMode) removed id=3316 TID=18246 count=1
10-29 15:08:32.591 19096 19255 V ThreadPool: executive service user linear op mode(0x004ebe89) is terminated
10-29 15:08:32.591 19096 19255 I RobotCore: Attempting to switch to op mode $Stop$Robot$
10-29 15:08:32.627 19096 32545 V Robocol : sending CMD_NOTIFY_INIT_OP_MODE(29192), attempt: 0
10-29 15:08:32.696 19096 19250 V Robocol : received command: CMD_RUN_OP_MODE(23355) $Stop$Robot$
10-29 15:08:32.697 19096 19249 I BatteryChecker: percent remaining: 82 is charging: false
10-29 15:08:32.708 19096 32545 V Robocol : sending CMD_NOTIFY_RUN_OP_MODE(29198), attempt: 0
10-29 15:08:36.101 19096 19096 I BatteryChecker: percent remaining: 82 is charging: false
10-29 15:08:36.103 19096 19096 I BatteryChecker: percent remaining: 82 is charging: false
10-29 15:08:36.202 19096 19096 I BatteryChecker: percent remaining: 82 is charging: false
10-29 15:08:36.203 19096 19096 I BatteryChecker: percent remaining: 82 is charging: false
10-29 15:08:41.098 19096 19106 I art     : Background partial concurrent mark sweep GC freed 373636(12MB) AllocSpace objects, 1(64KB) LOS objects, 39% free, 18MB/31MB, paused 1.545ms total 100.085ms
10-29 15:09:07.343 19096 19255 I RobotCore: robot battery read duration: n=10, mean=3.849ms sd=0.664ms
10-29 15:09:35.563 19096 19096 I BatteryChecker: percent remaining: 82 is charging: false
10-29 15:09:35.566 19096 19096 I BatteryChecker: percent remaining: 82 is charging: false
10-29 15:09:36.273 19096 19096 I BatteryChecker: percent remaining: 82 is charging: false
10-29 15:09:36.275 19096 19096 I BatteryChecker: percent remaining: 82 is charging: false
10-29 15:09:36.365 19096 19096 I BatteryChecker: percent remaining: 82 is charging: false
10-29 15:09:36.367 19096 19096 I BatteryChecker: percent remaining: 82 is charging: false
10-29 15:11:19.055 19096 19250 V Robocol : received command: CMD_INIT_OP_MODE(25641) $Stop$Robot$
10-29 15:11:19.057 19096 19249 I BatteryChecker: percent remaining: 82 is charging: false
10-29 15:11:19.066 19096 19255 I RobotCore: Attempting to switch to op mode $Stop$Robot$
10-29 15:11:19.108 19096 32545 V Robocol : sending CMD_NOTIFY_INIT_OP_MODE(31633), attempt: 0
10-29 15:11:19.136 19096 19250 V Robocol : received command: CMD_RUN_OP_MODE(25651) $Stop$Robot$
10-29 15:11:19.138 19096 19249 I BatteryChecker: percent remaining: 82 is charging: false
10-29 15:11:19.188 19096 32545 V Robocol : sending CMD_NOTIFY_RUN_OP_MODE(31640), attempt: 0
10-29 15:11:22.495 19096 19250 V Robocol : received command: CMD_INIT_OP_MODE(25743) Auto Red 1
10-29 15:11:22.497 19096 19249 I BatteryChecker: percent remaining: 82 is charging: false
10-29 15:11:22.507 19096 19255 I RobotCore: Attempting to switch to op mode Auto Red 1
10-29 15:11:22.696 19096 19255 W LynxPwmOutputController: LynxSetPWMEnableCommand not implemented by lynx hw; ignoring
10-29 15:11:22.703 19096 19255 W LynxPwmOutputController: LynxSetPWMConfigurationCommand not implemented by lynx hw; ignoring
10-29 15:11:22.709 19096 19255 W LynxPwmOutputController: LynxSetPWMEnableCommand not implemented by lynx hw; ignoring
10-29 15:11:22.714 19096 19255 W LynxPwmOutputController: LynxSetPWMConfigurationCommand not implemented by lynx hw; ignoring
10-29 15:11:22.720 19096 19255 W LynxPwmOutputController: LynxSetPWMEnableCommand not implemented by lynx hw; ignoring
10-29 15:11:22.724 19096 19255 W LynxPwmOutputController: LynxSetPWMConfigurationCommand not implemented by lynx hw; ignoring
10-29 15:11:22.730 19096 19255 W LynxPwmOutputController: LynxSetPWMEnableCommand not implemented by lynx hw; ignoring
10-29 15:11:22.734 19096 19255 W LynxPwmOutputController: LynxSetPWMConfigurationCommand not implemented by lynx hw; ignoring
10-29 15:11:22.890 19096 19255 V AMSColorSensorImpl: internalInitialize()...
10-29 15:11:22.923 19096 19255 V AMSColorSensorImpl: state: 07 f6 ff ff 00 00 00 00 00 00 00 00 00 00 08 61 
10-29 15:11:22.923 19096 19255 V AMSColorSensorImpl: state| 00 01 60 33 36 01 71 00 73 
10-29 15:11:22.939 19096 19255 V AMSColorSensorImpl: disable() enabled=0x07...
10-29 15:11:22.975 19096 19255 V AMSColorSensorImpl: ...disable() enabled=0x00
10-29 15:11:22.975 19096 19255 V AMSColorSensorImpl: setIntegrationTime(0xf6)
10-29 15:11:22.988 19096 19255 V AMSColorSensorImpl: setGain(GAIN_4)
10-29 15:11:23.020 19096 19255 V AMSColorSensorImpl: setPDrive(Percent12_5)
10-29 15:11:23.051 19096 19255 V AMSColorSensorImpl: setProximityPulseCount(0x08)
10-29 15:11:23.082 19096 19255 V AMSColorSensorImpl: enable() enabled=0x00...
10-29 15:11:23.134 19096 19255 V AMSColorSensorImpl: ...enable() enabled=0x07
10-29 15:11:23.152 19096 19255 V AMSColorSensorImpl: state: 07 f6 ff ff 00 00 00 00 00 00 00 00 00 00 08 61 
10-29 15:11:23.152 19096 19255 V AMSColorSensorImpl: state| 00 01 60 33 36 01 71 00 73 
10-29 15:11:23.153 19096 19255 V AMSColorSensorImpl: ...internalInitialize()
10-29 15:11:23.156 19096 19255 W LynxPwmOutputController: LynxSetPWMEnableCommand not implemented by lynx hw; ignoring
10-29 15:11:23.160 19096 19255 W LynxPwmOutputController: LynxSetPWMConfigurationCommand not implemented by lynx hw; ignoring
10-29 15:11:23.165 19096 19255 W LynxPwmOutputController: LynxSetPWMEnableCommand not implemented by lynx hw; ignoring
10-29 15:11:23.169 19096 19255 W LynxPwmOutputController: LynxSetPWMConfigurationCommand not implemented by lynx hw; ignoring
10-29 15:11:23.173 19096 19255 W LynxPwmOutputController: LynxSetPWMEnableCommand not implemented by lynx hw; ignoring
10-29 15:11:23.178 19096 19255 W LynxPwmOutputController: LynxSetPWMConfigurationCommand not implemented by lynx hw; ignoring
10-29 15:11:23.182 19096 19255 W LynxPwmOutputController: LynxSetPWMEnableCommand not implemented by lynx hw; ignoring
10-29 15:11:23.186 19096 19255 W LynxPwmOutputController: LynxSetPWMConfigurationCommand not implemented by lynx hw; ignoring
10-29 15:11:23.234 19096 19255 V ThreadPool: container(0x0778a6af: LinearOpMode) added id=3317 TID=0 count=1
10-29 15:11:23.237 19096 22975 V RobotCore: thread: 'LinearOpMode main' starting...
10-29 15:11:23.267 19096 32545 V Robocol : sending CMD_NOTIFY_INIT_OP_MODE(31743), attempt: 0
10-29 15:11:23.303 19096 22975 I MecanumRobot: 0 | init ...
10-29 15:11:23.413 19096 22975 V RobotCore: addr=false data=false arb=false clock=false
10-29 15:11:23.413 19096 22975 E LynxI2cDeviceSynch: readStatusQuery: cbExpected=1 cbRead=0
10-29 15:11:23.413 19096 22975 E LynxI2cDeviceSynch: placeholder: readStatusQuery
10-29 15:11:23.485 19096 22975 V RobotCore: addr=false data=false arb=false clock=false
10-29 15:11:23.485 19096 22975 E LynxI2cDeviceSynch: readStatusQuery: cbExpected=1 cbRead=0
10-29 15:11:23.554 19096 22975 V RobotCore: addr=false data=false arb=false clock=false
10-29 15:11:23.554 19096 22975 E LynxI2cDeviceSynch: readStatusQuery: cbExpected=1 cbRead=0
10-29 15:11:23.629 19096 22975 V RobotCore: addr=false data=false arb=false clock=false
10-29 15:11:23.629 19096 22975 E LynxI2cDeviceSynch: readStatusQuery: cbExpected=1 cbRead=0
10-29 15:11:23.702 19096 22975 V RobotCore: addr=false data=false arb=false clock=false
10-29 15:11:23.703 19096 22975 E LynxI2cDeviceSynch: readStatusQuery: cbExpected=1 cbRead=0
10-29 15:11:24.178 19096 22975 W IMU     : re-issuing IMU mode: system status=IDLE expected=RUNNING_FUSION
10-29 15:11:24.357 19096 22975 I TechNova: MecanumRobot: Init Imu | 1053 | imu initialized ...
10-29 15:11:24.772 19096 22975 I AR      : Vuforia SDK version 6.0.117
10-29 15:11:25.287 19096 19102 W art     : Suspending all threads took: 5.180ms
10-29 15:11:25.555 19096 22975 I AR      : ObjectTracker: Successfully created dataset
10-29 15:11:25.555 19096 22975 V Vuforia : loading data set 'RelicVuMark'...
10-29 15:11:25.774 19096 22975 V Vuforia : ... done loading data set 'RelicVuMark'
10-29 15:11:25.876 19096 22975 I JewelPusher: Color in Init (R,G, B):114, 117, 116
10-29 15:11:25.898 19096 22975 I TechNova: MecanumRobot: IMU Heading: | -0.1
10-29 15:11:25.898 19096 22975 I VuMarkVision: VuMark | UNKNOWN visible
10-29 15:11:36.729 19096 19096 I BatteryChecker: percent remaining: 82 is charging: false
10-29 15:11:36.730 19096 19096 I BatteryChecker: percent remaining: 82 is charging: false
10-29 15:11:40.416 19096 19250 V Robocol : received command: CMD_RUN_OP_MODE(25905) Auto Red 1
10-29 15:11:40.417 19096 19249 I BatteryChecker: percent remaining: 82 is charging: false
10-29 15:11:40.428 19096 32545 V Robocol : sending CMD_NOTIFY_RUN_OP_MODE(31911), attempt: 0
10-29 15:11:40.508 19096 22975 I TechNova: MecanumRobot: Robot: | Robot starting 17999.4
10-29 15:11:40.566 19096 22975 I RelicRecoveryAutoRed1: RED | State: 0 [START] | 	Start | 	93.9 | 	18013 | 	IMU: 0.2 | 	(x1,x2, y): 41.0, 0.0, 0.0 | 	glyph count:0 | 	UNKNOWN
10-29 15:11:40.623 19096 22975 I RelicRecoveryAutoRed1: RED | State: 0 [START] | 	End | 	139.8 | 	18059 | 	IMU: 0.2 | 	(x1,x2, y): 41.0, 0.0, 0.0 | 	glyph count:0 | 	UNKNOWN
10-29 15:11:40.633 19096 22975 I VuMarkVision: VuMark | LEFT visible
10-29 15:11:40.690 19096 22975 I RelicRecoveryAutoRed1: RED | State: 1 [PUSH_JEWEL] | 	Start | 	206.9 | 	11 | 	IMU: 0.2 | 	(x1,x2, y): 41.0, 0.0, 0.0 | 	glyph count:0 | 	LEFT
10-29 15:11:40.690 19096 22975 I JewelPusher: Deploying jewel pusher arms ...
10-29 15:11:42.582 19096 22975 I TechNova: JewelPusher: Jewel color: : Color: (181|169) 201589764
10-29 15:11:42.659 19096 22975 I TechNova: JewelPusher: JewelColor:RED
10-29 15:11:42.659 19096 22975 I TechNova: JewelPusher: JewelColor:RED
10-29 15:11:43.679 19096 22975 I JewelPusher: Retracting jewel pusher arms ...
10-29 15:11:43.860 19096 22975 I RelicRecoveryAutoRed1: RED | State: 1 [PUSH_JEWEL] | 	End | 	3380.3 | 	3184 | 	IMU: 0.4 | 	(x1,x2, y): 41.0, 0.0, 0.0 | 	glyph count:0 | 	LEFT
10-29 15:11:43.886 19096 19106 I art     : Background partial concurrent mark sweep GC freed 167097(6MB) AllocSpace objects, 7(4MB) LOS objects, 37% free, 27MB/43MB, paused 2.247ms total 149.154ms
10-29 15:11:43.989 19096 22975 I RelicRecoveryAutoRed1: RED | State: 2 [PICK_UP_GLYPH] | 	Start | 	3497.3 | 	64 | 	IMU: 0.5 | 	(x1,x2, y): 32.0, 0.0, 0.0 | 	glyph count:0 | 	LEFT
10-29 15:11:46.185 19096 22975 I RelicRecoveryAutoRed1: RED | State: 2 [PICK_UP_GLYPH] | 	End | 	5704.9 | 	2272 | 	IMU: 0.1 | 	(x1,x2, y): 42.0, 0.0, 0.0 | 	glyph count:617 | 	LEFT
10-29 15:11:46.291 19096 22975 I RelicRecoveryAutoRed1: RED | State: 3 [FORWARD_3_FEET] | 	Start | 	5813.8 | 	55 | 	IMU: 0.2 | 	(x1,x2, y): 42.0, 0.0, 0.0 | 	glyph count:616 | 	LEFT
10-29 15:11:46.487 19096 22975 I TechNova: MecanumRobot: Encoder Remain | 2775
10-29 15:11:46.519 19096 22975 I TechNova: MecanumRobot: EncodersC | 	58	71	57	45
10-29 15:11:46.534 19096 22975 I TechNova: MecanumRobot: EncodersT | 	2806	2807	2807	2806
10-29 15:11:46.630 19096 22975 I TechNova: MecanumRobot: Encoder Remain | 2678
10-29 15:11:46.646 19096 22975 I TechNova: MecanumRobot: EncodersC | 	151	158	145	124
10-29 15:11:46.666 19096 22975 I TechNova: MecanumRobot: EncodersT | 	2806	2807	2807	2806
10-29 15:11:46.757 19096 22975 I TechNova: MecanumRobot: Encoder Remain | 2578
10-29 15:11:46.773 19096 22975 I TechNova: MecanumRobot: EncodersC | 	263	271	262	242
10-29 15:11:46.789 19096 22975 I TechNova: MecanumRobot: EncodersT | 	2806	2807	2807	2806
10-29 15:11:46.896 19096 22975 I TechNova: MecanumRobot: Encoder Remain | 2430
10-29 15:11:46.910 19096 22975 I TechNova: MecanumRobot: EncodersC | 	427	422	419	389
10-29 15:11:46.928 19096 22975 I TechNova: MecanumRobot: EncodersT | 	2806	2807	2807	2806
10-29 15:11:47.033 19096 22975 I TechNova: MecanumRobot: Encoder Remain | 2249
10-29 15:11:47.046 19096 22975 I TechNova: MecanumRobot: EncodersC | 	633	617	582	552
10-29 15:11:47.064 19096 22975 I TechNova: MecanumRobot: EncodersT | 	2806	2807	2807	2806
10-29 15:11:47.176 19096 22975 I TechNova: MecanumRobot: Encoder Remain | 2117
10-29 15:11:47.200 19096 22975 I TechNova: MecanumRobot: EncodersC | 	752	757	741	677
10-29 15:11:47.223 19096 22975 I TechNova: MecanumRobot: EncodersT | 	2806	2807	2807	2806
10-29 15:11:47.334 19096 22975 I TechNova: MecanumRobot: Encoder Remain | 1957
10-29 15:11:47.353 19096 22975 I TechNova: MecanumRobot: EncodersC | 	900	895	889	829
10-29 15:11:47.367 19096 22975 I TechNova: MecanumRobot: EncodersT | 	2806	2807	2807	2806
10-29 15:11:47.499 19096 22975 I TechNova: MecanumRobot: Encoder Remain | 1793
10-29 15:11:47.514 19096 22975 I TechNova: MecanumRobot: EncodersC | 	1073	1061	1071	1002
10-29 15:11:47.533 19096 22975 I TechNova: MecanumRobot: EncodersT | 	2806	2807	2807	2806
10-29 15:11:47.637 19096 22975 I TechNova: MecanumRobot: Encoder Remain | 1636
10-29 15:11:47.663 19096 22975 I TechNova: MecanumRobot: EncodersC | 	1226	1209	1232	1170
10-29 15:11:47.676 19096 22975 I TechNova: MecanumRobot: EncodersT | 	2806	2807	2807	2806
10-29 15:11:47.789 19096 22975 I TechNova: MecanumRobot: Encoder Remain | 1484
10-29 15:11:47.805 19096 22975 I TechNova: MecanumRobot: EncodersC | 	1377	1347	1369	1304
10-29 15:11:47.819 19096 22975 I TechNova: MecanumRobot: EncodersT | 	2806	2807	2807	2806
10-29 15:11:47.929 19096 22975 I TechNova: MecanumRobot: Encoder Remain | 1355
