10-29 17:39:20.212 22495 22495 D WifiDirect: cannot create group, does group already exist?
10-29 17:39:20.212 22495 22495 V FTCService: RCActivity.controllerService=bound
10-29 17:39:20.213 22495 22495 V RobotCore: Network: unknown, disconnected
10-29 17:39:20.213 22495 22495 V RobotCore: Robot Status: stopped
10-29 17:39:20.223 22495 22495 V ThreadPool: container(0x06ec57af: default threadpool) added id=3756 TID=0 count=1
10-29 17:39:20.228 22495 22592 V RobotCore: thread: 'RobotSetupRunnable.run()' starting...
10-29 17:39:20.228 22495 22592 V FTCService: Processing robot setup
10-29 17:39:20.228 22495 22592 V RobotCore: Robot Status: stopped, scanning for USB devices
10-29 17:39:20.283 22495 22495 D WifiDirect: group owners address: /192.168.49.1
10-29 17:39:20.284 22495 22495 D WifiDirect: group formed, this device is the group owner (GO)
10-29 17:39:20.284 22495 22495 I FTCService: Wifi Direct - connected as group owner
10-29 17:39:20.289 22495 22495 V RobotCore: Network: enabled, disconnected
10-29 17:39:20.293 22495 22495 I BatteryChecker: percent remaining: 54 is charging: false
10-29 17:39:20.293 22495 22495 I BatteryChecker: percent remaining: 54 is charging: false
10-29 17:39:20.323 22495 22495 V WifiDirect: connection information available
10-29 17:39:20.323 22495 22495 V WifiDirect: connection information - groupOwnerName = 12611-RC
10-29 17:39:20.323 22495 22495 V WifiDirect: connection information - groupOwnerMacAddress = 80:58:f8:59:b8:0f
10-29 17:39:20.323 22495 22495 V WifiDirect: connection information - groupInterface = p2p0
10-29 17:39:20.323 22495 22495 V WifiDirect: connection information - groupNetworkName = DIRECT-MA-12611-RC
10-29 17:39:20.323 22495 22495 I FTCService: Network Connection Passphrase: NqsQx9uC
10-29 17:39:20.323 22495 22495 V WebServer: starting port=8080
10-29 17:39:20.334 22495 22495 V RobotCore: Getting network assistant of type: WIFIDIRECT
10-29 17:39:20.334 22495 22495 V WifiDirect: There are 2 Wifi Direct Assistant Clients (+)
10-29 17:39:20.335 22495 22495 V WebServer: started port=8080
10-29 17:39:20.335 22495 22495 V RobotCore: Network: active, disconnected
10-29 17:39:25.220 22495 22495 I BatteryChecker: percent remaining: 54 is charging: false
10-29 17:39:25.222 22495 22495 I BatteryChecker: percent remaining: 54 is charging: false
10-29 17:39:25.229 22495 22592 V RobotCore: EventLoopManager state is NOT_STARTED
10-29 17:39:25.229 22495 22592 V RobotCore: Robot Status: stopped, waiting for Wifi to enable
10-29 17:39:25.232 22495 22592 V RobotCore: Robot Status: stopped, waiting for Wifi Direct to enable
10-29 17:39:25.232 22495 22592 V RobotCore: Robot Status: stopped, waiting for network to become active
10-29 17:39:25.232 22495 22592 V RobotCore: Robot Status: stopped, starting robot
10-29 17:39:25.232 22495 22592 V Robocol : EventLoopManager.start()
10-29 17:39:25.232 22495 22592 V RobotCore: Getting network assistant of type: WIFIDIRECT
10-29 17:39:25.232 22495 22592 V Robocol : Spoofing a Network Connection event...
10-29 17:39:25.233 22495 22592 V ThreadPool: executive service EventLoop(0x063628f0) is terminated
10-29 17:39:25.233 22495 22592 V RobotCore: EventLoopManager state is STOPPED
10-29 17:39:25.234 22495 22667 V RobotCore: thread: 'SetupRunnable.run()' starting...
10-29 17:39:25.234 22495 22592 V Robocol : eventLoop=FtcEventLoop
10-29 17:39:25.234 22495 22592 V RobotCore: EventLoopManager state is INIT
10-29 17:39:25.234 22495 22592 V RobotCore: Robot Status: initializing, starting robot
10-29 17:39:25.234 22495 22592 I FtcEventLoop: ======= INIT START =======
10-29 17:39:25.235 22495 22592 V OpmodeRegistration: registered {DefaultOpMode} as {$Stop$Robot$}
10-29 17:39:25.238 22495 22592 V FileBasedLock: locked /storage/emulated/0/FIRST/blocks/projectslock/lock.dat
10-29 17:39:25.238 22495 22592 V ThreadPool: container(0x06ec57af: default threadpool) added id=3761 TID=0 count=2
10-29 17:39:25.239 22495 22592 V FileBasedLock: unlocking /storage/emulated/0/FIRST/blocks/projectslock/lock.dat
10-29 17:39:25.244 22495 22495 D WifiDirect: cannot create group, does group already exist?
10-29 17:39:25.246 22495 22592 V OpmodeRegistration: registered {SensorTest} as {Sensor Test}
10-29 17:39:25.247 22495 22592 V OpmodeRegistration: registered {SensorREVColorDistance} as {Sensor: REVColorDistance}
10-29 17:39:25.249 22495 22592 V OpmodeRegistration: registered {RelicRecoveryAutoBlue1} as {Auto Blue 1}
10-29 17:39:25.249 22495 22592 V OpmodeRegistration: registered {RelicRecoveryAutoTest} as {Auto Test}
10-29 17:39:25.250 22495 22592 V OpmodeRegistration: registered {SensorMRRangeColorSensor} as {Sensor: MR range & Color sensor}
10-29 17:39:25.250 22495 22592 V OpmodeRegistration: registered {RelicRecoveryTeleOpsLinear} as {Relic Recovery TeleOps (Linear)}
10-29 17:39:25.251 22495 22592 V OpmodeRegistration: registered {RelicRecoveryAutoRed1} as {Auto Red 1}
10-29 17:39:25.266 22495 22667 D Robocol : RobocolDatagramSocket listening addr=/192.168.49.1:20884 cbRec=65520 cbSend=163840 msRecTO=300
10-29 17:39:25.267 22495 22667 V Robocol : RecvLoopRunnable created
10-29 17:39:25.268 22495 22667 V PeerDiscovery: Starting peer discovery
10-29 17:39:25.268 22495 22667 V PeerDiscovery: No need for peer discovery, we are the peer discovery device
10-29 17:39:25.268 22495 22667 V RobotCore: Setup complete
10-29 17:39:25.268 22495 22667 V RobotCore: thread: ...terminating 'SetupRunnable.run()'
10-29 17:39:25.271 22495 22672 V RobotCore: thread: 'RecvLoopRunnable.run()' starting...
10-29 17:39:25.293 22495 22592 V HardwareFactory: createHardwareMap()
10-29 17:39:25.293 22495 22592 V WifiDirectInviteMonitor: clearUILynxModule()
10-29 17:39:25.298 22495 22592 V ReadXMLFileHandler: handleLynxModule() mod#=2...
10-29 17:39:25.299 22495 22592 V ConfigurationUtility: buildEmptyLynxModule() mod#=2...
10-29 17:39:25.299 22495 22592 V ConfigurationUtility: ...buildEmptyLynxModule() mod#=2
10-29 17:39:25.300 22495 22592 V ReadXMLFileHandler: ...handleLynxModule() mod#=2
10-29 17:39:25.300 22495 22592 V ReadXMLFileHandler: handleLynxModule() mod#=3...
10-29 17:39:25.300 22495 22592 V ConfigurationUtility: buildEmptyLynxModule() mod#=3...
10-29 17:39:25.300 22495 22592 V ConfigurationUtility: ...buildEmptyLynxModule() mod#=3
10-29 17:39:25.300 22495 22592 V ReadXMLFileHandler: ...handleLynxModule() mod#=3
10-29 17:39:25.302 22495 22592 V RobotCore: Creating REV Robotics USB Expansion Hub Portal [DQ143RN2]
10-29 17:39:25.303 22495 22592 V LynxUsb : creating new [DQ143RN2]: 0x0a6c6676
10-29 17:39:25.312 22495 22592 V ThreadPool: container(0x0ca3c477: WatchdogMonitor) added id=3764 TID=0 count=1
10-29 17:39:25.323 22495 22592 V FtDevice: initialize(vid=0x0403 pid=0x6015 bcdDevice=0x1000)
10-29 17:39:25.324 22495 22592 V MonitoredUsbDeviceConnection: closing UsbDeviceConnection(DQ143RN2)
10-29 17:39:25.324 22495 22592 D UsbDeviceConnectionJNI: close
10-29 17:39:25.324 22495 22592 V MonitoredUsbDeviceConnection: closing UsbDeviceConnection(DQ143RN2)
10-29 17:39:25.324 22495 22592 D UsbDeviceConnectionJNI: close
10-29 17:39:25.324 22495 22592 V FtDeviceManager: createDeviceInfoList(): 1 USB devices
10-29 17:39:25.324 22495 22675 V ThreadPool: container(0x0ca3c477: WatchdogMonitor) removed id=3764 TID=22675 count=1
10-29 17:39:25.329 22495 22592 V FtDevice: vv********************DQ143RN2 opening********************vv 0x09307402
10-29 17:39:25.332 22495 22592 V FtDevice: ^^********************DQ143RN2 opened ********************^^
10-29 17:39:25.332 22495 22592 V FtDevice: resetting DQ143RN2
10-29 17:39:25.332 22495 22592 V ThreadPool: container(0x0885414d: WatchdogMonitor) added id=3767 TID=0 count=1
10-29 17:39:25.344 22495 22592 V LynxUsb : armDevice() serial=DQ143RN2...
10-29 17:39:25.345 22495 22592 V LynxModule: resetDevice() serial=DQ143RN2
10-29 17:39:25.572 22495 22672 E RobotCore: exception SocketTimeoutException(null): Robocol [libcore.io.IoBridge.maybeThrowAfterRecvfrom(IoBridge.java:594)]
10-29 17:39:25.698 22495 22592 V ThreadPool: container(0x0bc8df50: lynx dg poller) added id=3768 TID=0 count=1
10-29 17:39:25.699 22495 22592 V LynxUsb : ...done armDevice()
10-29 17:39:25.699 22495 22592 V LynxUsb : 0x0035ce4e on 0x0a6c6676: new delegate to [DQ143RN2]
10-29 17:39:25.699 22495 22592 V RobotCore: Creating Lynx Module - mod=2 parent=false
10-29 17:39:25.700 22495 22592 V RobotCore: Creating Lynx Module - mod=3 parent=true
10-29 17:39:25.700 22495 22592 V LynxUsb : addConfiguredModule() module#=3
10-29 17:39:25.700 22495 22592 V LynxModule: pingAndQueryKnownInterfaces mod=3
10-29 17:39:25.703 22495 22592 V ThreadPool: container(0x04994868: lynx module executor) added id=3769 TID=0 count=1
10-29 17:39:25.704 22495 22684 V RobotCore: thread: 'lynx incoming datagrams' starting...
10-29 17:39:25.705 22495 22684 V LynxUsb : synchronization gained: serial=DQ143RN2
10-29 17:39:25.714 22495 22592 V LynxModule: queryInterface(DEKA)=49 commands
10-29 17:39:25.718 22495 22592 V LynxModule: mod#=3 intf=DEKA: expected 53 commands; found 49
10-29 17:39:25.721 22495 22592 V LynxModule: sendLEDPatternSteps(): #steps=8
10-29 17:39:25.724 22495 22685 V LynxModule: received status: LynxGetModuleStatusResponse(status=0x02 alerts=0x00: Reset)
10-29 17:39:25.732 22495 22592 V LynxUsb : addConfiguredModule() module#=2
10-29 17:39:25.732 22495 22592 V LynxModule: pingAndQueryKnownInterfaces mod=2
10-29 17:39:25.734 22495 22592 V ThreadPool: container(0x0524815a: lynx module executor) added id=3770 TID=0 count=1
10-29 17:39:25.739 22495 22592 V LynxModule: queryInterface(DEKA)=49 commands
10-29 17:39:25.743 22495 22592 V LynxModule: mod#=2 intf=DEKA: expected 53 commands; found 49
10-29 17:39:25.747 22495 22592 V LynxModule: sendLEDPatternSteps(): #steps=6
10-29 17:39:25.757 22495 22592 V LynxMotor: initializeHardware() mod#=2
10-29 17:39:25.760 22495 22686 V LynxModule: received status: LynxGetModuleStatusResponse(status=0x05 alerts=0x00: KeepAliveTimeout|FailSafe)
10-29 17:39:25.760 22495 22686 V LynxModule: resendCurrentPattern()
10-29 17:39:25.760 22495 22686 V LynxModule: sendLEDPatternSteps(): #steps=6
10-29 17:39:25.887 22495 22592 V RobotCore: DcMotorImpl(type=NeveRest40Gearmotor)
10-29 17:39:25.888 22495 22592 V LynxServoController: initializeHardware() mod#=2
10-29 17:39:25.942 22495 22592 V LynxVoltageSensor: initializeHardware() mod#=2
10-29 17:39:25.942 22495 22592 V LynxPwmOutputController: initializeHardware() mod#=2
10-29 17:39:25.947 22495 22592 W LynxPwmOutputController: LynxSetPWMEnableCommand not implemented by lynx hw; ignoring
10-29 17:39:25.951 22495 22592 W LynxPwmOutputController: LynxSetPWMConfigurationCommand not implemented by lynx hw; ignoring
10-29 17:39:25.955 22495 22592 W LynxPwmOutputController: LynxSetPWMEnableCommand not implemented by lynx hw; ignoring
10-29 17:39:25.960 22495 22592 W LynxPwmOutputController: LynxSetPWMConfigurationCommand not implemented by lynx hw; ignoring
10-29 17:39:25.964 22495 22592 W LynxPwmOutputController: LynxSetPWMEnableCommand not implemented by lynx hw; ignoring
10-29 17:39:25.968 22495 22592 W LynxPwmOutputController: LynxSetPWMConfigurationCommand not implemented by lynx hw; ignoring
10-29 17:39:25.972 22495 22592 W LynxPwmOutputController: LynxSetPWMEnableCommand not implemented by lynx hw; ignoring
10-29 17:39:25.976 22495 22592 W LynxPwmOutputController: LynxSetPWMConfigurationCommand not implemented by lynx hw; ignoring
10-29 17:39:25.976 22495 22592 V LynxAnalogInputController: initializeHardware() mod#=2
10-29 17:39:25.977 22495 22592 V LynxDigitalChannelController: initializeHardware() mod#=2
10-29 17:39:26.007 22495 22592 V RobotCore: Creating Lynx Color/Range Sensor - mod=2 bus=1
10-29 17:39:26.007 22495 22592 I RobotCore: LynxFirmwareVersionManager: LynxI2cDeviceSynchV1
10-29 17:39:26.008 22495 22592 V LynxI2cDeviceSynch: initializeHardware() mod#=2
10-29 17:39:26.008 22495 22592 V AMSColorSensorImpl: internalInitialize()...
10-29 17:39:26.040 22495 22592 V AMSColorSensorImpl: state: 07 f6 ff ff 00 00 00 00 00 00 00 00 00 00 08 61 
10-29 17:39:26.040 22495 22592 V AMSColorSensorImpl: state| 00 01 60 33 34 00 1b 00 0e 
10-29 17:39:26.058 22495 22592 V AMSColorSensorImpl: disable() enabled=0x07...
10-29 17:39:26.094 22495 22592 V AMSColorSensorImpl: ...disable() enabled=0x00
10-29 17:39:26.094 22495 22592 V AMSColorSensorImpl: setIntegrationTime(0xf6)
10-29 17:39:26.122 22495 22499 W art     : Suspending all threads took: 23.218ms
10-29 17:39:26.135 22495 22592 V AMSColorSensorImpl: setGain(GAIN_4)
10-29 17:39:26.161 22495 22592 V AMSColorSensorImpl: setPDrive(Percent12_5)
10-29 17:39:26.187 22495 22592 V AMSColorSensorImpl: setProximityPulseCount(0x08)
10-29 17:39:26.214 22495 22592 V AMSColorSensorImpl: enable() enabled=0x00...
10-29 17:39:26.260 22495 22592 V AMSColorSensorImpl: ...enable() enabled=0x07
10-29 17:39:26.274 22495 22672 D RobotCore: system telemetry: key=$System$None$ msg=""
10-29 17:39:26.275 22495 22672 V PeerDiscovery: new remote peer discovered: 192.168.49.154
10-29 17:39:26.275 22495 22672 D Robocol : RobocolDatagramSocket connected to /192.168.49.154:20884
10-29 17:39:26.276 22495 22672 V NetworkConnectionHandler: starting sending loop
10-29 17:39:26.276 22495 22672 V Robocol : SendOnceRunnable created
10-29 17:39:26.281 22495 22592 V AMSColorSensorImpl: state: 07 f6 ff ff 00 00 00 00 00 00 00 00 00 00 08 61 
10-29 17:39:26.281 22495 22592 V AMSColorSensorImpl: state| 00 01 60 33 35 00 1b 00 0f 
10-29 17:39:26.281 22495 22592 V AMSColorSensorImpl: ...internalInitialize()
10-29 17:39:26.282 22495 22592 V LynxI2cDeviceSynch: engaging mod#=2
10-29 17:39:26.282 22495 22592 V LynxMotor: initializeHardware() mod#=3
10-29 17:39:26.301 22495 22672 V NetDiscover_prefremrc: sendAllPreferences()
10-29 17:39:26.301 22495 22672 V NetDiscover_prefremrc: sending RC pref name=pref_wifip2p_remote_channel_change_works value=true
10-29 17:39:26.306 22495 22672 V NetDiscover_prefremrc: sending RC pref name=pref_device_name value=12611-RC
10-29 17:39:26.306 22495 22672 V NetDiscover_prefremrc: sending RC pref name=pref_has_independent_phone_battery value=true
10-29 17:39:26.306 22495 22672 V NetDiscover_prefremrc: sending RC pref name=pref_app_theme value=teal
10-29 17:39:26.306 22495 22672 V NetDiscover_prefremrc: sending RC pref name=pref_sound_on_off value=false
10-29 17:39:26.317 22495 22695 V Robocol : sending CMD_NOTIFY_USER_DEVICE_LIST(18), attempt: 0
10-29 17:39:26.318 22495 22695 V Robocol : sending CMD_ROBOT_CONTROLLER_PREFERENCE(19), attempt: 0
10-29 17:39:26.318 22495 22695 V Robocol : sending CMD_ROBOT_CONTROLLER_PREFERENCE(20), attempt: 0
10-29 17:39:26.318 22495 22695 V Robocol : sending CMD_ROBOT_CONTROLLER_PREFERENCE(21), attempt: 0
10-29 17:39:26.318 22495 22695 V Robocol : sending CMD_ROBOT_CONTROLLER_PREFERENCE(22), attempt: 0
10-29 17:39:26.319 22495 22695 V Robocol : sending CMD_ROBOT_CONTROLLER_PREFERENCE(23), attempt: 0
10-29 17:39:26.322 22495 22672 V ThreadPool: container(0x0bdf771e: SoundPlayer) added id=3773 TID=0 count=1
10-29 17:39:26.323 22495 22672 V ThreadPool: container(0x0bdf771e: SoundPlayer) added id=3775 TID=0 count=2
10-29 17:39:26.325 22495 22672 V RobotCore: Network: active, connected
10-29 17:39:26.358 22495 22699 D MediaPlayer: setSubtitleAnchor in MediaPlayer
10-29 17:39:26.358 22495 22495 D MediaPlayer: setSubtitleAnchor in MediaPlayer
10-29 17:39:26.371 22495 22592 V RobotCore: DcMotorImpl(type=NeveRest40Gearmotor)
10-29 17:39:26.371 22495 22592 V RobotCore: DcMotorImpl(type=NeveRest40Gearmotor)
10-29 17:39:26.371 22495 22592 V RobotCore: DcMotorImpl(type=NeveRest40Gearmotor)
10-29 17:39:26.371 22495 22592 V RobotCore: DcMotorImpl(type=NeveRest40Gearmotor)
10-29 17:39:26.371 22495 22592 V LynxServoController: initializeHardware() mod#=3
10-29 17:39:26.400 22495 22592 V LynxVoltageSensor: initializeHardware() mod#=3
10-29 17:39:26.400 22495 22592 V LynxPwmOutputController: initializeHardware() mod#=3
10-29 17:39:26.403 22495 22697 D ExtendedUtils: extended extractor not needed, return default
10-29 17:39:26.403 22495 22697 I MediaCodec: (0xb78e9b30) init name(audio/raw) isType(1) encoder(0)
10-29 17:39:26.404 22495 22592 W LynxPwmOutputController: LynxSetPWMEnableCommand not implemented by lynx hw; ignoring
10-29 17:39:26.406 22495 22592 W LynxPwmOutputController: LynxSetPWMConfigurationCommand not implemented by lynx hw; ignoring
10-29 17:39:26.408 22495 22703 I OMXClient: Using client-side OMX mux.
10-29 17:39:26.409 22495 22592 W LynxPwmOutputController: LynxSetPWMEnableCommand not implemented by lynx hw; ignoring
10-29 17:39:26.412 22495 22592 W LynxPwmOutputController: LynxSetPWMConfigurationCommand not implemented by lynx hw; ignoring
10-29 17:39:26.413 22495 22703 E OMXMaster: A component of name 'OMX.qcom.audio.decoder.aac' already exists, ignoring this one.
10-29 17:39:26.419 22495 22592 W LynxPwmOutputController: LynxSetPWMEnableCommand not implemented by lynx hw; ignoring
10-29 17:39:26.423 22495 22703 I MediaCodec: (0xb78e9b30) Component Allocated (OMX.google.raw.decoder)
10-29 17:39:26.424 22495 22697 I MediaCodec: (0xb78e9b30) configure surface(0x0) crypto(0x0) flags(0)
10-29 17:39:26.424 22495 22697 D MediaCodec: (0xb78e9b30) configure format: AMessage(what = 0x00000000) = {
10-29 17:39:26.424 22495 22697 D MediaCodec:    string mime = "audio/raw"
10-29 17:39:26.424 22495 22697 D MediaCodec:    int64_t durationUs = 485011
10-29 17:39:26.424 22495 22697 D MediaCodec:    int32_t channel-count = 2
10-29 17:39:26.424 22495 22697 D MediaCodec:    int32_t sample-rate = 44100
10-29 17:39:26.424 22495 22697 D MediaCodec:    int32_t channel-mask = 0
10-29 17:39:26.424 22495 22697 D MediaCodec:  }
10-29 17:39:26.425 22495 22592 W LynxPwmOutputController: LynxSetPWMConfigurationCommand not implemented by lynx hw; ignoring
10-29 17:39:26.425 22495 22697 I MediaCodec: (0xb78e9b30) start
10-29 17:39:26.427 22495 22703 I MediaCodec: (0xb78e9b30) input buffers allocated
10-29 17:39:26.427 22495 22703 I MediaCodec: (0xb78e9b30) numBuffers (4)
10-29 17:39:26.427 22495 22703 I MediaCodec: (0xb78e9b30) output buffers allocated
10-29 17:39:26.427 22495 22703 I MediaCodec: (0xb78e9b30) numBuffers (4)
10-29 17:39:26.427 22495 22672 V Robocol : received command: CMD_REQUEST_UI_STATE(10012) 
10-29 17:39:26.429 22495 22592 W LynxPwmOutputController: LynxSetPWMEnableCommand not implemented by lynx hw; ignoring
10-29 17:39:26.430 22495 22703 I MediaCodec: (0xb78e9b30) codec output format changed
10-29 17:39:26.430 22495 22703 D MediaCodec: (0xb78e9b30) output format: AMessage(what = 'codc', target = 2) = {
10-29 17:39:26.430 22495 22703 D MediaCodec:    string mime = "audio/raw"
10-29 17:39:26.430 22495 22703 D MediaCodec:    int32_t channel-count = 2
10-29 17:39:26.430 22495 22703 D MediaCodec:    int32_t sample-rate = 44100
10-29 17:39:26.430 22495 22703 D MediaCodec:    int32_t channel-mask = 0
10-29 17:39:26.430 22495 22703 D MediaCodec:    int32_t what = 1869968451
10-29 17:39:26.430 22495 22703 D MediaCodec:  }
10-29 17:39:26.431 22495 22592 W LynxPwmOutputController: LynxSetPWMConfigurationCommand not implemented by lynx hw; ignoring
10-29 17:39:26.431 22495 22592 V LynxAnalogInputController: initializeHardware() mod#=3
10-29 17:39:26.432 22495 22592 V LynxDigitalChannelController: initializeHardware() mod#=3
10-29 17:39:26.436 22495 22697 I MediaCodec: (0xb78e9b30) stop
10-29 17:39:26.439 22495 22697 I MediaCodec: (0xb78e9b30) release
10-29 17:39:26.448 22495 22699 W AudioTrack: AUDIO_OUTPUT_FLAG_FAST denied by client; transfer 4, track 44100 Hz, output 48000 Hz
10-29 17:39:26.455 22495 22592 V RobotCore: Creating user sensor REV Expansion Hub IMU - on Lynx module=3 bus=0
10-29 17:39:26.455 22495 22592 V RobotCore: Creating I2cDeviceSynch (Lynx) - mod=3 bus=0
10-29 17:39:26.455 22495 22592 I RobotCore: LynxFirmwareVersionManager: LynxI2cDeviceSynchV1
10-29 17:39:26.455 22495 22592 V LynxI2cDeviceSynch: initializeHardware() mod#=3
10-29 17:39:26.457 22495 22592 V RobotCore: Creating user sensor MR Range Sensor - on Lynx module=3 bus=3
10-29 17:39:26.457 22495 22592 V RobotCore: Creating I2cDeviceSynch (Lynx) - mod=3 bus=3
10-29 17:39:26.458 22495 22592 I RobotCore: LynxFirmwareVersionManager: LynxI2cDeviceSynchV1
10-29 17:39:26.458 22495 22592 V LynxI2cDeviceSynch: initializeHardware() mod#=3
10-29 17:39:26.458 22495 22592 I RobotCore: ========= Device Information ===================================================
10-29 17:39:26.458 22495 22592 I RobotCore: Type                                               Name                           Connection
10-29 17:39:26.458 22495 22592 I RobotCore: Motor                                              rr                             USB DQ143RN2; module 3; port 3
10-29 17:39:26.459 22495 22592 I RobotCore: Motor                                              glyphLift                      USB DQ143RN2; module 2; port 0
10-29 17:39:26.459 22495 22592 I RobotCore: Servo                                              lowerRightGripper              USB DQ143RN2; module 2; port 3
10-29 17:39:26.459 22495 22592 I RobotCore: Motor                                              lr                             USB DQ143RN2; module 3; port 2
10-29 17:39:26.459 22495 22592 I RobotCore: REV Robotics USB Expansion Hub Portal              Expansion Hub Portal 1         USB DQ143RN2
10-29 17:39:26.459 22495 22592 I RobotCore: Servo                                              longArm                        USB DQ143RN2; module 2; port 5
10-29 17:39:26.459 22495 22592 I RobotCore: Servo                                              upperLeftGripper               USB DQ143RN2; module 2; port 0
10-29 17:39:26.459 22495 22592 I RobotCore: Expansion Hub DC Motor Controller                  Expansion Hub 3                USB DQ143RN2; module 3
10-29 17:39:26.459 22495 22592 I RobotCore: Expansion Hub Servo Controller                     Expansion Hub 3                USB DQ143RN2; module 3
10-29 17:39:26.460 22495 22592 I RobotCore: Expansion Hub Voltage Sensor                       Expansion Hub 3                USB DQ143RN2; module 3
10-29 17:39:26.460 22495 22592 I RobotCore: Expansion Hub Pwm Controller                       Expansion Hub 3                USB DQ143RN2; module 3
10-29 17:39:26.460 22495 22592 I RobotCore: Expansion Hub Analog Input Controller              Expansion Hub 3                USB DQ143RN2; module 3
10-29 17:39:26.460 22495 22592 I RobotCore: Expansion Hub Digital Channel Controller           Expansion Hub 3                USB DQ143RN2; module 3
10-29 17:39:26.464 22495 22592 I RobotCore: Expansion Hub (HW: 20, Maj: 1, Min: 6, Eng: 0)     Expansion Hub 3                USB DQ143RN2; module 3
10-29 17:39:26.464 22495 22592 I RobotCore: Expansion Hub DC Motor Controller                  Expansion Hub 2                USB DQ143RN2; module 2
10-29 17:39:26.464 22495 22592 I RobotCore: Expansion Hub Servo Controller                     Expansion Hub 2                USB DQ143RN2; module 2
10-29 17:39:26.464 22495 22592 I RobotCore: Expansion Hub Voltage Sensor                       Expansion Hub 2                USB DQ143RN2; module 2
10-29 17:39:26.465 22495 22592 I RobotCore: Expansion Hub Pwm Controller                       Expansion Hub 2                USB DQ143RN2; module 2
10-29 17:39:26.465 22495 22592 I RobotCore: Expansion Hub Analog Input Controller              Expansion Hub 2                USB DQ143RN2; module 2
10-29 17:39:26.465 22495 22592 I RobotCore: Expansion Hub Digital Channel Controller           Expansion Hub 2                USB DQ143RN2; module 2
10-29 17:39:26.471 22495 22592 I RobotCore: Expansion Hub (HW: 20, Maj: 1, Min: 6, Eng: 0)     Expansion Hub 2                USB DQ143RN2; module 2
10-29 17:39:26.472 22495 22592 I RobotCore: REV Expansion Hub IMU                              imu                            USB DQ143RN2; module 3; bus 0; addr7=0x00
10-29 17:39:26.472 22495 22592 I RobotCore: Servo                                              upperRightGripper              USB DQ143RN2; module 2; port 1
10-29 17:39:26.472 22495 22592 I RobotCore: Motor                                              rf                             USB DQ143RN2; module 3; port 1
10-29 17:39:26.472 22495 22592 I RobotCore: Servo                                              shortArm                       USB DQ143RN2; module 2; port 4
10-29 17:39:26.472 22495 22592 I RobotCore: REV Color/Range Sensor                             jewelColor                     USB DQ143RN2; module 2; bus 1; addr7=0x39
10-29 17:39:26.472 22495 22592 I RobotCore: Motor                                              lf                             USB DQ143RN2; module 3; port 0
10-29 17:39:26.472 22495 22592 I RobotCore: Servo                                              lowerLeftGripper               USB DQ143RN2; module 2; port 2
10-29 17:39:26.484 22495 22592 I RobotCore: Modern Robotics Range Sensor v1.2                  x1Range                        USB DQ143RN2; module 3; bus 3; addr7=0x14
10-29 17:39:26.484 22495 22592 I FtcEventLoop: ======= INIT FINISH =======
10-29 17:39:26.484 22495 22592 V RobotCore: EventLoopManager state is RUNNING
10-29 17:39:26.484 22495 22592 V RobotCore: Robot Status: running, starting robot
10-29 17:39:26.484 22495 22592 V RobotCore: Robot Status: running
10-29 17:39:26.485 22495 22592 V ThreadPool: container(0x029ef2ef: executorEventLoop) added id=3779 TID=0 count=1
10-29 17:39:26.485 22495 22671 I BatteryChecker: percent remaining: 54 is charging: false
10-29 17:39:26.486 22495 22592 V RobotCore: thread: ...terminating 'RobotSetupRunnable.run()'
10-29 17:39:26.490 22495 22707 V RobotCore: thread: 'opmode loop()' starting...
10-29 17:39:26.501 22495 22495 D MediaPlayer: setSubtitleAnchor in MediaPlayer
10-29 17:39:26.501 22495 22699 D MediaPlayer: setSubtitleAnchor in MediaPlayer
10-29 17:39:26.503 22495 22495 E MediaPlayer: invoke failed: wrong state 8
10-29 17:39:26.504 22495 22495 W MediaPlayer: mediaplayer went away with unhandled events
10-29 17:39:26.513 22495 22697 D ExtendedUtils: extended extractor not needed, return default
10-29 17:39:26.517 22495 22695 V Robocol : sending CMD_NOTIFY_ROBOT_STATE(27), attempt: 0
10-29 17:39:26.517 22495 22695 V Robocol : sending CMD_NOTIFY_ACTIVE_CONFIGURATION(30), attempt: 0
10-29 17:39:26.519 22495 22697 I MediaCodec: (0xb793c910) init name(audio/raw) isType(1) encoder(0)
10-29 17:39:26.524 22495 22711 I OMXClient: Using client-side OMX mux.
10-29 17:39:26.528 22495 22711 E OMXMaster: A component of name 'OMX.qcom.audio.decoder.aac' already exists, ignoring this one.
10-29 17:39:26.535 22495 22711 I MediaCodec: (0xb793c910) Component Allocated (OMX.google.raw.decoder)
10-29 17:39:26.535 22495 22697 I MediaCodec: (0xb793c910) configure surface(0x0) crypto(0x0) flags(0)
10-29 17:39:26.536 22495 22697 D MediaCodec: (0xb793c910) configure format: AMessage(what = 0x00000000) = {
10-29 17:39:26.536 22495 22697 D MediaCodec:    string mime = "audio/raw"
10-29 17:39:26.536 22495 22697 D MediaCodec:    int64_t durationUs = 1019125
10-29 17:39:26.536 22495 22697 D MediaCodec:    int32_t channel-count = 1
10-29 17:39:26.536 22495 22697 D MediaCodec:    int32_t sample-rate = 8000
10-29 17:39:26.536 22495 22697 D MediaCodec:    int32_t channel-mask = 0
10-29 17:39:26.536 22495 22697 D MediaCodec:  }
10-29 17:39:26.537 22495 22697 I MediaCodec: (0xb793c910) start
10-29 17:39:26.538 22495 22711 I MediaCodec: (0xb793c910) input buffers allocated
10-29 17:39:26.538 22495 22711 I MediaCodec: (0xb793c910) numBuffers (4)
10-29 17:39:26.538 22495 22711 I MediaCodec: (0xb793c910) output buffers allocated
10-29 17:39:26.538 22495 22711 I MediaCodec: (0xb793c910) numBuffers (4)
10-29 17:39:26.541 22495 22711 I MediaCodec: (0xb793c910) codec output format changed
10-29 17:39:26.541 22495 22711 D MediaCodec: (0xb793c910) output format: AMessage(what = 'codc', target = 6) = {
10-29 17:39:26.541 22495 22711 D MediaCodec:    string mime = "audio/raw"
10-29 17:39:26.541 22495 22711 D MediaCodec:    int32_t channel-count = 1
10-29 17:39:26.541 22495 22711 D MediaCodec:    int32_t sample-rate = 8000
10-29 17:39:26.541 22495 22711 D MediaCodec:    int32_t channel-mask = 0
10-29 17:39:26.541 22495 22711 D MediaCodec:    int32_t what = 1869968451
10-29 17:39:26.541 22495 22711 D MediaCodec:  }
10-29 17:39:26.543 22495 22697 I MediaCodec: (0xb793c910) stop
10-29 17:39:26.544 22495 22697 I MediaCodec: (0xb793c910) release
10-29 17:39:26.557 22495 22695 V Robocol : sending CMD_NOTIFY_USER_DEVICE_LIST(18), attempt: 1
10-29 17:39:26.557 22495 22695 V Robocol : sending CMD_ROBOT_CONTROLLER_PREFERENCE(19), attempt: 1
10-29 17:39:26.558 22495 22695 V Robocol : sending CMD_ROBOT_CONTROLLER_PREFERENCE(20), attempt: 1
10-29 17:39:26.559 22495 22695 V Robocol : sending CMD_ROBOT_CONTROLLER_PREFERENCE(21), attempt: 1
10-29 17:39:26.559 22495 22695 V Robocol : sending CMD_ROBOT_CONTROLLER_PREFERENCE(22), attempt: 1
10-29 17:39:26.559 22495 22695 V Robocol : sending CMD_ROBOT_CONTROLLER_PREFERENCE(23), attempt: 1
10-29 17:39:26.560 22495 22695 V Robocol : sending CMD_NOTIFY_USER_DEVICE_LIST(31), attempt: 0
10-29 17:39:26.561 22495 22695 V Robocol : sending CMD_NOTIFY_OP_MODE_LIST(32), attempt: 0
10-29 17:39:26.582 22495 22672 V Robocol : received command: CMD_INIT_OP_MODE(10017) $Stop$Robot$
10-29 17:39:26.583 22495 22671 I BatteryChecker: percent remaining: 54 is charging: false
10-29 17:39:26.934 22495 22699 W AudioTrack: AUDIO_OUTPUT_FLAG_FAST denied by client; transfer 4, track 8000 Hz, output 48000 Hz
10-29 17:39:26.997 22495 22707 V ThreadPool: container(0x0f28be69: OpModeStuckCodeMonitor) added id=3783 TID=0 count=1
10-29 17:39:26.999 22495 22707 I RobotCore: Attempting to switch to op mode $Stop$Robot$
10-29 17:39:27.077 22495 22695 V Robocol : sending CMD_NOTIFY_INIT_OP_MODE(54), attempt: 0
10-29 17:39:27.263 22495 22707 I RobotCore: robot battery read duration: n=6, mean=3.540ms sd=0.530ms
10-29 17:39:28.948 22495 22672 V Robocol : received command: CMD_INIT_OP_MODE(10061) $Stop$Robot$
10-29 17:39:28.950 22495 22671 I BatteryChecker: percent remaining: 54 is charging: false
10-29 17:39:28.957 22495 22707 I RobotCore: Attempting to switch to op mode $Stop$Robot$
10-29 17:39:28.997 22495 22695 V Robocol : sending CMD_NOTIFY_INIT_OP_MODE(85), attempt: 0
10-29 17:39:32.170 22495 22672 V Robocol : received command: CMD_INIT_OP_MODE(10104) Auto Red 1
10-29 17:39:32.172 22495 22671 I BatteryChecker: percent remaining: 54 is charging: false
10-29 17:39:32.183 22495 22707 I RobotCore: Attempting to switch to op mode Auto Red 1
10-29 17:39:32.322 22495 22707 V AMSColorSensorImpl: internalInitialize()...
10-29 17:39:32.356 22495 22707 V AMSColorSensorImpl: state: 07 f6 ff ff 00 00 00 00 00 00 00 00 00 00 08 61 
10-29 17:39:32.356 22495 22707 V AMSColorSensorImpl: state| 00 01 60 33 36 00 1c 00 0f 
10-29 17:39:32.372 22495 22707 V AMSColorSensorImpl: disable() enabled=0x07...
10-29 17:39:32.406 22495 22707 V AMSColorSensorImpl: ...disable() enabled=0x00
10-29 17:39:32.407 22495 22707 V AMSColorSensorImpl: setIntegrationTime(0xf6)
10-29 17:39:32.422 22495 22707 V AMSColorSensorImpl: setGain(GAIN_4)
10-29 17:39:32.449 22495 22707 V AMSColorSensorImpl: setPDrive(Percent12_5)
10-29 17:39:32.472 22495 22707 V AMSColorSensorImpl: setProximityPulseCount(0x08)
10-29 17:39:32.498 22495 22707 V AMSColorSensorImpl: enable() enabled=0x00...
10-29 17:39:32.540 22495 22707 V AMSColorSensorImpl: ...enable() enabled=0x07
10-29 17:39:32.557 22495 22707 V AMSColorSensorImpl: state: 07 f6 ff ff 00 00 00 00 00 00 00 00 00 00 08 61 
10-29 17:39:32.558 22495 22707 V AMSColorSensorImpl: state| 00 01 60 33 36 00 1c 00 0f 
10-29 17:39:32.558 22495 22707 V AMSColorSensorImpl: ...internalInitialize()
10-29 17:39:32.635 22495 22707 W LynxPwmOutputController: LynxSetPWMEnableCommand not implemented by lynx hw; ignoring
10-29 17:39:32.640 22495 22707 W LynxPwmOutputController: LynxSetPWMConfigurationCommand not implemented by lynx hw; ignoring
10-29 17:39:32.644 22495 22707 W LynxPwmOutputController: LynxSetPWMEnableCommand not implemented by lynx hw; ignoring
10-29 17:39:32.649 22495 22707 W LynxPwmOutputController: LynxSetPWMConfigurationCommand not implemented by lynx hw; ignoring
10-29 17:39:32.654 22495 22707 W LynxPwmOutputController: LynxSetPWMEnableCommand not implemented by lynx hw; ignoring
10-29 17:39:32.660 22495 22707 W LynxPwmOutputController: LynxSetPWMConfigurationCommand not implemented by lynx hw; ignoring
10-29 17:39:32.664 22495 22707 W LynxPwmOutputController: LynxSetPWMEnableCommand not implemented by lynx hw; ignoring
10-29 17:39:32.669 22495 22707 W LynxPwmOutputController: LynxSetPWMConfigurationCommand not implemented by lynx hw; ignoring
10-29 17:39:32.831 22495 22707 W LynxPwmOutputController: LynxSetPWMEnableCommand not implemented by lynx hw; ignoring
10-29 17:39:32.839 22495 22707 W LynxPwmOutputController: LynxSetPWMConfigurationCommand not implemented by lynx hw; ignoring
10-29 17:39:32.844 22495 22707 W LynxPwmOutputController: LynxSetPWMEnableCommand not implemented by lynx hw; ignoring
10-29 17:39:32.850 22495 22707 W LynxPwmOutputController: LynxSetPWMConfigurationCommand not implemented by lynx hw; ignoring
10-29 17:39:32.855 22495 22707 W LynxPwmOutputController: LynxSetPWMEnableCommand not implemented by lynx hw; ignoring
10-29 17:39:32.860 22495 22707 W LynxPwmOutputController: LynxSetPWMConfigurationCommand not implemented by lynx hw; ignoring
10-29 17:39:32.865 22495 22707 W LynxPwmOutputController: LynxSetPWMEnableCommand not implemented by lynx hw; ignoring
10-29 17:39:32.870 22495 22707 W LynxPwmOutputController: LynxSetPWMConfigurationCommand not implemented by lynx hw; ignoring
10-29 17:39:32.871 22495 22707 V ThreadPool: container(0x0111cf0b: LinearOpMode) added id=3784 TID=0 count=1
10-29 17:39:32.875 22495 22802 V RobotCore: thread: 'LinearOpMode main' starting...
10-29 17:39:32.877 22495 22695 V Robocol : sending CMD_NOTIFY_INIT_OP_MODE(141), attempt: 0
10-29 17:39:32.949 22495 22802 I MecanumRobot: 0 | init ...
10-29 17:39:33.049 22495 22802 V RobotCore: addr=false data=false arb=false clock=false
10-29 17:39:33.049 22495 22802 E LynxI2cDeviceSynch: readStatusQuery: cbExpected=1 cbRead=0
10-29 17:39:33.049 22495 22802 E LynxI2cDeviceSynch: placeholder: readStatusQuery
10-29 17:39:33.122 22495 22802 V RobotCore: addr=false data=false arb=false clock=false
10-29 17:39:33.123 22495 22802 E LynxI2cDeviceSynch: readStatusQuery: cbExpected=1 cbRead=0
10-29 17:39:33.193 22495 22802 V RobotCore: addr=false data=false arb=false clock=false
10-29 17:39:33.193 22495 22802 E LynxI2cDeviceSynch: readStatusQuery: cbExpected=1 cbRead=0
10-29 17:39:33.266 22495 22802 V RobotCore: addr=false data=false arb=false clock=false
10-29 17:39:33.267 22495 22802 E LynxI2cDeviceSynch: readStatusQuery: cbExpected=1 cbRead=0
10-29 17:39:33.339 22495 22802 V RobotCore: addr=false data=false arb=false clock=false
10-29 17:39:33.339 22495 22802 E LynxI2cDeviceSynch: readStatusQuery: cbExpected=1 cbRead=0
10-29 17:39:33.410 22495 22802 V RobotCore: addr=false data=false arb=false clock=false
10-29 17:39:33.410 22495 22802 E LynxI2cDeviceSynch: readStatusQuery: cbExpected=1 cbRead=0
10-29 17:39:33.484 22495 22802 V RobotCore: addr=false data=false arb=false clock=false
10-29 17:39:33.485 22495 22802 E LynxI2cDeviceSynch: readStatusQuery: cbExpected=1 cbRead=0
10-29 17:39:33.952 22495 22802 W IMU     : re-issuing IMU mode: system status=IDLE expected=RUNNING_FUSION
10-29 17:39:34.129 22495 22802 W IMU     : IMU initialization failed: system status=IDLE expected=RUNNING_FUSION
10-29 17:39:34.129 22495 22802 W IMU     : retrying IMU initialization
10-29 17:39:34.246 22495 22802 V RobotCore: addr=false data=false arb=false clock=false
10-29 17:39:34.246 22495 22802 E LynxI2cDeviceSynch: readStatusQuery: cbExpected=1 cbRead=0
10-29 17:39:34.246 22495 22802 E LynxI2cDeviceSynch: placeholder: readStatusQuery
10-29 17:39:34.330 22495 22802 V RobotCore: addr=false data=false arb=false clock=false
10-29 17:39:34.330 22495 22802 E LynxI2cDeviceSynch: readStatusQuery: cbExpected=1 cbRead=0
10-29 17:39:34.417 22495 22802 V RobotCore: addr=false data=false arb=false clock=false
10-29 17:39:34.417 22495 22802 E LynxI2cDeviceSynch: readStatusQuery: cbExpected=1 cbRead=0
10-29 17:39:34.501 22495 22802 V RobotCore: addr=false data=false arb=false clock=false
10-29 17:39:34.501 22495 22802 E LynxI2cDeviceSynch: readStatusQuery: cbExpected=1 cbRead=0
10-29 17:39:35.044 22495 22802 W IMU     : re-issuing IMU mode: system status=IDLE expected=RUNNING_FUSION
10-29 17:39:35.246 22495 22802 I TechNova: MecanumRobot: Init Imu | 2297 | imu initialized ...
10-29 17:39:35.678 22495 22802 I System.out: Native library libVuforia.so loaded
10-29 17:39:35.686 22495 22802 I AR      : Vuforia SDK version 6.0.117
10-29 17:39:35.727 22495 22802 I CameraManagerGlobal: Connecting to camera service
10-29 17:39:36.482 22495 22802 I AR      : ObjectTracker: Successfully created dataset
10-29 17:39:36.482 22495 22802 V Vuforia : loading data set 'RelicVuMark'...
10-29 17:39:36.702 22495 22802 V Vuforia : ... done loading data set 'RelicVuMark'
10-29 17:39:36.798 22495 22802 I JewelPusher: Color in Init (R,G, B):28, 15, 12
10-29 17:39:36.821 22495 22802 I TechNova: MecanumRobot: IMU Heading: | -0.0
10-29 17:39:36.822 22495 22802 I VuMarkVision: VuMark | UNKNOWN visible
10-29 17:39:42.151 22495 22499 W art     : Suspending all threads took: 7.417ms
10-29 17:39:42.538 22495 22672 V Robocol : received command: CMD_RUN_OP_MODE(10202) Auto Red 1
10-29 17:39:42.540 22495 22671 I BatteryChecker: percent remaining: 54 is charging: false
10-29 17:39:42.557 22495 22695 V Robocol : sending CMD_NOTIFY_RUN_OP_MODE(241), attempt: 0
10-29 17:39:42.635 22495 22802 I TechNova: MecanumRobot: Robot: | Robot starting 10450.5
10-29 17:39:42.708 22495 22802 I RelicRecoveryAutoRed1: RED | State: 0 [START] | 	Start | 	98.3 | 	10468 | 	IMU: 0.1 | 	(x1,x2, y): 41.0, 0.0, 0.0 | 	glyph count:0 | 	UNKNOWN
10-29 17:39:42.767 22495 22802 I RelicRecoveryAutoRed1: RED | State: 0 [START] | 	End | 	154.1 | 	10524 | 	IMU: 0.1 | 	(x1,x2, y): 41.0, 0.0, 0.0 | 	glyph count:0 | 	UNKNOWN
10-29 17:39:42.776 22495 22802 I VuMarkVision: VuMark | LEFT visible
10-29 17:39:42.835 22495 22802 I RelicRecoveryAutoRed1: RED | State: 1 [PUSH_JEWEL] | 	Start | 	223.1 | 	11 | 	IMU: 0.1 | 	(x1,x2, y): 41.0, 0.0, 0.0 | 	glyph count:0 | 	LEFT
10-29 17:39:42.835 22495 22802 I JewelPusher: Deploying jewel pusher arms ...
10-29 17:39:43.301 22495 22495 I BatteryChecker: percent remaining: 54 is charging: false
10-29 17:39:43.302 22495 22495 I BatteryChecker: percent remaining: 54 is charging: false
10-29 17:39:44.746 22495 22802 I TechNova: JewelPusher: Jewel color: : Color: (30|10) 16777216
10-29 17:39:44.824 22495 22802 I TechNova: JewelPusher: JewelColor:RED
10-29 17:39:44.824 22495 22802 I TechNova: JewelPusher: JewelColor:RED
10-29 17:39:45.840 22495 22802 I JewelPusher: Retracting jewel pusher arms ...
10-29 17:39:46.009 22495 22802 I RelicRecoveryAutoRed1: RED | State: 1 [PUSH_JEWEL] | 	End | 	3403.2 | 	3190 | 	IMU: 0.2 | 	(x1,x2, y): 41.0, 0.0, 0.0 | 	glyph count:0 | 	LEFT
10-29 17:39:46.116 22495 22802 I RelicRecoveryAutoRed1: RED | State: 2 [PICK_UP_GLYPH] | 	Start | 	3499.8 | 	45 | 	IMU: 0.4 | 	(x1,x2, y): 31.0, 0.0, 0.0 | 	glyph count:0 | 	LEFT
10-29 17:39:48.309 22495 22505 I art     : Background sticky concurrent mark sweep GC freed 141244(6MB) AllocSpace objects, 19(1524KB) LOS objects, 18% free, 34MB/42MB, paused 1.941ms total 115.146ms
10-29 17:39:48.436 22495 22802 I RelicRecoveryAutoRed1: RED | State: 2 [PICK_UP_GLYPH] | 	End | 	5815.1 | 	2360 | 	IMU: 0.1 | 	(x1,x2, y): 41.0, 0.0, 0.0 | 	glyph count:721 | 	LEFT
10-29 17:39:48.546 22495 22802 I RelicRecoveryAutoRed1: RED | State: 3 [FORWARD_3_FEET] | 	Start | 	5935.0 | 	53 | 	IMU: 0.1 | 	(x1,x2, y): 41.0, 0.0, 0.0 | 	glyph count:719 | 	LEFT
10-29 17:39:48.755 22495 22802 I TechNova: MecanumRobot: Encoder Remain | 2773
10-29 17:39:48.776 22495 22802 I TechNova: MecanumRobot: EncodersC | 	57	71	52	42
10-29 17:39:48.790 22495 22802 I TechNova: MecanumRobot: EncodersT | 	2806	2807	2807	2806
10-29 17:39:48.891 22495 22802 I TechNova: MecanumRobot: Encoder Remain | 2688
10-29 17:39:48.905 22495 22802 I TechNova: MecanumRobot: EncodersC | 	146	152	135	120
10-29 17:39:48.922 22495 22802 I TechNova: MecanumRobot: EncodersT | 	2806	2807	2807	2806
10-29 17:39:49.029 22495 22802 I TechNova: MecanumRobot: Encoder Remain | 2573
10-29 17:39:49.044 22495 22802 I TechNova: MecanumRobot: EncodersC | 	272	275	257	246
10-29 17:39:49.061 22495 22802 I TechNova: MecanumRobot: EncodersT | 	2806	2807	2807	2806
10-29 17:39:49.188 22495 22802 I TechNova: MecanumRobot: Encoder Remain | 2410
10-29 17:39:49.203 22495 22802 I TechNova: MecanumRobot: EncodersC | 	457	460	450	418
10-29 17:39:49.224 22495 22802 I TechNova: MecanumRobot: EncodersT | 	2806	2807	2807	2806
10-29 17:39:49.340 22495 22802 I TechNova: MecanumRobot: Encoder Remain | 2194
10-29 17:39:49.360 22495 22802 I TechNova: MecanumRobot: EncodersC | 	635	664	630	612
10-29 17:39:49.375 22495 22802 I TechNova: MecanumRobot: EncodersT | 	2806	2807	2807	2806
10-29 17:39:49.479 22495 22802 I TechNova: MecanumRobot: Encoder Remain | 2060
10-29 17:39:49.496 22495 22802 I TechNova: MecanumRobot: EncodersC | 	786	775	788	729
10-29 17:39:49.512 22495 22802 I TechNova: MecanumRobot: EncodersT | 	2806	2807	2807	2806
10-29 17:39:49.610 22495 22802 I TechNova: MecanumRobot: Encoder Remain | 1937
10-29 17:39:49.626 22495 22802 I TechNova: MecanumRobot: EncodersC | 	915	895	913	848
10-29 17:39:49.642 22495 22802 I TechNova: MecanumRobot: EncodersT | 	2806	2807	2807	2806
10-29 17:39:49.773 22495 22802 I TechNova: MecanumRobot: Encoder Remain | 1789
10-29 17:39:49.792 22495 22802 I TechNova: MecanumRobot: EncodersC | 	1090	1063	1079	1024
10-29 17:39:49.811 22495 22802 I TechNova: MecanumRobot: EncodersT | 	2806	2807	2807	2806
10-29 17:39:49.904 22495 22802 I TechNova: MecanumRobot: Encoder Remain | 1630
10-29 17:39:49.920 22495 22802 I TechNova: MecanumRobot: EncodersC | 	1233	1212	1230	1171
10-29 17:39:49.937 22495 22802 I TechNova: MecanumRobot: EncodersT | 	2806	2807	2807	2806
10-29 17:39:50.032 22495 22802 I TechNova: MecanumRobot: Encoder Remain | 1497
10-29 17:39:50.048 22495 22802 I TechNova: MecanumRobot: EncodersC | 	1343	1328	1351	1279
10-29 17:39:50.066 22495 22802 I TechNova: MecanumRobot: EncodersT | 	2806	2807	2807	2806
10-29 17:39:50.157 22495 22802 I TechNova: MecanumRobot: Encoder Remain | 1399
10-29 17:39:50.178 22495 22802 I TechNova: MecanumRobot: EncodersC | 	1449	1424	1452	1387
10-29 17:39:50.194 22495 22802 I TechNova: MecanumRobot: EncodersT | 	2806	2807	2807	2806
10-29 17:39:50.309 22495 22802 I TechNova: MecanumRobot: Encoder Remain | 1274
10-29 17:39:50.332 22495 22802 I TechNova: MecanumRobot: EncodersC | 	1586	1560	1587	1519
10-29 17:39:50.347 22495 22802 I TechNova: MecanumRobot: EncodersT | 	2806	2807	2807	2806
10-29 17:39:50.451 22495 22802 I TechNova: MecanumRobot: Encoder Remain | 1131
10-29 17:39:50.469 22495 22802 I TechNova: MecanumRobot: EncodersC | 	1730	1703	1733	1662
10-29 17:39:50.482 22495 22802 I TechNova: MecanumRobot: EncodersT | 	2806	2807	2807	2806
10-29 17:39:50.585 22495 22802 I TechNova: MecanumRobot: Encoder Remain | 991
10-29 17:39:50.602 22495 22802 I TechNova: MecanumRobot: EncodersC | 	1866	1836	1868	1798
10-29 17:39:50.617 22495 22802 I TechNova: MecanumRobot: EncodersT | 	2806	2807	2807	2806
10-29 17:39:50.718 22495 22802 I TechNova: MecanumRobot: Encoder Remain | 858
10-29 17:39:50.744 22495 22802 I TechNova: MecanumRobot: EncodersC | 	2009	1980	2013	1945
10-29 17:39:50.759 22495 22802 I TechNova: MecanumRobot: EncodersT | 	2806	2807	2807	2806
10-29 17:39:50.876 22495 22802 I TechNova: MecanumRobot: Encoder Remain | 703
10-29 17:39:50.895 22495 22802 I TechNova: MecanumRobot: EncodersC | 	2167	2139	2167	2098
10-29 17:39:50.913 22495 22802 I TechNova: MecanumRobot: EncodersT | 	2806	2807	2807	2806
10-29 17:39:51.015 22495 22802 I TechNova: MecanumRobot: Encoder Remain | 554
10-29 17:39:51.039 22495 22802 I TechNova: MecanumRobot: EncodersC | 	2308	2289	2317	2249
10-29 17:39:51.061 22495 22802 I TechNova: MecanumRobot: EncodersT | 	2806	2807	2807	2806
10-29 17:39:51.161 22495 22802 I TechNova: MecanumRobot: Encoder Remain | 409
10-29 17:39:51.183 22495 22802 I TechNova: MecanumRobot: EncodersC | 	2456	2433	2463	2394
10-29 17:39:51.205 22495 22802 I TechNova: MecanumRobot: EncodersT | 	2806	2807	2807	2806
10-29 17:39:51.311 22495 22802 I TechNova: MecanumRobot: Encoder Remain | 250
10-29 17:39:51.327 22495 22802 I TechNova: MecanumRobot: EncodersC | 	2606	2576	2607	2540
10-29 17:39:51.343 22495 22802 I TechNova: MecanumRobot: EncodersT | 	2806	2807	2807	2806
10-29 17:39:51.463 22495 22802 I TechNova: MecanumRobot: Encoder Remain | 111
10-29 17:39:51.481 22495 22802 I TechNova: MecanumRobot: EncodersC | 	2753	2724	2758	2691
10-29 17:39:51.496 22495 22802 I TechNova: MecanumRobot: EncodersT | 	2806	2807	2807	2806
10-29 17:39:51.590 22495 22802 I TechNova: MecanumRobot: Encoder Remain | 11
10-29 17:39:51.610 22495 22802 I TechNova: MecanumRobot: EncodersC | 	2819	2792	2822	2796
10-29 17:39:51.627 22495 22802 I TechNova: MecanumRobot: EncodersT | 	2806	2807	2807	2806
10-29 17:39:51.841 22495 22802 I RelicRecoveryAutoRed1: RED | State: 3 [FORWARD_3_FEET] | 	End | 	9217.0 | 	3335 | 	IMU: -0.8 | 	(x1,x2, y): 38.0, 0.0, 0.0 | 	glyph count:697 | 	LEFT
10-29 17:39:51.907 22495 22802 I RelicRecoveryAutoRed1: RED | State: 4 [TURN_TO_90_DEGREE] | 	Start | 	9295.1 | 	8 | 	IMU: -0.7 | 	(x1,x2, y): 38.0, 0.0, 0.0 | 	glyph count:697 | 	LEFT
10-29 17:39:55.242 22495 22668 V ThreadPool: container(0x06ec57af: default threadpool) removed id=3761 TID=22668 count=2
10-29 17:39:55.634 22495 22802 I RelicRecoveryAutoRed1: RED | State: 4 [TURN_TO_90_DEGREE] | 	End | 	13020.5 | 	3733 | 	IMU: -89.8 | 	(x1,x2, y): 65.0, 0.0, 0.0 | 	glyph count:697 | 	LEFT
10-29 17:39:55.695 22495 22802 I RelicRecoveryAutoRed1: RED | State: 5 [FORWARD_1_FEET] | 	Start | 	13080.4 | 	1 | 	IMU: -90.8 | 	(x1,x2, y): 65.0, 0.0, 0.0 | 	glyph count:697 | 	LEFT
10-29 17:39:55.923 22495 22802 I TechNova: MecanumRobot: Encoder Remain | 235
10-29 17:39:55.950 22495 22802 I TechNova: MecanumRobot: EncodersC | 	66	62	47	43
10-29 17:39:55.967 22495 22802 I TechNova: MecanumRobot: EncodersT | 	266	267	267	266
10-29 17:39:56.068 22495 22802 I TechNova: MecanumRobot: Encoder Remain | 135
10-29 17:39:56.086 22495 22802 I TechNova: MecanumRobot: EncodersC | 	172	171	148	147
10-29 17:39:56.104 22495 22802 I TechNova: MecanumRobot: EncodersT | 	266	267	267	266
10-29 17:39:56.205 22495 22802 I TechNova: MecanumRobot: Encoder Remain | 20
10-29 17:39:56.230 22495 22802 I TechNova: MecanumRobot: EncodersC | 	262	260	244	242
10-29 17:39:56.245 22495 22802 I TechNova: MecanumRobot: EncodersT | 	266	267	267	266
10-29 17:39:56.356 22495 22802 I TechNova: MecanumRobot: Encoder Remain | 5
10-29 17:39:56.372 22495 22802 I TechNova: MecanumRobot: EncodersC | 	272	265	268	266
10-29 17:39:56.385 22495 22802 I TechNova: MecanumRobot: EncodersT | 	266	267	267	266
10-29 17:39:56.487 22495 22592 V ThreadPool: container(0x06ec57af: default threadpool) removed id=3756 TID=22592 count=1
10-29 17:39:56.559 22495 22802 I RelicRecoveryAutoRed1: RED | State: 5 [FORWARD_1_FEET] | 	End | 	13948.1 | 	868 | 	IMU: -91.1 | 	(x1,x2, y): 64.0, 0.0, 0.0 | 	glyph count:697 | 	LEFT
10-29 17:39:56.627 22495 22802 I RelicRecoveryAutoRed1: RED | State: 6 [ALIGN_TO_CRYPTOBOX] | 	Start | 	14016.8 | 	13 | 	IMU: -91.1 | 	(x1,x2, y): 64.0, 0.0, 0.0 | 	glyph count:697 | 	LEFT
10-29 17:39:57.174 22495 22802 I TechNova: RelicRecoveryAutoRed1: X range: | LEFT | 64.00 cm
10-29 17:39:57.242 22495 22802 I RelicRecoveryAutoRed1: RED | State: 6 [ALIGN_TO_CRYPTOBOX] | 	End | 	14620.0 | 	616 | 	IMU: -91.1 | 	(x1,x2, y): 64.0, 0.0, 0.0 | 	glyph count:697 | 	LEFT
10-29 17:39:57.345 22495 22802 I RelicRecoveryAutoRed1: RED | State: 7 [PLACE_GLYPH_INTO_CRYPTO] | 	Start | 	14739.1 | 	51 | 	IMU: -91.1 | 	(x1,x2, y): 64.0, 0.0, 0.0 | 	glyph count:697 | 	LEFT
10-29 17:39:57.345 22495 22802 I TechNova: RelicRecoveryAutoRed1:  --- Open Grabber --- 
10-29 17:39:57.586 22495 22802 I TechNova: RelicRecoveryAutoRed1:  --- Drive forward to push --- 
10-29 17:39:57.791 22495 22802 I TechNova: MecanumRobot: Encoder Remain | 239
10-29 17:39:57.811 22495 22802 I TechNova: MecanumRobot: EncodersC | 	45	37	68	35
10-29 17:39:57.826 22495 22802 I TechNova: MecanumRobot: EncodersT | 	266	267	267	266
10-29 17:39:57.936 22495 22802 I TechNova: MecanumRobot: Encoder Remain | 149
10-29 17:39:57.959 22495 22802 I TechNova: MecanumRobot: EncodersC | 	131	129	163	120
10-29 17:39:57.981 22495 22802 I TechNova: MecanumRobot: EncodersT | 	266	267	267	266
10-29 17:39:58.084 22495 22802 I TechNova: MecanumRobot: Encoder Remain | 77
10-29 17:39:58.099 22495 22802 I TechNova: MecanumRobot: EncodersC | 	209	194	245	179
10-29 17:39:58.112 22495 22802 I TechNova: MecanumRobot: EncodersT | 	266	267	267	266
10-29 17:39:58.120 22495 22505 I art     : Background partial concurrent mark sweep GC freed 225134(7MB) AllocSpace objects, 4(12MB) LOS objects, 40% free, 22MB/37MB, paused 3.651ms total 147.207ms
10-29 17:39:58.254 22495 22802 I TechNova: MecanumRobot: Encoder Remain | 27
10-29 17:39:58.276 22495 22802 I TechNova: MecanumRobot: EncodersC | 	244	247	256	236
10-29 17:39:58.295 22495 22802 I TechNova: MecanumRobot: EncodersT | 	266	267	267	266
10-29 17:39:58.395 22495 22802 I TechNova: MecanumRobot: Encoder Remain | 11
10-29 17:39:58.410 22495 22802 I TechNova: MecanumRobot: EncodersC | 	253	259	262	247
10-29 17:39:58.430 22495 22802 I TechNova: MecanumRobot: EncodersT | 	266	267	267	266
10-29 17:39:58.537 22495 22802 I TechNova: MecanumRobot: Encoder Remain | 11
10-29 17:39:58.555 22495 22802 I TechNova: MecanumRobot: EncodersC | 	253	260	261	247
