10-29 16:03:39.009 32557 32557 E ActivityThread: Service com.qualcomm.ftccommon.FtcRobotControllerService has leaked IntentReceiver com.qualcomm.robotcore.wifi.WifiDirectAssistant$WifiP2pBroadcastReceiver@4646254 that was originally registered here. Are you missing a call to unregisterReceiver()?
10-29 16:03:39.009 32557 32557 E ActivityThread: android.app.IntentReceiverLeaked: Service com.qualcomm.ftccommon.FtcRobotControllerService has leaked IntentReceiver com.qualcomm.robotcore.wifi.WifiDirectAssistant$WifiP2pBroadcastReceiver@4646254 that was originally registered here. Are you missing a call to unregisterReceiver()?
10-29 16:03:39.009 32557 32557 E ActivityThread: 	at android.app.LoadedApk$ReceiverDispatcher.<init>(LoadedApk.java:918)
10-29 16:03:39.009 32557 32557 E ActivityThread: 	at android.app.LoadedApk.getReceiverDispatcher(LoadedApk.java:719)
10-29 16:03:39.009 32557 32557 E ActivityThread: 	at android.app.ContextImpl.registerReceiverInternal(ContextImpl.java:1172)
10-29 16:03:39.009 32557 32557 E ActivityThread: 	at android.app.ContextImpl.registerReceiver(ContextImpl.java:1152)
10-29 16:03:39.009 32557 32557 E ActivityThread: 	at android.app.ContextImpl.registerReceiver(ContextImpl.java:1146)
10-29 16:03:39.009 32557 32557 E ActivityThread: 	at com.qualcomm.robotcore.wifi.WifiDirectAssistant.enable(WifiDirectAssistant.java:297)
10-29 16:03:39.009 32557 32557 E ActivityThread: 	at com.qualcomm.ftccommon.FtcRobotControllerService.onBind(FtcRobotControllerService.java:354)
10-29 16:03:39.009 32557 32557 E ActivityThread: 	at android.app.ActivityThread.handleBindService(ActivityThread.java:2925)
10-29 16:03:39.009 32557 32557 E ActivityThread: 	at android.app.ActivityThread.-wrap2(ActivityThread.java)
10-29 16:03:39.009 32557 32557 E ActivityThread: 	at android.app.ActivityThread$H.handleMessage(ActivityThread.java:1445)
10-29 16:03:39.009 32557 32557 E ActivityThread: 	at android.os.Handler.dispatchMessage(Handler.java:102)
10-29 16:03:39.009 32557 32557 E ActivityThread: 	at android.os.Looper.loop(Looper.java:148)
10-29 16:03:39.009 32557 32557 E ActivityThread: 	at android.app.ActivityThread.main(ActivityThread.java:5459)
10-29 16:03:39.009 32557 32557 E ActivityThread: 	at java.lang.reflect.Method.invoke(Native Method)
10-29 16:03:39.009 32557 32557 E ActivityThread: 	at com.android.internal.os.ZygoteInit$MethodAndArgsCaller.run(ZygoteInit.java:728)
10-29 16:03:39.009 32557 32557 E ActivityThread: 	at com.android.internal.os.ZygoteInit.main(ZygoteInit.java:618)
10-29 16:03:39.010 32557 32557 E ActivityThread: Service com.qualcomm.ftccommon.FtcRobotControllerService has leaked IntentReceiver org.firstinspires.ftc.robotcore.internal.network.WifiDirectInviteDialogMonitor@5aba5fd that was originally registered here. Are you missing a call to unregisterReceiver()?
10-29 16:03:39.010 32557 32557 E ActivityThread: android.app.IntentReceiverLeaked: Service com.qualcomm.ftccommon.FtcRobotControllerService has leaked IntentReceiver org.firstinspires.ftc.robotcore.internal.network.WifiDirectInviteDialogMonitor@5aba5fd that was originally registered here. Are you missing a call to unregisterReceiver()?
10-29 16:03:39.010 32557 32557 E ActivityThread: 	at android.app.LoadedApk$ReceiverDispatcher.<init>(LoadedApk.java:918)
10-29 16:03:39.010 32557 32557 E ActivityThread: 	at android.app.LoadedApk.getReceiverDispatcher(LoadedApk.java:719)
10-29 16:03:39.010 32557 32557 E ActivityThread: 	at android.app.ContextImpl.registerReceiverInternal(ContextImpl.java:1172)
10-29 16:03:39.010 32557 32557 E ActivityThread: 	at android.app.ContextImpl.registerReceiver(ContextImpl.java:1152)
10-29 16:03:39.010 32557 32557 E ActivityThread: 	at android.app.ContextImpl.registerReceiver(ContextImpl.java:1146)
10-29 16:03:39.010 32557 32557 E ActivityThread: 	at org.firstinspires.ftc.robotcore.internal.network.WifiDirectInviteDialogMonitor.startMonitoring(WifiDirectInviteDialogMonitor.java:129)
10-29 16:03:39.010 32557 32557 E ActivityThread: 	at com.qualcomm.robotcore.wifi.WifiDirectAssistant.enable(WifiDirectAssistant.java:298)
10-29 16:03:39.010 32557 32557 E ActivityThread: 	at com.qualcomm.ftccommon.FtcRobotControllerService.onBind(FtcRobotControllerService.java:354)
10-29 16:03:39.010 32557 32557 E ActivityThread: 	at android.app.ActivityThread.handleBindService(ActivityThread.java:2925)
10-29 16:03:39.010 32557 32557 E ActivityThread: 	at android.app.ActivityThread.-wrap2(ActivityThread.java)
10-29 16:03:39.010 32557 32557 E ActivityThread: 	at android.app.ActivityThread$H.handleMessage(ActivityThread.java:1445)
10-29 16:03:39.010 32557 32557 E ActivityThread: 	at android.os.Handler.dispatchMessage(Handler.java:102)
10-29 16:03:39.010 32557 32557 E ActivityThread: 	at android.os.Looper.loop(Looper.java:148)
10-29 16:03:39.010 32557 32557 E ActivityThread: 	at android.app.ActivityThread.main(ActivityThread.java:5459)
10-29 16:03:39.010 32557 32557 E ActivityThread: 	at java.lang.reflect.Method.invoke(Native Method)
10-29 16:03:39.010 32557 32557 E ActivityThread: 	at com.android.internal.os.ZygoteInit$MethodAndArgsCaller.run(ZygoteInit.java:728)
10-29 16:03:39.010 32557 32557 E ActivityThread: 	at com.android.internal.os.ZygoteInit.main(ZygoteInit.java:618)
10-29 17:00:28.119 19916 19916 E ActivityThread: Activity org.firstinspires.ftc.robotcontroller.internal.FtcRobotControllerActivity has leaked IntentReceiver com.qualcomm.robotcore.util.BatteryChecker$Monitor@3ddee4a that was originally registered here. Are you missing a call to unregisterReceiver()?
10-29 17:00:28.119 19916 19916 E ActivityThread: android.app.IntentReceiverLeaked: Activity org.firstinspires.ftc.robotcontroller.internal.FtcRobotControllerActivity has leaked IntentReceiver com.qualcomm.robotcore.util.BatteryChecker$Monitor@3ddee4a that was originally registered here. Are you missing a call to unregisterReceiver()?
10-29 17:00:28.119 19916 19916 E ActivityThread: 	at android.app.LoadedApk$ReceiverDispatcher.<init>(LoadedApk.java:918)
10-29 17:00:28.119 19916 19916 E ActivityThread: 	at android.app.LoadedApk.getReceiverDispatcher(LoadedApk.java:719)
10-29 17:00:28.119 19916 19916 E ActivityThread: 	at android.app.ContextImpl.registerReceiverInternal(ContextImpl.java:1172)
10-29 17:00:28.119 19916 19916 E ActivityThread: 	at android.app.ContextImpl.registerReceiver(ContextImpl.java:1152)
10-29 17:00:28.119 19916 19916 E ActivityThread: 	at android.app.ContextImpl.registerReceiver(ContextImpl.java:1146)
10-29 17:00:28.119 19916 19916 E ActivityThread: 	at android.content.ContextWrapper.registerReceiver(ContextWrapper.java:554)
10-29 17:00:28.119 19916 19916 E ActivityThread: 	at com.qualcomm.robotcore.util.BatteryChecker.registerReceiver(BatteryChecker.java:166)
10-29 17:00:28.119 19916 19916 E ActivityThread: 	at com.qualcomm.robotcore.util.BatteryChecker.startBatteryMonitoring(BatteryChecker.java:108)
10-29 17:00:28.119 19916 19916 E ActivityThread: 	at com.qualcomm.ftccommon.FtcEventLoopHandler.<init>(FtcEventLoopHandler.java:111)
10-29 17:00:28.119 19916 19916 E ActivityThread: 	at com.qualcomm.ftccommon.FtcEventLoopBase.<init>(FtcEventLoopBase.java:197)
10-29 17:00:28.119 19916 19916 E ActivityThread: 	at com.qualcomm.ftccommon.FtcEventLoop.<init>(FtcEventLoop.java:126)
10-29 17:00:28.119 19916 19916 E ActivityThread: 	at org.firstinspires.ftc.robotcontroller.internal.FtcRobotControllerActivity.requestRobotSetup(FtcRobotControllerActivity.java:577)
10-29 17:00:28.119 19916 19916 E ActivityThread: 	at org.firstinspires.ftc.robotcontroller.internal.FtcRobotControllerActivity.updateUIAndRequestRobotSetup(FtcRobotControllerActivity.java:557)
10-29 17:00:28.119 19916 19916 E ActivityThread: 	at org.firstinspires.ftc.robotcontroller.internal.FtcRobotControllerActivity.onServiceBind(FtcRobotControllerActivity.java:538)
10-29 17:00:28.119 19916 19916 E ActivityThread: 	at org.firstinspires.ftc.robotcontroller.internal.FtcRobotControllerActivity$1.onServiceConnected(FtcRobotControllerActivity.java:169)
10-29 17:00:28.119 19916 19916 E ActivityThread: 	at android.app.LoadedApk$ServiceDispatcher.doConnected(LoadedApk.java:1223)
10-29 17:00:28.119 19916 19916 E ActivityThread: 	at android.app.LoadedApk$ServiceDispatcher$RunConnection.run(LoadedApk.java:1240)
10-29 17:00:28.119 19916 19916 E ActivityThread: 	at android.os.Handler.handleCallback(Handler.java:746)
10-29 17:00:28.119 19916 19916 E ActivityThread: 	at android.os.Handler.dispatchMessage(Handler.java:95)
10-29 17:00:28.119 19916 19916 E ActivityThread: 	at android.os.Looper.loop(Looper.java:148)
10-29 17:00:28.119 19916 19916 E ActivityThread: 	at android.app.ActivityThread.main(ActivityThread.java:5459)
10-29 17:00:28.119 19916 19916 E ActivityThread: 	at java.lang.reflect.Method.invoke(Native Method)
10-29 17:00:28.119 19916 19916 E ActivityThread: 	at com.android.internal.os.ZygoteInit$MethodAndArgsCaller.run(ZygoteInit.java:728)
10-29 17:00:28.119 19916 19916 E ActivityThread: 	at com.android.internal.os.ZygoteInit.main(ZygoteInit.java:618)
10-29 17:00:28.121 19916 19916 E ActivityThread: Activity org.firstinspires.ftc.robotcontroller.internal.FtcRobotControllerActivity has leaked IntentReceiver com.qualcomm.robotcore.util.BatteryChecker$Monitor@b5531bb that was originally registered here. Are you missing a call to unregisterReceiver()?
10-29 17:00:28.121 19916 19916 E ActivityThread: android.app.IntentReceiverLeaked: Activity org.firstinspires.ftc.robotcontroller.internal.FtcRobotControllerActivity has leaked IntentReceiver com.qualcomm.robotcore.util.BatteryChecker$Monitor@b5531bb that was originally registered here. Are you missing a call to unregisterReceiver()?
10-29 17:00:28.121 19916 19916 E ActivityThread: 	at android.app.LoadedApk$ReceiverDispatcher.<init>(LoadedApk.java:918)
10-29 17:00:28.121 19916 19916 E ActivityThread: 	at android.app.LoadedApk.getReceiverDispatcher(LoadedApk.java:719)
10-29 17:00:28.121 19916 19916 E ActivityThread: 	at android.app.ContextImpl.registerReceiverInternal(ContextImpl.java:1172)
10-29 17:00:28.121 19916 19916 E ActivityThread: 	at android.app.ContextImpl.registerReceiver(ContextImpl.java:1152)
10-29 17:00:28.121 19916 19916 E ActivityThread: 	at android.app.ContextImpl.registerReceiver(ContextImpl.java:1146)
10-29 17:00:28.121 19916 19916 E ActivityThread: 	at android.content.ContextWrapper.registerReceiver(ContextWrapper.java:554)
10-29 17:00:28.121 19916 19916 E ActivityThread: 	at com.qualcomm.robotcore.util.BatteryChecker.registerReceiver(BatteryChecker.java:166)
10-29 17:00:28.121 19916 19916 E ActivityThread: 	at com.qualcomm.robotcore.util.BatteryChecker.startBatteryMonitoring(BatteryChecker.java:108)
10-29 17:00:28.121 19916 19916 E ActivityThread: 	at com.qualcomm.ftccommon.FtcEventLoopHandler.<init>(FtcEventLoopHandler.java:111)
10-29 17:00:28.121 19916 19916 E ActivityThread: 	at com.qualcomm.ftccommon.FtcEventLoopBase.<init>(FtcEventLoopBase.java:197)
10-29 17:00:28.121 19916 19916 E ActivityThread: 	at com.qualcomm.ftccommon.FtcEventLoopIdle.<init>(FtcEventLoopIdle.java:33)
10-29 17:00:28.121 19916 19916 E ActivityThread: 	at org.firstinspires.ftc.robotcontroller.internal.FtcRobotControllerActivity.requestRobotSetup(FtcRobotControllerActivity.java:578)
10-29 17:00:28.121 19916 19916 E ActivityThread: 	at org.firstinspires.ftc.robotcontroller.internal.FtcRobotControllerActivity.updateUIAndRequestRobotSetup(FtcRobotControllerActivity.java:557)
10-29 17:00:28.121 19916 19916 E ActivityThread: 	at org.firstinspires.ftc.robotcontroller.internal.FtcRobotControllerActivity.onServiceBind(FtcRobotControllerActivity.java:538)
10-29 17:00:28.121 19916 19916 E ActivityThread: 	at org.firstinspires.ftc.robotcontroller.internal.FtcRobotControllerActivity$1.onServiceConnected(FtcRobotControllerActivity.java:169)
10-29 17:00:28.121 19916 19916 E ActivityThread: 	at android.app.LoadedApk$ServiceDispatcher.doConnected(LoadedApk.java:1223)
10-29 17:00:28.121 19916 19916 E ActivityThread: 	at android.app.LoadedApk$ServiceDispatcher$RunConnection.run(LoadedApk.java:1240)
10-29 17:00:28.121 19916 19916 E ActivityThread: 	at android.os.Handler.handleCallback(Handler.java:746)
10-29 17:00:28.121 19916 19916 E ActivityThread: 	at android.os.Handler.dispatchMessage(Handler.java:95)
10-29 17:00:28.121 19916 19916 E ActivityThread: 	at android.os.Looper.loop(Looper.java:148)
10-29 17:00:28.121 19916 19916 E ActivityThread: 	at android.app.ActivityThread.main(ActivityThread.java:5459)
10-29 17:00:28.121 19916 19916 E ActivityThread: 	at java.lang.reflect.Method.invoke(Native Method)
10-29 17:00:28.121 19916 19916 E ActivityThread: 	at com.android.internal.os.ZygoteInit$MethodAndArgsCaller.run(ZygoteInit.java:728)
10-29 17:00:28.121 19916 19916 E ActivityThread: 	at com.android.internal.os.ZygoteInit.main(ZygoteInit.java:618)
10-29 17:00:28.134 19916 19916 E ActivityThread: Service com.qualcomm.ftccommon.FtcRobotControllerService has leaked IntentReceiver org.firstinspires.ftc.robotcore.internal.network.WifiDirectInviteDialogMonitor@4646254 that was originally registered here. Are you missing a call to unregisterReceiver()?
10-29 17:00:28.134 19916 19916 E ActivityThread: android.app.IntentReceiverLeaked: Service com.qualcomm.ftccommon.FtcRobotControllerService has leaked IntentReceiver org.firstinspires.ftc.robotcore.internal.network.WifiDirectInviteDialogMonitor@4646254 that was originally registered here. Are you missing a call to unregisterReceiver()?
10-29 17:00:28.134 19916 19916 E ActivityThread: 	at android.app.LoadedApk$ReceiverDispatcher.<init>(LoadedApk.java:918)
10-29 17:00:28.134 19916 19916 E ActivityThread: 	at android.app.LoadedApk.getReceiverDispatcher(LoadedApk.java:719)
10-29 17:00:28.134 19916 19916 E ActivityThread: 	at android.app.ContextImpl.registerReceiverInternal(ContextImpl.java:1172)
10-29 17:00:28.134 19916 19916 E ActivityThread: 	at android.app.ContextImpl.registerReceiver(ContextImpl.java:1152)
10-29 17:00:28.134 19916 19916 E ActivityThread: 	at android.app.ContextImpl.registerReceiver(ContextImpl.java:1146)
10-29 17:00:28.134 19916 19916 E ActivityThread: 	at org.firstinspires.ftc.robotcore.internal.network.WifiDirectInviteDialogMonitor.startMonitoring(WifiDirectInviteDialogMonitor.java:129)
10-29 17:00:28.134 19916 19916 E ActivityThread: 	at com.qualcomm.robotcore.wifi.WifiDirectAssistant.enable(WifiDirectAssistant.java:298)
10-29 17:00:28.134 19916 19916 E ActivityThread: 	at com.qualcomm.ftccommon.FtcRobotControllerService.onBind(FtcRobotControllerService.java:354)
10-29 17:00:28.134 19916 19916 E ActivityThread: 	at android.app.ActivityThread.handleBindService(ActivityThread.java:2925)
10-29 17:00:28.134 19916 19916 E ActivityThread: 	at android.app.ActivityThread.-wrap2(ActivityThread.java)
10-29 17:00:28.134 19916 19916 E ActivityThread: 	at android.app.ActivityThread$H.handleMessage(ActivityThread.java:1445)
10-29 17:00:28.134 19916 19916 E ActivityThread: 	at android.os.Handler.dispatchMessage(Handler.java:102)
10-29 17:00:28.134 19916 19916 E ActivityThread: 	at android.os.Looper.loop(Looper.java:148)
10-29 17:00:28.134 19916 19916 E ActivityThread: 	at android.app.ActivityThread.main(ActivityThread.java:5459)
10-29 17:00:28.134 19916 19916 E ActivityThread: 	at java.lang.reflect.Method.invoke(Native Method)
10-29 17:00:28.134 19916 19916 E ActivityThread: 	at com.android.internal.os.ZygoteInit$MethodAndArgsCaller.run(ZygoteInit.java:728)
10-29 17:00:28.134 19916 19916 E ActivityThread: 	at com.android.internal.os.ZygoteInit.main(ZygoteInit.java:618)
10-29 17:00:28.135 19916 19916 E ActivityThread: Service com.qualcomm.ftccommon.FtcRobotControllerService has leaked IntentReceiver com.qualcomm.robotcore.wifi.WifiDirectAssistant$WifiP2pBroadcastReceiver@5098da7 that was originally registered here. Are you missing a call to unregisterReceiver()?
10-29 17:00:28.135 19916 19916 E ActivityThread: android.app.IntentReceiverLeaked: Service com.qualcomm.ftccommon.FtcRobotControllerService has leaked IntentReceiver com.qualcomm.robotcore.wifi.WifiDirectAssistant$WifiP2pBroadcastReceiver@5098da7 that was originally registered here. Are you missing a call to unregisterReceiver()?
10-29 17:00:28.135 19916 19916 E ActivityThread: 	at android.app.LoadedApk$ReceiverDispatcher.<init>(LoadedApk.java:918)
10-29 17:00:28.135 19916 19916 E ActivityThread: 	at android.app.LoadedApk.getReceiverDispatcher(LoadedApk.java:719)
10-29 17:00:28.135 19916 19916 E ActivityThread: 	at android.app.ContextImpl.registerReceiverInternal(ContextImpl.java:1172)
10-29 17:00:28.135 19916 19916 E ActivityThread: 	at android.app.ContextImpl.registerReceiver(ContextImpl.java:1152)
10-29 17:00:28.135 19916 19916 E ActivityThread: 	at android.app.ContextImpl.registerReceiver(ContextImpl.java:1146)
10-29 17:00:28.135 19916 19916 E ActivityThread: 	at com.qualcomm.robotcore.wifi.WifiDirectAssistant.enable(WifiDirectAssistant.java:297)
10-29 17:00:28.135 19916 19916 E ActivityThread: 	at com.qualcomm.ftccommon.FtcRobotControllerService.onBind(FtcRobotControllerService.java:354)
10-29 17:00:28.135 19916 19916 E ActivityThread: 	at android.app.ActivityThread.handleBindService(ActivityThread.java:2925)
10-29 17:00:28.135 19916 19916 E ActivityThread: 	at android.app.ActivityThread.-wrap2(ActivityThread.java)
10-29 17:00:28.135 19916 19916 E ActivityThread: 	at android.app.ActivityThread$H.handleMessage(ActivityThread.java:1445)
10-29 17:00:28.135 19916 19916 E ActivityThread: 	at android.os.Handler.dispatchMessage(Handler.java:102)
10-29 17:00:28.135 19916 19916 E ActivityThread: 	at android.os.Looper.loop(Looper.java:148)
10-29 17:00:28.135 19916 19916 E ActivityThread: 	at android.app.ActivityThread.main(ActivityThread.java:5459)
10-29 17:00:28.135 19916 19916 E ActivityThread: 	at java.lang.reflect.Method.invoke(Native Method)
10-29 17:00:28.135 19916 19916 E ActivityThread: 	at com.android.internal.os.ZygoteInit$MethodAndArgsCaller.run(ZygoteInit.java:728)
10-29 17:00:28.135 19916 19916 E ActivityThread: 	at com.android.internal.os.ZygoteInit.main(ZygoteInit.java:618)
--------- beginning of main
10-29 17:06:48.536 26497 26700 I chatty  : uid=10124 expire 13 lines
10-29 17:06:48.557 26497 26704 I chatty  : uid=10124 expire 7 lines
10-29 17:06:48.602 26497 26702 I chatty  : uid=10124 expire 21 lines
10-29 17:06:48.604 26497 26709 I chatty  : uid=10124 expire 9 lines
10-29 17:06:48.671 26497 26716 I chatty  : uid=10124 expire 9 lines
10-29 17:06:49.719 26497 26682 I chatty  : uid=10124 expire 31 lines
10-29 17:06:49.719 26497 26737 I chatty  : uid=10124 expire 39 lines
10-29 17:06:49.739 26497 26497 I chatty  : uid=10124 expire 38 lines
10-29 17:06:49.753 26497 26741 I chatty  : uid=10124 expire 9 lines
10-29 17:06:58.052 26497 26745 I chatty  : uid=10124 expire 1 line
10-29 17:06:58.057 26497 26695 I chatty  : uid=10124 expire 1 line
10-29 17:06:58.616 26883 26883 I chatty  : uid=10124 ps expire 39 lines
10-29 17:06:58.959 26497 26683 I chatty  : uid=10124 expire 1 line
10-29 17:06:58.970 26497 26497 E ActivityThread: Activity org.firstinspires.ftc.robotcontroller.internal.FtcRobotControllerActivity has leaked IntentReceiver com.qualcomm.robotcore.util.BatteryChecker$Monitor@a0f56d8 that was originally registered here. Are you missing a call to unregisterReceiver()?
10-29 17:06:58.970 26497 26497 E ActivityThread: android.app.IntentReceiverLeaked: Activity org.firstinspires.ftc.robotcontroller.internal.FtcRobotControllerActivity has leaked IntentReceiver com.qualcomm.robotcore.util.BatteryChecker$Monitor@a0f56d8 that was originally registered here. Are you missing a call to unregisterReceiver()?
10-29 17:06:58.970 26497 26497 E ActivityThread: 	at android.app.LoadedApk$ReceiverDispatcher.<init>(LoadedApk.java:918)
10-29 17:06:58.970 26497 26497 E ActivityThread: 	at android.app.LoadedApk.getReceiverDispatcher(LoadedApk.java:719)
10-29 17:06:58.970 26497 26497 E ActivityThread: 	at android.app.ContextImpl.registerReceiverInternal(ContextImpl.java:1172)
10-29 17:06:58.970 26497 26497 E ActivityThread: 	at android.app.ContextImpl.registerReceiver(ContextImpl.java:1152)
10-29 17:06:58.970 26497 26497 E ActivityThread: 	at android.app.ContextImpl.registerReceiver(ContextImpl.java:1146)
10-29 17:06:58.970 26497 26497 E ActivityThread: 	at android.content.ContextWrapper.registerReceiver(ContextWrapper.java:554)
10-29 17:06:58.970 26497 26497 E ActivityThread: 	at com.qualcomm.robotcore.util.BatteryChecker.registerReceiver(BatteryChecker.java:166)
10-29 17:06:58.970 26497 26497 E ActivityThread: 	at com.qualcomm.robotcore.util.BatteryChecker.startBatteryMonitoring(BatteryChecker.java:108)
10-29 17:06:58.970 26497 26497 E ActivityThread: 	at com.qualcomm.ftccommon.FtcEventLoopHandler.<init>(FtcEventLoopHandler.java:111)
10-29 17:06:58.970 26497 26497 E ActivityThread: 	at com.qualcomm.ftccommon.FtcEventLoopBase.<init>(FtcEventLoopBase.java:197)
10-29 17:06:58.970 26497 26497 E ActivityThread: 	at com.qualcomm.ftccommon.FtcEventLoopIdle.<init>(FtcEventLoopIdle.java:33)
10-29 17:06:58.970 26497 26497 E ActivityThread: 	at org.firstinspires.ftc.robotcontroller.internal.FtcRobotControllerActivity.requestRobotSetup(FtcRobotControllerActivity.java:578)
10-29 17:06:58.970 26497 26497 E ActivityThread: 	at org.firstinspires.ftc.robotcontroller.internal.FtcRobotControllerActivity.updateUIAndRequestRobotSetup(FtcRobotControllerActivity.java:557)
10-29 17:06:58.970 26497 26497 E ActivityThread: 	at org.firstinspires.ftc.robotcontroller.internal.FtcRobotControllerActivity.onServiceBind(FtcRobotControllerActivity.java:538)
10-29 17:06:58.970 26497 26497 E ActivityThread: 	at org.firstinspires.ftc.robotcontroller.internal.FtcRobotControllerActivity$1.onServiceConnected(FtcRobotControllerActivity.java:169)
10-29 17:06:58.970 26497 26497 E ActivityThread: 	at android.app.LoadedApk$ServiceDispatcher.doConnected(LoadedApk.java:1223)
10-29 17:06:58.970 26497 26497 E ActivityThread: 	at android.app.LoadedApk$ServiceDispatcher$RunConnection.run(LoadedApk.java:1240)
10-29 17:06:58.970 26497 26497 E ActivityThread: 	at android.os.Handler.handleCallback(Handler.java:746)
10-29 17:06:58.970 26497 26497 E ActivityThread: 	at android.os.Handler.dispatchMessage(Handler.java:95)
10-29 17:06:58.970 26497 26497 E ActivityThread: 	at android.os.Looper.loop(Looper.java:148)
10-29 17:06:58.970 26497 26497 E ActivityThread: 	at android.app.ActivityThread.main(ActivityThread.java:5459)
10-29 17:06:58.970 26497 26497 E ActivityThread: 	at java.lang.reflect.Method.invoke(Native Method)
10-29 17:06:58.970 26497 26497 E ActivityThread: 	at com.android.internal.os.ZygoteInit$MethodAndArgsCaller.run(ZygoteInit.java:728)
10-29 17:06:58.970 26497 26497 E ActivityThread: 	at com.android.internal.os.ZygoteInit.main(ZygoteInit.java:618)
10-29 17:06:58.973 26497 26497 E ActivityThread: Activity org.firstinspires.ftc.robotcontroller.internal.FtcRobotControllerActivity has leaked IntentReceiver com.qualcomm.robotcore.util.BatteryChecker$Monitor@b5531bb that was originally registered here. Are you missing a call to unregisterReceiver()?
10-29 17:06:58.973 26497 26497 E ActivityThread: android.app.IntentReceiverLeaked: Activity org.firstinspires.ftc.robotcontroller.internal.FtcRobotControllerActivity has leaked IntentReceiver com.qualcomm.robotcore.util.BatteryChecker$Monitor@b5531bb that was originally registered here. Are you missing a call to unregisterReceiver()?
10-29 17:06:58.973 26497 26497 E ActivityThread: 	at android.app.LoadedApk$ReceiverDispatcher.<init>(LoadedApk.java:918)
10-29 17:06:58.973 26497 26497 E ActivityThread: 	at android.app.LoadedApk.getReceiverDispatcher(LoadedApk.java:719)
10-29 17:06:58.973 26497 26497 E ActivityThread: 	at android.app.ContextImpl.registerReceiverInternal(ContextImpl.java:1172)
10-29 17:06:58.973 26497 26497 E ActivityThread: 	at android.app.ContextImpl.registerReceiver(ContextImpl.java:1152)
10-29 17:06:58.973 26497 26497 E ActivityThread: 	at android.app.ContextImpl.registerReceiver(ContextImpl.java:1146)
10-29 17:06:58.973 26497 26497 E ActivityThread: 	at android.content.ContextWrapper.registerReceiver(ContextWrapper.java:554)
10-29 17:06:58.973 26497 26497 E ActivityThread: 	at com.qualcomm.robotcore.util.BatteryChecker.registerReceiver(BatteryChecker.java:166)
10-29 17:06:58.973 26497 26497 E ActivityThread: 	at com.qualcomm.robotcore.util.BatteryChecker.startBatteryMonitoring(BatteryChecker.java:108)
10-29 17:06:58.973 26497 26497 E ActivityThread: 	at com.qualcomm.ftccommon.FtcEventLoopHandler.<init>(FtcEventLoopHandler.java:111)
10-29 17:06:58.973 26497 26497 E ActivityThread: 	at com.qualcomm.ftccommon.FtcEventLoopBase.<init>(FtcEventLoopBase.java:197)
10-29 17:06:58.973 26497 26497 E ActivityThread: 	at com.qualcomm.ftccommon.FtcEventLoop.<init>(FtcEventLoop.java:126)
10-29 17:06:58.973 26497 26497 E ActivityThread: 	at org.firstinspires.ftc.robotcontroller.internal.FtcRobotControllerActivity.requestRobotSetup(FtcRobotControllerActivity.java:577)
10-29 17:06:58.973 26497 26497 E ActivityThread: 	at org.firstinspires.ftc.robotcontroller.internal.FtcRobotControllerActivity.updateUIAndRequestRobotSetup(FtcRobotControllerActivity.java:557)
10-29 17:06:58.973 26497 26497 E ActivityThread: 	at org.firstinspires.ftc.robotcontroller.internal.FtcRobotControllerActivity.onServiceBind(FtcRobotControllerActivity.java:538)
10-29 17:06:58.973 26497 26497 E ActivityThread: 	at org.firstinspires.ftc.robotcontroller.internal.FtcRobotControllerActivity$1.onServiceConnected(FtcRobotControllerActivity.java:169)
10-29 17:06:58.973 26497 26497 E ActivityThread: 	at android.app.LoadedApk$ServiceDispatcher.doConnected(LoadedApk.java:1223)
10-29 17:06:58.973 26497 26497 E ActivityThread: 	at android.app.LoadedApk$ServiceDispatcher$RunConnection.run(LoadedApk.java:1240)
10-29 17:06:58.973 26497 26497 E ActivityThread: 	at android.os.Handler.handleCallback(Handler.java:746)
10-29 17:06:58.973 26497 26497 E ActivityThread: 	at android.os.Handler.dispatchMessage(Handler.java:95)
10-29 17:06:58.973 26497 26497 E ActivityThread: 	at android.os.Looper.loop(Looper.java:148)
10-29 17:06:58.973 26497 26497 E ActivityThread: 	at android.app.ActivityThread.main(ActivityThread.java:5459)
10-29 17:06:58.973 26497 26497 E ActivityThread: 	at java.lang.reflect.Method.invoke(Native Method)
10-29 17:06:58.973 26497 26497 E ActivityThread: 	at com.android.internal.os.ZygoteInit$MethodAndArgsCaller.run(ZygoteInit.java:728)
10-29 17:06:58.973 26497 26497 E ActivityThread: 	at com.android.internal.os.ZygoteInit.main(ZygoteInit.java:618)
10-29 17:07:39.762 26938 26938 I chatty  : uid=10124 expire 132 lines
10-29 17:07:39.887 26938 26958 I chatty  : uid=10124 expire 2 lines
10-29 17:07:39.936 26961 26961 I chatty  : uid=10124 ps expire 20 lines
10-29 17:07:39.942 26938 26965 I chatty  : uid=10124 expire 11 lines
10-29 17:07:41.367 26938 26944 I chatty  : uid=10124 expire 3 lines
10-29 17:07:42.295 26938 26948 I chatty  : uid=10124 expire 5 lines
10-29 17:38:07.705 31040 31320 I chatty  : uid=10124 expire 1 line
10-29 17:38:08.586 31040 31480 I chatty  : uid=10124 expire 25 lines
10-29 17:38:09.180 31040 31480 W LynxPwmOutputController: LynxSetPWMEnableCommand not implemented by lynx hw; ignoring
10-29 17:38:09.184 31040 31480 W LynxPwmOutputController: LynxSetPWMConfigurationCommand not implemented by lynx hw; ignoring
10-29 17:38:09.188 31040 31480 W LynxPwmOutputController: LynxSetPWMEnableCommand not implemented by lynx hw; ignoring
10-29 17:38:09.193 31040 31480 W LynxPwmOutputController: LynxSetPWMConfigurationCommand not implemented by lynx hw; ignoring
10-29 17:38:09.198 31040 31480 W LynxPwmOutputController: LynxSetPWMEnableCommand not implemented by lynx hw; ignoring
10-29 17:38:09.203 31040 31480 W LynxPwmOutputController: LynxSetPWMConfigurationCommand not implemented by lynx hw; ignoring
10-29 17:38:09.305 31040 31480 V ThreadPool: container(0x03f45235: LinearOpMode) added id=3867 TID=0 count=1
10-29 17:38:09.309 31040 21437 V RobotCore: thread: 'LinearOpMode main' starting...
10-29 17:38:09.344 31040 31320 V Robocol : sending CMD_NOTIFY_INIT_OP_MODE(35833), attempt: 0
10-29 17:38:11.422 31040 31303 V Robocol : received command: CMD_INIT_OP_MODE(32515) $Stop$Robot$
10-29 17:38:11.424 31040 31302 I BatteryChecker: percent remaining: 54 is charging: false
10-29 17:38:11.435 31040 31480 V ThreadPool: waiting for service user linear op mode
10-29 17:38:11.436 31040 21437 V RobotCore: thread: ...terminating 'LinearOpMode main'
10-29 17:38:11.437 31040 31480 V ThreadPool: awaitTermination returned, isTerminated=true
10-29 17:38:11.437 31040 21437 V ThreadPool: container(0x03f45235: LinearOpMode) removed id=3867 TID=21437 count=1
10-29 17:38:11.437 31040 31480 V ThreadPool: executive service user linear op mode(0x03f45235) is terminated
10-29 17:38:11.437 31040 31480 I RobotCore: Attempting to switch to op mode $Stop$Robot$
10-29 17:38:11.465 31040 31320 V Robocol : sending CMD_NOTIFY_INIT_OP_MODE(35862), attempt: 0
10-29 17:38:11.544 31040 31303 V Robocol : received command: CMD_RUN_OP_MODE(32521) $Stop$Robot$
10-29 17:38:11.546 31040 31302 I BatteryChecker: percent remaining: 54 is charging: false
10-29 17:38:11.585 31040 31320 V Robocol : sending CMD_NOTIFY_RUN_OP_MODE(35868), attempt: 0
10-29 17:38:26.902 31040 31303 V Robocol : received command: CMD_INIT_OP_MODE(32714) $Stop$Robot$
10-29 17:38:26.903 31040 31302 I BatteryChecker: percent remaining: 54 is charging: false
10-29 17:38:26.910 31040 31480 I RobotCore: Attempting to switch to op mode $Stop$Robot$
10-29 17:38:26.944 31040 31320 V Robocol : sending CMD_NOTIFY_INIT_OP_MODE(36077), attempt: 0
10-29 17:38:27.022 31040 31303 V Robocol : received command: CMD_RUN_OP_MODE(32720) $Stop$Robot$
10-29 17:38:27.024 31040 31302 I BatteryChecker: percent remaining: 54 is charging: false
10-29 17:38:27.065 31040 31320 V Robocol : sending CMD_NOTIFY_RUN_OP_MODE(36083), attempt: 0
10-29 17:38:43.127 31040 31040 I BatteryChecker: percent remaining: 54 is charging: false
10-29 17:38:43.129 31040 31040 I BatteryChecker: percent remaining: 54 is charging: false
10-29 17:38:43.130 31040 31040 I BatteryChecker: percent remaining: 54 is charging: false
10-29 17:38:54.463 31040 31303 V Robocol : received command: CMD_INIT_OP_MODE(33064) Auto Red 1
10-29 17:38:54.464 31040 31302 I BatteryChecker: percent remaining: 54 is charging: false
10-29 17:38:54.472 31040 31480 I RobotCore: Attempting to switch to op mode Auto Red 1
10-29 17:38:54.556 31040 31480 W LynxPwmOutputController: LynxSetPWMEnableCommand not implemented by lynx hw; ignoring
10-29 17:38:54.563 31040 31480 W LynxPwmOutputController: LynxSetPWMConfigurationCommand not implemented by lynx hw; ignoring
10-29 17:38:54.569 31040 31480 W LynxPwmOutputController: LynxSetPWMEnableCommand not implemented by lynx hw; ignoring
10-29 17:38:54.574 31040 31480 W LynxPwmOutputController: LynxSetPWMConfigurationCommand not implemented by lynx hw; ignoring
10-29 17:38:54.580 31040 31480 W LynxPwmOutputController: LynxSetPWMEnableCommand not implemented by lynx hw; ignoring
10-29 17:38:54.585 31040 31480 W LynxPwmOutputController: LynxSetPWMConfigurationCommand not implemented by lynx hw; ignoring
10-29 17:38:54.590 31040 31480 W LynxPwmOutputController: LynxSetPWMEnableCommand not implemented by lynx hw; ignoring
10-29 17:38:54.595 31040 31480 W LynxPwmOutputController: LynxSetPWMConfigurationCommand not implemented by lynx hw; ignoring
10-29 17:38:54.596 31040 31480 V AMSColorSensorImpl: internalInitialize()...
10-29 17:38:54.629 31040 31480 V AMSColorSensorImpl: state: 07 f6 ff ff 00 00 00 00 00 00 00 00 00 00 08 61 
10-29 17:38:54.630 31040 31480 V AMSColorSensorImpl: state| 00 01 60 33 1f 00 0e 00 0a 
10-29 17:38:54.647 31040 31480 V AMSColorSensorImpl: disable() enabled=0x07...
10-29 17:38:54.683 31040 31480 V AMSColorSensorImpl: ...disable() enabled=0x00
10-29 17:38:54.684 31040 31480 V AMSColorSensorImpl: setIntegrationTime(0xf6)
10-29 17:38:54.698 31040 31480 V AMSColorSensorImpl: setGain(GAIN_4)
10-29 17:38:54.728 31040 31480 V AMSColorSensorImpl: setPDrive(Percent12_5)
10-29 17:38:54.775 31040 31480 V AMSColorSensorImpl: setProximityPulseCount(0x08)
10-29 17:38:54.810 31040 31480 V AMSColorSensorImpl: enable() enabled=0x00...
10-29 17:38:54.857 31040 31480 V AMSColorSensorImpl: ...enable() enabled=0x07
10-29 17:38:54.873 31040 31480 V AMSColorSensorImpl: state: 07 f6 ff ff 00 00 00 00 00 00 00 00 00 00 08 61 
10-29 17:38:54.874 31040 31480 V AMSColorSensorImpl: state| 00 01 60 33 20 00 0f 00 0a 
10-29 17:38:54.874 31040 31480 V AMSColorSensorImpl: ...internalInitialize()
10-29 17:38:55.033 31040 31480 W LynxPwmOutputController: LynxSetPWMEnableCommand not implemented by lynx hw; ignoring
10-29 17:38:55.037 31040 31480 W LynxPwmOutputController: LynxSetPWMConfigurationCommand not implemented by lynx hw; ignoring
10-29 17:38:55.043 31040 31480 W LynxPwmOutputController: LynxSetPWMEnableCommand not implemented by lynx hw; ignoring
10-29 17:38:55.047 31040 31480 W LynxPwmOutputController: LynxSetPWMConfigurationCommand not implemented by lynx hw; ignoring
10-29 17:38:55.051 31040 31480 W LynxPwmOutputController: LynxSetPWMEnableCommand not implemented by lynx hw; ignoring
10-29 17:38:55.055 31040 31480 W LynxPwmOutputController: LynxSetPWMConfigurationCommand not implemented by lynx hw; ignoring
10-29 17:38:55.059 31040 31480 W LynxPwmOutputController: LynxSetPWMEnableCommand not implemented by lynx hw; ignoring
10-29 17:38:55.064 31040 31480 W LynxPwmOutputController: LynxSetPWMConfigurationCommand not implemented by lynx hw; ignoring
10-29 17:38:55.166 31040 31480 V ThreadPool: container(0x0c0fb03b: LinearOpMode) added id=3868 TID=0 count=1
10-29 17:38:55.172 31040 22067 V RobotCore: thread: 'LinearOpMode main' starting...
10-29 17:38:55.184 31040 31320 V Robocol : sending CMD_NOTIFY_INIT_OP_MODE(36464), attempt: 0
10-29 17:38:55.250 31040 22067 I MecanumRobot: 0 | init ...
10-29 17:38:55.353 31040 22067 V RobotCore: addr=false data=false arb=false clock=false
10-29 17:38:55.354 31040 22067 E LynxI2cDeviceSynch: readStatusQuery: cbExpected=1 cbRead=0
10-29 17:38:55.354 31040 22067 E LynxI2cDeviceSynch: placeholder: readStatusQuery
10-29 17:38:55.425 31040 22067 V RobotCore: addr=false data=false arb=false clock=false
10-29 17:38:55.425 31040 22067 E LynxI2cDeviceSynch: readStatusQuery: cbExpected=1 cbRead=0
10-29 17:38:55.495 31040 22067 V RobotCore: addr=false data=false arb=false clock=false
10-29 17:38:55.495 31040 22067 E LynxI2cDeviceSynch: readStatusQuery: cbExpected=1 cbRead=0
10-29 17:38:55.569 31040 22067 V RobotCore: addr=false data=false arb=false clock=false
10-29 17:38:55.570 31040 22067 E LynxI2cDeviceSynch: readStatusQuery: cbExpected=1 cbRead=0
10-29 17:38:55.642 31040 22067 V RobotCore: addr=false data=false arb=false clock=false
10-29 17:38:55.642 31040 22067 E LynxI2cDeviceSynch: readStatusQuery: cbExpected=1 cbRead=0
10-29 17:38:56.100 31040 22067 W IMU     : re-issuing IMU mode: system status=IDLE expected=RUNNING_FUSION
10-29 17:39:00.258 31040 31464 E LynxModule: unable to find originating LynxRespondable for mod=3 msg#=179 ref#=153
10-29 17:39:02.517 31040 31464 E LynxModule: unable to find originating LynxRespondable for mod=3 msg#=38 ref#=10
10-29 17:39:04.781 31040 31464 E LynxModule: unable to find originating LynxRespondable for mod=3 msg#=157 ref#=128
10-29 17:39:13.338 31040 31046 W art     : Suspending all threads took: 50.942ms
10-29 17:39:13.863 31040 31303 V EventLoopManager: synthetic gamepad received: id=-2 user=ONE atRest=true 
10-29 17:39:13.863 31040 31303 V EventLoopManager: synthetic gamepad received: id=-2 user=TWO atRest=true 
10-29 17:39:13.865 31040 31303 V Robocol : received command: CMD_INIT_OP_MODE(33236) $Stop$Robot$
10-29 17:39:13.867 31040 31302 I BatteryChecker: percent remaining: 54 is charging: false
10-29 17:39:13.881 31040 31480 V ThreadPool: waiting for service user linear op mode
10-29 17:39:13.884 31040 22067 E LynxI2cDeviceSynch: placeholder: readTimestamped
10-29 17:39:13.884 31040 22067 W IMU     : IMU initialization failed: system status=IDLE expected=RUNNING_FUSION
10-29 17:39:13.885 31040 22067 W IMU     : retrying IMU initialization
10-29 17:39:13.885 31040 22067 E IMU     : IMU initialization failed
10-29 17:39:13.885 31040 22067 I TechNova: MecanumRobot: Init Imu | 18634 | imu initialized ...
10-29 17:39:14.242 31040 22067 I AR      : Vuforia SDK version 6.0.117
10-29 17:39:14.881 31040 31485 E RobotCore: OpMode 'Auto Red 1' stuck in stop(). Restarting robot controller app.
10-29 17:39:14.881 31040 31485 E RobotCore: Begin thread dump
10-29 17:39:14.886 31040 31485 E RobotCore: thread id=3725 tid=0 name="JavaBridge"
10-29 17:39:14.886 31040 31485 E RobotCore:     at android.os.MessageQueue.nativePollOnce(Native Method)
10-29 17:39:14.886 31040 31485 E RobotCore:     at android.os.MessageQueue.next(MessageQueue.java:323)
10-29 17:39:14.886 31040 31485 E RobotCore:     at android.os.Looper.loop(Looper.java:135)
10-29 17:39:14.886 31040 31485 E RobotCore:     at android.os.HandlerThread.run(HandlerThread.java:61)
10-29 17:39:14.886 31040 31485 E RobotCore: thread id=3789 tid=0 name="Thread-3789"
10-29 17:39:14.886 31040 31485 E RobotCore:     at java.lang.Thread.sleep(Native Method)
10-29 17:39:14.886 31040 31485 E RobotCore:     at java.lang.Thread.sleep(Thread.java:1031)
10-29 17:39:14.886 31040 31485 E RobotCore:     at java.lang.Thread.sleep(Thread.java:985)
10-29 17:39:14.886 31040 31485 E RobotCore:     at org.firstinspires.ftc.teamcode.TechNova2017.AutoTransitioner.run(AutoTransitioner.java:44)
10-29 17:39:14.886 31040 31485 E RobotCore: thread id=3728 tid=0 name="pool-4-thread-1"
10-29 17:39:14.886 31040 31485 E RobotCore:     at java.lang.Object.wait(Native Method)
10-29 17:39:14.886 31040 31485 E RobotCore:     at java.lang.Thread.parkFor$(Thread.java:1220)
10-29 17:39:14.887 31040 31485 E RobotCore:     at sun.misc.Unsafe.park(Unsafe.java:299)
10-29 17:39:14.887 31040 31485 E RobotCore:     at java.util.concurrent.locks.LockSupport.park(LockSupport.java:158)
10-29 17:39:14.887 31040 31485 E RobotCore:     at java.util.concurrent.locks.AbstractQueuedSynchronizer$ConditionObject.await(AbstractQueuedSynchronizer.java:2013)
10-29 17:39:14.887 31040 31485 E RobotCore:     at java.util.concurrent.LinkedBlockingQueue.take(LinkedBlockingQueue.java:410)
10-29 17:39:14.887 31040 31485 E RobotCore:     at java.util.concurrent.ThreadPoolExecutor.getTask(ThreadPoolExecutor.java:1038)
10-29 17:39:14.887 31040 31485 E RobotCore:     at java.util.concurrent.ThreadPoolExecutor.runWorker(ThreadPoolExecutor.java:1098)
10-29 17:39:14.887 31040 31485 E RobotCore:     at java.util.concurrent.ThreadPoolExecutor$Worker.run(ThreadPoolExecutor.java:588)
10-29 17:39:14.887 31040 31485 E RobotCore:     at java.lang.Thread.run(Thread.java:818)
10-29 17:39:14.887 31040 31485 E RobotCore: thread id=3704 tid=0 name="JDWP"
10-29 17:39:14.887 31040 31485 E RobotCore: thread id=3719 tid=0 name="Chrome_IOThread"
10-29 17:39:14.887 31040 31485 E RobotCore: thread id=3733 tid=0 name="Thread-3733"
10-29 17:39:14.887 31040 31485 E RobotCore: thread id=3732 tid=31198 name="MTPMonitor-#0"
10-29 17:39:14.887 31040 31485 E RobotCore:     at java.lang.Thread.sleep(Native Method)
10-29 17:39:14.887 31040 31485 E RobotCore:     at java.lang.Thread.sleep(Thread.java:1031)
10-29 17:39:14.887 31040 31485 E RobotCore:     at java.lang.Thread.sleep(Thread.java:985)
10-29 17:39:14.887 31040 31485 E RobotCore:     at org.firstinspires.ftc.robotcore.internal.files.MediaTransferProtocolMonitor$1.run(MediaTransferProtocolMonitor.java:134)
10-29 17:39:14.887 31040 31485 E RobotCore:     at java.util.concurrent.Executors$RunnableAdapter.call(Executors.java:423)
10-29 17:39:14.887 31040 31485 E RobotCore:     at java.util.concurrent.FutureTask.run(FutureTask.java:237)
10-29 17:39:14.887 31040 31485 E RobotCore:     at java.util.concurrent.ThreadPoolExecutor.runWorker(ThreadPoolExecutor.java:1113)
10-29 17:39:14.887 31040 31485 E RobotCore:     at java.util.concurrent.ThreadPoolExecutor$Worker.run(ThreadPoolExecutor.java:588)
10-29 17:39:14.887 31040 31485 E RobotCore:     at com.qualcomm.robotcore.util.ThreadPool$ThreadFactoryImpl$1.run(ThreadPool.java:764)
10-29 17:39:14.887 31040 31485 E RobotCore:     at java.lang.Thread.run(Thread.java:818)
10-29 17:39:14.887 31040 31485 E RobotCore: thread id=3720 tid=0 name="Thread-3720"
10-29 17:39:14.887 31040 31485 E RobotCore: thread id=3723 tid=0 name="CleanupReference"
10-29 17:39:14.887 31040 31485 E RobotCore:     at java.lang.Object.wait(Native Method)
10-29 17:39:14.887 31040 31485 E RobotCore:     at java.lang.Object.wait(Object.java:423)
10-29 17:39:14.887 31040 31485 E RobotCore:     at java.lang.ref.ReferenceQueue.remove(ReferenceQueue.java:101)
10-29 17:39:14.887 31040 31485 E RobotCore:     at java.lang.ref.ReferenceQueue.remove(ReferenceQueue.java:72)
10-29 17:39:14.887 31040 31485 E RobotCore:     at org.chromium.android_webview.CleanupReference$1.run(CleanupReference.java:3)
10-29 17:39:14.888 31040 31485 E RobotCore: thread id=3868 tid=22067 name="LinearOpMode main"
10-29 17:39:14.888 31040 31485 E RobotCore:     at android.hardware.Camera.startPreview(Native Method)
10-29 17:39:14.888 31040 31485 E RobotCore:     at com.vuforia.ar.pl.Camera1_Preview.start(Camera1_Preview.java:1784)
10-29 17:39:14.888 31040 31485 E RobotCore:     at com.vuforia.VuforiaJNI.CameraDevice_start(Native Method)
10-29 17:39:14.888 31040 31485 E RobotCore:     at com.vuforia.CameraDevice.start(CameraDevice.java:66)
10-29 17:39:14.888 31040 31485 E RobotCore:     at org.firstinspires.ftc.robotcore.internal.vuforia.VuforiaLocalizerImpl.startCamera(VuforiaLocalizerImpl.java:665)
10-29 17:39:14.888 31040 31485 E RobotCore:     at org.firstinspires.ftc.robotcore.internal.vuforia.VuforiaLocalizerImpl.startAR(VuforiaLocalizerImpl.java:492)
10-29 17:39:14.888 31040 31485 E RobotCore:     at org.firstinspires.ftc.robotcore.internal.vuforia.VuforiaLocalizerImpl.<init>(VuforiaLocalizerImpl.java:206)
10-29 17:39:14.888 31040 31485 E RobotCore:     at org.firstinspires.ftc.robotcore.external.ClassFactory.createVuforiaLocalizer(ClassFactory.java:57)
10-29 17:39:14.888 31040 31485 E RobotCore:     at org.firstinspires.ftc.teamcode.TechNova2017.VuMarkVision.<init>(VuMarkVision.java:58)
10-29 17:39:14.888 31040 31485 E RobotCore:     at org.firstinspires.ftc.teamcode.TechNova2017.RelicRecoveryAutoAbstract.initOpMode(RelicRecoveryAutoAbstract.java:39)
10-29 17:39:14.888 31040 31485 E RobotCore:     at org.firstinspires.ftc.teamcode.TechNova2017.RelicRecoveryAutoStrategyBase.runOpMode(RelicRecoveryAutoStrategyBase.java:46)
10-29 17:39:14.888 31040 31485 E RobotCore:     at com.qualcomm.robotcore.eventloop.opmode.LinearOpMode$LinearOpModeHelper$1.run(LinearOpMode.java:305)
10-29 17:39:14.888 31040 31485 E RobotCore:     at com.qualcomm.robotcore.util.ThreadPool.logThreadLifeCycle(ThreadPool.java:709)
10-29 17:39:14.888 31040 31485 E RobotCore:     at com.qualcomm.robotcore.eventloop.opmode.LinearOpMode$LinearOpModeHelper.run(LinearOpMode.java:300)
10-29 17:39:14.888 31040 31485 E RobotCore:     at java.util.concurrent.ThreadPoolExecutor.runWorker(ThreadPoolExecutor.java:1113)
10-29 17:39:14.888 31040 31485 E RobotCore:     at java.util.concurrent.ThreadPoolExecutor$Worker.run(ThreadPoolExecutor.java:588)
10-29 17:39:14.888 31040 31485 E RobotCore:     at com.qualcomm.robotcore.util.ThreadPool$ThreadFactoryImpl$1.run(ThreadPool.java:764)
10-29 17:39:14.888 31040 31485 E RobotCore:     at java.lang.Thread.run(Thread.java:818)
10-29 17:39:14.888 31040 31485 E RobotCore: thread id=3869 tid=0 name="pool-67-thread-1"
10-29 17:39:14.888 31040 31485 E RobotCore:     at java.lang.Thread.sleep(Native Method)
10-29 17:39:14.888 31040 31485 E RobotCore:     at java.lang.Thread.sleep(Thread.java:1031)
10-29 17:39:14.888 31040 31485 E RobotCore:     at java.lang.Thread.sleep(Thread.java:985)
10-29 17:39:14.889 31040 31485 E RobotCore:     at com.vuforia.ar.pl.ARHttpClient$ARHttpResponseCallable.call(ARHttpClient.java:43)
10-29 17:39:14.889 31040 31485 E RobotCore:     at com.vuforia.ar.pl.ARHttpClient$ARHttpResponseCallable.call(ARHttpClient.java:27)
10-29 17:39:14.889 31040 31485 E RobotCore:     at java.util.concurrent.FutureTask.run(FutureTask.java:237)
10-29 17:39:14.890 31040 31485 E RobotCore:     at java.util.concurrent.ThreadPoolExecutor.runWorker(ThreadPoolExecutor.java:1113)
10-29 17:39:14.890 31040 31485 E RobotCore:     at java.util.concurrent.ThreadPoolExecutor$Worker.run(ThreadPoolExecutor.java:588)
10-29 17:39:14.890 31040 31485 E RobotCore:     at java.lang.Thread.run(Thread.java:818)
10-29 17:39:14.890 31040 31485 E RobotCore: thread id=3711 tid=0 name="Logging Thread"
10-29 17:39:14.890 31040 31485 E RobotCore:     at java.lang.Object.wait(Native Method)
10-29 17:39:14.890 31040 31485 E RobotCore:     at java.lang.ProcessManager$ProcessImpl.waitFor(ProcessManager.java:296)
10-29 17:39:14.890 31040 31485 E RobotCore:     at com.qualcomm.robotcore.util.RunShellCommand.runCommand(RunShellCommand.java:103)
10-29 17:39:14.890 31040 31485 E RobotCore:     at com.qualcomm.robotcore.util.RunShellCommand.run(RunShellCommand.java:71)
10-29 17:39:14.890 31040 31485 E RobotCore:     at com.qualcomm.robotcore.util.RobotLog$1.run(RobotLog.java:495)
10-29 17:39:14.890 31040 31485 E RobotCore: thread id=3721 tid=0 name="Thread-3721"
10-29 17:39:14.890 31040 31485 E RobotCore: thread id=3735 tid=0 name="GAC_Executor[1]"
10-29 17:39:14.890 31040 31485 E RobotCore:     at java.lang.Object.wait(Native Method)
10-29 17:39:14.890 31040 31485 E RobotCore:     at java.lang.Thread.parkFor$(Thread.java:1220)
10-29 17:39:14.890 31040 31485 E RobotCore:     at sun.misc.Unsafe.park(Unsafe.java:299)
10-29 17:39:14.890 31040 31485 E RobotCore:     at java.util.concurrent.locks.LockSupport.park(LockSupport.java:158)
10-29 17:39:14.890 31040 31485 E RobotCore:     at java.util.concurrent.locks.AbstractQueuedSynchronizer$ConditionObject.await(AbstractQueuedSynchronizer.java:2013)
10-29 17:39:14.890 31040 31485 E RobotCore:     at java.util.concurrent.LinkedBlockingQueue.take(LinkedBlockingQueue.java:410)
10-29 17:39:14.890 31040 31485 E RobotCore:     at java.util.concurrent.ThreadPoolExecutor.getTask(ThreadPoolExecutor.java:1038)
10-29 17:39:14.890 31040 31485 E RobotCore:     at java.util.concurrent.ThreadPoolExecutor.runWorker(ThreadPoolExecutor.java:1098)
10-29 17:39:14.890 31040 31485 E RobotCore:     at java.util.concurrent.ThreadPoolExecutor$Worker.run(ThreadPoolExecutor.java:588)
10-29 17:39:14.890 31040 31485 E RobotCore:     at com.google.android.gms.internal.zzbic.run(Unknown Source)
10-29 17:39:14.890 31040 31485 E RobotCore:     at java.lang.Thread.run(Thread.java:818)
10-29 17:39:14.890 31040 31485 E RobotCore: thread id=3765 tid=0 name="readBufferManager"
10-29 17:39:14.890 31040 31485 E RobotCore:     at java.lang.Object.wait(Native Method)
10-29 17:39:14.890 31040 31485 E RobotCore:     at org.firstinspires.ftc.robotcore.internal.ftdi.ReadBufferManager.acquireReadableInputBuffer(ReadBufferManager.java:242)
10-29 17:39:14.890 31040 31485 E RobotCore:     at org.firstinspires.ftc.robotcore.internal.ftdi.ReadBufferWorker.run(ReadBufferWorker.java:61)
10-29 17:39:14.890 31040 31485 E RobotCore:     at org.firstinspires.ftc.robotcore.internal.ftdi.FtDevice$ThreadHelper$1.run(FtDevice.java:1437)
10-29 17:39:14.890 31040 31485 E RobotCore:     at java.lang.Thread.run(Thread.java:818)
10-29 17:39:14.890 31040 31485 E RobotCore: thread id=3754 tid=0 name="SoundPool"
10-29 17:39:14.891 31040 31485 E RobotCore: thread id=3767 tid=31464 name="lynx incoming datagrams"
10-29 17:39:14.891 31040 31485 E RobotCore:     at java.lang.Object.wait(Native Method)
10-29 17:39:14.891 31040 31485 E RobotCore:     at java.lang.Object.wait(Object.java:423)
10-29 17:39:14.891 31040 31485 E RobotCore:     at org.firstinspires.ftc.robotcore.internal.ftdi.ReadBufferManager.readBulkInData(ReadBufferManager.java:575)
10-29 17:39:14.891 31040 31485 E RobotCore:     at org.firstinspires.ftc.robotcore.internal.ftdi.FtDevice.read(FtDevice.java:683)
10-29 17:39:14.891 31040 31485 E RobotCore:     at com.qualcomm.robotcore.hardware.usb.ftdi.RobotUsbDeviceFtdi.read(RobotUsbDeviceFtdi.java:128)
10-29 17:39:14.891 31040 31485 E RobotCore:     at com.qualcomm.hardware.lynx.LynxUsbDeviceImpl$IncomingDatagramPoller.readIncomingBytes(LynxUsbDeviceImpl.java:856)
10-29 17:39:14.891 31040 31485 E RobotCore:     at com.qualcomm.hardware.lynx.LynxUsbDeviceImpl$IncomingDatagramPoller.pollForIncomingDatagram(LynxUsbDeviceImpl.java:915)
10-29 17:39:14.891 31040 31485 E RobotCore:     at com.qualcomm.hardware.lynx.LynxUsbDeviceImpl$IncomingDatagramPoller$1.run(LynxUsbDeviceImpl.java:823)
10-29 17:39:14.891 31040 31485 E RobotCore:     at com.qualcomm.robotcore.util.ThreadPool.logThreadLifeCycle(ThreadPool.java:709)
10-29 17:39:14.891 31040 31485 E RobotCore:     at com.qualcomm.hardware.lynx.LynxUsbDeviceImpl$IncomingDatagramPoller.run(LynxUsbDeviceImpl.java:813)
10-29 17:39:14.891 31040 31485 E RobotCore:     at java.util.concurrent.ThreadPoolExecutor.runWorker(ThreadPoolExecutor.java:1113)
10-29 17:39:14.891 31040 31485 E RobotCore:     at java.util.concurrent.ThreadPoolExecutor$Worker.run(ThreadPoolExecutor.java:588)
10-29 17:39:14.891 31040 31485 E RobotCore:     at com.qualcomm.robotcore.util.ThreadPool$ThreadFactoryImpl$1.run(ThreadPool.java:764)
10-29 17:39:14.891 31040 31485 E RobotCore:     at java.lang.Thread.run(Thread.java:818)
10-29 17:39:14.891 31040 31485 E RobotCore: thread id=3738 tid=0 name="NanoHttpd Main Listener"
10-29 17:39:14.891 31040 31485 E RobotCore:     at libcore.io.Posix.accept(Native Method)
10-29 17:39:14.891 31040 31485 E RobotCore:     at libcore.io.BlockGuardOs.accept(BlockGuardOs.java:63)
10-29 17:39:14.891 31040 31485 E RobotCore:     at java.net.PlainSocketImpl.accept(PlainSocketImpl.java:97)
