10-29 17:39:58.572 22495 22802 I TechNova: MecanumRobot: EncodersT | 	266	267	267	266
10-29 17:39:58.666 22495 22802 I TechNova: MecanumRobot: Encoder Remain | 4
10-29 17:39:58.688 22495 22802 I TechNova: MecanumRobot: EncodersC | 	261	261	261	259
10-29 17:39:58.705 22495 22802 I TechNova: MecanumRobot: EncodersT | 	266	267	267	266
10-29 17:39:58.814 22495 22802 I TechNova: MecanumRobot: Encoder Remain | 8
10-29 17:39:58.831 22495 22802 I TechNova: MecanumRobot: EncodersC | 	257	258	261	258
10-29 17:39:58.851 22495 22802 I TechNova: MecanumRobot: EncodersT | 	266	267	267	266
10-29 17:39:58.951 22495 22802 I TechNova: MecanumRobot: Encoder Remain | 8
10-29 17:39:58.973 22495 22802 I TechNova: MecanumRobot: EncodersC | 	257	258	261	258
10-29 17:39:58.996 22495 22802 I TechNova: MecanumRobot: EncodersT | 	266	267	267	266
10-29 17:39:59.129 22495 22802 I TechNova: MecanumRobot: Encoder Remain | 8
10-29 17:39:59.151 22495 22802 I TechNova: MecanumRobot: EncodersC | 	257	258	261	258
10-29 17:39:59.165 22495 22802 I TechNova: MecanumRobot: EncodersT | 	266	267	267	266
10-29 17:39:59.272 22495 22802 I TechNova: MecanumRobot: Encoder Remain | 8
10-29 17:39:59.290 22495 22802 I TechNova: MecanumRobot: EncodersC | 	257	258	261	258
10-29 17:39:59.303 22495 22802 I TechNova: MecanumRobot: EncodersT | 	266	267	267	266
10-29 17:39:59.415 22495 22802 I TechNova: MecanumRobot: Encoder Remain | 8
10-29 17:39:59.430 22495 22802 I TechNova: MecanumRobot: EncodersC | 	257	258	261	258
10-29 17:39:59.455 22495 22802 I TechNova: MecanumRobot: EncodersT | 	266	267	267	266
10-29 17:39:59.559 22495 22802 I TechNova: MecanumRobot: Encoder Remain | 8
10-29 17:39:59.573 22495 22802 I TechNova: MecanumRobot: EncodersC | 	257	258	261	258
10-29 17:39:59.589 22495 22802 I TechNova: MecanumRobot: EncodersT | 	266	267	267	266
10-29 17:39:59.699 22495 22802 I TechNova: MecanumRobot: Encoder Remain | 8
10-29 17:39:59.721 22495 22802 I TechNova: MecanumRobot: EncodersC | 	257	258	261	258
10-29 17:39:59.745 22495 22802 I TechNova: MecanumRobot: EncodersT | 	266	267	267	266
10-29 17:39:59.850 22495 22802 I TechNova: MecanumRobot: Encoder Remain | 8
10-29 17:39:59.869 22495 22802 I TechNova: MecanumRobot: EncodersC | 	258	258	261	258
10-29 17:39:59.888 22495 22802 I TechNova: MecanumRobot: EncodersT | 	266	267	267	266
10-29 17:39:59.999 22495 22802 I TechNova: MecanumRobot: Encoder Remain | 7
10-29 17:40:00.018 22495 22802 I TechNova: MecanumRobot: EncodersC | 	259	259	261	258
10-29 17:40:00.032 22495 22802 I TechNova: MecanumRobot: EncodersT | 	266	267	267	266
10-29 17:40:00.144 22495 22802 I TechNova: MecanumRobot: Encoder Remain | 6
10-29 17:40:00.160 22495 22802 I TechNova: MecanumRobot: EncodersC | 	257	261	261	259
10-29 17:40:00.182 22495 22802 I TechNova: MecanumRobot: EncodersT | 	266	267	267	266
10-29 17:40:00.286 22495 22802 I TechNova: MecanumRobot: Encoder Remain | 7
10-29 17:40:00.303 22495 22802 I TechNova: MecanumRobot: EncodersC | 	257	258	261	261
10-29 17:40:00.319 22495 22802 I TechNova: MecanumRobot: EncodersT | 	266	267	267	266
10-29 17:40:00.424 22495 22802 I TechNova: MecanumRobot: Encoder Remain | 8
10-29 17:40:00.441 22495 22802 I TechNova: MecanumRobot: EncodersC | 	257	258	261	256
10-29 17:40:00.457 22495 22802 I TechNova: MecanumRobot: EncodersT | 	266	267	267	266
10-29 17:40:00.575 22495 22802 I TechNova: MecanumRobot: Encoder Remain | 8
10-29 17:40:00.589 22495 22802 I TechNova: MecanumRobot: EncodersC | 	257	258	261	256
10-29 17:40:00.604 22495 22802 I TechNova: MecanumRobot: EncodersT | 	266	267	267	266
10-29 17:40:00.708 22495 22802 I TechNova: MecanumRobot: Encoder Remain | 8
10-29 17:40:00.727 22495 22802 I TechNova: MecanumRobot: EncodersC | 	257	258	261	256
10-29 17:40:00.741 22495 22802 I TechNova: MecanumRobot: EncodersT | 	266	267	267	266
10-29 17:40:00.826 22495 22802 I TechNova: MecanumRobot: Encoder Remain | 8
10-29 17:40:00.842 22495 22802 I TechNova: MecanumRobot: EncodersC | 	257	258	261	256
10-29 17:40:00.859 22495 22802 I TechNova: MecanumRobot: EncodersT | 	266	267	267	266
10-29 17:40:00.967 22495 22802 I TechNova: MecanumRobot: Encoder Remain | 8
10-29 17:40:00.985 22495 22802 I TechNova: MecanumRobot: EncodersC | 	257	258	261	256
10-29 17:40:01.006 22495 22802 I TechNova: MecanumRobot: EncodersT | 	266	267	267	266
10-29 17:40:01.146 22495 22802 I TechNova: MecanumRobot: Encoder Remain | 8
10-29 17:40:01.164 22495 22802 I TechNova: MecanumRobot: EncodersC | 	257	258	261	257
10-29 17:40:01.179 22495 22802 I TechNova: MecanumRobot: EncodersT | 	266	267	267	266
10-29 17:40:01.299 22495 22802 I TechNova: MecanumRobot: Encoder Remain | 7
10-29 17:40:01.311 22495 22802 I TechNova: MecanumRobot: EncodersC | 	258	261	261	258
10-29 17:40:01.329 22495 22802 I TechNova: MecanumRobot: EncodersT | 	266	267	267	266
10-29 17:40:01.442 22495 22802 I TechNova: MecanumRobot: Encoder Remain | 7
10-29 17:40:01.459 22495 22802 I TechNova: MecanumRobot: EncodersC | 	256	261	261	258
10-29 17:40:01.474 22495 22802 I TechNova: MecanumRobot: EncodersT | 	266	267	267	266
10-29 17:40:01.577 22495 22802 I TechNova: MecanumRobot: Encoder Remain | 7
10-29 17:40:01.595 22495 22802 I TechNova: MecanumRobot: EncodersC | 	256	261	261	258
10-29 17:40:01.609 22495 22802 I TechNova: MecanumRobot: EncodersT | 	266	267	267	266
10-29 17:40:01.747 22495 22802 I TechNova: MecanumRobot: Encoder Remain | 7
10-29 17:40:01.773 22495 22802 I TechNova: MecanumRobot: EncodersC | 	257	258	261	259
10-29 17:40:01.793 22495 22802 I TechNova: MecanumRobot: EncodersT | 	266	267	267	266
10-29 17:40:01.896 22495 22802 I TechNova: MecanumRobot: Encoder Remain | 9
10-29 17:40:01.914 22495 22802 I TechNova: MecanumRobot: EncodersC | 	257	258	260	255
10-29 17:40:01.930 22495 22802 I TechNova: MecanumRobot: EncodersT | 	266	267	267	266
10-29 17:40:02.030 22495 22802 I TechNova: MecanumRobot: Encoder Remain | 9
10-29 17:40:02.045 22495 22802 I TechNova: MecanumRobot: EncodersC | 	257	258	260	255
10-29 17:40:02.063 22495 22802 I TechNova: MecanumRobot: EncodersT | 	266	267	267	266
10-29 17:40:02.165 22495 22802 I TechNova: MecanumRobot: Encoder Remain | 9
10-29 17:40:02.183 22495 22802 I TechNova: MecanumRobot: EncodersC | 	257	258	260	255
10-29 17:40:02.207 22495 22802 I TechNova: MecanumRobot: EncodersT | 	266	267	267	266
10-29 17:40:02.318 22495 22802 I TechNova: MecanumRobot: Encoder Remain | 8
10-29 17:40:02.340 22495 22802 I TechNova: MecanumRobot: EncodersC | 	257	258	261	256
10-29 17:40:02.355 22495 22802 I TechNova: MecanumRobot: EncodersT | 	266	267	267	266
10-29 17:40:02.467 22495 22802 I TechNova: MecanumRobot: Encoder Remain | 8
10-29 17:40:02.486 22495 22802 I TechNova: MecanumRobot: EncodersC | 	257	258	261	256
10-29 17:40:02.504 22495 22802 I TechNova: MecanumRobot: EncodersT | 	266	267	267	266
10-29 17:40:02.604 22495 22802 I TechNova: MecanumRobot: Encoder Remain | 8
10-29 17:40:02.621 22495 22802 I TechNova: MecanumRobot: EncodersC | 	257	258	261	257
10-29 17:40:02.639 22495 22802 I TechNova: MecanumRobot: EncodersT | 	266	267	267	266
10-29 17:40:02.743 22495 22802 I TechNova: MecanumRobot: Encoder Remain | 6
10-29 17:40:02.759 22495 22802 I TechNova: MecanumRobot: EncodersC | 	261	262	261	258
10-29 17:40:02.778 22495 22802 I TechNova: MecanumRobot: EncodersT | 	266	267	267	266
10-29 17:40:02.940 22495 22802 I TechNova: RelicRecoveryAutoRed1:  --- Drive backward to finish --- 
10-29 17:40:03.132 22495 22802 I TechNova: MecanumRobot: Encoder Remain | 365
10-29 17:40:03.148 22495 22802 I TechNova: MecanumRobot: EncodersC | 	-61	-64	-34	-35
10-29 17:40:03.165 22495 22802 I TechNova: MecanumRobot: EncodersT | 	-400	-401	-401	-400
10-29 17:40:03.270 22495 22802 I TechNova: MecanumRobot: Encoder Remain | 285
10-29 17:40:03.292 22495 22802 I TechNova: MecanumRobot: EncodersC | 	-154	-162	-130	-133
10-29 17:40:03.306 22495 22802 I TechNova: MecanumRobot: EncodersT | 	-400	-401	-401	-400
10-29 17:40:03.414 22495 22802 I TechNova: MecanumRobot: Encoder Remain | 151
10-29 17:40:03.429 22495 22802 I TechNova: MecanumRobot: EncodersC | 	-292	-300	-258	-259
10-29 17:40:03.449 22495 22802 I TechNova: MecanumRobot: EncodersT | 	-400	-401	-401	-400
10-29 17:40:03.580 22495 22802 I TechNova: MecanumRobot: Encoder Remain | 17
10-29 17:40:03.595 22495 22802 I TechNova: MecanumRobot: EncodersC | 	-393	-394	-384	-389
10-29 17:40:03.619 22495 22802 I TechNova: MecanumRobot: EncodersT | 	-400	-401	-401	-400
10-29 17:40:08.841 22495 22802 I RelicRecoveryAutoRed1: RED | State: 7 [PLACE_GLYPH_INTO_CRYPTO] | 	End | 	26239.6 | 	11551 | 	IMU: 98.9 | 	(x1,x2, y): 151.0, 0.0, 0.0 | 	glyph count:697 | 	LEFT
10-29 17:40:08.896 22495 22802 I RelicRecoveryAutoRed1: RED | State: 8 [RESET_GLYPH_LIFT] | 	Start | 	26287.3 | 	0 | 	IMU: 98.2 | 	(x1,x2, y): 152.0, 0.0, 0.0 | 	glyph count:697 | 	LEFT
10-29 17:40:10.000 22495 22802 I RelicRecoveryAutoRed1: RED | State: 8 [RESET_GLYPH_LIFT] | 	End | 	27391.3 | 	1104 | 	IMU: 97.9 | 	(x1,x2, y): 152.0, 0.0, 0.0 | 	glyph count:-97 | 	LEFT
10-29 17:40:10.056 22495 22802 V RobotCore: thread: ...terminating 'LinearOpMode main'
10-29 17:40:10.061 22495 22707 I FtcEventLoop: auto-stopping OpMode 'Auto Red 1'
10-29 17:40:10.062 22495 22707 V ThreadPool: waiting for service user linear op mode
10-29 17:40:10.064 22495 22802 V ThreadPool: container(0x0111cf0b: LinearOpMode) removed id=3784 TID=22802 count=1
10-29 17:40:10.065 22495 22707 V ThreadPool: awaitTermination returned, isTerminated=true
10-29 17:40:10.065 22495 22707 V ThreadPool: executive service user linear op mode(0x0111cf0b) is terminated
10-29 17:40:10.299 22495 22707 V ThreadPool: executive service user linear op mode(0x0111cf0b) is terminated
10-29 17:40:10.299 22495 22707 I RobotCore: Attempting to switch to op mode $Stop$Robot$
10-29 17:40:10.317 22495 22695 V Robocol : sending CMD_NOTIFY_INIT_OP_MODE(541), attempt: 0
10-29 17:40:10.340 22495 22672 V Robocol : received command: CMD_RUN_OP_MODE(10488) $Stop$Robot$
10-29 17:40:10.342 22495 22671 I BatteryChecker: percent remaining: 54 is charging: false
10-29 17:40:10.357 22495 22695 V Robocol : sending CMD_NOTIFY_RUN_OP_MODE(546), attempt: 0
10-29 17:40:11.325 22495 22707 I RobotCore: Attempting to switch to op mode Relic Recovery TeleOps (Linear)
10-29 17:40:11.489 22495 22707 V AMSColorSensorImpl: internalInitialize()...
10-29 17:40:11.524 22495 22707 V AMSColorSensorImpl: state: 07 f6 ff ff 00 00 00 00 00 00 00 00 00 00 08 61 
10-29 17:40:11.524 22495 22707 V AMSColorSensorImpl: state| 00 01 60 33 56 00 26 00 1d 
10-29 17:40:11.541 22495 22707 V AMSColorSensorImpl: disable() enabled=0x07...
10-29 17:40:11.578 22495 22707 V AMSColorSensorImpl: ...disable() enabled=0x00
10-29 17:40:11.578 22495 22707 V AMSColorSensorImpl: setIntegrationTime(0xf6)
10-29 17:40:11.591 22495 22707 V AMSColorSensorImpl: setGain(GAIN_4)
10-29 17:40:11.620 22495 22707 V AMSColorSensorImpl: setPDrive(Percent12_5)
10-29 17:40:11.651 22495 22707 V AMSColorSensorImpl: setProximityPulseCount(0x08)
10-29 17:40:11.681 22495 22707 V AMSColorSensorImpl: enable() enabled=0x00...
10-29 17:40:11.734 22495 22707 V AMSColorSensorImpl: ...enable() enabled=0x07
10-29 17:40:11.751 22495 22707 V AMSColorSensorImpl: state: 07 f6 ff ff 00 00 00 00 00 00 00 00 00 00 08 61 
10-29 17:40:11.752 22495 22707 V AMSColorSensorImpl: state| 00 01 60 33 56 00 25 00 1d 
10-29 17:40:11.752 22495 22707 V AMSColorSensorImpl: ...internalInitialize()
10-29 17:40:11.822 22495 22707 W LynxPwmOutputController: LynxSetPWMEnableCommand not implemented by lynx hw; ignoring
10-29 17:40:11.826 22495 22707 W LynxPwmOutputController: LynxSetPWMConfigurationCommand not implemented by lynx hw; ignoring
10-29 17:40:11.830 22495 22707 W LynxPwmOutputController: LynxSetPWMEnableCommand not implemented by lynx hw; ignoring
10-29 17:40:11.832 22495 22707 W LynxPwmOutputController: LynxSetPWMConfigurationCommand not implemented by lynx hw; ignoring
10-29 17:40:11.836 22495 22707 W LynxPwmOutputController: LynxSetPWMEnableCommand not implemented by lynx hw; ignoring
10-29 17:40:11.840 22495 22707 W LynxPwmOutputController: LynxSetPWMConfigurationCommand not implemented by lynx hw; ignoring
10-29 17:40:11.844 22495 22707 W LynxPwmOutputController: LynxSetPWMEnableCommand not implemented by lynx hw; ignoring
10-29 17:40:11.848 22495 22707 W LynxPwmOutputController: LynxSetPWMConfigurationCommand not implemented by lynx hw; ignoring
10-29 17:40:11.991 22495 22707 W LynxPwmOutputController: LynxSetPWMEnableCommand not implemented by lynx hw; ignoring
10-29 17:40:11.999 22495 22707 W LynxPwmOutputController: LynxSetPWMConfigurationCommand not implemented by lynx hw; ignoring
10-29 17:40:12.004 22495 22707 W LynxPwmOutputController: LynxSetPWMEnableCommand not implemented by lynx hw; ignoring
10-29 17:40:12.010 22495 22707 W LynxPwmOutputController: LynxSetPWMConfigurationCommand not implemented by lynx hw; ignoring
10-29 17:40:12.016 22495 22707 W LynxPwmOutputController: LynxSetPWMEnableCommand not implemented by lynx hw; ignoring
10-29 17:40:12.022 22495 22707 W LynxPwmOutputController: LynxSetPWMConfigurationCommand not implemented by lynx hw; ignoring
10-29 17:40:12.027 22495 22707 W LynxPwmOutputController: LynxSetPWMEnableCommand not implemented by lynx hw; ignoring
10-29 17:40:12.032 22495 22707 W LynxPwmOutputController: LynxSetPWMConfigurationCommand not implemented by lynx hw; ignoring
10-29 17:40:12.033 22495 22707 V ThreadPool: container(0x07d632e1: LinearOpMode) added id=3803 TID=0 count=1
10-29 17:40:12.037 22495 22695 V Robocol : sending CMD_NOTIFY_INIT_OP_MODE(570), attempt: 0
10-29 17:40:12.044 22495 23427 V RobotCore: thread: 'LinearOpMode main' starting...
10-29 17:40:12.619 22495 22672 V Robocol : received command: CMD_INIT_OP_MODE(10519) $Stop$Robot$
10-29 17:40:12.621 22495 22671 I BatteryChecker: percent remaining: 54 is charging: false
10-29 17:40:12.632 22495 23427 V RobotCore: thread: ...terminating 'LinearOpMode main'
10-29 17:40:12.634 22495 22707 V ThreadPool: executive service user linear op mode(0x07d632e1) is terminated
10-29 17:40:12.634 22495 23427 V ThreadPool: container(0x07d632e1: LinearOpMode) removed id=3803 TID=23427 count=1
10-29 17:40:12.634 22495 22707 I RobotCore: Attempting to switch to op mode $Stop$Robot$
10-29 17:40:12.677 22495 22695 V Robocol : sending CMD_NOTIFY_INIT_OP_MODE(584), attempt: 0
10-29 17:40:12.917 22495 22695 V Robocol : sending CMD_NOTIFY_INIT_OP_MODE(584), attempt: 1
10-29 17:40:12.942 22495 22672 V Robocol : received command: CMD_RUN_OP_MODE(10527) $Stop$Robot$
10-29 17:40:12.944 22495 22671 I BatteryChecker: percent remaining: 54 is charging: false
10-29 17:40:12.957 22495 22695 V Robocol : sending CMD_NOTIFY_RUN_OP_MODE(593), attempt: 0
10-29 17:40:15.700 22495 22672 V Robocol : received command: CMD_INIT_OP_MODE(10565) Relic Recovery TeleOps (Linear)
10-29 17:40:15.701 22495 22671 I BatteryChecker: percent remaining: 54 is charging: false
10-29 17:40:15.709 22495 22707 I RobotCore: Attempting to switch to op mode Relic Recovery TeleOps (Linear)
10-29 17:40:15.835 22495 22707 V AMSColorSensorImpl: internalInitialize()...
10-29 17:40:15.869 22495 22707 V AMSColorSensorImpl: state: 07 f6 ff ff 00 00 00 00 00 00 00 00 00 00 08 61 
10-29 17:40:15.869 22495 22707 V AMSColorSensorImpl: state| 00 01 60 33 3b 00 19 00 15 
10-29 17:40:15.886 22495 22707 V AMSColorSensorImpl: disable() enabled=0x07...
10-29 17:40:15.923 22495 22707 V AMSColorSensorImpl: ...disable() enabled=0x00
10-29 17:40:15.923 22495 22707 V AMSColorSensorImpl: setIntegrationTime(0xf6)
10-29 17:40:15.935 22495 22707 V AMSColorSensorImpl: setGain(GAIN_4)
10-29 17:40:15.962 22495 22707 V AMSColorSensorImpl: setPDrive(Percent12_5)
10-29 17:40:15.992 22495 22707 V AMSColorSensorImpl: setProximityPulseCount(0x08)
10-29 17:40:16.021 22495 22707 V AMSColorSensorImpl: enable() enabled=0x00...
10-29 17:40:16.070 22495 22707 V AMSColorSensorImpl: ...enable() enabled=0x07
10-29 17:40:16.088 22495 22707 V AMSColorSensorImpl: state: 07 f6 ff ff 00 00 00 00 00 00 00 00 00 00 08 61 
10-29 17:40:16.089 22495 22707 V AMSColorSensorImpl: state| 00 01 60 33 3c 00 19 00 15 
10-29 17:40:16.089 22495 22707 V AMSColorSensorImpl: ...internalInitialize()
10-29 17:40:16.161 22495 22707 W LynxPwmOutputController: LynxSetPWMEnableCommand not implemented by lynx hw; ignoring
10-29 17:40:16.166 22495 22707 W LynxPwmOutputController: LynxSetPWMConfigurationCommand not implemented by lynx hw; ignoring
10-29 17:40:16.170 22495 22707 W LynxPwmOutputController: LynxSetPWMEnableCommand not implemented by lynx hw; ignoring
10-29 17:40:16.174 22495 22707 W LynxPwmOutputController: LynxSetPWMConfigurationCommand not implemented by lynx hw; ignoring
10-29 17:40:16.179 22495 22707 W LynxPwmOutputController: LynxSetPWMEnableCommand not implemented by lynx hw; ignoring
10-29 17:40:16.183 22495 22707 W LynxPwmOutputController: LynxSetPWMConfigurationCommand not implemented by lynx hw; ignoring
10-29 17:40:16.187 22495 22707 W LynxPwmOutputController: LynxSetPWMEnableCommand not implemented by lynx hw; ignoring
10-29 17:40:16.191 22495 22707 W LynxPwmOutputController: LynxSetPWMConfigurationCommand not implemented by lynx hw; ignoring
10-29 17:40:16.327 22495 22707 W LynxPwmOutputController: LynxSetPWMEnableCommand not implemented by lynx hw; ignoring
10-29 17:40:16.331 22495 22707 W LynxPwmOutputController: LynxSetPWMConfigurationCommand not implemented by lynx hw; ignoring
10-29 17:40:16.336 22495 22707 W LynxPwmOutputController: LynxSetPWMEnableCommand not implemented by lynx hw; ignoring
10-29 17:40:16.339 22495 22707 W LynxPwmOutputController: LynxSetPWMConfigurationCommand not implemented by lynx hw; ignoring
10-29 17:40:16.343 22495 22707 W LynxPwmOutputController: LynxSetPWMEnableCommand not implemented by lynx hw; ignoring
10-29 17:40:16.348 22495 22707 W LynxPwmOutputController: LynxSetPWMConfigurationCommand not implemented by lynx hw; ignoring
10-29 17:40:16.352 22495 22707 W LynxPwmOutputController: LynxSetPWMEnableCommand not implemented by lynx hw; ignoring
10-29 17:40:16.355 22495 22707 W LynxPwmOutputController: LynxSetPWMConfigurationCommand not implemented by lynx hw; ignoring
10-29 17:40:16.356 22495 22707 V ThreadPool: container(0x09b44ec7: LinearOpMode) added id=3804 TID=0 count=1
10-29 17:40:16.357 22495 22695 V Robocol : sending CMD_NOTIFY_INIT_OP_MODE(639), attempt: 0
10-29 17:40:16.357 22495 23488 V RobotCore: thread: 'LinearOpMode main' starting...
10-29 17:40:29.083 22495 22505 I art     : Background sticky concurrent mark sweep GC freed 392696(13MB) AllocSpace objects, 1(64KB) LOS objects, 37% free, 23MB/37MB, paused 1.935ms total 131.830ms
10-29 17:40:36.741 22495 22672 V Robocol : received command: CMD_RUN_OP_MODE(10820) Relic Recovery TeleOps (Linear)
10-29 17:40:36.743 22495 22671 I BatteryChecker: percent remaining: 54 is charging: false
10-29 17:40:36.757 22495 22695 V Robocol : sending CMD_NOTIFY_RUN_OP_MODE(900), attempt: 0
10-29 17:40:43.356 22495 22495 I BatteryChecker: percent remaining: 54 is charging: false
10-29 17:40:43.357 22495 22495 I BatteryChecker: percent remaining: 54 is charging: false
10-29 17:40:43.455 22495 22495 I BatteryChecker: percent remaining: 54 is charging: false
10-29 17:40:43.456 22495 22495 I BatteryChecker: percent remaining: 54 is charging: false
10-29 17:40:47.694 22495 22505 I art     : Background partial concurrent mark sweep GC freed 455950(15MB) AllocSpace objects, 4(2MB) LOS objects, 40% free, 18MB/31MB, paused 2.075ms total 118.734ms
10-29 17:40:56.902 22495 23488 V LynxModule: retransmitting: mod=2 cmd=0x1016 msg#=90 ref#=0 
10-29 17:40:57.004 22495 23488 V LynxModule: retransmitting: mod=2 cmd=0x1016 msg#=90 ref#=0 
10-29 17:40:57.052 22495 23488 V LynxModule: retransmitting: mod=2 cmd=0x1016 msg#=90 ref#=0 
10-29 17:40:57.053 22495 23488 V RobotCore: timeout: abandoning waiting 250ms for response: cmd=LynxGetMotorEncoderPositionCommand mod=2 msg#=90
10-29 17:40:57.053 22495 23488 V RobotCore: nack rec'd mod=2 msg#=90 ref#=0 reason=ABANDONED_WAITING_FOR_RESPONSE:256
10-29 17:40:57.054 22495 23488 W LynxMotor: LynxGetMotorEncoderPositionCommand was abandoned waiting for response
10-29 17:40:59.867 22495 22499 W art     : Suspending all threads took: 28.182ms
10-29 17:41:22.950 22495 22499 W art     : Suspending all threads took: 49.102ms
10-29 17:41:43.524 22495 22495 I BatteryChecker: percent remaining: 54 is charging: false
10-29 17:41:43.525 22495 22495 I BatteryChecker: percent remaining: 54 is charging: false
10-29 17:41:45.957 22495 22499 W art     : Suspending all threads took: 9.909ms
10-29 17:41:54.487 22495 22495 I BatteryChecker: percent remaining: 53 is charging: false
10-29 17:41:54.488 22495 22495 I BatteryChecker: percent remaining: 53 is charging: false
10-29 17:42:25.222 22495 22495 I BatteryChecker: percent remaining: 53 is charging: false
10-29 17:42:25.225 22495 22495 I BatteryChecker: percent remaining: 53 is charging: false
10-29 17:42:29.895 22495 23488 I RobotCore: robot battery read duration: n=10, mean=3.342ms sd=0.662ms
10-29 17:42:54.526 22495 22495 I BatteryChecker: percent remaining: 53 is charging: false
10-29 17:42:54.527 22495 22495 I BatteryChecker: percent remaining: 53 is charging: false
10-29 17:42:54.649 22495 22495 I BatteryChecker: percent remaining: 53 is charging: false
10-29 17:42:54.650 22495 22495 I BatteryChecker: percent remaining: 53 is charging: false
10-29 17:43:54.715 22495 22495 I BatteryChecker: percent remaining: 53 is charging: false
10-29 17:43:54.717 22495 22495 I BatteryChecker: percent remaining: 53 is charging: false
10-29 17:44:03.819 22495 22499 W art     : Suspending all threads took: 16.748ms
10-29 17:44:03.828 22495 22505 W art     : Suspending all threads took: 6.581ms
10-29 17:44:03.887 22495 22505 I art     : Background sticky concurrent mark sweep GC freed 370041(12MB) AllocSpace objects, 0(0B) LOS objects, 39% free, 18MB/31MB, paused 8.125ms total 87.402ms
10-29 17:44:15.414 22495 22505 I art     : Background sticky concurrent mark sweep GC freed 371537(12MB) AllocSpace objects, 0(0B) LOS objects, 39% free, 18MB/31MB, paused 3.882ms total 108.052ms
10-29 17:44:36.659 22495 22672 V Robocol : received command: CMD_INIT_OP_MODE(17906) $Stop$Robot$
10-29 17:44:36.660 22495 22671 I BatteryChecker: percent remaining: 53 is charging: false
10-29 17:44:36.671 22495 22707 V ThreadPool: waiting for service user linear op mode
10-29 17:44:36.673 22495 23488 V RobotCore: thread: ...terminating 'LinearOpMode main'
10-29 17:44:36.673 22495 22707 V ThreadPool: awaitTermination returned, isTerminated=true
10-29 17:44:36.673 22495 23488 V ThreadPool: container(0x09b44ec7: LinearOpMode) removed id=3804 TID=23488 count=1
10-29 17:44:36.673 22495 22707 V ThreadPool: executive service user linear op mode(0x09b44ec7) is terminated
10-29 17:44:36.673 22495 22707 I RobotCore: Attempting to switch to op mode $Stop$Robot$
10-29 17:44:36.677 22495 22695 V Robocol : sending CMD_NOTIFY_INIT_OP_MODE(8113), attempt: 0
10-29 17:44:36.700 22495 22672 V Robocol : received command: CMD_RUN_OP_MODE(17912) $Stop$Robot$
10-29 17:44:36.701 22495 22671 I BatteryChecker: percent remaining: 53 is charging: false
10-29 17:44:36.717 22495 22695 V Robocol : sending CMD_NOTIFY_RUN_OP_MODE(8119), attempt: 0
10-29 17:44:54.871 22495 22495 I BatteryChecker: percent remaining: 53 is charging: false
10-29 17:44:54.872 22495 22495 I BatteryChecker: percent remaining: 53 is charging: false
10-29 17:44:54.970 22495 22495 I BatteryChecker: percent remaining: 53 is charging: false
10-29 17:44:54.970 22495 22495 I BatteryChecker: percent remaining: 53 is charging: false
10-29 17:44:59.019 22495 22672 V Robocol : received command: CMD_INIT_OP_MODE(18197) $Stop$Robot$
10-29 17:44:59.020 22495 22671 I BatteryChecker: percent remaining: 53 is charging: false
10-29 17:44:59.030 22495 22707 I RobotCore: Attempting to switch to op mode $Stop$Robot$
10-29 17:44:59.077 22495 22695 V Robocol : sending CMD_NOTIFY_INIT_OP_MODE(8429), attempt: 0
10-29 17:44:59.140 22495 22672 V Robocol : received command: CMD_RUN_OP_MODE(18207) $Stop$Robot$
10-29 17:44:59.143 22495 22671 I BatteryChecker: percent remaining: 53 is charging: false
10-29 17:44:59.159 22495 22695 V Robocol : sending CMD_NOTIFY_RUN_OP_MODE(8439), attempt: 0
10-29 17:45:12.827 22495 22672 V Robocol : received command: CMD_INIT_OP_MODE(18426) Auto Red 1
10-29 17:45:12.828 22495 22671 I BatteryChecker: percent remaining: 53 is charging: false
10-29 17:45:12.835 22495 22707 I RobotCore: Attempting to switch to op mode Auto Red 1
10-29 17:45:12.999 22495 22707 V AMSColorSensorImpl: internalInitialize()...
10-29 17:45:13.033 22495 22707 V AMSColorSensorImpl: state: 07 f6 ff ff 00 00 00 00 00 00 00 00 00 00 08 61 
10-29 17:45:13.033 22495 22707 V AMSColorSensorImpl: state| 00 01 60 33 76 00 2f 00 27 
10-29 17:45:13.048 22495 22707 V AMSColorSensorImpl: disable() enabled=0x07...
10-29 17:45:13.078 22495 22707 V AMSColorSensorImpl: ...disable() enabled=0x00
10-29 17:45:13.078 22495 22707 V AMSColorSensorImpl: setIntegrationTime(0xf6)
10-29 17:45:13.089 22495 22707 V AMSColorSensorImpl: setGain(GAIN_4)
10-29 17:45:13.114 22495 22707 V AMSColorSensorImpl: setPDrive(Percent12_5)
10-29 17:45:13.139 22495 22707 V AMSColorSensorImpl: setProximityPulseCount(0x08)
10-29 17:45:13.168 22495 22707 V AMSColorSensorImpl: enable() enabled=0x00...
10-29 17:45:13.214 22495 22707 V AMSColorSensorImpl: ...enable() enabled=0x07
10-29 17:45:13.232 22495 22707 V AMSColorSensorImpl: state: 07 f6 ff ff 00 00 00 00 00 00 00 00 00 00 08 61 
10-29 17:45:13.233 22495 22707 V AMSColorSensorImpl: state| 00 01 60 33 77 00 2f 00 28 
10-29 17:45:13.233 22495 22707 V AMSColorSensorImpl: ...internalInitialize()
10-29 17:45:13.314 22495 22707 W LynxPwmOutputController: LynxSetPWMEnableCommand not implemented by lynx hw; ignoring
10-29 17:45:13.319 22495 22707 W LynxPwmOutputController: LynxSetPWMConfigurationCommand not implemented by lynx hw; ignoring
10-29 17:45:13.323 22495 22707 W LynxPwmOutputController: LynxSetPWMEnableCommand not implemented by lynx hw; ignoring
10-29 17:45:13.327 22495 22707 W LynxPwmOutputController: LynxSetPWMConfigurationCommand not implemented by lynx hw; ignoring
10-29 17:45:13.331 22495 22707 W LynxPwmOutputController: LynxSetPWMEnableCommand not implemented by lynx hw; ignoring
10-29 17:45:13.335 22495 22707 W LynxPwmOutputController: LynxSetPWMConfigurationCommand not implemented by lynx hw; ignoring
10-29 17:45:13.338 22495 22707 W LynxPwmOutputController: LynxSetPWMEnableCommand not implemented by lynx hw; ignoring
10-29 17:45:13.343 22495 22707 W LynxPwmOutputController: LynxSetPWMConfigurationCommand not implemented by lynx hw; ignoring
10-29 17:45:13.504 22495 22707 W LynxPwmOutputController: LynxSetPWMEnableCommand not implemented by lynx hw; ignoring
10-29 17:45:13.509 22495 22707 W LynxPwmOutputController: LynxSetPWMConfigurationCommand not implemented by lynx hw; ignoring
10-29 17:45:13.514 22495 22707 W LynxPwmOutputController: LynxSetPWMEnableCommand not implemented by lynx hw; ignoring
10-29 17:45:13.519 22495 22707 W LynxPwmOutputController: LynxSetPWMConfigurationCommand not implemented by lynx hw; ignoring
10-29 17:45:13.523 22495 22707 W LynxPwmOutputController: LynxSetPWMEnableCommand not implemented by lynx hw; ignoring
10-29 17:45:13.528 22495 22707 W LynxPwmOutputController: LynxSetPWMConfigurationCommand not implemented by lynx hw; ignoring
10-29 17:45:13.533 22495 22707 W LynxPwmOutputController: LynxSetPWMEnableCommand not implemented by lynx hw; ignoring
10-29 17:45:13.537 22495 22707 W LynxPwmOutputController: LynxSetPWMConfigurationCommand not implemented by lynx hw; ignoring
10-29 17:45:13.537 22495 22707 V ThreadPool: container(0x0e221c1d: LinearOpMode) added id=3805 TID=0 count=1
10-29 17:45:13.539 22495 27606 V RobotCore: thread: 'LinearOpMode main' starting...
10-29 17:45:13.557 22495 22695 V Robocol : sending CMD_NOTIFY_INIT_OP_MODE(8677), attempt: 0
10-29 17:45:13.605 22495 27606 I MecanumRobot: 0 | init ...
10-29 17:45:13.718 22495 27606 V RobotCore: addr=false data=false arb=false clock=false
10-29 17:45:13.718 22495 27606 E LynxI2cDeviceSynch: readStatusQuery: cbExpected=1 cbRead=0
10-29 17:45:13.718 22495 27606 E LynxI2cDeviceSynch: placeholder: readStatusQuery
10-29 17:45:13.806 22495 27606 V RobotCore: addr=false data=false arb=false clock=false
10-29 17:45:13.806 22495 27606 E LynxI2cDeviceSynch: readStatusQuery: cbExpected=1 cbRead=0
10-29 17:45:13.892 22495 27606 V RobotCore: addr=false data=false arb=false clock=false
10-29 17:45:13.892 22495 27606 E LynxI2cDeviceSynch: readStatusQuery: cbExpected=1 cbRead=0
10-29 17:45:13.975 22495 27606 V RobotCore: addr=false data=false arb=false clock=false
10-29 17:45:13.975 22495 27606 E LynxI2cDeviceSynch: readStatusQuery: cbExpected=1 cbRead=0
10-29 17:45:14.528 22495 27606 W IMU     : re-issuing IMU mode: system status=IDLE expected=RUNNING_FUSION
10-29 17:45:14.735 22495 27606 I TechNova: MecanumRobot: Init Imu | 1129 | imu initialized ...
10-29 17:45:14.867 22495 22495 I BatteryChecker: percent remaining: 53 is charging: false
10-29 17:45:14.867 22495 22495 I BatteryChecker: percent remaining: 53 is charging: false
10-29 17:45:15.167 22495 27606 I AR      : Vuforia SDK version 6.0.117
10-29 17:45:15.916 22495 27606 I AR      : ObjectTracker: Successfully created dataset
10-29 17:45:15.916 22495 27606 V Vuforia : loading data set 'RelicVuMark'...
10-29 17:45:16.133 22495 27606 V Vuforia : ... done loading data set 'RelicVuMark'
10-29 17:45:16.228 22495 27606 I JewelPusher: Color in Init (R,G, B):48, 41, 32
10-29 17:45:16.253 22495 27606 I TechNova: MecanumRobot: IMU Heading: | -0.0
10-29 17:45:16.253 22495 27606 I VuMarkVision: VuMark | UNKNOWN visible
10-29 17:45:23.180 22495 22672 V Robocol : received command: CMD_RUN_OP_MODE(18525) Auto Red 1
10-29 17:45:23.183 22495 22671 I BatteryChecker: percent remaining: 53 is charging: false
10-29 17:45:23.237 22495 22695 V Robocol : sending CMD_NOTIFY_RUN_OP_MODE(8776), attempt: 0
10-29 17:45:23.278 22495 27606 I TechNova: MecanumRobot: Robot: | Robot starting 10442.2
10-29 17:45:23.357 22495 27606 I RelicRecoveryAutoRed1: RED | State: 0 [START] | 	Start | 	87.3 | 	10454 | 	IMU: -0.1 | 	(x1,x2, y): 41.0, 0.0, 0.0 | 	glyph count:-23 | 	UNKNOWN
10-29 17:45:23.412 22495 27606 I RelicRecoveryAutoRed1: RED | State: 0 [START] | 	End | 	155.6 | 	10522 | 	IMU: -0.1 | 	(x1,x2, y): 41.0, 0.0, 0.0 | 	glyph count:-23 | 	UNKNOWN
10-29 17:45:23.418 22495 27606 I VuMarkVision: VuMark | LEFT visible
10-29 17:45:23.467 22495 27606 I RelicRecoveryAutoRed1: RED | State: 1 [PUSH_JEWEL] | 	Start | 	216.9 | 	6 | 	IMU: -0.1 | 	(x1,x2, y): 41.0, 0.0, 0.0 | 	glyph count:-23 | 	LEFT
10-29 17:45:23.468 22495 27606 I JewelPusher: Deploying jewel pusher arms ...
10-29 17:45:25.253 22495 22495 I BatteryChecker: percent remaining: 53 is charging: false
10-29 17:45:25.254 22495 22495 I BatteryChecker: percent remaining: 53 is charging: false
10-29 17:45:25.357 22495 27606 I TechNova: JewelPusher: Jewel color: : Color: (33|11) 16777216
10-29 17:45:25.437 22495 27606 I TechNova: JewelPusher: JewelColor:RED
10-29 17:45:25.438 22495 27606 I TechNova: JewelPusher: JewelColor:RED
10-29 17:45:26.448 22495 27606 I JewelPusher: Retracting jewel pusher arms ...
10-29 17:45:26.623 22495 27606 I RelicRecoveryAutoRed1: RED | State: 1 [PUSH_JEWEL] | 	End | 	3363.0 | 	3153 | 	IMU: 0.2 | 	(x1,x2, y): 41.0, 0.0, 0.0 | 	glyph count:-23 | 	LEFT
10-29 17:45:26.742 22495 27606 I RelicRecoveryAutoRed1: RED | State: 2 [PICK_UP_GLYPH] | 	Start | 	3473.6 | 	52 | 	IMU: 0.3 | 	(x1,x2, y): 40.0, 0.0, 0.0 | 	glyph count:-23 | 	LEFT
10-29 17:45:28.948 22495 27606 I RelicRecoveryAutoRed1: RED | State: 2 [PICK_UP_GLYPH] | 	End | 	5684.0 | 	2262 | 	IMU: -0.1 | 	(x1,x2, y): 42.0, 0.0, 0.0 | 	glyph count:714 | 	LEFT
10-29 17:45:29.059 22495 27606 I RelicRecoveryAutoRed1: RED | State: 3 [FORWARD_3_FEET] | 	Start | 	5794.9 | 	48 | 	IMU: -0.1 | 	(x1,x2, y): 41.0, 0.0, 0.0 | 	glyph count:711 | 	LEFT
10-29 17:45:29.275 22495 27606 I TechNova: MecanumRobot: Encoder Remain | 2774
10-29 17:45:29.302 22495 27606 I TechNova: MecanumRobot: EncodersC | 	68	67	44	44
10-29 17:45:29.320 22495 27606 I TechNova: MecanumRobot: EncodersT | 	2806	2807	2807	2806
10-29 17:45:29.431 22495 27606 I TechNova: MecanumRobot: Encoder Remain | 2675
10-29 17:45:29.447 22495 27606 I TechNova: MecanumRobot: EncodersC | 	168	163	132	135
10-29 17:45:29.469 22495 27606 I TechNova: MecanumRobot: EncodersT | 	2806	2807	2807	2806
10-29 17:45:29.570 22495 27606 I TechNova: MecanumRobot: Encoder Remain | 2555
10-29 17:45:29.584 22495 27606 I TechNova: MecanumRobot: EncodersC | 	308	293	258	264
10-29 17:45:29.610 22495 27606 I TechNova: MecanumRobot: EncodersT | 	2806	2807	2807	2806
10-29 17:45:29.712 22495 27606 I TechNova: MecanumRobot: Encoder Remain | 2401
10-29 17:45:29.727 22495 27606 I TechNova: MecanumRobot: EncodersC | 	475	454	420	422
10-29 17:45:29.746 22495 27606 I TechNova: MecanumRobot: EncodersT | 	2806	2807	2807	2806
10-29 17:45:29.842 22495 27606 I TechNova: MecanumRobot: Encoder Remain | 2221
10-29 17:45:29.863 22495 27606 I TechNova: MecanumRobot: EncodersC | 	680	645	576	593
10-29 17:45:29.881 22495 27606 I TechNova: MecanumRobot: EncodersT | 	2806	2807	2807	2806
10-29 17:45:29.984 22495 27606 I TechNova: MecanumRobot: Encoder Remain | 2078
10-29 17:45:30.004 22495 27606 I TechNova: MecanumRobot: EncodersC | 	792	788	731	719
10-29 17:45:30.019 22495 27606 I TechNova: MecanumRobot: EncodersT | 	2806	2807	2807	2806
10-29 17:45:30.134 22495 27606 I TechNova: MecanumRobot: Encoder Remain | 1939
10-29 17:45:30.150 22495 27606 I TechNova: MecanumRobot: EncodersC | 	933	920	880	861
10-29 17:45:30.167 22495 27606 I TechNova: MecanumRobot: EncodersT | 	2806	2807	2807	2806
10-29 17:45:30.282 22495 27606 I TechNova: MecanumRobot: Encoder Remain | 1788
10-29 17:45:30.299 22495 27606 I TechNova: MecanumRobot: EncodersC | 	1093	1069	1033	1023
10-29 17:45:30.315 22495 27606 I TechNova: MecanumRobot: EncodersT | 	2806	2807	2807	2806
10-29 17:45:30.417 22495 27606 I TechNova: MecanumRobot: Encoder Remain | 1638
10-29 17:45:30.436 22495 27606 I TechNova: MecanumRobot: EncodersC | 	1235	1214	1179	1168
10-29 17:45:30.450 22495 27606 I TechNova: MecanumRobot: EncodersT | 	2806	2807	2807	2806
10-29 17:45:30.567 22495 27606 I TechNova: MecanumRobot: Encoder Remain | 1482
10-29 17:45:30.585 22495 27606 I TechNova: MecanumRobot: EncodersC | 	1382	1347	1328	1309
10-29 17:45:30.607 22495 27606 I TechNova: MecanumRobot: EncodersT | 	2806	2807	2807	2806
10-29 17:45:30.711 22495 27606 I TechNova: MecanumRobot: Encoder Remain | 1366
10-29 17:45:30.730 22495 27606 I TechNova: MecanumRobot: EncodersC | 	1504	1462	1450	1428
10-29 17:45:30.745 22495 27606 I TechNova: MecanumRobot: EncodersT | 	2806	2807	2807	2806
10-29 17:45:30.860 22495 27606 I TechNova: MecanumRobot: Encoder Remain | 1237
10-29 17:45:30.878 22495 27606 I TechNova: MecanumRobot: EncodersC | 	1644	1602	1595	1570
10-29 17:45:30.899 22495 27606 I TechNova: MecanumRobot: EncodersT | 	2806	2807	2807	2806
10-29 17:45:30.986 22495 27606 I TechNova: MecanumRobot: Encoder Remain | 1098
10-29 17:45:31.003 22495 27606 I TechNova: MecanumRobot: EncodersC | 	1777	1736	1724	1699
10-29 17:45:31.016 22495 27606 I TechNova: MecanumRobot: EncodersT | 	2806	2807	2807	2806
10-29 17:45:31.125 22495 27606 I TechNova: MecanumRobot: Encoder Remain | 955
10-29 17:45:31.143 22495 27606 I TechNova: MecanumRobot: EncodersC | 	1924	1885	1871	1845
10-29 17:45:31.166 22495 27606 I TechNova: MecanumRobot: EncodersT | 	2806	2807	2807	2806
10-29 17:45:31.275 22495 27606 I TechNova: MecanumRobot: Encoder Remain | 803
10-29 17:45:31.293 22495 27606 I TechNova: MecanumRobot: EncodersC | 	2082	2044	2022	1995
10-29 17:45:31.311 22495 27606 I TechNova: MecanumRobot: EncodersT | 	2806	2807	2807	2806
10-29 17:45:31.428 22495 27606 I TechNova: MecanumRobot: Encoder Remain | 654
10-29 17:45:31.445 22495 27606 I TechNova: MecanumRobot: EncodersC | 	2238	2195	2178	2152
10-29 17:45:31.466 22495 27606 I TechNova: MecanumRobot: EncodersT | 	2806	2807	2807	2806
10-29 17:45:31.574 22495 27606 I TechNova: MecanumRobot: Encoder Remain | 503
10-29 17:45:31.595 22495 27606 I TechNova: MecanumRobot: EncodersC | 	2382	2339	2323	2298
10-29 17:45:31.617 22495 27606 I TechNova: MecanumRobot: EncodersT | 	2806	2807	2807	2806
10-29 17:45:31.719 22495 27606 I TechNova: MecanumRobot: Encoder Remain | 355
10-29 17:45:31.737 22495 27606 I TechNova: MecanumRobot: EncodersC | 	2526	2484	2469	2444
10-29 17:45:31.750 22495 27606 I TechNova: MecanumRobot: EncodersT | 	2806	2807	2807	2806
10-29 17:45:31.859 22495 27606 I TechNova: MecanumRobot: Encoder Remain | 214
10-29 17:45:31.881 22495 27606 I TechNova: MecanumRobot: EncodersC | 	2668	2631	2615	2595
10-29 17:45:31.898 22495 27606 I TechNova: MecanumRobot: EncodersT | 	2806	2807	2807	2806
10-29 17:45:32.029 22495 27606 I TechNova: MecanumRobot: Encoder Remain | 54
10-29 17:45:32.058 22495 27606 I TechNova: MecanumRobot: EncodersC | 	2785	2784	2775	2769
10-29 17:45:32.080 22495 27606 I TechNova: MecanumRobot: EncodersT | 	2806	2807	2807	2806
10-29 17:45:32.185 22495 27606 I TechNova: MecanumRobot: Encoder Remain | 10
10-29 17:45:32.198 22495 27606 I TechNova: MecanumRobot: EncodersC | 	2823	2810	2813	2792
10-29 17:45:32.211 22495 27606 I TechNova: MecanumRobot: EncodersT | 	2806	2807	2807	2806
10-29 17:45:32.335 22495 22707 I RobotCore: robot battery read duration: n=10, mean=4.943ms sd=1.886ms
10-29 17:45:32.394 22495 27606 I RelicRecoveryAutoRed1: RED | State: 3 [FORWARD_3_FEET] | 	End | 	9136.6 | 	3390 | 	IMU: -0.9 | 	(x1,x2, y): 31.0, 0.0, 0.0 | 	glyph count:705 | 	LEFT
10-29 17:45:32.446 22495 27606 I RelicRecoveryAutoRed1: RED | State: 4 [TURN_TO_90_DEGREE] | 	Start | 	9197.4 | 	5 | 	IMU: -0.9 | 	(x1,x2, y): 31.0, 0.0, 0.0 | 	glyph count:705 | 	LEFT
10-29 17:45:34.896 22495 22505 I art     : Background sticky concurrent mark sweep GC freed 270840(10MB) AllocSpace objects, 15(724KB) LOS objects, 22% free, 40MB/51MB, paused 2.387ms total 190.119ms
10-29 17:45:36.089 22495 27606 I RelicRecoveryAutoRed1: RED | State: 4 [TURN_TO_90_DEGREE] | 	End | 	12827.3 | 	3635 | 	IMU: -89.5 | 	(x1,x2, y): 64.0, 0.0, 0.0 | 	glyph count:705 | 	LEFT
10-29 17:45:36.149 22495 27606 I RelicRecoveryAutoRed1: RED | State: 5 [FORWARD_1_FEET] | 	Start | 	12888.1 | 	1 | 	IMU: -90.2 | 	(x1,x2, y): 64.0, 0.0, 0.0 | 	glyph count:705 | 	LEFT
10-29 17:45:36.355 22495 27606 I TechNova: MecanumRobot: Encoder Remain | 247
10-29 17:45:36.376 22495 27606 I TechNova: MecanumRobot: EncodersC | 	31	27	50	33
10-29 17:45:36.393 22495 27606 I TechNova: MecanumRobot: EncodersT | 	266	267	267	266
10-29 17:45:36.490 22495 27606 I TechNova: MecanumRobot: Encoder Remain | 168
10-29 17:45:36.510 22495 27606 I TechNova: MecanumRobot: EncodersC | 	115	116	142	119
10-29 17:45:36.532 22495 27606 I TechNova: MecanumRobot: EncodersT | 	266	267	267	266
10-29 17:45:36.636 22495 27606 I TechNova: MecanumRobot: Encoder Remain | 43
10-29 17:45:36.653 22495 27606 I TechNova: MecanumRobot: EncodersC | 	247	245	244	249
10-29 17:45:36.667 22495 27606 I TechNova: MecanumRobot: EncodersT | 	266	267	267	266
10-29 17:45:36.775 22495 27606 I TechNova: MecanumRobot: Encoder Remain | 5
10-29 17:45:36.792 22495 27606 I TechNova: MecanumRobot: EncodersC | 	276	256	274	265
10-29 17:45:36.808 22495 27606 I TechNova: MecanumRobot: EncodersT | 	266	267	267	266
10-29 17:45:37.003 22495 27606 I RelicRecoveryAutoRed1: RED | State: 5 [FORWARD_1_FEET] | 	End | 	13745.8 | 	859 | 	IMU: -90.5 | 	(x1,x2, y): 64.0, 0.0, 0.0 | 	glyph count:703 | 	LEFT
10-29 17:45:37.069 22495 27606 I RelicRecoveryAutoRed1: RED | State: 6 [ALIGN_TO_CRYPTOBOX] | 	Start | 	13808.1 | 	7 | 	IMU: -90.5 | 	(x1,x2, y): 64.0, 0.0, 0.0 | 	glyph count:703 | 	LEFT
10-29 17:45:37.618 22495 27606 I TechNova: RelicRecoveryAutoRed1: X range: | LEFT | 64.00 cm
10-29 17:45:37.671 22495 27606 I RelicRecoveryAutoRed1: RED | State: 6 [ALIGN_TO_CRYPTOBOX] | 	End | 	14416.1 | 	615 | 	IMU: -90.5 | 	(x1,x2, y): 64.0, 0.0, 0.0 | 	glyph count:703 | 	LEFT
10-29 17:45:37.782 22495 27606 I RelicRecoveryAutoRed1: RED | State: 7 [PLACE_GLYPH_INTO_CRYPTO] | 	Start | 	14527.4 | 	58 | 	IMU: -90.5 | 	(x1,x2, y): 64.0, 0.0, 0.0 | 	glyph count:703 | 	LEFT
10-29 17:45:37.782 22495 27606 I TechNova: RelicRecoveryAutoRed1:  --- Open Grabber --- 
10-29 17:45:38.027 22495 27606 I TechNova: RelicRecoveryAutoRed1:  --- Drive forward to push --- 
10-29 17:45:38.238 22495 27606 I TechNova: MecanumRobot: Encoder Remain | 241
10-29 17:45:38.260 22495 27606 I TechNova: MecanumRobot: EncodersC | 	40	26	50	31
10-29 17:45:38.274 22495 27606 I TechNova: MecanumRobot: EncodersT | 	266	267	267	266
10-29 17:45:38.375 22495 27606 I TechNova: MecanumRobot: Encoder Remain | 177
10-29 17:45:38.396 22495 27606 I TechNova: MecanumRobot: EncodersC | 	101	89	132	98
10-29 17:45:38.409 22495 27606 I TechNova: MecanumRobot: EncodersT | 	266	267	267	266
10-29 17:45:38.502 22495 27606 I TechNova: MecanumRobot: Encoder Remain | 83
10-29 17:45:38.523 22495 27606 I TechNova: MecanumRobot: EncodersC | 	204	190	234	203
10-29 17:45:38.542 22495 27606 I TechNova: MecanumRobot: EncodersT | 	266	267	267	266
10-29 17:45:38.659 22495 27606 I TechNova: MecanumRobot: Encoder Remain | 9
10-29 17:45:38.676 22495 27606 I TechNova: MecanumRobot: EncodersC | 	281	262	273	262
10-29 17:45:38.691 22495 27606 I TechNova: MecanumRobot: EncodersT | 	266	267	267	266
10-29 17:45:38.839 22495 27606 I TechNova: RelicRecoveryAutoRed1:  --- Drive backward to finish --- 
10-29 17:45:39.019 22495 27606 I TechNova: MecanumRobot: Encoder Remain | 372
10-29 17:45:39.038 22495 27606 I TechNova: MecanumRobot: EncodersC | 	-28	-47	-31	-60
10-29 17:45:39.054 22495 27606 I TechNova: MecanumRobot: EncodersT | 	-400	-401	-401	-400
10-29 17:45:39.154 22495 27606 I TechNova: MecanumRobot: Encoder Remain | 285
10-29 17:45:39.171 22495 27606 I TechNova: MecanumRobot: EncodersC | 	-122	-142	-131	-156
10-29 17:45:39.187 22495 27606 I TechNova: MecanumRobot: EncodersT | 	-400	-401	-401	-400
10-29 17:45:39.297 22495 27606 I TechNova: MecanumRobot: Encoder Remain | 159
10-29 17:45:39.312 22495 27606 I TechNova: MecanumRobot: EncodersC | 	-258	-273	-265	-289
10-29 17:45:39.333 22495 27606 I TechNova: MecanumRobot: EncodersT | 	-400	-401	-401	-400
10-29 17:45:39.443 22495 27606 I TechNova: MecanumRobot: Encoder Remain | 25
10-29 17:45:39.458 22495 27606 I TechNova: MecanumRobot: EncodersC | 	-378	-386	-377	-389
10-29 17:45:39.475 22495 27606 I TechNova: MecanumRobot: EncodersT | 	-400	-401	-401	-400
10-29 17:45:39.570 22495 27606 I TechNova: MecanumRobot: Encoder Remain | 7
10-29 17:45:39.598 22495 27606 I TechNova: MecanumRobot: EncodersC | 	-410	-410	-397	-413
10-29 17:45:39.618 22495 27606 I TechNova: MecanumRobot: EncodersT | 	-400	-401	-401	-400
10-29 17:45:44.832 22495 27606 I RelicRecoveryAutoRed1: RED | State: 7 [PLACE_GLYPH_INTO_CRYPTO] | 	End | 	21582.2 | 	7113 | 	IMU: 99.6 | 	(x1,x2, y): 158.0, 0.0, 0.0 | 	glyph count:700 | 	LEFT
10-29 17:45:44.883 22495 27606 I RelicRecoveryAutoRed1: RED | State: 8 [RESET_GLYPH_LIFT] | 	Start | 	21631.5 | 	1 | 	IMU: 99.0 | 	(x1,x2, y): 158.0, 0.0, 0.0 | 	glyph count:700 | 	LEFT
10-29 17:45:46.085 22495 27606 I RelicRecoveryAutoRed1: RED | State: 8 [RESET_GLYPH_LIFT] | 	End | 	22834.2 | 	1204 | 	IMU: 99.2 | 	(x1,x2, y): 158.0, 0.0, 0.0 | 	glyph count:-95 | 	LEFT
10-29 17:45:46.141 22495 27606 V RobotCore: thread: ...terminating 'LinearOpMode main'
10-29 17:45:46.142 22495 22707 I FtcEventLoop: auto-stopping OpMode 'Auto Red 1'
10-29 17:45:46.143 22495 22707 V ThreadPool: waiting for service user linear op mode
10-29 17:45:46.143 22495 22707 V ThreadPool: awaitTermination returned, isTerminated=true
10-29 17:45:46.143 22495 22707 V ThreadPool: executive service user linear op mode(0x0e221c1d) is terminated
10-29 17:45:46.143 22495 27606 V ThreadPool: container(0x0e221c1d: LinearOpMode) removed id=3805 TID=27606 count=1
10-29 17:45:46.766 22495 22707 V ThreadPool: executive service user linear op mode(0x0e221c1d) is terminated
10-29 17:45:46.766 22495 22707 I RobotCore: Attempting to switch to op mode $Stop$Robot$
10-29 17:45:46.837 22495 22695 V Robocol : sending CMD_NOTIFY_INIT_OP_MODE(9028), attempt: 0
10-29 17:45:46.859 22495 22672 V Robocol : received command: CMD_RUN_OP_MODE(18758) $Stop$Robot$
10-29 17:45:46.862 22495 22671 I BatteryChecker: percent remaining: 53 is charging: false
10-29 17:45:46.877 22495 22695 V Robocol : sending CMD_NOTIFY_RUN_OP_MODE(9034), attempt: 0
10-29 17:45:47.812 22495 22707 I RobotCore: Attempting to switch to op mode Relic Recovery TeleOps (Linear)
10-29 17:45:47.970 22495 22707 V AMSColorSensorImpl: internalInitialize()...
10-29 17:45:48.005 22495 22707 V AMSColorSensorImpl: state: 07 f6 ff ff 00 00 00 00 00 00 00 00 00 00 08 61 
10-29 17:45:48.006 22495 22707 V AMSColorSensorImpl: state| 00 01 60 33 54 00 24 00 1c 
10-29 17:45:48.023 22495 22707 V AMSColorSensorImpl: disable() enabled=0x07...
10-29 17:45:48.059 22495 22707 V AMSColorSensorImpl: ...disable() enabled=0x00
10-29 17:45:48.059 22495 22707 V AMSColorSensorImpl: setIntegrationTime(0xf6)
10-29 17:45:48.073 22495 22707 V AMSColorSensorImpl: setGain(GAIN_4)
10-29 17:45:48.104 22495 22707 V AMSColorSensorImpl: setPDrive(Percent12_5)
10-29 17:45:48.132 22495 22707 V AMSColorSensorImpl: setProximityPulseCount(0x08)
10-29 17:45:48.161 22495 22707 V AMSColorSensorImpl: enable() enabled=0x00...
10-29 17:45:48.212 22495 22707 V AMSColorSensorImpl: ...enable() enabled=0x07
10-29 17:45:48.230 22495 22707 V AMSColorSensorImpl: state: 07 f6 ff ff 00 00 00 00 00 00 00 00 00 00 08 61 
10-29 17:45:48.230 22495 22707 V AMSColorSensorImpl: state| 00 01 60 33 54 00 24 00 1c 
10-29 17:45:48.230 22495 22707 V AMSColorSensorImpl: ...internalInitialize()
10-29 17:45:48.303 22495 22707 W LynxPwmOutputController: LynxSetPWMEnableCommand not implemented by lynx hw; ignoring
10-29 17:45:48.309 22495 22707 W LynxPwmOutputController: LynxSetPWMConfigurationCommand not implemented by lynx hw; ignoring
10-29 17:45:48.313 22495 22707 W LynxPwmOutputController: LynxSetPWMEnableCommand not implemented by lynx hw; ignoring
10-29 17:45:48.317 22495 22707 W LynxPwmOutputController: LynxSetPWMConfigurationCommand not implemented by lynx hw; ignoring
10-29 17:45:48.324 22495 22707 W LynxPwmOutputController: LynxSetPWMEnableCommand not implemented by lynx hw; ignoring
10-29 17:45:48.328 22495 22707 W LynxPwmOutputController: LynxSetPWMConfigurationCommand not implemented by lynx hw; ignoring
10-29 17:45:48.332 22495 22707 W LynxPwmOutputController: LynxSetPWMEnableCommand not implemented by lynx hw; ignoring
10-29 17:45:48.336 22495 22707 W LynxPwmOutputController: LynxSetPWMConfigurationCommand not implemented by lynx hw; ignoring
10-29 17:45:48.496 22495 22707 W LynxPwmOutputController: LynxSetPWMEnableCommand not implemented by lynx hw; ignoring
10-29 17:45:48.500 22495 22707 W LynxPwmOutputController: LynxSetPWMConfigurationCommand not implemented by lynx hw; ignoring
10-29 17:45:48.505 22495 22707 W LynxPwmOutputController: LynxSetPWMEnableCommand not implemented by lynx hw; ignoring
10-29 17:45:48.509 22495 22707 W LynxPwmOutputController: LynxSetPWMConfigurationCommand not implemented by lynx hw; ignoring
10-29 17:45:48.513 22495 22707 W LynxPwmOutputController: LynxSetPWMEnableCommand not implemented by lynx hw; ignoring
10-29 17:45:48.517 22495 22707 W LynxPwmOutputController: LynxSetPWMConfigurationCommand not implemented by lynx hw; ignoring
10-29 17:45:48.522 22495 22707 W LynxPwmOutputController: LynxSetPWMEnableCommand not implemented by lynx hw; ignoring
10-29 17:45:48.526 22495 22707 W LynxPwmOutputController: LynxSetPWMConfigurationCommand not implemented by lynx hw; ignoring
10-29 17:45:48.526 22495 22707 V ThreadPool: container(0x0778a6af: LinearOpMode) added id=3819 TID=0 count=1
10-29 17:45:48.529 22495 28164 V RobotCore: thread: 'LinearOpMode main' starting...
10-29 17:45:48.557 22495 22695 V Robocol : sending CMD_NOTIFY_INIT_OP_MODE(9059), attempt: 0
10-29 17:45:48.620 22495 22672 V Robocol : received command: CMD_INIT_OP_MODE(18784) $Stop$Robot$
10-29 17:45:48.623 22495 22671 I BatteryChecker: percent remaining: 53 is charging: false
10-29 17:45:48.634 22495 22707 V ThreadPool: waiting for service user linear op mode
10-29 17:45:48.639 22495 28164 V RobotCore: thread: ...terminating 'LinearOpMode main'
10-29 17:45:48.640 22495 22707 V ThreadPool: awaitTermination returned, isTerminated=true
10-29 17:45:48.640 22495 22707 V ThreadPool: executive service user linear op mode(0x0778a6af) is terminated
10-29 17:45:48.640 22495 22707 I RobotCore: Attempting to switch to op mode $Stop$Robot$
10-29 17:45:48.640 22495 28164 V ThreadPool: container(0x0778a6af: LinearOpMode) removed id=3819 TID=28164 count=1
10-29 17:45:48.677 22495 22695 V Robocol : sending CMD_NOTIFY_INIT_OP_MODE(9068), attempt: 0
10-29 17:45:48.740 22495 22672 V Robocol : received command: CMD_RUN_OP_MODE(18791) $Stop$Robot$
10-29 17:45:48.741 22495 22671 I BatteryChecker: percent remaining: 53 is charging: false
10-29 17:45:48.757 22495 22695 V Robocol : sending CMD_NOTIFY_RUN_OP_MODE(9074), attempt: 0
10-29 17:45:51.104 22495 22672 V Robocol : received command: CMD_INIT_OP_MODE(18824) $Stop$Robot$
10-29 17:45:51.106 22495 22671 I BatteryChecker: percent remaining: 53 is charging: false
10-29 17:45:51.114 22495 22707 I RobotCore: Attempting to switch to op mode $Stop$Robot$
10-29 17:45:51.157 22495 22695 V Robocol : sending CMD_NOTIFY_INIT_OP_MODE(9112), attempt: 0
10-29 17:45:51.179 22495 22672 V Robocol : received command: CMD_RUN_OP_MODE(18830) $Stop$Robot$
10-29 17:45:51.181 22495 22671 I BatteryChecker: percent remaining: 53 is charging: false
10-29 17:45:51.197 22495 22695 V Robocol : sending CMD_NOTIFY_RUN_OP_MODE(9117), attempt: 0
10-29 17:45:52.700 22495 22672 V Robocol : received command: CMD_INIT_OP_MODE(18855) Relic Recovery TeleOps (Linear)
