10-29 15:18:17.705 19096 23638 E LynxMotor: 	at org.firstinspires.ftc.teamcode.TechNova2017.RelicRecoveryTeleOpsLinear.gamepadLoop(RelicRecoveryTeleOpsLinear.java:59)
10-29 15:18:17.705 19096 23638 E LynxMotor: 	at org.firstinspires.ftc.teamcode.TechNova2017.RelicRecoveryTeleOpsLinear.runOpMode(RelicRecoveryTeleOpsLinear.java:47)
10-29 15:18:17.706 19096 23638 E LynxMotor: 	at com.qualcomm.robotcore.eventloop.opmode.LinearOpMode$LinearOpModeHelper$1.run(LinearOpMode.java:305)
10-29 15:18:17.706 19096 23638 E LynxMotor: 	at com.qualcomm.robotcore.util.ThreadPool.logThreadLifeCycle(ThreadPool.java:709)
10-29 15:18:17.706 19096 23638 E LynxMotor: 	at com.qualcomm.robotcore.eventloop.opmode.LinearOpMode$LinearOpModeHelper.run(LinearOpMode.java:300)
10-29 15:18:17.706 19096 23638 E LynxMotor: 	at java.util.concurrent.ThreadPoolExecutor.runWorker(ThreadPoolExecutor.java:1113)
10-29 15:18:17.707 19096 23638 E LynxMotor: 	at java.util.concurrent.ThreadPoolExecutor$Worker.run(ThreadPoolExecutor.java:588)
10-29 15:18:17.707 19096 23638 E LynxMotor: 	at com.qualcomm.robotcore.util.ThreadPool$ThreadFactoryImpl$1.run(ThreadPool.java:764)
10-29 15:18:17.707 19096 23638 E LynxMotor: 	at java.lang.Thread.run(Thread.java:818)
10-29 15:18:17.717 19096   852 V RobotCore: nack rec'd mod=3 msg#=11 ref#=0 reason=BATTERY_TOO_LOW_TO_RUN_MOTOR:52
10-29 15:18:17.718 19096 23638 E LynxMotor: exception thrown during lynx communication
10-29 15:18:17.719 19096 23638 E LynxMotor: com.qualcomm.hardware.lynx.LynxNackException: (DQ143RN2 #3) LynxSetMotorChannelEnableCommand: nack received: BATTERY_TOO_LOW_TO_RUN_MOTOR:52
10-29 15:18:17.719 19096 23638 E LynxMotor: 	at com.qualcomm.hardware.lynx.commands.LynxRespondable.throwIfNack(LynxRespondable.java:324)
10-29 15:18:17.720 19096 23638 E LynxMotor: 	at com.qualcomm.hardware.lynx.commands.LynxRespondable.send(LynxRespondable.java:239)
10-29 15:18:17.720 19096 23638 E LynxMotor: 	at com.qualcomm.hardware.lynx.LynxDcMotorController.internalSetMotorEnable(LynxDcMotorController.java:212)
10-29 15:18:17.721 19096 23638 E LynxMotor: 	at com.qualcomm.hardware.lynx.LynxDcMotorController.internalSetMotorPower(LynxDcMotorController.java:500)
10-29 15:18:17.721 19096 23638 E LynxMotor: 	at com.qualcomm.hardware.lynx.LynxDcMotorController.internalSetMotorPower(LynxDcMotorController.java:458)
10-29 15:18:17.721 19096 23638 E LynxMotor: 	at com.qualcomm.hardware.lynx.LynxDcMotorController.setMotorPower(LynxDcMotorController.java:405)
10-29 15:18:17.722 19096 23638 E LynxMotor: 	at com.qualcomm.robotcore.hardware.DcMotorImpl.internalSetPower(DcMotorImpl.java:204)
10-29 15:18:17.722 19096 23638 E LynxMotor: 	at com.qualcomm.robotcore.hardware.DcMotorImpl.setPower(DcMotorImpl.java:200)
10-29 15:18:17.722 19096 23638 E LynxMotor: 	at org.firstinspires.ftc.teamcode.TechNova2017.MecanumRobot.drive(MecanumRobot.java:512)
10-29 15:18:17.723 19096 23638 E LynxMotor: 	at org.firstinspires.ftc.teamcode.TechNova2017.DriveHelper.drive(DriveHelper.java:105)
10-29 15:18:17.723 19096 23638 E LynxMotor: 	at org.firstinspires.ftc.teamcode.TechNova2017.RelicRecoveryTeleOpsLinear.gamepadLoop(RelicRecoveryTeleOpsLinear.java:59)
10-29 15:18:17.723 19096 23638 E LynxMotor: 	at org.firstinspires.ftc.teamcode.TechNova2017.RelicRecoveryTeleOpsLinear.runOpMode(RelicRecoveryTeleOpsLinear.java:47)
10-29 15:18:17.724 19096 23638 E LynxMotor: 	at com.qualcomm.robotcore.eventloop.opmode.LinearOpMode$LinearOpModeHelper$1.run(LinearOpMode.java:305)
10-29 15:18:17.724 19096 23638 E LynxMotor: 	at com.qualcomm.robotcore.util.ThreadPool.logThreadLifeCycle(ThreadPool.java:709)
10-29 15:18:17.724 19096 23638 E LynxMotor: 	at com.qualcomm.robotcore.eventloop.opmode.LinearOpMode$LinearOpModeHelper.run(LinearOpMode.java:300)
10-29 15:18:17.725 19096 23638 E LynxMotor: 	at java.util.concurrent.ThreadPoolExecutor.runWorker(ThreadPoolExecutor.java:1113)
10-29 15:18:17.725 19096 23638 E LynxMotor: 	at java.util.concurrent.ThreadPoolExecutor$Worker.run(ThreadPoolExecutor.java:588)
10-29 15:18:17.725 19096 23638 E LynxMotor: 	at com.qualcomm.robotcore.util.ThreadPool$ThreadFactoryImpl$1.run(ThreadPool.java:764)
10-29 15:18:17.726 19096 23638 E LynxMotor: 	at java.lang.Thread.run(Thread.java:818)
10-29 15:18:17.737 19096   852 V RobotCore: nack rec'd mod=3 msg#=16 ref#=0 reason=BATTERY_TOO_LOW_TO_RUN_MOTOR:52
10-29 15:18:17.738 19096 23638 E LynxMotor: exception thrown during lynx communication
10-29 15:18:17.738 19096 23638 E LynxMotor: com.qualcomm.hardware.lynx.LynxNackException: (DQ143RN2 #3) LynxSetMotorChannelEnableCommand: nack received: BATTERY_TOO_LOW_TO_RUN_MOTOR:52
10-29 15:18:17.739 19096 23638 E LynxMotor: 	at com.qualcomm.hardware.lynx.commands.LynxRespondable.throwIfNack(LynxRespondable.java:324)
10-29 15:18:17.739 19096 23638 E LynxMotor: 	at com.qualcomm.hardware.lynx.commands.LynxRespondable.send(LynxRespondable.java:239)
10-29 15:18:17.740 19096 23638 E LynxMotor: 	at com.qualcomm.hardware.lynx.LynxDcMotorController.internalSetMotorEnable(LynxDcMotorController.java:212)
10-29 15:18:17.740 19096 23638 E LynxMotor: 	at com.qualcomm.hardware.lynx.LynxDcMotorController.internalSetMotorPower(LynxDcMotorController.java:500)
10-29 15:18:17.740 19096 23638 E LynxMotor: 	at com.qualcomm.hardware.lynx.LynxDcMotorController.internalSetMotorPower(LynxDcMotorController.java:458)
10-29 15:18:17.741 19096 23638 E LynxMotor: 	at com.qualcomm.hardware.lynx.LynxDcMotorController.setMotorPower(LynxDcMotorController.java:405)
10-29 15:18:17.741 19096 23638 E LynxMotor: 	at com.qualcomm.robotcore.hardware.DcMotorImpl.internalSetPower(DcMotorImpl.java:204)
10-29 15:18:17.741 19096 23638 E LynxMotor: 	at com.qualcomm.robotcore.hardware.DcMotorImpl.setPower(DcMotorImpl.java:200)
10-29 15:18:17.742 19096 23638 E LynxMotor: 	at org.firstinspires.ftc.teamcode.TechNova2017.MecanumRobot.drive(MecanumRobot.java:513)
10-29 15:18:17.742 19096 23638 E LynxMotor: 	at org.firstinspires.ftc.teamcode.TechNova2017.DriveHelper.drive(DriveHelper.java:105)
10-29 15:18:17.743 19096 23638 E LynxMotor: 	at org.firstinspires.ftc.teamcode.TechNova2017.RelicRecoveryTeleOpsLinear.gamepadLoop(RelicRecoveryTeleOpsLinear.java:59)
10-29 15:18:17.743 19096 23638 E LynxMotor: 	at org.firstinspires.ftc.teamcode.TechNova2017.RelicRecoveryTeleOpsLinear.runOpMode(RelicRecoveryTeleOpsLinear.java:47)
10-29 15:18:17.744 19096 23638 E LynxMotor: 	at com.qualcomm.robotcore.eventloop.opmode.LinearOpMode$LinearOpModeHelper$1.run(LinearOpMode.java:305)
10-29 15:18:17.744 19096 23638 E LynxMotor: 	at com.qualcomm.robotcore.util.ThreadPool.logThreadLifeCycle(ThreadPool.java:709)
10-29 15:18:17.744 19096 23638 E LynxMotor: 	at com.qualcomm.robotcore.eventloop.opmode.LinearOpMode$LinearOpModeHelper.run(LinearOpMode.java:300)
10-29 15:18:17.745 19096 23638 E LynxMotor: 	at java.util.concurrent.ThreadPoolExecutor.runWorker(ThreadPoolExecutor.java:1113)
10-29 15:18:17.745 19096 23638 E LynxMotor: 	at java.util.concurrent.ThreadPoolExecutor$Worker.run(ThreadPoolExecutor.java:588)
10-29 15:18:17.745 19096 23638 E LynxMotor: 	at com.qualcomm.robotcore.util.ThreadPool$ThreadFactoryImpl$1.run(ThreadPool.java:764)
10-29 15:18:17.746 19096 23638 E LynxMotor: 	at java.lang.Thread.run(Thread.java:818)
10-29 15:18:17.762 19096   852 V RobotCore: nack rec'd mod=2 msg#=25 ref#=0 reason=BATTERY_TOO_LOW_TO_RUN_MOTOR:52
10-29 15:18:17.763 19096 23638 E LynxMotor: exception thrown during lynx communication
10-29 15:18:17.764 19096 23638 E LynxMotor: com.qualcomm.hardware.lynx.LynxNackException: (DQ143RN2 #2) LynxSetMotorChannelEnableCommand: nack received: BATTERY_TOO_LOW_TO_RUN_MOTOR:52
10-29 15:18:17.764 19096 23638 E LynxMotor: 	at com.qualcomm.hardware.lynx.commands.LynxRespondable.throwIfNack(LynxRespondable.java:324)
10-29 15:18:17.765 19096 23638 E LynxMotor: 	at com.qualcomm.hardware.lynx.commands.LynxRespondable.send(LynxRespondable.java:239)
10-29 15:18:17.765 19096 23638 E LynxMotor: 	at com.qualcomm.hardware.lynx.LynxDcMotorController.internalSetMotorEnable(LynxDcMotorController.java:212)
10-29 15:18:17.766 19096 23638 E LynxMotor: 	at com.qualcomm.hardware.lynx.LynxDcMotorController.internalSetMotorPower(LynxDcMotorController.java:500)
10-29 15:18:17.766 19096 23638 E LynxMotor: 	at com.qualcomm.hardware.lynx.LynxDcMotorController.internalSetMotorPower(LynxDcMotorController.java:458)
10-29 15:18:17.767 19096 23638 E LynxMotor: 	at com.qualcomm.hardware.lynx.LynxDcMotorController.setMotorPower(LynxDcMotorController.java:405)
10-29 15:18:17.767 19096 23638 E LynxMotor: 	at com.qualcomm.robotcore.hardware.DcMotorImpl.internalSetPower(DcMotorImpl.java:204)
10-29 15:18:17.767 19096 23638 E LynxMotor: 	at com.qualcomm.robotcore.hardware.DcMotorImpl.setPower(DcMotorImpl.java:200)
10-29 15:18:17.768 19096 23638 E LynxMotor: 	at org.firstinspires.ftc.teamcode.TechNova2017.MecanumRobot.moveGlyphLift(MecanumRobot.java:293)
10-29 15:18:17.768 19096 23638 E LynxMotor: 	at org.firstinspires.ftc.teamcode.TechNova2017.RelicRecoveryTeleOpsLinear.gamepadLoop(RelicRecoveryTeleOpsLinear.java:105)
10-29 15:18:17.769 19096 23638 E LynxMotor: 	at org.firstinspires.ftc.teamcode.TechNova2017.RelicRecoveryTeleOpsLinear.runOpMode(RelicRecoveryTeleOpsLinear.java:47)
10-29 15:18:17.769 19096 23638 E LynxMotor: 	at com.qualcomm.robotcore.eventloop.opmode.LinearOpMode$LinearOpModeHelper$1.run(LinearOpMode.java:305)
10-29 15:18:17.769 19096 23638 E LynxMotor: 	at com.qualcomm.robotcore.util.ThreadPool.logThreadLifeCycle(ThreadPool.java:709)
10-29 15:18:17.770 19096 23638 E LynxMotor: 	at com.qualcomm.robotcore.eventloop.opmode.LinearOpMode$LinearOpModeHelper.run(LinearOpMode.java:300)
10-29 15:18:17.770 19096 23638 E LynxMotor: 	at java.util.concurrent.ThreadPoolExecutor.runWorker(ThreadPoolExecutor.java:1113)
10-29 15:18:17.771 19096 23638 E LynxMotor: 	at java.util.concurrent.ThreadPoolExecutor$Worker.run(ThreadPoolExecutor.java:588)
10-29 15:18:17.772 19096 23638 E LynxMotor: 	at com.qualcomm.robotcore.util.ThreadPool$ThreadFactoryImpl$1.run(ThreadPool.java:764)
10-29 15:18:17.772 19096 23638 E LynxMotor: 	at java.lang.Thread.run(Thread.java:818)
10-29 15:18:17.789 19096   852 V RobotCore: nack rec'd mod=3 msg#=20 ref#=0 reason=BATTERY_TOO_LOW_TO_RUN_MOTOR:52
10-29 15:18:17.790 19096 23638 E LynxMotor: exception thrown during lynx communication
10-29 15:18:17.791 19096 23638 E LynxMotor: com.qualcomm.hardware.lynx.LynxNackException: (DQ143RN2 #3) LynxSetMotorChannelEnableCommand: nack received: BATTERY_TOO_LOW_TO_RUN_MOTOR:52
10-29 15:18:17.793 19096 23638 E LynxMotor: 	at com.qualcomm.hardware.lynx.commands.LynxRespondable.throwIfNack(LynxRespondable.java:324)
10-29 15:18:17.793 19096 23638 E LynxMotor: 	at com.qualcomm.hardware.lynx.commands.LynxRespondable.send(LynxRespondable.java:239)
10-29 15:18:17.794 19096 23638 E LynxMotor: 	at com.qualcomm.hardware.lynx.LynxDcMotorController.internalSetMotorEnable(LynxDcMotorController.java:212)
10-29 15:18:17.794 19096 23638 E LynxMotor: 	at com.qualcomm.hardware.lynx.LynxDcMotorController.internalSetMotorPower(LynxDcMotorController.java:500)
10-29 15:18:17.794 19096 23638 E LynxMotor: 	at com.qualcomm.hardware.lynx.LynxDcMotorController.internalSetMotorPower(LynxDcMotorController.java:458)
10-29 15:18:17.795 19096 23638 E LynxMotor: 	at com.qualcomm.hardware.lynx.LynxDcMotorController.setMotorPower(LynxDcMotorController.java:405)
10-29 15:18:17.795 19096 23638 E LynxMotor: 	at com.qualcomm.robotcore.hardware.DcMotorImpl.internalSetPower(DcMotorImpl.java:204)
10-29 15:18:17.796 19096 23638 E LynxMotor: 	at com.qualcomm.robotcore.hardware.DcMotorImpl.setPower(DcMotorImpl.java:200)
10-29 15:18:17.796 19096 23638 E LynxMotor: 	at org.firstinspires.ftc.teamcode.TechNova2017.MecanumRobot.drive(MecanumRobot.java:510)
10-29 15:18:17.796 19096 23638 E LynxMotor: 	at org.firstinspires.ftc.teamcode.TechNova2017.DriveHelper.drive(DriveHelper.java:105)
10-29 15:18:17.797 19096 23638 E LynxMotor: 	at org.firstinspires.ftc.teamcode.TechNova2017.RelicRecoveryTeleOpsLinear.gamepadLoop(RelicRecoveryTeleOpsLinear.java:59)
10-29 15:18:17.797 19096 23638 E LynxMotor: 	at org.firstinspires.ftc.teamcode.TechNova2017.RelicRecoveryTeleOpsLinear.runOpMode(RelicRecoveryTeleOpsLinear.java:47)
10-29 15:18:17.798 19096 23638 E LynxMotor: 	at com.qualcomm.robotcore.eventloop.opmode.LinearOpMode$LinearOpModeHelper$1.run(LinearOpMode.java:305)
10-29 15:18:17.798 19096 23638 E LynxMotor: 	at com.qualcomm.robotcore.util.ThreadPool.logThreadLifeCycle(ThreadPool.java:709)
10-29 15:18:17.798 19096 23638 E LynxMotor: 	at com.qualcomm.robotcore.eventloop.opmode.LinearOpMode$LinearOpModeHelper.run(LinearOpMode.java:300)
10-29 15:18:17.799 19096 23638 E LynxMotor: 	at java.util.concurrent.ThreadPoolExecutor.runWorker(ThreadPoolExecutor.java:1113)
10-29 15:18:17.799 19096 23638 E LynxMotor: 	at java.util.concurrent.ThreadPoolExecutor$Worker.run(ThreadPoolExecutor.java:588)
10-29 15:18:17.800 19096 23638 E LynxMotor: 	at com.qualcomm.robotcore.util.ThreadPool$ThreadFactoryImpl$1.run(ThreadPool.java:764)
10-29 15:18:17.800 19096 23638 E LynxMotor: 	at java.lang.Thread.run(Thread.java:818)
10-29 15:18:17.812 19096   852 V RobotCore: nack rec'd mod=3 msg#=24 ref#=0 reason=BATTERY_TOO_LOW_TO_RUN_MOTOR:52
10-29 15:18:17.813 19096 23638 E LynxMotor: exception thrown during lynx communication
10-29 15:18:17.814 19096 23638 E LynxMotor: com.qualcomm.hardware.lynx.LynxNackException: (DQ143RN2 #3) LynxSetMotorChannelEnableCommand: nack received: BATTERY_TOO_LOW_TO_RUN_MOTOR:52
10-29 15:18:17.814 19096 23638 E LynxMotor: 	at com.qualcomm.hardware.lynx.commands.LynxRespondable.throwIfNack(LynxRespondable.java:324)
10-29 15:18:17.815 19096 23638 E LynxMotor: 	at com.qualcomm.hardware.lynx.commands.LynxRespondable.send(LynxRespondable.java:239)
10-29 15:18:17.815 19096 23638 E LynxMotor: 	at com.qualcomm.hardware.lynx.LynxDcMotorController.internalSetMotorEnable(LynxDcMotorController.java:212)
10-29 15:18:17.815 19096 23638 E LynxMotor: 	at com.qualcomm.hardware.lynx.LynxDcMotorController.internalSetMotorPower(LynxDcMotorController.java:500)
10-29 15:18:17.816 19096 23638 E LynxMotor: 	at com.qualcomm.hardware.lynx.LynxDcMotorController.internalSetMotorPower(LynxDcMotorController.java:458)
10-29 15:18:17.816 19096 23638 E LynxMotor: 	at com.qualcomm.hardware.lynx.LynxDcMotorController.setMotorPower(LynxDcMotorController.java:405)
10-29 15:18:17.816 19096 23638 E LynxMotor: 	at com.qualcomm.robotcore.hardware.DcMotorImpl.internalSetPower(DcMotorImpl.java:204)
10-29 15:18:17.817 19096 23638 E LynxMotor: 	at com.qualcomm.robotcore.hardware.DcMotorImpl.setPower(DcMotorImpl.java:200)
10-29 15:18:17.817 19096 23638 E LynxMotor: 	at org.firstinspires.ftc.teamcode.TechNova2017.MecanumRobot.drive(MecanumRobot.java:511)
10-29 15:18:17.817 19096 23638 E LynxMotor: 	at org.firstinspires.ftc.teamcode.TechNova2017.DriveHelper.drive(DriveHelper.java:105)
10-29 15:18:17.818 19096 23638 E LynxMotor: 	at org.firstinspires.ftc.teamcode.TechNova2017.RelicRecoveryTeleOpsLinear.gamepadLoop(RelicRecoveryTeleOpsLinear.java:59)
10-29 15:18:17.818 19096 23638 E LynxMotor: 	at org.firstinspires.ftc.teamcode.TechNova2017.RelicRecoveryTeleOpsLinear.runOpMode(RelicRecoveryTeleOpsLinear.java:47)
10-29 15:18:17.819 19096 23638 E LynxMotor: 	at com.qualcomm.robotcore.eventloop.opmode.LinearOpMode$LinearOpModeHelper$1.run(LinearOpMode.java:305)
10-29 15:18:17.819 19096 23638 E LynxMotor: 	at com.qualcomm.robotcore.util.ThreadPool.logThreadLifeCycle(ThreadPool.java:709)
10-29 15:18:17.819 19096 23638 E LynxMotor: 	at com.qualcomm.robotcore.eventloop.opmode.LinearOpMode$LinearOpModeHelper.run(LinearOpMode.java:300)
10-29 15:18:17.820 19096 23638 E LynxMotor: 	at java.util.concurrent.ThreadPoolExecutor.runWorker(ThreadPoolExecutor.java:1113)
10-29 15:18:17.820 19096 23638 E LynxMotor: 	at java.util.concurrent.ThreadPoolExecutor$Worker.run(ThreadPoolExecutor.java:588)
10-29 15:18:17.820 19096 23638 E LynxMotor: 	at com.qualcomm.robotcore.util.ThreadPool$ThreadFactoryImpl$1.run(ThreadPool.java:764)
10-29 15:18:17.821 19096 23638 E LynxMotor: 	at java.lang.Thread.run(Thread.java:818)
10-29 15:18:17.830 19096   852 V RobotCore: nack rec'd mod=3 msg#=27 ref#=0 reason=BATTERY_TOO_LOW_TO_RUN_MOTOR:52
10-29 15:18:17.830 19096 23638 E LynxMotor: exception thrown during lynx communication
10-29 15:18:17.831 19096 23638 E LynxMotor: com.qualcomm.hardware.lynx.LynxNackException: (DQ143RN2 #3) LynxSetMotorChannelEnableCommand: nack received: BATTERY_TOO_LOW_TO_RUN_MOTOR:52
10-29 15:18:17.832 19096 23638 E LynxMotor: 	at com.qualcomm.hardware.lynx.commands.LynxRespondable.throwIfNack(LynxRespondable.java:324)
10-29 15:18:17.832 19096 23638 E LynxMotor: 	at com.qualcomm.hardware.lynx.commands.LynxRespondable.send(LynxRespondable.java:239)
10-29 15:18:17.833 19096 23638 E LynxMotor: 	at com.qualcomm.hardware.lynx.LynxDcMotorController.internalSetMotorEnable(LynxDcMotorController.java:212)
10-29 15:18:17.833 19096 23638 E LynxMotor: 	at com.qualcomm.hardware.lynx.LynxDcMotorController.internalSetMotorPower(LynxDcMotorController.java:500)
10-29 15:18:17.833 19096 23638 E LynxMotor: 	at com.qualcomm.hardware.lynx.LynxDcMotorController.internalSetMotorPower(LynxDcMotorController.java:458)
10-29 15:18:17.834 19096 23638 E LynxMotor: 	at com.qualcomm.hardware.lynx.LynxDcMotorController.setMotorPower(LynxDcMotorController.java:405)
10-29 15:18:17.834 19096 23638 E LynxMotor: 	at com.qualcomm.robotcore.hardware.DcMotorImpl.internalSetPower(DcMotorImpl.java:204)
10-29 15:18:17.834 19096 23638 E LynxMotor: 	at com.qualcomm.robotcore.hardware.DcMotorImpl.setPower(DcMotorImpl.java:200)
10-29 15:18:17.835 19096 23638 E LynxMotor: 	at org.firstinspires.ftc.teamcode.TechNova2017.MecanumRobot.drive(MecanumRobot.java:512)
10-29 15:18:17.835 19096 23638 E LynxMotor: 	at org.firstinspires.ftc.teamcode.TechNova2017.DriveHelper.drive(DriveHelper.java:105)
10-29 15:18:17.836 19096 23638 E LynxMotor: 	at org.firstinspires.ftc.teamcode.TechNova2017.RelicRecoveryTeleOpsLinear.gamepadLoop(RelicRecoveryTeleOpsLinear.java:59)
10-29 15:18:17.836 19096 23638 E LynxMotor: 	at org.firstinspires.ftc.teamcode.TechNova2017.RelicRecoveryTeleOpsLinear.runOpMode(RelicRecoveryTeleOpsLinear.java:47)
10-29 15:18:17.836 19096 23638 E LynxMotor: 	at com.qualcomm.robotcore.eventloop.opmode.LinearOpMode$LinearOpModeHelper$1.run(LinearOpMode.java:305)
10-29 15:18:17.837 19096 23638 E LynxMotor: 	at com.qualcomm.robotcore.util.ThreadPool.logThreadLifeCycle(ThreadPool.java:709)
10-29 15:18:17.837 19096 23638 E LynxMotor: 	at com.qualcomm.robotcore.eventloop.opmode.LinearOpMode$LinearOpModeHelper.run(LinearOpMode.java:300)
10-29 15:18:17.837 19096 23638 E LynxMotor: 	at java.util.concurrent.ThreadPoolExecutor.runWorker(ThreadPoolExecutor.java:1113)
10-29 15:18:17.837 19096 23638 E LynxMotor: 	at java.util.concurrent.ThreadPoolExecutor$Worker.run(ThreadPoolExecutor.java:588)
10-29 15:18:17.838 19096 23638 E LynxMotor: 	at com.qualcomm.robotcore.util.ThreadPool$ThreadFactoryImpl$1.run(ThreadPool.java:764)
10-29 15:18:17.838 19096 23638 E LynxMotor: 	at java.lang.Thread.run(Thread.java:818)
10-29 15:18:17.847 19096   852 V RobotCore: nack rec'd mod=3 msg#=31 ref#=0 reason=BATTERY_TOO_LOW_TO_RUN_MOTOR:52
10-29 15:18:17.848 19096 23638 E LynxMotor: exception thrown during lynx communication
10-29 15:18:17.849 19096 23638 E LynxMotor: com.qualcomm.hardware.lynx.LynxNackException: (DQ143RN2 #3) LynxSetMotorChannelEnableCommand: nack received: BATTERY_TOO_LOW_TO_RUN_MOTOR:52
10-29 15:18:17.850 19096 23638 E LynxMotor: 	at com.qualcomm.hardware.lynx.commands.LynxRespondable.throwIfNack(LynxRespondable.java:324)
10-29 15:18:17.850 19096 23638 E LynxMotor: 	at com.qualcomm.hardware.lynx.commands.LynxRespondable.send(LynxRespondable.java:239)
10-29 15:18:17.850 19096 23638 E LynxMotor: 	at com.qualcomm.hardware.lynx.LynxDcMotorController.internalSetMotorEnable(LynxDcMotorController.java:212)
10-29 15:18:17.851 19096 23638 E LynxMotor: 	at com.qualcomm.hardware.lynx.LynxDcMotorController.internalSetMotorPower(LynxDcMotorController.java:500)
10-29 15:18:17.851 19096 23638 E LynxMotor: 	at com.qualcomm.hardware.lynx.LynxDcMotorController.internalSetMotorPower(LynxDcMotorController.java:458)
10-29 15:18:17.852 19096 23638 E LynxMotor: 	at com.qualcomm.hardware.lynx.LynxDcMotorController.setMotorPower(LynxDcMotorController.java:405)
10-29 15:18:17.852 19096 23638 E LynxMotor: 	at com.qualcomm.robotcore.hardware.DcMotorImpl.internalSetPower(DcMotorImpl.java:204)
10-29 15:18:17.852 19096 23638 E LynxMotor: 	at com.qualcomm.robotcore.hardware.DcMotorImpl.setPower(DcMotorImpl.java:200)
10-29 15:18:17.853 19096 23638 E LynxMotor: 	at org.firstinspires.ftc.teamcode.TechNova2017.MecanumRobot.drive(MecanumRobot.java:513)
10-29 15:18:17.853 19096 23638 E LynxMotor: 	at org.firstinspires.ftc.teamcode.TechNova2017.DriveHelper.drive(DriveHelper.java:105)
10-29 15:18:17.854 19096 23638 E LynxMotor: 	at org.firstinspires.ftc.teamcode.TechNova2017.RelicRecoveryTeleOpsLinear.gamepadLoop(RelicRecoveryTeleOpsLinear.java:59)
10-29 15:18:17.854 19096 23638 E LynxMotor: 	at org.firstinspires.ftc.teamcode.TechNova2017.RelicRecoveryTeleOpsLinear.runOpMode(RelicRecoveryTeleOpsLinear.java:47)
10-29 15:18:17.854 19096 23638 E LynxMotor: 	at com.qualcomm.robotcore.eventloop.opmode.LinearOpMode$LinearOpModeHelper$1.run(LinearOpMode.java:305)
10-29 15:18:17.855 19096 23638 E LynxMotor: 	at com.qualcomm.robotcore.util.ThreadPool.logThreadLifeCycle(ThreadPool.java:709)
10-29 15:18:17.855 19096 23638 E LynxMotor: 	at com.qualcomm.robotcore.eventloop.opmode.LinearOpMode$LinearOpModeHelper.run(LinearOpMode.java:300)
10-29 15:18:17.855 19096 23638 E LynxMotor: 	at java.util.concurrent.ThreadPoolExecutor.runWorker(ThreadPoolExecutor.java:1113)
10-29 15:18:17.856 19096 23638 E LynxMotor: 	at java.util.concurrent.ThreadPoolExecutor$Worker.run(ThreadPoolExecutor.java:588)
10-29 15:18:17.856 19096 23638 E LynxMotor: 	at com.qualcomm.robotcore.util.ThreadPool$ThreadFactoryImpl$1.run(ThreadPool.java:764)
10-29 15:18:17.856 19096 23638 E LynxMotor: 	at java.lang.Thread.run(Thread.java:818)
10-29 15:18:17.869 19096   852 V RobotCore: nack rec'd mod=2 msg#=29 ref#=0 reason=BATTERY_TOO_LOW_TO_RUN_MOTOR:52
10-29 15:18:17.870 19096 23638 E LynxMotor: exception thrown during lynx communication
10-29 15:18:17.871 19096 23638 E LynxMotor: com.qualcomm.hardware.lynx.LynxNackException: (DQ143RN2 #2) LynxSetMotorChannelEnableCommand: nack received: BATTERY_TOO_LOW_TO_RUN_MOTOR:52
10-29 15:18:17.871 19096 23638 E LynxMotor: 	at com.qualcomm.hardware.lynx.commands.LynxRespondable.throwIfNack(LynxRespondable.java:324)
10-29 15:18:17.872 19096 23638 E LynxMotor: 	at com.qualcomm.hardware.lynx.commands.LynxRespondable.send(LynxRespondable.java:239)
10-29 15:18:17.872 19096 23638 E LynxMotor: 	at com.qualcomm.hardware.lynx.LynxDcMotorController.internalSetMotorEnable(LynxDcMotorController.java:212)
10-29 15:18:17.872 19096 23638 E LynxMotor: 	at com.qualcomm.hardware.lynx.LynxDcMotorController.internalSetMotorPower(LynxDcMotorController.java:500)
10-29 15:18:17.873 19096 23638 E LynxMotor: 	at com.qualcomm.hardware.lynx.LynxDcMotorController.internalSetMotorPower(LynxDcMotorController.java:458)
10-29 15:18:17.873 19096 23638 E LynxMotor: 	at com.qualcomm.hardware.lynx.LynxDcMotorController.setMotorPower(LynxDcMotorController.java:405)
10-29 15:18:17.873 19096 23638 E LynxMotor: 	at com.qualcomm.robotcore.hardware.DcMotorImpl.internalSetPower(DcMotorImpl.java:204)
10-29 15:18:17.874 19096 23638 E LynxMotor: 	at com.qualcomm.robotcore.hardware.DcMotorImpl.setPower(DcMotorImpl.java:200)
10-29 15:18:17.874 19096 23638 E LynxMotor: 	at org.firstinspires.ftc.teamcode.TechNova2017.MecanumRobot.moveGlyphLift(MecanumRobot.java:293)
10-29 15:18:17.874 19096 23638 E LynxMotor: 	at org.firstinspires.ftc.teamcode.TechNova2017.RelicRecoveryTeleOpsLinear.gamepadLoop(RelicRecoveryTeleOpsLinear.java:105)
10-29 15:18:17.875 19096 23638 E LynxMotor: 	at org.firstinspires.ftc.teamcode.TechNova2017.RelicRecoveryTeleOpsLinear.runOpMode(RelicRecoveryTeleOpsLinear.java:47)
10-29 15:18:17.875 19096 23638 E LynxMotor: 	at com.qualcomm.robotcore.eventloop.opmode.LinearOpMode$LinearOpModeHelper$1.run(LinearOpMode.java:305)
10-29 15:18:17.875 19096 23638 E LynxMotor: 	at com.qualcomm.robotcore.util.ThreadPool.logThreadLifeCycle(ThreadPool.java:709)
10-29 15:18:17.876 19096 23638 E LynxMotor: 	at com.qualcomm.robotcore.eventloop.opmode.LinearOpMode$LinearOpModeHelper.run(LinearOpMode.java:300)
10-29 15:18:17.876 19096 23638 E LynxMotor: 	at java.util.concurrent.ThreadPoolExecutor.runWorker(ThreadPoolExecutor.java:1113)
10-29 15:18:17.876 19096 23638 E LynxMotor: 	at java.util.concurrent.ThreadPoolExecutor$Worker.run(ThreadPoolExecutor.java:588)
10-29 15:18:17.877 19096 23638 E LynxMotor: 	at com.qualcomm.robotcore.util.ThreadPool$ThreadFactoryImpl$1.run(ThreadPool.java:764)
10-29 15:18:17.877 19096 23638 E LynxMotor: 	at java.lang.Thread.run(Thread.java:818)
10-29 15:18:17.892 19096   852 V RobotCore: nack rec'd mod=3 msg#=36 ref#=0 reason=BATTERY_TOO_LOW_TO_RUN_MOTOR:52
10-29 15:18:17.893 19096 23638 E LynxMotor: exception thrown during lynx communication
10-29 15:18:17.894 19096 23638 E LynxMotor: com.qualcomm.hardware.lynx.LynxNackException: (DQ143RN2 #3) LynxSetMotorChannelEnableCommand: nack received: BATTERY_TOO_LOW_TO_RUN_MOTOR:52
10-29 15:18:17.895 19096 23638 E LynxMotor: 	at com.qualcomm.hardware.lynx.commands.LynxRespondable.throwIfNack(LynxRespondable.java:324)
10-29 15:18:17.895 19096 23638 E LynxMotor: 	at com.qualcomm.hardware.lynx.commands.LynxRespondable.send(LynxRespondable.java:239)
10-29 15:18:17.896 19096 23638 E LynxMotor: 	at com.qualcomm.hardware.lynx.LynxDcMotorController.internalSetMotorEnable(LynxDcMotorController.java:212)
10-29 15:18:17.896 19096 23638 E LynxMotor: 	at com.qualcomm.hardware.lynx.LynxDcMotorController.internalSetMotorPower(LynxDcMotorController.java:500)
10-29 15:18:17.896 19096 23638 E LynxMotor: 	at com.qualcomm.hardware.lynx.LynxDcMotorController.internalSetMotorPower(LynxDcMotorController.java:458)
10-29 15:18:17.897 19096 23638 E LynxMotor: 	at com.qualcomm.hardware.lynx.LynxDcMotorController.setMotorPower(LynxDcMotorController.java:405)
10-29 15:18:17.897 19096 23638 E LynxMotor: 	at com.qualcomm.robotcore.hardware.DcMotorImpl.internalSetPower(DcMotorImpl.java:204)
10-29 15:18:17.897 19096 23638 E LynxMotor: 	at com.qualcomm.robotcore.hardware.DcMotorImpl.setPower(DcMotorImpl.java:200)
10-29 15:18:17.898 19096 23638 E LynxMotor: 	at org.firstinspires.ftc.teamcode.TechNova2017.MecanumRobot.drive(MecanumRobot.java:510)
10-29 15:18:17.898 19096 23638 E LynxMotor: 	at org.firstinspires.ftc.teamcode.TechNova2017.DriveHelper.drive(DriveHelper.java:105)
10-29 15:18:17.898 19096 23638 E LynxMotor: 	at org.firstinspires.ftc.teamcode.TechNova2017.RelicRecoveryTeleOpsLinear.gamepadLoop(RelicRecoveryTeleOpsLinear.java:59)
10-29 15:18:17.899 19096 23638 E LynxMotor: 	at org.firstinspires.ftc.teamcode.TechNova2017.RelicRecoveryTeleOpsLinear.runOpMode(RelicRecoveryTeleOpsLinear.java:47)
10-29 15:18:17.899 19096 23638 E LynxMotor: 	at com.qualcomm.robotcore.eventloop.opmode.LinearOpMode$LinearOpModeHelper$1.run(LinearOpMode.java:305)
10-29 15:18:17.899 19096 23638 E LynxMotor: 	at com.qualcomm.robotcore.util.ThreadPool.logThreadLifeCycle(ThreadPool.java:709)
10-29 15:18:17.900 19096 23638 E LynxMotor: 	at com.qualcomm.robotcore.eventloop.opmode.LinearOpMode$LinearOpModeHelper.run(LinearOpMode.java:300)
10-29 15:18:17.900 19096 23638 E LynxMotor: 	at java.util.concurrent.ThreadPoolExecutor.runWorker(ThreadPoolExecutor.java:1113)
10-29 15:18:17.900 19096 23638 E LynxMotor: 	at java.util.concurrent.ThreadPoolExecutor$Worker.run(ThreadPoolExecutor.java:588)
10-29 15:18:17.901 19096 23638 E LynxMotor: 	at com.qualcomm.robotcore.util.ThreadPool$ThreadFactoryImpl$1.run(ThreadPool.java:764)
10-29 15:18:17.901 19096 23638 E LynxMotor: 	at java.lang.Thread.run(Thread.java:818)
10-29 15:18:17.911 19096   852 V RobotCore: nack rec'd mod=3 msg#=39 ref#=0 reason=BATTERY_TOO_LOW_TO_RUN_MOTOR:52
10-29 15:18:17.912 19096 23638 E LynxMotor: exception thrown during lynx communication
10-29 15:18:17.913 19096 23638 E LynxMotor: com.qualcomm.hardware.lynx.LynxNackException: (DQ143RN2 #3) LynxSetMotorChannelEnableCommand: nack received: BATTERY_TOO_LOW_TO_RUN_MOTOR:52
10-29 15:18:17.914 19096 23638 E LynxMotor: 	at com.qualcomm.hardware.lynx.commands.LynxRespondable.throwIfNack(LynxRespondable.java:324)
10-29 15:18:17.915 19096 23638 E LynxMotor: 	at com.qualcomm.hardware.lynx.commands.LynxRespondable.send(LynxRespondable.java:239)
10-29 15:18:17.916 19096 23638 E LynxMotor: 	at com.qualcomm.hardware.lynx.LynxDcMotorController.internalSetMotorEnable(LynxDcMotorController.java:212)
10-29 15:18:17.916 19096 23638 E LynxMotor: 	at com.qualcomm.hardware.lynx.LynxDcMotorController.internalSetMotorPower(LynxDcMotorController.java:500)
10-29 15:18:17.916 19096 23638 E LynxMotor: 	at com.qualcomm.hardware.lynx.LynxDcMotorController.internalSetMotorPower(LynxDcMotorController.java:458)
10-29 15:18:17.917 19096 23638 E LynxMotor: 	at com.qualcomm.hardware.lynx.LynxDcMotorController.setMotorPower(LynxDcMotorController.java:405)
10-29 15:18:17.917 19096 23638 E LynxMotor: 	at com.qualcomm.robotcore.hardware.DcMotorImpl.internalSetPower(DcMotorImpl.java:204)
10-29 15:18:17.917 19096 23638 E LynxMotor: 	at com.qualcomm.robotcore.hardware.DcMotorImpl.setPower(DcMotorImpl.java:200)
10-29 15:18:17.917 19096 23638 E LynxMotor: 	at org.firstinspires.ftc.teamcode.TechNova2017.MecanumRobot.drive(MecanumRobot.java:511)
10-29 15:18:17.918 19096 23638 E LynxMotor: 	at org.firstinspires.ftc.teamcode.TechNova2017.DriveHelper.drive(DriveHelper.java:105)
10-29 15:18:17.918 19096 23638 E LynxMotor: 	at org.firstinspires.ftc.teamcode.TechNova2017.RelicRecoveryTeleOpsLinear.gamepadLoop(RelicRecoveryTeleOpsLinear.java:59)
10-29 15:18:17.919 19096 23638 E LynxMotor: 	at org.firstinspires.ftc.teamcode.TechNova2017.RelicRecoveryTeleOpsLinear.runOpMode(RelicRecoveryTeleOpsLinear.java:47)
10-29 15:18:17.919 19096 23638 E LynxMotor: 	at com.qualcomm.robotcore.eventloop.opmode.LinearOpMode$LinearOpModeHelper$1.run(LinearOpMode.java:305)
10-29 15:18:17.920 19096 23638 E LynxMotor: 	at com.qualcomm.robotcore.util.ThreadPool.logThreadLifeCycle(ThreadPool.java:709)
10-29 15:18:17.920 19096 23638 E LynxMotor: 	at com.qualcomm.robotcore.eventloop.opmode.LinearOpMode$LinearOpModeHelper.run(LinearOpMode.java:300)
10-29 15:18:17.920 19096 23638 E LynxMotor: 	at java.util.concurrent.ThreadPoolExecutor.runWorker(ThreadPoolExecutor.java:1113)
10-29 15:18:17.920 19096 23638 E LynxMotor: 	at java.util.concurrent.ThreadPoolExecutor$Worker.run(ThreadPoolExecutor.java:588)
10-29 15:18:17.921 19096 23638 E LynxMotor: 	at com.qualcomm.robotcore.util.ThreadPool$ThreadFactoryImpl$1.run(ThreadPool.java:764)
10-29 15:18:17.921 19096 23638 E LynxMotor: 	at java.lang.Thread.run(Thread.java:818)
10-29 15:18:17.931 19096   852 V RobotCore: nack rec'd mod=3 msg#=43 ref#=0 reason=BATTERY_TOO_LOW_TO_RUN_MOTOR:52
10-29 15:18:17.932 19096 23638 E LynxMotor: exception thrown during lynx communication
10-29 15:18:17.933 19096 23638 E LynxMotor: com.qualcomm.hardware.lynx.LynxNackException: (DQ143RN2 #3) LynxSetMotorChannelEnableCommand: nack received: BATTERY_TOO_LOW_TO_RUN_MOTOR:52
10-29 15:18:17.933 19096 23638 E LynxMotor: 	at com.qualcomm.hardware.lynx.commands.LynxRespondable.throwIfNack(LynxRespondable.java:324)
10-29 15:18:17.934 19096 23638 E LynxMotor: 	at com.qualcomm.hardware.lynx.commands.LynxRespondable.send(LynxRespondable.java:239)
10-29 15:18:17.935 19096 23638 E LynxMotor: 	at com.qualcomm.hardware.lynx.LynxDcMotorController.internalSetMotorEnable(LynxDcMotorController.java:212)
10-29 15:18:17.935 19096 23638 E LynxMotor: 	at com.qualcomm.hardware.lynx.LynxDcMotorController.internalSetMotorPower(LynxDcMotorController.java:500)
10-29 15:18:17.935 19096 23638 E LynxMotor: 	at com.qualcomm.hardware.lynx.LynxDcMotorController.internalSetMotorPower(LynxDcMotorController.java:458)
10-29 15:18:17.943 19096 23638 E LynxMotor: 	at com.qualcomm.hardware.lynx.LynxDcMotorController.setMotorPower(LynxDcMotorController.java:405)
10-29 15:18:17.943 19096 23638 E LynxMotor: 	at com.qualcomm.robotcore.hardware.DcMotorImpl.internalSetPower(DcMotorImpl.java:204)
10-29 15:18:17.944 19096 23638 E LynxMotor: 	at com.qualcomm.robotcore.hardware.DcMotorImpl.setPower(DcMotorImpl.java:200)
10-29 15:18:17.944 19096 23638 E LynxMotor: 	at org.firstinspires.ftc.teamcode.TechNova2017.MecanumRobot.drive(MecanumRobot.java:512)
10-29 15:18:17.944 19096 23638 E LynxMotor: 	at org.firstinspires.ftc.teamcode.TechNova2017.DriveHelper.drive(DriveHelper.java:105)
10-29 15:18:17.945 19096 23638 E LynxMotor: 	at org.firstinspires.ftc.teamcode.TechNova2017.RelicRecoveryTeleOpsLinear.gamepadLoop(RelicRecoveryTeleOpsLinear.java:59)
10-29 15:18:17.945 19096 23638 E LynxMotor: 	at org.firstinspires.ftc.teamcode.TechNova2017.RelicRecoveryTeleOpsLinear.runOpMode(RelicRecoveryTeleOpsLinear.java:47)
10-29 15:18:17.946 19096 23638 E LynxMotor: 	at com.qualcomm.robotcore.eventloop.opmode.LinearOpMode$LinearOpModeHelper$1.run(LinearOpMode.java:305)
10-29 15:18:17.946 19096 23638 E LynxMotor: 	at com.qualcomm.robotcore.util.ThreadPool.logThreadLifeCycle(ThreadPool.java:709)
10-29 15:18:17.946 19096 23638 E LynxMotor: 	at com.qualcomm.robotcore.eventloop.opmode.LinearOpMode$LinearOpModeHelper.run(LinearOpMode.java:300)
10-29 15:18:17.947 19096 23638 E LynxMotor: 	at java.util.concurrent.ThreadPoolExecutor.runWorker(ThreadPoolExecutor.java:1113)
10-29 15:18:17.947 19096 23638 E LynxMotor: 	at java.util.concurrent.ThreadPoolExecutor$Worker.run(ThreadPoolExecutor.java:588)
10-29 15:18:17.947 19096 23638 E LynxMotor: 	at com.qualcomm.robotcore.util.ThreadPool$ThreadFactoryImpl$1.run(ThreadPool.java:764)
10-29 15:18:17.947 19096 23638 E LynxMotor: 	at java.lang.Thread.run(Thread.java:818)
10-29 15:18:17.960 19096   852 V RobotCore: nack rec'd mod=3 msg#=48 ref#=0 reason=BATTERY_TOO_LOW_TO_RUN_MOTOR:52
10-29 15:18:17.961 19096 23638 E LynxMotor: exception thrown during lynx communication
10-29 15:18:17.961 19096 23638 E LynxMotor: com.qualcomm.hardware.lynx.LynxNackException: (DQ143RN2 #3) LynxSetMotorChannelEnableCommand: nack received: BATTERY_TOO_LOW_TO_RUN_MOTOR:52
10-29 15:18:17.962 19096 23638 E LynxMotor: 	at com.qualcomm.hardware.lynx.commands.LynxRespondable.throwIfNack(LynxRespondable.java:324)
10-29 15:18:17.963 19096 23638 E LynxMotor: 	at com.qualcomm.hardware.lynx.commands.LynxRespondable.send(LynxRespondable.java:239)
10-29 15:18:17.963 19096 23638 E LynxMotor: 	at com.qualcomm.hardware.lynx.LynxDcMotorController.internalSetMotorEnable(LynxDcMotorController.java:212)
10-29 15:18:17.964 19096 23638 E LynxMotor: 	at com.qualcomm.hardware.lynx.LynxDcMotorController.internalSetMotorPower(LynxDcMotorController.java:500)
10-29 15:18:17.964 19096 23638 E LynxMotor: 	at com.qualcomm.hardware.lynx.LynxDcMotorController.internalSetMotorPower(LynxDcMotorController.java:458)
10-29 15:18:17.964 19096 23638 E LynxMotor: 	at com.qualcomm.hardware.lynx.LynxDcMotorController.setMotorPower(LynxDcMotorController.java:405)
10-29 15:18:17.965 19096 23638 E LynxMotor: 	at com.qualcomm.robotcore.hardware.DcMotorImpl.internalSetPower(DcMotorImpl.java:204)
10-29 15:18:17.965 19096 23638 E LynxMotor: 	at com.qualcomm.robotcore.hardware.DcMotorImpl.setPower(DcMotorImpl.java:200)
10-29 15:18:17.966 19096 23638 E LynxMotor: 	at org.firstinspires.ftc.teamcode.TechNova2017.MecanumRobot.drive(MecanumRobot.java:513)
10-29 15:18:17.966 19096 23638 E LynxMotor: 	at org.firstinspires.ftc.teamcode.TechNova2017.DriveHelper.drive(DriveHelper.java:105)
10-29 15:18:17.967 19096 23638 E LynxMotor: 	at org.firstinspires.ftc.teamcode.TechNova2017.RelicRecoveryTeleOpsLinear.gamepadLoop(RelicRecoveryTeleOpsLinear.java:59)
10-29 15:18:17.967 19096 23638 E LynxMotor: 	at org.firstinspires.ftc.teamcode.TechNova2017.RelicRecoveryTeleOpsLinear.runOpMode(RelicRecoveryTeleOpsLinear.java:47)
10-29 15:18:17.967 19096 23638 E LynxMotor: 	at com.qualcomm.robotcore.eventloop.opmode.LinearOpMode$LinearOpModeHelper$1.run(LinearOpMode.java:305)
10-29 15:18:17.968 19096 23638 E LynxMotor: 	at com.qualcomm.robotcore.util.ThreadPool.logThreadLifeCycle(ThreadPool.java:709)
10-29 15:18:17.968 19096 23638 E LynxMotor: 	at com.qualcomm.robotcore.eventloop.opmode.LinearOpMode$LinearOpModeHelper.run(LinearOpMode.java:300)
10-29 15:18:17.969 19096 23638 E LynxMotor: 	at java.util.concurrent.ThreadPoolExecutor.runWorker(ThreadPoolExecutor.java:1113)
10-29 15:18:17.969 19096 23638 E LynxMotor: 	at java.util.concurrent.ThreadPoolExecutor$Worker.run(ThreadPoolExecutor.java:588)
10-29 15:18:17.970 19096 23638 E LynxMotor: 	at com.qualcomm.robotcore.util.ThreadPool$ThreadFactoryImpl$1.run(ThreadPool.java:764)
10-29 15:18:17.970 19096 23638 E LynxMotor: 	at java.lang.Thread.run(Thread.java:818)
10-29 15:18:17.982 19096   852 V RobotCore: nack rec'd mod=2 msg#=34 ref#=0 reason=BATTERY_TOO_LOW_TO_RUN_MOTOR:52
10-29 15:18:17.983 19096 23638 E LynxMotor: exception thrown during lynx communication
10-29 15:18:17.984 19096 23638 E LynxMotor: com.qualcomm.hardware.lynx.LynxNackException: (DQ143RN2 #2) LynxSetMotorChannelEnableCommand: nack received: BATTERY_TOO_LOW_TO_RUN_MOTOR:52
10-29 15:18:17.984 19096 23638 E LynxMotor: 	at com.qualcomm.hardware.lynx.commands.LynxRespondable.throwIfNack(LynxRespondable.java:324)
10-29 15:18:17.984 19096 23638 E LynxMotor: 	at com.qualcomm.hardware.lynx.commands.LynxRespondable.send(LynxRespondable.java:239)
10-29 15:18:17.985 19096 23638 E LynxMotor: 	at com.qualcomm.hardware.lynx.LynxDcMotorController.internalSetMotorEnable(LynxDcMotorController.java:212)
10-29 15:18:17.985 19096 23638 E LynxMotor: 	at com.qualcomm.hardware.lynx.LynxDcMotorController.internalSetMotorPower(LynxDcMotorController.java:500)
10-29 15:18:17.986 19096 23638 E LynxMotor: 	at com.qualcomm.hardware.lynx.LynxDcMotorController.internalSetMotorPower(LynxDcMotorController.java:458)
10-29 15:18:17.986 19096 23638 E LynxMotor: 	at com.qualcomm.hardware.lynx.LynxDcMotorController.setMotorPower(LynxDcMotorController.java:405)
10-29 15:18:17.986 19096 23638 E LynxMotor: 	at com.qualcomm.robotcore.hardware.DcMotorImpl.internalSetPower(DcMotorImpl.java:204)
10-29 15:18:17.987 19096 23638 E LynxMotor: 	at com.qualcomm.robotcore.hardware.DcMotorImpl.setPower(DcMotorImpl.java:200)
10-29 15:18:17.987 19096 23638 E LynxMotor: 	at org.firstinspires.ftc.teamcode.TechNova2017.MecanumRobot.moveGlyphLift(MecanumRobot.java:293)
10-29 15:18:17.987 19096 23638 E LynxMotor: 	at org.firstinspires.ftc.teamcode.TechNova2017.RelicRecoveryTeleOpsLinear.gamepadLoop(RelicRecoveryTeleOpsLinear.java:105)
10-29 15:18:17.988 19096 23638 E LynxMotor: 	at org.firstinspires.ftc.teamcode.TechNova2017.RelicRecoveryTeleOpsLinear.runOpMode(RelicRecoveryTeleOpsLinear.java:47)
10-29 15:18:17.988 19096 23638 E LynxMotor: 	at com.qualcomm.robotcore.eventloop.opmode.LinearOpMode$LinearOpModeHelper$1.run(LinearOpMode.java:305)
10-29 15:18:17.988 19096 23638 E LynxMotor: 	at com.qualcomm.robotcore.util.ThreadPool.logThreadLifeCycle(ThreadPool.java:709)
10-29 15:18:17.988 19096 23638 E LynxMotor: 	at com.qualcomm.robotcore.eventloop.opmode.LinearOpMode$LinearOpModeHelper.run(LinearOpMode.java:300)
10-29 15:18:17.989 19096 23638 E LynxMotor: 	at java.util.concurrent.ThreadPoolExecutor.runWorker(ThreadPoolExecutor.java:1113)
10-29 15:18:17.989 19096 23638 E LynxMotor: 	at java.util.concurrent.ThreadPoolExecutor$Worker.run(ThreadPoolExecutor.java:588)
10-29 15:18:17.989 19096 23638 E LynxMotor: 	at com.qualcomm.robotcore.util.ThreadPool$ThreadFactoryImpl$1.run(ThreadPool.java:764)
10-29 15:18:17.990 19096 23638 E LynxMotor: 	at java.lang.Thread.run(Thread.java:818)
10-29 15:18:18.003 19096   852 V RobotCore: nack rec'd mod=3 msg#=51 ref#=0 reason=BATTERY_TOO_LOW_TO_RUN_MOTOR:52
10-29 15:18:18.004 19096 23638 E LynxMotor: exception thrown during lynx communication
10-29 15:18:18.005 19096 23638 E LynxMotor: com.qualcomm.hardware.lynx.LynxNackException: (DQ143RN2 #3) LynxSetMotorChannelEnableCommand: nack received: BATTERY_TOO_LOW_TO_RUN_MOTOR:52
10-29 15:18:18.005 19096 23638 E LynxMotor: 	at com.qualcomm.hardware.lynx.commands.LynxRespondable.throwIfNack(LynxRespondable.java:324)
10-29 15:18:18.006 19096 23638 E LynxMotor: 	at com.qualcomm.hardware.lynx.commands.LynxRespondable.send(LynxRespondable.java:239)
10-29 15:18:18.006 19096 23638 E LynxMotor: 	at com.qualcomm.hardware.lynx.LynxDcMotorController.internalSetMotorEnable(LynxDcMotorController.java:212)
10-29 15:18:18.007 19096 23638 E LynxMotor: 	at com.qualcomm.hardware.lynx.LynxDcMotorController.internalSetMotorPower(LynxDcMotorController.java:500)
10-29 15:18:18.007 19096 23638 E LynxMotor: 	at com.qualcomm.hardware.lynx.LynxDcMotorController.internalSetMotorPower(LynxDcMotorController.java:458)
10-29 15:18:18.007 19096 23638 E LynxMotor: 	at com.qualcomm.hardware.lynx.LynxDcMotorController.setMotorPower(LynxDcMotorController.java:405)
10-29 15:18:18.008 19096 23638 E LynxMotor: 	at com.qualcomm.robotcore.hardware.DcMotorImpl.internalSetPower(DcMotorImpl.java:204)
10-29 15:18:18.008 19096 23638 E LynxMotor: 	at com.qualcomm.robotcore.hardware.DcMotorImpl.setPower(DcMotorImpl.java:200)
10-29 15:18:18.008 19096 23638 E LynxMotor: 	at org.firstinspires.ftc.teamcode.TechNova2017.MecanumRobot.drive(MecanumRobot.java:510)
10-29 15:18:18.009 19096 23638 E LynxMotor: 	at org.firstinspires.ftc.teamcode.TechNova2017.DriveHelper.drive(DriveHelper.java:105)
10-29 15:18:18.009 19096 23638 E LynxMotor: 	at org.firstinspires.ftc.teamcode.TechNova2017.RelicRecoveryTeleOpsLinear.gamepadLoop(RelicRecoveryTeleOpsLinear.java:59)
10-29 15:18:18.010 19096 23638 E LynxMotor: 	at org.firstinspires.ftc.teamcode.TechNova2017.RelicRecoveryTeleOpsLinear.runOpMode(RelicRecoveryTeleOpsLinear.java:47)
10-29 15:18:18.010 19096 23638 E LynxMotor: 	at com.qualcomm.robotcore.eventloop.opmode.LinearOpMode$LinearOpModeHelper$1.run(LinearOpMode.java:305)
10-29 15:18:18.011 19096 23638 E LynxMotor: 	at com.qualcomm.robotcore.util.ThreadPool.logThreadLifeCycle(ThreadPool.java:709)
10-29 15:18:18.011 19096 23638 E LynxMotor: 	at com.qualcomm.robotcore.eventloop.opmode.LinearOpMode$LinearOpModeHelper.run(LinearOpMode.java:300)
10-29 15:18:18.011 19096 23638 E LynxMotor: 	at java.util.concurrent.ThreadPoolExecutor.runWorker(ThreadPoolExecutor.java:1113)
10-29 15:18:18.012 19096 23638 E LynxMotor: 	at java.util.concurrent.ThreadPoolExecutor$Worker.run(ThreadPoolExecutor.java:588)
10-29 15:18:18.012 19096 23638 E LynxMotor: 	at com.qualcomm.robotcore.util.ThreadPool$ThreadFactoryImpl$1.run(ThreadPool.java:764)
10-29 15:18:18.012 19096 23638 E LynxMotor: 	at java.lang.Thread.run(Thread.java:818)
10-29 15:18:18.021 19096   852 V RobotCore: nack rec'd mod=3 msg#=55 ref#=0 reason=BATTERY_TOO_LOW_TO_RUN_MOTOR:52
10-29 15:18:18.022 19096 23638 E LynxMotor: exception thrown during lynx communication
10-29 15:18:18.023 19096 23638 E LynxMotor: com.qualcomm.hardware.lynx.LynxNackException: (DQ143RN2 #3) LynxSetMotorChannelEnableCommand: nack received: BATTERY_TOO_LOW_TO_RUN_MOTOR:52
10-29 15:18:18.024 19096 23638 E LynxMotor: 	at com.qualcomm.hardware.lynx.commands.LynxRespondable.throwIfNack(LynxRespondable.java:324)
10-29 15:18:18.024 19096 23638 E LynxMotor: 	at com.qualcomm.hardware.lynx.commands.LynxRespondable.send(LynxRespondable.java:239)
10-29 15:18:18.025 19096 23638 E LynxMotor: 	at com.qualcomm.hardware.lynx.LynxDcMotorController.internalSetMotorEnable(LynxDcMotorController.java:212)
10-29 15:18:18.025 19096 23638 E LynxMotor: 	at com.qualcomm.hardware.lynx.LynxDcMotorController.internalSetMotorPower(LynxDcMotorController.java:500)
10-29 15:18:18.027 19096 23638 E LynxMotor: 	at com.qualcomm.hardware.lynx.LynxDcMotorController.internalSetMotorPower(LynxDcMotorController.java:458)
10-29 15:18:18.027 19096 23638 E LynxMotor: 	at com.qualcomm.hardware.lynx.LynxDcMotorController.setMotorPower(LynxDcMotorController.java:405)
10-29 15:18:18.028 19096 23638 E LynxMotor: 	at com.qualcomm.robotcore.hardware.DcMotorImpl.internalSetPower(DcMotorImpl.java:204)
10-29 15:18:18.028 19096 23638 E LynxMotor: 	at com.qualcomm.robotcore.hardware.DcMotorImpl.setPower(DcMotorImpl.java:200)
10-29 15:18:18.029 19096 23638 E LynxMotor: 	at org.firstinspires.ftc.teamcode.TechNova2017.MecanumRobot.drive(MecanumRobot.java:511)
10-29 15:18:18.029 19096 23638 E LynxMotor: 	at org.firstinspires.ftc.teamcode.TechNova2017.DriveHelper.drive(DriveHelper.java:105)
10-29 15:18:18.030 19096 23638 E LynxMotor: 	at org.firstinspires.ftc.teamcode.TechNova2017.RelicRecoveryTeleOpsLinear.gamepadLoop(RelicRecoveryTeleOpsLinear.java:59)
10-29 15:18:18.030 19096 23638 E LynxMotor: 	at org.firstinspires.ftc.teamcode.TechNova2017.RelicRecoveryTeleOpsLinear.runOpMode(RelicRecoveryTeleOpsLinear.java:47)
10-29 15:18:18.030 19096 23638 E LynxMotor: 	at com.qualcomm.robotcore.eventloop.opmode.LinearOpMode$LinearOpModeHelper$1.run(LinearOpMode.java:305)
10-29 15:18:18.031 19096 23638 E LynxMotor: 	at com.qualcomm.robotcore.util.ThreadPool.logThreadLifeCycle(ThreadPool.java:709)
10-29 15:18:18.031 19096 23638 E LynxMotor: 	at com.qualcomm.robotcore.eventloop.opmode.LinearOpMode$LinearOpModeHelper.run(LinearOpMode.java:300)
10-29 15:18:18.032 19096 23638 E LynxMotor: 	at java.util.concurrent.ThreadPoolExecutor.runWorker(ThreadPoolExecutor.java:1113)
10-29 15:18:18.032 19096 23638 E LynxMotor: 	at java.util.concurrent.ThreadPoolExecutor$Worker.run(ThreadPoolExecutor.java:588)
10-29 15:18:18.032 19096 23638 E LynxMotor: 	at com.qualcomm.robotcore.util.ThreadPool$ThreadFactoryImpl$1.run(ThreadPool.java:764)
10-29 15:18:18.033 19096 23638 E LynxMotor: 	at java.lang.Thread.run(Thread.java:818)
10-29 15:18:18.041 19096   852 V RobotCore: nack rec'd mod=3 msg#=59 ref#=0 reason=BATTERY_TOO_LOW_TO_RUN_MOTOR:52
10-29 15:18:18.042 19096 23638 E LynxMotor: exception thrown during lynx communication
10-29 15:18:18.043 19096 23638 E LynxMotor: com.qualcomm.hardware.lynx.LynxNackException: (DQ143RN2 #3) LynxSetMotorChannelEnableCommand: nack received: BATTERY_TOO_LOW_TO_RUN_MOTOR:52
10-29 15:18:18.043 19096 23638 E LynxMotor: 	at com.qualcomm.hardware.lynx.commands.LynxRespondable.throwIfNack(LynxRespondable.java:324)
10-29 15:18:18.044 19096 23638 E LynxMotor: 	at com.qualcomm.hardware.lynx.commands.LynxRespondable.send(LynxRespondable.java:239)
10-29 15:18:18.044 19096 23638 E LynxMotor: 	at com.qualcomm.hardware.lynx.LynxDcMotorController.internalSetMotorEnable(LynxDcMotorController.java:212)
10-29 15:18:18.044 19096 23638 E LynxMotor: 	at com.qualcomm.hardware.lynx.LynxDcMotorController.internalSetMotorPower(LynxDcMotorController.java:500)
10-29 15:18:18.045 19096 23638 E LynxMotor: 	at com.qualcomm.hardware.lynx.LynxDcMotorController.internalSetMotorPower(LynxDcMotorController.java:458)
10-29 15:18:18.045 19096 23638 E LynxMotor: 	at com.qualcomm.hardware.lynx.LynxDcMotorController.setMotorPower(LynxDcMotorController.java:405)
10-29 15:18:18.045 19096 23638 E LynxMotor: 	at com.qualcomm.robotcore.hardware.DcMotorImpl.internalSetPower(DcMotorImpl.java:204)
10-29 15:18:18.046 19096 23638 E LynxMotor: 	at com.qualcomm.robotcore.hardware.DcMotorImpl.setPower(DcMotorImpl.java:200)
10-29 15:18:18.046 19096 23638 E LynxMotor: 	at org.firstinspires.ftc.teamcode.TechNova2017.MecanumRobot.drive(MecanumRobot.java:512)
10-29 15:18:18.046 19096 23638 E LynxMotor: 	at org.firstinspires.ftc.teamcode.TechNova2017.DriveHelper.drive(DriveHelper.java:105)
10-29 15:18:18.047 19096 23638 E LynxMotor: 	at org.firstinspires.ftc.teamcode.TechNova2017.RelicRecoveryTeleOpsLinear.gamepadLoop(RelicRecoveryTeleOpsLinear.java:59)
10-29 15:18:18.047 19096 23638 E LynxMotor: 	at org.firstinspires.ftc.teamcode.TechNova2017.RelicRecoveryTeleOpsLinear.runOpMode(RelicRecoveryTeleOpsLinear.java:47)
10-29 15:18:18.047 19096 23638 E LynxMotor: 	at com.qualcomm.robotcore.eventloop.opmode.LinearOpMode$LinearOpModeHelper$1.run(LinearOpMode.java:305)
10-29 15:18:18.048 19096 23638 E LynxMotor: 	at com.qualcomm.robotcore.util.ThreadPool.logThreadLifeCycle(ThreadPool.java:709)
10-29 15:18:18.048 19096 23638 E LynxMotor: 	at com.qualcomm.robotcore.eventloop.opmode.LinearOpMode$LinearOpModeHelper.run(LinearOpMode.java:300)
10-29 15:18:18.048 19096 23638 E LynxMotor: 	at java.util.concurrent.ThreadPoolExecutor.runWorker(ThreadPoolExecutor.java:1113)
10-29 15:18:18.049 19096 23638 E LynxMotor: 	at java.util.concurrent.ThreadPoolExecutor$Worker.run(ThreadPoolExecutor.java:588)
10-29 15:18:18.049 19096 23638 E LynxMotor: 	at com.qualcomm.robotcore.util.ThreadPool$ThreadFactoryImpl$1.run(ThreadPool.java:764)
10-29 15:18:18.049 19096 23638 E LynxMotor: 	at java.lang.Thread.run(Thread.java:818)
10-29 15:18:18.062 19096   852 V RobotCore: nack rec'd mod=3 msg#=64 ref#=0 reason=BATTERY_TOO_LOW_TO_RUN_MOTOR:52
10-29 15:18:18.063 19096 23638 E LynxMotor: exception thrown during lynx communication
10-29 15:18:18.063 19096 23638 E LynxMotor: com.qualcomm.hardware.lynx.LynxNackException: (DQ143RN2 #3) LynxSetMotorChannelEnableCommand: nack received: BATTERY_TOO_LOW_TO_RUN_MOTOR:52
10-29 15:18:18.064 19096 23638 E LynxMotor: 	at com.qualcomm.hardware.lynx.commands.LynxRespondable.throwIfNack(LynxRespondable.java:324)
10-29 15:18:18.064 19096 23638 E LynxMotor: 	at com.qualcomm.hardware.lynx.commands.LynxRespondable.send(LynxRespondable.java:239)
10-29 15:18:18.065 19096 23638 E LynxMotor: 	at com.qualcomm.hardware.lynx.LynxDcMotorController.internalSetMotorEnable(LynxDcMotorController.java:212)
10-29 15:18:18.065 19096 23638 E LynxMotor: 	at com.qualcomm.hardware.lynx.LynxDcMotorController.internalSetMotorPower(LynxDcMotorController.java:500)
