10-29 16:03:39.010 32557 32557 E ActivityThread: Service com.qualcomm.ftccommon.FtcRobotControllerService has leaked IntentReceiver org.firstinspires.ftc.robotcore.internal.network.WifiDirectInviteDialogMonitor@5aba5fd that was originally registered here. Are you missing a call to unregisterReceiver()?
10-29 16:03:39.010 32557 32557 E ActivityThread: android.app.IntentReceiverLeaked: Service com.qualcomm.ftccommon.FtcRobotControllerService has leaked IntentReceiver org.firstinspires.ftc.robotcore.internal.network.WifiDirectInviteDialogMonitor@5aba5fd that was originally registered here. Are you missing a call to unregisterReceiver()?
10-29 16:03:39.010 32557 32557 E ActivityThread: 	at android.app.LoadedApk$ReceiverDispatcher.<init>(LoadedApk.java:918)
10-29 16:03:39.010 32557 32557 E ActivityThread: 	at android.app.LoadedApk.getReceiverDispatcher(LoadedApk.java:719)
10-29 16:03:39.010 32557 32557 E ActivityThread: 	at android.app.ContextImpl.registerReceiverInternal(ContextImpl.java:1172)
10-29 16:03:39.010 32557 32557 E ActivityThread: 	at android.app.ContextImpl.registerReceiver(ContextImpl.java:1152)
10-29 16:03:39.010 32557 32557 E ActivityThread: 	at android.app.ContextImpl.registerReceiver(ContextImpl.java:1146)
10-29 16:03:39.010 32557 32557 E ActivityThread: 	at org.firstinspires.ftc.robotcore.internal.network.WifiDirectInviteDialogMonitor.startMonitoring(WifiDirectInviteDialogMonitor.java:129)
10-29 16:03:39.010 32557 32557 E ActivityThread: 	at com.qualcomm.robotcore.wifi.WifiDirectAssistant.enable(WifiDirectAssistant.java:298)
10-29 16:03:39.010 32557 32557 E ActivityThread: 	at com.qualcomm.ftccommon.FtcRobotControllerService.onBind(FtcRobotControllerService.java:354)
10-29 16:03:39.010 32557 32557 E ActivityThread: 	at android.app.ActivityThread.handleBindService(ActivityThread.java:2925)
10-29 16:03:39.010 32557 32557 E ActivityThread: 	at android.app.ActivityThread.-wrap2(ActivityThread.java)
10-29 16:03:39.010 32557 32557 E ActivityThread: 	at android.app.ActivityThread$H.handleMessage(ActivityThread.java:1445)
10-29 16:03:39.010 32557 32557 E ActivityThread: 	at android.os.Handler.dispatchMessage(Handler.java:102)
10-29 16:03:39.010 32557 32557 E ActivityThread: 	at android.os.Looper.loop(Looper.java:148)
10-29 16:03:39.010 32557 32557 E ActivityThread: 	at android.app.ActivityThread.main(ActivityThread.java:5459)
10-29 16:03:39.010 32557 32557 E ActivityThread: 	at java.lang.reflect.Method.invoke(Native Method)
10-29 16:03:39.010 32557 32557 E ActivityThread: 	at com.android.internal.os.ZygoteInit$MethodAndArgsCaller.run(ZygoteInit.java:728)
10-29 16:03:39.010 32557 32557 E ActivityThread: 	at com.android.internal.os.ZygoteInit.main(ZygoteInit.java:618)
10-29 17:00:28.119 19916 19916 E ActivityThread: Activity org.firstinspires.ftc.robotcontroller.internal.FtcRobotControllerActivity has leaked IntentReceiver com.qualcomm.robotcore.util.BatteryChecker$Monitor@3ddee4a that was originally registered here. Are you missing a call to unregisterReceiver()?
10-29 17:00:28.119 19916 19916 E ActivityThread: android.app.IntentReceiverLeaked: Activity org.firstinspires.ftc.robotcontroller.internal.FtcRobotControllerActivity has leaked IntentReceiver com.qualcomm.robotcore.util.BatteryChecker$Monitor@3ddee4a that was originally registered here. Are you missing a call to unregisterReceiver()?
10-29 17:00:28.119 19916 19916 E ActivityThread: 	at android.app.LoadedApk$ReceiverDispatcher.<init>(LoadedApk.java:918)
10-29 17:00:28.119 19916 19916 E ActivityThread: 	at android.app.LoadedApk.getReceiverDispatcher(LoadedApk.java:719)
10-29 17:00:28.119 19916 19916 E ActivityThread: 	at android.app.ContextImpl.registerReceiverInternal(ContextImpl.java:1172)
10-29 17:00:28.119 19916 19916 E ActivityThread: 	at android.app.ContextImpl.registerReceiver(ContextImpl.java:1152)
10-29 17:00:28.119 19916 19916 E ActivityThread: 	at android.app.ContextImpl.registerReceiver(ContextImpl.java:1146)
10-29 17:00:28.119 19916 19916 E ActivityThread: 	at android.content.ContextWrapper.registerReceiver(ContextWrapper.java:554)
10-29 17:00:28.119 19916 19916 E ActivityThread: 	at com.qualcomm.robotcore.util.BatteryChecker.registerReceiver(BatteryChecker.java:166)
10-29 17:00:28.119 19916 19916 E ActivityThread: 	at com.qualcomm.robotcore.util.BatteryChecker.startBatteryMonitoring(BatteryChecker.java:108)
10-29 17:00:28.119 19916 19916 E ActivityThread: 	at com.qualcomm.ftccommon.FtcEventLoopHandler.<init>(FtcEventLoopHandler.java:111)
10-29 17:00:28.119 19916 19916 E ActivityThread: 	at com.qualcomm.ftccommon.FtcEventLoopBase.<init>(FtcEventLoopBase.java:197)
10-29 17:00:28.119 19916 19916 E ActivityThread: 	at com.qualcomm.ftccommon.FtcEventLoop.<init>(FtcEventLoop.java:126)
10-29 17:00:28.119 19916 19916 E ActivityThread: 	at org.firstinspires.ftc.robotcontroller.internal.FtcRobotControllerActivity.requestRobotSetup(FtcRobotControllerActivity.java:577)
10-29 17:00:28.119 19916 19916 E ActivityThread: 	at org.firstinspires.ftc.robotcontroller.internal.FtcRobotControllerActivity.updateUIAndRequestRobotSetup(FtcRobotControllerActivity.java:557)
10-29 17:00:28.119 19916 19916 E ActivityThread: 	at org.firstinspires.ftc.robotcontroller.internal.FtcRobotControllerActivity.onServiceBind(FtcRobotControllerActivity.java:538)
10-29 17:00:28.119 19916 19916 E ActivityThread: 	at org.firstinspires.ftc.robotcontroller.internal.FtcRobotControllerActivity$1.onServiceConnected(FtcRobotControllerActivity.java:169)
10-29 17:00:28.119 19916 19916 E ActivityThread: 	at android.app.LoadedApk$ServiceDispatcher.doConnected(LoadedApk.java:1223)
10-29 17:00:28.119 19916 19916 E ActivityThread: 	at android.app.LoadedApk$ServiceDispatcher$RunConnection.run(LoadedApk.java:1240)
10-29 17:00:28.119 19916 19916 E ActivityThread: 	at android.os.Handler.handleCallback(Handler.java:746)
10-29 17:00:28.119 19916 19916 E ActivityThread: 	at android.os.Handler.dispatchMessage(Handler.java:95)
10-29 17:00:28.119 19916 19916 E ActivityThread: 	at android.os.Looper.loop(Looper.java:148)
10-29 17:00:28.119 19916 19916 E ActivityThread: 	at android.app.ActivityThread.main(ActivityThread.java:5459)
10-29 17:00:28.119 19916 19916 E ActivityThread: 	at java.lang.reflect.Method.invoke(Native Method)
10-29 17:00:28.119 19916 19916 E ActivityThread: 	at com.android.internal.os.ZygoteInit$MethodAndArgsCaller.run(ZygoteInit.java:728)
10-29 17:00:28.119 19916 19916 E ActivityThread: 	at com.android.internal.os.ZygoteInit.main(ZygoteInit.java:618)
10-29 17:00:28.121 19916 19916 E ActivityThread: Activity org.firstinspires.ftc.robotcontroller.internal.FtcRobotControllerActivity has leaked IntentReceiver com.qualcomm.robotcore.util.BatteryChecker$Monitor@b5531bb that was originally registered here. Are you missing a call to unregisterReceiver()?
10-29 17:00:28.121 19916 19916 E ActivityThread: android.app.IntentReceiverLeaked: Activity org.firstinspires.ftc.robotcontroller.internal.FtcRobotControllerActivity has leaked IntentReceiver com.qualcomm.robotcore.util.BatteryChecker$Monitor@b5531bb that was originally registered here. Are you missing a call to unregisterReceiver()?
10-29 17:00:28.121 19916 19916 E ActivityThread: 	at android.app.LoadedApk$ReceiverDispatcher.<init>(LoadedApk.java:918)
10-29 17:00:28.121 19916 19916 E ActivityThread: 	at android.app.LoadedApk.getReceiverDispatcher(LoadedApk.java:719)
10-29 17:00:28.121 19916 19916 E ActivityThread: 	at android.app.ContextImpl.registerReceiverInternal(ContextImpl.java:1172)
10-29 17:00:28.121 19916 19916 E ActivityThread: 	at android.app.ContextImpl.registerReceiver(ContextImpl.java:1152)
10-29 17:00:28.121 19916 19916 E ActivityThread: 	at android.app.ContextImpl.registerReceiver(ContextImpl.java:1146)
10-29 17:00:28.121 19916 19916 E ActivityThread: 	at android.content.ContextWrapper.registerReceiver(ContextWrapper.java:554)
10-29 17:00:28.121 19916 19916 E ActivityThread: 	at com.qualcomm.robotcore.util.BatteryChecker.registerReceiver(BatteryChecker.java:166)
10-29 17:00:28.121 19916 19916 E ActivityThread: 	at com.qualcomm.robotcore.util.BatteryChecker.startBatteryMonitoring(BatteryChecker.java:108)
10-29 17:00:28.121 19916 19916 E ActivityThread: 	at com.qualcomm.ftccommon.FtcEventLoopHandler.<init>(FtcEventLoopHandler.java:111)
10-29 17:00:28.121 19916 19916 E ActivityThread: 	at com.qualcomm.ftccommon.FtcEventLoopBase.<init>(FtcEventLoopBase.java:197)
10-29 17:00:28.121 19916 19916 E ActivityThread: 	at com.qualcomm.ftccommon.FtcEventLoopIdle.<init>(FtcEventLoopIdle.java:33)
10-29 17:00:28.121 19916 19916 E ActivityThread: 	at org.firstinspires.ftc.robotcontroller.internal.FtcRobotControllerActivity.requestRobotSetup(FtcRobotControllerActivity.java:578)
10-29 17:00:28.121 19916 19916 E ActivityThread: 	at org.firstinspires.ftc.robotcontroller.internal.FtcRobotControllerActivity.updateUIAndRequestRobotSetup(FtcRobotControllerActivity.java:557)
10-29 17:00:28.121 19916 19916 E ActivityThread: 	at org.firstinspires.ftc.robotcontroller.internal.FtcRobotControllerActivity.onServiceBind(FtcRobotControllerActivity.java:538)
10-29 17:00:28.121 19916 19916 E ActivityThread: 	at org.firstinspires.ftc.robotcontroller.internal.FtcRobotControllerActivity$1.onServiceConnected(FtcRobotControllerActivity.java:169)
10-29 17:00:28.121 19916 19916 E ActivityThread: 	at android.app.LoadedApk$ServiceDispatcher.doConnected(LoadedApk.java:1223)
10-29 17:00:28.121 19916 19916 E ActivityThread: 	at android.app.LoadedApk$ServiceDispatcher$RunConnection.run(LoadedApk.java:1240)
10-29 17:00:28.121 19916 19916 E ActivityThread: 	at android.os.Handler.handleCallback(Handler.java:746)
10-29 17:00:28.121 19916 19916 E ActivityThread: 	at android.os.Handler.dispatchMessage(Handler.java:95)
10-29 17:00:28.121 19916 19916 E ActivityThread: 	at android.os.Looper.loop(Looper.java:148)
10-29 17:00:28.121 19916 19916 E ActivityThread: 	at android.app.ActivityThread.main(ActivityThread.java:5459)
10-29 17:00:28.121 19916 19916 E ActivityThread: 	at java.lang.reflect.Method.invoke(Native Method)
10-29 17:00:28.121 19916 19916 E ActivityThread: 	at com.android.internal.os.ZygoteInit$MethodAndArgsCaller.run(ZygoteInit.java:728)
10-29 17:00:28.121 19916 19916 E ActivityThread: 	at com.android.internal.os.ZygoteInit.main(ZygoteInit.java:618)
10-29 17:00:28.134 19916 19916 E ActivityThread: Service com.qualcomm.ftccommon.FtcRobotControllerService has leaked IntentReceiver org.firstinspires.ftc.robotcore.internal.network.WifiDirectInviteDialogMonitor@4646254 that was originally registered here. Are you missing a call to unregisterReceiver()?
10-29 17:00:28.134 19916 19916 E ActivityThread: android.app.IntentReceiverLeaked: Service com.qualcomm.ftccommon.FtcRobotControllerService has leaked IntentReceiver org.firstinspires.ftc.robotcore.internal.network.WifiDirectInviteDialogMonitor@4646254 that was originally registered here. Are you missing a call to unregisterReceiver()?
10-29 17:00:28.134 19916 19916 E ActivityThread: 	at android.app.LoadedApk$ReceiverDispatcher.<init>(LoadedApk.java:918)
10-29 17:00:28.134 19916 19916 E ActivityThread: 	at android.app.LoadedApk.getReceiverDispatcher(LoadedApk.java:719)
10-29 17:00:28.134 19916 19916 E ActivityThread: 	at android.app.ContextImpl.registerReceiverInternal(ContextImpl.java:1172)
10-29 17:00:28.134 19916 19916 E ActivityThread: 	at android.app.ContextImpl.registerReceiver(ContextImpl.java:1152)
10-29 17:00:28.134 19916 19916 E ActivityThread: 	at android.app.ContextImpl.registerReceiver(ContextImpl.java:1146)
10-29 17:00:28.134 19916 19916 E ActivityThread: 	at org.firstinspires.ftc.robotcore.internal.network.WifiDirectInviteDialogMonitor.startMonitoring(WifiDirectInviteDialogMonitor.java:129)
10-29 17:00:28.134 19916 19916 E ActivityThread: 	at com.qualcomm.robotcore.wifi.WifiDirectAssistant.enable(WifiDirectAssistant.java:298)
10-29 17:00:28.134 19916 19916 E ActivityThread: 	at com.qualcomm.ftccommon.FtcRobotControllerService.onBind(FtcRobotControllerService.java:354)
10-29 17:00:28.134 19916 19916 E ActivityThread: 	at android.app.ActivityThread.handleBindService(ActivityThread.java:2925)
10-29 17:00:28.134 19916 19916 E ActivityThread: 	at android.app.ActivityThread.-wrap2(ActivityThread.java)
10-29 17:00:28.134 19916 19916 E ActivityThread: 	at android.app.ActivityThread$H.handleMessage(ActivityThread.java:1445)
10-29 17:00:28.134 19916 19916 E ActivityThread: 	at android.os.Handler.dispatchMessage(Handler.java:102)
10-29 17:00:28.134 19916 19916 E ActivityThread: 	at android.os.Looper.loop(Looper.java:148)
10-29 17:00:28.134 19916 19916 E ActivityThread: 	at android.app.ActivityThread.main(ActivityThread.java:5459)
10-29 17:00:28.134 19916 19916 E ActivityThread: 	at java.lang.reflect.Method.invoke(Native Method)
10-29 17:00:28.134 19916 19916 E ActivityThread: 	at com.android.internal.os.ZygoteInit$MethodAndArgsCaller.run(ZygoteInit.java:728)
10-29 17:00:28.134 19916 19916 E ActivityThread: 	at com.android.internal.os.ZygoteInit.main(ZygoteInit.java:618)
10-29 17:00:28.135 19916 19916 E ActivityThread: Service com.qualcomm.ftccommon.FtcRobotControllerService has leaked IntentReceiver com.qualcomm.robotcore.wifi.WifiDirectAssistant$WifiP2pBroadcastReceiver@5098da7 that was originally registered here. Are you missing a call to unregisterReceiver()?
10-29 17:00:28.135 19916 19916 E ActivityThread: android.app.IntentReceiverLeaked: Service com.qualcomm.ftccommon.FtcRobotControllerService has leaked IntentReceiver com.qualcomm.robotcore.wifi.WifiDirectAssistant$WifiP2pBroadcastReceiver@5098da7 that was originally registered here. Are you missing a call to unregisterReceiver()?
10-29 17:00:28.135 19916 19916 E ActivityThread: 	at android.app.LoadedApk$ReceiverDispatcher.<init>(LoadedApk.java:918)
10-29 17:00:28.135 19916 19916 E ActivityThread: 	at android.app.LoadedApk.getReceiverDispatcher(LoadedApk.java:719)
10-29 17:00:28.135 19916 19916 E ActivityThread: 	at android.app.ContextImpl.registerReceiverInternal(ContextImpl.java:1172)
10-29 17:00:28.135 19916 19916 E ActivityThread: 	at android.app.ContextImpl.registerReceiver(ContextImpl.java:1152)
10-29 17:00:28.135 19916 19916 E ActivityThread: 	at android.app.ContextImpl.registerReceiver(ContextImpl.java:1146)
10-29 17:00:28.135 19916 19916 E ActivityThread: 	at com.qualcomm.robotcore.wifi.WifiDirectAssistant.enable(WifiDirectAssistant.java:297)
10-29 17:00:28.135 19916 19916 E ActivityThread: 	at com.qualcomm.ftccommon.FtcRobotControllerService.onBind(FtcRobotControllerService.java:354)
10-29 17:00:28.135 19916 19916 E ActivityThread: 	at android.app.ActivityThread.handleBindService(ActivityThread.java:2925)
10-29 17:00:28.135 19916 19916 E ActivityThread: 	at android.app.ActivityThread.-wrap2(ActivityThread.java)
10-29 17:00:28.135 19916 19916 E ActivityThread: 	at android.app.ActivityThread$H.handleMessage(ActivityThread.java:1445)
10-29 17:00:28.135 19916 19916 E ActivityThread: 	at android.os.Handler.dispatchMessage(Handler.java:102)
10-29 17:00:28.135 19916 19916 E ActivityThread: 	at android.os.Looper.loop(Looper.java:148)
10-29 17:00:28.135 19916 19916 E ActivityThread: 	at android.app.ActivityThread.main(ActivityThread.java:5459)
10-29 17:00:28.135 19916 19916 E ActivityThread: 	at java.lang.reflect.Method.invoke(Native Method)
10-29 17:00:28.135 19916 19916 E ActivityThread: 	at com.android.internal.os.ZygoteInit$MethodAndArgsCaller.run(ZygoteInit.java:728)
10-29 17:00:28.135 19916 19916 E ActivityThread: 	at com.android.internal.os.ZygoteInit.main(ZygoteInit.java:618)
10-29 17:06:58.970 26497 26497 E ActivityThread: Activity org.firstinspires.ftc.robotcontroller.internal.FtcRobotControllerActivity has leaked IntentReceiver com.qualcomm.robotcore.util.BatteryChecker$Monitor@a0f56d8 that was originally registered here. Are you missing a call to unregisterReceiver()?
10-29 17:06:58.970 26497 26497 E ActivityThread: android.app.IntentReceiverLeaked: Activity org.firstinspires.ftc.robotcontroller.internal.FtcRobotControllerActivity has leaked IntentReceiver com.qualcomm.robotcore.util.BatteryChecker$Monitor@a0f56d8 that was originally registered here. Are you missing a call to unregisterReceiver()?
10-29 17:06:58.970 26497 26497 E ActivityThread: 	at android.app.LoadedApk$ReceiverDispatcher.<init>(LoadedApk.java:918)
10-29 17:06:58.970 26497 26497 E ActivityThread: 	at android.app.LoadedApk.getReceiverDispatcher(LoadedApk.java:719)
10-29 17:06:58.970 26497 26497 E ActivityThread: 	at android.app.ContextImpl.registerReceiverInternal(ContextImpl.java:1172)
10-29 17:06:58.970 26497 26497 E ActivityThread: 	at android.app.ContextImpl.registerReceiver(ContextImpl.java:1152)
10-29 17:06:58.970 26497 26497 E ActivityThread: 	at android.app.ContextImpl.registerReceiver(ContextImpl.java:1146)
10-29 17:06:58.970 26497 26497 E ActivityThread: 	at android.content.ContextWrapper.registerReceiver(ContextWrapper.java:554)
10-29 17:06:58.970 26497 26497 E ActivityThread: 	at com.qualcomm.robotcore.util.BatteryChecker.registerReceiver(BatteryChecker.java:166)
10-29 17:06:58.970 26497 26497 E ActivityThread: 	at com.qualcomm.robotcore.util.BatteryChecker.startBatteryMonitoring(BatteryChecker.java:108)
10-29 17:06:58.970 26497 26497 E ActivityThread: 	at com.qualcomm.ftccommon.FtcEventLoopHandler.<init>(FtcEventLoopHandler.java:111)
10-29 17:06:58.970 26497 26497 E ActivityThread: 	at com.qualcomm.ftccommon.FtcEventLoopBase.<init>(FtcEventLoopBase.java:197)
10-29 17:06:58.970 26497 26497 E ActivityThread: 	at com.qualcomm.ftccommon.FtcEventLoopIdle.<init>(FtcEventLoopIdle.java:33)
10-29 17:06:58.970 26497 26497 E ActivityThread: 	at org.firstinspires.ftc.robotcontroller.internal.FtcRobotControllerActivity.requestRobotSetup(FtcRobotControllerActivity.java:578)
10-29 17:06:58.970 26497 26497 E ActivityThread: 	at org.firstinspires.ftc.robotcontroller.internal.FtcRobotControllerActivity.updateUIAndRequestRobotSetup(FtcRobotControllerActivity.java:557)
10-29 17:06:58.970 26497 26497 E ActivityThread: 	at org.firstinspires.ftc.robotcontroller.internal.FtcRobotControllerActivity.onServiceBind(FtcRobotControllerActivity.java:538)
10-29 17:06:58.970 26497 26497 E ActivityThread: 	at org.firstinspires.ftc.robotcontroller.internal.FtcRobotControllerActivity$1.onServiceConnected(FtcRobotControllerActivity.java:169)
10-29 17:06:58.970 26497 26497 E ActivityThread: 	at android.app.LoadedApk$ServiceDispatcher.doConnected(LoadedApk.java:1223)
10-29 17:06:58.970 26497 26497 E ActivityThread: 	at android.app.LoadedApk$ServiceDispatcher$RunConnection.run(LoadedApk.java:1240)
10-29 17:06:58.970 26497 26497 E ActivityThread: 	at android.os.Handler.handleCallback(Handler.java:746)
10-29 17:06:58.970 26497 26497 E ActivityThread: 	at android.os.Handler.dispatchMessage(Handler.java:95)
10-29 17:06:58.970 26497 26497 E ActivityThread: 	at android.os.Looper.loop(Looper.java:148)
10-29 17:06:58.970 26497 26497 E ActivityThread: 	at android.app.ActivityThread.main(ActivityThread.java:5459)
10-29 17:06:58.970 26497 26497 E ActivityThread: 	at java.lang.reflect.Method.invoke(Native Method)
10-29 17:06:58.970 26497 26497 E ActivityThread: 	at com.android.internal.os.ZygoteInit$MethodAndArgsCaller.run(ZygoteInit.java:728)
10-29 17:06:58.970 26497 26497 E ActivityThread: 	at com.android.internal.os.ZygoteInit.main(ZygoteInit.java:618)
10-29 17:06:58.973 26497 26497 E ActivityThread: Activity org.firstinspires.ftc.robotcontroller.internal.FtcRobotControllerActivity has leaked IntentReceiver com.qualcomm.robotcore.util.BatteryChecker$Monitor@b5531bb that was originally registered here. Are you missing a call to unregisterReceiver()?
10-29 17:06:58.973 26497 26497 E ActivityThread: android.app.IntentReceiverLeaked: Activity org.firstinspires.ftc.robotcontroller.internal.FtcRobotControllerActivity has leaked IntentReceiver com.qualcomm.robotcore.util.BatteryChecker$Monitor@b5531bb that was originally registered here. Are you missing a call to unregisterReceiver()?
10-29 17:06:58.973 26497 26497 E ActivityThread: 	at android.app.LoadedApk$ReceiverDispatcher.<init>(LoadedApk.java:918)
10-29 17:06:58.973 26497 26497 E ActivityThread: 	at android.app.LoadedApk.getReceiverDispatcher(LoadedApk.java:719)
10-29 17:06:58.973 26497 26497 E ActivityThread: 	at android.app.ContextImpl.registerReceiverInternal(ContextImpl.java:1172)
10-29 17:06:58.973 26497 26497 E ActivityThread: 	at android.app.ContextImpl.registerReceiver(ContextImpl.java:1152)
10-29 17:06:58.973 26497 26497 E ActivityThread: 	at android.app.ContextImpl.registerReceiver(ContextImpl.java:1146)
10-29 17:06:58.973 26497 26497 E ActivityThread: 	at android.content.ContextWrapper.registerReceiver(ContextWrapper.java:554)
10-29 17:06:58.973 26497 26497 E ActivityThread: 	at com.qualcomm.robotcore.util.BatteryChecker.registerReceiver(BatteryChecker.java:166)
10-29 17:06:58.973 26497 26497 E ActivityThread: 	at com.qualcomm.robotcore.util.BatteryChecker.startBatteryMonitoring(BatteryChecker.java:108)
10-29 17:06:58.973 26497 26497 E ActivityThread: 	at com.qualcomm.ftccommon.FtcEventLoopHandler.<init>(FtcEventLoopHandler.java:111)
10-29 17:06:58.973 26497 26497 E ActivityThread: 	at com.qualcomm.ftccommon.FtcEventLoopBase.<init>(FtcEventLoopBase.java:197)
10-29 17:06:58.973 26497 26497 E ActivityThread: 	at com.qualcomm.ftccommon.FtcEventLoop.<init>(FtcEventLoop.java:126)
10-29 17:06:58.973 26497 26497 E ActivityThread: 	at org.firstinspires.ftc.robotcontroller.internal.FtcRobotControllerActivity.requestRobotSetup(FtcRobotControllerActivity.java:577)
10-29 17:06:58.973 26497 26497 E ActivityThread: 	at org.firstinspires.ftc.robotcontroller.internal.FtcRobotControllerActivity.updateUIAndRequestRobotSetup(FtcRobotControllerActivity.java:557)
10-29 17:06:58.973 26497 26497 E ActivityThread: 	at org.firstinspires.ftc.robotcontroller.internal.FtcRobotControllerActivity.onServiceBind(FtcRobotControllerActivity.java:538)
10-29 17:06:58.973 26497 26497 E ActivityThread: 	at org.firstinspires.ftc.robotcontroller.internal.FtcRobotControllerActivity$1.onServiceConnected(FtcRobotControllerActivity.java:169)
10-29 17:06:58.973 26497 26497 E ActivityThread: 	at android.app.LoadedApk$ServiceDispatcher.doConnected(LoadedApk.java:1223)
10-29 17:06:58.973 26497 26497 E ActivityThread: 	at android.app.LoadedApk$ServiceDispatcher$RunConnection.run(LoadedApk.java:1240)
10-29 17:06:58.973 26497 26497 E ActivityThread: 	at android.os.Handler.handleCallback(Handler.java:746)
10-29 17:06:58.973 26497 26497 E ActivityThread: 	at android.os.Handler.dispatchMessage(Handler.java:95)
10-29 17:06:58.973 26497 26497 E ActivityThread: 	at android.os.Looper.loop(Looper.java:148)
10-29 17:06:58.973 26497 26497 E ActivityThread: 	at android.app.ActivityThread.main(ActivityThread.java:5459)
10-29 17:06:58.973 26497 26497 E ActivityThread: 	at java.lang.reflect.Method.invoke(Native Method)
10-29 17:06:58.973 26497 26497 E ActivityThread: 	at com.android.internal.os.ZygoteInit$MethodAndArgsCaller.run(ZygoteInit.java:728)
10-29 17:06:58.973 26497 26497 E ActivityThread: 	at com.android.internal.os.ZygoteInit.main(ZygoteInit.java:618)
--------- beginning of main
10-29 17:18:26.659 31040 31040 I chatty  : uid=10124 expire 11 lines
10-29 17:19:04.553 31040 31480 I chatty  : uid=10124 expire 13 lines
10-29 17:21:01.699 31040 31040 I chatty  : uid=10124 expire 12 lines
10-29 17:21:12.957 31040 31480 I chatty  : uid=10124 expire 24 lines
10-29 17:21:13.513 31040  6760 I chatty  : uid=10124 expire 59 lines
10-29 17:21:35.527 31040  6760 I chatty  : uid=10124 expire 72 lines
10-29 17:21:44.354 31040 31050 I chatty  : uid=10124 expire 14 lines
10-29 17:21:50.634 31040 31480 I chatty  : uid=10124 expire 38 lines
10-29 17:21:51.344 31040 31303 I chatty  : uid=10124 expire 10 lines
10-29 17:21:52.996 31040  7399 I chatty  : uid=10124 expire 3 lines
10-29 17:22:36.789 31040 31480 I chatty  : uid=10124 expire 38 lines
10-29 17:22:36.824 31040 31320 I chatty  : uid=10124 expire 10 lines
10-29 17:22:42.383 31040 31302 I chatty  : uid=10124 expire 13 lines
10-29 17:22:50.599 31040  8170 I chatty  : uid=10124 expire 22 lines
10-29 17:23:09.700 31040 31480 I chatty  : uid=10124 expire 72 lines
10-29 17:23:09.702 31040  8170 I chatty  : uid=10124 expire 3 lines
10-29 17:23:10.265 31040 31320 I chatty  : uid=10124 expire 12 lines
10-29 17:23:11.916 31040  8542 I chatty  : uid=10124 Binder_1 expire 3 lines
10-29 17:23:16.461 31040 31303 I chatty  : uid=10124 expire 11 lines
10-29 17:23:24.652 31040  8716 I chatty  : uid=10124 expire 86 lines
10-29 17:23:47.386 31040  8716 I chatty  : uid=10124 expire 54 lines
10-29 17:23:58.091 31040 31480 I chatty  : uid=10124 expire 38 lines
10-29 17:24:00.015 31040  9317 I chatty  : uid=10124 expire 4 lines
10-29 17:24:02.064 31040 31040 I chatty  : uid=10124 expire 12 lines
10-29 17:25:14.876 31040 31040 I chatty  : uid=10124 expire 12 lines
10-29 17:27:02.732 31040 31480 I chatty  : uid=10124 expire 38 lines
10-29 17:27:17.906 31040 31040 I chatty  : uid=10124 expire 10 lines
10-29 17:30:02.929 31040 31040 I chatty  : uid=10124 expire 11 lines
10-29 17:30:33.823 31040 31302 I chatty  : uid=10124 expire 10 lines
10-29 17:30:33.864 31040 31320 I chatty  : uid=10124 expire 11 lines
10-29 17:30:37.859 31040 14794 I chatty  : uid=10124 expire 99 lines
10-29 17:30:48.143 31040 31303 I chatty  : uid=10124 expire 19 lines
10-29 17:30:58.365 31040 31050 I chatty  : uid=10124 expire 9 lines
10-29 17:31:01.169 31040 14794 I chatty  : uid=10124 expire 51 lines
10-29 17:31:11.096 31040 31480 I chatty  : uid=10124 expire 43 lines
10-29 17:31:13.253 31040 15368 I chatty  : uid=10124 expire 3 lines
10-29 17:31:42.020 31040 31040 I chatty  : uid=10124 expire 18 lines
10-29 17:32:21.516 31040 31480 I chatty  : uid=10124 expire 32 lines
10-29 17:32:22.214 31040 16346 I chatty  : uid=10124 expire 31 lines
10-29 17:32:22.225 31040 31320 I chatty  : uid=10124 expire 14 lines
10-29 17:32:39.104 31040 31302 I chatty  : uid=10124 expire 12 lines
10-29 17:32:42.420 31040 16346 I chatty  : uid=10124 expire 107 lines
10-29 17:33:00.732 31040 16346 I chatty  : uid=10124 expire 5 lines
10-29 17:33:02.116 31040 31480 I chatty  : uid=10124 expire 74 lines
10-29 17:33:04.069 31040 17032 I chatty  : uid=10124 expire 3 lines
10-29 17:33:45.548 31040 17621 I chatty  : uid=10124 expire 4 lines
10-29 17:34:42.488 31040 31040 I chatty  : uid=10124 expire 12 lines
10-29 17:36:01.528 31040 31480 I chatty  : uid=10124 expire 38 lines
10-29 17:36:42.730 31040 31040 I chatty  : uid=10124 expire 12 lines
10-29 17:37:51.445 31040 21093 I chatty  : uid=10124 expire 103 lines
10-29 17:37:56.662 31040 31303 I chatty  : uid=10124 expire 12 lines
10-29 17:37:56.706 31040 31320 I chatty  : uid=10124 expire 11 lines
10-29 17:38:06.943 31040 31302 I chatty  : uid=10124 expire 8 lines
10-29 17:38:06.961 31040 31480 I chatty  : uid=10124 expire 41 lines
10-29 17:38:07.174 31040 31046 I chatty  : uid=10124 expire 2 lines
10-29 17:38:09.309 31040 21437 I chatty  : uid=10124 expire 3 lines
10-29 17:38:54.472 31040 31480 I chatty  : uid=10124 expire 33 lines
10-29 17:38:55.172 31040 22067 I chatty  : uid=10124 expire 20 lines
10-29 17:39:14.881 31040 31485 I chatty  : uid=10124 expire 405 lines
10-29 17:39:14.998 31040 22067 I chatty  : uid=10124 expire 10 lines
10-29 17:39:15.202 31040 31480 I chatty  : uid=10124 expire 3 lines
10-29 17:39:15.385 31040 31320 I chatty  : uid=10124 expire 3 lines
10-29 17:39:17.444 22495 22495 I chatty  : uid=10124 expire 107 lines
10-29 17:39:17.563 22495 22508 I chatty  : uid=10124 expire 2 lines
10-29 17:39:17.610 22510 22510 I chatty  : uid=10124 ps expire 20 lines
10-29 17:39:17.611 22495 22514 I chatty  : uid=10124 expire 14 lines
10-29 17:39:19.948 22495 22588 I chatty  : uid=10124 expire 2 lines
10-29 17:39:20.228 22495 22592 I chatty  : uid=10124 expire 166 lines
10-29 17:39:25.234 22495 22667 I chatty  : uid=10124 expire 7 lines
10-29 17:39:25.271 22495 22672 I chatty  : uid=10124 expire 20 lines
10-29 17:39:25.324 22495 22675 I chatty  : uid=10124 expire 1 line
10-29 17:39:25.704 22495 22684 I chatty  : uid=10124 expire 2 lines
10-29 17:39:25.724 22495 22685 I chatty  : uid=10124 expire 1 line
10-29 17:39:25.760 22495 22686 I chatty  : uid=10124 expire 3 lines
10-29 17:39:26.122 22495 22499 I chatty  : uid=10124 expire 7 lines
10-29 17:39:26.317 22495 22695 I chatty  : uid=10124 expire 20 lines
10-29 17:39:26.358 22495 22699 I chatty  : uid=10124 expire 4 lines
10-29 17:39:26.403 22495 22697 I chatty  : uid=10124 expire 14 lines
10-29 17:39:26.408 22495 22703 I chatty  : uid=10124 expire 9 lines
10-29 17:39:26.485 22495 22671 I chatty  : uid=10124 expire 10 lines
10-29 17:39:26.490 22495 22707 I chatty  : uid=10124 expire 37 lines
10-29 17:39:26.524 22495 22711 I chatty  : uid=10124 expire 9 lines
10-29 17:39:32.875 22495 22802 I chatty  : uid=10124 expire 46 lines
10-29 17:39:42.538 22495 22672 I chatty  : uid=10124 expire 10 lines
10-29 17:39:43.301 22495 22495 I chatty  : uid=10124 expire 10 lines
10-29 17:39:44.746 22495 22802 I chatty  : uid=10124 expire 134 lines
10-29 17:39:48.309 22495 22505 I chatty  : uid=10124 expire 14 lines
10-29 17:39:55.242 22495 22668 I chatty  : uid=10124 expire 1 line
10-29 17:39:56.487 22495 22592 I chatty  : uid=10124 expire 1 line
10-29 17:39:59.721 22495 22802 I chatty  : uid=10124 expire 83 lines
10-29 17:40:10.061 22495 22707 I chatty  : uid=10124 expire 72 lines
10-29 17:40:10.317 22495 22695 I chatty  : uid=10124 expire 10 lines
10-29 17:40:12.044 22495 23427 I chatty  : uid=10124 expire 3 lines
10-29 17:40:16.357 22495 23488 I chatty  : uid=10124 expire 10 lines
10-29 17:42:25.222 22495 22495 I chatty  : uid=10124 expire 10 lines
10-29 17:44:36.660 22495 22671 I chatty  : uid=10124 expire 18 lines
10-29 17:44:36.671 22495 22707 I chatty  : uid=10124 expire 37 lines
10-29 17:44:54.970 22495 22495 I chatty  : uid=10124 expire 16 lines
10-29 17:44:59.077 22495 22695 I chatty  : uid=10124 expire 17 lines
10-29 17:45:12.827 22495 22672 I chatty  : uid=10124 expire 14 lines
10-29 17:45:13.539 22495 27606 I chatty  : uid=10124 expire 49 lines
10-29 17:45:29.984 22495 27606 I chatty  : uid=10124 expire 103 lines
10-29 17:45:32.335 22495 22707 I chatty  : uid=10124 expire 25 lines
10-29 17:45:46.143 22495 27606 I chatty  : uid=10124 expire 1 line
10-29 17:45:48.317 22495 22707 I chatty  : uid=10124 expire 51 lines
10-29 17:45:48.529 22495 28164 I chatty  : uid=10124 expire 3 lines
10-29 17:45:53.401 22495 28233 I chatty  : uid=10124 expire 4 lines
10-29 17:48:35.274 22495 22707 I chatty  : uid=10124 expire 13 lines
10-29 17:48:55.513 22495 22495 I chatty  : uid=10124 expire 8 lines
10-29 17:50:55.858 22495 22707 I chatty  : uid=10124 expire 24 lines
10-29 17:50:56.288 22495 32485 I chatty  : uid=10124 expire 22 lines
10-29 17:50:56.317 22495 22695 I chatty  : uid=10124 expire 2 lines
10-29 17:51:01.220 22495 22672 I chatty  : uid=10124 expire 1 line
10-29 17:51:01.222 22495 22671 I chatty  : uid=10124 expire 1 line
10-29 17:51:01.440 22495 32485 I chatty  : uid=10124 expire 92 lines
10-29 17:51:15.161 22495 22505 I chatty  : uid=10124 expire 1 line
10-29 17:51:15.308 22495 32485 I chatty  : uid=10124 expire 36 lines
10-29 17:51:24.300 22495 22707 I chatty  : uid=10124 expire 32 lines
10-29 17:51:24.517 22495 22695 I chatty  : uid=10124 expire 2 lines
10-29 17:51:24.544 22495 22672 I chatty  : uid=10124 expire 1 line
10-29 17:51:24.546 22495 22671 I chatty  : uid=10124 expire 1 line
10-29 17:51:25.258 22495 22495 I chatty  : uid=10124 expire 2 lines
10-29 17:51:26.233 22495 22707 I chatty  : uid=10124 expire 6 lines
10-29 17:51:26.262 22495   599 I chatty  : uid=10124 expire 1 line
10-29 17:51:26.277 22495 22695 I chatty  : uid=10124 expire 1 line
10-29 17:51:28.220 22495 22672 I chatty  : uid=10124 expire 1 line
10-29 17:51:28.222 22495 22671 I chatty  : uid=10124 expire 1 line
10-29 17:51:28.237 22495 22695 I chatty  : uid=10124 expire 1 line
10-29 17:51:31.500 22495 22499 I chatty  : uid=10124 expire 1 line
10-29 17:51:31.507 22495 22505 I chatty  : uid=10124 expire 1 line
10-29 17:51:34.425 22495   599 I chatty  : uid=10124 expire 1 line
10-29 17:51:46.389 22495 22505 I chatty  : uid=10124 expire 1 line
10-29 17:51:56.090 22495 22495 I chatty  : uid=10124 expire 2 lines
10-29 17:52:01.235 22495 22505 I chatty  : uid=10124 expire 3 lines
10-29 17:52:56.162 22495 22495 I chatty  : uid=10124 expire 2 lines
10-29 17:53:33.284 22495 22499 I chatty  : uid=10124 expire 2 lines
10-29 17:53:51.288 22495 22495 I chatty  : uid=10124 expire 4 lines
10-29 17:54:31.416 22495 22499 I chatty  : uid=10124 expire 1 line
10-29 17:54:34.496 22495   599 I chatty  : uid=10124 expire 1 line
10-29 17:54:51.371 22495 22495 I chatty  : uid=10124 expire 6 lines
10-29 17:55:52.622 22495 22499 I chatty  : uid=10124 expire 2 lines
10-29 17:56:51.671 22495 22495 I chatty  : uid=10124 expire 6 lines
10-29 17:57:37.491 22495   599 I chatty  : uid=10124 expire 1 line
10-29 17:57:48.503 22495 22499 I chatty  : uid=10124 expire 2 lines
10-29 17:57:51.832 22495 22495 I chatty  : uid=10124 expire 10 lines
10-29 17:58:58.170 22495 22499 I chatty  : uid=10124 expire 1 line
10-29 18:00:05.774  8442  8442 I chatty  : uid=10124 expire 7 lines
10-29 18:00:05.927  8442  8455 I chatty  : uid=10124 expire 2 lines
10-29 18:00:05.974  8442  8442 I chatty  : uid=10124 expire 3 lines
10-29 18:00:05.992  8442  8466 I chatty  : uid=10124 expire 6 lines
10-29 18:00:05.990  8459  8459 I chatty  : uid=10124 ps expire 7 lines
10-29 18:00:05.990  8459  8459 W ps      : type=1400 audit(0.0:47733): avc: denied { search } for uid=10124 name="3" dev="proc" ino=970348 scontext=u:r:untrusted_app:s0:c512,c768 tcontext=u:r:kernel:s0 tclass=dir permissive=0
10-29 18:00:05.990  8459  8459 W ps      : type=1400 audit(0.0:47734): avc: denied { search } for uid=10124 name="3" dev="proc" ino=970348 scontext=u:r:untrusted_app:s0:c512,c768 tcontext=u:r:kernel:s0 tclass=dir permissive=0
10-29 18:00:05.990  8459  8459 W ps      : type=1400 audit(0.0:47735): avc: denied { getattr } for uid=10124 path="/proc/5" dev="proc" ino=970349 scontext=u:r:untrusted_app:s0:c512,c768 tcontext=u:r:kernel:s0 tclass=dir permissive=0
10-29 18:00:05.990  8459  8459 W ps      : type=1400 audit(0.0:47736): avc: denied { search } for uid=10124 name="5" dev="proc" ino=970349 scontext=u:r:untrusted_app:s0:c512,c768 tcontext=u:r:kernel:s0 tclass=dir permissive=0
10-29 18:00:05.990  8459  8459 W ps      : type=1400 audit(0.0:47737): avc: denied { search } for uid=10124 name="5" dev="proc" ino=970349 scontext=u:r:untrusted_app:s0:c512,c768 tcontext=u:r:kernel:s0 tclass=dir permissive=0
10-29 18:00:05.990  8459  8459 W ps      : type=1400 audit(0.0:47738): avc: denied { getattr } for uid=10124 path="/proc/6" dev="proc" ino=970350 scontext=u:r:untrusted_app:s0:c512,c768 tcontext=u:r:kernel:s0 tclass=dir permissive=0
10-29 18:00:05.990  8459  8459 W ps      : type=1400 audit(0.0:47739): avc: denied { search } for uid=10124 name="6" dev="proc" ino=970350 scontext=u:r:untrusted_app:s0:c512,c768 tcontext=u:r:kernel:s0 tclass=dir permissive=0
10-29 18:00:05.990  8459  8459 W ps      : type=1400 audit(0.0:47740): avc: denied { search } for uid=10124 name="6" dev="proc" ino=970350 scontext=u:r:untrusted_app:s0:c512,c768 tcontext=u:r:kernel:s0 tclass=dir permissive=0
10-29 18:00:05.990  8459  8459 W ps      : type=1400 audit(0.0:47741): avc: denied { getattr } for uid=10124 path="/proc/7" dev="proc" ino=970351 scontext=u:r:untrusted_app:s0:c512,c768 tcontext=u:r:kernel:s0 tclass=dir permissive=0
10-29 18:00:05.993  8459  8459 W ps      : type=1400 audit(0.0:47742): avc: denied { search } for uid=10124 name="7" dev="proc" ino=970351 scontext=u:r:untrusted_app:s0:c512,c768 tcontext=u:r:kernel:s0 tclass=dir permissive=0
10-29 18:00:05.993  8459  8459 W ps      : type=1400 audit(0.0:47743): avc: denied { search } for uid=10124 name="7" dev="proc" ino=970351 scontext=u:r:untrusted_app:s0:c512,c768 tcontext=u:r:kernel:s0 tclass=dir permissive=0
10-29 18:00:05.993  8459  8459 W ps      : type=1400 audit(0.0:47744): avc: denied { getattr } for uid=10124 path="/proc/8" dev="proc" ino=970352 scontext=u:r:untrusted_app:s0:c512,c768 tcontext=u:r:kernel:s0 tclass=dir permissive=0
10-29 18:00:05.993  8459  8459 W ps      : type=1400 audit(0.0:47745): avc: denied { search } for uid=10124 name="8" dev="proc" ino=970352 scontext=u:r:untrusted_app:s0:c512,c768 tcontext=u:r:kernel:s0 tclass=dir permissive=0
10-29 18:00:06.007  8442  8442 V NetDiscover_wifiDirectAgent: ...doStart()
10-29 18:00:06.007  8442  8466 V NetDiscover_wifiDirectAgent: found persistent group: DIRECT-MA-12611-RC
10-29 18:00:06.009  8442  8466 V NetDiscover_wifiDirectAgent_bcast: this device changed: Device=12611-RC deviceAddress=80:58:f8:59:b8:0f primary type=10-0050F204-5 secondary type=null wps=0 grpcapab=0 devcapab=0 status=0 wfdInfo=WFD enabled=falseWFD DeviceInfo=0 WFD CtrlPort=0 WFD MaxThroughput=0 level=0
10-29 18:00:06.009  8442  8466 V NetDiscover_wifiDirectAgent_bcast: p2p discoverPeers()=false
10-29 18:00:06.010  8442  8466 V NetDiscover_wifiDirectAgent_bcast: wifi direct remembered groups cleared
10-29 18:00:06.011  8442  8442 V NetDiscover_name: doStart()...
10-29 18:00:06.011  8442  8442 V NetDiscover_name: ...doStart()
10-29 18:00:06.012  8442  8442 V NetDiscover_prefremrc: ----- all preferences -----
10-29 18:00:06.012  8442  8442 V NetDiscover_prefremrc: name='pref_wifip2p_groupowner_connectedto' value=
10-29 18:00:06.012  8442  8442 V NetDiscover_prefremrc: name='last_upload_date' value=1506299818779
10-29 18:00:06.012  8442  8442 V NetDiscover_prefremrc: name='pref_has_independent_phone_battery' value=true
10-29 18:00:06.012  8442  8442 V NetDiscover_prefremrc: name='max_usb_devices' value=0
10-29 18:00:06.012  8442  8442 V NetDiscover_prefremrc: name='pref_app_theme' value=teal
10-29 18:00:06.012  8442  8442 V NetDiscover_prefremrc: name='pref_wifip2p_remote_channel_change_works' value=true
10-29 18:00:06.013  8442  8442 V NetDiscover_prefremrc: name='pref_device_name' value=12611-RC
10-29 18:00:06.013  8442  8442 V NetDiscover_prefremrc: name='pref_hardware_config_filename' value={"isDirty":false,"location":"LOCAL_STORAGE","name":"Relic Recovery Auto","resourceId":0}
10-29 18:00:06.013  8442  8442 V NetDiscover_prefremrc: name='pref_device_name_old' value=12611-RC
10-29 18:00:06.013  8442  8442 V NetDiscover_prefremrc: name='pref_network_connection_type' value=WIFIDIRECT
10-29 18:00:06.013  8442  8442 V NetDiscover_prefremrc: name='pref_device_name_tracking' value=WIFIDIRECT
10-29 18:00:06.013  8442  8442 V NetDiscover_prefremrc: name='pref_sound_on_off' value=false
10-29 18:00:06.013  8442  8442 V NetDiscover_prefremrc: name='pref_rc_connected' value=true
10-29 18:00:06.013  8442  8466 V NetDiscover_wifiDirectAgent_bcast: wifiState=ENABLED
10-29 18:00:06.014  8442  8442 V NetDiscover_prefremrc: doStart()...
10-29 18:00:06.014  8442  8442 V NetDiscover_prefremrc: ...doStart()
10-29 18:00:06.054  8442  8442 I WebViewFactory: Loading com.google.android.webview version 61.0.3163.98 (code 316309800)
10-29 18:00:06.104  8442  8442 I art     : Rejecting re-init on previously-failed class java.lang.Class<com.android.webview.chromium.TokenBindingManagerAdapter>
10-29 18:00:06.104  8442  8442 I art     : Rejecting re-init on previously-failed class java.lang.Class<com.android.webview.chromium.TokenBindingManagerAdapter>
10-29 18:00:06.112  8442  8442 I art     : Rejecting re-init on previously-failed class java.lang.Class<com.android.webview.chromium.ServiceWorkerControllerAdapter>
10-29 18:00:06.113  8442  8442 I art     : Rejecting re-init on previously-failed class java.lang.Class<com.android.webview.chromium.ServiceWorkerControllerAdapter>
10-29 18:00:06.120  8442  8442 I cr_LibraryLoader: Time to load native libraries: 1 ms (timestamps 249-250)
10-29 18:00:06.157  8442  8442 I chromium: [INFO:library_loader_hooks.cc(136)] Chromium logging enabled: level = 0, default verbosity = 0
10-29 18:00:06.157  8442  8442 I cr_LibraryLoader: Expected native library version number "61.0.3163.98", actual native library version number "61.0.3163.98"
10-29 18:00:06.199  8442  8442 I cr_BrowserStartup: Initializing chromium process, singleProcess=true
10-29 18:00:06.241  8442  8442 I Adreno-EGL: <qeglDrvAPI_eglInitialize:379>: EGL 1.4 QUALCOMM build:  (Ifd751822f5)
10-29 18:00:06.241  8442  8442 I Adreno-EGL: OpenGL ES Shader Compiler Version: XE031.06.00.05
10-29 18:00:06.241  8442  8442 I Adreno-EGL: Build Date: 01/26/16 Tue
10-29 18:00:06.241  8442  8442 I Adreno-EGL: Local Branch: AU12_SBA
10-29 18:00:06.241  8442  8442 I Adreno-EGL: Remote Branch: 
10-29 18:00:06.241  8442  8442 I Adreno-EGL: Local Patches: 
10-29 18:00:06.241  8442  8442 I Adreno-EGL: Reconstruct Branch: 
10-29 18:00:08.374  8442  8442 V RobotCore: Network: inactive, disconnected
10-29 18:00:08.374  8442  8442 V ServiceStarter: attempting to start service FtcRobotControllerWatchdogService
10-29 18:00:08.376  8442  8442 V ServiceStarter: started service FtcRobotControllerWatchdogService
10-29 18:00:08.383  8442  8442 V RobotCore: BuildConfig: versionCode=24 versionName=3.4 module=com.qualcomm.ftcrobotcontroller
10-29 18:00:08.383  8442  8442 V RobotCore: BuildConfig: versionCode=34 versionName=5.12 module=com.qualcomm.robotcore
10-29 18:00:08.383  8442  8442 V RobotCore: BuildConfig: versionCode=34 versionName=5.12 module=com.qualcomm.hardware
10-29 18:00:08.384  8442  8442 V RobotCore: BuildConfig: versionCode=34 versionName=5.12 module=com.qualcomm.ftccommon
10-29 18:00:08.384  8442  8442 V RobotCore: BuildConfig: versionCode=34 versionName=5.12 module=com.google.blocks
10-29 18:00:08.384  8442  8442 V RobotCore: BuildConfig: versionCode=34 versionName=5.12 module=org.firstinspires.inspection
10-29 18:00:08.385  8442  8442 V RCActivity: onStart()
10-29 18:00:08.386  8442  8442 V RCActivity: onResume()
10-29 18:00:08.397  8442  8622 D OpenGLRenderer: Use EGL_SWAP_BEHAVIOR_PRESERVED: true
10-29 18:00:08.449  8442  8442 V MTPMonitorService: onCreate()
10-29 18:00:08.449  8442  8442 V MTPMonitorService: onStartCommand() intent=Intent { cmp=com.qualcomm.ftcrobotcontroller/org.firstinspires.ftc.robotcore.internal.files.MediaTransferProtocolMonitorService } flags=0x0 startId=1
10-29 18:00:08.450  8442  8442 V ThreadPool: container(0x04b30529: MTPMonitor) added id=3789 TID=0 count=1
10-29 18:00:08.450  8442  8442 V MTPMonitor: observing: /storage/emulated/0
10-29 18:00:08.459  8442  8442 W FileObserverManager: upgrading mask: path=/storage/emulated/0/FIRST/blocks old=0x00000ffc new=0x00004ffc: might possibly miss event
10-29 18:00:08.461  8442  8442 W FileObserverManager: upgrading mask: path=/storage/emulated/0/FIRST/java/status old=0x00000ffc new=0x00004ffc: might possibly miss event
10-29 18:00:08.560  8442  8442 V OnBotJavaService: onCreate()
10-29 18:00:08.560  8442  8442 V OnBotJavaService: onStartCommand() intent=Intent { cmp=com.qualcomm.ftcrobotcontroller/org.firstinspires.ftc.robotcore.internal.opmode.OnBotJavaService } flags=0x0 startId=1
10-29 18:00:08.561  8442  8442 V OnBotJava: ctor()...
10-29 18:00:08.561  8442  8442 V OnBotJava: ...ctor()
10-29 18:00:08.570  8442  8442 V FtcRobotControllerWatchdogService: onCreate()
10-29 18:00:08.570  8442  8442 V FtcRobotControllerWatchdogService: onStartCommand() intent=Intent { cmp=com.qualcomm.ftcrobotcontroller/org.firstinspires.ftc.ftccommon.internal.FtcRobotControllerWatchdogService } flags=0x0 startId=1
10-29 18:00:08.570  8442  8442 V FtcRobotControllerWatchdogService: shouldAutoLauchRobotController() result=false
10-29 18:00:08.571  8442  8442 V WebServer: creating NanoHTTPD(8080)
10-29 18:00:08.579  8442  8442 V FTCService: onCreate()
10-29 18:00:08.579  8442  8442 V FTCService: onBind()
10-29 18:00:08.579  8442  8442 V FTCService: Android Device: maker=motorola model=XT1609 sdk=23
10-29 18:00:08.582  8442  8442 V RobotCore: Getting network assistant of type: WIFIDIRECT
10-29 18:00:08.584  8442  8442 V NetDiscover_prefremrc: onSharedPreferenceChanged(name=pref_wifip2p_groupowner_connectedto, value=null)
10-29 18:00:08.585  8442  8442 V WifiDirect: There are 1 Wifi Direct Assistant Clients (+)
10-29 18:00:08.585  8442  8442 V WifiDirect: Enabling Wifi Direct Assistant
10-29 18:00:08.586  8442  8442 V WifiDirectInviteMonitor: startMonitoring()
10-29 18:00:08.618  8442  8622 I OpenGLRenderer: Initialized EGL, version 1.4
10-29 18:00:08.634  8442  8442 D WifiDirect: broadcast: state - enabled: true
10-29 18:00:08.634  8442  8442 D WifiDirect: broadcast: connection changed: connectStatus=NOT_CONNECTED networkInfo.state=CONNECTED
10-29 18:00:08.635  8442  8442 V WifiDirect: writing pref name=pref_wifip2p_groupowner_connectedto value=
10-29 18:00:08.635  8442  8442 V NetDiscover_prefremrc: onSharedPreferenceChanged(name=pref_wifip2p_groupowner_connectedto, value=)
10-29 18:00:08.635  8442  8442 D WifiDirect: broadcast: this device changed
10-29 18:00:08.635  8442  8442 V WifiDirect: device information: 12611-RC 80:58:f8:59:b8:0f
10-29 18:00:08.635  8442  8442 D WifiDirect: cannot create group, does group already exist?
10-29 18:00:08.635  8442  8442 V FTCService: RCActivity.controllerService=bound
10-29 18:00:08.636  8442  8442 V RobotCore: Network: unknown, disconnected
10-29 18:00:08.636  8442  8442 V RobotCore: Robot Status: stopped
10-29 18:00:08.646  8442  8442 V ThreadPool: container(0x06ec57af: default threadpool) added id=3792 TID=0 count=1
10-29 18:00:08.652  8442  8626 V RobotCore: thread: 'RobotSetupRunnable.run()' starting...
10-29 18:00:08.652  8442  8626 V FTCService: Processing robot setup
10-29 18:00:08.652  8442  8626 V RobotCore: Robot Status: stopped, scanning for USB devices
10-29 18:00:08.776  8442  8442 D WifiDirect: group owners address: /192.168.49.1
10-29 18:00:08.776  8442  8442 D WifiDirect: group formed, this device is the group owner (GO)
10-29 18:00:08.776  8442  8442 I FTCService: Wifi Direct - connected as group owner
10-29 18:00:08.782  8442  8442 V RobotCore: Network: enabled, disconnected
10-29 18:00:08.787  8442  8442 I BatteryChecker: percent remaining: 51 is charging: false
10-29 18:00:08.787  8442  8442 I BatteryChecker: percent remaining: 51 is charging: false
10-29 18:00:08.817  8442  8442 V WifiDirect: connection information available
10-29 18:00:08.817  8442  8442 V WifiDirect: connection information - groupOwnerName = 12611-RC
10-29 18:00:08.817  8442  8442 V WifiDirect: connection information - groupOwnerMacAddress = 80:58:f8:59:b8:0f
10-29 18:00:08.818  8442  8442 V WifiDirect: connection information - groupInterface = p2p0
10-29 18:00:08.818  8442  8442 V WifiDirect: connection information - groupNetworkName = DIRECT-MA-12611-RC
10-29 18:00:08.818  8442  8442 I FTCService: Network Connection Passphrase: NqsQx9uC
10-29 18:00:08.818  8442  8442 V WebServer: starting port=8080
10-29 18:00:08.830  8442  8442 V RobotCore: Getting network assistant of type: WIFIDIRECT
10-29 18:00:08.831  8442  8442 V WifiDirect: There are 2 Wifi Direct Assistant Clients (+)
10-29 18:00:08.831  8442  8442 V WebServer: started port=8080
10-29 18:00:08.831  8442  8442 V RobotCore: Network: active, disconnected
10-29 18:00:13.643  8442  8442 I BatteryChecker: percent remaining: 51 is charging: false
10-29 18:00:13.649  8442  8442 I BatteryChecker: percent remaining: 51 is charging: false
10-29 18:00:13.653  8442  8626 V RobotCore: EventLoopManager state is NOT_STARTED
10-29 18:00:13.653  8442  8626 V RobotCore: Robot Status: stopped, waiting for Wifi to enable
10-29 18:00:13.654  8442  8626 V RobotCore: Robot Status: stopped, waiting for Wifi Direct to enable
10-29 18:00:13.654  8442  8626 V RobotCore: Robot Status: stopped, waiting for network to become active
10-29 18:00:13.654  8442  8626 V RobotCore: Robot Status: stopped, starting robot
10-29 18:00:13.654  8442  8626 V Robocol : EventLoopManager.start()
10-29 18:00:13.655  8442  8626 V RobotCore: Getting network assistant of type: WIFIDIRECT
10-29 18:00:13.655  8442  8626 V Robocol : Spoofing a Network Connection event...
10-29 18:00:13.656  8442  8626 V ThreadPool: executive service EventLoop(0x0997086d) is terminated
10-29 18:00:13.656  8442  8626 V RobotCore: EventLoopManager state is STOPPED
10-29 18:00:13.656  8442  8626 V Robocol : eventLoop=FtcEventLoop
10-29 18:00:13.656  8442  8626 V RobotCore: EventLoopManager state is INIT
10-29 18:00:13.656  8442  8626 V RobotCore: Robot Status: initializing, starting robot
10-29 18:00:13.656  8442  8626 I FtcEventLoop: ======= INIT START =======
10-29 18:00:13.657  8442  8626 V OpmodeRegistration: registered {DefaultOpMode} as {$Stop$Robot$}
10-29 18:00:13.658  8442  8442 D WifiDirect: cannot create group, does group already exist?
10-29 18:00:13.661  8442  8626 V FileBasedLock: locked /storage/emulated/0/FIRST/blocks/projectslock/lock.dat
10-29 18:00:13.661  8442  8735 V RobotCore: thread: 'SetupRunnable.run()' starting...
10-29 18:00:13.662  8442  8626 V ThreadPool: container(0x06ec57af: default threadpool) added id=3797 TID=0 count=2
10-29 18:00:13.663  8442  8626 V FileBasedLock: unlocking /storage/emulated/0/FIRST/blocks/projectslock/lock.dat
10-29 18:00:13.671  8442  8626 V OpmodeRegistration: registered {RelicRecoveryAutoBlue1} as {Auto Blue 1}
10-29 18:00:13.672  8442  8626 V OpmodeRegistration: registered {SensorTest} as {Sensor Test}
10-29 18:00:13.673  8442  8626 V OpmodeRegistration: registered {RelicRecoveryAutoRed1} as {Auto Red 1}
10-29 18:00:13.673  8442  8626 V OpmodeRegistration: registered {RelicRecoveryTeleOpsLinear} as {Relic Recovery TeleOps (Linear)}
10-29 18:00:13.674  8442  8626 V OpmodeRegistration: registered {SensorREVColorDistance} as {Sensor: REVColorDistance}
10-29 18:00:13.675  8442  8626 V OpmodeRegistration: registered {SensorMRRangeColorSensor} as {Sensor: MR range & Color sensor}
10-29 18:00:13.675  8442  8626 V OpmodeRegistration: registered {RelicRecoveryAutoTest} as {Auto Test}
