02-25 15:31:53.880 11734 11734 W ps      : type=1400 audit(0.0:3862): avc: denied { search } for uid=10133 name="3" dev="proc" ino=49631 scontext=u:r:untrusted_app:s0:c512,c768 tcontext=u:r:kernel:s0 tclass=dir permissive=0
02-25 15:31:53.880 11734 11734 W ps      : type=1400 audit(0.0:3863): avc: denied { search } for uid=10133 name="3" dev="proc" ino=49631 scontext=u:r:untrusted_app:s0:c512,c768 tcontext=u:r:kernel:s0 tclass=dir permissive=0
02-25 15:31:53.880 11734 11734 W ps      : type=1400 audit(0.0:3864): avc: denied { getattr } for uid=10133 path="/proc/5" dev="proc" ino=49632 scontext=u:r:untrusted_app:s0:c512,c768 tcontext=u:r:kernel:s0 tclass=dir permissive=0
02-25 15:31:53.880 11734 11734 W ps      : type=1400 audit(0.0:3865): avc: denied { search } for uid=10133 name="5" dev="proc" ino=49632 scontext=u:r:untrusted_app:s0:c512,c768 tcontext=u:r:kernel:s0 tclass=dir permissive=0
02-25 15:31:53.880 11734 11734 W ps      : type=1400 audit(0.0:3866): avc: denied { search } for uid=10133 name="5" dev="proc" ino=49632 scontext=u:r:untrusted_app:s0:c512,c768 tcontext=u:r:kernel:s0 tclass=dir permissive=0
02-25 15:31:53.880 11734 11734 W ps      : type=1400 audit(0.0:3867): avc: denied { getattr } for uid=10133 path="/proc/6" dev="proc" ino=49633 scontext=u:r:untrusted_app:s0:c512,c768 tcontext=u:r:kernel:s0 tclass=dir permissive=0
02-25 15:31:53.880 11734 11734 W ps      : type=1400 audit(0.0:3868): avc: denied { search } for uid=10133 name="6" dev="proc" ino=49633 scontext=u:r:untrusted_app:s0:c512,c768 tcontext=u:r:kernel:s0 tclass=dir permissive=0
02-25 15:31:53.880 11734 11734 W ps      : type=1400 audit(0.0:3869): avc: denied { search } for uid=10133 name="6" dev="proc" ino=49633 scontext=u:r:untrusted_app:s0:c512,c768 tcontext=u:r:kernel:s0 tclass=dir permissive=0
02-25 15:31:53.880 11734 11734 W ps      : type=1400 audit(0.0:3870): avc: denied { getattr } for uid=10133 path="/proc/7" dev="proc" ino=49634 scontext=u:r:untrusted_app:s0:c512,c768 tcontext=u:r:kernel:s0 tclass=dir permissive=0
02-25 15:31:53.880 11734 11734 W ps      : type=1400 audit(0.0:3871): avc: denied { search } for uid=10133 name="7" dev="proc" ino=49634 scontext=u:r:untrusted_app:s0:c512,c768 tcontext=u:r:kernel:s0 tclass=dir permissive=0
02-25 15:31:53.880 11734 11734 W ps      : type=1400 audit(0.0:3872): avc: denied { search } for uid=10133 name="7" dev="proc" ino=49634 scontext=u:r:untrusted_app:s0:c512,c768 tcontext=u:r:kernel:s0 tclass=dir permissive=0
02-25 15:31:53.880 11734 11734 W ps      : type=1400 audit(0.0:3873): avc: denied { getattr } for uid=10133 path="/proc/8" dev="proc" ino=49635 scontext=u:r:untrusted_app:s0:c512,c768 tcontext=u:r:kernel:s0 tclass=dir permissive=0
02-25 15:31:53.880 11734 11734 W ps      : type=1400 audit(0.0:3874): avc: denied { search } for uid=10133 name="8" dev="proc" ino=49635 scontext=u:r:untrusted_app:s0:c512,c768 tcontext=u:r:kernel:s0 tclass=dir permissive=0
02-25 15:31:53.870 11718 11738 V NetDiscover_wifiDirectAgent_bcast: wifiP2pEnabled=true
02-25 15:31:53.876 11718 11738 D NetDiscover_wifiDirectAgent_bcast: connection changed: networkInfo.state=CONNECTED
02-25 15:31:53.876 11718 11738 V NetDiscover_wifiDirectAgent_bcast: NetworkInfo: [type: WIFI_P2P[], state: CONNECTED/CONNECTED, reason: (unspecified), extra: (none), roaming: false, failover: false, isAvailable: true]
02-25 15:31:53.877 11718 11718 V NetDiscover_wifiDirectAgent: ...doStart()
02-25 15:31:53.879 11718 11718 V NetDiscover_name: doStart()...
02-25 15:31:53.879 11718 11718 V NetDiscover_name: ...doStart()
02-25 15:31:53.880 11718 11738 V NetDiscover_wifiDirectAgent_bcast: WifiP2pInfo: groupFormed: true isGroupOwner: true operatingChannel: 2447 groupOwnerAddress: /192.168.49.1 mccMode: false
02-25 15:31:53.881 11718 11718 V NetDiscover_prefremrc: ----- all preferences -----
02-25 15:31:53.881 11718 11738 V NetDiscover_wifiDirectAgent_bcast: WifiP2pGroup: network: DIRECT-yh-12611-RC, isGO: true, Operating Channel: 2447, GO: Device: , deviceAddress: 80:58:f8:58:99:a3, primary type: null, secondary type: null, wps: 0, grpcapab: 0, devcapab: 0, status: 4, wfdInfo: WFD enabled: falseWFD DeviceInfo: 0, WFD CtrlPort: 0, WFD MaxThroughput: 0, level: 0, Client: Device: 12611-DS, deviceAddress: f4:f5:24:ca:98:2a, primary type: 10-0050F204-5, secondary type: null, wps: 392, grpcapab: 0, devcapab: 37, status: 0, wfdInfo: null, level: 60, Client: Device: , deviceAddress: b0:c0:90:6d:b3:33, primary type: null, secondary type: null, wps: 0, grpcapab: 0, devcapab: 0, status: 4, wfdInfo: null, level: 0, interface: p2p0, networkId: 0, mGoOperFreq: 2447
02-25 15:31:53.881 11718 11718 V NetDiscover_prefremrc: name='pref_wifip2p_remote_channel_change_works' value=true
02-25 15:31:53.881 11718 11718 V NetDiscover_prefremrc: name='pref_device_name' value=12611-RC
02-25 15:31:53.881 11718 11718 V NetDiscover_prefremrc: name='pref_hardware_config_filename' value={"isDirty":false,"location":"LOCAL_STORAGE","name":"Robot #2","resourceId":0}
02-25 15:31:53.881 11718 11718 V NetDiscover_prefremrc: name='pref_wifip2p_groupowner_connectedto' value=
02-25 15:31:53.881 11718 11718 V NetDiscover_prefremrc: name='pref_device_name_old' value=12611-RC
02-25 15:31:53.881 11718 11718 V NetDiscover_prefremrc: name='pref_network_connection_type' value=WIFIDIRECT
02-25 15:31:53.881 11718 11718 V NetDiscover_prefremrc: name='pref_device_name_tracking' value=WIFIDIRECT
02-25 15:31:53.881 11718 11718 V NetDiscover_prefremrc: name='pref_has_independent_phone_battery' value=true
02-25 15:31:53.881 11718 11718 V NetDiscover_prefremrc: name='pref_app_theme' value=teal
02-25 15:31:53.881 11718 11718 V NetDiscover_prefremrc: name='pref_sound_on_off' value=false
02-25 15:31:53.881 11718 11718 V NetDiscover_prefremrc: name='pref_rc_connected' value=true
02-25 15:31:53.881 11718 11718 V NetDiscover_prefremrc: doStart()...
02-25 15:31:53.881 11718 11718 V NetDiscover_prefremrc: ...doStart()
02-25 15:31:53.883 11718 11738 V NetDiscover_wifiDirectAgent_bcast: this device changed: Device=12611-RC deviceAddress=80:58:f8:58:99:a3 primary type=10-0050F204-5 secondary type=null wps=0 grpcapab=0 devcapab=0 status=0 wfdInfo=WFD enabled=falseWFD DeviceInfo=0 WFD CtrlPort=0 WFD MaxThroughput=0 level=0
02-25 15:31:53.883 11718 11738 V NetDiscover_name: remembering wifiDirectName: 12611-RC...
02-25 15:31:53.883 11718 11738 V NetDiscover_name: wifiDirectName=12611-RC
02-25 15:31:53.884 11718 11738 V NetDiscover_name: ...remembering wifiDirectName
02-25 15:31:53.898 11718 11738 V NetDiscover_wifiDirectAgent_bcast: p2p discoverPeers()=false
02-25 15:31:53.900 11718 11738 V NetDiscover_wifiDirectAgent_bcast: wifi direct remembered groups cleared
02-25 15:31:53.902 11718 11738 V NetDiscover_wifiDirectAgent_bcast: wifiState=ENABLED
02-25 15:31:53.903 11718 11738 V NetDiscover_wifiDirectAgent: found persistent group: DIRECT-yh-12611-RC
02-25 15:31:53.945 11718 11728 I art     : Background sticky concurrent mark sweep GC freed 18295(973KB) AllocSpace objects, 2(40KB) LOS objects, 34% free, 8MB/13MB, paused 14.250ms total 48.591ms
02-25 15:31:53.960 11718 11718 I WebViewFactory: Loading com.google.android.webview version 61.0.3163.98 (code 316309800)
02-25 15:31:54.025 11718 11718 I art     : Rejecting re-init on previously-failed class java.lang.Class<com.android.webview.chromium.TokenBindingManagerAdapter>
02-25 15:31:54.026 11718 11718 I art     : Rejecting re-init on previously-failed class java.lang.Class<com.android.webview.chromium.TokenBindingManagerAdapter>
02-25 15:31:54.034 11718 11718 I art     : Rejecting re-init on previously-failed class java.lang.Class<com.android.webview.chromium.ServiceWorkerControllerAdapter>
02-25 15:31:54.035 11718 11718 I art     : Rejecting re-init on previously-failed class java.lang.Class<com.android.webview.chromium.ServiceWorkerControllerAdapter>
02-25 15:31:54.046 11718 11718 I cr_LibraryLoader: Time to load native libraries: 3 ms (timestamps 8548-8551)
02-25 15:31:54.081 11718 11718 I chromium: [INFO:library_loader_hooks.cc(136)] Chromium logging enabled: level = 0, default verbosity = 0
02-25 15:31:54.081 11718 11718 I cr_LibraryLoader: Expected native library version number "61.0.3163.98", actual native library version number "61.0.3163.98"
02-25 15:31:54.134 11718 11718 I cr_BrowserStartup: Initializing chromium process, singleProcess=true
02-25 15:31:54.178 11718 11718 I Adreno-EGL: <qeglDrvAPI_eglInitialize:379>: EGL 1.4 QUALCOMM build:  (Ifd751822f5)
02-25 15:31:54.178 11718 11718 I Adreno-EGL: OpenGL ES Shader Compiler Version: XE031.06.00.05
02-25 15:31:54.178 11718 11718 I Adreno-EGL: Build Date: 01/26/16 Tue
02-25 15:31:54.178 11718 11718 I Adreno-EGL: Local Branch: AU12_SBA
02-25 15:31:54.178 11718 11718 I Adreno-EGL: Remote Branch: 
02-25 15:31:54.178 11718 11718 I Adreno-EGL: Local Patches: 
02-25 15:31:54.178 11718 11718 I Adreno-EGL: Reconstruct Branch: 
02-25 15:31:54.338 11718 11718 V OnBotJava: OnBotJavaManager::static
02-25 15:31:54.431 11718 11718 V OnBotJava: getCurrentOutputJarDir() unavailable
02-25 15:31:54.432 11718 11718 V OnBotJava: getCurrentOutputJarDir() unavailable
02-25 15:31:56.275 11718 11718 V RobotCore: Network: inactive, disconnected
02-25 15:31:56.275 11718 11718 V ServiceStarter: attempting to start service FtcRobotControllerWatchdogService
02-25 15:31:56.277 11718 11718 V ServiceStarter: started service FtcRobotControllerWatchdogService
02-25 15:31:56.283 11718 11718 V RobotCore: BuildConfig: versionCode=25 versionName=3.5 module=com.qualcomm.ftcrobotcontroller
02-25 15:31:56.283 11718 11718 V RobotCore: BuildConfig: versionCode=37 versionName=5.15 module=com.qualcomm.robotcore
02-25 15:31:56.283 11718 11718 V RobotCore: BuildConfig: versionCode=37 versionName=5.15 module=com.qualcomm.hardware
02-25 15:31:56.283 11718 11718 V RobotCore: BuildConfig: versionCode=37 versionName=5.15 module=com.qualcomm.ftccommon
02-25 15:31:56.283 11718 11718 V RobotCore: BuildConfig: versionCode=37 versionName=5.15 module=com.google.blocks
02-25 15:31:56.283 11718 11718 V RobotCore: BuildConfig: versionCode=37 versionName=5.15 module=org.firstinspires.inspection
02-25 15:31:56.284 11718 11718 V RCActivity: onStart()
02-25 15:31:56.285 11718 11718 V RCActivity: onResume()
02-25 15:31:56.295 11718 11833 D OpenGLRenderer: Use EGL_SWAP_BEHAVIOR_PRESERVED: true
02-25 15:31:56.342 11718 11718 V MTPMonitorService: onCreate()
02-25 15:31:56.343 11718 11718 V MTPMonitorService: onStartCommand() intent=Intent { cmp=com.qualcomm.ftcrobotcontroller/org.firstinspires.ftc.robotcore.internal.files.MediaTransferProtocolMonitorService } flags=0x0 startId=1
02-25 15:31:56.343 11718 11718 V ThreadPool: container(0x0c4b3727: MTPMonitor) added id=710 TID=0 count=1
02-25 15:31:56.344 11718 11718 V MTPMonitor: observing: /storage/emulated/0
02-25 15:31:56.346 11718 11718 W FileObserverManager: upgrading mask: path=/storage/emulated/0/FIRST/blocks old=0x00000ffc new=0x00004ffc: might possibly miss event
02-25 15:31:56.349 11718 11718 W FileObserverManager: upgrading mask: path=/storage/emulated/0/FIRST/java/status old=0x00000ffc new=0x00004ffc: might possibly miss event
02-25 15:31:56.409 11718 11718 V OnBotJavaService: onCreate()
02-25 15:31:56.409 11718 11718 V OnBotJavaService: onStartCommand() intent=Intent { cmp=com.qualcomm.ftcrobotcontroller/org.firstinspires.ftc.robotcore.internal.opmode.OnBotJavaService } flags=0x0 startId=1
02-25 15:31:56.409 11718 11718 V OnBotJava: ctor()...
02-25 15:31:56.410 11718 11718 V OnBotJava: ...ctor()
02-25 15:31:56.419 11718 11718 V FtcRobotControllerWatchdogService: onCreate()
02-25 15:31:56.419 11718 11718 V FtcRobotControllerWatchdogService: onStartCommand() intent=Intent { cmp=com.qualcomm.ftcrobotcontroller/org.firstinspires.ftc.ftccommon.internal.FtcRobotControllerWatchdogService } flags=0x0 startId=1
02-25 15:31:56.419 11718 11718 V FtcRobotControllerWatchdogService: shouldAutoLauchRobotController() result=false
02-25 15:31:56.420 11718 11718 V WebServer: creating NanoHTTPD(8080)
02-25 15:31:56.428 11718 11718 V FTCService: onCreate()
02-25 15:31:56.428 11718 11718 V FTCService: onBind()
02-25 15:31:56.428 11718 11718 V FTCService: Android Device: maker=motorola model=XT1609 sdk=23
02-25 15:31:56.431 11718 11718 V RobotCore: Getting network assistant of type: WIFIDIRECT
02-25 15:31:56.433 11718 11718 V NetDiscover_prefremrc: onSharedPreferenceChanged(name=pref_wifip2p_groupowner_connectedto, value=null)
02-25 15:31:56.433 11718 11718 V WifiDirect: There are 1 Wifi Direct Assistant Clients (+)
02-25 15:31:56.433 11718 11718 V WifiDirect: Enabling Wifi Direct Assistant
02-25 15:31:56.435 11718 11718 V WifiDirectInviteMonitor: startMonitoring()
02-25 15:31:56.472 11718 11833 I OpenGLRenderer: Initialized EGL, version 1.4
02-25 15:31:56.488 11718 11718 D WifiDirect: broadcast: state - enabled: true
02-25 15:31:56.488 11718 11718 D WifiDirect: broadcast: connection changed: connectStatus=NOT_CONNECTED networkInfo.state=CONNECTED
02-25 15:31:56.488 11718 11718 V WifiDirect: writing pref name=pref_wifip2p_groupowner_connectedto value=
02-25 15:31:56.488 11718 11718 V NetDiscover_prefremrc: onSharedPreferenceChanged(name=pref_wifip2p_groupowner_connectedto, value=)
02-25 15:31:56.489 11718 11718 D WifiDirect: broadcast: this device changed
02-25 15:31:56.489 11718 11718 V WifiDirect: device information: 12611-RC 80:58:f8:58:99:a3
02-25 15:31:56.489 11718 11718 D WifiDirect: cannot create group, does group already exist?
02-25 15:31:56.489 11718 11718 V FTCService: RCActivity.controllerService=bound
02-25 15:31:56.489 11718 11718 V RobotCore: Network: unknown, disconnected
02-25 15:31:56.490 11718 11718 V RobotCore: Robot Status: stopped
02-25 15:31:56.497 11718 11718 V ThreadPool: container(0x01b145ee: default threadpool) added id=713 TID=0 count=1
02-25 15:31:56.502 11718 11837 V RobotCore: thread: 'RobotSetupRunnable.run()' starting...
02-25 15:31:56.502 11718 11837 V FTCService: Processing robot setup
02-25 15:31:56.503 11718 11837 V RobotCore: Robot Status: stopped, scanning for USB devices
02-25 15:31:56.618 11718 11718 D WifiDirect: group owners address: /192.168.49.1
02-25 15:31:56.619 11718 11718 D WifiDirect: group formed, this device is the group owner (GO)
02-25 15:31:56.619 11718 11718 I FTCService: Wifi Direct - connected as group owner
02-25 15:31:56.627 11718 11718 V RobotCore: Network: enabled, disconnected
02-25 15:31:56.668 11718 11718 V WifiDirect: connection information available
02-25 15:31:56.668 11718 11718 V WifiDirect: connection information - groupOwnerName = 12611-RC
02-25 15:31:56.668 11718 11718 V WifiDirect: connection information - groupOwnerMacAddress = 80:58:f8:58:99:a3
02-25 15:31:56.668 11718 11718 V WifiDirect: connection information - groupInterface = p2p0
02-25 15:31:56.668 11718 11718 V WifiDirect: connection information - groupNetworkName = DIRECT-yh-12611-RC
02-25 15:31:56.668 11718 11718 I FTCService: Network Connection Passphrase: 31hLkFft
02-25 15:31:56.668 11718 11718 V WebServer: starting port=8080
02-25 15:31:56.679 11718 11718 V RobotCore: Getting network assistant of type: WIFIDIRECT
02-25 15:31:56.680 11718 11718 V WifiDirect: There are 2 Wifi Direct Assistant Clients (+)
02-25 15:31:56.680 11718 11718 V WebServer: started port=8080
02-25 15:31:56.680 11718 11718 V RobotCore: Network: active, disconnected
02-25 15:32:01.504 11718 11837 V RobotCore: EventLoopManager state is NOT_STARTED
02-25 15:32:01.504 11718 11837 V RobotCore: Robot Status: stopped, waiting for Wifi to enable
02-25 15:32:01.504 11718 11837 V RobotCore: Robot Status: stopped, waiting for Wifi Direct to enable
02-25 15:32:01.505 11718 11837 V RobotCore: Robot Status: stopped, waiting for network to become active
02-25 15:32:01.505 11718 11837 V RobotCore: Robot Status: stopped, starting robot
02-25 15:32:01.505 11718 11837 V Robocol : EventLoopManager.start()
02-25 15:32:01.505 11718 11837 V RobotCore: Getting network assistant of type: WIFIDIRECT
02-25 15:32:01.505 11718 11837 V Robocol : Spoofing a Network Connection event...
02-25 15:32:01.507 11718 11837 V ThreadPool: executive service EventLoop(0x07045605) is terminated
02-25 15:32:01.507 11718 11837 V RobotCore: EventLoopManager state is STOPPED
02-25 15:32:01.507 11718 11837 V Robocol : eventLoop=FtcEventLoop
02-25 15:32:01.507 11718 11837 V RobotCore: EventLoopManager state is INIT
02-25 15:32:01.507 11718 11837 V RobotCore: Robot Status: initializing, starting robot
02-25 15:32:01.508 11718 11837 I FtcEventLoop: ======= INIT START =======
02-25 15:32:01.508 11718 11837 V OpmodeRegistration: registered {DefaultOpMode} as {$Stop$Robot$}
02-25 15:32:01.510 11718 11869 V RobotCore: thread: 'SetupRunnable.run()' starting...
02-25 15:32:01.512 11718 11837 V FileBasedLock: locked /storage/emulated/0/FIRST/blocks/projectslock/lock.dat
02-25 15:32:01.512 11718 11837 V ThreadPool: container(0x01b145ee: default threadpool) added id=718 TID=0 count=2
02-25 15:32:01.512 11718 11837 V FileBasedLock: unlocking /storage/emulated/0/FIRST/blocks/projectslock/lock.dat
02-25 15:32:01.520 11718 11837 V OpmodeRegistration: registered {RelicRecoveryAutoTileRunnerBlue3} as {Auto BLUE #1 More Glyphs}
02-25 15:32:01.520 11718 11718 D WifiDirect: cannot create group, does group already exist?
02-25 15:32:01.520 11718 11837 V OpmodeRegistration: registered {SensorTest} as {Sensor Test}
02-25 15:32:01.521 11718 11837 V OpmodeRegistration: registered {RelicRecoveryAutoTileRunnerRed2} as {Auto RED #2}
02-25 15:32:01.522 11718 11837 V OpmodeRegistration: registered {RelicRecoveryAutoTileRunnerRed4} as {Auto RED #1 Knockoff Glyphs}
02-25 15:32:01.523 11718 11837 V OpmodeRegistration: registered {RelicRecoveryAutoTileRunnerBlue4} as {Auto BLUE #1 Knockoff Glyphs}
02-25 15:32:01.524 11718 11837 V OpmodeRegistration: registered {RelicRecoveryAutoTileRunnerBlue2} as {Auto BLUE #2}
02-25 15:32:01.524 11718 11837 V OpmodeRegistration: registered {RelicRecoveryAutoTileRunnerBlue1} as {Auto BLUE #1}
02-25 15:32:01.525 11718 11837 V OpmodeRegistration: registered {RelicRecoveryTileRunnerTeleOpsLinear} as {Tile Runner (New) TeleOps}
02-25 15:32:01.526 11718 11837 V OpmodeRegistration: registered {RelicRecoveryAutoTileRunnerRed1} as {Auto RED #1}
02-25 15:32:01.527 11718 11837 V OpmodeRegistration: registered {RelicRecoveryAutoTileRunnerRed3} as {Auto RED #1 More Glyphs}
02-25 15:32:01.541 11718 11869 D Robocol : RobocolDatagramSocket listening addr=/192.168.49.1:20884 cbRec=65520 cbSend=163840 msRecTO=300
02-25 15:32:01.541 11718 11869 V Robocol : RecvLoopRunnable created
02-25 15:32:01.542 11718 11869 V PeerDiscovery: Starting peer discovery
02-25 15:32:01.542 11718 11869 V PeerDiscovery: No need for peer discovery, we are the peer discovery device
02-25 15:32:01.542 11718 11869 V RobotCore: Setup complete
02-25 15:32:01.542 11718 11869 V RobotCore: thread: ...terminating 'SetupRunnable.run()'
02-25 15:32:01.543 11718 11872 V RobotCore: thread: 'RecvLoopRunnable.run()' starting...
02-25 15:32:01.599 11718 11837 V HardwareFactory: createHardwareMap()
02-25 15:32:01.599 11718 11837 V WifiDirectInviteMonitor: clearUILynxModule()
02-25 15:32:01.599 11718 11718 I BatteryChecker: percent remaining: 77 is charging: false
02-25 15:32:01.606 11718 11837 V ReadXMLFileHandler: handleLynxModule() mod#=2...
02-25 15:32:01.606 11718 11837 V ConfigurationUtility: buildEmptyLynxModule() mod#=2...
02-25 15:32:01.607 11718 11837 V ConfigurationUtility: ...buildEmptyLynxModule() mod#=2
02-25 15:32:01.607 11718 11837 V ReadXMLFileHandler: ...handleLynxModule() mod#=2
02-25 15:32:01.608 11718 11837 V ReadXMLFileHandler: handleLynxModule() mod#=3...
02-25 15:32:01.608 11718 11837 V ConfigurationUtility: buildEmptyLynxModule() mod#=3...
02-25 15:32:01.608 11718 11837 V ConfigurationUtility: ...buildEmptyLynxModule() mod#=3
02-25 15:32:01.608 11718 11837 V ReadXMLFileHandler: ...handleLynxModule() mod#=3
02-25 15:32:01.609 11718 11837 V RobotCore: Creating REV Robotics USB Expansion Hub Portal [DQ16V4CE]
02-25 15:32:01.610 11718 11837 V LynxUsb : creating new [DQ16V4CE]: 0x0d16d062
02-25 15:32:01.619 11718 11837 V ThreadPool: container(0x0400c5f3: WatchdogMonitor) added id=721 TID=0 count=1
02-25 15:32:01.627 11718 11837 V FtDevice: initialize(vid=0x0403 pid=0x6015 bcdDevice=0x1000)
02-25 15:32:01.627 11718 11837 V MonitoredUsbDeviceConnection: closing UsbDeviceConnection(DQ16V4CE)
02-25 15:32:01.627 11718 11837 D UsbDeviceConnectionJNI: close
02-25 15:32:01.627 11718 11837 V MonitoredUsbDeviceConnection: closing UsbDeviceConnection(DQ16V4CE)
02-25 15:32:01.627 11718 11837 D UsbDeviceConnectionJNI: close
02-25 15:32:01.627 11718 11837 V FtDeviceManager: createDeviceInfoList(): 1 USB devices
02-25 15:32:01.628 11718 11873 V ThreadPool: container(0x0400c5f3: WatchdogMonitor) removed id=721 TID=11873 count=1
02-25 15:32:01.631 11718 11837 V FtDevice: vv********************DQ16V4CE opening********************vv 0x049590ae
02-25 15:32:01.633 11718 11837 V FtDevice: ^^********************DQ16V4CE opened ********************^^
02-25 15:32:01.633 11718 11837 V FtDevice: resetting DQ16V4CE
02-25 15:32:01.634 11718 11837 V ThreadPool: container(0x09077529: WatchdogMonitor) added id=724 TID=0 count=1
02-25 15:32:01.640 11718 11837 V LynxUsb : armDevice() serial=DQ16V4CE...
02-25 15:32:01.641 11718 11837 V LynxModule: resetDevice() serial=DQ16V4CE
02-25 15:32:01.844 11718 11872 E Robocol : exception SocketTimeoutException(null): no packet received [libcore.io.IoBridge.maybeThrowAfterRecvfrom(IoBridge.java:594)]
02-25 15:32:01.998 11718 11837 V ThreadPool: container(0x085919dc: lynx dg poller) added id=725 TID=0 count=1
02-25 15:32:01.999 11718 11837 V LynxUsb : ...done armDevice()
02-25 15:32:01.999 11718 11837 V LynxUsb : 0x0f2e09ba on 0x0d16d062: new delegate to [DQ16V4CE]
02-25 15:32:02.000 11718 11837 V RobotCore: Creating Lynx Module - mod=2 parent=true
02-25 15:32:02.004 11718 11878 V RobotCore: thread: 'lynx incoming datagrams' starting...
02-25 15:32:02.005 11718 11837 V RobotCore: Creating Lynx Module - mod=3 parent=false
02-25 15:32:02.006 11718 11837 V LynxUsb : addConfiguredModule() module#=2
02-25 15:32:02.007 11718 11837 V LynxModule: pingAndQueryKnownInterfaces mod=2
02-25 15:32:02.009 11718 11837 V ThreadPool: container(0x05a30786: lynx module executor) added id=726 TID=0 count=1
02-25 15:32:02.010 11718 11878 V LynxUsb : synchronization gained: serial=DQ16V4CE
02-25 15:32:02.029 11718 11837 V LynxModule: queryInterface(DEKA)=49 commands
02-25 15:32:02.033 11718 11837 V LynxModule: mod#=2 intf=DEKA: expected 53 commands; found 49
02-25 15:32:02.037 11718 11837 V LynxModule: sendLEDPatternSteps(): #steps=6
02-25 15:32:02.050 11718 11837 V LynxUsb : addConfiguredModule() module#=3
02-25 15:32:02.050 11718 11837 V LynxModule: pingAndQueryKnownInterfaces mod=3
02-25 15:32:02.051 11718 11837 V ThreadPool: container(0x050cc874: lynx module executor) added id=727 TID=0 count=1
02-25 15:32:02.058 11718 11837 V LynxModule: queryInterface(DEKA)=49 commands
02-25 15:32:02.063 11718 11837 V LynxModule: mod#=3 intf=DEKA: expected 53 commands; found 49
02-25 15:32:02.068 11718 11837 V LynxModule: sendLEDPatternSteps(): #steps=8
02-25 15:32:02.076 11718 11880 V LynxModule: resendCurrentPattern()
02-25 15:32:02.076 11718 11880 V LynxModule: sendLEDPatternSteps(): #steps=8
02-25 15:32:02.091 11718 11837 V LynxMotor: initializeHardware() mod#=2
02-25 15:32:02.177 11718 11837 V RobotCore: DcMotorImpl(type=RevRoboticsHDHexMotor)
02-25 15:32:02.177 11718 11837 V RobotCore: DcMotorImpl(type=RevRoboticsHDHexMotor)
02-25 15:32:02.177 11718 11837 V RobotCore: DcMotorImpl(type=RevRoboticsCoreHexMotor)
02-25 15:32:02.185 11718 11837 V RobotCore: DcMotorImpl(type=NeveRest20Gearmotor)
02-25 15:32:02.185 11718 11837 V LynxServoController: initializeHardware() mod#=2
02-25 15:32:02.192 11718 11872 D RobotCore: system telemetry: key=$System$None$ msg=""
02-25 15:32:02.194 11718 11872 V PeerDiscovery: new remote peer discovered: 192.168.49.84
02-25 15:32:02.195 11718 11872 D Robocol : RobocolDatagramSocket connected to /192.168.49.84:20884
02-25 15:32:02.197 11718 11872 V NetworkConnectionHandler: starting sending loop
02-25 15:32:02.197 11718 11872 V Robocol : SendOnceRunnable created
02-25 15:32:02.226 11718 11872 V NetDiscover_prefremrc: sendAllPreferences()
02-25 15:32:02.226 11718 11872 V NetDiscover_prefremrc: sending RC pref name=pref_wifip2p_remote_channel_change_works value=true
02-25 15:32:02.227 11718 11837 V LynxVoltageSensor: initializeHardware() mod#=2
02-25 15:32:02.227 11718 11837 V LynxPwmOutputController: initializeHardware() mod#=2
02-25 15:32:02.231 11718 11872 V NetDiscover_prefremrc: sending RC pref name=pref_device_name value=12611-RC
02-25 15:32:02.231 11718 11837 W LynxPwmOutputController: LynxSetPWMEnableCommand not implemented by lynx hw; ignoring
02-25 15:32:02.231 11718 11872 V NetDiscover_prefremrc: sending RC pref name=pref_has_independent_phone_battery value=true
02-25 15:32:02.232 11718 11872 V NetDiscover_prefremrc: sending RC pref name=pref_app_theme value=teal
02-25 15:32:02.232 11718 11872 V NetDiscover_prefremrc: sending RC pref name=pref_sound_on_off value=false
02-25 15:32:02.235 11718 11837 W LynxPwmOutputController: LynxSetPWMConfigurationCommand not implemented by lynx hw; ignoring
02-25 15:32:02.238 11718 11881 V Robocol : sending CMD_NOTIFY_USER_DEVICE_LIST(15), attempt: 0
02-25 15:32:02.239 11718 11881 V Robocol : sending CMD_ROBOT_CONTROLLER_PREFERENCE(16), attempt: 0
02-25 15:32:02.239 11718 11881 V Robocol : sending CMD_ROBOT_CONTROLLER_PREFERENCE(17), attempt: 0
02-25 15:32:02.240 11718 11881 V Robocol : sending CMD_ROBOT_CONTROLLER_PREFERENCE(18), attempt: 0
02-25 15:32:02.240 11718 11881 V Robocol : sending CMD_ROBOT_CONTROLLER_PREFERENCE(19), attempt: 0
02-25 15:32:02.241 11718 11881 V Robocol : sending CMD_ROBOT_CONTROLLER_PREFERENCE(20), attempt: 0
02-25 15:32:02.241 11718 11837 W LynxPwmOutputController: LynxSetPWMEnableCommand not implemented by lynx hw; ignoring
02-25 15:32:02.245 11718 11837 W LynxPwmOutputController: LynxSetPWMConfigurationCommand not implemented by lynx hw; ignoring
02-25 15:32:02.246 11718 11872 V ThreadPool: container(0x026411e7: SoundPlayer) added id=731 TID=0 count=1
02-25 15:32:02.247 11718 11872 V ThreadPool: container(0x026411e7: SoundPlayer) added id=732 TID=0 count=2
02-25 15:32:02.248 11718 11872 V RobotCore: Network: active, connected
02-25 15:32:02.250 11718 11837 W LynxPwmOutputController: LynxSetPWMEnableCommand not implemented by lynx hw; ignoring
02-25 15:32:02.253 11718 11837 W LynxPwmOutputController: LynxSetPWMConfigurationCommand not implemented by lynx hw; ignoring
02-25 15:32:02.256 11718 11837 W LynxPwmOutputController: LynxSetPWMEnableCommand not implemented by lynx hw; ignoring
02-25 15:32:02.259 11718 11837 W LynxPwmOutputController: LynxSetPWMConfigurationCommand not implemented by lynx hw; ignoring
02-25 15:32:02.259 11718 11837 V LynxAnalogInputController: initializeHardware() mod#=2
02-25 15:32:02.260 11718 11837 V LynxDigitalChannelController: initializeHardware() mod#=2
02-25 15:32:02.271 11718 11885 D MediaPlayer: setSubtitleAnchor in MediaPlayer
02-25 15:32:02.272 11718 11718 D MediaPlayer: setSubtitleAnchor in MediaPlayer
02-25 15:32:02.282 11718 11837 V RobotCore: Creating Lynx Color/Range Sensor - mod=2 bus=1
02-25 15:32:02.282 11718 11837 I RobotCore: LynxFirmwareVersionManager: LynxI2cDeviceSynchV1
02-25 15:32:02.283 11718 11837 V LynxI2cDeviceSynch: initializeHardware() mod#=2
02-25 15:32:02.283 11718 11837 V AMSColorSensorImpl: internalInitialize()...
02-25 15:32:02.305 11718 11872 V Robocol : received command: CMD_REQUEST_UI_STATE(10007) 
02-25 15:32:02.310 11718 11837 V AMSColorSensorImpl: state: 07 f6 ff ff 00 00 00 00 00 00 00 00 00 00 08 61 
02-25 15:32:02.310 11718 11837 V AMSColorSensorImpl: state| 00 01 60 33 1e 00 0a 00 0a 
02-25 15:32:02.313 11718 11883 D ExtendedUtils: extended extractor not needed, return default
02-25 15:32:02.314 11718 11883 I MediaCodec: (0xb905cc00) init name(audio/raw) isType(1) encoder(0)
02-25 15:32:02.317 11718 11889 I OMXClient: Using client-side OMX mux.
02-25 15:32:02.319 11718 11837 V AMSColorSensorImpl: disable() enabled=0x07...
02-25 15:32:02.323 11718 11889 E OMXMaster: A component of name 'OMX.qcom.audio.decoder.aac' already exists, ignoring this one.
02-25 15:32:02.326 11718 11889 I MediaCodec: (0xb905cc00) Component Allocated (OMX.google.raw.decoder)
02-25 15:32:02.326 11718 11883 I MediaCodec: (0xb905cc00) configure surface(0x0) crypto(0x0) flags(0)
02-25 15:32:02.326 11718 11883 D MediaCodec: (0xb905cc00) configure format: AMessage(what = 0x00000000) = {
02-25 15:32:02.326 11718 11883 D MediaCodec:    string mime = "audio/raw"
02-25 15:32:02.326 11718 11883 D MediaCodec:    int64_t durationUs = 485011
02-25 15:32:02.326 11718 11883 D MediaCodec:    int32_t channel-count = 2
02-25 15:32:02.326 11718 11883 D MediaCodec:    int32_t sample-rate = 44100
02-25 15:32:02.326 11718 11883 D MediaCodec:    int32_t channel-mask = 0
02-25 15:32:02.326 11718 11883 D MediaCodec:  }
02-25 15:32:02.328 11718 11883 I MediaCodec: (0xb905cc00) start
02-25 15:32:02.329 11718 11889 I MediaCodec: (0xb905cc00) input buffers allocated
02-25 15:32:02.329 11718 11889 I MediaCodec: (0xb905cc00) numBuffers (4)
02-25 15:32:02.329 11718 11889 I MediaCodec: (0xb905cc00) output buffers allocated
02-25 15:32:02.329 11718 11889 I MediaCodec: (0xb905cc00) numBuffers (4)
02-25 15:32:02.331 11718 11889 I MediaCodec: (0xb905cc00) codec output format changed
02-25 15:32:02.331 11718 11889 D MediaCodec: (0xb905cc00) output format: AMessage(what = 'codc', target = 2) = {
02-25 15:32:02.331 11718 11889 D MediaCodec:    string mime = "audio/raw"
02-25 15:32:02.331 11718 11889 D MediaCodec:    int32_t channel-count = 2
02-25 15:32:02.331 11718 11889 D MediaCodec:    int32_t sample-rate = 44100
02-25 15:32:02.331 11718 11889 D MediaCodec:    int32_t channel-mask = 0
02-25 15:32:02.331 11718 11889 D MediaCodec:    int32_t what = 1869968451
02-25 15:32:02.331 11718 11889 D MediaCodec:  }
02-25 15:32:02.336 11718 11883 I MediaCodec: (0xb905cc00) stop
02-25 15:32:02.338 11718 11883 I MediaCodec: (0xb905cc00) release
02-25 15:32:02.346 11718 11885 W AudioTrack: AUDIO_OUTPUT_FLAG_FAST denied by client; transfer 4, track 44100 Hz, output 48000 Hz
02-25 15:32:02.349 11718 11837 V AMSColorSensorImpl: ...disable() enabled=0x00
02-25 15:32:02.350 11718 11837 V AMSColorSensorImpl: setIntegrationTime(0xf6)
02-25 15:32:02.358 11718 11837 V AMSColorSensorImpl: setGain(GAIN_4)
02-25 15:32:02.375 11718 11837 V AMSColorSensorImpl: setPDrive(Percent12_5)
02-25 15:32:02.393 11718 11837 V AMSColorSensorImpl: setProximityPulseCount(0x08)
02-25 15:32:02.410 11718 11837 V AMSColorSensorImpl: enable() enabled=0x00...
02-25 15:32:02.446 11718 11837 V AMSColorSensorImpl: ...enable() enabled=0x07
02-25 15:32:02.457 11718 11837 V AMSColorSensorImpl: state: 07 f6 ff ff 00 00 00 00 00 00 00 00 00 00 08 61 
02-25 15:32:02.457 11718 11837 V AMSColorSensorImpl: state| 00 01 60 22 00 00 00 00 00 
02-25 15:32:02.457 11718 11837 V AMSColorSensorImpl: ...internalInitialize()
02-25 15:32:02.457 11718 11837 V LynxI2cDeviceSynch: engaging mod#=2
02-25 15:32:02.458 11718 11837 V RobotCore: Creating user sensor MR Range Sensor - on Lynx module=2 bus=3
02-25 15:32:02.458 11718 11837 V RobotCore: Creating I2cDeviceSynch (Lynx) - mod=2 bus=3
02-25 15:32:02.458 11718 11837 I RobotCore: LynxFirmwareVersionManager: LynxI2cDeviceSynchV1
02-25 15:32:02.458 11718 11837 V LynxI2cDeviceSynch: initializeHardware() mod#=2
02-25 15:32:02.459 11718 11837 V RobotCore: Creating user sensor Adafruit IMU - on Lynx module=2 bus=0
02-25 15:32:02.459 11718 11837 V RobotCore: Creating I2cDeviceSynch (Lynx) - mod=2 bus=0
02-25 15:32:02.459 11718 11837 I RobotCore: LynxFirmwareVersionManager: LynxI2cDeviceSynchV1
02-25 15:32:02.459 11718 11837 V LynxI2cDeviceSynch: initializeHardware() mod#=2
02-25 15:32:02.461 11718 11837 V LynxMotor: initializeHardware() mod#=3
02-25 15:32:02.579 11718 11837 V RobotCore: DcMotorImpl(type=RevRoboticsHDHexMotor)
02-25 15:32:02.579 11718 11837 V RobotCore: DcMotorImpl(type=RevRoboticsHDHexMotor)
02-25 15:32:02.579 11718 11837 V RobotCore: DcMotorImpl(type=RevRoboticsCoreHexMotor)
02-25 15:32:02.589 11718 11837 V RobotCore: DcMotorImpl(type=NeveRest40Gearmotor)
02-25 15:32:02.589 11718 11837 V LynxServoController: initializeHardware() mod#=3
02-25 15:32:02.643 11718 11837 V LynxVoltageSensor: initializeHardware() mod#=3
02-25 15:32:02.644 11718 11837 V LynxPwmOutputController: initializeHardware() mod#=3
02-25 15:32:02.649 11718 11837 W LynxPwmOutputController: LynxSetPWMEnableCommand not implemented by lynx hw; ignoring
02-25 15:32:02.654 11718 11837 W LynxPwmOutputController: LynxSetPWMConfigurationCommand not implemented by lynx hw; ignoring
02-25 15:32:02.658 11718 11837 W LynxPwmOutputController: LynxSetPWMEnableCommand not implemented by lynx hw; ignoring
02-25 15:32:02.664 11718 11837 W LynxPwmOutputController: LynxSetPWMConfigurationCommand not implemented by lynx hw; ignoring
02-25 15:32:02.670 11718 11837 W LynxPwmOutputController: LynxSetPWMEnableCommand not implemented by lynx hw; ignoring
02-25 15:32:02.676 11718 11837 W LynxPwmOutputController: LynxSetPWMConfigurationCommand not implemented by lynx hw; ignoring
02-25 15:32:02.681 11718 11837 W LynxPwmOutputController: LynxSetPWMEnableCommand not implemented by lynx hw; ignoring
02-25 15:32:02.686 11718 11837 W LynxPwmOutputController: LynxSetPWMConfigurationCommand not implemented by lynx hw; ignoring
02-25 15:32:02.686 11718 11837 V LynxAnalogInputController: initializeHardware() mod#=3
02-25 15:32:02.687 11718 11837 V LynxDigitalChannelController: initializeHardware() mod#=3
02-25 15:32:02.720 11718 11837 V RobotCore: Creating user sensor MR Range Sensor - on Lynx module=3 bus=1
02-25 15:32:02.720 11718 11837 V RobotCore: Creating I2cDeviceSynch (Lynx) - mod=3 bus=1
02-25 15:32:02.721 11718 11837 I RobotCore: LynxFirmwareVersionManager: LynxI2cDeviceSynchV1
02-25 15:32:02.721 11718 11837 V LynxI2cDeviceSynch: initializeHardware() mod#=3
02-25 15:32:02.722 11718 11837 I RobotCore: ========= Device Information ===================================================
02-25 15:32:02.722 11718 11837 I RobotCore: Type                                               Name                           Connection
02-25 15:32:02.723 11718 11837 I RobotCore: Motor                                              rr                             USB DQ16V4CE; module 3; port 0
02-25 15:32:02.723 11718 11837 I RobotCore: Servo                                              relicElbow                     USB DQ16V4CE; module 3; port 1
02-25 15:32:02.724 11718 11837 I RobotCore: Motor                                              glyphLift                      USB DQ16V4CE; module 3; port 3
02-25 15:32:02.724 11718 11837 I RobotCore: Servo                                              relicClaw                      USB DQ16V4CE; module 3; port 0
02-25 15:32:02.724 11718 11837 I RobotCore: Motor                                              lr                             USB DQ16V4CE; module 2; port 1
02-25 15:32:02.724 11718 11837 I RobotCore: REV Robotics USB Expansion Hub Portal              Expansion Hub Portal 1         USB DQ16V4CE
02-25 15:32:02.725 11718 11837 I RobotCore: Servo                                              longArm                        USB DQ16V4CE; module 2; port 1
02-25 15:32:02.725 11718 11837 I RobotCore: Motor                                              led                            USB DQ16V4CE; module 2; port 2
02-25 15:32:02.743 11718 11837 I RobotCore: Modern Robotics Range Sensor v1.2                  x2Range                        USB DQ16V4CE; module 3; bus 1; addr7=0x14
02-25 15:32:02.744 11718 11837 I RobotCore: Expansion Hub DC Motor Controller                  Expansion Hub 3                USB DQ16V4CE; module 3
02-25 15:32:02.744 11718 11837 I RobotCore: Expansion Hub Servo Controller                     Expansion Hub 3                USB DQ16V4CE; module 3
02-25 15:32:02.744 11718 11837 I RobotCore: Expansion Hub Voltage Sensor                       Expansion Hub 3                USB DQ16V4CE; module 3
02-25 15:32:02.745 11718 11837 I RobotCore: Expansion Hub Pwm Controller                       Expansion Hub 3                USB DQ16V4CE; module 3
02-25 15:32:02.745 11718 11837 I RobotCore: Expansion Hub Analog Input Controller              Expansion Hub 3                USB DQ16V4CE; module 3
02-25 15:32:02.745 11718 11837 I RobotCore: Expansion Hub Digital Channel Controller           Expansion Hub 3                USB DQ16V4CE; module 3
02-25 15:32:02.752 11718 11837 I RobotCore: Expansion Hub (HW: 20, Maj: 1, Min: 7, Eng: 2)     Expansion Hub 3                USB DQ16V4CE; module 3
02-25 15:32:02.753 11718 11837 I RobotCore: Expansion Hub DC Motor Controller                  Expansion Hub 2                USB DQ16V4CE; module 2
02-25 15:32:02.753 11718 11837 I RobotCore: Expansion Hub Servo Controller                     Expansion Hub 2                USB DQ16V4CE; module 2
02-25 15:32:02.753 11718 11837 I RobotCore: Expansion Hub Voltage Sensor                       Expansion Hub 2                USB DQ16V4CE; module 2
02-25 15:32:02.753 11718 11837 I RobotCore: Expansion Hub Pwm Controller                       Expansion Hub 2                USB DQ16V4CE; module 2
02-25 15:32:02.753 11718 11837 I RobotCore: Expansion Hub Analog Input Controller              Expansion Hub 2                USB DQ16V4CE; module 2
02-25 15:32:02.754 11718 11837 I RobotCore: Expansion Hub Digital Channel Controller           Expansion Hub 2                USB DQ16V4CE; module 2
02-25 15:32:02.758 11718 11837 I RobotCore: Expansion Hub (HW: 20, Maj: 1, Min: 7, Eng: 2)     Expansion Hub 2                USB DQ16V4CE; module 2
02-25 15:32:02.758 11718 11837 I RobotCore: Adafruit IMU                                       imu                            USB DQ16V4CE; module 2; bus 0; addr7=0x00
02-25 15:32:02.759 11718 11837 I RobotCore: Servo                                              shortArm                       USB DQ16V4CE; module 2; port 2
02-25 15:32:02.759 11718 11837 I RobotCore: Servo                                              glyphFlipper                   USB DQ16V4CE; module 3; port 2
02-25 15:32:02.759 11718 11837 I RobotCore: Motor                                              intake_right                   USB DQ16V4CE; module 3; port 2
02-25 15:32:02.759 11718 11837 I RobotCore: Servo                                              intakeRightHolder              USB DQ16V4CE; module 3; port 4
02-25 15:32:02.759 11718 11837 I RobotCore: Servo                                              glyphPusher                    USB DQ16V4CE; module 3; port 3
02-25 15:32:02.760 11718 11837 I RobotCore: Servo                                              relicClawholder                USB DQ16V4CE; module 3; port 5
02-25 15:32:02.760 11718 11837 I RobotCore: Servo                                              distSensor                     USB DQ16V4CE; module 2; port 4
02-25 15:32:02.760 11718 11837 I RobotCore: Servo                                              intakeLeftHolder               USB DQ16V4CE; module 2; port 3
02-25 15:32:02.760 11718 11837 I RobotCore: Motor                                              relicSlider                    USB DQ16V4CE; module 2; port 3
02-25 15:32:02.760 11718 11837 I RobotCore: Motor                                              rf                             USB DQ16V4CE; module 3; port 1
02-25 15:32:02.761 11718 11837 I RobotCore: REV Color/Range Sensor                             jewelColor                     USB DQ16V4CE; module 2; bus 1; addr7=0x39
02-25 15:32:02.761 11718 11837 I RobotCore: Motor                                              lf                             USB DQ16V4CE; module 2; port 0
02-25 15:32:02.774 11718 11837 I RobotCore: Modern Robotics Range Sensor v1.2                  x1Range                        USB DQ16V4CE; module 2; bus 3; addr7=0x14
02-25 15:32:02.774 11718 11837 I FtcEventLoop: ======= INIT FINISH =======
02-25 15:32:02.774 11718 11837 V RobotCore: EventLoopManager state is RUNNING
02-25 15:32:02.774 11718 11837 V RobotCore: Robot Status: running, starting robot
02-25 15:32:02.775 11718 11837 V RobotCore: Robot Status: running
02-25 15:32:02.775 11718 11837 V ThreadPool: container(0x06ce4be1: executorEventLoop) added id=736 TID=0 count=1
02-25 15:32:02.776 11718 11871 I BatteryChecker: percent remaining: 77 is charging: false
02-25 15:32:02.777 11718 11837 V RobotCore: thread: ...terminating 'RobotSetupRunnable.run()'
02-25 15:32:02.783 11718 11894 V RobotCore: thread: 'opmode loop()' starting...
02-25 15:32:02.798 11718 11881 V Robocol : sending CMD_NOTIFY_ROBOT_STATE(32), attempt: 0
02-25 15:32:02.806 11718 11885 D MediaPlayer: setSubtitleAnchor in MediaPlayer
02-25 15:32:02.806 11718 11718 D MediaPlayer: setSubtitleAnchor in MediaPlayer
02-25 15:32:02.809 11718 11718 E MediaPlayer: invoke failed: wrong state 8
02-25 15:32:02.810 11718 11718 W MediaPlayer: mediaplayer went away with unhandled events
02-25 15:32:02.819 11718 11883 D ExtendedUtils: extended extractor not needed, return default
02-25 15:32:02.820 11718 11883 I MediaCodec: (0xb907b658) init name(audio/raw) isType(1) encoder(0)
02-25 15:32:02.825 11718 11899 I OMXClient: Using client-side OMX mux.
02-25 15:32:02.829 11718 11899 E OMXMaster: A component of name 'OMX.qcom.audio.decoder.aac' already exists, ignoring this one.
02-25 15:32:02.832 11718 11899 I MediaCodec: (0xb907b658) Component Allocated (OMX.google.raw.decoder)
02-25 15:32:02.832 11718 11883 I MediaCodec: (0xb907b658) configure surface(0x0) crypto(0x0) flags(0)
02-25 15:32:02.833 11718 11883 D MediaCodec: (0xb907b658) configure format: AMessage(what = 0x00000000) = {
02-25 15:32:02.833 11718 11883 D MediaCodec:    string mime = "audio/raw"
02-25 15:32:02.833 11718 11883 D MediaCodec:    int64_t durationUs = 1019125
02-25 15:32:02.833 11718 11883 D MediaCodec:    int32_t channel-count = 1
02-25 15:32:02.833 11718 11883 D MediaCodec:    int32_t sample-rate = 8000
02-25 15:32:02.833 11718 11883 D MediaCodec:    int32_t channel-mask = 0
02-25 15:32:02.833 11718 11883 D MediaCodec:  }
02-25 15:32:02.833 11718 11883 I MediaCodec: (0xb907b658) start
02-25 15:32:02.834 11718 11899 I MediaCodec: (0xb907b658) input buffers allocated
02-25 15:32:02.834 11718 11899 I MediaCodec: (0xb907b658) numBuffers (4)
02-25 15:32:02.834 11718 11899 I MediaCodec: (0xb907b658) output buffers allocated
02-25 15:32:02.834 11718 11899 I MediaCodec: (0xb907b658) numBuffers (4)
02-25 15:32:02.837 11718 11899 I MediaCodec: (0xb907b658) codec output format changed
02-25 15:32:02.837 11718 11899 D MediaCodec: (0xb907b658) output format: AMessage(what = 'codc', target = 6) = {
02-25 15:32:02.837 11718 11899 D MediaCodec:    string mime = "audio/raw"
02-25 15:32:02.837 11718 11899 D MediaCodec:    int32_t channel-count = 1
02-25 15:32:02.837 11718 11899 D MediaCodec:    int32_t sample-rate = 8000
02-25 15:32:02.837 11718 11899 D MediaCodec:    int32_t channel-mask = 0
02-25 15:32:02.837 11718 11899 D MediaCodec:    int32_t what = 1869968451
02-25 15:32:02.837 11718 11899 D MediaCodec:  }
02-25 15:32:02.838 11718 11881 V Robocol : sending CMD_NOTIFY_ACTIVE_CONFIGURATION(35), attempt: 0
02-25 15:32:02.839 11718 11883 I MediaCodec: (0xb907b658) stop
02-25 15:32:02.841 11718 11883 I MediaCodec: (0xb907b658) release
02-25 15:32:02.845 11718 11871 E Robocol : command processing took 0.539 s: command=CMD_REQUEST_UI_STATE
02-25 15:32:02.846 11718 11885 W AudioTrack: AUDIO_OUTPUT_FLAG_FAST denied by client; transfer 4, track 8000 Hz, output 48000 Hz
02-25 15:32:02.878 11718 11881 V Robocol : sending CMD_NOTIFY_USER_DEVICE_LIST(37), attempt: 0
02-25 15:32:02.879 11718 11881 V Robocol : sending CMD_NOTIFY_OP_MODE_LIST(38), attempt: 0
02-25 15:32:03.290 11718 11894 V ThreadPool: container(0x0bec565a: OpModeStuckCodeMonitor) added id=740 TID=0 count=1
02-25 15:32:03.293 11718 11894 I RobotCore: Attempting to switch to op mode $Stop$Robot$
02-25 15:32:03.358 11718 11881 V Robocol : sending CMD_NOTIFY_INIT_OP_MODE(51), attempt: 0
02-25 15:32:03.562 11718 11894 I RobotCore: robot battery read duration: n=4, mean=8.320ms sd=3.789ms
02-25 15:32:06.568 11718 11718 I BatteryChecker: percent remaining: 77 is charging: false
02-25 15:32:31.516 11718 11870 V ThreadPool: container(0x01b145ee: default threadpool) removed id=718 TID=11870 count=2
02-25 15:32:32.777 11718 11837 V ThreadPool: container(0x01b145ee: default threadpool) removed id=713 TID=11837 count=1
02-25 15:32:36.847 11718 11718 I BatteryChecker: percent remaining: 77 is charging: false
02-25 15:32:36.919 11718 11718 I BatteryChecker: percent remaining: 77 is charging: false
02-25 15:33:01.392 11718 11872 V Robocol : received command: CMD_INIT_OP_MODE(10751) $Stop$Robot$
02-25 15:33:01.394 11718 11871 I BatteryChecker: percent remaining: 77 is charging: false
02-25 15:33:01.404 11718 11894 I RobotCore: Attempting to switch to op mode $Stop$Robot$
02-25 15:33:01.478 11718 11881 V Robocol : sending CMD_NOTIFY_INIT_OP_MODE(834), attempt: 0
--------- beginning of main
02-25 15:19:09.356 10626 11041 I chatty  : uid=10133 expire 3 lines
02-25 15:20:01.339 10626 10626 I chatty  : uid=10133 expire 10 lines
02-25 15:20:50.043 10626 10813 I chatty  : uid=10133 expire 39 lines
02-25 15:25:53.207 10626 11086 I chatty  : uid=10133 expire 39 lines
02-25 15:26:02.315 10626 10626 I chatty  : uid=10133 expire 12 lines
02-25 15:26:20.407 10626 10636 I chatty  : uid=10133 expire 10 lines
02-25 15:27:16.175 10626 11086 I chatty  : uid=10133 expire 305 lines
02-25 15:27:33.474 10626 11086 I chatty  : uid=10133 expire 63 lines
02-25 15:27:35.394 10626 10813 I chatty  : uid=10133 expire 38 lines
02-25 15:27:35.589 10626 10791 I chatty  : uid=10133 expire 14 lines
02-25 15:27:37.226 10626 11232 I chatty  : uid=10133 expire 7 lines
02-25 15:28:01.162 10626 10813 I chatty  : uid=10133 expire 38 lines
02-25 15:28:27.804 10626 11248 I chatty  : uid=10133 expire 25 lines
02-25 15:28:58.042 10626 11248 I chatty  : uid=10133 expire 324 lines
02-25 15:29:16.354 10626 11248 I chatty  : uid=10133 expire 77 lines
02-25 15:29:18.750 10626 10813 I chatty  : uid=10133 expire 38 lines
02-25 15:29:19.176 10626 10796 I chatty  : uid=10133 expire 9 lines
02-25 15:29:19.192 10626 10790 I chatty  : uid=10133 expire 7 lines
02-25 15:29:20.773 10626 11366 I chatty  : uid=10133 expire 7 lines
02-25 15:29:32.720 10626 10813 I chatty  : uid=10133 expire 37 lines
02-25 15:31:02.075 10626 11371 I chatty  : uid=10133 expire 31 lines
02-25 15:31:13.965 10626 10813 I chatty  : uid=10133 expire 1 line
02-25 15:31:16.832 10626 11371 I chatty  : uid=10133 expire 280 lines
02-25 15:31:31.537 10626 11371 I chatty  : uid=10133 expire 44 lines
02-25 15:31:32.974 10626 11371 I TechNova: RelicRecoveryAutoTileRunnerBlue2: ** TurnToAngle 1:  | -136.9 47.9 0.20
02-25 15:31:33.002 10626 11371 I TechNova: RelicRecoveryAutoTileRunnerBlue2: ** TurnToAngle 1:  | -135.2 46.2 0.20
02-25 15:31:33.021 10626 11371 I TechNova: RelicRecoveryAutoTileRunnerBlue2: ** TurnToAngle 1:  | -133.4 44.4 0.12
02-25 15:31:33.062 10626 11371 I TechNova: RelicRecoveryAutoTileRunnerBlue2: ** TurnToAngle 1:  | -130.2 41.2 0.12
02-25 15:31:33.078 10626 11371 I TechNova: RelicRecoveryAutoTileRunnerBlue2: ** TurnToAngle 1:  | -127.7 38.7 0.12
02-25 15:31:33.101 10626 11371 I TechNova: RelicRecoveryAutoTileRunnerBlue2: ** TurnToAngle 1:  | -126.9 37.9 0.12
02-25 15:31:33.116 10626 11371 I TechNova: RelicRecoveryAutoTileRunnerBlue2: ** TurnToAngle 1:  | -125.4 36.4 0.12
02-25 15:31:33.142 10626 11371 I TechNova: RelicRecoveryAutoTileRunnerBlue2: ** TurnToAngle 1:  | -124.1 35.1 0.12
02-25 15:31:33.171 10626 11371 I TechNova: RelicRecoveryAutoTileRunnerBlue2: ** TurnToAngle 1:  | -122.2 33.2 0.12
02-25 15:31:33.197 10626 11371 I TechNova: RelicRecoveryAutoTileRunnerBlue2: ** TurnToAngle 1:  | -120.6 31.6 0.12
02-25 15:31:33.225 10626 11371 I TechNova: RelicRecoveryAutoTileRunnerBlue2: ** TurnToAngle 1:  | -119.8 30.8 0.12
02-25 15:31:33.239 10626 11371 I TechNova: RelicRecoveryAutoTileRunnerBlue2: ** TurnToAngle 1:  | -118.4 29.4 0.12
02-25 15:31:33.258 10626 11371 I TechNova: RelicRecoveryAutoTileRunnerBlue2: ** TurnToAngle 1:  | -117.9 28.9 0.12
02-25 15:31:33.285 10626 11371 I TechNova: RelicRecoveryAutoTileRunnerBlue2: ** TurnToAngle 1:  | -116.9 27.9 0.12
02-25 15:31:33.308 10626 11371 I TechNova: RelicRecoveryAutoTileRunnerBlue2: ** TurnToAngle 1:  | -115.4 26.4 0.12
02-25 15:31:33.336 10626 11371 I TechNova: RelicRecoveryAutoTileRunnerBlue2: ** TurnToAngle 1:  | -114.4 25.4 0.12
02-25 15:31:33.355 10626 11371 I TechNova: RelicRecoveryAutoTileRunnerBlue2: ** TurnToAngle 1:  | -112.9 23.9 0.12
02-25 15:31:33.378 10626 11371 I TechNova: RelicRecoveryAutoTileRunnerBlue2: ** TurnToAngle 1:  | -111.8 22.8 0.12
02-25 15:31:33.398 10626 11371 I TechNova: RelicRecoveryAutoTileRunnerBlue2: ** TurnToAngle 1:  | -110.8 21.8 0.12
02-25 15:31:33.422 10626 11371 I TechNova: RelicRecoveryAutoTileRunnerBlue2: ** TurnToAngle 1:  | -109.8 20.8 0.12
02-25 15:31:33.439 10626 11371 I TechNova: RelicRecoveryAutoTileRunnerBlue2: ** TurnToAngle 1:  | -108.9 19.9 0.08
02-25 15:31:33.489 10626 11371 I TechNova: RelicRecoveryAutoTileRunnerBlue2: ** TurnToAngle 1:  | -106.2 17.2 0.08
02-25 15:31:33.513 10626 11371 I TechNova: RelicRecoveryAutoTileRunnerBlue2: ** TurnToAngle 1:  | -105.2 16.2 0.08
02-25 15:31:33.538 10626 11371 I TechNova: RelicRecoveryAutoTileRunnerBlue2: ** TurnToAngle 1:  | -104.2 15.2 0.08
02-25 15:31:33.568 10626 11371 I TechNova: RelicRecoveryAutoTileRunnerBlue2: ** TurnToAngle 1:  | -102.9 13.9 0.08
02-25 15:31:33.590 10626 11371 I TechNova: RelicRecoveryAutoTileRunnerBlue2: ** TurnToAngle 1:  | -101.6 12.6 0.08
