02-25 17:58:48.009 32523   723 I TechNova: TileRunnerRobot: EncodersC | 	10	-8	-16	6
02-25 17:58:48.034 32523   723 I TechNova: TileRunnerRobot: EncodersT | 	73	-72	-72	73
02-25 17:58:48.126 32523   723 I TechNova: TileRunnerRobot: Encoder Remain | 	0.0	0.0	6.7
02-25 17:58:48.143 32523   723 I TechNova: TileRunnerRobot: EncodersC | 	20	-14	-23	14
02-25 17:58:48.161 32523   723 I TechNova: TileRunnerRobot: EncodersT | 	73	-72	-72	73
02-25 17:58:48.224 32523   723 I TechNova: TileRunnerRobot: Encoder Remain | 	0.0	0.0	0.0
02-25 17:58:48.244 32523   723 I TechNova: TileRunnerRobot: EncodersC | 	37	-41	-35	37
02-25 17:58:48.261 32523   723 I TechNova: TileRunnerRobot: EncodersT | 	73	-72	-72	73
02-25 17:58:48.350 32523   723 I TechNova: TileRunnerRobot: Encoder Remain | 	0.0	0.0	0.0
02-25 17:58:48.378 32523   723 I TechNova: TileRunnerRobot: EncodersC | 	69	-64	-61	67
02-25 17:58:48.395 32523   723 I TechNova: TileRunnerRobot: EncodersT | 	73	-72	-72	73
02-25 17:58:48.547 32523   723 I TechNova: RelicRecoveryAutoTileRunnerRed3:  --- Flip Glyph Tray --- 
02-25 17:58:48.866 32523   723 I TechNova: RelicRecoveryAutoTileRunnerRed3:  --- More backward to let glyph fall on the floor --- 
02-25 17:58:48.866 32523   723 I TechNova: RelicRecoveryAutoTileRunnerRed3: Drive forward: | 2.50, 0.32
02-25 17:58:48.867 32523   723 I TechNova: TileRunnerRobot: Encoder: | 50.93 | 127
02-25 17:58:49.084 32523   723 I TechNova: TileRunnerRobot: Encoder Remain | 	97.0	32.3	0.0
02-25 17:58:49.110 32523   723 I TechNova: TileRunnerRobot: EncodersC | 	-39	-34	-46	-38
02-25 17:58:49.127 32523   723 I TechNova: TileRunnerRobot: EncodersT | 	-126	-127	-127	-126
02-25 17:58:49.232 32523   723 I TechNova: TileRunnerRobot: Encoder Remain | 	36.0	44.3	32.3
02-25 17:58:49.251 32523   723 I TechNova: TileRunnerRobot: EncodersC | 	-105	-99	-110	-101
02-25 17:58:49.269 32523   723 I TechNova: TileRunnerRobot: EncodersT | 	-126	-127	-127	-126
02-25 17:58:49.611 32523   723 I TechNova: RelicRecoveryAutoTileRunnerRed3: Drive forward: | 4.50, 0.32
02-25 17:58:49.612 32523   723 I TechNova: TileRunnerRobot: Encoder: | 50.93 | 229
02-25 17:58:49.845 32523   723 I TechNova: TileRunnerRobot: Encoder Remain | 	193.0	108.7	44.3
02-25 17:58:49.863 32523   723 I TechNova: TileRunnerRobot: EncodersC | 	-41	-33	-69	-50
02-25 17:58:49.887 32523   723 I TechNova: TileRunnerRobot: EncodersT | 	-228	-229	-229	-228
02-25 17:58:49.982 32523   723 I TechNova: TileRunnerRobot: Encoder Remain | 	90.0	106.3	108.7
02-25 17:58:50.010 32523   723 I TechNova: TileRunnerRobot: EncodersC | 	-152	-147	-188	-170
02-25 17:58:50.030 32523   723 I TechNova: TileRunnerRobot: EncodersT | 	-228	-229	-229	-228
02-25 17:58:50.120 32523   723 I TechNova: TileRunnerRobot: Encoder Remain | 	10.0	97.7	106.3
02-25 17:58:50.134 32523   723 I TechNova: TileRunnerRobot: EncodersC | 	-253	-227	-259	-233
02-25 17:58:50.155 32523   723 I TechNova: TileRunnerRobot: EncodersT | 	-228	-229	-229	-228
02-25 17:58:50.333 32523   723 I TechNova: RelicRecoveryAutoTileRunnerRed3:  --- Drive forward to push --- 
02-25 17:58:50.333 32523   723 I TechNova: RelicRecoveryAutoTileRunnerRed3: Drive backward: | 6.70, 0.32, 2.00
02-25 17:58:50.334 32523   723 I TechNova: TileRunnerRobot: Encoder: | 50.93 | 341
02-25 17:58:50.544 32523   723 I TechNova: TileRunnerRobot: Encoder Remain | 	311.0	137.0	97.7
02-25 17:58:50.562 32523   723 I TechNova: TileRunnerRobot: EncodersC | 	26	59	36	52
02-25 17:58:50.583 32523   723 I TechNova: TileRunnerRobot: EncodersT | 	340	341	341	340
02-25 17:58:50.679 32523   723 I TechNova: TileRunnerRobot: Encoder Remain | 	208.0	176.3	137.0
02-25 17:58:50.696 32523   723 I TechNova: TileRunnerRobot: EncodersC | 	132	166	154	172
02-25 17:58:50.717 32523   723 I TechNova: TileRunnerRobot: EncodersT | 	340	341	341	340
02-25 17:58:50.817 32523   723 I TechNova: TileRunnerRobot: Encoder Remain | 	54.0	191.0	176.3
02-25 17:58:50.836 32523   723 I TechNova: TileRunnerRobot: EncodersC | 	291	314	313	319
02-25 17:58:50.856 32523   723 I TechNova: TileRunnerRobot: EncodersT | 	340	341	341	340
02-25 17:58:51.062 32523   723 I TechNova: RelicRecoveryAutoTileRunnerRed3:  Place Glyph into column (ms): 695 | LEFT | 67.00 cm
02-25 17:58:51.062 32523   723 I TechNova: RelicRecoveryAutoTileRunnerRed3:  --- Drive backward to finish --- 
02-25 17:58:51.063 32523   723 I TechNova: RelicRecoveryAutoTileRunnerRed3: Drive forward: | 5.00, 0.50
02-25 17:58:51.063 32523   723 I TechNova: TileRunnerRobot: Encoder: | 50.93 | 254
02-25 17:58:51.272 32523   723 I TechNova: TileRunnerRobot: Encoder Remain | 	214.0	158.7	191.0
02-25 17:58:51.289 32523   723 I TechNova: TileRunnerRobot: EncodersC | 	-77	-71	-89	-39
02-25 17:58:51.309 32523   723 I TechNova: TileRunnerRobot: EncodersT | 	-253	-254	-254	-253
02-25 17:58:51.419 32523   723 I TechNova: TileRunnerRobot: Encoder Remain | 	92.0	120.0	158.7
02-25 17:58:51.437 32523   723 I TechNova: TileRunnerRobot: EncodersC | 	-212	-198	-207	-164
02-25 17:58:51.459 32523   723 I TechNova: TileRunnerRobot: EncodersT | 	-253	-254	-254	-253
02-25 17:58:51.557 32523   723 I TechNova: TileRunnerRobot: Encoder Remain | 	9.0	105.0	120.0
02-25 17:58:51.574 32523   723 I TechNova: TileRunnerRobot: EncodersC | 	-270	-256	-254	-239
02-25 17:58:51.597 32523   723 I TechNova: TileRunnerRobot: EncodersT | 	-253	-254	-254	-253
02-25 17:58:51.758 32523   723 I TechNova: RelicRecoveryAutoTileRunnerRed3:  --- Turn to 90 degree --- 
02-25 17:58:51.780 32523   723 I TechNova: RelicRecoveryAutoTileRunnerRed3: ** TurnToAngle 1:  | -94.4 5.4 0.08
02-25 17:58:51.828 32523   723 I TechNova: RelicRecoveryAutoTileRunnerRed3: ** TurnToAngle 1:  | -94.4 5.4 0.08
02-25 17:58:51.855 32523   723 I TechNova: RelicRecoveryAutoTileRunnerRed3: ** TurnToAngle 1:  | -94.4 5.4 0.08
02-25 17:58:51.883 32523   723 I TechNova: RelicRecoveryAutoTileRunnerRed3: ** TurnToAngle 1:  | -94.4 5.4 0.08
02-25 17:58:51.909 32523   723 I TechNova: RelicRecoveryAutoTileRunnerRed3: ** TurnToAngle 1:  | -94.3 5.3 0.08
02-25 17:58:51.935 32523   723 I TechNova: RelicRecoveryAutoTileRunnerRed3: ** TurnToAngle 1:  | -94.2 5.2 0.08
02-25 17:58:51.956 32523   723 I TechNova: RelicRecoveryAutoTileRunnerRed3: ** TurnToAngle 1:  | -94.1 5.1 0.08
02-25 17:58:51.979 32523   723 I TechNova: RelicRecoveryAutoTileRunnerRed3: ** TurnToAngle 1:  | -94.2 5.2 0.08
02-25 17:58:52.005 32523   723 I TechNova: RelicRecoveryAutoTileRunnerRed3: ** TurnToAngle 1:  | -94.2 5.2 0.08
02-25 17:58:52.033 32523   723 I TechNova: RelicRecoveryAutoTileRunnerRed3: ** TurnToAngle 1:  | -94.1 5.1 0.08
02-25 17:58:52.052 32523   723 I TechNova: RelicRecoveryAutoTileRunnerRed3: ** TurnToAngle 1:  | -93.9 4.9 0.08
02-25 17:58:52.068 32523   723 I TechNova: RelicRecoveryAutoTileRunnerRed3: ** TurnToAngle 1:  | -93.9 4.9 0.08
02-25 17:58:52.092 32523   723 I TechNova: RelicRecoveryAutoTileRunnerRed3: ** TurnToAngle 1:  | -93.8 4.8 0.08
02-25 17:58:52.113 32523   723 I TechNova: RelicRecoveryAutoTileRunnerRed3: ** TurnToAngle 1:  | -93.6 4.6 0.08
02-25 17:58:52.130 32523   723 I TechNova: RelicRecoveryAutoTileRunnerRed3: ** TurnToAngle 1:  | -93.3 4.3 0.08
02-25 17:58:52.156 32523   723 I TechNova: RelicRecoveryAutoTileRunnerRed3: ** TurnToAngle 1:  | -93.2 4.2 0.08
02-25 17:58:52.180 32523   723 I TechNova: RelicRecoveryAutoTileRunnerRed3: ** TurnToAngle 1:  | -92.8 3.8 0.08
02-25 17:58:52.203 32523   723 I TechNova: RelicRecoveryAutoTileRunnerRed3: ** TurnToAngle 1:  | -92.5 3.5 0.08
02-25 17:58:52.228 32523   723 I TechNova: RelicRecoveryAutoTileRunnerRed3: ** TurnToAngle 1:  | -92.1 3.1 0.08
02-25 17:58:52.260 32523   723 I TechNova: RelicRecoveryAutoTileRunnerRed3: ** TurnToAngle 1:  | -91.5 2.5 0.08
02-25 17:58:52.292 32523   723 I TechNova: RelicRecoveryAutoTileRunnerRed3: ** TurnToAngle 1:  | -90.6 1.6 0.08
02-25 17:58:52.370 32523   723 I TechNova: RelicRecoveryAutoTileRunnerRed3:  -- Angle Reached -- : | -89.1
02-25 17:58:52.466 32523   723 I RelicRecoveryAutoTileRunnerRed3: RED | State:      8 [PICKUP_SECOND_GLYPH] |    End | 28968.7 | 11399 | IMU: -88.2 | (x1,x2): 53.0, 12.6 | Glyph count:   23 | LEFT | Battery: 13.03
02-25 17:58:52.564 32523   723 I RelicRecoveryAutoTileRunnerRed3: RED | State:        9 [READY_FOR_TELEOPS] |  Start | 29073.2 |     9 | IMU: -87.4 | (x1,x2): 55.0, 12.6 | Glyph count:   23 | LEFT | Battery: 13.03
02-25 17:58:52.727 32523   723 I RelicRecoveryAutoTileRunnerRed3: RED | State:        9 [READY_FOR_TELEOPS] |    End | 29230.9 |   167 | IMU: -87.4 | (x1,x2): 57.0, 13.0 | Glyph count:   23 | LEFT | Battery: 12.94
02-25 17:58:52.740 32523   723 V RobotCore: thread: ...terminating 'LinearOpMode main'
02-25 17:58:52.740 32523 32603 I FtcEventLoop: auto-stopping OpMode 'Auto RED #1 More Glyphs'
02-25 17:58:52.741 32523 32603 V ThreadPool: waiting for service user linear op mode
02-25 17:58:52.741 32523   723 V ThreadPool: container(0x0c6b315a: LinearOpMode) removed id=1091 TID=723 count=1
02-25 17:58:52.741 32523 32603 V ThreadPool: awaitTermination returned, isTerminated=true
02-25 17:58:52.741 32523 32603 V ThreadPool: executive service user linear op mode(0x0c6b315a) is terminated
02-25 17:58:53.009 32523 32603 V ThreadPool: executive service user linear op mode(0x0c6b315a) is terminated
02-25 17:58:53.009 32523 32603 I RobotCore: Attempting to switch to op mode $Stop$Robot$
02-25 17:58:53.076 32523 32590 V Robocol : sending CMD_NOTIFY_INIT_OP_MODE(5964), attempt: 0
02-25 17:58:53.109 32523 32583 V Robocol : received command: CMD_RUN_OP_MODE(18618) $Stop$Robot$
02-25 17:58:53.156 32523 32590 V Robocol : sending CMD_NOTIFY_RUN_OP_MODE(5970), attempt: 0
02-25 17:58:54.034 32523 32603 I RobotCore: Attempting to switch to op mode Tile Runner (New) TeleOps
02-25 17:58:54.034 32523 32603 V AMSColorSensorImpl: internalInitialize()...
02-25 17:58:54.062 32523 32603 V AMSColorSensorImpl: state: 07 f6 ff ff 00 00 00 00 00 00 00 00 00 00 08 61 
02-25 17:58:54.062 32523 32603 V AMSColorSensorImpl: state| 00 01 60 33 21 00 0d 00 0b 
02-25 17:58:54.076 32523 32603 V AMSColorSensorImpl: disable() enabled=0x07...
02-25 17:58:54.103 32523 32603 V AMSColorSensorImpl: ...disable() enabled=0x00
02-25 17:58:54.103 32523 32603 V AMSColorSensorImpl: setIntegrationTime(0xf6)
02-25 17:58:54.112 32523 32603 V AMSColorSensorImpl: setGain(GAIN_4)
02-25 17:58:54.133 32523 32603 V AMSColorSensorImpl: setPDrive(Percent12_5)
02-25 17:58:54.154 32523 32603 V AMSColorSensorImpl: setProximityPulseCount(0x08)
02-25 17:58:54.173 32523 32603 V AMSColorSensorImpl: enable() enabled=0x00...
02-25 17:58:54.211 32523 32603 V AMSColorSensorImpl: ...enable() enabled=0x07
02-25 17:58:54.230 32523 32603 V AMSColorSensorImpl: state: 07 f6 ff ff 00 00 00 00 00 00 00 00 00 00 08 61 
02-25 17:58:54.231 32523 32603 V AMSColorSensorImpl: state| 00 01 60 22 00 00 00 00 0b 
02-25 17:58:54.231 32523 32603 V AMSColorSensorImpl: ...internalInitialize()
02-25 17:58:54.234 32523 32603 W LynxPwmOutputController: LynxSetPWMEnableCommand not implemented by lynx hw; ignoring
02-25 17:58:54.238 32523 32603 W LynxPwmOutputController: LynxSetPWMConfigurationCommand not implemented by lynx hw; ignoring
02-25 17:58:54.243 32523 32603 W LynxPwmOutputController: LynxSetPWMEnableCommand not implemented by lynx hw; ignoring
02-25 17:58:54.246 32523 32603 W LynxPwmOutputController: LynxSetPWMConfigurationCommand not implemented by lynx hw; ignoring
02-25 17:58:54.250 32523 32603 W LynxPwmOutputController: LynxSetPWMEnableCommand not implemented by lynx hw; ignoring
02-25 17:58:54.254 32523 32603 W LynxPwmOutputController: LynxSetPWMConfigurationCommand not implemented by lynx hw; ignoring
02-25 17:58:54.258 32523 32603 W LynxPwmOutputController: LynxSetPWMEnableCommand not implemented by lynx hw; ignoring
02-25 17:58:54.262 32523 32603 W LynxPwmOutputController: LynxSetPWMConfigurationCommand not implemented by lynx hw; ignoring
02-25 17:58:54.360 32523 32603 W LynxPwmOutputController: LynxSetPWMEnableCommand not implemented by lynx hw; ignoring
02-25 17:58:54.366 32523 32603 W LynxPwmOutputController: LynxSetPWMConfigurationCommand not implemented by lynx hw; ignoring
02-25 17:58:54.370 32523 32603 W LynxPwmOutputController: LynxSetPWMEnableCommand not implemented by lynx hw; ignoring
02-25 17:58:54.375 32523 32603 W LynxPwmOutputController: LynxSetPWMConfigurationCommand not implemented by lynx hw; ignoring
02-25 17:58:54.380 32523 32603 W LynxPwmOutputController: LynxSetPWMEnableCommand not implemented by lynx hw; ignoring
02-25 17:58:54.385 32523 32603 W LynxPwmOutputController: LynxSetPWMConfigurationCommand not implemented by lynx hw; ignoring
02-25 17:58:54.389 32523 32603 W LynxPwmOutputController: LynxSetPWMEnableCommand not implemented by lynx hw; ignoring
02-25 17:58:54.394 32523 32603 W LynxPwmOutputController: LynxSetPWMConfigurationCommand not implemented by lynx hw; ignoring
02-25 17:58:54.711 32523 32603 V ThreadPool: container(0x0cfacb62: LinearOpMode) added id=1107 TID=0 count=1
02-25 17:58:54.714 32523   859 V RobotCore: thread: 'LinearOpMode main' starting...
02-25 17:58:54.716 32523 32590 V Robocol : sending CMD_NOTIFY_INIT_OP_MODE(5993), attempt: 0
02-25 17:58:54.799 32523   859 I TechNova: TileRunnerRobot: Init Drive Motors |  Drive Motors are initialized ...
02-25 17:58:54.915 32523   859 I TechNova: TileRunnerRobot: Color Sensor init failed. | Unable to find a hardware device with the name "glyphColor"
02-25 17:58:54.923 32523   859 I TechNova: TileRunnerRobot: Glyph blocker servo failed | Unable to find a hardware device with the name "glyphBlocker"
02-25 17:58:54.924 32523   859 I TechNova: TileRunnerRobot: Init Servos |  Servos are initialized ...
02-25 17:59:34.182 32523 32533 I art     : Background sticky concurrent mark sweep GC freed 470204(15MB) AllocSpace objects, 1(64KB) LOS objects, 37% free, 26MB/42MB, paused 1.709ms total 102.141ms
02-25 17:59:42.347 32523 32583 V Robocol : received command: CMD_INIT_OP_MODE(19054) $Stop$Robot$
02-25 17:59:42.358 32523 32603 V ThreadPool: waiting for service user linear op mode
02-25 17:59:42.359 32523   859 V RobotCore: thread: ...terminating 'LinearOpMode main'
02-25 17:59:42.360 32523 32603 V ThreadPool: awaitTermination returned, isTerminated=true
02-25 17:59:42.360 32523   859 V ThreadPool: container(0x0cfacb62: LinearOpMode) removed id=1107 TID=859 count=1
02-25 17:59:42.360 32523 32603 V ThreadPool: executive service user linear op mode(0x0cfacb62) is terminated
02-25 17:59:42.360 32523 32603 I RobotCore: Attempting to switch to op mode $Stop$Robot$
02-25 17:59:42.396 32523 32590 V Robocol : sending CMD_NOTIFY_INIT_OP_MODE(6459), attempt: 0
02-25 17:59:42.428 32523 32583 V Robocol : received command: CMD_RUN_OP_MODE(19059) $Stop$Robot$
02-25 17:59:42.476 32523 32590 V Robocol : sending CMD_NOTIFY_RUN_OP_MODE(6465), attempt: 0
02-25 17:59:58.124 32523 32523 V OnBotJavaService: onTrimMemory()
02-25 17:59:58.124 32523 32523 V MTPMonitorService: onTrimMemory()
02-25 18:00:03.667 32523 32583 V Robocol : received command: CMD_INIT_OP_MODE(19328) $Stop$Robot$
02-25 18:00:03.680 32523 32603 I RobotCore: Attempting to switch to op mode $Stop$Robot$
02-25 18:00:03.756 32523 32590 V Robocol : sending CMD_NOTIFY_INIT_OP_MODE(6757), attempt: 0
02-25 18:00:03.788 32523 32583 V Robocol : received command: CMD_RUN_OP_MODE(19334) $Stop$Robot$
02-25 18:00:03.840 32523 32590 V Robocol : sending CMD_NOTIFY_RUN_OP_MODE(6763), attempt: 0
02-25 18:00:07.277 32523 32603 I RobotCore: robot battery read duration: n=10, mean=3.968ms sd=1.101ms
02-25 18:00:08.277 32523 32583 V Robocol : received command: CMD_INIT_OP_MODE(19394) Auto RED #1 More Glyphs
02-25 18:00:08.289 32523 32603 I RobotCore: Attempting to switch to op mode Auto RED #1 More Glyphs
02-25 18:00:08.289 32523 32603 V AMSColorSensorImpl: internalInitialize()...
02-25 18:00:08.311 32523 32603 V AMSColorSensorImpl: state: 07 f6 ff ff 00 00 00 00 00 00 00 00 00 00 08 61 
02-25 18:00:08.312 32523 32603 V AMSColorSensorImpl: state| 00 01 60 33 1e 00 0c 00 09 
02-25 18:00:08.324 32523 32603 V AMSColorSensorImpl: disable() enabled=0x07...
02-25 18:00:08.350 32523 32603 V AMSColorSensorImpl: ...disable() enabled=0x00
02-25 18:00:08.350 32523 32603 V AMSColorSensorImpl: setIntegrationTime(0xf6)
02-25 18:00:08.360 32523 32603 V AMSColorSensorImpl: setGain(GAIN_4)
02-25 18:00:08.381 32523 32603 V AMSColorSensorImpl: setPDrive(Percent12_5)
02-25 18:00:08.402 32523 32603 V AMSColorSensorImpl: setProximityPulseCount(0x08)
02-25 18:00:08.424 32523 32603 V AMSColorSensorImpl: enable() enabled=0x00...
02-25 18:00:08.464 32523 32603 V AMSColorSensorImpl: ...enable() enabled=0x07
02-25 18:00:08.483 32523 32603 V AMSColorSensorImpl: state: 07 f6 ff ff 00 00 00 00 00 00 00 00 00 00 08 61 
02-25 18:00:08.484 32523 32603 V AMSColorSensorImpl: state| 00 01 60 33 1e 00 0c 00 09 
02-25 18:00:08.484 32523 32603 V AMSColorSensorImpl: ...internalInitialize()
02-25 18:00:08.489 32523 32603 W LynxPwmOutputController: LynxSetPWMEnableCommand not implemented by lynx hw; ignoring
02-25 18:00:08.493 32523 32603 W LynxPwmOutputController: LynxSetPWMConfigurationCommand not implemented by lynx hw; ignoring
02-25 18:00:08.496 32523 32603 W LynxPwmOutputController: LynxSetPWMEnableCommand not implemented by lynx hw; ignoring
02-25 18:00:08.500 32523 32603 W LynxPwmOutputController: LynxSetPWMConfigurationCommand not implemented by lynx hw; ignoring
02-25 18:00:08.505 32523 32603 W LynxPwmOutputController: LynxSetPWMEnableCommand not implemented by lynx hw; ignoring
02-25 18:00:08.510 32523 32603 W LynxPwmOutputController: LynxSetPWMConfigurationCommand not implemented by lynx hw; ignoring
02-25 18:00:08.514 32523 32603 W LynxPwmOutputController: LynxSetPWMEnableCommand not implemented by lynx hw; ignoring
02-25 18:00:08.517 32523 32603 W LynxPwmOutputController: LynxSetPWMConfigurationCommand not implemented by lynx hw; ignoring
02-25 18:00:08.614 32523 32603 W LynxPwmOutputController: LynxSetPWMEnableCommand not implemented by lynx hw; ignoring
02-25 18:00:08.620 32523 32603 W LynxPwmOutputController: LynxSetPWMConfigurationCommand not implemented by lynx hw; ignoring
02-25 18:00:08.625 32523 32603 W LynxPwmOutputController: LynxSetPWMEnableCommand not implemented by lynx hw; ignoring
02-25 18:00:08.630 32523 32603 W LynxPwmOutputController: LynxSetPWMConfigurationCommand not implemented by lynx hw; ignoring
02-25 18:00:08.634 32523 32603 W LynxPwmOutputController: LynxSetPWMEnableCommand not implemented by lynx hw; ignoring
02-25 18:00:08.640 32523 32603 W LynxPwmOutputController: LynxSetPWMConfigurationCommand not implemented by lynx hw; ignoring
02-25 18:00:08.644 32523 32603 W LynxPwmOutputController: LynxSetPWMEnableCommand not implemented by lynx hw; ignoring
02-25 18:00:08.650 32523 32603 W LynxPwmOutputController: LynxSetPWMConfigurationCommand not implemented by lynx hw; ignoring
02-25 18:00:08.906 32523 32603 V ThreadPool: container(0x0d1675b0: LinearOpMode) added id=1108 TID=0 count=1
02-25 18:00:08.911 32523   868 V RobotCore: thread: 'LinearOpMode main' starting...
02-25 18:00:08.916 32523 32590 V Robocol : sending CMD_NOTIFY_INIT_OP_MODE(6836), attempt: 0
02-25 18:00:08.984 32523   868 I TechNova: TileRunnerRobot: Init Drive Motors |  Drive Motors are initialized ...
02-25 18:00:08.985 32523   868 I TileRunnerRobot: 0 | init ...
02-25 18:00:09.086 32523   868 V RobotCore: addr=false data=true arb=false clock=false
02-25 18:00:09.086 32523   868 E LynxI2cDeviceSynch: readStatusQuery: cbExpected=1 cbRead=0
02-25 18:00:09.086 32523   868 E LynxI2cDeviceSynch: placeholder: readStatusQuery
02-25 18:00:09.159 32523   868 V RobotCore: addr=false data=true arb=false clock=false
02-25 18:00:09.159 32523   868 E LynxI2cDeviceSynch: readStatusQuery: cbExpected=1 cbRead=0
02-25 18:00:09.230 32523   868 V RobotCore: addr=false data=true arb=false clock=false
02-25 18:00:09.230 32523   868 E LynxI2cDeviceSynch: readStatusQuery: cbExpected=1 cbRead=0
02-25 18:00:09.304 32523   868 V RobotCore: addr=false data=true arb=false clock=false
02-25 18:00:09.304 32523   868 E LynxI2cDeviceSynch: readStatusQuery: cbExpected=1 cbRead=0
02-25 18:00:09.376 32523   868 V RobotCore: addr=false data=true arb=false clock=false
02-25 18:00:09.376 32523   868 E LynxI2cDeviceSynch: readStatusQuery: cbExpected=1 cbRead=0
02-25 18:00:09.850 32523   868 W AdaFruitIMU: re-issuing IMU mode: system status=IDLE expected=RUNNING_FUSION
02-25 18:00:10.021 32523   868 I TechNova: TileRunnerRobot: Init Imu | 1036 | imu initialized ...
02-25 18:00:10.021 32523   868 I TechNova: TileRunnerRobot: Init Range Sesnor |  Range Sensor x1 and x2 are initialized ...
02-25 18:00:10.147 32523   868 I TechNova: TileRunnerRobot: Color Sensor init failed. | Unable to find a hardware device with the name "glyphColor"
02-25 18:00:10.154 32523   868 I TechNova: TileRunnerRobot: Glyph blocker servo failed | Unable to find a hardware device with the name "glyphBlocker"
02-25 18:00:10.155 32523   868 I TechNova: TileRunnerRobot: Init Servos |  Servos are initialized ...
02-25 18:00:10.509 32523   868 I AR      : Vuforia SDK version 6.0.117
02-25 18:00:11.223 32523   868 I AR      : ObjectTracker: Successfully created dataset
02-25 18:00:11.224 32523   868 V Vuforia : loading data set 'RelicVuMark'...
02-25 18:00:11.444 32523   868 V Vuforia : ... done loading data set 'RelicVuMark'
02-25 18:00:11.521 32523   868 I JewelPusher: Color in Init (R,G, B):10, 8, 7
02-25 18:00:11.548 32523   868 I TechNova: TileRunnerRobot: IMU Heading: | 0.4
02-25 18:00:11.549 32523   868 I VuMarkVision: VuMark | UNKNOWN visible
02-25 18:00:30.092 32523 32533 I art     : Background sticky concurrent mark sweep GC freed 280451(10MB) AllocSpace objects, 15(724KB) LOS objects, 22% free, 40MB/51MB, paused 1.874ms total 162.457ms
02-25 18:00:43.987 32523 32583 V Robocol : received command: CMD_RUN_OP_MODE(19833) Auto RED #1 More Glyphs
02-25 18:00:44.036 32523 32590 V Robocol : sending CMD_NOTIFY_RUN_OP_MODE(7304), attempt: 0
02-25 18:00:44.206 32523   868 I TechNova: TileRunnerRobot: Robot: | Robot starting 35916.4
02-25 18:00:44.302 32523   868 I RelicRecoveryAutoTileRunnerRed3: RED | State:                    0 [START] |  Start |  132.0 | 35917 | IMU: 1.5 | (x1,x2): 36.0, 12.6 | Glyph count:    0 | UNKNOWN | Battery: 13.10
02-25 18:00:44.413 32523   868 I RelicRecoveryAutoTileRunnerRed3: RED | State:                    0 [START] |    End |  227.5 | 36015 | IMU: 1.5 | (x1,x2): 36.0, 12.2 | Glyph count:    0 | UNKNOWN | Battery: 13.10
02-25 18:00:44.423 32523   868 I VuMarkVision: VuMark | LEFT visible
02-25 18:00:44.532 32523   868 I RelicRecoveryAutoTileRunnerRed3: RED | State:               1 [PUSH_JEWEL] |  Start |  361.5 |    23 | IMU: 1.5 | (x1,x2): 36.0, 12.2 | Glyph count:    0 | LEFT | Battery: 13.09
02-25 18:00:44.533 32523   868 I JewelPusher: Deploying jewel pusher arms ...
02-25 18:00:45.805 32523   868 I TechNova:JewelPusher: Jewel Color: (15|42) 33554432
02-25 18:00:45.920 32523   868 I TechNova: JewelPusher: JewelColor:BLUE
02-25 18:00:46.932 32523   868 I JewelPusher: Retracting jewel pusher arms ...
02-25 18:00:47.578 32523   868 I RelicRecoveryAutoTileRunnerRed3: RED | State:               1 [PUSH_JEWEL] |    End | 3381.6 |  3043 | IMU: 1.5 | (x1,x2): 36.0, 256.0 | Glyph count:    0 | LEFT | Battery: 13.04
02-25 18:00:47.767 32523   868 I RelicRecoveryAutoTileRunnerRed3: RED | State:            2 [GET_OFF_STONE] |  Start | 3573.8 |    71 | IMU: 1.5 | (x1,x2): 36.0, 256.0 | Glyph count:    0 | LEFT | Battery: 13.09
02-25 18:00:47.776 32523   868 I TechNova: RelicRecoveryAutoTileRunnerRed3: Drive backward: | 24.50, 0.22, 5.00
02-25 18:00:47.777 32523   868 I TechNova: TileRunnerRobot: Encoder: | 50.93 | 1247
02-25 18:00:47.985 32523   868 I TechNova: TileRunnerRobot: Encoder Remain | 	1234.0	1234.0	0.0
02-25 18:00:48.004 32523   868 I TechNova: TileRunnerRobot: EncodersC | 	21	20	24	26
02-25 18:00:48.019 32523   868 I TechNova: TileRunnerRobot: EncodersT | 	1246	1247	1247	1246
02-25 18:00:48.128 32523   868 I TechNova: TileRunnerRobot: Encoder Remain | 	1175.0	1204.5	1234.0
02-25 18:00:48.146 32523   868 I TechNova: TileRunnerRobot: EncodersC | 	83	79	89	96
02-25 18:00:48.165 32523   868 I TechNova: TileRunnerRobot: EncodersT | 	1246	1247	1247	1246
02-25 18:00:48.266 32523   868 I TechNova: TileRunnerRobot: Encoder Remain | 	1070.0	1159.7	1204.5
02-25 18:00:48.281 32523   868 I TechNova: TileRunnerRobot: EncodersC | 	191	184	203	213
02-25 18:00:48.302 32523   868 I TechNova: TileRunnerRobot: EncodersT | 	1246	1247	1247	1246
02-25 18:00:48.398 32523   868 I TechNova: TileRunnerRobot: Encoder Remain | 	946.0	1063.7	1159.7
02-25 18:00:48.410 32523   868 I TechNova: TileRunnerRobot: EncodersC | 	320	309	336	350
02-25 18:00:48.436 32523   868 I TechNova: TileRunnerRobot: EncodersT | 	1246	1247	1247	1246
02-25 18:00:48.535 32523   868 I TechNova: TileRunnerRobot: Encoder Remain | 	763.0	926.3	1063.7
02-25 18:00:48.556 32523   868 I TechNova: TileRunnerRobot: EncodersC | 	504	518	512	573
02-25 18:00:48.576 32523   868 I TechNova: TileRunnerRobot: EncodersT | 	1246	1247	1247	1246
02-25 18:00:48.677 32523   868 I TechNova: TileRunnerRobot: Encoder Remain | 	552.0	753.7	926.3
02-25 18:00:48.698 32523   868 I TechNova: TileRunnerRobot: EncodersC | 	720	723	696	784
02-25 18:00:48.720 32523   868 I TechNova: TileRunnerRobot: EncodersT | 	1246	1247	1247	1246
02-25 18:00:48.818 32523   868 I TechNova: TileRunnerRobot: Encoder Remain | 	381.0	565.3	753.7
02-25 18:00:48.837 32523   868 I TechNova: TileRunnerRobot: EncodersC | 	884	882	874	938
02-25 18:00:48.860 32523   868 I TechNova: TileRunnerRobot: EncodersT | 	1246	1247	1247	1246
02-25 18:00:48.988 32523   868 I TechNova: TileRunnerRobot: Encoder Remain | 	206.0	379.7	565.3
02-25 18:00:49.012 32523   868 I TechNova: TileRunnerRobot: EncodersC | 	1055	1054	1032	1118
02-25 18:00:49.030 32523   868 I TechNova: TileRunnerRobot: EncodersT | 	1246	1247	1247	1246
02-25 18:00:49.143 32523   868 I TechNova: TileRunnerRobot: Encoder Remain | 	84.0	223.7	379.7
02-25 18:00:49.173 32523   868 I TechNova: TileRunnerRobot: EncodersC | 	1185	1179	1158	1221
02-25 18:00:49.188 32523   868 I TechNova: TileRunnerRobot: EncodersT | 	1246	1247	1247	1246
02-25 18:00:49.283 32523   868 I TechNova: TileRunnerRobot: Encoder Remain | 	20.0	103.3	223.7
02-25 18:00:49.305 32523   868 I TechNova: TileRunnerRobot: EncodersC | 	1244	1246	1237	1275
02-25 18:00:49.324 32523   868 I TechNova: TileRunnerRobot: EncodersT | 	1246	1247	1247	1246
02-25 18:00:49.568 32523   868 I RelicRecoveryAutoTileRunnerRed3: RED | State:            2 [GET_OFF_STONE] |    End | 5400.0 |  1897 | IMU: 1.3 | (x1,x2): 36.0, 256.0 | Glyph count:   23 | LEFT | Battery: 13.08
02-25 18:00:49.697 32523   868 I RelicRecoveryAutoTileRunnerRed3: RED | State:          3 [ALIGN_TO_COLUMN] |  Start | 5514.9 |    22 | IMU: 1.3 | (x1,x2): 36.0, 256.0 | Glyph count:   23 | LEFT | Battery: 13.08
02-25 18:00:49.698 32523   868 I TechNova: RelicRecoveryAutoTileRunnerRed3: Drive backward: | 19.50, 0.22, 5.00
02-25 18:00:49.698 32523   868 I TechNova: TileRunnerRobot: Encoder: | 50.93 | 993
02-25 18:00:49.878 32523   868 I TechNova: TileRunnerRobot: Encoder Remain | 	980.0	361.3	103.3
02-25 18:00:49.894 32523   868 I TechNova: TileRunnerRobot: EncodersC | 	21	23	11	27
02-25 18:00:49.910 32523   868 I TechNova: TileRunnerRobot: EncodersT | 	992	993	993	992
02-25 18:00:50.005 32523   868 I TechNova: TileRunnerRobot: Encoder Remain | 	932.0	644.0	361.3
02-25 18:00:50.020 32523   868 I TechNova: TileRunnerRobot: EncodersC | 	76	78	68	83
02-25 18:00:50.037 32523   868 I TechNova: TileRunnerRobot: EncodersT | 	992	993	993	992
02-25 18:00:50.122 32523   868 I TechNova: TileRunnerRobot: Encoder Remain | 	849.0	920.3	644.0
02-25 18:00:50.144 32523   868 I TechNova: TileRunnerRobot: EncodersC | 	163	166	161	175
02-25 18:00:50.161 32523   868 I TechNova: TileRunnerRobot: EncodersT | 	992	993	993	992
02-25 18:00:50.280 32523   868 I TechNova: TileRunnerRobot: Encoder Remain | 	698.0	826.3	920.3
02-25 18:00:50.307 32523   868 I TechNova: TileRunnerRobot: EncodersC | 	314	319	321	338
02-25 18:00:50.328 32523 32533 I art     : Background partial concurrent mark sweep GC freed 324502(11MB) AllocSpace objects, 6(12MB) LOS objects, 36% free, 27MB/43MB, paused 1.885ms total 179.258ms
02-25 18:00:50.340 32523   868 I TechNova: TileRunnerRobot: EncodersT | 	992	993	993	992
02-25 18:00:50.450 32523   868 I TechNova: TileRunnerRobot: Encoder Remain | 	523.0	690.0	826.3
02-25 18:00:50.466 32523   868 I TechNova: TileRunnerRobot: EncodersC | 	502	507	505	517
02-25 18:00:50.486 32523   868 I TechNova: TileRunnerRobot: EncodersT | 	992	993	993	992
02-25 18:00:50.586 32523   868 I TechNova: TileRunnerRobot: Encoder Remain | 	364.0	528.3	690.0
02-25 18:00:50.603 32523   868 I TechNova: TileRunnerRobot: EncodersC | 	664	670	665	673
02-25 18:00:50.621 32523   868 I TechNova: TileRunnerRobot: EncodersT | 	992	993	993	992
02-25 18:00:50.728 32523   868 I TechNova: TileRunnerRobot: Encoder Remain | 	192.0	359.7	528.3
02-25 18:00:50.748 32523   868 I TechNova: TileRunnerRobot: EncodersC | 	833	838	831	838
02-25 18:00:50.764 32523   868 I TechNova: TileRunnerRobot: EncodersT | 	992	993	993	992
02-25 18:00:50.855 32523   868 I TechNova: TileRunnerRobot: Encoder Remain | 	50.0	202.0	359.7
02-25 18:00:50.878 32523   868 I TechNova: TileRunnerRobot: EncodersC | 	967	972	965	972
02-25 18:00:50.899 32523   868 I TechNova: TileRunnerRobot: EncodersT | 	992	993	993	992
02-25 18:00:51.162 32523   868 I RelicRecoveryAutoTileRunnerRed3: RED | State:          3 [ALIGN_TO_COLUMN] |    End | 6988.8 |  1495 | IMU: 0.8 | (x1,x2): 30.0, 31.5 | Glyph count:   23 | LEFT | Battery: 13.09
02-25 18:00:51.286 32523   868 I RelicRecoveryAutoTileRunnerRed3: RED | State:        4 [TURN_TO_90_DEGREE] |  Start | 7109.5 |    22 | IMU: 0.9 | (x1,x2): 30.0, 31.9 | Glyph count:   23 | LEFT | Battery: 13.10
02-25 18:00:51.307 32523   868 I TechNova: RelicRecoveryAutoTileRunnerRed3: ** TurnToAngle 1:  | 0.8 -84.2 0.25
02-25 18:00:51.344 32523   868 I TechNova: RelicRecoveryAutoTileRunnerRed3: ** TurnToAngle 1:  | 0.8 -84.3 0.25
02-25 18:00:51.366 32523   868 I TechNova: RelicRecoveryAutoTileRunnerRed3: ** TurnToAngle 1:  | 0.8 -84.3 0.25
02-25 18:00:51.384 32523   868 I TechNova: RelicRecoveryAutoTileRunnerRed3: ** TurnToAngle 1:  | 0.8 -84.3 0.25
02-25 18:00:51.399 32523   868 I TechNova: RelicRecoveryAutoTileRunnerRed3: ** TurnToAngle 1:  | 0.8 -84.2 0.25
02-25 18:00:51.423 32523   868 I TechNova: RelicRecoveryAutoTileRunnerRed3: ** TurnToAngle 1:  | 0.7 -84.2 0.25
02-25 18:00:51.451 32523   868 I TechNova: RelicRecoveryAutoTileRunnerRed3: ** TurnToAngle 1:  | 0.2 -83.7 0.25
02-25 18:00:51.476 32523   868 I TechNova: RelicRecoveryAutoTileRunnerRed3: ** TurnToAngle 1:  | -1.2 -82.2 0.25
02-25 18:00:51.492 32523   868 I TechNova: RelicRecoveryAutoTileRunnerRed3: ** TurnToAngle 1:  | -1.9 -81.6 0.25
02-25 18:00:51.512 32523   868 I TechNova: RelicRecoveryAutoTileRunnerRed3: ** TurnToAngle 1:  | -2.2 -81.2 0.25
02-25 18:00:51.537 32523   868 I TechNova: RelicRecoveryAutoTileRunnerRed3: ** TurnToAngle 1:  | -3.4 -80.1 0.25
02-25 18:00:51.569 32523   868 I TechNova: RelicRecoveryAutoTileRunnerRed3: ** TurnToAngle 1:  | -5.3 -78.2 0.25
02-25 18:00:51.589 32523   868 I TechNova: RelicRecoveryAutoTileRunnerRed3: ** TurnToAngle 1:  | -6.4 -77.1 0.25
02-25 18:00:51.613 32523   868 I TechNova: RelicRecoveryAutoTileRunnerRed3: ** TurnToAngle 1:  | -7.5 -76.0 0.25
02-25 18:00:51.635 32523   868 I TechNova: RelicRecoveryAutoTileRunnerRed3: ** TurnToAngle 1:  | -9.1 -74.4 0.25
02-25 18:00:51.654 32523   868 I TechNova: RelicRecoveryAutoTileRunnerRed3: ** TurnToAngle 1:  | -10.4 -73.1 0.25
02-25 18:00:51.691 32523   868 I TechNova: RelicRecoveryAutoTileRunnerRed3: ** TurnToAngle 1:  | -11.8 -71.7 0.25
02-25 18:00:51.712 32523   868 I TechNova: RelicRecoveryAutoTileRunnerRed3: ** TurnToAngle 1:  | -13.8 -69.7 0.25
02-25 18:00:51.737 32523   868 I TechNova: RelicRecoveryAutoTileRunnerRed3: ** TurnToAngle 1:  | -15.2 -68.3 0.25
02-25 18:00:51.761 32523   868 I TechNova: RelicRecoveryAutoTileRunnerRed3: ** TurnToAngle 1:  | -17.2 -66.2 0.25
02-25 18:00:51.790 32523   868 I TechNova: RelicRecoveryAutoTileRunnerRed3: ** TurnToAngle 1:  | -18.8 -64.8 0.25
02-25 18:00:51.813 32523   868 I TechNova: RelicRecoveryAutoTileRunnerRed3: ** TurnToAngle 1:  | -20.9 -62.6 0.25
02-25 18:00:51.882 32523   868 I TechNova: RelicRecoveryAutoTileRunnerRed3: ** TurnToAngle 1:  | -26.2 -57.2 0.20
02-25 18:00:51.919 32523   868 I TechNova: RelicRecoveryAutoTileRunnerRed3: ** TurnToAngle 1:  | -29.6 -53.9 0.20
02-25 18:00:51.942 32523   868 I TechNova: RelicRecoveryAutoTileRunnerRed3: ** TurnToAngle 1:  | -31.2 -52.3 0.20
02-25 18:00:51.964 32523   868 I TechNova: RelicRecoveryAutoTileRunnerRed3: ** TurnToAngle 1:  | -33.6 -49.9 0.20
02-25 18:00:51.982 32523   868 I TechNova: RelicRecoveryAutoTileRunnerRed3: ** TurnToAngle 1:  | -34.4 -49.1 0.20
02-25 18:00:52.000 32523   868 I TechNova: RelicRecoveryAutoTileRunnerRed3: ** TurnToAngle 1:  | -35.9 -47.6 0.20
02-25 18:00:52.026 32523   868 I TechNova: RelicRecoveryAutoTileRunnerRed3: ** TurnToAngle 1:  | -37.4 -46.1 0.20
02-25 18:00:52.046 32523   868 I TechNova: RelicRecoveryAutoTileRunnerRed3: ** TurnToAngle 1:  | -38.9 -44.6 0.12
02-25 18:00:52.091 32523   868 I TechNova: RelicRecoveryAutoTileRunnerRed3: ** TurnToAngle 1:  | -43.1 -40.4 0.12
02-25 18:00:52.112 32523   868 I TechNova: RelicRecoveryAutoTileRunnerRed3: ** TurnToAngle 1:  | -44.4 -39.1 0.12
02-25 18:00:52.135 32523   868 I TechNova: RelicRecoveryAutoTileRunnerRed3: ** TurnToAngle 1:  | -45.0 -38.5 0.12
02-25 18:00:52.150 32523   868 I TechNova: RelicRecoveryAutoTileRunnerRed3: ** TurnToAngle 1:  | -46.2 -37.2 0.12
02-25 18:00:52.173 32523   868 I TechNova: RelicRecoveryAutoTileRunnerRed3: ** TurnToAngle 1:  | -47.5 -36.0 0.12
02-25 18:00:52.190 32523   868 I TechNova: RelicRecoveryAutoTileRunnerRed3: ** TurnToAngle 1:  | -48.7 -34.8 0.12
02-25 18:00:52.214 32523   868 I TechNova: RelicRecoveryAutoTileRunnerRed3: ** TurnToAngle 1:  | -49.6 -33.9 0.12
02-25 18:00:52.238 32523   868 I TechNova: RelicRecoveryAutoTileRunnerRed3: ** TurnToAngle 1:  | -50.9 -32.6 0.12
02-25 18:00:52.260 32523   868 I TechNova: RelicRecoveryAutoTileRunnerRed3: ** TurnToAngle 1:  | -51.7 -31.8 0.12
02-25 18:00:52.281 32523   868 I TechNova: RelicRecoveryAutoTileRunnerRed3: ** TurnToAngle 1:  | -52.5 -31.0 0.12
02-25 18:00:52.299 32523   868 I TechNova: RelicRecoveryAutoTileRunnerRed3: ** TurnToAngle 1:  | -53.2 -30.2 0.12
02-25 18:00:52.319 32523   868 I TechNova: RelicRecoveryAutoTileRunnerRed3: ** TurnToAngle 1:  | -54.0 -29.5 0.12
02-25 18:00:52.344 32523   868 I TechNova: RelicRecoveryAutoTileRunnerRed3: ** TurnToAngle 1:  | -54.8 -28.8 0.12
02-25 18:00:52.363 32523   868 I TechNova: RelicRecoveryAutoTileRunnerRed3: ** TurnToAngle 1:  | -55.9 -27.6 0.12
02-25 18:00:52.384 32523   868 I TechNova: RelicRecoveryAutoTileRunnerRed3: ** TurnToAngle 1:  | -56.2 -27.2 0.12
02-25 18:00:52.411 32523   868 I TechNova: RelicRecoveryAutoTileRunnerRed3: ** TurnToAngle 1:  | -57.0 -26.5 0.12
02-25 18:00:52.432 32523   868 I TechNova: RelicRecoveryAutoTileRunnerRed3: ** TurnToAngle 1:  | -58.1 -25.4 0.12
02-25 18:00:52.453 32523   868 I TechNova: RelicRecoveryAutoTileRunnerRed3: ** TurnToAngle 1:  | -58.9 -24.6 0.12
02-25 18:00:52.474 32523   868 I TechNova: RelicRecoveryAutoTileRunnerRed3: ** TurnToAngle 1:  | -59.6 -23.9 0.12
02-25 18:00:52.498 32523   868 I TechNova: RelicRecoveryAutoTileRunnerRed3: ** TurnToAngle 1:  | -60.4 -23.1 0.12
02-25 18:00:52.518 32523   868 I TechNova: RelicRecoveryAutoTileRunnerRed3: ** TurnToAngle 1:  | -61.1 -22.4 0.12
02-25 18:00:52.539 32523   868 I TechNova: RelicRecoveryAutoTileRunnerRed3: ** TurnToAngle 1:  | -62.2 -21.2 0.12
02-25 18:00:52.568 32523   868 I TechNova: RelicRecoveryAutoTileRunnerRed3: ** TurnToAngle 1:  | -63.1 -20.4 0.12
02-25 18:00:52.646 32523   868 I TechNova: RelicRecoveryAutoTileRunnerRed3: ** TurnToAngle 1:  | -66.1 -17.4 0.08
02-25 18:00:52.682 32523   868 I TechNova: RelicRecoveryAutoTileRunnerRed3: ** TurnToAngle 1:  | -67.8 -15.8 0.08
02-25 18:00:52.704 32523   868 I TechNova: RelicRecoveryAutoTileRunnerRed3: ** TurnToAngle 1:  | -68.6 -14.9 0.08
02-25 18:00:52.727 32523   868 I TechNova: RelicRecoveryAutoTileRunnerRed3: ** TurnToAngle 1:  | -69.3 -14.2 0.08
02-25 18:00:52.751 32523   868 I TechNova: RelicRecoveryAutoTileRunnerRed3: ** TurnToAngle 1:  | -70.0 -13.5 0.08
02-25 18:00:52.775 32523   868 I TechNova: RelicRecoveryAutoTileRunnerRed3: ** TurnToAngle 1:  | -70.9 -12.6 0.08
02-25 18:00:52.795 32523   868 I TechNova: RelicRecoveryAutoTileRunnerRed3: ** TurnToAngle 1:  | -71.6 -11.9 0.08
02-25 18:00:52.818 32523   868 I TechNova: RelicRecoveryAutoTileRunnerRed3: ** TurnToAngle 1:  | -72.1 -11.4 0.08
02-25 18:00:52.835 32523   868 I TechNova: RelicRecoveryAutoTileRunnerRed3: ** TurnToAngle 1:  | -72.9 -10.6 0.08
02-25 18:00:52.858 32523   868 I TechNova: RelicRecoveryAutoTileRunnerRed3: ** TurnToAngle 1:  | -73.1 -10.4 0.08
02-25 18:00:52.874 32523   868 I TechNova: RelicRecoveryAutoTileRunnerRed3: ** TurnToAngle 1:  | -73.6 -9.9 0.08
02-25 18:00:52.899 32523   868 I TechNova: RelicRecoveryAutoTileRunnerRed3: ** TurnToAngle 1:  | -74.1 -9.4 0.08
02-25 18:00:52.922 32523   868 I TechNova: RelicRecoveryAutoTileRunnerRed3: ** TurnToAngle 1:  | -74.8 -8.7 0.08
02-25 18:00:52.946 32523   868 I TechNova: RelicRecoveryAutoTileRunnerRed3: ** TurnToAngle 1:  | -75.4 -8.1 0.08
02-25 18:00:52.973 32523   868 I TechNova: RelicRecoveryAutoTileRunnerRed3: ** TurnToAngle 1:  | -76.0 -7.5 0.08
02-25 18:00:52.997 32523   868 I TechNova: RelicRecoveryAutoTileRunnerRed3: ** TurnToAngle 1:  | -76.9 -6.6 0.08
02-25 18:00:53.015 32523   868 I TechNova: RelicRecoveryAutoTileRunnerRed3: ** TurnToAngle 1:  | -77.5 -6.0 0.08
02-25 18:00:53.037 32523   868 I TechNova: RelicRecoveryAutoTileRunnerRed3: ** TurnToAngle 1:  | -78.1 -5.4 0.08
02-25 18:00:53.053 32523   868 I TechNova: RelicRecoveryAutoTileRunnerRed3: ** TurnToAngle 1:  | -78.5 -5.0 0.08
02-25 18:00:53.081 32523   868 I TechNova: RelicRecoveryAutoTileRunnerRed3: ** TurnToAngle 1:  | -78.9 -4.6 0.08
02-25 18:00:53.109 32523   868 I TechNova: RelicRecoveryAutoTileRunnerRed3: ** TurnToAngle 1:  | -79.7 -3.8 0.08
02-25 18:00:53.143 32523   868 I TechNova: RelicRecoveryAutoTileRunnerRed3: ** TurnToAngle 1:  | -80.8 -2.8 0.08
02-25 18:00:53.164 32523   868 I TechNova: RelicRecoveryAutoTileRunnerRed3: ** TurnToAngle 1:  | -81.3 -2.2 0.08
02-25 18:00:53.240 32523   868 I TechNova: RelicRecoveryAutoTileRunnerRed3:  -- Angle Reached -- : | -82.8
02-25 18:00:53.580 32523   868 I RelicRecoveryAutoTileRunnerRed3: RED | State:        4 [TURN_TO_90_DEGREE] |    End | 9418.7 |  2331 | IMU: -85.6 | (x1,x2): 65.0, 34.3 | Glyph count:   23 | LEFT | Battery: 13.08
02-25 18:00:53.685 32523   868 I RelicRecoveryAutoTileRunnerRed3: RED | State:           5 [FORWARD_1_FEET] |  Start | 9518.1 |    13 | IMU: -85.9 | (x1,x2): 65.0, 39.4 | Glyph count:   23 | LEFT | Battery: 13.08
02-25 18:00:53.686 32523   868 I TechNova: RelicRecoveryAutoTileRunnerRed3: Drive backward: | 7.00, 0.32, 2.00
02-25 18:00:53.686 32523   868 I TechNova: TileRunnerRobot: Encoder: | 50.93 | 356
02-25 18:00:53.923 32523   868 I TechNova: TileRunnerRobot: Encoder Remain | 	341.0	194.3	202.0
02-25 18:00:53.938 32523   868 I TechNova: TileRunnerRobot: EncodersC | 	20	31	24	32
02-25 18:00:53.956 32523   868 I TechNova: TileRunnerRobot: EncodersT | 	355	356	356	355
02-25 18:00:54.081 32523   868 I TechNova: TileRunnerRobot: Encoder Remain | 	236.0	209.0	194.3
02-25 18:00:54.100 32523   868 I TechNova: TileRunnerRobot: EncodersC | 	121	152	142	155
02-25 18:00:54.116 32523   868 I TechNova: TileRunnerRobot: EncodersT | 	355	356	356	355
02-25 18:00:54.217 32523   868 I TechNova: TileRunnerRobot: Encoder Remain | 	86.0	221.0	209.0
02-25 18:00:54.238 32523   868 I TechNova: TileRunnerRobot: EncodersC | 	275	298	299	314
02-25 18:00:54.255 32523   868 I TechNova: TileRunnerRobot: EncodersT | 	355	356	356	355
02-25 18:00:54.377 32523   868 I TechNova: TileRunnerRobot: Encoder Remain | 	26.0	116.0	221.0
02-25 18:00:54.395 32523   868 I TechNova: TileRunnerRobot: EncodersC | 	366	388	377	395
02-25 18:00:54.412 32523   868 I TechNova: TileRunnerRobot: EncodersT | 	355	356	356	355
02-25 18:00:54.670 32523   868 I RelicRecoveryAutoTileRunnerRed3: RED | State:           5 [FORWARD_1_FEET] |    End | 10504.7 |   999 | IMU: -89.6 | (x1,x2): 64.0, 256.0 | Glyph count:   23 | LEFT | Battery: 13.07
02-25 18:00:54.792 32523   868 I RelicRecoveryAutoTileRunnerRed3: RED | State:  6 [PLACE_GLYPH_INTO_CRYPTO] |  Start | 10625.0 |    30 | IMU: -89.6 | (x1,x2): 63.0, 256.0 | Glyph count:   23 | LEFT | Battery: 13.07
02-25 18:00:54.792 32523   868 I TechNova: RelicRecoveryAutoTileRunnerRed3:  --- Get the distance sensor in place --- 
02-25 18:00:55.630 32523   868 I TechNova: RelicRecoveryAutoTileRunnerRed3: Col Range Sensor: 0.00 (in)
02-25 18:00:55.631 32523   868 I TechNova: RelicRecoveryAutoTileRunnerRed3: Distance from the column (in): 0.0
02-25 18:00:55.631 32523   868 I TechNova: RelicRecoveryAutoTileRunnerRed3: Delta from the column (in): -3.1
02-25 18:00:55.632 32523   868 I TechNova: RelicRecoveryAutoTileRunnerRed3: Strafe left: | 3.13, 0.25, 1.50
02-25 18:00:55.632 32523   868 I TechNova: TileRunnerRobot: Encoder: | 50.93 | 159
02-25 18:00:55.893 32523   868 I TechNova: TileRunnerRobot: Encoder Remain | 	146.0	86.0	116.0
02-25 18:00:55.914 32523   868 I TechNova: TileRunnerRobot: EncodersC | 	-12	17	25	-13
02-25 18:00:55.933 32523   868 I TechNova: TileRunnerRobot: EncodersT | 	-159	158	158	-159
02-25 18:00:56.024 32523   868 I TechNova: TileRunnerRobot: Encoder Remain | 	121.0	97.7	86.0
02-25 18:00:56.040 32523   868 I TechNova: TileRunnerRobot: EncodersC | 	-35	31	59	-46
02-25 18:00:56.058 32523   868 I TechNova: TileRunnerRobot: EncodersT | 	-159	158	158	-159
02-25 18:00:56.152 32523   868 I TechNova: TileRunnerRobot: Encoder Remain | 	66.0	111.0	97.7
02-25 18:00:56.170 32523   868 I TechNova: TileRunnerRobot: EncodersC | 	-89	91	107	-120
02-25 18:00:56.186 32523   868 I TechNova: TileRunnerRobot: EncodersT | 	-159	158	158	-159
02-25 18:00:56.282 32523   868 I TechNova: TileRunnerRobot: Encoder Remain | 	11.0	66.0	111.0
02-25 18:00:56.300 32523   868 I TechNova: TileRunnerRobot: EncodersC | 	-149	145	155	-160
02-25 18:00:56.322 32523   868 I TechNova: TileRunnerRobot: EncodersT | 	-159	158	158	-159
02-25 18:00:56.469 32523   868 I TechNova: RelicRecoveryAutoTileRunnerRed3:  --- Flip Glyph Tray --- 
02-25 18:00:56.785 32523   868 I TechNova: RelicRecoveryAutoTileRunnerRed3:  --- More backward to let glyph fall on the floor --- 
02-25 18:00:56.786 32523   868 I TechNova: RelicRecoveryAutoTileRunnerRed3: Drive forward: | 2.50, 0.32
02-25 18:00:56.786 32523   868 I TechNova: TileRunnerRobot: Encoder: | 50.93 | 127
02-25 18:00:57.006 32523   868 I TechNova: TileRunnerRobot: Encoder Remain | 	101.0	59.3	66.0
02-25 18:00:57.024 32523   868 I TechNova: TileRunnerRobot: EncodersC | 	-36	-40	-32	-29
02-25 18:00:57.040 32523   868 I TechNova: TileRunnerRobot: EncodersT | 	-126	-127	-127	-126
02-25 18:00:57.149 32523   868 I TechNova: TileRunnerRobot: Encoder Remain | 	41.0	51.0	59.3
02-25 18:00:57.164 32523   868 I TechNova: TileRunnerRobot: EncodersC | 	-99	-101	-97	-94
02-25 18:00:57.181 32523   868 I TechNova: TileRunnerRobot: EncodersT | 	-126	-127	-127	-126
02-25 18:00:57.282 32523   868 I TechNova: TileRunnerRobot: Encoder Remain | 	2.0	48.0	51.0
02-25 18:00:57.300 32523   868 I TechNova: TileRunnerRobot: EncodersC | 	-133	-131	-131	-127
02-25 18:00:57.323 32523   868 I TechNova: TileRunnerRobot: EncodersT | 	-126	-127	-127	-126
02-25 18:00:57.679 32523   868 I TechNova: RelicRecoveryAutoTileRunnerRed3: Drive forward: | 4.50, 0.32
02-25 18:00:57.680 32523   868 I TechNova: TileRunnerRobot: Encoder: | 50.93 | 229
02-25 18:00:57.872 32523   868 I TechNova: TileRunnerRobot: Encoder Remain | 	205.0	82.7	48.0
02-25 18:00:57.893 32523   868 I TechNova: TileRunnerRobot: EncodersC | 	-37	-34	-54	-28
02-25 18:00:57.907 32523   868 I TechNova: TileRunnerRobot: EncodersT | 	-228	-229	-229	-228
02-25 18:00:58.002 32523   868 I TechNova: TileRunnerRobot: Encoder Remain | 	122.0	109.7	82.7
02-25 18:00:58.020 32523   868 I TechNova: TileRunnerRobot: EncodersC | 	-129	-124	-142	-120
02-25 18:00:58.040 32523   868 I TechNova: TileRunnerRobot: EncodersT | 	-228	-229	-229	-228
02-25 18:00:58.130 32523   868 I TechNova: TileRunnerRobot: Encoder Remain | 	21.0	116.0	109.7
02-25 18:00:58.147 32523   868 I TechNova: TileRunnerRobot: EncodersC | 	-218	-223	-224	-219
02-25 18:00:58.164 32523   868 I TechNova: TileRunnerRobot: EncodersT | 	-228	-229	-229	-228
02-25 18:00:58.311 32523   868 I TechNova: RelicRecoveryAutoTileRunnerRed3:  --- Drive forward to push --- 
02-25 18:00:58.312 32523   868 I TechNova: RelicRecoveryAutoTileRunnerRed3: Drive backward: | 6.70, 0.32, 2.00
02-25 18:00:58.312 32523   868 I TechNova: TileRunnerRobot: Encoder: | 50.93 | 341
02-25 18:00:58.505 32523   868 I TechNova: TileRunnerRobot: Encoder Remain | 	316.0	153.0	116.0
02-25 18:00:58.525 32523   868 I TechNova: TileRunnerRobot: EncodersC | 	32	50	23	33
02-25 18:00:58.544 32523   868 I TechNova: TileRunnerRobot: EncodersT | 	340	341	341	340
02-25 18:00:58.651 32523   868 I TechNova: TileRunnerRobot: Encoder Remain | 	223.0	186.7	153.0
02-25 18:00:58.670 32523   868 I TechNova: TileRunnerRobot: EncodersC | 	139	170	131	141
02-25 18:00:58.686 32523   868 I TechNova: TileRunnerRobot: EncodersT | 	340	341	341	340
02-25 18:00:58.778 32523   868 I TechNova: TileRunnerRobot: Encoder Remain | 	79.0	206.0	186.7
02-25 18:00:58.801 32523   868 I TechNova: TileRunnerRobot: EncodersC | 	285	313	277	284
02-25 18:00:58.818 32523   868 I TechNova: TileRunnerRobot: EncodersT | 	340	341	341	340
02-25 18:00:58.931 32523   868 I TechNova: TileRunnerRobot: Encoder Remain | 	18.0	106.7	206.0
02-25 18:00:58.948 32523   868 I TechNova: TileRunnerRobot: EncodersC | 	326	336	312	317
02-25 18:00:58.969 32523   868 I TechNova: TileRunnerRobot: EncodersT | 	340	341	341	340
02-25 18:00:59.074 32523   868 I TechNova: TileRunnerRobot: Encoder Remain | 	20.0	39.0	106.7
02-25 18:00:59.090 32523   868 I TechNova: TileRunnerRobot: EncodersC | 	326	330	312	320
02-25 18:00:59.108 32523   868 I TechNova: TileRunnerRobot: EncodersT | 	340	341	341	340
02-25 18:00:59.209 32523   868 I TechNova: TileRunnerRobot: Encoder Remain | 	19.0	19.0	39.0
02-25 18:00:59.228 32523   868 I TechNova: TileRunnerRobot: EncodersC | 	326	330	312	321
02-25 18:00:59.256 32523   868 I TechNova: TileRunnerRobot: EncodersT | 	340	341	341	340
02-25 18:00:59.344 32523   868 I TechNova: TileRunnerRobot: Encoder Remain | 	19.0	19.3	19.0
02-25 18:00:59.359 32523   868 I TechNova: TileRunnerRobot: EncodersC | 	326	330	312	321
02-25 18:00:59.375 32523   868 I TechNova: TileRunnerRobot: EncodersT | 	340	341	341	340
02-25 18:00:59.475 32523   868 I TechNova: TileRunnerRobot: Encoder Remain | 	18.0	18.7	19.3
02-25 18:00:59.492 32523   868 I TechNova: TileRunnerRobot: EncodersC | 	326	330	314	323
02-25 18:00:59.520 32523   868 I TechNova: TileRunnerRobot: EncodersT | 	340	341	341	340
02-25 18:00:59.613 32523   868 I TechNova: TileRunnerRobot: Encoder Remain | 	17.0	18.0	18.7
02-25 18:00:59.631 32523   868 I TechNova: TileRunnerRobot: EncodersC | 	326	330	316	327
02-25 18:00:59.649 32523   868 I TechNova: TileRunnerRobot: EncodersT | 	340	341	341	340
02-25 18:00:59.738 32523   868 I TechNova: TileRunnerRobot: Encoder Remain | 	14.0	16.3	18.0
02-25 18:00:59.757 32523   868 I TechNova: TileRunnerRobot: EncodersC | 	327	330	320	331
02-25 18:00:59.776 32523   868 I TechNova: TileRunnerRobot: EncodersT | 	340	341	341	340
02-25 18:00:59.874 32523   868 I TechNova: TileRunnerRobot: Encoder Remain | 	13.0	14.7	16.3
02-25 18:00:59.886 32523   868 I TechNova: TileRunnerRobot: EncodersC | 	328	330	320	331
02-25 18:00:59.906 32523   868 I TechNova: TileRunnerRobot: EncodersT | 	340	341	341	340
02-25 18:01:00.014 32523   868 I TechNova: TileRunnerRobot: Encoder Remain | 	13.0	13.3	14.7
02-25 18:01:00.033 32523   868 I TechNova: TileRunnerRobot: EncodersC | 	328	331	321	331
02-25 18:01:00.051 32523   868 I TechNova: TileRunnerRobot: EncodersT | 	340	341	341	340
02-25 18:01:00.154 32523   868 I TechNova: TileRunnerRobot: Encoder Remain | 	12.0	12.7	13.3
02-25 18:01:00.175 32523   868 I TechNova: TileRunnerRobot: EncodersC | 	328	331	323	331
02-25 18:01:00.191 32523   868 I TechNova: TileRunnerRobot: EncodersT | 	340	341	341	340
02-25 18:01:00.306 32523   868 I TechNova: TileRunnerRobot: Encoder Remain | 	10.0	11.7	12.7
02-25 18:01:00.321 32523   868 I TechNova: TileRunnerRobot: EncodersC | 	330	332	327	332
02-25 18:01:00.348 32523   868 I TechNova: TileRunnerRobot: EncodersT | 	340	341	341	340
02-25 18:01:00.451 32523   868 I TechNova: TileRunnerRobot: Encoder Remain | 	8.0	10.0	11.7
02-25 18:01:00.474 32523   868 I TechNova: TileRunnerRobot: EncodersC | 	330	334	329	333
02-25 18:01:00.488 32523   868 I TechNova: TileRunnerRobot: EncodersT | 	340	341	341	340
02-25 18:01:00.704 32523   868 I TechNova: RelicRecoveryAutoTileRunnerRed3:  Place Glyph into column (ms): 2359 | LEFT | 69.00 cm
02-25 18:01:00.704 32523   868 I TechNova: RelicRecoveryAutoTileRunnerRed3:  --- Missed the column, push again --- 
02-25 18:01:00.706 32523   868 I TechNova: RelicRecoveryAutoTileRunnerRed3: Drive forward: | 2.00, 0.32
02-25 18:01:00.706 32523   868 I TechNova: TileRunnerRobot: Encoder: | 50.93 | 101
02-25 18:01:00.889 32523   868 I TechNova: TileRunnerRobot: Encoder Remain | 	66.0	28.0	10.0
02-25 18:01:00.912 32523   868 I TechNova: TileRunnerRobot: EncodersC | 	-40	-37	-40	-37
02-25 18:01:00.930 32523   868 I TechNova: TileRunnerRobot: EncodersT | 	-100	-101	-101	-100
02-25 18:01:01.008 32523   868 I TechNova: TileRunnerRobot: Encoder Remain | 	39.0	37.7	28.0
