02-25 15:31:25.160 10626 11371 I TechNova: RelicRecoveryAutoTileRunnerBlue2: ** TurnToAngle 1:  | 89.5 89.5 0.25
02-25 15:31:25.181 10626 11371 I TechNova: RelicRecoveryAutoTileRunnerBlue2: ** TurnToAngle 1:  | 89.6 89.4 0.25
02-25 15:31:25.205 10626 11371 I TechNova: RelicRecoveryAutoTileRunnerBlue2: ** TurnToAngle 1:  | 90.0 89.0 0.25
02-25 15:31:25.228 10626 11371 I TechNova: RelicRecoveryAutoTileRunnerBlue2: ** TurnToAngle 1:  | 90.4 88.6 0.25
02-25 15:31:25.253 10626 11371 I TechNova: RelicRecoveryAutoTileRunnerBlue2: ** TurnToAngle 1:  | 91.1 87.9 0.25
02-25 15:31:25.277 10626 11371 I TechNova: RelicRecoveryAutoTileRunnerBlue2: ** TurnToAngle 1:  | 92.4 86.6 0.25
02-25 15:31:25.297 10626 11371 I TechNova: RelicRecoveryAutoTileRunnerBlue2: ** TurnToAngle 1:  | 93.4 85.6 0.25
02-25 15:31:25.316 10626 11371 I TechNova: RelicRecoveryAutoTileRunnerBlue2: ** TurnToAngle 1:  | 94.4 84.6 0.25
02-25 15:31:25.341 10626 11371 I TechNova: RelicRecoveryAutoTileRunnerBlue2: ** TurnToAngle 1:  | 95.5 83.5 0.25
02-25 15:31:25.366 10626 11371 I TechNova: RelicRecoveryAutoTileRunnerBlue2: ** TurnToAngle 1:  | 97.4 81.6 0.25
02-25 15:31:25.399 10626 11371 I TechNova: RelicRecoveryAutoTileRunnerBlue2: ** TurnToAngle 1:  | 99.5 79.5 0.25
02-25 15:31:25.422 10626 11371 I TechNova: RelicRecoveryAutoTileRunnerBlue2: ** TurnToAngle 1:  | 101.6 77.4 0.25
02-25 15:31:25.451 10626 11371 I TechNova: RelicRecoveryAutoTileRunnerBlue2: ** TurnToAngle 1:  | 103.0 76.0 0.25
02-25 15:31:25.477 10626 11371 I TechNova: RelicRecoveryAutoTileRunnerBlue2: ** TurnToAngle 1:  | 105.3 73.7 0.25
02-25 15:31:25.503 10626 11371 I TechNova: RelicRecoveryAutoTileRunnerBlue2: ** TurnToAngle 1:  | 106.9 72.1 0.25
02-25 15:31:25.529 10626 11371 I TechNova: RelicRecoveryAutoTileRunnerBlue2: ** TurnToAngle 1:  | 109.2 69.8 0.25
02-25 15:31:25.549 10626 11371 I TechNova: RelicRecoveryAutoTileRunnerBlue2: ** TurnToAngle 1:  | 110.8 68.2 0.25
02-25 15:31:25.572 10626 11371 I TechNova: RelicRecoveryAutoTileRunnerBlue2: ** TurnToAngle 1:  | 112.6 66.4 0.25
02-25 15:31:25.600 10626 11371 I TechNova: RelicRecoveryAutoTileRunnerBlue2: ** TurnToAngle 1:  | 115.2 63.8 0.25
02-25 15:31:25.666 10626 11371 I TechNova: RelicRecoveryAutoTileRunnerBlue2: ** TurnToAngle 1:  | 121.4 57.6 0.20
02-25 15:31:25.711 10626 11371 I TechNova: RelicRecoveryAutoTileRunnerBlue2: ** TurnToAngle 1:  | 124.9 54.1 0.20
02-25 15:31:25.734 10626 11371 I TechNova: RelicRecoveryAutoTileRunnerBlue2: ** TurnToAngle 1:  | 126.9 52.1 0.20
02-25 15:31:25.759 10626 11371 I TechNova: RelicRecoveryAutoTileRunnerBlue2: ** TurnToAngle 1:  | 129.8 49.2 0.20
02-25 15:31:25.780 10626 11371 I TechNova: RelicRecoveryAutoTileRunnerBlue2: ** TurnToAngle 1:  | 131.6 47.4 0.20
02-25 15:31:25.798 10626 11371 I TechNova: RelicRecoveryAutoTileRunnerBlue2: ** TurnToAngle 1:  | 133.4 45.6 0.20
02-25 15:31:25.816 10626 11371 I TechNova: RelicRecoveryAutoTileRunnerBlue2: ** TurnToAngle 1:  | 135.1 43.9 0.12
02-25 15:31:25.858 10626 11371 I TechNova: RelicRecoveryAutoTileRunnerBlue2: ** TurnToAngle 1:  | 138.2 40.8 0.12
02-25 15:31:25.880 10626 11371 I TechNova: RelicRecoveryAutoTileRunnerBlue2: ** TurnToAngle 1:  | 140.8 38.2 0.12
02-25 15:31:25.900 10626 11371 I TechNova: RelicRecoveryAutoTileRunnerBlue2: ** TurnToAngle 1:  | 142.2 36.8 0.12
02-25 15:31:25.919 10626 11371 I TechNova: RelicRecoveryAutoTileRunnerBlue2: ** TurnToAngle 1:  | 143.0 36.0 0.12
02-25 15:31:25.938 10626 11371 I TechNova: RelicRecoveryAutoTileRunnerBlue2: ** TurnToAngle 1:  | 144.4 34.6 0.12
02-25 15:31:25.962 10626 11371 I TechNova: RelicRecoveryAutoTileRunnerBlue2: ** TurnToAngle 1:  | 145.8 33.2 0.12
02-25 15:31:25.978 10626 11371 I TechNova: RelicRecoveryAutoTileRunnerBlue2: ** TurnToAngle 1:  | 147.4 31.6 0.12
02-25 15:31:26.004 10626 11371 I TechNova: RelicRecoveryAutoTileRunnerBlue2: ** TurnToAngle 1:  | 147.9 31.1 0.12
02-25 15:31:26.025 10626 11371 I TechNova: RelicRecoveryAutoTileRunnerBlue2: ** TurnToAngle 1:  | 149.3 29.7 0.12
02-25 15:31:26.052 10626 11371 I TechNova: RelicRecoveryAutoTileRunnerBlue2: ** TurnToAngle 1:  | 150.2 28.8 0.12
02-25 15:31:26.068 10626 11371 I TechNova: RelicRecoveryAutoTileRunnerBlue2: ** TurnToAngle 1:  | 151.3 27.7 0.12
02-25 15:31:26.095 10626 11371 I TechNova: RelicRecoveryAutoTileRunnerBlue2: ** TurnToAngle 1:  | 152.3 26.7 0.12
02-25 15:31:26.121 10626 11371 I TechNova: RelicRecoveryAutoTileRunnerBlue2: ** TurnToAngle 1:  | 153.7 25.3 0.12
02-25 15:31:26.147 10626 11371 I TechNova: RelicRecoveryAutoTileRunnerBlue2: ** TurnToAngle 1:  | 154.7 24.3 0.12
02-25 15:31:26.169 10626 11371 I TechNova: RelicRecoveryAutoTileRunnerBlue2: ** TurnToAngle 1:  | 156.2 22.8 0.12
02-25 15:31:26.196 10626 11371 I TechNova: RelicRecoveryAutoTileRunnerBlue2: ** TurnToAngle 1:  | 157.9 21.1 0.12
02-25 15:31:26.219 10626 11371 I TechNova: RelicRecoveryAutoTileRunnerBlue2: ** TurnToAngle 1:  | 159.0 20.0 0.08
02-25 15:31:26.283 10626 11371 I TechNova: RelicRecoveryAutoTileRunnerBlue2: ** TurnToAngle 1:  | 162.1 16.9 0.08
02-25 15:31:26.310 10626 11371 I TechNova: RelicRecoveryAutoTileRunnerBlue2: ** TurnToAngle 1:  | 163.7 15.3 0.08
02-25 15:31:26.334 10626 11371 I TechNova: RelicRecoveryAutoTileRunnerBlue2: ** TurnToAngle 1:  | 164.8 14.2 0.08
02-25 15:31:26.355 10626 11371 I TechNova: RelicRecoveryAutoTileRunnerBlue2: ** TurnToAngle 1:  | 166.2 12.8 0.08
02-25 15:31:26.374 10626 11371 I TechNova: RelicRecoveryAutoTileRunnerBlue2: ** TurnToAngle 1:  | 167.1 11.9 0.08
02-25 15:31:26.405 10626 11371 I TechNova: RelicRecoveryAutoTileRunnerBlue2: ** TurnToAngle 1:  | 167.8 11.2 0.08
02-25 15:31:26.434 10626 11371 I TechNova: RelicRecoveryAutoTileRunnerBlue2: ** TurnToAngle 1:  | 169.0 10.0 0.08
02-25 15:31:26.453 10626 11371 I TechNova: RelicRecoveryAutoTileRunnerBlue2: ** TurnToAngle 1:  | 169.8 9.2 0.08
02-25 15:31:26.473 10626 11371 I TechNova: RelicRecoveryAutoTileRunnerBlue2: ** TurnToAngle 1:  | 170.4 8.6 0.08
02-25 15:31:26.493 10626 11371 I TechNova: RelicRecoveryAutoTileRunnerBlue2: ** TurnToAngle 1:  | 171.2 7.8 0.08
02-25 15:31:26.517 10626 11371 I TechNova: RelicRecoveryAutoTileRunnerBlue2: ** TurnToAngle 1:  | 172.0 7.0 0.08
02-25 15:31:26.536 10626 11371 I TechNova: RelicRecoveryAutoTileRunnerBlue2: ** TurnToAngle 1:  | 173.1 5.9 0.08
02-25 15:31:26.553 10626 11371 I TechNova: RelicRecoveryAutoTileRunnerBlue2: ** TurnToAngle 1:  | 173.9 5.1 0.08
02-25 15:31:26.575 10626 11371 I TechNova: RelicRecoveryAutoTileRunnerBlue2: ** TurnToAngle 1:  | 174.2 4.8 0.08
02-25 15:31:26.598 10626 11371 I TechNova: RelicRecoveryAutoTileRunnerBlue2: ** TurnToAngle 1:  | 175.4 3.6 0.08
02-25 15:31:26.610 10626 11371 I TechNova: RelicRecoveryAutoTileRunnerBlue2: ** TurnToAngle 1:  | 176.1 2.9 0.08
02-25 15:31:26.634 10626 11371 I TechNova: RelicRecoveryAutoTileRunnerBlue2: ** TurnToAngle 1:  | 176.2 2.8 0.08
02-25 15:31:26.651 10626 11371 I TechNova: RelicRecoveryAutoTileRunnerBlue2: ** TurnToAngle 1:  | 177.3 1.7 0.08
02-25 15:31:26.691 10626 11371 I TechNova: RelicRecoveryAutoTileRunnerBlue2:  -- Angle Reached -- : | 177.8
02-25 15:31:26.800 10626 11371 I RelicRecoveryAutoTileRunnerBlue2: BLUE | State:       5 [TURN_TO_180_DEGREE] |    End | 11578.5 |  1737 | IMU: 179.2 | (x1,x2): 214.0, 20.1 | Glyph count:   13 | RIGHT | Battery: 12.64
02-25 15:31:26.914 10626 11371 I RelicRecoveryAutoTileRunnerBlue2: BLUE | State:        6 [BACKWARD_7_INCHES] |  Start | 11705.0 |    18 | IMU: -179.2 | (x1,x2): 214.0, 19.7 | Glyph count:   13 | RIGHT | Battery: 12.63
02-25 15:31:26.915 10626 11371 I TechNova: RelicRecoveryAutoTileRunnerBlue2: Drive backward: | 5.70, 0.25, 3.00
02-25 15:31:26.916 10626 11371 I TechNova: TileRunnerRobot: Encoder: | 50.93 | 290
02-25 15:31:27.159 10626 11371 I TechNova: TileRunnerRobot: Encoder Remain | 	270.0	130.7	140.0
02-25 15:31:27.177 10626 11371 I TechNova: TileRunnerRobot: EncodersC | 	27	37	24	26
02-25 15:31:27.198 10626 11371 I TechNova: TileRunnerRobot: EncodersT | 	289	290	290	289
02-25 15:31:27.300 10626 11371 I TechNova: TileRunnerRobot: Encoder Remain | 	193.0	159.3	130.7
02-25 15:31:27.316 10626 11371 I TechNova: TileRunnerRobot: EncodersC | 	114	129	110	112
02-25 15:31:27.337 10626 11371 I TechNova: TileRunnerRobot: EncodersT | 	289	290	290	289
02-25 15:31:27.437 10626 11371 I TechNova: TileRunnerRobot: Encoder Remain | 	80.0	181.0	159.3
02-25 15:31:27.462 10626 11371 I TechNova: TileRunnerRobot: EncodersC | 	234	250	231	239
02-25 15:31:27.477 10626 11371 I TechNova: TileRunnerRobot: EncodersT | 	289	290	290	289
02-25 15:31:27.575 10626 11371 I TechNova: TileRunnerRobot: Encoder Remain | 	14.0	95.7	181.0
02-25 15:31:27.594 10626 11371 I TechNova: TileRunnerRobot: EncodersC | 	314	315	298	314
02-25 15:31:27.612 10626 11371 I TechNova: TileRunnerRobot: EncodersT | 	289	290	290	289
02-25 15:31:27.857 10626 11371 I RelicRecoveryAutoTileRunnerBlue2: BLUE | State:        6 [BACKWARD_7_INCHES] |    End | 12647.5 |   961 | IMU: 178.8 | (x1,x2): 118.0, 20.1 | Glyph count:   13 | RIGHT | Battery: 12.64
02-25 15:31:27.962 10626 11371 I RelicRecoveryAutoTileRunnerBlue2: BLUE | State:  7 [PLACE_GLYPH_INTO_CRYPTO] |  Start | 12764.5 |    20 | IMU: 178.8 | (x1,x2): 118.0, 20.1 | Glyph count:   13 | RIGHT | Battery: 12.63
02-25 15:31:27.963 10626 11371 I TechNova: RelicRecoveryAutoTileRunnerBlue2:  --- Get the distance sensor in place --- 
02-25 15:31:28.815 10626 11371 I TechNova: RelicRecoveryAutoTileRunnerBlue2: Col Range Sensor: 2.76 (in)
02-25 15:31:28.816 10626 11371 I TechNova: RelicRecoveryAutoTileRunnerBlue2: Distance from the column (in): 2.8
02-25 15:31:28.816 10626 11371 I TechNova: RelicRecoveryAutoTileRunnerBlue2: Delta from the column (in): -0.4
02-25 15:31:28.824 10626 11371 I TechNova: RelicRecoveryAutoTileRunnerBlue2:  --- Flip Glyph Tray --- 
02-25 15:31:29.137 10626 11371 I TechNova: RelicRecoveryAutoTileRunnerBlue2:  --- More backward to let glyph fall on the floor --- 
02-25 15:31:29.138 10626 11371 I TechNova: RelicRecoveryAutoTileRunnerBlue2: Drive forward: | 2.50, 0.25
02-25 15:31:29.138 10626 11371 I TechNova: TileRunnerRobot: Encoder: | 50.93 | 127
02-25 15:31:29.404 10626 11371 I TechNova: TileRunnerRobot: Encoder Remain | 	104.0	66.0	95.7
02-25 15:31:29.419 10626 11371 I TechNova: TileRunnerRobot: EncodersC | 	-30	-29	-41	-24
02-25 15:31:29.441 10626 11371 I TechNova: TileRunnerRobot: EncodersT | 	-126	-127	-127	-126
02-25 15:31:29.533 10626 11371 I TechNova: TileRunnerRobot: Encoder Remain | 	52.0	56.7	66.0
02-25 15:31:29.549 10626 11371 I TechNova: TileRunnerRobot: EncodersC | 	-87	-88	-93	-84
02-25 15:31:29.567 10626 11371 I TechNova: TileRunnerRobot: EncodersT | 	-126	-127	-127	-126
02-25 15:31:29.657 10626 11371 I TechNova: TileRunnerRobot: Encoder Remain | 	3.0	53.0	56.7
02-25 15:31:29.674 10626 11371 I TechNova: TileRunnerRobot: EncodersC | 	-136	-133	-139	-125
02-25 15:31:29.691 10626 11371 I TechNova: TileRunnerRobot: EncodersT | 	-126	-127	-127	-126
02-25 15:31:30.042 10626 11371 I TechNova: RelicRecoveryAutoTileRunnerBlue2: Drive forward: | 4.50, 0.25
02-25 15:31:30.042 10626 11371 I TechNova: TileRunnerRobot: Encoder: | 50.93 | 229
02-25 15:31:30.222 10626 11371 I TechNova: TileRunnerRobot: Encoder Remain | 	206.0	87.0	53.0
02-25 15:31:30.240 10626 11371 I TechNova: TileRunnerRobot: EncodersC | 	-25	-23	-39	-33
02-25 15:31:30.254 10626 11371 I TechNova: TileRunnerRobot: EncodersT | 	-228	-229	-229	-228
02-25 15:31:30.359 10626 11371 I TechNova: TileRunnerRobot: Encoder Remain | 	131.0	113.3	87.0
02-25 15:31:30.377 10626 11371 I TechNova: TileRunnerRobot: EncodersC | 	-104	-104	-125	-121
02-25 15:31:30.397 10626 11371 I TechNova: TileRunnerRobot: EncodersT | 	-228	-229	-229	-228
02-25 15:31:30.490 10626 11371 I TechNova: TileRunnerRobot: Encoder Remain | 	22.0	119.7	113.3
02-25 15:31:30.509 10626 11371 I TechNova: TileRunnerRobot: EncodersC | 	-214	-218	-230	-224
02-25 15:31:30.527 10626 11371 I TechNova: TileRunnerRobot: EncodersT | 	-228	-229	-229	-228
02-25 15:31:30.698 10626 11371 I TechNova: RelicRecoveryAutoTileRunnerBlue2:  --- Drive forward to push --- 
02-25 15:31:30.699 10626 11371 I TechNova: RelicRecoveryAutoTileRunnerBlue2: Drive backward: | 6.70, 0.25, 2.00
02-25 15:31:30.700 10626 11371 I TechNova: TileRunnerRobot: Encoder: | 50.93 | 341
02-25 15:31:30.914 10626 11371 I TechNova: TileRunnerRobot: Encoder Remain | 	319.0	157.3	119.7
02-25 15:31:30.928 10626 11371 I TechNova: TileRunnerRobot: EncodersC | 	28	43	20	28
02-25 15:31:30.944 10626 11371 I TechNova: TileRunnerRobot: EncodersT | 	340	341	341	340
02-25 15:31:31.029 10626 11371 I TechNova: TileRunnerRobot: Encoder Remain | 	259.0	200.0	157.3
02-25 15:31:31.053 10626 11371 I TechNova: TileRunnerRobot: EncodersC | 	96	114	91	102
02-25 15:31:31.071 10626 11371 I TechNova: TileRunnerRobot: EncodersT | 	340	341	341	340
02-25 15:31:31.163 10626 11371 I TechNova: TileRunnerRobot: Encoder Remain | 	147.0	241.7	200.0
02-25 15:31:31.190 10626 11371 I TechNova: TileRunnerRobot: EncodersC | 	217	244	215	222
02-25 15:31:31.211 10626 11371 I TechNova: TileRunnerRobot: EncodersT | 	340	341	341	340
02-25 15:31:31.296 10626 11371 I TechNova: TileRunnerRobot: Encoder Remain | 	20.0	142.0	241.7
02-25 15:31:31.317 10626 11371 I TechNova: TileRunnerRobot: EncodersC | 	341	343	329	332
02-25 15:31:31.335 10626 11371 I TechNova: TileRunnerRobot: EncodersT | 	340	341	341	340
02-25 15:31:31.537 10626 11371 I TechNova: RelicRecoveryAutoTileRunnerBlue2:  Place Glyph into column (ms): 802 | RIGHT | 13.39 cm
02-25 15:31:31.537 10626 11371 I TechNova: RelicRecoveryAutoTileRunnerBlue2:  --- Drive backward to finish --- 
02-25 15:31:31.538 10626 11371 I TechNova: RelicRecoveryAutoTileRunnerBlue2: Drive forward: | 5.00, 0.50
02-25 15:31:31.539 10626 11371 I TechNova: TileRunnerRobot: Encoder: | 50.93 | 254
02-25 15:31:31.733 10626 11371 I TechNova: TileRunnerRobot: Encoder Remain | 	203.0	123.3	142.0
02-25 15:31:31.751 10626 11371 I TechNova: TileRunnerRobot: EncodersC | 	-60	-43	-118	-57
02-25 15:31:31.770 10626 11371 I TechNova: TileRunnerRobot: EncodersT | 	-253	-254	-254	-253
02-25 15:31:31.874 10626 11371 I TechNova: TileRunnerRobot: Encoder Remain | 	96.0	106.3	123.3
02-25 15:31:31.894 10626 11371 I TechNova: TileRunnerRobot: EncodersC | 	-183	-173	-222	-178
02-25 15:31:31.909 10626 11371 I TechNova: TileRunnerRobot: EncodersT | 	-253	-254	-254	-253
02-25 15:31:31.996 10626 11371 I TechNova: TileRunnerRobot: Encoder Remain | 	12.0	103.7	106.3
02-25 15:31:32.018 10626 11371 I TechNova: TileRunnerRobot: EncodersC | 	-259	-236	-265	-250
02-25 15:31:32.033 10626 11371 I TechNova: TileRunnerRobot: EncodersT | 	-253	-254	-254	-253
02-25 15:31:32.177 10626 11371 I TechNova: RelicRecoveryAutoTileRunnerBlue2:  --- Turn to 90 degree --- 
02-25 15:31:32.195 10626 11371 I TechNova: RelicRecoveryAutoTileRunnerBlue2: ** TurnToAngle 1:  | 172.4 98.6 0.25
02-25 15:31:32.235 10626 11371 I TechNova: RelicRecoveryAutoTileRunnerBlue2: ** TurnToAngle 1:  | 172.4 98.6 0.25
02-25 15:31:32.261 10626 11371 I TechNova: RelicRecoveryAutoTileRunnerBlue2: ** TurnToAngle 1:  | 172.5 98.5 0.25
02-25 15:31:32.286 10626 11371 I TechNova: RelicRecoveryAutoTileRunnerBlue2: ** TurnToAngle 1:  | 172.6 98.4 0.25
02-25 15:31:32.307 10626 11371 I TechNova: RelicRecoveryAutoTileRunnerBlue2: ** TurnToAngle 1:  | 172.9 98.1 0.25
02-25 15:31:32.330 10626 11371 I TechNova: RelicRecoveryAutoTileRunnerBlue2: ** TurnToAngle 1:  | 173.2 97.8 0.25
02-25 15:31:32.351 10626 11371 I TechNova: RelicRecoveryAutoTileRunnerBlue2: ** TurnToAngle 1:  | 174.3 96.7 0.25
02-25 15:31:32.374 10626 11371 I TechNova: RelicRecoveryAutoTileRunnerBlue2: ** TurnToAngle 1:  | 175.2 95.8 0.25
02-25 15:31:32.401 10626 11371 I TechNova: RelicRecoveryAutoTileRunnerBlue2: ** TurnToAngle 1:  | 176.1 94.9 0.25
02-25 15:31:32.418 10626 11371 I TechNova: RelicRecoveryAutoTileRunnerBlue2: ** TurnToAngle 1:  | 177.6 93.4 0.25
02-25 15:31:32.432 10626 11371 I TechNova: RelicRecoveryAutoTileRunnerBlue2: ** TurnToAngle 1:  | 178.1 92.9 0.25
02-25 15:31:32.460 10626 11371 I TechNova: RelicRecoveryAutoTileRunnerBlue2: ** TurnToAngle 1:  | 179.2 91.8 0.25
02-25 15:31:32.481 10626 11371 I TechNova: RelicRecoveryAutoTileRunnerBlue2: ** TurnToAngle 1:  | -179.4 90.4 0.25
02-25 15:31:32.497 10626 11371 I TechNova: RelicRecoveryAutoTileRunnerBlue2: ** TurnToAngle 1:  | -177.4 88.4 0.25
02-25 15:31:32.521 10626 11371 I TechNova: RelicRecoveryAutoTileRunnerBlue2: ** TurnToAngle 1:  | -176.8 87.8 0.25
02-25 15:31:32.538 10626 11371 I TechNova: RelicRecoveryAutoTileRunnerBlue2: ** TurnToAngle 1:  | -174.8 85.8 0.25
02-25 15:31:32.564 10626 11371 I TechNova: RelicRecoveryAutoTileRunnerBlue2: ** TurnToAngle 1:  | -173.2 84.2 0.25
02-25 15:31:32.591 10626 11371 I TechNova: RelicRecoveryAutoTileRunnerBlue2: ** TurnToAngle 1:  | -171.7 82.7 0.25
02-25 15:31:32.615 10626 11371 I TechNova: RelicRecoveryAutoTileRunnerBlue2: ** TurnToAngle 1:  | -169.4 80.4 0.25
02-25 15:31:32.637 10626 11371 I TechNova: RelicRecoveryAutoTileRunnerBlue2: ** TurnToAngle 1:  | -167.8 78.8 0.25
02-25 15:31:32.661 10626 11371 I TechNova: RelicRecoveryAutoTileRunnerBlue2: ** TurnToAngle 1:  | -165.2 76.2 0.25
02-25 15:31:32.688 10626 11371 I TechNova: RelicRecoveryAutoTileRunnerBlue2: ** TurnToAngle 1:  | -163.6 74.6 0.25
02-25 15:31:32.722 10626 11371 I TechNova: RelicRecoveryAutoTileRunnerBlue2: ** TurnToAngle 1:  | -161.0 72.0 0.25
02-25 15:31:32.785 10626 11371 I TechNova: RelicRecoveryAutoTileRunnerBlue2: ** TurnToAngle 1:  | -154.9 65.9 0.25
02-25 15:31:32.813 10626 11371 I TechNova: RelicRecoveryAutoTileRunnerBlue2: ** TurnToAngle 1:  | -152.9 63.9 0.25
02-25 15:31:32.844 10626 11371 I TechNova: RelicRecoveryAutoTileRunnerBlue2: ** TurnToAngle 1:  | -150.3 61.3 0.25
02-25 15:31:32.869 10626 11371 I TechNova: RelicRecoveryAutoTileRunnerBlue2: ** TurnToAngle 1:  | -147.4 58.4 0.20
02-25 15:31:32.912 10626 11371 I TechNova: RelicRecoveryAutoTileRunnerBlue2: ** TurnToAngle 1:  | -143.6 54.6 0.20
02-25 15:31:32.934 10626 11371 I TechNova: RelicRecoveryAutoTileRunnerBlue2: ** TurnToAngle 1:  | -140.8 51.8 0.20
02-25 15:31:32.956 10626 11371 I TechNova: RelicRecoveryAutoTileRunnerBlue2: ** TurnToAngle 1:  | -138.8 49.8 0.20
02-25 15:31:32.974 10626 11371 I TechNova: RelicRecoveryAutoTileRunnerBlue2: ** TurnToAngle 1:  | -136.9 47.9 0.20
02-25 15:31:33.002 10626 11371 I TechNova: RelicRecoveryAutoTileRunnerBlue2: ** TurnToAngle 1:  | -135.2 46.2 0.20
02-25 15:31:33.021 10626 11371 I TechNova: RelicRecoveryAutoTileRunnerBlue2: ** TurnToAngle 1:  | -133.4 44.4 0.12
02-25 15:31:33.062 10626 11371 I TechNova: RelicRecoveryAutoTileRunnerBlue2: ** TurnToAngle 1:  | -130.2 41.2 0.12
02-25 15:31:33.078 10626 11371 I TechNova: RelicRecoveryAutoTileRunnerBlue2: ** TurnToAngle 1:  | -127.7 38.7 0.12
02-25 15:31:33.101 10626 11371 I TechNova: RelicRecoveryAutoTileRunnerBlue2: ** TurnToAngle 1:  | -126.9 37.9 0.12
02-25 15:31:33.116 10626 11371 I TechNova: RelicRecoveryAutoTileRunnerBlue2: ** TurnToAngle 1:  | -125.4 36.4 0.12
02-25 15:31:33.142 10626 11371 I TechNova: RelicRecoveryAutoTileRunnerBlue2: ** TurnToAngle 1:  | -124.1 35.1 0.12
02-25 15:31:33.171 10626 11371 I TechNova: RelicRecoveryAutoTileRunnerBlue2: ** TurnToAngle 1:  | -122.2 33.2 0.12
02-25 15:31:33.197 10626 11371 I TechNova: RelicRecoveryAutoTileRunnerBlue2: ** TurnToAngle 1:  | -120.6 31.6 0.12
02-25 15:31:33.225 10626 11371 I TechNova: RelicRecoveryAutoTileRunnerBlue2: ** TurnToAngle 1:  | -119.8 30.8 0.12
02-25 15:31:33.239 10626 11371 I TechNova: RelicRecoveryAutoTileRunnerBlue2: ** TurnToAngle 1:  | -118.4 29.4 0.12
02-25 15:31:33.258 10626 11371 I TechNova: RelicRecoveryAutoTileRunnerBlue2: ** TurnToAngle 1:  | -117.9 28.9 0.12
02-25 15:31:33.285 10626 11371 I TechNova: RelicRecoveryAutoTileRunnerBlue2: ** TurnToAngle 1:  | -116.9 27.9 0.12
02-25 15:31:33.308 10626 11371 I TechNova: RelicRecoveryAutoTileRunnerBlue2: ** TurnToAngle 1:  | -115.4 26.4 0.12
02-25 15:31:33.336 10626 11371 I TechNova: RelicRecoveryAutoTileRunnerBlue2: ** TurnToAngle 1:  | -114.4 25.4 0.12
02-25 15:31:33.355 10626 11371 I TechNova: RelicRecoveryAutoTileRunnerBlue2: ** TurnToAngle 1:  | -112.9 23.9 0.12
02-25 15:31:33.378 10626 11371 I TechNova: RelicRecoveryAutoTileRunnerBlue2: ** TurnToAngle 1:  | -111.8 22.8 0.12
02-25 15:31:33.398 10626 11371 I TechNova: RelicRecoveryAutoTileRunnerBlue2: ** TurnToAngle 1:  | -110.8 21.8 0.12
02-25 15:31:33.422 10626 11371 I TechNova: RelicRecoveryAutoTileRunnerBlue2: ** TurnToAngle 1:  | -109.8 20.8 0.12
02-25 15:31:33.439 10626 11371 I TechNova: RelicRecoveryAutoTileRunnerBlue2: ** TurnToAngle 1:  | -108.9 19.9 0.08
02-25 15:31:33.489 10626 11371 I TechNova: RelicRecoveryAutoTileRunnerBlue2: ** TurnToAngle 1:  | -106.2 17.2 0.08
02-25 15:31:33.513 10626 11371 I TechNova: RelicRecoveryAutoTileRunnerBlue2: ** TurnToAngle 1:  | -105.2 16.2 0.08
02-25 15:31:33.538 10626 11371 I TechNova: RelicRecoveryAutoTileRunnerBlue2: ** TurnToAngle 1:  | -104.2 15.2 0.08
02-25 15:31:33.568 10626 11371 I TechNova: RelicRecoveryAutoTileRunnerBlue2: ** TurnToAngle 1:  | -102.9 13.9 0.08
02-25 15:31:33.590 10626 11371 I TechNova: RelicRecoveryAutoTileRunnerBlue2: ** TurnToAngle 1:  | -101.6 12.6 0.08
02-25 15:31:33.608 10626 11371 I TechNova: RelicRecoveryAutoTileRunnerBlue2: ** TurnToAngle 1:  | -100.8 11.8 0.08
02-25 15:31:33.635 10626 11371 I TechNova: RelicRecoveryAutoTileRunnerBlue2: ** TurnToAngle 1:  | -100.0 11.0 0.08
02-25 15:31:33.661 10626 11371 I TechNova: RelicRecoveryAutoTileRunnerBlue2: ** TurnToAngle 1:  | -98.9 9.9 0.08
02-25 15:31:33.679 10626 11371 I TechNova: RelicRecoveryAutoTileRunnerBlue2: ** TurnToAngle 1:  | -98.3 9.3 0.08
02-25 15:31:33.710 10626 11371 I TechNova: RelicRecoveryAutoTileRunnerBlue2: ** TurnToAngle 1:  | -97.3 8.3 0.08
02-25 15:31:33.736 10626 11371 I TechNova: RelicRecoveryAutoTileRunnerBlue2: ** TurnToAngle 1:  | -96.3 7.3 0.08
02-25 15:31:33.751 10626 11371 I TechNova: RelicRecoveryAutoTileRunnerBlue2: ** TurnToAngle 1:  | -95.6 6.6 0.08
02-25 15:31:33.773 10626 11371 I TechNova: RelicRecoveryAutoTileRunnerBlue2: ** TurnToAngle 1:  | -95.3 6.3 0.08
02-25 15:31:33.798 10626 11371 I TechNova: RelicRecoveryAutoTileRunnerBlue2: ** TurnToAngle 1:  | -94.6 5.6 0.08
02-25 15:31:33.829 10626 11371 I TechNova: RelicRecoveryAutoTileRunnerBlue2: ** TurnToAngle 1:  | -93.6 4.6 0.08
02-25 15:31:33.859 10626 11371 I TechNova: RelicRecoveryAutoTileRunnerBlue2: ** TurnToAngle 1:  | -92.6 3.6 0.08
02-25 15:31:33.884 10626 11371 I TechNova: RelicRecoveryAutoTileRunnerBlue2: ** TurnToAngle 1:  | -91.6 2.6 0.08
02-25 15:31:33.899 10626 11371 I TechNova: RelicRecoveryAutoTileRunnerBlue2: ** TurnToAngle 1:  | -90.9 1.9 0.08
02-25 15:31:33.943 10626 11371 I TechNova: RelicRecoveryAutoTileRunnerBlue2:  -- Angle Reached -- : | -90.2
02-25 15:31:34.039 10626 11371 I RelicRecoveryAutoTileRunnerBlue2: BLUE | State:  7 [PLACE_GLYPH_INTO_CRYPTO] |    End | 18830.2 |  6086 | IMU: -90.1 | (x1,x2): 24.0, 13.0 | Glyph count:   13 | RIGHT | Battery: 12.61
02-25 15:31:34.171 10626 11371 I RelicRecoveryAutoTileRunnerBlue2: BLUE | State:         8 [RESET_GLYPH_TRAY] |  Start | 18938.3 |    13 | IMU: -88.4 | (x1,x2): 23.0, 13.0 | Glyph count:   13 | RIGHT | Battery: 12.61
02-25 15:31:34.343 10626 11371 I RelicRecoveryAutoTileRunnerBlue2: BLUE | State:         8 [RESET_GLYPH_TRAY] |    End | 19131.2 |   205 | IMU: -88.5 | (x1,x2): 23.0, 12.6 | Glyph count:   13 | RIGHT | Battery: 12.44
02-25 15:31:34.380 10626 11371 V RobotCore: thread: ...terminating 'LinearOpMode main'
02-25 15:31:34.385 10626 10813 I FtcEventLoop: auto-stopping OpMode 'Auto BLUE #2'
02-25 15:31:34.385 10626 10813 V ThreadPool: waiting for service user linear op mode
02-25 15:31:34.386 10626 10813 V ThreadPool: awaitTermination returned, isTerminated=true
02-25 15:31:34.386 10626 11371 V ThreadPool: container(0x0433199b: LinearOpMode) removed id=728 TID=11371 count=1
02-25 15:31:34.386 10626 10813 V ThreadPool: executive service user linear op mode(0x0433199b) is terminated
02-25 15:31:34.868 10626 10813 V ThreadPool: executive service user linear op mode(0x0433199b) is terminated
02-25 15:31:34.868 10626 10813 I RobotCore: Attempting to switch to op mode $Stop$Robot$
02-25 15:31:34.976 10626 10796 V Robocol : sending CMD_NOTIFY_INIT_OP_MODE(41735), attempt: 0
02-25 15:31:35.029 10626 10791 V Robocol : received command: CMD_RUN_OP_MODE(49157) $Stop$Robot$
02-25 15:31:35.031 10626 10790 I BatteryChecker: percent remaining: 77 is charging: false
02-25 15:31:35.057 10626 10796 V Robocol : sending CMD_NOTIFY_RUN_OP_MODE(41741), attempt: 0
02-25 15:31:35.898 10626 10813 I RobotCore: Attempting to switch to op mode Tile Runner (New) TeleOps
02-25 15:31:35.935 10626 10813 V AMSColorSensorImpl: internalInitialize()...
02-25 15:31:35.964 10626 10813 V AMSColorSensorImpl: state: 07 f6 ff ff 00 00 00 00 00 00 00 00 00 00 08 61 
02-25 15:31:35.964 10626 10813 V AMSColorSensorImpl: state| 00 01 60 33 1e 00 0a 00 0a 
02-25 15:31:35.976 10626 10813 V AMSColorSensorImpl: disable() enabled=0x07...
02-25 15:31:36.004 10626 10813 V AMSColorSensorImpl: ...disable() enabled=0x00
02-25 15:31:36.004 10626 10813 V AMSColorSensorImpl: setIntegrationTime(0xf6)
02-25 15:31:36.016 10626 10813 V AMSColorSensorImpl: setGain(GAIN_4)
02-25 15:31:36.038 10626 10813 V AMSColorSensorImpl: setPDrive(Percent12_5)
02-25 15:31:36.059 10626 10813 V AMSColorSensorImpl: setProximityPulseCount(0x08)
02-25 15:31:36.081 10626 10813 V AMSColorSensorImpl: enable() enabled=0x00...
02-25 15:31:36.121 10626 10813 V AMSColorSensorImpl: ...enable() enabled=0x07
02-25 15:31:36.141 10626 10813 V AMSColorSensorImpl: state: 07 f6 ff ff 00 00 00 00 00 00 00 00 00 00 08 61 
02-25 15:31:36.141 10626 10813 V AMSColorSensorImpl: state| 00 01 60 33 1e 00 0a 00 0a 
02-25 15:31:36.141 10626 10813 V AMSColorSensorImpl: ...internalInitialize()
02-25 15:31:36.300 10626 10813 W LynxPwmOutputController: LynxSetPWMEnableCommand not implemented by lynx hw; ignoring
02-25 15:31:36.306 10626 10813 W LynxPwmOutputController: LynxSetPWMConfigurationCommand not implemented by lynx hw; ignoring
02-25 15:31:36.312 10626 10813 W LynxPwmOutputController: LynxSetPWMEnableCommand not implemented by lynx hw; ignoring
02-25 15:31:36.318 10626 10813 W LynxPwmOutputController: LynxSetPWMConfigurationCommand not implemented by lynx hw; ignoring
02-25 15:31:36.324 10626 10813 W LynxPwmOutputController: LynxSetPWMEnableCommand not implemented by lynx hw; ignoring
02-25 15:31:36.330 10626 10813 W LynxPwmOutputController: LynxSetPWMConfigurationCommand not implemented by lynx hw; ignoring
02-25 15:31:36.336 10626 10813 W LynxPwmOutputController: LynxSetPWMEnableCommand not implemented by lynx hw; ignoring
02-25 15:31:36.342 10626 10813 W LynxPwmOutputController: LynxSetPWMConfigurationCommand not implemented by lynx hw; ignoring
02-25 15:31:36.347 10626 10813 W LynxPwmOutputController: LynxSetPWMEnableCommand not implemented by lynx hw; ignoring
02-25 15:31:36.352 10626 10813 W LynxPwmOutputController: LynxSetPWMConfigurationCommand not implemented by lynx hw; ignoring
02-25 15:31:36.356 10626 10813 W LynxPwmOutputController: LynxSetPWMEnableCommand not implemented by lynx hw; ignoring
02-25 15:31:36.361 10626 10813 W LynxPwmOutputController: LynxSetPWMConfigurationCommand not implemented by lynx hw; ignoring
02-25 15:31:36.365 10626 10813 W LynxPwmOutputController: LynxSetPWMEnableCommand not implemented by lynx hw; ignoring
02-25 15:31:36.369 10626 10813 W LynxPwmOutputController: LynxSetPWMConfigurationCommand not implemented by lynx hw; ignoring
02-25 15:31:36.374 10626 10813 W LynxPwmOutputController: LynxSetPWMEnableCommand not implemented by lynx hw; ignoring
02-25 15:31:36.379 10626 10813 W LynxPwmOutputController: LynxSetPWMConfigurationCommand not implemented by lynx hw; ignoring
02-25 15:31:36.589 10626 10813 V ThreadPool: container(0x00947503: LinearOpMode) added id=744 TID=0 count=1
02-25 15:31:36.591 10626 11503 V RobotCore: thread: 'LinearOpMode main' starting...
02-25 15:31:36.616 10626 10796 V Robocol : sending CMD_NOTIFY_INIT_OP_MODE(41764), attempt: 0
02-25 15:31:36.669 10626 11503 I TechNova: TileRunnerRobot: Init Drive Motors |  Drive Motors are initialized ...
02-25 15:31:36.713 10626 10626 I BatteryChecker: percent remaining: 77 is charging: false
02-25 15:31:36.741 10626 10626 I BatteryChecker: percent remaining: 77 is charging: false
02-25 15:31:36.796 10626 11503 I TechNova: TileRunnerRobot: Color Sensor init failed. | Unable to find a hardware device with the name "glyphColor"
02-25 15:31:36.803 10626 11503 I TechNova: TileRunnerRobot: Glyph blocker servo failed | Unable to find a hardware device with the name "glyphBlocker"
02-25 15:31:36.803 10626 11503 I TechNova: TileRunnerRobot: Init Servos |  Servos are initialized ...
02-25 15:31:40.868 10626 10791 V Robocol : received command: CMD_INIT_OP_MODE(49219) $Stop$Robot$
02-25 15:31:40.869 10626 10790 I BatteryChecker: percent remaining: 77 is charging: false
02-25 15:31:40.876 10626 10813 V ThreadPool: waiting for service user linear op mode
02-25 15:31:40.877 10626 11503 V RobotCore: thread: ...terminating 'LinearOpMode main'
02-25 15:31:40.877 10626 10813 V ThreadPool: awaitTermination returned, isTerminated=true
02-25 15:31:40.877 10626 11503 V ThreadPool: container(0x00947503: LinearOpMode) removed id=744 TID=11503 count=1
02-25 15:31:40.877 10626 10813 V ThreadPool: executive service user linear op mode(0x00947503) is terminated
02-25 15:31:40.877 10626 10813 I RobotCore: Attempting to switch to op mode $Stop$Robot$
02-25 15:31:40.936 10626 10796 V Robocol : sending CMD_NOTIFY_INIT_OP_MODE(41815), attempt: 0
02-25 15:31:41.030 10626 10791 V Robocol : received command: CMD_RUN_OP_MODE(49226) $Stop$Robot$
02-25 15:31:41.033 10626 10790 I BatteryChecker: percent remaining: 77 is charging: false
02-25 15:31:41.056 10626 10796 V Robocol : sending CMD_NOTIFY_RUN_OP_MODE(41821), attempt: 0
02-25 15:31:45.014 10626 10636 I art     : Background partial concurrent mark sweep GC freed 370678(13MB) AllocSpace objects, 8(15MB) LOS objects, 40% free, 23MB/39MB, paused 1.494ms total 111.597ms
--------- beginning of main
02-25 15:13:02.239 10626 10805 I chatty  : uid=10133 expire 113 lines
02-25 15:13:15.588 10626 10805 I chatty  : uid=10133 expire 142 lines
02-25 15:13:17.237 10626 10809 I chatty  : uid=10133 expire 114 lines
02-25 15:13:30.598 10626 10809 I chatty  : uid=10133 expire 142 lines
02-25 15:13:32.244 10626 10805 I chatty  : uid=10133 expire 114 lines
02-25 15:13:45.642 10626 10805 I chatty  : uid=10133 expire 142 lines
02-25 15:13:47.276 10626 10809 I chatty  : uid=10133 expire 109 lines
02-25 15:14:00.090 10626 10809 I chatty  : uid=10133 expire 146 lines
02-25 15:14:02.294 10626 10805 I chatty  : uid=10133 expire 114 lines
02-25 15:14:15.711 10626 10805 I chatty  : uid=10133 expire 105 lines
02-25 15:14:17.247 10626 10809 I chatty  : uid=10133 expire 92 lines
02-25 15:14:48.348 10626 10791 I chatty  : uid=10133 expire 10 lines
02-25 15:14:48.350 10626 10790 I chatty  : uid=10133 expire 16 lines
02-25 15:14:48.456 10626 10796 I chatty  : uid=10133 expire 18 lines
02-25 15:14:50.755 10626 11041 I chatty  : uid=10133 expire 10 lines
02-25 15:19:09.356 10626 11041 I chatty  : uid=10133 expire 3 lines
02-25 15:20:01.339 10626 10626 I chatty  : uid=10133 expire 10 lines
02-25 15:20:50.043 10626 10813 I chatty  : uid=10133 expire 39 lines
02-25 15:25:53.207 10626 11086 I chatty  : uid=10133 expire 39 lines
02-25 15:26:02.315 10626 10626 I chatty  : uid=10133 expire 7 lines
02-25 15:26:20.407 10626 10636 I chatty  : uid=10133 expire 7 lines
02-25 15:27:16.175 10626 11086 I chatty  : uid=10133 expire 305 lines
02-25 15:27:33.474 10626 11086 I chatty  : uid=10133 expire 63 lines
02-25 15:27:35.394 10626 10813 I chatty  : uid=10133 expire 38 lines
02-25 15:27:35.589 10626 10791 I chatty  : uid=10133 expire 7 lines
02-25 15:27:37.226 10626 11232 I chatty  : uid=10133 expire 7 lines
02-25 15:28:01.162 10626 10813 I chatty  : uid=10133 expire 38 lines
02-25 15:28:27.804 10626 11248 I chatty  : uid=10133 expire 25 lines
02-25 15:28:58.042 10626 11248 I chatty  : uid=10133 expire 324 lines
02-25 15:29:16.354 10626 11248 I chatty  : uid=10133 expire 57 lines
02-25 15:29:17.960 10626 11248 I TechNova: RelicRecoveryAutoTileRunnerBlue2: ** TurnToAngle 1:  | -102.1 13.1 0.08
02-25 15:29:17.988 10626 11248 I TechNova: RelicRecoveryAutoTileRunnerBlue2: ** TurnToAngle 1:  | -100.9 11.9 0.08
02-25 15:29:18.005 10626 11248 I TechNova: RelicRecoveryAutoTileRunnerBlue2: ** TurnToAngle 1:  | -99.9 10.9 0.08
02-25 15:29:18.028 10626 11248 I TechNova: RelicRecoveryAutoTileRunnerBlue2: ** TurnToAngle 1:  | -99.6 10.6 0.08
02-25 15:29:18.051 10626 11248 I TechNova: RelicRecoveryAutoTileRunnerBlue2: ** TurnToAngle 1:  | -98.6 9.6 0.08
02-25 15:29:18.091 10626 11248 I TechNova: RelicRecoveryAutoTileRunnerBlue2: ** TurnToAngle 1:  | -97.6 8.6 0.08
02-25 15:29:18.114 10626 11248 I TechNova: RelicRecoveryAutoTileRunnerBlue2: ** TurnToAngle 1:  | -96.6 7.6 0.08
02-25 15:29:18.132 10626 11248 I TechNova: RelicRecoveryAutoTileRunnerBlue2: ** TurnToAngle 1:  | -95.9 6.9 0.08
02-25 15:29:18.160 10626 11248 I TechNova: RelicRecoveryAutoTileRunnerBlue2: ** TurnToAngle 1:  | -95.1 6.1 0.08
02-25 15:29:18.189 10626 11248 I TechNova: RelicRecoveryAutoTileRunnerBlue2: ** TurnToAngle 1:  | -93.9 4.9 0.08
02-25 15:29:18.215 10626 11248 I TechNova: RelicRecoveryAutoTileRunnerBlue2: ** TurnToAngle 1:  | -92.9 3.9 0.08
02-25 15:29:18.238 10626 11248 I TechNova: RelicRecoveryAutoTileRunnerBlue2: ** TurnToAngle 1:  | -92.6 3.6 0.08
02-25 15:29:18.262 10626 11248 I TechNova: RelicRecoveryAutoTileRunnerBlue2: ** TurnToAngle 1:  | -91.9 2.9 0.08
02-25 15:29:18.285 10626 11248 I TechNova: RelicRecoveryAutoTileRunnerBlue2: ** TurnToAngle 1:  | -90.9 1.9 0.08
02-25 15:29:18.329 10626 11248 I TechNova: RelicRecoveryAutoTileRunnerBlue2:  -- Angle Reached -- : | -90.2
02-25 15:29:18.428 10626 11248 I RelicRecoveryAutoTileRunnerBlue2: BLUE | State:  7 [PLACE_GLYPH_INTO_CRYPTO] |    End | 20397.0 |  7593 | IMU: -88.8 | (x1,x2): 28.0, 13.0 | Glyph count:    7 | RIGHT | Battery: 12.62
02-25 15:29:18.541 10626 11248 I RelicRecoveryAutoTileRunnerBlue2: BLUE | State:         8 [RESET_GLYPH_TRAY] |  Start | 20506.2 |    10 | IMU: -86.8 | (x1,x2): 28.0, 13.0 | Glyph count:    7 | RIGHT | Battery: 12.64
02-25 15:29:18.715 10626 11248 I RelicRecoveryAutoTileRunnerBlue2: BLUE | State:         8 [RESET_GLYPH_TRAY] |    End | 20686.6 |   190 | IMU: -86.9 | (x1,x2): 28.0, 12.6 | Glyph count:    7 | RIGHT | Battery: 12.48
02-25 15:29:18.749 10626 11248 V RobotCore: thread: ...terminating 'LinearOpMode main'
02-25 15:29:18.750 10626 10813 I FtcEventLoop: auto-stopping OpMode 'Auto BLUE #2'
02-25 15:29:18.750 10626 10813 V ThreadPool: waiting for service user linear op mode
02-25 15:29:18.751 10626 10813 V ThreadPool: awaitTermination returned, isTerminated=true
02-25 15:29:18.751 10626 11248 V ThreadPool: container(0x0d54786d: LinearOpMode) removed id=711 TID=11248 count=1
02-25 15:29:18.751 10626 10813 V ThreadPool: executive service user linear op mode(0x0d54786d) is terminated
02-25 15:29:19.088 10626 10813 V ThreadPool: executive service user linear op mode(0x0d54786d) is terminated
02-25 15:29:19.088 10626 10813 I RobotCore: Attempting to switch to op mode $Stop$Robot$
02-25 15:29:19.176 10626 10796 V Robocol : sending CMD_NOTIFY_INIT_OP_MODE(39992), attempt: 0
02-25 15:29:19.190 10626 10791 V Robocol : received command: CMD_RUN_OP_MODE(47539) $Stop$Robot$
02-25 15:29:19.192 10626 10790 I BatteryChecker: percent remaining: 78 is charging: false
02-25 15:29:19.217 10626 10796 V Robocol : sending CMD_NOTIFY_RUN_OP_MODE(39999), attempt: 0
02-25 15:29:20.102 10626 10813 I RobotCore: Attempting to switch to op mode Tile Runner (New) TeleOps
02-25 15:29:20.136 10626 10813 V AMSColorSensorImpl: internalInitialize()...
02-25 15:29:20.166 10626 10813 V AMSColorSensorImpl: state: 07 f6 ff ff 00 00 00 00 00 00 00 00 00 00 08 61 
02-25 15:29:20.167 10626 10813 V AMSColorSensorImpl: state| 00 01 60 33 1c 00 0a 00 09 
02-25 15:29:20.178 10626 10813 V AMSColorSensorImpl: disable() enabled=0x07...
02-25 15:29:20.204 10626 10813 V AMSColorSensorImpl: ...disable() enabled=0x00
02-25 15:29:20.204 10626 10813 V AMSColorSensorImpl: setIntegrationTime(0xf6)
02-25 15:29:20.213 10626 10813 V AMSColorSensorImpl: setGain(GAIN_4)
02-25 15:29:20.234 10626 10813 V AMSColorSensorImpl: setPDrive(Percent12_5)
02-25 15:29:20.254 10626 10813 V AMSColorSensorImpl: setProximityPulseCount(0x08)
02-25 15:29:20.276 10626 10813 V AMSColorSensorImpl: enable() enabled=0x00...
02-25 15:29:20.316 10626 10813 V AMSColorSensorImpl: ...enable() enabled=0x07
02-25 15:29:20.329 10626 10813 V AMSColorSensorImpl: state: 07 f6 ff ff 00 00 00 00 00 00 00 00 00 00 08 61 
02-25 15:29:20.330 10626 10813 V AMSColorSensorImpl: state| 00 01 60 33 1c 00 0a 00 09 
02-25 15:29:20.330 10626 10813 V AMSColorSensorImpl: ...internalInitialize()
02-25 15:29:20.486 10626 10813 W LynxPwmOutputController: LynxSetPWMEnableCommand not implemented by lynx hw; ignoring
02-25 15:29:20.492 10626 10813 W LynxPwmOutputController: LynxSetPWMConfigurationCommand not implemented by lynx hw; ignoring
02-25 15:29:20.497 10626 10813 W LynxPwmOutputController: LynxSetPWMEnableCommand not implemented by lynx hw; ignoring
02-25 15:29:20.503 10626 10813 W LynxPwmOutputController: LynxSetPWMConfigurationCommand not implemented by lynx hw; ignoring
02-25 15:29:20.508 10626 10813 W LynxPwmOutputController: LynxSetPWMEnableCommand not implemented by lynx hw; ignoring
02-25 15:29:20.513 10626 10813 W LynxPwmOutputController: LynxSetPWMConfigurationCommand not implemented by lynx hw; ignoring
02-25 15:29:20.518 10626 10813 W LynxPwmOutputController: LynxSetPWMEnableCommand not implemented by lynx hw; ignoring
02-25 15:29:20.524 10626 10813 W LynxPwmOutputController: LynxSetPWMConfigurationCommand not implemented by lynx hw; ignoring
02-25 15:29:20.529 10626 10813 W LynxPwmOutputController: LynxSetPWMEnableCommand not implemented by lynx hw; ignoring
02-25 15:29:20.534 10626 10813 W LynxPwmOutputController: LynxSetPWMConfigurationCommand not implemented by lynx hw; ignoring
02-25 15:29:20.538 10626 10813 W LynxPwmOutputController: LynxSetPWMEnableCommand not implemented by lynx hw; ignoring
02-25 15:29:20.544 10626 10813 W LynxPwmOutputController: LynxSetPWMConfigurationCommand not implemented by lynx hw; ignoring
02-25 15:29:20.548 10626 10813 W LynxPwmOutputController: LynxSetPWMEnableCommand not implemented by lynx hw; ignoring
02-25 15:29:20.551 10626 10813 W LynxPwmOutputController: LynxSetPWMConfigurationCommand not implemented by lynx hw; ignoring
02-25 15:29:20.556 10626 10813 W LynxPwmOutputController: LynxSetPWMEnableCommand not implemented by lynx hw; ignoring
02-25 15:29:20.561 10626 10813 W LynxPwmOutputController: LynxSetPWMConfigurationCommand not implemented by lynx hw; ignoring
02-25 15:29:20.768 10626 10813 V ThreadPool: container(0x0acd8495: LinearOpMode) added id=727 TID=0 count=1
02-25 15:29:20.773 10626 11366 V RobotCore: thread: 'LinearOpMode main' starting...
02-25 15:29:20.776 10626 10796 V Robocol : sending CMD_NOTIFY_INIT_OP_MODE(40021), attempt: 0
02-25 15:29:20.851 10626 11366 I TechNova: TileRunnerRobot: Init Drive Motors |  Drive Motors are initialized ...
02-25 15:29:20.981 10626 11366 I TechNova: TileRunnerRobot: Color Sensor init failed. | Unable to find a hardware device with the name "glyphColor"
02-25 15:29:20.989 10626 11366 I TechNova: TileRunnerRobot: Glyph blocker servo failed | Unable to find a hardware device with the name "glyphBlocker"
02-25 15:29:20.990 10626 11366 I TechNova: TileRunnerRobot: Init Servos |  Servos are initialized ...
02-25 15:29:25.148 10626 10626 I BatteryChecker: percent remaining: 77 is charging: false
02-25 15:29:32.709 10626 10791 V Robocol : received command: CMD_INIT_OP_MODE(47665) $Stop$Robot$
02-25 15:29:32.711 10626 10790 I BatteryChecker: percent remaining: 77 is charging: false
02-25 15:29:32.720 10626 10813 V ThreadPool: waiting for service user linear op mode
02-25 15:29:32.722 10626 11366 V RobotCore: thread: ...terminating 'LinearOpMode main'
02-25 15:29:32.723 10626 10813 V ThreadPool: awaitTermination returned, isTerminated=true
02-25 15:29:32.723 10626 11366 V ThreadPool: container(0x0acd8495: LinearOpMode) removed id=727 TID=11366 count=1
02-25 15:29:32.723 10626 10813 V ThreadPool: executive service user linear op mode(0x0acd8495) is terminated
02-25 15:29:32.723 10626 10813 I RobotCore: Attempting to switch to op mode $Stop$Robot$
02-25 15:29:32.776 10626 10796 V Robocol : sending CMD_NOTIFY_INIT_OP_MODE(40143), attempt: 0
02-25 15:29:32.830 10626 10791 V Robocol : received command: CMD_RUN_OP_MODE(47671) $Stop$Robot$
02-25 15:29:32.832 10626 10790 I BatteryChecker: percent remaining: 77 is charging: false
02-25 15:29:32.857 10626 10796 V Robocol : sending CMD_NOTIFY_RUN_OP_MODE(40149), attempt: 0
02-25 15:29:37.732 10626 10626 I BatteryChecker: percent remaining: 77 is charging: false
02-25 15:29:42.005 10626 10636 I art     : Background sticky concurrent mark sweep GC freed 436144(14MB) AllocSpace objects, 0(0B) LOS objects, 35% free, 28MB/43MB, paused 1.713ms total 132.842ms
02-25 15:30:37.197 10626 10636 I art     : Background sticky concurrent mark sweep GC freed 475916(15MB) AllocSpace objects, 0(0B) LOS objects, 35% free, 28MB/43MB, paused 1.659ms total 113.557ms
02-25 15:30:37.787 10626 10626 I BatteryChecker: percent remaining: 77 is charging: false
02-25 15:30:37.894 10626 10626 I BatteryChecker: percent remaining: 77 is charging: false
02-25 15:30:57.869 10626 10791 V Robocol : received command: CMD_INIT_OP_MODE(48738) $Stop$Robot$
02-25 15:30:57.871 10626 10790 I BatteryChecker: percent remaining: 77 is charging: false
02-25 15:30:57.880 10626 10813 I RobotCore: Attempting to switch to op mode $Stop$Robot$
02-25 15:30:57.976 10626 10796 V Robocol : sending CMD_NOTIFY_INIT_OP_MODE(41289), attempt: 0
02-25 15:30:57.988 10626 10791 V Robocol : received command: CMD_RUN_OP_MODE(48744) $Stop$Robot$
02-25 15:30:57.989 10626 10790 I BatteryChecker: percent remaining: 77 is charging: false
02-25 15:30:58.017 10626 10796 V Robocol : sending CMD_NOTIFY_RUN_OP_MODE(41294), attempt: 0
02-25 15:31:00.087 10626 10626 I BatteryChecker: percent remaining: 77 is charging: false
02-25 15:31:01.429 10626 10791 V Robocol : received command: CMD_INIT_OP_MODE(48793) Auto BLUE #2
02-25 15:31:01.432 10626 10790 I BatteryChecker: percent remaining: 77 is charging: false
02-25 15:31:01.442 10626 10813 I RobotCore: Attempting to switch to op mode Auto BLUE #2
02-25 15:31:01.479 10626 10813 V AMSColorSensorImpl: internalInitialize()...
02-25 15:31:01.503 10626 10813 V AMSColorSensorImpl: state: 07 f6 ff ff 00 00 00 00 00 00 00 00 00 00 08 61 
02-25 15:31:01.504 10626 10813 V AMSColorSensorImpl: state| 00 01 60 33 23 00 0d 00 0b 
02-25 15:31:01.516 10626 10813 V AMSColorSensorImpl: disable() enabled=0x07...
02-25 15:31:01.542 10626 10813 V AMSColorSensorImpl: ...disable() enabled=0x00
02-25 15:31:01.542 10626 10813 V AMSColorSensorImpl: setIntegrationTime(0xf6)
02-25 15:31:01.552 10626 10813 V AMSColorSensorImpl: setGain(GAIN_4)
02-25 15:31:01.573 10626 10813 V AMSColorSensorImpl: setPDrive(Percent12_5)
02-25 15:31:01.595 10626 10813 V AMSColorSensorImpl: setProximityPulseCount(0x08)
02-25 15:31:01.618 10626 10813 V AMSColorSensorImpl: enable() enabled=0x00...
02-25 15:31:01.659 10626 10813 V AMSColorSensorImpl: ...enable() enabled=0x07
02-25 15:31:01.673 10626 10813 V AMSColorSensorImpl: state: 07 f6 ff ff 00 00 00 00 00 00 00 00 00 00 08 61 
02-25 15:31:01.674 10626 10813 V AMSColorSensorImpl: state| 00 01 60 33 23 00 0d 00 0c 
02-25 15:31:01.674 10626 10813 V AMSColorSensorImpl: ...internalInitialize()
02-25 15:31:01.823 10626 10813 W LynxPwmOutputController: LynxSetPWMEnableCommand not implemented by lynx hw; ignoring
02-25 15:31:01.828 10626 10813 W LynxPwmOutputController: LynxSetPWMConfigurationCommand not implemented by lynx hw; ignoring
02-25 15:31:01.834 10626 10813 W LynxPwmOutputController: LynxSetPWMEnableCommand not implemented by lynx hw; ignoring
02-25 15:31:01.838 10626 10813 W LynxPwmOutputController: LynxSetPWMConfigurationCommand not implemented by lynx hw; ignoring
02-25 15:31:01.844 10626 10813 W LynxPwmOutputController: LynxSetPWMEnableCommand not implemented by lynx hw; ignoring
02-25 15:31:01.848 10626 10813 W LynxPwmOutputController: LynxSetPWMConfigurationCommand not implemented by lynx hw; ignoring
02-25 15:31:01.854 10626 10813 W LynxPwmOutputController: LynxSetPWMEnableCommand not implemented by lynx hw; ignoring
02-25 15:31:01.858 10626 10813 W LynxPwmOutputController: LynxSetPWMConfigurationCommand not implemented by lynx hw; ignoring
02-25 15:31:01.863 10626 10813 W LynxPwmOutputController: LynxSetPWMEnableCommand not implemented by lynx hw; ignoring
02-25 15:31:01.867 10626 10813 W LynxPwmOutputController: LynxSetPWMConfigurationCommand not implemented by lynx hw; ignoring
02-25 15:31:01.871 10626 10813 W LynxPwmOutputController: LynxSetPWMEnableCommand not implemented by lynx hw; ignoring
02-25 15:31:01.875 10626 10813 W LynxPwmOutputController: LynxSetPWMConfigurationCommand not implemented by lynx hw; ignoring
02-25 15:31:01.879 10626 10813 W LynxPwmOutputController: LynxSetPWMEnableCommand not implemented by lynx hw; ignoring
02-25 15:31:01.884 10626 10813 W LynxPwmOutputController: LynxSetPWMConfigurationCommand not implemented by lynx hw; ignoring
02-25 15:31:01.888 10626 10813 W LynxPwmOutputController: LynxSetPWMEnableCommand not implemented by lynx hw; ignoring
02-25 15:31:01.891 10626 10813 W LynxPwmOutputController: LynxSetPWMConfigurationCommand not implemented by lynx hw; ignoring
02-25 15:31:02.070 10626 10813 V ThreadPool: container(0x0433199b: LinearOpMode) added id=728 TID=0 count=1
02-25 15:31:02.075 10626 11371 V RobotCore: thread: 'LinearOpMode main' starting...
02-25 15:31:02.096 10626 10796 V Robocol : sending CMD_NOTIFY_INIT_OP_MODE(41353), attempt: 0
02-25 15:31:02.159 10626 11371 I TechNova: TileRunnerRobot: Init Drive Motors |  Drive Motors are initialized ...
02-25 15:31:02.160 10626 11371 I TileRunnerRobot: 0 | init ...
02-25 15:31:02.273 10626 11371 V RobotCore: addr=false data=true arb=false clock=false
02-25 15:31:02.273 10626 11371 E LynxI2cDeviceSynch: readStatusQuery: cbExpected=1 cbRead=0
02-25 15:31:02.273 10626 11371 E LynxI2cDeviceSynch: placeholder: readStatusQuery
02-25 15:31:02.359 10626 11371 V RobotCore: addr=false data=true arb=false clock=false
02-25 15:31:02.359 10626 11371 E LynxI2cDeviceSynch: readStatusQuery: cbExpected=1 cbRead=0
02-25 15:31:02.443 10626 11371 V RobotCore: addr=false data=true arb=false clock=false
02-25 15:31:02.443 10626 11371 E LynxI2cDeviceSynch: readStatusQuery: cbExpected=1 cbRead=0
02-25 15:31:02.527 10626 11371 V RobotCore: addr=false data=true arb=false clock=false
02-25 15:31:02.527 10626 11371 E LynxI2cDeviceSynch: readStatusQuery: cbExpected=1 cbRead=0
02-25 15:31:03.070 10626 11371 W AdaFruitIMU: re-issuing IMU mode: system status=IDLE expected=RUNNING_FUSION
02-25 15:31:03.279 10626 11371 I TechNova: TileRunnerRobot: Init Imu | 1119 | imu initialized ...
02-25 15:31:03.279 10626 11371 I TechNova: TileRunnerRobot: Init Range Sesnor |  Range Sensor x1 and x2 are initialized ...
02-25 15:31:03.412 10626 11371 I TechNova: TileRunnerRobot: Color Sensor init failed. | Unable to find a hardware device with the name "glyphColor"
02-25 15:31:03.419 10626 11371 I TechNova: TileRunnerRobot: Glyph blocker servo failed | Unable to find a hardware device with the name "glyphBlocker"
02-25 15:31:03.419 10626 11371 I TechNova: TileRunnerRobot: Init Servos |  Servos are initialized ...
02-25 15:31:03.770 10626 11371 I AR      : Vuforia SDK version 6.0.117
02-25 15:31:04.482 10626 11371 I AR      : ObjectTracker: Successfully created dataset
02-25 15:31:04.482 10626 11371 V Vuforia : loading data set 'RelicVuMark'...
02-25 15:31:04.734 10626 11371 V Vuforia : ... done loading data set 'RelicVuMark'
02-25 15:31:04.805 10626 11371 I JewelPusher: Color in Init (R,G, B):13, 11, 10
02-25 15:31:04.831 10626 11371 I TechNova: TileRunnerRobot: IMU Heading: | -0.2
02-25 15:31:04.831 10626 11371 I VuMarkVision: VuMark | UNKNOWN visible
02-25 15:31:13.965 10626 10813 I RobotCore: robot battery read duration: n=10, mean=3.885ms sd=1.147ms
02-25 15:31:14.911 10626 10791 V Robocol : received command: CMD_RUN_OP_MODE(48954) Auto BLUE #2
02-25 15:31:14.912 10626 10790 I BatteryChecker: percent remaining: 77 is charging: false
02-25 15:31:14.937 10626 10796 V Robocol : sending CMD_NOTIFY_RUN_OP_MODE(41520), attempt: 0
02-25 15:31:15.231 10626 11371 I TechNova: TileRunnerRobot: Robot: | Robot starting 13786.5
02-25 15:31:15.336 10626 11371 I RelicRecoveryAutoTileRunnerBlue2: BLUE | State:                    0 [START] |  Start |  117.9 | 13789 | IMU: -0.7 | (x1,x2): 36.0, 12.2 | Glyph count:    0 | UNKNOWN | Battery: 12.72
02-25 15:31:15.425 10626 11371 I RelicRecoveryAutoTileRunnerBlue2: BLUE | State:                    0 [START] |    End |  223.4 | 13894 | IMU: -0.7 | (x1,x2): 36.0, 12.2 | Glyph count:    0 | UNKNOWN | Battery: 12.71
02-25 15:31:15.437 10626 11371 I VuMarkVision: VuMark | RIGHT visible
02-25 15:31:15.552 10626 11371 I RelicRecoveryAutoTileRunnerBlue2: BLUE | State:               1 [PUSH_JEWEL] |  Start |  335.7 |    24 | IMU: -0.7 | (x1,x2): 36.0, 12.2 | Glyph count:    0 | RIGHT | Battery: 12.71
02-25 15:31:15.552 10626 11371 I JewelPusher: Deploying jewel pusher arms ...
02-25 15:31:16.832 10626 11371 I TechNova:JewelPusher: Jewel Color: (13|42) 33554433
02-25 15:31:16.933 10626 11371 I TechNova: JewelPusher: JewelColor:BLUE
02-25 15:31:17.950 10626 11371 I JewelPusher: Retracting jewel pusher arms ...
02-25 15:31:18.571 10626 11371 I RelicRecoveryAutoTileRunnerBlue2: BLUE | State:               1 [PUSH_JEWEL] |    End | 3370.0 |  3058 | IMU: -0.8 | (x1,x2): 36.0, 13.0 | Glyph count:    0 | RIGHT | Battery: 12.59
