02-25 15:27:32.675 10626 11086 I TechNova: TileRunnerRobot: Encoder Remain | 	211.0	115.3	125.3
02-25 15:27:32.694 10626 11086 I TechNova: TileRunnerRobot: EncodersC | 	-108	-47	-67	-61
02-25 15:27:32.714 10626 11086 I TechNova: TileRunnerRobot: EncodersT | 	-253	-254	-254	-253
02-25 15:27:32.814 10626 11086 I TechNova: TileRunnerRobot: Encoder Remain | 	94.0	105.7	115.3
02-25 15:27:32.833 10626 11086 I TechNova: TileRunnerRobot: EncodersC | 	-223	-171	-205	-194
02-25 15:27:32.851 10626 11086 I TechNova: TileRunnerRobot: EncodersT | 	-253	-254	-254	-253
02-25 15:27:32.952 10626 11086 I TechNova: TileRunnerRobot: Encoder Remain | 	13.0	106.0	105.7
02-25 15:27:32.968 10626 11086 I TechNova: TileRunnerRobot: EncodersC | 	-273	-237	-267	-250
02-25 15:27:32.982 10626 11086 I TechNova: TileRunnerRobot: EncodersT | 	-253	-254	-254	-253
02-25 15:27:33.163 10626 11086 I TechNova: RelicRecoveryAutoTileRunnerBlue2:  --- Turn to 90 degree --- 
02-25 15:27:33.187 10626 11086 I TechNova: RelicRecoveryAutoTileRunnerBlue2: ** TurnToAngle 1:  | 175.2 95.8 0.25
02-25 15:27:33.238 10626 11086 I TechNova: RelicRecoveryAutoTileRunnerBlue2: ** TurnToAngle 1:  | 175.2 95.8 0.25
02-25 15:27:33.264 10626 11086 I TechNova: RelicRecoveryAutoTileRunnerBlue2: ** TurnToAngle 1:  | 175.2 95.8 0.25
02-25 15:27:33.287 10626 11086 I TechNova: RelicRecoveryAutoTileRunnerBlue2: ** TurnToAngle 1:  | 175.4 95.6 0.25
02-25 15:27:33.311 10626 11086 I TechNova: RelicRecoveryAutoTileRunnerBlue2: ** TurnToAngle 1:  | 175.4 95.6 0.25
02-25 15:27:33.342 10626 11086 I TechNova: RelicRecoveryAutoTileRunnerBlue2: ** TurnToAngle 1:  | 176.1 94.9 0.25
02-25 15:27:33.365 10626 11086 I TechNova: RelicRecoveryAutoTileRunnerBlue2: ** TurnToAngle 1:  | 176.8 94.2 0.25
02-25 15:27:33.387 10626 11086 I TechNova: RelicRecoveryAutoTileRunnerBlue2: ** TurnToAngle 1:  | 178.1 92.9 0.25
02-25 15:27:33.415 10626 11086 I TechNova: RelicRecoveryAutoTileRunnerBlue2: ** TurnToAngle 1:  | 179.0 92.0 0.25
02-25 15:27:33.444 10626 11086 I TechNova: RelicRecoveryAutoTileRunnerBlue2: ** TurnToAngle 1:  | -179.3 90.3 0.25
02-25 15:27:33.454 10626 10636 I art     : Background sticky concurrent mark sweep GC freed 384149(13MB) AllocSpace objects, 0(0B) LOS objects, 34% free, 25MB/38MB, paused 2.607ms total 243.879ms
02-25 15:27:33.474 10626 11086 I TechNova: RelicRecoveryAutoTileRunnerBlue2: ** TurnToAngle 1:  | -177.4 88.4 0.25
02-25 15:27:33.504 10626 11086 I TechNova: RelicRecoveryAutoTileRunnerBlue2: ** TurnToAngle 1:  | -175.5 86.5 0.25
02-25 15:27:33.536 10626 11086 I TechNova: RelicRecoveryAutoTileRunnerBlue2: ** TurnToAngle 1:  | -172.8 83.8 0.25
02-25 15:27:33.559 10626 11086 I TechNova: RelicRecoveryAutoTileRunnerBlue2: ** TurnToAngle 1:  | -171.3 82.3 0.25
02-25 15:27:33.582 10626 11086 I TechNova: RelicRecoveryAutoTileRunnerBlue2: ** TurnToAngle 1:  | -169.9 80.9 0.25
02-25 15:27:33.608 10626 11086 I TechNova: RelicRecoveryAutoTileRunnerBlue2: ** TurnToAngle 1:  | -167.6 78.6 0.25
02-25 15:27:33.633 10626 11086 I TechNova: RelicRecoveryAutoTileRunnerBlue2: ** TurnToAngle 1:  | -166.0 77.0 0.25
02-25 15:27:33.661 10626 11086 I TechNova: RelicRecoveryAutoTileRunnerBlue2: ** TurnToAngle 1:  | -163.9 74.9 0.25
02-25 15:27:33.697 10626 11086 I TechNova: RelicRecoveryAutoTileRunnerBlue2: ** TurnToAngle 1:  | -161.4 72.4 0.25
02-25 15:27:33.766 10626 11086 I TechNova: RelicRecoveryAutoTileRunnerBlue2: ** TurnToAngle 1:  | -155.6 66.6 0.25
02-25 15:27:33.781 10626 11086 I TechNova: RelicRecoveryAutoTileRunnerBlue2: ** TurnToAngle 1:  | -153.0 64.0 0.25
02-25 15:27:33.801 10626 11086 I TechNova: RelicRecoveryAutoTileRunnerBlue2: ** TurnToAngle 1:  | -152.2 63.2 0.25
02-25 15:27:33.825 10626 11086 I TechNova: RelicRecoveryAutoTileRunnerBlue2: ** TurnToAngle 1:  | -150.4 61.4 0.25
02-25 15:27:33.846 10626 11086 I TechNova: RelicRecoveryAutoTileRunnerBlue2: ** TurnToAngle 1:  | -147.5 58.5 0.20
02-25 15:27:33.883 10626 11086 I TechNova: RelicRecoveryAutoTileRunnerBlue2: ** TurnToAngle 1:  | -144.8 55.8 0.20
02-25 15:27:33.902 10626 11086 I TechNova: RelicRecoveryAutoTileRunnerBlue2: ** TurnToAngle 1:  | -142.6 53.6 0.20
02-25 15:27:33.926 10626 11086 I TechNova: RelicRecoveryAutoTileRunnerBlue2: ** TurnToAngle 1:  | -140.8 51.8 0.20
02-25 15:27:33.943 10626 11086 I TechNova: RelicRecoveryAutoTileRunnerBlue2: ** TurnToAngle 1:  | -137.6 48.6 0.20
02-25 15:27:33.966 10626 11086 I TechNova: RelicRecoveryAutoTileRunnerBlue2: ** TurnToAngle 1:  | -136.5 47.5 0.20
02-25 15:27:33.988 10626 11086 I TechNova: RelicRecoveryAutoTileRunnerBlue2: ** TurnToAngle 1:  | -133.8 44.8 0.12
02-25 15:27:34.029 10626 11086 I TechNova: RelicRecoveryAutoTileRunnerBlue2: ** TurnToAngle 1:  | -130.9 41.9 0.12
02-25 15:27:34.054 10626 11086 I TechNova: RelicRecoveryAutoTileRunnerBlue2: ** TurnToAngle 1:  | -128.4 39.4 0.12
02-25 15:27:34.075 10626 11086 I TechNova: RelicRecoveryAutoTileRunnerBlue2: ** TurnToAngle 1:  | -125.7 36.7 0.12
02-25 15:27:34.095 10626 11086 I TechNova: RelicRecoveryAutoTileRunnerBlue2: ** TurnToAngle 1:  | -124.8 35.8 0.12
02-25 15:27:34.111 10626 11086 I TechNova: RelicRecoveryAutoTileRunnerBlue2: ** TurnToAngle 1:  | -123.2 34.2 0.12
02-25 15:27:34.134 10626 11086 I TechNova: RelicRecoveryAutoTileRunnerBlue2: ** TurnToAngle 1:  | -121.9 32.9 0.12
02-25 15:27:34.151 10626 11086 I TechNova: RelicRecoveryAutoTileRunnerBlue2: ** TurnToAngle 1:  | -119.9 30.9 0.12
02-25 15:27:34.182 10626 11086 I TechNova: RelicRecoveryAutoTileRunnerBlue2: ** TurnToAngle 1:  | -118.7 29.7 0.12
02-25 15:27:34.215 10626 11086 I TechNova: RelicRecoveryAutoTileRunnerBlue2: ** TurnToAngle 1:  | -117.1 28.1 0.12
02-25 15:27:34.234 10626 11086 I TechNova: RelicRecoveryAutoTileRunnerBlue2: ** TurnToAngle 1:  | -116.2 27.2 0.12
02-25 15:27:34.251 10626 11086 I TechNova: RelicRecoveryAutoTileRunnerBlue2: ** TurnToAngle 1:  | -114.8 25.8 0.12
02-25 15:27:34.277 10626 11086 I TechNova: RelicRecoveryAutoTileRunnerBlue2: ** TurnToAngle 1:  | -114.2 25.2 0.12
02-25 15:27:34.294 10626 11086 I TechNova: RelicRecoveryAutoTileRunnerBlue2: ** TurnToAngle 1:  | -112.8 23.8 0.12
02-25 15:27:34.313 10626 11086 I TechNova: RelicRecoveryAutoTileRunnerBlue2: ** TurnToAngle 1:  | -112.2 23.2 0.12
02-25 15:27:34.339 10626 11086 I TechNova: RelicRecoveryAutoTileRunnerBlue2: ** TurnToAngle 1:  | -111.3 22.3 0.12
02-25 15:27:34.361 10626 11086 I TechNova: RelicRecoveryAutoTileRunnerBlue2: ** TurnToAngle 1:  | -109.9 20.9 0.12
02-25 15:27:34.380 10626 11086 I TechNova: RelicRecoveryAutoTileRunnerBlue2: ** TurnToAngle 1:  | -109.0 20.0 0.08
02-25 15:27:34.441 10626 11086 I TechNova: RelicRecoveryAutoTileRunnerBlue2: ** TurnToAngle 1:  | -105.9 16.9 0.08
02-25 15:27:34.469 10626 11086 I TechNova: RelicRecoveryAutoTileRunnerBlue2: ** TurnToAngle 1:  | -104.9 15.9 0.08
02-25 15:27:34.491 10626 11086 I TechNova: RelicRecoveryAutoTileRunnerBlue2: ** TurnToAngle 1:  | -103.6 14.6 0.08
02-25 15:27:34.519 10626 11086 I TechNova: RelicRecoveryAutoTileRunnerBlue2: ** TurnToAngle 1:  | -102.8 13.8 0.08
02-25 15:27:34.544 10626 11086 I TechNova: RelicRecoveryAutoTileRunnerBlue2: ** TurnToAngle 1:  | -101.6 12.6 0.08
02-25 15:27:34.568 10626 11086 I TechNova: RelicRecoveryAutoTileRunnerBlue2: ** TurnToAngle 1:  | -100.9 11.9 0.08
02-25 15:27:34.582 10626 11086 I TechNova: RelicRecoveryAutoTileRunnerBlue2: ** TurnToAngle 1:  | -99.9 10.9 0.08
02-25 15:27:34.604 10626 11086 I TechNova: RelicRecoveryAutoTileRunnerBlue2: ** TurnToAngle 1:  | -99.6 10.6 0.08
02-25 15:27:34.623 10626 11086 I TechNova: RelicRecoveryAutoTileRunnerBlue2: ** TurnToAngle 1:  | -98.9 9.9 0.08
02-25 15:27:34.647 10626 11086 I TechNova: RelicRecoveryAutoTileRunnerBlue2: ** TurnToAngle 1:  | -98.4 9.4 0.08
02-25 15:27:34.665 10626 11086 I TechNova: RelicRecoveryAutoTileRunnerBlue2: ** TurnToAngle 1:  | -97.8 8.8 0.08
02-25 15:27:34.696 10626 11086 I TechNova: RelicRecoveryAutoTileRunnerBlue2: ** TurnToAngle 1:  | -96.8 7.8 0.08
02-25 15:27:34.731 10626 11086 I TechNova: RelicRecoveryAutoTileRunnerBlue2: ** TurnToAngle 1:  | -95.8 6.8 0.08
02-25 15:27:34.752 10626 11086 I TechNova: RelicRecoveryAutoTileRunnerBlue2: ** TurnToAngle 1:  | -94.8 5.8 0.08
02-25 15:27:34.776 10626 11086 I TechNova: RelicRecoveryAutoTileRunnerBlue2: ** TurnToAngle 1:  | -94.2 5.2 0.08
02-25 15:27:34.801 10626 11086 I TechNova: RelicRecoveryAutoTileRunnerBlue2: ** TurnToAngle 1:  | -93.6 4.6 0.08
02-25 15:27:34.821 10626 11086 I TechNova: RelicRecoveryAutoTileRunnerBlue2: ** TurnToAngle 1:  | -92.6 3.6 0.08
02-25 15:27:34.844 10626 11086 I TechNova: RelicRecoveryAutoTileRunnerBlue2: ** TurnToAngle 1:  | -92.0 3.0 0.08
02-25 15:27:34.867 10626 11086 I TechNova: RelicRecoveryAutoTileRunnerBlue2: ** TurnToAngle 1:  | -91.4 2.4 0.08
02-25 15:27:34.887 10626 11086 I TechNova: RelicRecoveryAutoTileRunnerBlue2: ** TurnToAngle 1:  | -90.8 1.8 0.08
02-25 15:27:34.959 10626 11086 I TechNova: RelicRecoveryAutoTileRunnerBlue2:  -- Angle Reached -- : | -89.0
02-25 15:27:35.060 10626 11086 I RelicRecoveryAutoTileRunnerBlue2: BLUE | State:  7 [PLACE_GLYPH_INTO_CRYPTO] |    End | 18902.6 |  6445 | IMU: -87.9 | (x1,x2): 25.0, 13.0 | Glyph count:    2 | CENTER | Battery: 12.67
02-25 15:27:35.190 10626 11086 I RelicRecoveryAutoTileRunnerBlue2: BLUE | State:         8 [RESET_GLYPH_TRAY] |  Start | 19017.6 |    14 | IMU: -86.3 | (x1,x2): 24.0, 13.0 | Glyph count:    2 | CENTER | Battery: 12.67
02-25 15:27:35.359 10626 11086 I RelicRecoveryAutoTileRunnerBlue2: BLUE | State:         8 [RESET_GLYPH_TRAY] |    End | 19204.7 |   201 | IMU: -86.4 | (x1,x2): 24.0, 12.6 | Glyph count:    2 | CENTER | Battery: 12.53
02-25 15:27:35.391 10626 11086 V RobotCore: thread: ...terminating 'LinearOpMode main'
02-25 15:27:35.394 10626 10813 I FtcEventLoop: auto-stopping OpMode 'Auto BLUE #2'
02-25 15:27:35.395 10626 10813 V ThreadPool: waiting for service user linear op mode
02-25 15:27:35.395 10626 11086 V ThreadPool: container(0x03e3d160: LinearOpMode) removed id=681 TID=11086 count=1
02-25 15:27:35.395 10626 10813 V ThreadPool: awaitTermination returned, isTerminated=true
02-25 15:27:35.395 10626 10813 V ThreadPool: executive service user linear op mode(0x03e3d160) is terminated
02-25 15:27:35.529 10626 10813 V ThreadPool: executive service user linear op mode(0x03e3d160) is terminated
02-25 15:27:35.529 10626 10813 I RobotCore: Attempting to switch to op mode $Stop$Robot$
02-25 15:27:35.576 10626 10796 V Robocol : sending CMD_NOTIFY_INIT_OP_MODE(38731), attempt: 0
02-25 15:27:35.589 10626 10791 V Robocol : received command: CMD_RUN_OP_MODE(46369) $Stop$Robot$
02-25 15:27:35.591 10626 10790 I BatteryChecker: percent remaining: 78 is charging: false
02-25 15:27:35.617 10626 10796 V Robocol : sending CMD_NOTIFY_RUN_OP_MODE(38737), attempt: 0
02-25 15:27:36.544 10626 10813 I RobotCore: Attempting to switch to op mode Tile Runner (New) TeleOps
02-25 15:27:36.585 10626 10813 V AMSColorSensorImpl: internalInitialize()...
02-25 15:27:36.609 10626 10813 V AMSColorSensorImpl: state: 07 f6 ff ff 00 00 00 00 00 00 00 00 00 00 08 61 
02-25 15:27:36.609 10626 10813 V AMSColorSensorImpl: state| 00 01 60 33 1c 00 0a 00 09 
02-25 15:27:36.621 10626 10813 V AMSColorSensorImpl: disable() enabled=0x07...
02-25 15:27:36.647 10626 10813 V AMSColorSensorImpl: ...disable() enabled=0x00
02-25 15:27:36.647 10626 10813 V AMSColorSensorImpl: setIntegrationTime(0xf6)
02-25 15:27:36.658 10626 10813 V AMSColorSensorImpl: setGain(GAIN_4)
02-25 15:27:36.681 10626 10813 V AMSColorSensorImpl: setPDrive(Percent12_5)
02-25 15:27:36.702 10626 10813 V AMSColorSensorImpl: setProximityPulseCount(0x08)
02-25 15:27:36.723 10626 10813 V AMSColorSensorImpl: enable() enabled=0x00...
02-25 15:27:36.765 10626 10813 V AMSColorSensorImpl: ...enable() enabled=0x07
02-25 15:27:36.779 10626 10813 V AMSColorSensorImpl: state: 07 f6 ff ff 00 00 00 00 00 00 00 00 00 00 08 61 
02-25 15:27:36.780 10626 10813 V AMSColorSensorImpl: state| 00 01 60 33 1c 00 0a 00 09 
02-25 15:27:36.780 10626 10813 V AMSColorSensorImpl: ...internalInitialize()
02-25 15:27:36.936 10626 10813 W LynxPwmOutputController: LynxSetPWMEnableCommand not implemented by lynx hw; ignoring
02-25 15:27:36.942 10626 10813 W LynxPwmOutputController: LynxSetPWMConfigurationCommand not implemented by lynx hw; ignoring
02-25 15:27:36.947 10626 10813 W LynxPwmOutputController: LynxSetPWMEnableCommand not implemented by lynx hw; ignoring
02-25 15:27:36.953 10626 10813 W LynxPwmOutputController: LynxSetPWMConfigurationCommand not implemented by lynx hw; ignoring
02-25 15:27:36.959 10626 10813 W LynxPwmOutputController: LynxSetPWMEnableCommand not implemented by lynx hw; ignoring
02-25 15:27:36.964 10626 10813 W LynxPwmOutputController: LynxSetPWMConfigurationCommand not implemented by lynx hw; ignoring
02-25 15:27:36.969 10626 10813 W LynxPwmOutputController: LynxSetPWMEnableCommand not implemented by lynx hw; ignoring
02-25 15:27:36.974 10626 10813 W LynxPwmOutputController: LynxSetPWMConfigurationCommand not implemented by lynx hw; ignoring
02-25 15:27:36.980 10626 10813 W LynxPwmOutputController: LynxSetPWMEnableCommand not implemented by lynx hw; ignoring
02-25 15:27:36.984 10626 10813 W LynxPwmOutputController: LynxSetPWMConfigurationCommand not implemented by lynx hw; ignoring
02-25 15:27:36.989 10626 10813 W LynxPwmOutputController: LynxSetPWMEnableCommand not implemented by lynx hw; ignoring
02-25 15:27:36.993 10626 10813 W LynxPwmOutputController: LynxSetPWMConfigurationCommand not implemented by lynx hw; ignoring
02-25 15:27:36.998 10626 10813 W LynxPwmOutputController: LynxSetPWMEnableCommand not implemented by lynx hw; ignoring
02-25 15:27:37.001 10626 10813 W LynxPwmOutputController: LynxSetPWMConfigurationCommand not implemented by lynx hw; ignoring
02-25 15:27:37.006 10626 10813 W LynxPwmOutputController: LynxSetPWMEnableCommand not implemented by lynx hw; ignoring
02-25 15:27:37.011 10626 10813 W LynxPwmOutputController: LynxSetPWMConfigurationCommand not implemented by lynx hw; ignoring
02-25 15:27:37.219 10626 10813 V ThreadPool: container(0x0cdf1e97: LinearOpMode) added id=710 TID=0 count=1
02-25 15:27:37.226 10626 11232 V RobotCore: thread: 'LinearOpMode main' starting...
02-25 15:27:37.256 10626 10796 V Robocol : sending CMD_NOTIFY_INIT_OP_MODE(38760), attempt: 0
02-25 15:27:37.300 10626 11232 I TechNova: TileRunnerRobot: Init Drive Motors |  Drive Motors are initialized ...
02-25 15:27:37.346 10626 10626 I BatteryChecker: percent remaining: 78 is charging: false
02-25 15:27:37.434 10626 11232 I TechNova: TileRunnerRobot: Color Sensor init failed. | Unable to find a hardware device with the name "glyphColor"
02-25 15:27:37.441 10626 11232 I TechNova: TileRunnerRobot: Glyph blocker servo failed | Unable to find a hardware device with the name "glyphBlocker"
02-25 15:27:37.441 10626 11232 I TechNova: TileRunnerRobot: Init Servos |  Servos are initialized ...
02-25 15:28:00.086 10626 10626 I BatteryChecker: percent remaining: 78 is charging: false
02-25 15:28:01.150 10626 10791 V Robocol : received command: CMD_INIT_OP_MODE(46600) $Stop$Robot$
02-25 15:28:01.154 10626 10790 I BatteryChecker: percent remaining: 78 is charging: false
02-25 15:28:01.162 10626 10813 V ThreadPool: waiting for service user linear op mode
02-25 15:28:01.163 10626 11232 V RobotCore: thread: ...terminating 'LinearOpMode main'
02-25 15:28:01.164 10626 11232 V ThreadPool: container(0x0cdf1e97: LinearOpMode) removed id=710 TID=11232 count=1
02-25 15:28:01.164 10626 10813 V ThreadPool: awaitTermination returned, isTerminated=true
02-25 15:28:01.164 10626 10813 V ThreadPool: executive service user linear op mode(0x0cdf1e97) is terminated
02-25 15:28:01.164 10626 10813 I RobotCore: Attempting to switch to op mode $Stop$Robot$
02-25 15:28:01.216 10626 10796 V Robocol : sending CMD_NOTIFY_INIT_OP_MODE(38996), attempt: 0
02-25 15:28:01.229 10626 10791 V Robocol : received command: CMD_RUN_OP_MODE(46606) $Stop$Robot$
02-25 15:28:01.230 10626 10790 I BatteryChecker: percent remaining: 78 is charging: false
02-25 15:28:01.257 10626 10796 V Robocol : sending CMD_NOTIFY_RUN_OP_MODE(39001), attempt: 0
02-25 15:28:13.691 10626 10813 I RobotCore: robot battery read duration: n=10, mean=4.120ms sd=1.517ms
02-25 15:28:19.994 10626 10636 I art     : Background partial concurrent mark sweep GC freed 506900(17MB) AllocSpace objects, 3(2MB) LOS objects, 40% free, 18MB/31MB, paused 1.710ms total 127.236ms
02-25 15:28:25.308 10626 10791 V Robocol : received command: CMD_INIT_OP_MODE(46910) $Stop$Robot$
02-25 15:28:25.311 10626 10790 I BatteryChecker: percent remaining: 78 is charging: false
02-25 15:28:25.321 10626 10813 I RobotCore: Attempting to switch to op mode $Stop$Robot$
02-25 15:28:25.376 10626 10796 V Robocol : sending CMD_NOTIFY_INIT_OP_MODE(39326), attempt: 0
02-25 15:28:25.391 10626 10791 V Robocol : received command: CMD_RUN_OP_MODE(46916) $Stop$Robot$
02-25 15:28:25.394 10626 10790 I BatteryChecker: percent remaining: 78 is charging: false
02-25 15:28:25.417 10626 10796 V Robocol : sending CMD_NOTIFY_RUN_OP_MODE(39332), attempt: 0
02-25 15:28:27.151 10626 10791 V Robocol : received command: CMD_INIT_OP_MODE(46943) Auto BLUE #2
02-25 15:28:27.152 10626 10790 I BatteryChecker: percent remaining: 78 is charging: false
02-25 15:28:27.164 10626 10813 I RobotCore: Attempting to switch to op mode Auto BLUE #2
02-25 15:28:27.203 10626 10813 V AMSColorSensorImpl: internalInitialize()...
02-25 15:28:27.235 10626 10813 V AMSColorSensorImpl: state: 07 f6 ff ff 00 00 00 00 00 00 00 00 00 00 08 61 
02-25 15:28:27.236 10626 10813 V AMSColorSensorImpl: state| 00 01 60 33 21 00 0c 00 0b 
02-25 15:28:27.248 10626 10813 V AMSColorSensorImpl: disable() enabled=0x07...
02-25 15:28:27.274 10626 10813 V AMSColorSensorImpl: ...disable() enabled=0x00
02-25 15:28:27.274 10626 10813 V AMSColorSensorImpl: setIntegrationTime(0xf6)
02-25 15:28:27.285 10626 10813 V AMSColorSensorImpl: setGain(GAIN_4)
02-25 15:28:27.307 10626 10813 V AMSColorSensorImpl: setPDrive(Percent12_5)
02-25 15:28:27.328 10626 10813 V AMSColorSensorImpl: setProximityPulseCount(0x08)
02-25 15:28:27.350 10626 10813 V AMSColorSensorImpl: enable() enabled=0x00...
02-25 15:28:27.390 10626 10813 V AMSColorSensorImpl: ...enable() enabled=0x07
02-25 15:28:27.403 10626 10813 V AMSColorSensorImpl: state: 07 f6 ff ff 00 00 00 00 00 00 00 00 00 00 08 61 
02-25 15:28:27.404 10626 10813 V AMSColorSensorImpl: state| 00 01 60 33 21 00 0c 00 0b 
02-25 15:28:27.404 10626 10813 V AMSColorSensorImpl: ...internalInitialize()
02-25 15:28:27.548 10626 10813 W LynxPwmOutputController: LynxSetPWMEnableCommand not implemented by lynx hw; ignoring
02-25 15:28:27.553 10626 10813 W LynxPwmOutputController: LynxSetPWMConfigurationCommand not implemented by lynx hw; ignoring
02-25 15:28:27.559 10626 10813 W LynxPwmOutputController: LynxSetPWMEnableCommand not implemented by lynx hw; ignoring
02-25 15:28:27.564 10626 10813 W LynxPwmOutputController: LynxSetPWMConfigurationCommand not implemented by lynx hw; ignoring
02-25 15:28:27.569 10626 10813 W LynxPwmOutputController: LynxSetPWMEnableCommand not implemented by lynx hw; ignoring
02-25 15:28:27.574 10626 10813 W LynxPwmOutputController: LynxSetPWMConfigurationCommand not implemented by lynx hw; ignoring
02-25 15:28:27.579 10626 10813 W LynxPwmOutputController: LynxSetPWMEnableCommand not implemented by lynx hw; ignoring
02-25 15:28:27.585 10626 10813 W LynxPwmOutputController: LynxSetPWMConfigurationCommand not implemented by lynx hw; ignoring
02-25 15:28:27.589 10626 10813 W LynxPwmOutputController: LynxSetPWMEnableCommand not implemented by lynx hw; ignoring
02-25 15:28:27.594 10626 10813 W LynxPwmOutputController: LynxSetPWMConfigurationCommand not implemented by lynx hw; ignoring
02-25 15:28:27.598 10626 10813 W LynxPwmOutputController: LynxSetPWMEnableCommand not implemented by lynx hw; ignoring
02-25 15:28:27.602 10626 10813 W LynxPwmOutputController: LynxSetPWMConfigurationCommand not implemented by lynx hw; ignoring
02-25 15:28:27.606 10626 10813 W LynxPwmOutputController: LynxSetPWMEnableCommand not implemented by lynx hw; ignoring
02-25 15:28:27.610 10626 10813 W LynxPwmOutputController: LynxSetPWMConfigurationCommand not implemented by lynx hw; ignoring
02-25 15:28:27.614 10626 10813 W LynxPwmOutputController: LynxSetPWMEnableCommand not implemented by lynx hw; ignoring
02-25 15:28:27.618 10626 10813 W LynxPwmOutputController: LynxSetPWMConfigurationCommand not implemented by lynx hw; ignoring
02-25 15:28:27.797 10626 10813 V ThreadPool: container(0x0d54786d: LinearOpMode) added id=711 TID=0 count=1
02-25 15:28:27.804 10626 11248 V RobotCore: thread: 'LinearOpMode main' starting...
02-25 15:28:27.816 10626 10796 V Robocol : sending CMD_NOTIFY_INIT_OP_MODE(39369), attempt: 0
02-25 15:28:27.891 10626 11248 I TechNova: TileRunnerRobot: Init Drive Motors |  Drive Motors are initialized ...
02-25 15:28:27.891 10626 11248 I TileRunnerRobot: 0 | init ...
02-25 15:28:28.004 10626 11248 V RobotCore: addr=false data=true arb=false clock=false
02-25 15:28:28.004 10626 11248 E LynxI2cDeviceSynch: readStatusQuery: cbExpected=1 cbRead=0
02-25 15:28:28.004 10626 11248 E LynxI2cDeviceSynch: placeholder: readStatusQuery
02-25 15:28:28.089 10626 11248 V RobotCore: addr=false data=true arb=false clock=false
02-25 15:28:28.089 10626 11248 E LynxI2cDeviceSynch: readStatusQuery: cbExpected=1 cbRead=0
02-25 15:28:28.177 10626 11248 V RobotCore: addr=false data=true arb=false clock=false
02-25 15:28:28.177 10626 11248 E LynxI2cDeviceSynch: readStatusQuery: cbExpected=1 cbRead=0
02-25 15:28:28.261 10626 11248 V RobotCore: addr=false data=true arb=false clock=false
02-25 15:28:28.261 10626 11248 E LynxI2cDeviceSynch: readStatusQuery: cbExpected=1 cbRead=0
02-25 15:28:28.803 10626 11248 W AdaFruitIMU: re-issuing IMU mode: system status=IDLE expected=RUNNING_FUSION
02-25 15:28:29.007 10626 11248 I TechNova: TileRunnerRobot: Init Imu | 1115 | imu initialized ...
02-25 15:28:29.007 10626 11248 I TechNova: TileRunnerRobot: Init Range Sesnor |  Range Sensor x1 and x2 are initialized ...
02-25 15:28:29.135 10626 11248 I TechNova: TileRunnerRobot: Color Sensor init failed. | Unable to find a hardware device with the name "glyphColor"
02-25 15:28:29.143 10626 11248 I TechNova: TileRunnerRobot: Glyph blocker servo failed | Unable to find a hardware device with the name "glyphBlocker"
02-25 15:28:29.143 10626 11248 I TechNova: TileRunnerRobot: Init Servos |  Servos are initialized ...
02-25 15:28:29.501 10626 11248 I AR      : Vuforia SDK version 6.0.117
02-25 15:28:30.250 10626 11248 I AR      : ObjectTracker: Successfully created dataset
02-25 15:28:30.250 10626 11248 V Vuforia : loading data set 'RelicVuMark'...
02-25 15:28:30.485 10626 11248 V Vuforia : ... done loading data set 'RelicVuMark'
02-25 15:28:30.554 10626 11248 I JewelPusher: Color in Init (R,G, B):12, 10, 10
02-25 15:28:30.582 10626 11248 I TechNova: TileRunnerRobot: IMU Heading: | -0.2
02-25 15:28:30.582 10626 11248 I VuMarkVision: VuMark | UNKNOWN visible
02-25 15:28:37.597 10626 10626 I BatteryChecker: percent remaining: 78 is charging: false
02-25 15:28:48.728 10626 10636 I art     : Background sticky concurrent mark sweep GC freed 273070(10MB) AllocSpace objects, 15(724KB) LOS objects, 22% free, 40MB/51MB, paused 2.326ms total 172.642ms
02-25 15:28:57.831 10626 10791 V Robocol : received command: CMD_RUN_OP_MODE(47319) Auto BLUE #2
02-25 15:28:57.832 10626 10790 I BatteryChecker: percent remaining: 78 is charging: false
02-25 15:28:57.856 10626 10796 V Robocol : sending CMD_NOTIFY_RUN_OP_MODE(39762), attempt: 0
02-25 15:28:58.042 10626 11248 I TechNova: TileRunnerRobot: Robot: | Robot starting 30877.2
02-25 15:28:58.158 10626 11248 I RelicRecoveryAutoTileRunnerBlue2: BLUE | State:                    0 [START] |  Start |  111.1 | 30878 | IMU: 0.6 | (x1,x2): 35.0, 12.2 | Glyph count:    0 | UNKNOWN | Battery: 12.76
02-25 15:28:58.264 10626 11248 I RelicRecoveryAutoTileRunnerBlue2: BLUE | State:                    0 [START] |    End |  226.7 | 30994 | IMU: 0.6 | (x1,x2): 36.0, 12.2 | Glyph count:    0 | UNKNOWN | Battery: 12.76
02-25 15:28:58.286 10626 11248 I VuMarkVision: VuMark | RIGHT visible
02-25 15:28:58.399 10626 11248 I RelicRecoveryAutoTileRunnerBlue2: BLUE | State:               1 [PUSH_JEWEL] |  Start |  367.1 |    34 | IMU: 0.6 | (x1,x2): 35.0, 12.2 | Glyph count:    0 | RIGHT | Battery: 12.75
02-25 15:28:58.400 10626 11248 I JewelPusher: Deploying jewel pusher arms ...
02-25 15:28:59.672 10626 11248 I TechNova:JewelPusher: Jewel Color: (20|65) 33554689
02-25 15:28:59.778 10626 11248 I TechNova: JewelPusher: JewelColor:BLUE
02-25 15:29:00.792 10626 11248 I JewelPusher: Retracting jewel pusher arms ...
02-25 15:29:01.409 10626 11248 I RelicRecoveryAutoTileRunnerBlue2: BLUE | State:               1 [PUSH_JEWEL] |    End | 3383.0 |  3050 | IMU: 0.8 | (x1,x2): 36.0, 13.0 | Glyph count:    0 | RIGHT | Battery: 12.64
02-25 15:29:01.574 10626 11248 I RelicRecoveryAutoTileRunnerBlue2: BLUE | State:           2 [FORWARD_3_FEET] |  Start | 3545.7 |    68 | IMU: 0.6 | (x1,x2): 36.0, 13.0 | Glyph count:    0 | RIGHT | Battery: 12.71
02-25 15:29:01.575 10626 11248 I TechNova: RelicRecoveryAutoTileRunnerBlue2: Drive forward: | 25.00, 0.25
02-25 15:29:01.577 10626 11248 I TechNova: TileRunnerRobot: Encoder: | 50.93 | 1273
02-25 15:29:01.799 10626 11248 I TechNova: TileRunnerRobot: Encoder Remain | 	1242.0	1242.0	0.0
02-25 15:29:01.818 10626 11248 I TechNova: TileRunnerRobot: EncodersC | 	-46	-42	-47	-48
02-25 15:29:01.838 10626 11248 I TechNova: TileRunnerRobot: EncodersT | 	-1272	-1273	-1273	-1272
02-25 15:29:01.943 10626 11248 I TechNova: TileRunnerRobot: Encoder Remain | 	1171.0	1206.5	1242.0
02-25 15:29:01.964 10626 11248 I TechNova: TileRunnerRobot: EncodersC | 	-125	-113	-123	-123
02-25 15:29:01.983 10626 11248 I TechNova: TileRunnerRobot: EncodersT | 	-1272	-1273	-1273	-1272
02-25 15:29:02.091 10626 11248 I TechNova: TileRunnerRobot: Encoder Remain | 	1055.0	1156.0	1206.5
02-25 15:29:02.116 10626 11248 I TechNova: TileRunnerRobot: EncodersC | 	-268	-250	-261	-266
02-25 15:29:02.139 10626 11248 I TechNova: TileRunnerRobot: EncodersT | 	-1272	-1273	-1273	-1272
02-25 15:29:02.253 10626 11248 I TechNova: TileRunnerRobot: Encoder Remain | 	858.0	1028.0	1156.0
02-25 15:29:02.281 10626 11248 I TechNova: TileRunnerRobot: EncodersC | 	-455	-471	-481	-487
02-25 15:29:02.298 10626 11248 I TechNova: TileRunnerRobot: EncodersT | 	-1272	-1273	-1273	-1272
02-25 15:29:02.404 10626 11248 I TechNova: TileRunnerRobot: Encoder Remain | 	619.0	844.0	1028.0
02-25 15:29:02.422 10626 11248 I TechNova: TileRunnerRobot: EncodersC | 	-686	-684	-697	-689
02-25 15:29:02.440 10626 11248 I TechNova: TileRunnerRobot: EncodersT | 	-1272	-1273	-1273	-1272
02-25 15:29:02.544 10626 11248 I TechNova: TileRunnerRobot: Encoder Remain | 	427.0	634.7	844.0
02-25 15:29:02.566 10626 11248 I TechNova: TileRunnerRobot: EncodersC | 	-886	-885	-901	-889
02-25 15:29:02.583 10626 11248 I TechNova: TileRunnerRobot: EncodersT | 	-1272	-1273	-1273	-1272
02-25 15:29:02.678 10626 11248 I TechNova: TileRunnerRobot: Encoder Remain | 	244.0	430.0	634.7
02-25 15:29:02.699 10626 11248 I TechNova: TileRunnerRobot: EncodersC | 	-1081	-1042	-1097	-1064
02-25 15:29:02.719 10626 11248 I TechNova: TileRunnerRobot: EncodersT | 	-1272	-1273	-1273	-1272
02-25 15:29:02.832 10626 11248 I TechNova: TileRunnerRobot: Encoder Remain | 	73.0	248.0	430.0
02-25 15:29:02.850 10626 11248 I TechNova: TileRunnerRobot: EncodersC | 	-1236	-1208	-1246	-1212
02-25 15:29:02.871 10626 11248 I TechNova: TileRunnerRobot: EncodersT | 	-1272	-1273	-1273	-1272
02-25 15:29:02.959 10626 11248 I TechNova: TileRunnerRobot: Encoder Remain | 	13.0	110.0	248.0
02-25 15:29:02.980 10626 11248 I TechNova: TileRunnerRobot: EncodersC | 	-1290	-1272	-1286	-1266
02-25 15:29:02.994 10626 11248 I TechNova: TileRunnerRobot: EncodersT | 	-1272	-1273	-1273	-1272
02-25 15:29:03.265 10626 11248 I RelicRecoveryAutoTileRunnerBlue2: BLUE | State:           2 [FORWARD_3_FEET] |    End | 5231.1 |  1754 | IMU: -1.8 | (x1,x2): 36.0, 13.0 | Glyph count:    7 | RIGHT | Battery: 12.72
02-25 15:29:03.380 10626 11248 I RelicRecoveryAutoTileRunnerBlue2: BLUE | State:        3 [TURN_TO_90_DEGREE] |  Start | 5353.0 |    19 | IMU: -1.8 | (x1,x2): 36.0, 13.4 | Glyph count:    7 | RIGHT | Battery: 12.73
02-25 15:29:03.406 10626 11248 I TechNova: RelicRecoveryAutoTileRunnerBlue2: ** TurnToAngle 1:  | -1.8 87.8 0.25
02-25 15:29:03.443 10626 11248 I TechNova: RelicRecoveryAutoTileRunnerBlue2: ** TurnToAngle 1:  | -1.8 87.8 0.25
02-25 15:29:03.471 10626 11248 I TechNova: RelicRecoveryAutoTileRunnerBlue2: ** TurnToAngle 1:  | -1.8 87.8 0.25
02-25 15:29:03.505 10626 11248 I TechNova: RelicRecoveryAutoTileRunnerBlue2: ** TurnToAngle 1:  | -1.8 87.8 0.25
02-25 15:29:03.520 10626 11248 I TechNova: RelicRecoveryAutoTileRunnerBlue2: ** TurnToAngle 1:  | -1.2 87.2 0.25
02-25 15:29:03.543 10626 11248 I TechNova: RelicRecoveryAutoTileRunnerBlue2: ** TurnToAngle 1:  | -0.6 86.6 0.25
02-25 15:29:03.567 10626 11248 I TechNova: RelicRecoveryAutoTileRunnerBlue2: ** TurnToAngle 1:  | 0.2 85.8 0.25
02-25 15:29:03.583 10626 11248 I TechNova: RelicRecoveryAutoTileRunnerBlue2: ** TurnToAngle 1:  | 0.8 85.2 0.25
02-25 15:29:03.603 10626 11248 I TechNova: RelicRecoveryAutoTileRunnerBlue2: ** TurnToAngle 1:  | 1.5 84.5 0.25
02-25 15:29:03.625 10626 11248 I TechNova: RelicRecoveryAutoTileRunnerBlue2: ** TurnToAngle 1:  | 2.4 83.6 0.25
02-25 15:29:03.659 10626 11248 I TechNova: RelicRecoveryAutoTileRunnerBlue2: ** TurnToAngle 1:  | 3.9 82.1 0.25
02-25 15:29:03.693 10626 11248 I TechNova: RelicRecoveryAutoTileRunnerBlue2: ** TurnToAngle 1:  | 6.2 79.8 0.25
02-25 15:29:03.717 10626 11248 I TechNova: RelicRecoveryAutoTileRunnerBlue2: ** TurnToAngle 1:  | 7.9 78.1 0.25
02-25 15:29:03.749 10626 11248 I TechNova: RelicRecoveryAutoTileRunnerBlue2: ** TurnToAngle 1:  | 8.4 77.6 0.25
02-25 15:29:03.770 10626 11248 I TechNova: RelicRecoveryAutoTileRunnerBlue2: ** TurnToAngle 1:  | 10.4 75.6 0.25
02-25 15:29:03.796 10626 11248 I TechNova: RelicRecoveryAutoTileRunnerBlue2: ** TurnToAngle 1:  | 12.5 73.5 0.25
02-25 15:29:03.819 10626 11248 I TechNova: RelicRecoveryAutoTileRunnerBlue2: ** TurnToAngle 1:  | 13.8 72.2 0.25
02-25 15:29:03.839 10626 11248 I TechNova: RelicRecoveryAutoTileRunnerBlue2: ** TurnToAngle 1:  | 15.8 70.2 0.25
02-25 15:29:03.856 10626 11248 I TechNova: RelicRecoveryAutoTileRunnerBlue2: ** TurnToAngle 1:  | 17.4 68.6 0.25
02-25 15:29:03.888 10626 11248 I TechNova: RelicRecoveryAutoTileRunnerBlue2: ** TurnToAngle 1:  | 19.0 67.0 0.25
02-25 15:29:03.906 10626 11248 I TechNova: RelicRecoveryAutoTileRunnerBlue2: ** TurnToAngle 1:  | 20.6 65.4 0.25
02-25 15:29:03.927 10626 11248 I TechNova: RelicRecoveryAutoTileRunnerBlue2: ** TurnToAngle 1:  | 22.2 63.8 0.25
02-25 15:29:03.988 10626 11248 I TechNova: RelicRecoveryAutoTileRunnerBlue2: ** TurnToAngle 1:  | 28.4 57.6 0.20
02-25 15:29:04.032 10626 11248 I TechNova: RelicRecoveryAutoTileRunnerBlue2: ** TurnToAngle 1:  | 31.4 54.6 0.20
02-25 15:29:04.061 10626 11248 I TechNova: RelicRecoveryAutoTileRunnerBlue2: ** TurnToAngle 1:  | 34.1 51.9 0.20
02-25 15:29:04.074 10626 11248 I TechNova: RelicRecoveryAutoTileRunnerBlue2: ** TurnToAngle 1:  | 36.0 50.0 0.20
02-25 15:29:04.094 10626 11248 I TechNova: RelicRecoveryAutoTileRunnerBlue2: ** TurnToAngle 1:  | 38.0 48.0 0.20
02-25 15:29:04.117 10626 11248 I TechNova: RelicRecoveryAutoTileRunnerBlue2: ** TurnToAngle 1:  | 39.8 46.2 0.20
02-25 15:29:04.142 10626 11248 I TechNova: RelicRecoveryAutoTileRunnerBlue2: ** TurnToAngle 1:  | 41.4 44.6 0.12
02-25 15:29:04.191 10626 11248 I TechNova: RelicRecoveryAutoTileRunnerBlue2: ** TurnToAngle 1:  | 45.9 40.1 0.12
02-25 15:29:04.216 10626 11248 I TechNova: RelicRecoveryAutoTileRunnerBlue2: ** TurnToAngle 1:  | 49.3 36.7 0.12
02-25 15:29:04.241 10626 11248 I TechNova: RelicRecoveryAutoTileRunnerBlue2: ** TurnToAngle 1:  | 50.2 35.8 0.12
02-25 15:29:04.257 10626 11248 I TechNova: RelicRecoveryAutoTileRunnerBlue2: ** TurnToAngle 1:  | 51.7 34.3 0.12
02-25 15:29:04.279 10626 11248 I TechNova: RelicRecoveryAutoTileRunnerBlue2: ** TurnToAngle 1:  | 52.8 33.2 0.12
02-25 15:29:04.300 10626 11248 I TechNova: RelicRecoveryAutoTileRunnerBlue2: ** TurnToAngle 1:  | 53.9 32.1 0.12
02-25 15:29:04.329 10626 11248 I TechNova: RelicRecoveryAutoTileRunnerBlue2: ** TurnToAngle 1:  | 55.6 30.4 0.12
02-25 15:29:04.359 10626 11248 I TechNova: RelicRecoveryAutoTileRunnerBlue2: ** TurnToAngle 1:  | 57.1 28.9 0.12
02-25 15:29:04.389 10626 11248 I TechNova: RelicRecoveryAutoTileRunnerBlue2: ** TurnToAngle 1:  | 58.5 27.5 0.12
02-25 15:29:04.405 10626 11248 I TechNova: RelicRecoveryAutoTileRunnerBlue2: ** TurnToAngle 1:  | 59.4 26.6 0.12
02-25 15:29:04.418 10626 11248 I TechNova: RelicRecoveryAutoTileRunnerBlue2: ** TurnToAngle 1:  | 60.3 25.7 0.12
02-25 15:29:04.440 10626 11248 I TechNova: RelicRecoveryAutoTileRunnerBlue2: ** TurnToAngle 1:  | 60.8 25.2 0.12
02-25 15:29:04.465 10626 11248 I TechNova: RelicRecoveryAutoTileRunnerBlue2: ** TurnToAngle 1:  | 61.9 24.1 0.12
02-25 15:29:04.484 10626 11248 I TechNova: RelicRecoveryAutoTileRunnerBlue2: ** TurnToAngle 1:  | 63.5 22.5 0.12
02-25 15:29:04.503 10626 11248 I TechNova: RelicRecoveryAutoTileRunnerBlue2: ** TurnToAngle 1:  | 64.6 21.4 0.12
02-25 15:29:04.519 10626 11248 I TechNova: RelicRecoveryAutoTileRunnerBlue2: ** TurnToAngle 1:  | 65.1 20.9 0.12
02-25 15:29:04.548 10626 11248 I TechNova: RelicRecoveryAutoTileRunnerBlue2: ** TurnToAngle 1:  | 66.1 19.9 0.08
02-25 15:29:04.608 10626 11248 I TechNova: RelicRecoveryAutoTileRunnerBlue2: ** TurnToAngle 1:  | 69.9 16.1 0.08
02-25 15:29:04.630 10626 11248 I TechNova: RelicRecoveryAutoTileRunnerBlue2: ** TurnToAngle 1:  | 70.9 15.1 0.08
02-25 15:29:04.653 10626 11248 I TechNova: RelicRecoveryAutoTileRunnerBlue2: ** TurnToAngle 1:  | 71.7 14.3 0.08
02-25 15:29:04.681 10626 11248 I TechNova: RelicRecoveryAutoTileRunnerBlue2: ** TurnToAngle 1:  | 73.1 12.9 0.08
02-25 15:29:04.697 10626 11248 I TechNova: RelicRecoveryAutoTileRunnerBlue2: ** TurnToAngle 1:  | 73.9 12.1 0.08
02-25 15:29:04.730 10626 11248 I TechNova: RelicRecoveryAutoTileRunnerBlue2: ** TurnToAngle 1:  | 75.1 10.9 0.08
02-25 15:29:04.751 10626 11248 I TechNova: RelicRecoveryAutoTileRunnerBlue2: ** TurnToAngle 1:  | 76.2 9.8 0.08
02-25 15:29:04.771 10626 11248 I TechNova: RelicRecoveryAutoTileRunnerBlue2: ** TurnToAngle 1:  | 76.5 9.5 0.08
02-25 15:29:04.799 10626 11248 I TechNova: RelicRecoveryAutoTileRunnerBlue2: ** TurnToAngle 1:  | 77.2 8.8 0.08
02-25 15:29:04.821 10626 11248 I TechNova: RelicRecoveryAutoTileRunnerBlue2: ** TurnToAngle 1:  | 78.3 7.7 0.08
02-25 15:29:04.841 10626 11248 I TechNova: RelicRecoveryAutoTileRunnerBlue2: ** TurnToAngle 1:  | 79.0 7.0 0.08
02-25 15:29:04.867 10626 11248 I TechNova: RelicRecoveryAutoTileRunnerBlue2: ** TurnToAngle 1:  | 79.8 6.2 0.08
02-25 15:29:04.892 10626 11248 I TechNova: RelicRecoveryAutoTileRunnerBlue2: ** TurnToAngle 1:  | 80.8 5.2 0.08
02-25 15:29:04.912 10626 11248 I TechNova: RelicRecoveryAutoTileRunnerBlue2: ** TurnToAngle 1:  | 81.6 4.4 0.08
02-25 15:29:04.933 10626 11248 I TechNova: RelicRecoveryAutoTileRunnerBlue2: ** TurnToAngle 1:  | 82.3 3.7 0.08
02-25 15:29:04.957 10626 11248 I TechNova: RelicRecoveryAutoTileRunnerBlue2: ** TurnToAngle 1:  | 83.4 2.6 0.08
02-25 15:29:04.982 10626 11248 I TechNova: RelicRecoveryAutoTileRunnerBlue2: ** TurnToAngle 1:  | 84.0 2.0 0.08
02-25 15:29:05.025 10626 11248 I TechNova: RelicRecoveryAutoTileRunnerBlue2:  -- Angle Reached -- : | 84.7
02-25 15:29:05.641 10626 11248 I RelicRecoveryAutoTileRunnerBlue2: BLUE | State:        3 [TURN_TO_90_DEGREE] |    End | 7600.8 |  2267 | IMU: 87.0 | (x1,x2): 104.0, 13.0 | Glyph count:    7 | RIGHT | Battery: 12.71
02-25 15:29:05.802 10626 11248 I RelicRecoveryAutoTileRunnerBlue2: BLUE | State:          4 [BACKWARD_1_FEET] |  Start | 7769.7 |    61 | IMU: 84.9 | (x1,x2): 104.0, 13.0 | Glyph count:    7 | RIGHT | Battery: 12.71
02-25 15:29:05.835 10626 11248 I TechNova: RelicRecoveryAutoTileRunnerBlue2: TurnToAngle 2:  | 84.4 5.6 0.08
02-25 15:29:05.874 10626 11248 I TechNova: RelicRecoveryAutoTileRunnerBlue2: TurnToAngle 2:  | 84.1 5.9 0.08
02-25 15:29:05.903 10626 11248 I TechNova: RelicRecoveryAutoTileRunnerBlue2: TurnToAngle 2:  | 84.1 5.9 0.08
02-25 15:29:05.928 10626 11248 I TechNova: RelicRecoveryAutoTileRunnerBlue2: TurnToAngle 2:  | 84.1 5.9 0.08
02-25 15:29:05.952 10626 11248 I TechNova: RelicRecoveryAutoTileRunnerBlue2: TurnToAngle 2:  | 84.2 5.8 0.08
02-25 15:29:05.974 10626 11248 I TechNova: RelicRecoveryAutoTileRunnerBlue2: TurnToAngle 2:  | 84.2 5.8 0.08
02-25 15:29:05.994 10626 11248 I TechNova: RelicRecoveryAutoTileRunnerBlue2: TurnToAngle 2:  | 84.3 5.7 0.08
02-25 15:29:06.014 10626 11248 I TechNova: RelicRecoveryAutoTileRunnerBlue2: TurnToAngle 2:  | 84.4 5.6 0.08
02-25 15:29:06.042 10626 11248 I TechNova: RelicRecoveryAutoTileRunnerBlue2: TurnToAngle 2:  | 84.4 5.6 0.08
02-25 15:29:06.063 10626 11248 I TechNova: RelicRecoveryAutoTileRunnerBlue2: TurnToAngle 2:  | 84.4 5.6 0.08
02-25 15:29:06.086 10626 11248 I TechNova: RelicRecoveryAutoTileRunnerBlue2: TurnToAngle 2:  | 84.4 5.6 0.08
02-25 15:29:06.102 10626 11248 I TechNova: RelicRecoveryAutoTileRunnerBlue2: TurnToAngle 2:  | 84.5 5.5 0.08
02-25 15:29:06.125 10626 11248 I TechNova: RelicRecoveryAutoTileRunnerBlue2: TurnToAngle 2:  | 84.6 5.4 0.08
02-25 15:29:06.147 10626 11248 I TechNova: RelicRecoveryAutoTileRunnerBlue2: TurnToAngle 2:  | 84.8 5.2 0.08
02-25 15:29:06.175 10626 11248 I TechNova: RelicRecoveryAutoTileRunnerBlue2: TurnToAngle 2:  | 85.0 5.0 0.08
02-25 15:29:06.213 10626 11248 I TechNova: RelicRecoveryAutoTileRunnerBlue2: TurnToAngle 2:  | 85.5 4.5 0.08
02-25 15:29:06.233 10626 11248 I TechNova: RelicRecoveryAutoTileRunnerBlue2: TurnToAngle 2:  | 85.8 4.2 0.08
02-25 15:29:06.253 10626 11248 I TechNova: RelicRecoveryAutoTileRunnerBlue2: TurnToAngle 2:  | 86.0 4.0 0.08
02-25 15:29:06.273 10626 11248 I TechNova: RelicRecoveryAutoTileRunnerBlue2: TurnToAngle 2:  | 86.4 3.6 0.08
02-25 15:29:06.301 10626 11248 I TechNova: RelicRecoveryAutoTileRunnerBlue2: TurnToAngle 2:  | 86.8 3.2 0.08
02-25 15:29:06.322 10626 11248 I TechNova: RelicRecoveryAutoTileRunnerBlue2: TurnToAngle 2:  | 87.4 2.6 0.08
02-25 15:29:06.337 10626 11248 I TechNova: RelicRecoveryAutoTileRunnerBlue2: TurnToAngle 2:  | 87.9 2.1 0.08
02-25 15:29:06.417 10626 11248 I TechNova: RelicRecoveryAutoTileRunnerBlue2:  -- Angle Reached -- : | 89.1
02-25 15:29:06.418 10626 11248 I TechNova: RelicRecoveryAutoTileRunnerBlue2: Drive backward: | 18.50, 0.25, 3.00
02-25 15:29:06.420 10626 11248 I TechNova: TileRunnerRobot: Encoder: | 50.93 | 942
02-25 15:29:06.641 10626 11248 I TechNova: TileRunnerRobot: Encoder Remain | 	927.0	337.7	110.0
02-25 15:29:06.659 10626 11248 I TechNova: TileRunnerRobot: EncodersC | 	21	25	19	25
02-25 15:29:06.675 10626 11248 I TechNova: TileRunnerRobot: EncodersT | 	941	942	942	941
02-25 15:29:06.773 10626 11248 I TechNova: TileRunnerRobot: Encoder Remain | 	856.0	598.7	337.7
02-25 15:29:06.797 10626 11248 I TechNova: TileRunnerRobot: EncodersC | 	99	105	100	107
02-25 15:29:06.815 10626 11248 I TechNova: TileRunnerRobot: EncodersT | 	941	942	942	941
02-25 15:29:06.937 10626 11248 I TechNova: TileRunnerRobot: Encoder Remain | 	729.0	837.3	598.7
02-25 15:29:06.959 10626 11248 I TechNova: TileRunnerRobot: EncodersC | 	242	249	247	249
02-25 15:29:06.978 10626 11248 I TechNova: TileRunnerRobot: EncodersT | 	941	942	942	941
02-25 15:29:07.034 10626 10636 I art     : Background partial concurrent mark sweep GC freed 315276(11MB) AllocSpace objects, 8(12MB) LOS objects, 36% free, 27MB/43MB, paused 5.680ms total 242.059ms
02-25 15:29:07.110 10626 11248 I TechNova: TileRunnerRobot: Encoder Remain | 	549.0	711.3	837.3
02-25 15:29:07.137 10626 11248 I TechNova: TileRunnerRobot: EncodersC | 	428	443	442	445
02-25 15:29:07.154 10626 11248 I TechNova: TileRunnerRobot: EncodersT | 	941	942	942	941
02-25 15:29:07.247 10626 11248 I TechNova: TileRunnerRobot: Encoder Remain | 	368.0	548.7	711.3
02-25 15:29:07.271 10626 11248 I TechNova: TileRunnerRobot: EncodersC | 	600	612	610	611
02-25 15:29:07.288 10626 11248 I TechNova: TileRunnerRobot: EncodersT | 	941	942	942	941
02-25 15:29:07.402 10626 11248 I TechNova: TileRunnerRobot: Encoder Remain | 	167.0	361.3	548.7
02-25 15:29:07.419 10626 11248 I TechNova: TileRunnerRobot: EncodersC | 	811	818	808	810
02-25 15:29:07.438 10626 11248 I TechNova: TileRunnerRobot: EncodersT | 	941	942	942	941
02-25 15:29:07.538 10626 11248 I TechNova: TileRunnerRobot: Encoder Remain | 	10.0	181.7	361.3
02-25 15:29:07.555 10626 11248 I TechNova: TileRunnerRobot: EncodersC | 	960	968	931	943
02-25 15:29:07.578 10626 11248 I TechNova: TileRunnerRobot: EncodersT | 	941	942	942	941
02-25 15:29:07.841 10626 11248 I RelicRecoveryAutoTileRunnerBlue2: BLUE | State:          4 [BACKWARD_1_FEET] |    End | 9812.2 |  2103 | IMU: 90.5 | (x1,x2): 103.0, 13.4 | Glyph count:    7 | RIGHT | Battery: 12.69
02-25 15:29:07.963 10626 11248 I RelicRecoveryAutoTileRunnerBlue2: BLUE | State:       5 [TURN_TO_180_DEGREE] |  Start | 9937.1 |    28 | IMU: 90.6 | (x1,x2): 103.0, 13.4 | Glyph count:    7 | RIGHT | Battery: 12.69
02-25 15:29:07.982 10626 11248 I TechNova: RelicRecoveryAutoTileRunnerBlue2: ** TurnToAngle 1:  | 90.4 88.6 0.25
02-25 15:29:08.022 10626 11248 I TechNova: RelicRecoveryAutoTileRunnerBlue2: ** TurnToAngle 1:  | 90.2 88.8 0.25
02-25 15:29:08.049 10626 11248 I TechNova: RelicRecoveryAutoTileRunnerBlue2: ** TurnToAngle 1:  | 90.2 88.8 0.25
02-25 15:29:08.075 10626 11248 I TechNova: RelicRecoveryAutoTileRunnerBlue2: ** TurnToAngle 1:  | 90.2 88.8 0.25
02-25 15:29:08.103 10626 11248 I TechNova: RelicRecoveryAutoTileRunnerBlue2: ** TurnToAngle 1:  | 90.8 88.2 0.25
02-25 15:29:08.125 10626 11248 I TechNova: RelicRecoveryAutoTileRunnerBlue2: ** TurnToAngle 1:  | 91.6 87.4 0.25
02-25 15:29:08.141 10626 11248 I TechNova: RelicRecoveryAutoTileRunnerBlue2: ** TurnToAngle 1:  | 92.2 86.8 0.25
02-25 15:29:08.164 10626 11248 I TechNova: RelicRecoveryAutoTileRunnerBlue2: ** TurnToAngle 1:  | 93.1 85.9 0.25
02-25 15:29:08.180 10626 11248 I TechNova: RelicRecoveryAutoTileRunnerBlue2: ** TurnToAngle 1:  | 94.0 85.0 0.25
02-25 15:29:08.201 10626 11248 I TechNova: RelicRecoveryAutoTileRunnerBlue2: ** TurnToAngle 1:  | 95.0 84.0 0.25
02-25 15:29:08.224 10626 11248 I TechNova: RelicRecoveryAutoTileRunnerBlue2: ** TurnToAngle 1:  | 96.1 82.9 0.25
02-25 15:29:08.263 10626 11248 I TechNova: RelicRecoveryAutoTileRunnerBlue2: ** TurnToAngle 1:  | 98.4 80.6 0.25
02-25 15:29:08.284 10626 11248 I TechNova: RelicRecoveryAutoTileRunnerBlue2: ** TurnToAngle 1:  | 99.6 79.4 0.25
02-25 15:29:08.307 10626 11248 I TechNova: RelicRecoveryAutoTileRunnerBlue2: ** TurnToAngle 1:  | 101.0 78.0 0.25
02-25 15:29:08.323 10626 11248 I TechNova: RelicRecoveryAutoTileRunnerBlue2: ** TurnToAngle 1:  | 102.4 76.6 0.25
02-25 15:29:08.357 10626 11248 I TechNova: RelicRecoveryAutoTileRunnerBlue2: ** TurnToAngle 1:  | 104.5 74.5 0.25
02-25 15:29:08.375 10626 11248 I TechNova: RelicRecoveryAutoTileRunnerBlue2: ** TurnToAngle 1:  | 106.6 72.4 0.25
02-25 15:29:08.393 10626 11248 I TechNova: RelicRecoveryAutoTileRunnerBlue2: ** TurnToAngle 1:  | 107.4 71.6 0.25
02-25 15:29:08.417 10626 11248 I TechNova: RelicRecoveryAutoTileRunnerBlue2: ** TurnToAngle 1:  | 109.0 70.0 0.25
02-25 15:29:08.435 10626 11248 I TechNova: RelicRecoveryAutoTileRunnerBlue2: ** TurnToAngle 1:  | 110.6 68.4 0.25
02-25 15:29:08.462 10626 11248 I TechNova: RelicRecoveryAutoTileRunnerBlue2: ** TurnToAngle 1:  | 112.2 66.8 0.25
02-25 15:29:08.484 10626 11248 I TechNova: RelicRecoveryAutoTileRunnerBlue2: ** TurnToAngle 1:  | 114.8 64.2 0.25
02-25 15:29:08.537 10626 11248 I TechNova: RelicRecoveryAutoTileRunnerBlue2: ** TurnToAngle 1:  | 118.9 60.1 0.25
02-25 15:29:08.560 10626 11248 I TechNova: RelicRecoveryAutoTileRunnerBlue2: ** TurnToAngle 1:  | 120.8 58.2 0.20
02-25 15:29:08.600 10626 11248 I TechNova: RelicRecoveryAutoTileRunnerBlue2: ** TurnToAngle 1:  | 124.2 54.8 0.20
02-25 15:29:08.625 10626 11248 I TechNova: RelicRecoveryAutoTileRunnerBlue2: ** TurnToAngle 1:  | 127.0 52.0 0.20
02-25 15:29:08.646 10626 11248 I TechNova: RelicRecoveryAutoTileRunnerBlue2: ** TurnToAngle 1:  | 128.9 50.1 0.20
02-25 15:29:08.671 10626 11248 I TechNova: RelicRecoveryAutoTileRunnerBlue2: ** TurnToAngle 1:  | 130.7 48.3 0.20
02-25 15:29:08.695 10626 11248 I TechNova: RelicRecoveryAutoTileRunnerBlue2: ** TurnToAngle 1:  | 133.4 45.6 0.20
02-25 15:29:08.718 10626 11248 I TechNova: RelicRecoveryAutoTileRunnerBlue2: ** TurnToAngle 1:  | 135.2 43.8 0.12
02-25 15:29:08.764 10626 11248 I TechNova: RelicRecoveryAutoTileRunnerBlue2: ** TurnToAngle 1:  | 138.4 40.6 0.12
02-25 15:29:08.804 10626 11248 I TechNova: RelicRecoveryAutoTileRunnerBlue2: ** TurnToAngle 1:  | 141.6 37.4 0.12
02-25 15:29:08.839 10626 11248 I TechNova: RelicRecoveryAutoTileRunnerBlue2: ** TurnToAngle 1:  | 143.8 35.2 0.12
02-25 15:29:08.854 10626 11248 I TechNova: RelicRecoveryAutoTileRunnerBlue2: ** TurnToAngle 1:  | 145.9 33.1 0.12
02-25 15:29:08.879 10626 11248 I TechNova: RelicRecoveryAutoTileRunnerBlue2: ** TurnToAngle 1:  | 147.1 31.9 0.12
02-25 15:29:08.896 10626 11248 I TechNova: RelicRecoveryAutoTileRunnerBlue2: ** TurnToAngle 1:  | 148.2 30.8 0.12
02-25 15:29:08.913 10626 11248 I TechNova: RelicRecoveryAutoTileRunnerBlue2: ** TurnToAngle 1:  | 149.2 29.8 0.12
02-25 15:29:08.933 10626 11248 I TechNova: RelicRecoveryAutoTileRunnerBlue2: ** TurnToAngle 1:  | 150.0 29.0 0.12
02-25 15:29:08.945 10626 11248 I TechNova: RelicRecoveryAutoTileRunnerBlue2: ** TurnToAngle 1:  | 150.9 28.1 0.12
02-25 15:29:08.968 10626 11248 I TechNova: RelicRecoveryAutoTileRunnerBlue2: ** TurnToAngle 1:  | 151.4 27.6 0.12
02-25 15:29:08.993 10626 11248 I TechNova: RelicRecoveryAutoTileRunnerBlue2: ** TurnToAngle 1:  | 152.8 26.2 0.12
02-25 15:29:09.015 10626 11248 I TechNova: RelicRecoveryAutoTileRunnerBlue2: ** TurnToAngle 1:  | 153.9 25.1 0.12
02-25 15:29:09.041 10626 11248 I TechNova: RelicRecoveryAutoTileRunnerBlue2: ** TurnToAngle 1:  | 154.9 24.1 0.12
02-25 15:29:09.066 10626 11248 I TechNova: RelicRecoveryAutoTileRunnerBlue2: ** TurnToAngle 1:  | 156.5 22.5 0.12
02-25 15:29:09.088 10626 11248 I TechNova: RelicRecoveryAutoTileRunnerBlue2: ** TurnToAngle 1:  | 157.4 21.6 0.12
02-25 15:29:09.112 10626 11248 I TechNova: RelicRecoveryAutoTileRunnerBlue2: ** TurnToAngle 1:  | 158.5 20.5 0.12
02-25 15:29:09.133 10626 11248 I TechNova: RelicRecoveryAutoTileRunnerBlue2: ** TurnToAngle 1:  | 160.2 18.8 0.08
02-25 15:29:09.189 10626 11248 I TechNova: RelicRecoveryAutoTileRunnerBlue2: ** TurnToAngle 1:  | 162.8 16.2 0.08
02-25 15:29:09.214 10626 11248 I TechNova: RelicRecoveryAutoTileRunnerBlue2: ** TurnToAngle 1:  | 163.8 15.2 0.08
02-25 15:29:09.241 10626 11248 I TechNova: RelicRecoveryAutoTileRunnerBlue2: ** TurnToAngle 1:  | 165.3 13.7 0.08
02-25 15:29:09.260 10626 11248 I TechNova: RelicRecoveryAutoTileRunnerBlue2: ** TurnToAngle 1:  | 166.4 12.6 0.08
02-25 15:29:09.283 10626 11248 I TechNova: RelicRecoveryAutoTileRunnerBlue2: ** TurnToAngle 1:  | 167.4 11.6 0.08
02-25 15:29:09.318 10626 11248 I TechNova: RelicRecoveryAutoTileRunnerBlue2: ** TurnToAngle 1:  | 169.2 9.8 0.08
02-25 15:29:09.349 10626 11248 I TechNova: RelicRecoveryAutoTileRunnerBlue2: ** TurnToAngle 1:  | 169.6 9.4 0.08
02-25 15:29:09.372 10626 11248 I TechNova: RelicRecoveryAutoTileRunnerBlue2: ** TurnToAngle 1:  | 170.6 8.4 0.08
02-25 15:29:09.406 10626 11248 I TechNova: RelicRecoveryAutoTileRunnerBlue2: ** TurnToAngle 1:  | 171.7 7.3 0.08
02-25 15:29:09.430 10626 11248 I TechNova: RelicRecoveryAutoTileRunnerBlue2: ** TurnToAngle 1:  | 172.8 6.2 0.08
02-25 15:29:09.455 10626 11248 I TechNova: RelicRecoveryAutoTileRunnerBlue2: ** TurnToAngle 1:  | 173.4 5.6 0.08
02-25 15:29:09.478 10626 11248 I TechNova: RelicRecoveryAutoTileRunnerBlue2: ** TurnToAngle 1:  | 174.5 4.5 0.08
02-25 15:29:09.500 10626 11248 I TechNova: RelicRecoveryAutoTileRunnerBlue2: ** TurnToAngle 1:  | 175.2 3.8 0.08
02-25 15:29:09.526 10626 11248 I TechNova: RelicRecoveryAutoTileRunnerBlue2: ** TurnToAngle 1:  | 176.2 2.8 0.08
02-25 15:29:09.551 10626 11248 I TechNova: RelicRecoveryAutoTileRunnerBlue2: ** TurnToAngle 1:  | 177.0 2.0 0.08
02-25 15:29:09.593 10626 11248 I TechNova: RelicRecoveryAutoTileRunnerBlue2:  -- Angle Reached -- : | 177.8
02-25 15:29:09.690 10626 11248 I RelicRecoveryAutoTileRunnerBlue2: BLUE | State:       5 [TURN_TO_180_DEGREE] |    End | 11661.7 |  1753 | IMU: 179.1 | (x1,x2): 214.0, 13.4 | Glyph count:    7 | RIGHT | Battery: 12.66
02-25 15:29:09.798 10626 11248 I RelicRecoveryAutoTileRunnerBlue2: BLUE | State:        6 [BACKWARD_7_INCHES] |  Start | 11771.8 |    13 | IMU: -179.1 | (x1,x2): 214.0, 13.0 | Glyph count:    7 | RIGHT | Battery: 12.67
02-25 15:29:09.799 10626 11248 I TechNova: RelicRecoveryAutoTileRunnerBlue2: Drive backward: | 5.70, 0.25, 3.00
02-25 15:29:09.800 10626 11248 I TechNova: TileRunnerRobot: Encoder: | 50.93 | 290
02-25 15:29:10.041 10626 11248 I TechNova: TileRunnerRobot: Encoder Remain | 	265.0	147.3	181.7
02-25 15:29:10.058 10626 11248 I TechNova: TileRunnerRobot: EncodersC | 	22	38	33	35
02-25 15:29:10.081 10626 11248 I TechNova: TileRunnerRobot: EncodersT | 	289	290	290	289
02-25 15:29:10.193 10626 11248 I TechNova: TileRunnerRobot: Encoder Remain | 	178.0	151.0	147.3
02-25 15:29:10.208 10626 11248 I TechNova: TileRunnerRobot: EncodersC | 	116	135	128	133
02-25 15:29:10.225 10626 11248 I TechNova: TileRunnerRobot: EncodersT | 	289	290	290	289
02-25 15:29:10.316 10626 11248 I TechNova: TileRunnerRobot: Encoder Remain | 	73.0	172.0	151.0
02-25 15:29:10.332 10626 11248 I TechNova: TileRunnerRobot: EncodersC | 	223	242	237	239
02-25 15:29:10.351 10626 11248 I TechNova: TileRunnerRobot: EncodersT | 	289	290	290	289
02-25 15:29:10.443 10626 11248 I TechNova: TileRunnerRobot: Encoder Remain | 	12.0	87.7	172.0
02-25 15:29:10.463 10626 11248 I TechNova: TileRunnerRobot: EncodersC | 	304	308	302	318
