02-25 18:11:42.925 32523 32611 E RobotCore:     at com.qualcomm.robotcore.util.RunShellCommand.runCommand(RunShellCommand.java:103)
02-25 18:11:42.925 32523 32611 E RobotCore:     at com.qualcomm.robotcore.util.RunShellCommand.run(RunShellCommand.java:71)
02-25 18:11:42.925 32523 32611 E RobotCore:     at com.qualcomm.robotcore.util.RobotLog$1.run(RobotLog.java:495)
02-25 18:11:42.925 32523 32611 E RobotCore: thread id=967 tid=0 name="FinalizerWatchdogDaemon"
02-25 18:11:42.925 32523 32611 E RobotCore:     at java.lang.Object.wait(Native Method)
02-25 18:11:42.925 32523 32611 E RobotCore:     at java.lang.Daemons$FinalizerWatchdogDaemon.waitForObject(Daemons.java:255)
02-25 18:11:42.925 32523 32611 E RobotCore:     at java.lang.Daemons$FinalizerWatchdogDaemon.run(Daemons.java:227)
02-25 18:11:42.925 32523 32611 E RobotCore:     at java.lang.Thread.run(Thread.java:818)
02-25 18:11:42.925 32523 32611 E RobotCore: thread id=993 tid=0 name="Thread-993"
02-25 18:11:42.925 32523 32611 E RobotCore: thread id=1011 tid=32591 name="lynx module executor-#0"
02-25 18:11:42.926 32523 32611 E RobotCore:     at java.lang.Object.wait(Native Method)
02-25 18:11:42.926 32523 32611 E RobotCore:     at java.lang.Thread.parkFor$(Thread.java:1220)
02-25 18:11:42.926 32523 32611 E RobotCore:     at sun.misc.Unsafe.park(Unsafe.java:299)
02-25 18:11:42.926 32523 32611 E RobotCore:     at java.util.concurrent.locks.LockSupport.parkNanos(LockSupport.java:198)
02-25 18:11:42.926 32523 32611 E RobotCore:     at java.util.concurrent.locks.AbstractQueuedSynchronizer$ConditionObject.awaitNanos(AbstractQueuedSynchronizer.java:2053)
02-25 18:11:42.926 32523 32611 E RobotCore:     at java.util.concurrent.ScheduledThreadPoolExecutor$DelayedWorkQueue.take(ScheduledThreadPoolExecutor.java:1090)
02-25 18:11:42.926 32523 32611 E RobotCore:     at java.util.concurrent.ScheduledThreadPoolExecutor$DelayedWorkQueue.take(ScheduledThreadPoolExecutor.java:1071)
02-25 18:11:42.926 32523 32611 E RobotCore:     at java.util.concurrent.ThreadPoolExecutor.getTask(ThreadPoolExecutor.java:1038)
02-25 18:11:42.926 32523 32611 E RobotCore:     at java.util.concurrent.ThreadPoolExecutor.runWorker(ThreadPoolExecutor.java:1098)
02-25 18:11:42.926 32523 32611 E RobotCore:     at java.util.concurrent.ThreadPoolExecutor$Worker.run(ThreadPoolExecutor.java:588)
02-25 18:11:42.927 32523 32611 E RobotCore:     at com.qualcomm.robotcore.util.ThreadPool$ThreadFactoryImpl$1.run(ThreadPool.java:764)
02-25 18:11:42.927 32523 32611 E RobotCore:     at java.lang.Thread.run(Thread.java:818)
02-25 18:11:42.927 32523 32611 E RobotCore: thread id=979 tid=0 name="Chrome_IOThread"
02-25 18:11:42.927 32523 32611 E RobotCore: thread id=1082 tid=0 name="Binder_4"
02-25 18:11:42.927 32523 32611 E RobotCore: thread id=972 tid=0 name="java.lang.ProcessManager"
02-25 18:11:42.927 32523 32611 E RobotCore:     at libcore.io.Posix.waitpid(Native Method)
02-25 18:11:42.927 32523 32611 E RobotCore:     at libcore.io.ForwardingOs.waitpid(ForwardingOs.java:173)
02-25 18:11:42.927 32523 32611 E RobotCore:     at java.lang.ProcessManager.watchChildren(ProcessManager.java:86)
02-25 18:11:42.927 32523 32611 E RobotCore:     at java.lang.ProcessManager.-wrap0(ProcessManager.java)
02-25 18:11:42.927 32523 32611 E RobotCore:     at java.lang.ProcessManager$1.run(ProcessManager.java:58)
02-25 18:11:42.927 32523 32611 E RobotCore: thread id=995 tid=0 name="GAC_Executor[1]"
02-25 18:11:42.927 32523 32611 E RobotCore:     at java.lang.Object.wait(Native Method)
02-25 18:11:42.927 32523 32611 E RobotCore:     at java.lang.Thread.parkFor$(Thread.java:1220)
02-25 18:11:42.927 32523 32611 E RobotCore:     at sun.misc.Unsafe.park(Unsafe.java:299)
02-25 18:11:42.927 32523 32611 E RobotCore:     at java.util.concurrent.locks.LockSupport.park(LockSupport.java:158)
02-25 18:11:42.927 32523 32611 E RobotCore:     at java.util.concurrent.locks.AbstractQueuedSynchronizer$ConditionObject.await(AbstractQueuedSynchronizer.java:2013)
02-25 18:11:42.927 32523 32611 E RobotCore:     at java.util.concurrent.LinkedBlockingQueue.take(LinkedBlockingQueue.java:410)
02-25 18:11:42.927 32523 32611 E RobotCore:     at java.util.concurrent.ThreadPoolExecutor.getTask(ThreadPoolExecutor.java:1038)
02-25 18:11:42.927 32523 32611 E RobotCore:     at java.util.concurrent.ThreadPoolExecutor.runWorker(ThreadPoolExecutor.java:1098)
02-25 18:11:42.927 32523 32611 E RobotCore:     at java.util.concurrent.ThreadPoolExecutor$Worker.run(ThreadPoolExecutor.java:588)
02-25 18:11:42.927 32523 32611 E RobotCore:     at com.google.android.gms.internal.zzbic.run(Unknown Source)
02-25 18:11:42.927 32523 32611 E RobotCore:     at java.lang.Thread.run(Thread.java:818)
02-25 18:11:42.928 32523 32611 E RobotCore: thread id=1065 tid=520 name="lynx incoming datagrams"
02-25 18:11:42.928 32523 32611 E RobotCore:     at java.lang.Object.wait(Native Method)
02-25 18:11:42.928 32523 32611 E RobotCore:     at java.lang.Object.wait(Object.java:423)
02-25 18:11:42.928 32523 32611 E RobotCore:     at org.firstinspires.ftc.robotcore.internal.ftdi.ReadBufferManager.readBulkInData(ReadBufferManager.java:575)
02-25 18:11:42.928 32523 32611 E RobotCore:     at org.firstinspires.ftc.robotcore.internal.ftdi.FtDevice.read(FtDevice.java:683)
02-25 18:11:42.928 32523 32611 E RobotCore:     at com.qualcomm.robotcore.hardware.usb.ftdi.RobotUsbDeviceFtdi.read(RobotUsbDeviceFtdi.java:128)
02-25 18:11:42.928 32523 32611 E RobotCore:     at com.qualcomm.hardware.lynx.LynxUsbDeviceImpl$IncomingDatagramPoller.readIncomingBytes(LynxUsbDeviceImpl.java:856)
02-25 18:11:42.928 32523 32611 E RobotCore:     at com.qualcomm.hardware.lynx.LynxUsbDeviceImpl$IncomingDatagramPoller.pollForIncomingDatagram(LynxUsbDeviceImpl.java:915)
02-25 18:11:42.928 32523 32611 E RobotCore:     at com.qualcomm.hardware.lynx.LynxUsbDeviceImpl$IncomingDatagramPoller$1.run(LynxUsbDeviceImpl.java:823)
02-25 18:11:42.928 32523 32611 E RobotCore:     at com.qualcomm.robotcore.util.ThreadPool.logThreadLifeCycle(ThreadPool.java:709)
02-25 18:11:42.928 32523 32611 E RobotCore:     at com.qualcomm.hardware.lynx.LynxUsbDeviceImpl$IncomingDatagramPoller.run(LynxUsbDeviceImpl.java:813)
02-25 18:11:42.928 32523 32611 E RobotCore:     at java.util.concurrent.ThreadPoolExecutor.runWorker(ThreadPoolExecutor.java:1113)
02-25 18:11:42.928 32523 32611 E RobotCore:     at java.util.concurrent.ThreadPoolExecutor$Worker.run(ThreadPoolExecutor.java:588)
02-25 18:11:42.928 32523 32611 E RobotCore:     at com.qualcomm.robotcore.util.ThreadPool$ThreadFactoryImpl$1.run(ThreadPool.java:764)
02-25 18:11:42.928 32523 32611 E RobotCore:     at java.lang.Thread.run(Thread.java:818)
02-25 18:11:42.929 32523 32611 E RobotCore: thread id=984 tid=0 name="ConnectivityManager"
02-25 18:11:42.929 32523 32611 E RobotCore:     at android.os.MessageQueue.nativePollOnce(Native Method)
02-25 18:11:42.929 32523 32611 E RobotCore:     at android.os.MessageQueue.next(MessageQueue.java:323)
02-25 18:11:42.929 32523 32611 E RobotCore:     at android.os.Looper.loop(Looper.java:135)
02-25 18:11:42.929 32523 32611 E RobotCore:     at android.os.HandlerThread.run(HandlerThread.java:61)
02-25 18:11:42.929 32523 32611 E RobotCore: thread id=1 tid=0 name="main"
02-25 18:11:42.929 32523 32611 E RobotCore:     at android.os.MessageQueue.nativePollOnce(Native Method)
02-25 18:11:42.929 32523 32611 E RobotCore:     at android.os.MessageQueue.next(MessageQueue.java:323)
02-25 18:11:42.929 32523 32611 E RobotCore:     at android.os.Looper.loop(Looper.java:135)
02-25 18:11:42.929 32523 32611 E RobotCore:     at android.app.ActivityThread.main(ActivityThread.java:5459)
02-25 18:11:42.929 32523 32611 E RobotCore:     at java.lang.reflect.Method.invoke(Native Method)
02-25 18:11:42.929 32523 32611 E RobotCore:     at com.android.internal.os.ZygoteInit$MethodAndArgsCaller.run(ZygoteInit.java:728)
02-25 18:11:42.929 32523 32611 E RobotCore:     at com.android.internal.os.ZygoteInit.main(ZygoteInit.java:618)
02-25 18:11:42.929 32523 32611 E RobotCore: thread id=1062 tid=0 name="bulkPacketInWorker"
02-25 18:11:42.929 32523 32611 E RobotCore:     at android.hardware.usb.UsbDeviceConnection.native_bulk_request(Native Method)
02-25 18:11:42.929 32523 32611 E RobotCore:     at android.hardware.usb.UsbDeviceConnection.bulkTransfer(UsbDeviceConnection.java:214)
02-25 18:11:42.929 32523 32611 E RobotCore:     at org.firstinspires.ftc.robotcore.internal.ftdi.MonitoredUsbDeviceConnection.bulkTransfer(MonitoredUsbDeviceConnection.java:294)
02-25 18:11:42.929 32523 32611 E RobotCore:     at org.firstinspires.ftc.robotcore.internal.ftdi.BulkPacketInWorker.run(BulkPacketInWorker.java:108)
02-25 18:11:42.929 32523 32611 E RobotCore:     at org.firstinspires.ftc.robotcore.internal.ftdi.FtDevice$ThreadHelper$1.run(FtDevice.java:1437)
02-25 18:11:42.929 32523 32611 E RobotCore:     at java.lang.Thread.run(Thread.java:818)
02-25 18:11:42.929 32523 32611 E RobotCore: thread id=1133 tid=0 name="pool-73-thread-2"
02-25 18:11:42.929 32523 32611 E RobotCore:     at java.lang.Object.wait(Native Method)
02-25 18:11:42.929 32523 32611 E RobotCore:     at java.lang.Thread.parkFor$(Thread.java:1220)
02-25 18:11:42.929 32523 32611 E RobotCore:     at sun.misc.Unsafe.park(Unsafe.java:299)
02-25 18:11:42.929 32523 32611 E RobotCore:     at java.util.concurrent.locks.LockSupport.parkNanos(LockSupport.java:198)
02-25 18:11:42.930 32523 32611 E RobotCore:     at java.util.concurrent.FutureTask.awaitDone(FutureTask.java:418)
02-25 18:11:42.930 32523 32611 E RobotCore:     at java.util.concurrent.FutureTask.get(FutureTask.java:176)
02-25 18:11:42.930 32523 32611 E RobotCore:     at com.vuforia.ar.pl.ARHttpClient$ARHttpResponseWatcher.run(ARHttpClient.java:92)
02-25 18:11:42.930 32523 32611 E RobotCore:     at java.util.concurrent.Executors$RunnableAdapter.call(Executors.java:423)
02-25 18:11:42.930 32523 32611 E RobotCore:     at java.util.concurrent.FutureTask.run(FutureTask.java:237)
02-25 18:11:42.930 32523 32611 E RobotCore:     at java.util.concurrent.ThreadPoolExecutor.runWorker(ThreadPoolExecutor.java:1113)
02-25 18:11:42.930 32523 32611 E RobotCore:     at java.util.concurrent.ThreadPoolExecutor$Worker.run(ThreadPoolExecutor.java:588)
02-25 18:11:42.930 32523 32611 E RobotCore:     at java.lang.Thread.run(Thread.java:818)
02-25 18:11:42.930 32523 32611 E RobotCore: thread id=977 tid=0 name="GoogleApiHandler"
02-25 18:11:42.930 32523 32611 E RobotCore:     at android.os.MessageQueue.nativePollOnce(Native Method)
02-25 18:11:42.930 32523 32611 E RobotCore:     at android.os.MessageQueue.next(MessageQueue.java:323)
02-25 18:11:42.930 32523 32611 E RobotCore:     at android.os.Looper.loop(Looper.java:135)
02-25 18:11:42.930 32523 32611 E RobotCore:     at android.os.HandlerThread.run(HandlerThread.java:61)
02-25 18:11:42.930 32523 32611 E RobotCore: thread id=966 tid=0 name="FinalizerDaemon"
02-25 18:11:42.930 32523 32611 E RobotCore:     at java.lang.Object.wait(Native Method)
02-25 18:11:42.930 32523 32611 E RobotCore:     at java.lang.Object.wait(Object.java:423)
02-25 18:11:42.930 32523 32611 E RobotCore:     at java.lang.ref.ReferenceQueue.remove(ReferenceQueue.java:101)
02-25 18:11:42.930 32523 32611 E RobotCore:     at java.lang.ref.ReferenceQueue.remove(ReferenceQueue.java:72)
02-25 18:11:42.930 32523 32611 E RobotCore:     at java.lang.Daemons$FinalizerDaemon.run(Daemons.java:185)
02-25 18:11:42.930 32523 32611 E RobotCore:     at java.lang.Thread.run(Thread.java:818)
02-25 18:11:42.930 32523 32611 E RobotCore: thread id=964 tid=0 name="JDWP"
02-25 18:11:42.930 32523 32611 E RobotCore: thread id=999 tid=0 name="AsyncTask #2"
02-25 18:11:42.930 32523 32611 E RobotCore:     at java.lang.Object.wait(Native Method)
02-25 18:11:42.930 32523 32611 E RobotCore:     at java.lang.Thread.parkFor$(Thread.java:1220)
02-25 18:11:42.930 32523 32611 E RobotCore:     at sun.misc.Unsafe.park(Unsafe.java:299)
02-25 18:11:42.930 32523 32611 E RobotCore:     at java.util.concurrent.locks.LockSupport.park(LockSupport.java:158)
02-25 18:11:42.930 32523 32611 E RobotCore:     at java.util.concurrent.locks.AbstractQueuedSynchronizer$ConditionObject.await(AbstractQueuedSynchronizer.java:2013)
02-25 18:11:42.930 32523 32611 E RobotCore:     at java.util.concurrent.LinkedBlockingQueue.take(LinkedBlockingQueue.java:410)
02-25 18:11:42.930 32523 32611 E RobotCore:     at java.util.concurrent.ThreadPoolExecutor.getTask(ThreadPoolExecutor.java:1038)
02-25 18:11:42.930 32523 32611 E RobotCore:     at java.util.concurrent.ThreadPoolExecutor.runWorker(ThreadPoolExecutor.java:1098)
02-25 18:11:42.930 32523 32611 E RobotCore:     at java.util.concurrent.ThreadPoolExecutor$Worker.run(ThreadPoolExecutor.java:588)
02-25 18:11:42.930 32523 32611 E RobotCore:     at java.lang.Thread.run(Thread.java:818)
02-25 18:11:42.930 32523 32611 E RobotCore: thread id=975 tid=0 name="AsyncTask #1"
02-25 18:11:42.930 32523 32611 E RobotCore:     at java.lang.Object.wait(Native Method)
02-25 18:11:42.931 32523 32611 E RobotCore:     at java.lang.Thread.parkFor$(Thread.java:1220)
02-25 18:11:42.931 32523 32611 E RobotCore:     at sun.misc.Unsafe.park(Unsafe.java:299)
02-25 18:11:42.931 32523 32611 E RobotCore:     at java.util.concurrent.locks.LockSupport.park(LockSupport.java:158)
02-25 18:11:42.931 32523 32611 E RobotCore:     at java.util.concurrent.locks.AbstractQueuedSynchronizer$ConditionObject.await(AbstractQueuedSynchronizer.java:2013)
02-25 18:11:42.931 32523 32611 E RobotCore:     at java.util.concurrent.LinkedBlockingQueue.take(LinkedBlockingQueue.java:410)
02-25 18:11:42.931 32523 32611 E RobotCore:     at java.util.concurrent.ThreadPoolExecutor.getTask(ThreadPoolExecutor.java:1038)
02-25 18:11:42.931 32523 32611 E RobotCore:     at java.util.concurrent.ThreadPoolExecutor.runWorker(ThreadPoolExecutor.java:1098)
02-25 18:11:42.931 32523 32611 E RobotCore:     at java.util.concurrent.ThreadPoolExecutor$Worker.run(ThreadPoolExecutor.java:588)
02-25 18:11:42.931 32523 32611 E RobotCore:     at java.lang.Thread.run(Thread.java:818)
02-25 18:11:42.931 32523 32611 E RobotCore: thread id=994 tid=0 name="Binder_3"
02-25 18:11:42.931 32523 32611 E RobotCore: thread id=1064 tid=519 name="WatchdogMonitor-#0"
02-25 18:11:42.931 32523 32611 E RobotCore:     at java.lang.Object.wait(Native Method)
02-25 18:11:42.931 32523 32611 E RobotCore:     at java.lang.Thread.parkFor$(Thread.java:1220)
02-25 18:11:42.931 32523 32611 E RobotCore:     at sun.misc.Unsafe.park(Unsafe.java:299)
02-25 18:11:42.931 32523 32611 E RobotCore:     at java.util.concurrent.locks.LockSupport.park(LockSupport.java:158)
02-25 18:11:42.931 32523 32611 E RobotCore:     at java.util.concurrent.locks.AbstractQueuedSynchronizer$ConditionObject.await(AbstractQueuedSynchronizer.java:2013)
02-25 18:11:42.931 32523 32611 E RobotCore:     at java.util.concurrent.LinkedBlockingQueue.take(LinkedBlockingQueue.java:410)
02-25 18:11:42.931 32523 32611 E RobotCore:     at java.util.concurrent.ThreadPoolExecutor.getTask(ThreadPoolExecutor.java:1038)
02-25 18:11:42.931 32523 32611 E RobotCore:     at java.util.concurrent.ThreadPoolExecutor.runWorker(ThreadPoolExecutor.java:1098)
02-25 18:11:42.931 32523 32611 E RobotCore:     at java.util.concurrent.ThreadPoolExecutor$Worker.run(ThreadPoolExecutor.java:588)
02-25 18:11:42.931 32523 32611 E RobotCore:     at com.qualcomm.robotcore.util.ThreadPool$ThreadFactoryImpl$1.run(ThreadPool.java:764)
02-25 18:11:42.931 32523 32611 E RobotCore:     at java.lang.Thread.run(Thread.java:818)
02-25 18:11:42.931 32523 32611 E RobotCore: thread id=992 tid=32569 name="MTPMonitor-#0"
02-25 18:11:42.931 32523 32611 E RobotCore:     at java.lang.Thread.sleep(Native Method)
02-25 18:11:42.931 32523 32611 E RobotCore:     at java.lang.Thread.sleep(Thread.java:1031)
02-25 18:11:42.931 32523 32611 E RobotCore:     at java.lang.Thread.sleep(Thread.java:985)
02-25 18:11:42.931 32523 32611 E RobotCore:     at org.firstinspires.ftc.robotcore.internal.files.MediaTransferProtocolMonitor$1.run(MediaTransferProtocolMonitor.java:134)
02-25 18:11:42.931 32523 32611 E RobotCore:     at java.util.concurrent.Executors$RunnableAdapter.call(Executors.java:423)
02-25 18:11:42.931 32523 32611 E RobotCore:     at java.util.concurrent.FutureTask.run(FutureTask.java:237)
02-25 18:11:42.931 32523 32611 E RobotCore:     at java.util.concurrent.ThreadPoolExecutor.runWorker(ThreadPoolExecutor.java:1113)
02-25 18:11:42.931 32523 32611 E RobotCore:     at java.util.concurrent.ThreadPoolExecutor$Worker.run(ThreadPoolExecutor.java:588)
02-25 18:11:42.931 32523 32611 E RobotCore:     at com.qualcomm.robotcore.util.ThreadPool$ThreadFactoryImpl$1.run(ThreadPool.java:764)
02-25 18:11:42.931 32523 32611 E RobotCore:     at java.lang.Thread.run(Thread.java:818)
02-25 18:11:42.932 32523 32611 E RobotCore: thread id=1012 tid=32594 name="SoundPlayer looper"
02-25 18:11:42.932 32523 32611 E RobotCore:     at android.os.MessageQueue.nativePollOnce(Native Method)
02-25 18:11:42.932 32523 32611 E RobotCore:     at android.os.MessageQueue.next(MessageQueue.java:323)
02-25 18:11:42.932 32523 32611 E RobotCore:     at android.os.Looper.loop(Looper.java:135)
02-25 18:11:42.932 32523 32611 E RobotCore:     at com.qualcomm.ftccommon.SoundPlayer$1.run(SoundPlayer.java:134)
02-25 18:11:42.932 32523 32611 E RobotCore:     at java.util.concurrent.ThreadPoolExecutor.runWorker(ThreadPoolExecutor.java:1113)
02-25 18:11:42.932 32523 32611 E RobotCore:     at java.util.concurrent.ThreadPoolExecutor$Worker.run(ThreadPoolExecutor.java:588)
02-25 18:11:42.932 32523 32611 E RobotCore:     at com.qualcomm.robotcore.util.ThreadPool$ThreadFactoryImpl$1.run(ThreadPool.java:764)
02-25 18:11:42.932 32523 32611 E RobotCore:     at java.lang.Thread.run(Thread.java:818)
02-25 18:11:42.932 32523 32611 E RobotCore: thread id=1079 tid=0 name="Thread-1079"
02-25 18:11:42.932 32523 32611 E RobotCore:     at java.lang.Thread.sleep(Native Method)
02-25 18:11:42.932 32523 32611 E RobotCore:     at java.lang.Thread.sleep(Thread.java:1031)
02-25 18:11:42.932 32523 32611 E RobotCore:     at java.lang.Thread.sleep(Thread.java:985)
02-25 18:11:42.932 32523 32611 E RobotCore:     at org.firstinspires.ftc.teamcode.TechNova2017.AutoTransitioner.run(AutoTransitioner.java:44)
02-25 18:11:42.932 32523 32611 E RobotCore: thread id=1138 tid=0 name="GLThread 1138"
02-25 18:11:42.932 32523 32611 E RobotCore:     at java.lang.Object.wait(Native Method)
02-25 18:11:42.932 32523 32611 E RobotCore:     at android.opengl.GLSurfaceView$GLThread.guardedRun(GLSurfaceView.java:1458)
02-25 18:11:42.932 32523 32611 E RobotCore:     at android.opengl.GLSurfaceView$GLThread.run(GLSurfaceView.java:1240)
02-25 18:11:42.932 32523 32611 E RobotCore: thread id=1131 tid=1038 name="LinearOpMode main"
02-25 18:11:42.932 32523 32611 E RobotCore:     at android.hardware.Camera.startPreview(Native Method)
02-25 18:11:42.932 32523 32611 E RobotCore:     at com.vuforia.ar.pl.Camera1_Preview.start(Camera1_Preview.java:1784)
02-25 18:11:42.933 32523 32611 E RobotCore:     at com.vuforia.VuforiaJNI.CameraDevice_start(Native Method)
02-25 18:11:42.933 32523 32611 E RobotCore:     at com.vuforia.CameraDevice.start(CameraDevice.java:66)
02-25 18:11:42.933 32523 32611 E RobotCore:     at org.firstinspires.ftc.robotcore.internal.vuforia.VuforiaLocalizerImpl.startCamera(VuforiaLocalizerImpl.java:665)
02-25 18:11:42.933 32523 32611 E RobotCore:     at org.firstinspires.ftc.robotcore.internal.vuforia.VuforiaLocalizerImpl.startAR(VuforiaLocalizerImpl.java:492)
02-25 18:11:42.933 32523 32611 E RobotCore:     at org.firstinspires.ftc.robotcore.internal.vuforia.VuforiaLocalizerImpl.<init>(VuforiaLocalizerImpl.java:206)
02-25 18:11:42.933 32523 32611 E RobotCore:     at org.firstinspires.ftc.robotcore.external.ClassFactory.createVuforiaLocalizer(ClassFactory.java:57)
02-25 18:11:42.933 32523 32611 E RobotCore:     at org.firstinspires.ftc.teamcode.TechNova2017.VuMarkVision.<init>(VuMarkVision.java:58)
02-25 18:11:42.933 32523 32611 E RobotCore:     at org.firstinspires.ftc.teamcode.TechNova2017.RelicRecoveryAutoTileRunnerAbstract.initOpMode(RelicRecoveryAutoTileRunnerAbstract.java:39)
02-25 18:11:42.933 32523 32611 E RobotCore:     at org.firstinspires.ftc.teamcode.TechNova2017.RelicRecoveryAutoTileRunnerBase.runOpMode(RelicRecoveryAutoTileRunnerBase.java:43)
02-25 18:11:42.933 32523 32611 E RobotCore:     at com.qualcomm.robotcore.eventloop.opmode.LinearOpMode$LinearOpModeHelper$1.run(LinearOpMode.java:305)
02-25 18:11:42.933 32523 32611 E RobotCore:     at com.qualcomm.robotcore.util.ThreadPool.logThreadLifeCycle(ThreadPool.java:709)
02-25 18:11:42.933 32523 32611 E RobotCore:     at com.qualcomm.robotcore.eventloop.opmode.LinearOpMode$LinearOpModeHelper.run(LinearOpMode.java:300)
02-25 18:11:42.933 32523 32611 E RobotCore:     at java.util.concurrent.ThreadPoolExecutor.runWorker(ThreadPoolExecutor.java:1113)
02-25 18:11:42.933 32523 32611 E RobotCore:     at java.util.concurrent.ThreadPoolExecutor$Worker.run(ThreadPoolExecutor.java:588)
02-25 18:11:42.933 32523 32611 E RobotCore:     at com.qualcomm.robotcore.util.ThreadPool$ThreadFactoryImpl$1.run(ThreadPool.java:764)
02-25 18:11:42.933 32523 32611 E RobotCore:     at java.lang.Thread.run(Thread.java:818)
02-25 18:11:42.933 32523 32611 E RobotCore: thread id=1014 tid=0 name="SoundPool"
02-25 18:11:42.933 32523 32611 E RobotCore: thread id=1010 tid=0 name="pool-2-thread-1"
02-25 18:11:42.933 32523 32611 E RobotCore:     at java.lang.Object.wait(Native Method)
02-25 18:11:42.933 32523 32611 E RobotCore:     at java.lang.Thread.parkFor$(Thread.java:1220)
02-25 18:11:42.934 32523 32611 E RobotCore:     at sun.misc.Unsafe.park(Unsafe.java:299)
02-25 18:11:42.934 32523 32611 E RobotCore:     at java.util.concurrent.locks.LockSupport.parkNanos(LockSupport.java:198)
02-25 18:11:42.934 32523 32611 E RobotCore:     at java.util.concurrent.locks.AbstractQueuedSynchronizer$ConditionObject.awaitNanos(AbstractQueuedSynchronizer.java:2053)
02-25 18:11:42.934 32523 32611 E RobotCore:     at java.util.concurrent.ScheduledThreadPoolExecutor$DelayedWorkQueue.take(ScheduledThreadPoolExecutor.java:1090)
02-25 18:11:42.934 32523 32611 E RobotCore:     at java.util.concurrent.ScheduledThreadPoolExecutor$DelayedWorkQueue.take(ScheduledThreadPoolExecutor.java:1071)
02-25 18:11:42.934 32523 32611 E RobotCore:     at java.util.concurrent.ThreadPoolExecutor.getTask(ThreadPoolExecutor.java:1038)
02-25 18:11:42.934 32523 32611 E RobotCore:     at java.util.concurrent.ThreadPoolExecutor.runWorker(ThreadPoolExecutor.java:1098)
02-25 18:11:42.934 32523 32611 E RobotCore:     at java.util.concurrent.ThreadPoolExecutor$Worker.run(ThreadPoolExecutor.java:588)
02-25 18:11:42.934 32523 32611 E RobotCore:     at java.lang.Thread.run(Thread.java:818)
02-25 18:11:42.934 32523 32611 E RobotCore: thread id=985 tid=0 name="JavaBridge"
02-25 18:11:42.934 32523 32611 E RobotCore:     at android.os.MessageQueue.nativePollOnce(Native Method)
02-25 18:11:42.934 32523 32611 E RobotCore:     at android.os.MessageQueue.next(MessageQueue.java:323)
02-25 18:11:42.934 32523 32611 E RobotCore:     at android.os.Looper.loop(Looper.java:135)
02-25 18:11:42.934 32523 32611 E RobotCore:     at android.os.HandlerThread.run(HandlerThread.java:61)
02-25 18:11:42.934 32523 32611 E RobotCore: thread id=1013 tid=0 name="SoundPoolThread"
02-25 18:11:42.934 32523 32611 E RobotCore: thread id=1015 tid=32595 name="SoundPlayer"
02-25 18:11:42.934 32523 32611 E RobotCore:     at java.lang.Object.wait(Native Method)
02-25 18:11:42.934 32523 32611 E RobotCore:     at java.lang.Thread.parkFor$(Thread.java:1220)
02-25 18:11:42.934 32523 32611 E RobotCore:     at sun.misc.Unsafe.park(Unsafe.java:299)
02-25 18:11:42.934 32523 32611 E RobotCore:     at java.util.concurrent.locks.LockSupport.park(LockSupport.java:158)
02-25 18:11:42.934 32523 32611 E RobotCore:     at java.util.concurrent.locks.AbstractQueuedSynchronizer$ConditionObject.await(AbstractQueuedSynchronizer.java:2013)
02-25 18:11:42.934 32523 32611 E RobotCore:     at java.util.concurrent.LinkedBlockingQueue.take(LinkedBlockingQueue.java:410)
02-25 18:11:42.934 32523 32611 E RobotCore:     at java.util.concurrent.ThreadPoolExecutor.getTask(ThreadPoolExecutor.java:1038)
02-25 18:11:42.934 32523 32611 E RobotCore:     at java.util.concurrent.ThreadPoolExecutor.runWorker(ThreadPoolExecutor.java:1098)
02-25 18:11:42.934 32523 32611 E RobotCore:     at java.util.concurrent.ThreadPoolExecutor$Worker.run(ThreadPoolExecutor.java:588)
02-25 18:11:42.935 32523 32611 E RobotCore:     at com.qualcomm.robotcore.util.ThreadPool$ThreadFactoryImpl$1.run(ThreadPool.java:764)
02-25 18:11:42.935 32523 32611 E RobotCore:     at java.lang.Thread.run(Thread.java:818)
02-25 18:11:42.935 32523 32611 E RobotCore: thread id=1135 tid=0 name="Thread-1135"
02-25 18:11:42.935 32523 32611 E RobotCore: thread id=988 tid=0 name="pool-4-thread-1"
02-25 18:11:42.935 32523 32611 E RobotCore:     at java.lang.Object.wait(Native Method)
02-25 18:11:42.935 32523 32611 E RobotCore:     at java.lang.Thread.parkFor$(Thread.java:1220)
02-25 18:11:42.935 32523 32611 E RobotCore:     at sun.misc.Unsafe.park(Unsafe.java:299)
02-25 18:11:42.935 32523 32611 E RobotCore:     at java.util.concurrent.locks.LockSupport.park(LockSupport.java:158)
02-25 18:11:42.935 32523 32611 E RobotCore:     at java.util.concurrent.locks.AbstractQueuedSynchronizer$ConditionObject.await(AbstractQueuedSynchronizer.java:2013)
02-25 18:11:42.935 32523 32611 E RobotCore:     at java.util.concurrent.LinkedBlockingQueue.take(LinkedBlockingQueue.java:410)
02-25 18:11:42.935 32523 32611 E RobotCore:     at java.util.concurrent.ThreadPoolExecutor.getTask(ThreadPoolExecutor.java:1038)
02-25 18:11:42.935 32523 32611 E RobotCore:     at java.util.concurrent.ThreadPoolExecutor.runWorker(ThreadPoolExecutor.java:1098)
02-25 18:11:42.935 32523 32611 E RobotCore:     at java.util.concurrent.ThreadPoolExecutor$Worker.run(ThreadPoolExecutor.java:588)
02-25 18:11:42.935 32523 32611 E RobotCore:     at java.lang.Thread.run(Thread.java:818)
02-25 18:11:42.935 32523 32611 E RobotCore: thread id=965 tid=0 name="ReferenceQueueDaemon"
02-25 18:11:42.935 32523 32611 E RobotCore:     at java.lang.Object.wait(Native Method)
02-25 18:11:42.935 32523 32611 E RobotCore:     at java.lang.Daemons$ReferenceQueueDaemon.run(Daemons.java:147)
02-25 18:11:42.935 32523 32611 E RobotCore:     at java.lang.Thread.run(Thread.java:818)
02-25 18:11:42.935 32523 32611 E RobotCore: thread id=1023 tid=32611 name="OpModeStuckCodeMonitor-#0"
02-25 18:11:42.935 32523 32611 E RobotCore:     at dalvik.system.VMStack.getThreadStackTrace(Native Method)
02-25 18:11:42.935 32523 32611 E RobotCore:     at java.lang.Thread.getStackTrace(Thread.java:580)
02-25 18:11:42.935 32523 32611 E RobotCore:     at java.lang.Thread.getAllStackTraces(Thread.java:522)
02-25 18:11:42.936 32523 32611 E RobotCore:     at org.firstinspires.ftc.robotcore.internal.opmode.OpModeManagerImpl$OpModeStuckCodeMonitor$Runner.run(OpModeManagerImpl.java:456)
02-25 18:11:42.936 32523 32611 E RobotCore:     at java.util.concurrent.ThreadPoolExecutor.runWorker(ThreadPoolExecutor.java:1113)
02-25 18:11:42.938 32523 32611 E RobotCore:     at java.util.concurrent.ThreadPoolExecutor$Worker.run(ThreadPoolExecutor.java:588)
02-25 18:11:42.939 32523 32611 E RobotCore:     at com.qualcomm.robotcore.util.ThreadPool$ThreadFactoryImpl$1.run(ThreadPool.java:764)
02-25 18:11:42.939 32523 32611 E RobotCore:     at java.lang.Thread.run(Thread.java:818)
02-25 18:11:42.939 32523 32611 E RobotCore: thread id=963 tid=0 name="Signal Catcher"
02-25 18:11:42.939 32523 32611 E RobotCore: thread id=990 tid=0 name="WifiManager"
02-25 18:11:42.939 32523 32611 E RobotCore:     at android.os.MessageQueue.nativePollOnce(Native Method)
02-25 18:11:42.939 32523 32611 E RobotCore:     at android.os.MessageQueue.next(MessageQueue.java:323)
02-25 18:11:42.939 32523 32611 E RobotCore:     at android.os.Looper.loop(Looper.java:135)
02-25 18:11:42.939 32523 32611 E RobotCore:     at android.os.HandlerThread.run(HandlerThread.java:61)
02-25 18:11:42.939 32523 32611 E RobotCore: thread id=1009 tid=32589 name="lynx module executor-#0"
02-25 18:11:42.939 32523 32611 E RobotCore:     at java.lang.Object.wait(Native Method)
02-25 18:11:42.939 32523 32611 E RobotCore:     at java.lang.Thread.parkFor$(Thread.java:1220)
02-25 18:11:42.939 32523 32611 E RobotCore:     at sun.misc.Unsafe.park(Unsafe.java:299)
02-25 18:11:42.939 32523 32611 E RobotCore:     at java.util.concurrent.locks.LockSupport.parkNanos(LockSupport.java:198)
02-25 18:11:42.939 32523 32611 E RobotCore:     at java.util.concurrent.locks.AbstractQueuedSynchronizer$ConditionObject.awaitNanos(AbstractQueuedSynchronizer.java:2053)
02-25 18:11:42.939 32523 32611 E RobotCore:     at java.util.concurrent.ScheduledThreadPoolExecutor$DelayedWorkQueue.take(ScheduledThreadPoolExecutor.java:1090)
02-25 18:11:42.939 32523 32611 E RobotCore:     at java.util.concurrent.ScheduledThreadPoolExecutor$DelayedWorkQueue.take(ScheduledThreadPoolExecutor.java:1071)
02-25 18:11:42.939 32523 32611 E RobotCore:     at java.util.concurrent.ThreadPoolExecutor.getTask(ThreadPoolExecutor.java:1038)
02-25 18:11:42.939 32523 32611 E RobotCore:     at java.util.concurrent.ThreadPoolExecutor.runWorker(ThreadPoolExecutor.java:1098)
02-25 18:11:42.939 32523 32611 E RobotCore:     at java.util.concurrent.ThreadPoolExecutor$Worker.run(ThreadPoolExecutor.java:588)
02-25 18:11:42.939 32523 32611 E RobotCore:     at com.qualcomm.robotcore.util.ThreadPool$ThreadFactoryImpl$1.run(ThreadPool.java:764)
02-25 18:11:42.939 32523 32611 E RobotCore:     at java.lang.Thread.run(Thread.java:818)
02-25 18:11:42.940 32523 32611 E RobotCore: thread id=1076 tid=0 name="pool-42-thread-1"
02-25 18:11:42.940 32523 32611 E RobotCore:     at java.lang.Object.wait(Native Method)
02-25 18:11:42.940 32523 32611 E RobotCore:     at java.lang.Thread.parkFor$(Thread.java:1220)
02-25 18:11:42.940 32523 32611 E RobotCore:     at sun.misc.Unsafe.park(Unsafe.java:299)
02-25 18:11:42.940 32523 32611 E RobotCore:     at java.util.concurrent.locks.LockSupport.parkNanos(LockSupport.java:198)
02-25 18:11:42.940 32523 32611 E RobotCore:     at java.util.concurrent.locks.AbstractQueuedSynchronizer$ConditionObject.awaitNanos(AbstractQueuedSynchronizer.java:2053)
02-25 18:11:42.940 32523 32611 E RobotCore:     at java.util.concurrent.ScheduledThreadPoolExecutor$DelayedWorkQueue.take(ScheduledThreadPoolExecutor.java:1090)
02-25 18:11:42.940 32523 32611 E RobotCore:     at java.util.concurrent.ScheduledThreadPoolExecutor$DelayedWorkQueue.take(ScheduledThreadPoolExecutor.java:1071)
02-25 18:11:42.940 32523 32611 E RobotCore:     at java.util.concurrent.ThreadPoolExecutor.getTask(ThreadPoolExecutor.java:1038)
02-25 18:11:42.940 32523 32611 E RobotCore:     at java.util.concurrent.ThreadPoolExecutor.runWorker(ThreadPoolExecutor.java:1098)
02-25 18:11:42.940 32523 32611 E RobotCore:     at java.util.concurrent.ThreadPoolExecutor$Worker.run(ThreadPoolExecutor.java:588)
02-25 18:11:42.940 32523 32611 E RobotCore:     at java.lang.Thread.run(Thread.java:818)
02-25 18:11:42.940 32523 32611 E RobotCore: thread id=981 tid=0 name="GAC_Executor[0]"
02-25 18:11:42.940 32523 32611 E RobotCore:     at java.lang.Object.wait(Native Method)
02-25 18:11:42.940 32523 32611 E RobotCore:     at java.lang.Thread.parkFor$(Thread.java:1220)
02-25 18:11:42.940 32523 32611 E RobotCore:     at sun.misc.Unsafe.park(Unsafe.java:299)
02-25 18:11:42.940 32523 32611 E RobotCore:     at java.util.concurrent.locks.LockSupport.park(LockSupport.java:158)
02-25 18:11:42.940 32523 32611 E RobotCore:     at java.util.concurrent.locks.AbstractQueuedSynchronizer$ConditionObject.await(AbstractQueuedSynchronizer.java:2013)
02-25 18:11:42.940 32523 32611 E RobotCore:     at java.util.concurrent.LinkedBlockingQueue.take(LinkedBlockingQueue.java:410)
02-25 18:11:42.940 32523 32611 E RobotCore:     at java.util.concurrent.ThreadPoolExecutor.getTask(ThreadPoolExecutor.java:1038)
02-25 18:11:42.940 32523 32611 E RobotCore:     at java.util.concurrent.ThreadPoolExecutor.runWorker(ThreadPoolExecutor.java:1098)
02-25 18:11:42.940 32523 32611 E RobotCore:     at java.util.concurrent.ThreadPoolExecutor$Worker.run(ThreadPoolExecutor.java:588)
02-25 18:11:42.940 32523 32611 E RobotCore:     at com.google.android.gms.internal.zzbic.run(Unknown Source)
02-25 18:11:42.940 32523 32611 E RobotCore:     at java.lang.Thread.run(Thread.java:818)
02-25 18:11:42.940 32523 32611 E RobotCore: thread id=969 tid=0 name="Binder_1"
02-25 18:11:42.940 32523 32611 E RobotCore: thread id=983 tid=0 name="CleanupReference"
02-25 18:11:42.940 32523 32611 E RobotCore:     at java.lang.Object.wait(Native Method)
02-25 18:11:42.940 32523 32611 E RobotCore:     at java.lang.Object.wait(Object.java:423)
02-25 18:11:42.940 32523 32611 E RobotCore:     at java.lang.ref.ReferenceQueue.remove(ReferenceQueue.java:101)
02-25 18:11:42.940 32523 32611 E RobotCore:     at java.lang.ref.ReferenceQueue.remove(ReferenceQueue.java:72)
02-25 18:11:42.940 32523 32611 E RobotCore:     at org.chromium.android_webview.CleanupReference$1.run(CleanupReference.java:3)
02-25 18:11:42.941 32523 32611 E RobotCore: thread id=980 tid=0 name="Thread-980"
02-25 18:11:42.941 32523 32611 E RobotCore: thread id=986 tid=0 name="FileObserver"
02-25 18:11:42.941 32523 32611 E RobotCore:     at android.os.FileObserver$ObserverThread.observe(Native Method)
02-25 18:11:42.941 32523 32611 E RobotCore:     at android.os.FileObserver$ObserverThread.run(FileObserver.java:85)
02-25 18:11:42.941 32523 32611 E RobotCore: thread id=1132 tid=0 name="pool-73-thread-1"
02-25 18:11:42.941 32523 32611 E RobotCore:     at java.lang.Thread.sleep(Native Method)
02-25 18:11:42.941 32523 32611 E RobotCore:     at java.lang.Thread.sleep(Thread.java:1031)
02-25 18:11:42.941 32523 32611 E RobotCore:     at java.lang.Thread.sleep(Thread.java:985)
02-25 18:11:42.941 32523 32611 E RobotCore:     at com.vuforia.ar.pl.ARHttpClient$ARHttpResponseCallable.call(ARHttpClient.java:43)
02-25 18:11:42.941 32523 32611 E RobotCore:     at com.vuforia.ar.pl.ARHttpClient$ARHttpResponseCallable.call(ARHttpClient.java:27)
02-25 18:11:42.941 32523 32611 E RobotCore:     at java.util.concurrent.FutureTask.run(FutureTask.java:237)
02-25 18:11:42.941 32523 32611 E RobotCore:     at java.util.concurrent.ThreadPoolExecutor.runWorker(ThreadPoolExecutor.java:1113)
02-25 18:11:42.941 32523 32611 E RobotCore:     at java.util.concurrent.ThreadPoolExecutor$Worker.run(ThreadPoolExecutor.java:588)
02-25 18:11:42.941 32523 32611 E RobotCore:     at java.lang.Thread.run(Thread.java:818)
02-25 18:11:42.941 32523 32611 E RobotCore: thread id=1134 tid=0 name="Thread-1134"
02-25 18:11:42.941 32523 32611 E RobotCore: thread id=974 tid=32540 name="callback looper"
02-25 18:11:42.941 32523 32611 E RobotCore:     at android.os.MessageQueue.nativePollOnce(Native Method)
02-25 18:11:42.941 32523 32611 E RobotCore:     at android.os.MessageQueue.next(MessageQueue.java:323)
02-25 18:11:42.941 32523 32611 E RobotCore:     at android.os.Looper.loop(Looper.java:135)
02-25 18:11:42.941 32523 32611 E RobotCore:     at org.firstinspires.ftc.robotcore.internal.network.CallbackLooper$1.run(CallbackLooper.java:133)
02-25 18:11:42.941 32523 32611 E RobotCore:     at java.util.concurrent.Executors$RunnableAdapter.call(Executors.java:423)
02-25 18:11:42.941 32523 32611 E RobotCore:     at java.util.concurrent.FutureTask.run(FutureTask.java:237)
02-25 18:11:42.941 32523 32611 E RobotCore:     at java.util.concurrent.ThreadPoolExecutor.runWorker(ThreadPoolExecutor.java:1113)
02-25 18:11:42.941 32523 32611 E RobotCore:     at java.util.concurrent.ThreadPoolExecutor$Worker.run(ThreadPoolExecutor.java:588)
02-25 18:11:42.941 32523 32611 E RobotCore:     at com.qualcomm.robotcore.util.ThreadPool$ThreadFactoryImpl$1.run(ThreadPool.java:764)
02-25 18:11:42.941 32523 32611 E RobotCore:     at java.lang.Thread.run(Thread.java:818)
02-25 18:11:42.941 32523 32611 E RobotCore: thread id=970 tid=0 name="Binder_2"
02-25 18:11:42.953 32523  1038 I AR      : ObjectTracker: Successfully created dataset
02-25 18:11:42.953 32523  1038 V Vuforia : loading data set 'RelicVuMark'...
02-25 18:11:42.956 32523 32590 V Robocol : sending CMD_SHOW_TOAST(27594), attempt: 0
02-25 18:11:42.986 32523 32583 D RobotCore: system telemetry: key=$System$Error$ msg="OpMode 'Auto RED #1 More Glyphs' stuck in stop(). Restarting robot controller app."
02-25 18:11:43.056 32523 32568 V RenderScript: 0xb9586bc8 Launching thread(s), CPUs 4
02-25 18:11:43.099 32523 32595 D MediaPlayer: setSubtitleAnchor in MediaPlayer
02-25 18:11:43.099 32523 32523 D MediaPlayer: setSubtitleAnchor in MediaPlayer
02-25 18:11:43.137 32523 32593 D ExtendedUtils: extended extractor not needed, return default
02-25 18:11:43.137 32523 32593 I MediaCodec: (0xb962fd88) init name(audio/raw) isType(1) encoder(0)
02-25 18:11:43.145 32523  1143 I OMXClient: Using client-side OMX mux.
02-25 18:11:43.159 32523  1038 V Vuforia : ... done loading data set 'RelicVuMark'
02-25 18:11:43.161 32523  1038 E LynxI2cDeviceSynch: placeholder: readTimestamped
02-25 18:11:43.162 32523  1038 I JewelPusher: Color in Init (R,G, B):0, 0, 0
02-25 18:11:43.163 32523  1038 I TechNova: TileRunnerRobot: IMU Heading: | -0.0
02-25 18:11:43.164 32523  1038 I VuMarkVision: VuMark | UNKNOWN visible
02-25 18:11:43.165 32523  1038 I TechNova: TileRunnerRobot: Robot: | Robot starting 2794.7
02-25 18:11:43.166 32523  1038 V RobotCore: thread: ...terminating 'LinearOpMode main'
02-25 18:11:43.168 32523 32603 V ThreadPool: awaitTermination returned, isTerminated=true
02-25 18:11:43.168 32523 32603 V ThreadPool: executive service user linear op mode(0x0175290e) is terminated
02-25 18:11:43.168 32523  1038 V ThreadPool: container(0x0175290e: LinearOpMode) removed id=1131 TID=1038 count=1
02-25 18:11:43.191 32523  1143 E OMXMaster: A component of name 'OMX.qcom.audio.decoder.aac' already exists, ignoring this one.
02-25 18:11:43.205 32523  1143 I MediaCodec: (0xb962fd88) Component Allocated (OMX.google.raw.decoder)
02-25 18:11:43.205 32523 32593 I MediaCodec: (0xb962fd88) configure surface(0x0) crypto(0x0) flags(0)
02-25 18:11:43.205 32523 32593 D MediaCodec: (0xb962fd88) configure format: AMessage(what = 0x00000000) = {
02-25 18:11:43.205 32523 32593 D MediaCodec:    string mime = "audio/raw"
02-25 18:11:43.205 32523 32593 D MediaCodec:    int64_t durationUs = 929183
02-25 18:11:43.205 32523 32593 D MediaCodec:    int32_t channel-count = 2
02-25 18:11:43.205 32523 32593 D MediaCodec:    int32_t sample-rate = 44100
02-25 18:11:43.205 32523 32593 D MediaCodec:    int32_t channel-mask = 0
02-25 18:11:43.205 32523 32593 D MediaCodec:  }
02-25 18:11:43.206 32523 32593 I MediaCodec: (0xb962fd88) start
02-25 18:11:43.208 32523  1143 I MediaCodec: (0xb962fd88) input buffers allocated
02-25 18:11:43.208 32523  1143 I MediaCodec: (0xb962fd88) numBuffers (4)
02-25 18:11:43.208 32523  1143 I MediaCodec: (0xb962fd88) output buffers allocated
02-25 18:11:43.208 32523  1143 I MediaCodec: (0xb962fd88) numBuffers (4)
02-25 18:11:43.212 32523  1143 I MediaCodec: (0xb962fd88) codec output format changed
02-25 18:11:43.212 32523  1143 D MediaCodec: (0xb962fd88) output format: AMessage(what = 'codc', target = 18) = {
02-25 18:11:43.212 32523  1143 D MediaCodec:    string mime = "audio/raw"
02-25 18:11:43.212 32523  1143 D MediaCodec:    int32_t channel-count = 2
02-25 18:11:43.212 32523  1143 D MediaCodec:    int32_t sample-rate = 44100
02-25 18:11:43.212 32523  1143 D MediaCodec:    int32_t channel-mask = 0
02-25 18:11:43.212 32523  1143 D MediaCodec:    int32_t what = 1869968451
02-25 18:11:43.212 32523  1143 D MediaCodec:  }
02-25 18:11:43.222 32523 32593 I MediaCodec: (0xb962fd88) stop
02-25 18:11:43.224 32523 32593 I MediaCodec: (0xb962fd88) release
02-25 18:11:43.230 32523 32595 W AudioTrack: AUDIO_OUTPUT_FLAG_FAST denied by client; transfer 4, track 44100 Hz, output 48000 Hz
02-25 18:11:43.365 32523 32603 I RobotCore: Attempting to switch to op mode $Stop$Robot$
02-25 18:11:43.944 32523 32611 V AppUtil : restarting app
02-25 18:11:43.949 32523 32611 I art     : System.exit called, status: -1
02-25 18:11:43.949 32523 32611 I AndroidRuntime: VM exiting with result code -1, cleanup skipped.
--------- beginning of main
02-25 17:26:52.930 32523   307 I chatty  : uid=10133 expire 3 lines
02-25 17:28:45.805 32523 32603 I chatty  : uid=10133 expire 19 lines
02-25 17:29:00.117 32523 32591 I chatty  : uid=10133 expire 106 lines
02-25 17:29:05.827 32523 32589 I chatty  : uid=10133 expire 254 lines
02-25 17:29:12.526 32523 32591 I chatty  : uid=10133 expire 93 lines
02-25 17:29:23.481 32523 32591 I chatty  : uid=10133 expire 241 lines
02-25 17:29:25.116 32523 32523 I chatty  : uid=10133 expire 19 lines
02-25 17:29:35.700 32523 32589 I chatty  : uid=10133 expire 254 lines
02-25 17:29:51.816 32523 32591 I chatty  : uid=10133 expire 244 lines
02-25 17:30:05.564 32523 32589 I chatty  : uid=10133 expire 138 lines
02-25 17:30:20.524 32523 32591 I chatty  : uid=10133 expire 254 lines
02-25 17:30:21.814 32523 32589 I chatty  : uid=10133 expire 129 lines
02-25 17:30:36.920 32523 32589 I chatty  : uid=10133 expire 242 lines
02-25 17:30:50.269 32523 32591 I chatty  : uid=10133 expire 142 lines
02-25 17:31:05.252 32523 32589 I chatty  : uid=10133 expire 123 lines
02-25 17:31:06.902 32523 32591 I chatty  : uid=10133 expire 109 lines
02-25 17:31:19.624 32523 32766 I chatty  : uid=10133 expire 2 lines
02-25 17:31:19.629 32523 32767 I chatty  : uid=10133 expire 1 line
02-25 17:31:19.627   304   304 I chatty  : uid=10133 com.qualcomm.ftcrobotcontroller expire 1 line
02-25 17:31:19.634 32523   302 I chatty  : uid=10133 expire 1 line
02-25 17:32:55.479 32523 32603 I chatty  : uid=10133 expire 37 lines
02-25 17:34:20.166 32523 32523 I chatty  : uid=10133 expire 24 lines
02-25 17:34:49.214 32523   389 I chatty  : uid=10133 expire 1 line
02-25 17:34:49.219 32523   391 I chatty  : uid=10133 expire 1 line
02-25 17:34:49.220 32523   390 I chatty  : uid=10133 expire 1 line
02-25 17:34:49.235 32523   396 I chatty  : uid=10133 expire 6 lines
02-25 17:34:49.266 32523 32589 I chatty  : uid=10133 expire 49 lines
02-25 17:34:49.300 32523 32591 I chatty  : uid=10133 expire 49 lines
02-25 17:34:58.230 32523 32523 I chatty  : uid=10133 expire 19 lines
02-25 17:35:30.762 32523 32603 I chatty  : uid=10133 expire 72 lines
02-25 17:35:31.399 32523   401 I chatty  : uid=10133 expire 7 lines
02-25 17:35:38.585 32523   402 I chatty  : uid=10133 expire 7 lines
02-25 17:35:56.175 32523 32603 I chatty  : uid=10133 expire 33 lines
02-25 17:37:36.250 32523   407 I chatty  : uid=10133 expire 7 lines
02-25 17:37:44.008 32523 32583 I chatty  : uid=10133 expire 16 lines
02-25 17:37:44.018 32523 32603 I chatty  : uid=10133 expire 37 lines
02-25 17:40:59.964 32523   452 I chatty  : uid=10133 expire 7 lines
02-25 17:41:04.087 32523 32603 I chatty  : uid=10133 expire 19 lines
02-25 17:41:36.557 32523   392 I chatty  : uid=10133 expire 2 lines
02-25 17:41:36.559 32523   393 I chatty  : uid=10133 expire 1 line
02-25 17:41:36.557   396   396 I chatty  : uid=10133 com.qualcomm.ftcrobotcontroller expire 1 line
02-25 17:41:36.563 32523   395 I chatty  : uid=10133 expire 1 line
02-25 17:41:36.753 32523 32523 I chatty  : uid=10133 expire 28 lines
02-25 17:41:59.414 32523 32603 I chatty  : uid=10133 expire 21 lines
02-25 17:43:06.994 32523   461 I chatty  : uid=10133 expire 1 line
02-25 17:43:07.002 32523   463 I chatty  : uid=10133 expire 1 line
02-25 17:43:07.004 32523   462 I chatty  : uid=10133 expire 1 line
02-25 17:43:07.020 32523   467 I chatty  : uid=10133 expire 6 lines
02-25 17:43:07.044 32523 32589 I chatty  : uid=10133 expire 52 lines
02-25 17:43:07.057 32523 32603 I chatty  : uid=10133 expire 18 lines
02-25 17:43:07.074 32523 32591 I chatty  : uid=10133 expire 52 lines
02-25 17:43:16.357 32523 32590 I chatty  : uid=10133 expire 20 lines
02-25 17:43:16.386 32523 32523 I chatty  : uid=10133 expire 13 lines
02-25 17:43:16.407 32523   472 I chatty  : uid=10133 expire 9 lines
02-25 17:43:20.714 32523 32583 I chatty  : uid=10133 expire 10 lines
02-25 17:43:20.715 32523 32582 I chatty  : uid=10133 expire 11 lines
02-25 17:43:25.798 32523 32603 I chatty  : uid=10133 expire 34 lines
02-25 17:43:34.478 32523   477 I chatty  : uid=10133 expire 18 lines
02-25 17:46:20.224 32523   477 I chatty  : uid=10133 expire 10 lines
02-25 17:48:34.376 32523 32603 I chatty  : uid=10133 expire 40 lines
02-25 17:48:34.436 32523 32590 I chatty  : uid=10133 expire 11 lines
02-25 17:49:12.771 32523 32523 I chatty  : uid=10133 expire 10 lines
02-25 17:49:53.339 32523   506 I chatty  : uid=10133 expire 7 lines
02-25 17:50:04.334 32523   464 I chatty  : uid=10133 expire 2 lines
02-25 17:50:05.313 32523   465 I chatty  : uid=10133 expire 1 line
02-25 17:50:05.315 32523   466 I chatty  : uid=10133 expire 1 line
02-25 17:50:05.311   467   467 I chatty  : uid=10133 com.qualcomm.ftcrobotcontroller expire 1 line
02-25 17:50:05.316 32523 32603 I chatty  : uid=10133 expire 14 lines
02-25 17:50:05.558 32523 32523 I chatty  : uid=10133 expire 27 lines
02-25 17:51:03.762 32523 32603 I chatty  : uid=10133 expire 39 lines
02-25 17:51:19.346 32523 32583 I chatty  : uid=10133 expire 24 lines
02-25 17:51:19.348 32523 32582 I chatty  : uid=10133 expire 17 lines
02-25 17:51:20.230 32523   514 I chatty  : uid=10133 expire 1 line
02-25 17:51:20.234 32523   516 I chatty  : uid=10133 expire 1 line
02-25 17:51:20.236 32523   515 I chatty  : uid=10133 expire 1 line
02-25 17:51:20.249 32523   520 I chatty  : uid=10133 expire 2 lines
02-25 17:51:20.269 32523 32589 I chatty  : uid=10133 expire 1 line
02-25 17:51:20.318 32523 32591 I chatty  : uid=10133 expire 1 line
02-25 17:51:27.159 32523 32603 I chatty  : uid=10133 expire 32 lines
02-25 17:51:27.777 32523   521 I chatty  : uid=10133 expire 35 lines
02-25 17:51:39.036 32523 32533 I chatty  : uid=10133 expire 10 lines
02-25 17:52:07.005 32523   521 I chatty  : uid=10133 expire 183 lines
02-25 17:52:19.873 32523 32523 I chatty  : uid=10133 expire 11 lines
02-25 17:52:20.128 32523   521 I chatty  : uid=10133 expire 213 lines
02-25 17:52:34.680 32523 32603 I chatty  : uid=10133 expire 38 lines
02-25 17:52:35.316 32523 32590 I chatty  : uid=10133 expire 32 lines
02-25 17:52:36.924 32523   692 I chatty  : uid=10133 expire 7 lines
02-25 17:53:27.974 32523 32603 I chatty  : uid=10133 expire 18 lines
02-25 17:53:31.401 32523 32595 I chatty  : uid=10133 expire 3 lines
02-25 17:53:38.668 32523 32583 I chatty  : uid=10133 expire 10 lines
02-25 17:53:38.756 32523 32590 I chatty  : uid=10133 expire 18 lines
02-25 17:53:41.136 32523 32603 I chatty  : uid=10133 expire 21 lines
02-25 17:53:41.638 32523   703 I chatty  : uid=10133 expire 10 lines
02-25 17:54:25.358 32523   703 I chatty  : uid=10133 expire 21 lines
02-25 17:56:34.587 32523 32603 I chatty  : uid=10133 expire 38 lines
02-25 17:56:34.590 32523   703 I chatty  : uid=10133 expire 2 lines
02-25 17:57:43.709 32523 32582 I chatty  : uid=10133 expire 11 lines
02-25 17:58:06.806 32523   723 I chatty  : uid=10133 expire 27 lines
02-25 17:58:19.799 32523 32523 I chatty  : uid=10133 expire 8 lines
02-25 17:58:23.220 32523 32583 I chatty  : uid=10133 expire 8 lines
02-25 17:58:23.522 32523   723 I chatty  : uid=10133 expire 258 lines
02-25 17:58:28.282 32523 32533 I chatty  : uid=10133 expire 5 lines
02-25 17:58:28.851 32523 32603 I chatty  : uid=10133 expire 40 lines
02-25 17:58:38.783 32523   723 I chatty  : uid=10133 expire 197 lines
02-25 17:58:54.714 32523   859 I chatty  : uid=10133 expire 7 lines
02-25 17:59:42.358 32523 32603 I chatty  : uid=10133 expire 38 lines
02-25 18:00:08.911 32523   868 I chatty  : uid=10133 expire 27 lines
02-25 18:00:44.206 32523   868 I chatty  : uid=10133 expire 314 lines
02-25 18:01:03.304 32523   868 I chatty  : uid=10133 expire 45 lines
02-25 18:01:05.303 32523 32603 I chatty  : uid=10133 expire 6 lines
02-25 18:01:05.676 32523 32590 I chatty  : uid=10133 expire 1 line
02-25 18:01:05.708 32523 32583 I chatty  : uid=10133 expire 1 line
02-25 18:01:05.710 32523 32582 I chatty  : uid=10133 expire 1 line
02-25 18:01:05.756 32523 32590 I chatty  : uid=10133 expire 1 line
02-25 18:01:06.642 32523 32603 I chatty  : uid=10133 expire 25 lines
02-25 18:01:06.958 32523 32603 W LynxPwmOutputController: LynxSetPWMEnableCommand not implemented by lynx hw; ignoring
02-25 18:01:06.963 32523 32603 W LynxPwmOutputController: LynxSetPWMConfigurationCommand not implemented by lynx hw; ignoring
02-25 18:01:06.967 32523 32603 W LynxPwmOutputController: LynxSetPWMEnableCommand not implemented by lynx hw; ignoring
02-25 18:01:06.972 32523 32603 W LynxPwmOutputController: LynxSetPWMConfigurationCommand not implemented by lynx hw; ignoring
02-25 18:01:06.977 32523 32603 W LynxPwmOutputController: LynxSetPWMEnableCommand not implemented by lynx hw; ignoring
02-25 18:01:06.983 32523 32603 W LynxPwmOutputController: LynxSetPWMConfigurationCommand not implemented by lynx hw; ignoring
02-25 18:01:07.275 32523 32603 V ThreadPool: container(0x05a179a4: LinearOpMode) added id=1128 TID=0 count=1
02-25 18:01:07.280 32523   987 V RobotCore: thread: 'LinearOpMode main' starting...
02-25 18:01:07.316 32523 32590 V Robocol : sending CMD_NOTIFY_INIT_OP_MODE(7589), attempt: 0
02-25 18:01:07.367 32523   987 I TechNova: TileRunnerRobot: Init Drive Motors |  Drive Motors are initialized ...
02-25 18:01:07.503 32523   987 I TechNova: TileRunnerRobot: Color Sensor init failed. | Unable to find a hardware device with the name "glyphColor"
02-25 18:01:07.510 32523   987 I TechNova: TileRunnerRobot: Glyph blocker servo failed | Unable to find a hardware device with the name "glyphBlocker"
02-25 18:01:07.510 32523   987 I TechNova: TileRunnerRobot: Init Servos |  Servos are initialized ...
