02-25 15:31:18.728 10626 11371 I RelicRecoveryAutoTileRunnerBlue2: BLUE | State:           2 [FORWARD_3_FEET] |  Start | 3514.4 |    57 | IMU: -0.9 | (x1,x2): 36.0, 13.0 | Glyph count:    0 | RIGHT | Battery: 12.67
02-25 15:31:18.728 10626 11371 I TechNova: RelicRecoveryAutoTileRunnerBlue2: Drive forward: | 25.00, 0.25
02-25 15:31:18.734 10626 11371 I TechNova: TileRunnerRobot: Encoder: | 50.93 | 1273
02-25 15:31:18.953 10626 11371 I TechNova: TileRunnerRobot: Encoder Remain | 	1247.0	1247.0	0.0
02-25 15:31:18.971 10626 11371 I TechNova: TileRunnerRobot: EncodersC | 	-50	-49	-29	-34
02-25 15:31:18.989 10626 11371 I TechNova: TileRunnerRobot: EncodersT | 	-1272	-1273	-1273	-1272
02-25 15:31:19.109 10626 11371 I TechNova: TileRunnerRobot: Encoder Remain | 	1175.0	1211.0	1247.0
02-25 15:31:19.127 10626 11371 I TechNova: TileRunnerRobot: EncodersC | 	-143	-139	-113	-116
02-25 15:31:19.148 10626 11371 I TechNova: TileRunnerRobot: EncodersT | 	-1272	-1273	-1273	-1272
02-25 15:31:19.246 10626 11371 I TechNova: TileRunnerRobot: Encoder Remain | 	1050.0	1157.3	1211.0
02-25 15:31:19.262 10626 11371 I TechNova: TileRunnerRobot: EncodersC | 	-271	-268	-241	-241
02-25 15:31:19.282 10626 11371 I TechNova: TileRunnerRobot: EncodersT | 	-1272	-1273	-1273	-1272
02-25 15:31:19.387 10626 11371 I TechNova: TileRunnerRobot: Encoder Remain | 	886.0	1037.0	1157.3
02-25 15:31:19.405 10626 11371 I TechNova: TileRunnerRobot: EncodersC | 	-433	-444	-420	-426
02-25 15:31:19.422 10626 11371 I TechNova: TileRunnerRobot: EncodersT | 	-1272	-1273	-1273	-1272
02-25 15:31:19.509 10626 11371 I TechNova: TileRunnerRobot: Encoder Remain | 	687.0	874.3	1037.0
02-25 15:31:19.527 10626 11371 I TechNova: TileRunnerRobot: EncodersC | 	-618	-634	-614	-615
02-25 15:31:19.549 10626 11371 I TechNova: TileRunnerRobot: EncodersT | 	-1272	-1273	-1273	-1272
02-25 15:31:19.643 10626 11371 I TechNova: TileRunnerRobot: Encoder Remain | 	516.0	696.3	874.3
02-25 15:31:19.662 10626 11371 I TechNova: TileRunnerRobot: EncodersC | 	-808	-807	-793	-792
02-25 15:31:19.681 10626 11371 I TechNova: TileRunnerRobot: EncodersT | 	-1272	-1273	-1273	-1272
02-25 15:31:19.775 10626 11371 I TechNova: TileRunnerRobot: Encoder Remain | 	330.0	511.0	696.3
02-25 15:31:19.794 10626 11371 I TechNova: TileRunnerRobot: EncodersC | 	-991	-979	-973	-969
02-25 15:31:19.812 10626 11371 I TechNova: TileRunnerRobot: EncodersT | 	-1272	-1273	-1273	-1272
02-25 15:31:19.921 10626 11371 I TechNova: TileRunnerRobot: Encoder Remain | 	163.0	336.3	511.0
02-25 15:31:19.939 10626 11371 I TechNova: TileRunnerRobot: EncodersC | 	-1174	-1140	-1148	-1129
02-25 15:31:19.953 10626 11371 I TechNova: TileRunnerRobot: EncodersT | 	-1272	-1273	-1273	-1272
02-25 15:31:20.053 10626 11371 I TechNova: TileRunnerRobot: Encoder Remain | 	37.0	176.7	336.3
02-25 15:31:20.070 10626 11371 I TechNova: TileRunnerRobot: EncodersC | 	-1266	-1263	-1259	-1245
02-25 15:31:20.087 10626 11371 I TechNova: TileRunnerRobot: EncodersT | 	-1272	-1273	-1273	-1272
02-25 15:31:20.338 10626 11371 I RelicRecoveryAutoTileRunnerBlue2: BLUE | State:           2 [FORWARD_3_FEET] |    End | 5126.9 |  1669 | IMU: -2.9 | (x1,x2): 37.0, 13.4 | Glyph count:   13 | RIGHT | Battery: 12.69
02-25 15:31:20.454 10626 11371 I RelicRecoveryAutoTileRunnerBlue2: BLUE | State:        3 [TURN_TO_90_DEGREE] |  Start | 5247.7 |    22 | IMU: -2.9 | (x1,x2): 37.0, 13.4 | Glyph count:   13 | RIGHT | Battery: 12.70
02-25 15:31:20.474 10626 11371 I TechNova: RelicRecoveryAutoTileRunnerBlue2: ** TurnToAngle 1:  | -2.9 88.9 0.25
02-25 15:31:20.515 10626 11371 I TechNova: RelicRecoveryAutoTileRunnerBlue2: ** TurnToAngle 1:  | -2.9 88.9 0.25
02-25 15:31:20.538 10626 11371 I TechNova: RelicRecoveryAutoTileRunnerBlue2: ** TurnToAngle 1:  | -2.9 88.9 0.25
02-25 15:31:20.563 10626 11371 I TechNova: RelicRecoveryAutoTileRunnerBlue2: ** TurnToAngle 1:  | -2.9 88.9 0.25
02-25 15:31:20.585 10626 11371 I TechNova: RelicRecoveryAutoTileRunnerBlue2: ** TurnToAngle 1:  | -2.6 88.6 0.25
02-25 15:31:20.610 10626 11371 I TechNova: RelicRecoveryAutoTileRunnerBlue2: ** TurnToAngle 1:  | -2.0 88.0 0.25
02-25 15:31:20.625 10626 11371 I TechNova: RelicRecoveryAutoTileRunnerBlue2: ** TurnToAngle 1:  | -1.6 87.6 0.25
02-25 15:31:20.648 10626 11371 I TechNova: RelicRecoveryAutoTileRunnerBlue2: ** TurnToAngle 1:  | -1.0 87.0 0.25
02-25 15:31:20.670 10626 11371 I TechNova: RelicRecoveryAutoTileRunnerBlue2: ** TurnToAngle 1:  | -0.2 86.2 0.25
02-25 15:31:20.685 10626 11371 I TechNova: RelicRecoveryAutoTileRunnerBlue2: ** TurnToAngle 1:  | 1.2 84.8 0.25
02-25 15:31:20.708 10626 11371 I TechNova: RelicRecoveryAutoTileRunnerBlue2: ** TurnToAngle 1:  | 1.8 84.2 0.25
02-25 15:31:20.735 10626 11371 I TechNova: RelicRecoveryAutoTileRunnerBlue2: ** TurnToAngle 1:  | 3.3 82.7 0.25
02-25 15:31:20.768 10626 11371 I TechNova: RelicRecoveryAutoTileRunnerBlue2: ** TurnToAngle 1:  | 4.9 81.1 0.25
02-25 15:31:20.789 10626 11371 I TechNova: RelicRecoveryAutoTileRunnerBlue2: ** TurnToAngle 1:  | 6.3 79.7 0.25
02-25 15:31:20.808 10626 11371 I TechNova: RelicRecoveryAutoTileRunnerBlue2: ** TurnToAngle 1:  | 7.8 78.2 0.25
02-25 15:31:20.834 10626 11371 I TechNova: RelicRecoveryAutoTileRunnerBlue2: ** TurnToAngle 1:  | 9.9 76.1 0.25
02-25 15:31:20.857 10626 11371 I TechNova: RelicRecoveryAutoTileRunnerBlue2: ** TurnToAngle 1:  | 11.2 74.8 0.25
02-25 15:31:20.878 10626 11371 I TechNova: RelicRecoveryAutoTileRunnerBlue2: ** TurnToAngle 1:  | 12.7 73.3 0.25
02-25 15:31:20.900 10626 11371 I TechNova: RelicRecoveryAutoTileRunnerBlue2: ** TurnToAngle 1:  | 14.3 71.7 0.25
02-25 15:31:20.931 10626 11371 I TechNova: RelicRecoveryAutoTileRunnerBlue2: ** TurnToAngle 1:  | 16.4 69.6 0.25
02-25 15:31:20.954 10626 11371 I TechNova: RelicRecoveryAutoTileRunnerBlue2: ** TurnToAngle 1:  | 18.1 67.9 0.25
02-25 15:31:20.983 10626 11371 I TechNova: RelicRecoveryAutoTileRunnerBlue2: ** TurnToAngle 1:  | 20.8 65.2 0.25
02-25 15:31:21.052 10626 11371 I TechNova: RelicRecoveryAutoTileRunnerBlue2: ** TurnToAngle 1:  | 27.1 58.9 0.20
02-25 15:31:21.096 10626 11371 I TechNova: RelicRecoveryAutoTileRunnerBlue2: ** TurnToAngle 1:  | 31.6 54.4 0.20
02-25 15:31:21.122 10626 11371 I TechNova: RelicRecoveryAutoTileRunnerBlue2: ** TurnToAngle 1:  | 33.7 52.3 0.20
02-25 15:31:21.153 10626 11371 I TechNova: RelicRecoveryAutoTileRunnerBlue2: ** TurnToAngle 1:  | 36.4 49.6 0.20
02-25 15:31:21.166 10626 11371 I TechNova: RelicRecoveryAutoTileRunnerBlue2: ** TurnToAngle 1:  | 38.4 47.6 0.20
02-25 15:31:21.186 10626 11371 I TechNova: RelicRecoveryAutoTileRunnerBlue2: ** TurnToAngle 1:  | 40.5 45.5 0.20
02-25 15:31:21.215 10626 11371 I TechNova: RelicRecoveryAutoTileRunnerBlue2: ** TurnToAngle 1:  | 42.2 43.8 0.12
02-25 15:31:21.247 10626 11371 I TechNova: RelicRecoveryAutoTileRunnerBlue2: ** TurnToAngle 1:  | 45.8 40.2 0.12
02-25 15:31:21.281 10626 11371 I TechNova: RelicRecoveryAutoTileRunnerBlue2: ** TurnToAngle 1:  | 48.4 37.6 0.12
02-25 15:31:21.302 10626 11371 I TechNova: RelicRecoveryAutoTileRunnerBlue2: ** TurnToAngle 1:  | 50.1 35.9 0.12
02-25 15:31:21.329 10626 11371 I TechNova: RelicRecoveryAutoTileRunnerBlue2: ** TurnToAngle 1:  | 51.9 34.1 0.12
02-25 15:31:21.358 10626 11371 I TechNova: RelicRecoveryAutoTileRunnerBlue2: ** TurnToAngle 1:  | 54.1 31.9 0.12
02-25 15:31:21.381 10626 11371 I TechNova: RelicRecoveryAutoTileRunnerBlue2: ** TurnToAngle 1:  | 55.7 30.3 0.12
02-25 15:31:21.402 10626 11371 I TechNova: RelicRecoveryAutoTileRunnerBlue2: ** TurnToAngle 1:  | 56.8 29.2 0.12
02-25 15:31:21.425 10626 11371 I TechNova: RelicRecoveryAutoTileRunnerBlue2: ** TurnToAngle 1:  | 57.8 28.2 0.12
02-25 15:31:21.449 10626 11371 I TechNova: RelicRecoveryAutoTileRunnerBlue2: ** TurnToAngle 1:  | 59.2 26.8 0.12
02-25 15:31:21.472 10626 11371 I TechNova: RelicRecoveryAutoTileRunnerBlue2: ** TurnToAngle 1:  | 60.1 25.9 0.12
02-25 15:31:21.487 10626 11371 I TechNova: RelicRecoveryAutoTileRunnerBlue2: ** TurnToAngle 1:  | 61.4 24.6 0.12
02-25 15:31:21.509 10626 11371 I TechNova: RelicRecoveryAutoTileRunnerBlue2: ** TurnToAngle 1:  | 61.9 24.1 0.12
02-25 15:31:21.527 10626 11371 I TechNova: RelicRecoveryAutoTileRunnerBlue2: ** TurnToAngle 1:  | 63.0 23.0 0.12
02-25 15:31:21.547 10626 11371 I TechNova: RelicRecoveryAutoTileRunnerBlue2: ** TurnToAngle 1:  | 64.1 21.9 0.12
02-25 15:31:21.570 10626 11371 I TechNova: RelicRecoveryAutoTileRunnerBlue2: ** TurnToAngle 1:  | 65.2 20.8 0.12
02-25 15:31:21.595 10626 11371 I TechNova: RelicRecoveryAutoTileRunnerBlue2: ** TurnToAngle 1:  | 66.2 19.8 0.08
02-25 15:31:21.656 10626 11371 I TechNova: RelicRecoveryAutoTileRunnerBlue2: ** TurnToAngle 1:  | 69.9 16.1 0.08
02-25 15:31:21.672 10626 11371 I TechNova: RelicRecoveryAutoTileRunnerBlue2: ** TurnToAngle 1:  | 71.0 15.0 0.08
02-25 15:31:21.695 10626 11371 I TechNova: RelicRecoveryAutoTileRunnerBlue2: ** TurnToAngle 1:  | 71.6 14.4 0.08
02-25 15:31:21.715 10626 11371 I TechNova: RelicRecoveryAutoTileRunnerBlue2: ** TurnToAngle 1:  | 72.6 13.4 0.08
02-25 15:31:21.735 10626 11371 I TechNova: RelicRecoveryAutoTileRunnerBlue2: ** TurnToAngle 1:  | 73.7 12.3 0.08
02-25 15:31:21.753 10626 11371 I TechNova: RelicRecoveryAutoTileRunnerBlue2: ** TurnToAngle 1:  | 74.4 11.6 0.08
02-25 15:31:21.789 10626 11371 I TechNova: RelicRecoveryAutoTileRunnerBlue2: ** TurnToAngle 1:  | 75.5 10.5 0.08
02-25 15:31:21.812 10626 11371 I TechNova: RelicRecoveryAutoTileRunnerBlue2: ** TurnToAngle 1:  | 76.2 9.8 0.08
02-25 15:31:21.836 10626 11371 I TechNova: RelicRecoveryAutoTileRunnerBlue2: ** TurnToAngle 1:  | 77.0 9.0 0.08
02-25 15:31:21.856 10626 11371 I TechNova: RelicRecoveryAutoTileRunnerBlue2: ** TurnToAngle 1:  | 77.7 8.3 0.08
02-25 15:31:21.869 10626 11371 I TechNova: RelicRecoveryAutoTileRunnerBlue2: ** TurnToAngle 1:  | 78.8 7.2 0.08
02-25 15:31:21.893 10626 11371 I TechNova: RelicRecoveryAutoTileRunnerBlue2: ** TurnToAngle 1:  | 79.1 6.9 0.08
02-25 15:31:21.911 10626 11371 I TechNova: RelicRecoveryAutoTileRunnerBlue2: ** TurnToAngle 1:  | 79.9 6.1 0.08
02-25 15:31:21.932 10626 11371 I TechNova: RelicRecoveryAutoTileRunnerBlue2: ** TurnToAngle 1:  | 80.6 5.4 0.08
02-25 15:31:21.953 10626 11371 I TechNova: RelicRecoveryAutoTileRunnerBlue2: ** TurnToAngle 1:  | 81.4 4.6 0.08
02-25 15:31:21.975 10626 11371 I TechNova: RelicRecoveryAutoTileRunnerBlue2: ** TurnToAngle 1:  | 82.2 3.8 0.08
02-25 15:31:21.996 10626 11371 I TechNova: RelicRecoveryAutoTileRunnerBlue2: ** TurnToAngle 1:  | 83.1 2.9 0.08
02-25 15:31:22.018 10626 11371 I TechNova: RelicRecoveryAutoTileRunnerBlue2: ** TurnToAngle 1:  | 83.8 2.2 0.08
02-25 15:31:22.055 10626 11371 I TechNova: RelicRecoveryAutoTileRunnerBlue2:  -- Angle Reached -- : | 84.9
02-25 15:31:22.497 10626 10636 I art     : Background sticky concurrent mark sweep GC freed 289187(11MB) AllocSpace objects, 15(724KB) LOS objects, 23% free, 40MB/52MB, paused 2.240ms total 165.667ms
02-25 15:31:22.656 10626 11371 I RelicRecoveryAutoTileRunnerBlue2: BLUE | State:        3 [TURN_TO_90_DEGREE] |    End | 7449.1 |  2223 | IMU: 86.4 | (x1,x2): 106.0, 14.2 | Glyph count:   13 | RIGHT | Battery: 12.68
02-25 15:31:22.829 10626 11371 I RelicRecoveryAutoTileRunnerBlue2: BLUE | State:          4 [BACKWARD_1_FEET] |  Start | 7613.9 |    71 | IMU: 83.4 | (x1,x2): 106.0, 19.7 | Glyph count:   13 | RIGHT | Battery: 12.68
02-25 15:31:22.845 10626 11371 I TechNova: RelicRecoveryAutoTileRunnerBlue2: TurnToAngle 2:  | 82.4 7.6 0.08
02-25 15:31:22.892 10626 11371 I TechNova: RelicRecoveryAutoTileRunnerBlue2: TurnToAngle 2:  | 82.1 7.9 0.08
02-25 15:31:22.913 10626 11371 I TechNova: RelicRecoveryAutoTileRunnerBlue2: TurnToAngle 2:  | 82.1 7.9 0.08
02-25 15:31:22.931 10626 11371 I TechNova: RelicRecoveryAutoTileRunnerBlue2: TurnToAngle 2:  | 82.2 7.8 0.08
02-25 15:31:22.959 10626 11371 I TechNova: RelicRecoveryAutoTileRunnerBlue2: TurnToAngle 2:  | 82.1 7.9 0.08
02-25 15:31:22.982 10626 11371 I TechNova: RelicRecoveryAutoTileRunnerBlue2: TurnToAngle 2:  | 82.4 7.6 0.08
02-25 15:31:23.005 10626 11371 I TechNova: RelicRecoveryAutoTileRunnerBlue2: TurnToAngle 2:  | 82.4 7.6 0.08
02-25 15:31:23.027 10626 11371 I TechNova: RelicRecoveryAutoTileRunnerBlue2: TurnToAngle 2:  | 82.4 7.6 0.08
02-25 15:31:23.047 10626 11371 I TechNova: RelicRecoveryAutoTileRunnerBlue2: TurnToAngle 2:  | 82.5 7.5 0.08
02-25 15:31:23.064 10626 11371 I TechNova: RelicRecoveryAutoTileRunnerBlue2: TurnToAngle 2:  | 82.5 7.5 0.08
02-25 15:31:23.085 10626 11371 I TechNova: RelicRecoveryAutoTileRunnerBlue2: TurnToAngle 2:  | 82.6 7.4 0.08
02-25 15:31:23.106 10626 11371 I TechNova: RelicRecoveryAutoTileRunnerBlue2: TurnToAngle 2:  | 82.7 7.3 0.08
02-25 15:31:23.135 10626 11371 I TechNova: RelicRecoveryAutoTileRunnerBlue2: TurnToAngle 2:  | 82.8 7.2 0.08
02-25 15:31:23.164 10626 11371 I TechNova: RelicRecoveryAutoTileRunnerBlue2: TurnToAngle 2:  | 83.1 6.9 0.08
02-25 15:31:23.187 10626 11371 I TechNova: RelicRecoveryAutoTileRunnerBlue2: TurnToAngle 2:  | 83.4 6.6 0.08
02-25 15:31:23.212 10626 11371 I TechNova: RelicRecoveryAutoTileRunnerBlue2: TurnToAngle 2:  | 83.8 6.2 0.08
02-25 15:31:23.244 10626 11371 I TechNova: RelicRecoveryAutoTileRunnerBlue2: TurnToAngle 2:  | 84.2 5.8 0.08
02-25 15:31:23.262 10626 11371 I TechNova: RelicRecoveryAutoTileRunnerBlue2: TurnToAngle 2:  | 84.6 5.4 0.08
02-25 15:31:23.278 10626 11371 I TechNova: RelicRecoveryAutoTileRunnerBlue2: TurnToAngle 2:  | 85.1 4.9 0.08
02-25 15:31:23.303 10626 11371 I TechNova: RelicRecoveryAutoTileRunnerBlue2: TurnToAngle 2:  | 85.2 4.8 0.08
02-25 15:31:23.324 10626 11371 I TechNova: RelicRecoveryAutoTileRunnerBlue2: TurnToAngle 2:  | 85.8 4.2 0.08
02-25 15:31:23.348 10626 11371 I TechNova: RelicRecoveryAutoTileRunnerBlue2: TurnToAngle 2:  | 86.1 3.9 0.08
02-25 15:31:23.416 10626 11371 I TechNova: RelicRecoveryAutoTileRunnerBlue2: TurnToAngle 2:  | 87.6 2.4 0.08
02-25 15:31:23.436 10626 11371 I TechNova: RelicRecoveryAutoTileRunnerBlue2: TurnToAngle 2:  | 88.1 1.9 0.08
02-25 15:31:23.473 10626 11371 I TechNova: RelicRecoveryAutoTileRunnerBlue2:  -- Angle Reached -- : | 88.6
02-25 15:31:23.474 10626 11371 I TechNova: RelicRecoveryAutoTileRunnerBlue2: Drive backward: | 18.50, 0.25, 3.00
02-25 15:31:23.474 10626 11371 I TechNova: TileRunnerRobot: Encoder: | 50.93 | 942
02-25 15:31:23.699 10626 11371 I TechNova: TileRunnerRobot: Encoder Remain | 	920.0	373.3	176.7
02-25 15:31:23.715 10626 11371 I TechNova: TileRunnerRobot: EncodersC | 	37	45	24	25
02-25 15:31:23.735 10626 11371 I TechNova: TileRunnerRobot: EncodersT | 	941	942	942	941
02-25 15:31:23.829 10626 11371 I TechNova: TileRunnerRobot: Encoder Remain | 	851.0	602.7	373.3
02-25 15:31:23.851 10626 11371 I TechNova: TileRunnerRobot: EncodersC | 	110	125	101	104
02-25 15:31:23.865 10626 11371 I TechNova: TileRunnerRobot: EncodersT | 	941	942	942	941
02-25 15:31:23.955 10626 11371 I TechNova: TileRunnerRobot: Encoder Remain | 	749.0	840.0	602.7
02-25 15:31:23.973 10626 11371 I TechNova: TileRunnerRobot: EncodersC | 	219	234	204	208
02-25 15:31:23.989 10626 11371 I TechNova: TileRunnerRobot: EncodersT | 	941	942	942	941
02-25 15:31:24.087 10626 11371 I TechNova: TileRunnerRobot: Encoder Remain | 	625.0	741.7	840.0
02-25 15:31:24.107 10626 11371 I TechNova: TileRunnerRobot: EncodersC | 	355	367	338	342
02-25 15:31:24.132 10626 11371 I TechNova: TileRunnerRobot: EncodersT | 	941	942	942	941
02-25 15:31:24.227 10626 11371 I TechNova: TileRunnerRobot: Encoder Remain | 	470.0	614.7	741.7
02-25 15:31:24.246 10626 11371 I TechNova: TileRunnerRobot: EncodersC | 	517	528	495	506
02-25 15:31:24.262 10626 11371 I TechNova: TileRunnerRobot: EncodersT | 	941	942	942	941
02-25 15:31:24.368 10626 11371 I TechNova: TileRunnerRobot: Encoder Remain | 	298.0	464.3	614.7
02-25 15:31:24.386 10626 11371 I TechNova: TileRunnerRobot: EncodersC | 	697	715	680	685
02-25 15:31:24.412 10626 11371 I TechNova: TileRunnerRobot: EncodersT | 	941	942	942	941
02-25 15:31:24.506 10626 11371 I TechNova: TileRunnerRobot: Encoder Remain | 	107.0	291.7	464.3
02-25 15:31:24.521 10626 11371 I TechNova: TileRunnerRobot: EncodersC | 	888	897	859	865
02-25 15:31:24.537 10626 11371 I TechNova: TileRunnerRobot: EncodersT | 	941	942	942	941
02-25 15:31:24.639 10626 11371 I TechNova: TileRunnerRobot: Encoder Remain | 	15.0	140.0	291.7
02-25 15:31:24.662 10626 11371 I TechNova: TileRunnerRobot: EncodersC | 	966	978	946	969
02-25 15:31:24.680 10626 11371 I TechNova: TileRunnerRobot: EncodersT | 	941	942	942	941
02-25 15:31:24.955 10626 11371 I RelicRecoveryAutoTileRunnerBlue2: BLUE | State:          4 [BACKWARD_1_FEET] |    End | 9740.5 |  2198 | IMU: 90.1 | (x1,x2): 54.0, 13.4 | Glyph count:   13 | RIGHT | Battery: 12.65
02-25 15:31:25.074 10626 11371 I RelicRecoveryAutoTileRunnerBlue2: BLUE | State:       5 [TURN_TO_180_DEGREE] |  Start | 9861.7 |    20 | IMU: 90.2 | (x1,x2): 48.0, 19.7 | Glyph count:   13 | RIGHT | Battery: 12.66
02-25 15:31:25.095 10626 11371 I TechNova: RelicRecoveryAutoTileRunnerBlue2: ** TurnToAngle 1:  | 90.2 88.8 0.25
02-25 15:31:25.136 10626 11371 I TechNova: RelicRecoveryAutoTileRunnerBlue2: ** TurnToAngle 1:  | 89.7 89.3 0.25
02-25 15:31:25.160 10626 11371 I TechNova: RelicRecoveryAutoTileRunnerBlue2: ** TurnToAngle 1:  | 89.5 89.5 0.25
02-25 15:31:25.181 10626 11371 I TechNova: RelicRecoveryAutoTileRunnerBlue2: ** TurnToAngle 1:  | 89.6 89.4 0.25
02-25 15:31:25.205 10626 11371 I TechNova: RelicRecoveryAutoTileRunnerBlue2: ** TurnToAngle 1:  | 90.0 89.0 0.25
02-25 15:31:25.228 10626 11371 I TechNova: RelicRecoveryAutoTileRunnerBlue2: ** TurnToAngle 1:  | 90.4 88.6 0.25
02-25 15:31:25.253 10626 11371 I TechNova: RelicRecoveryAutoTileRunnerBlue2: ** TurnToAngle 1:  | 91.1 87.9 0.25
02-25 15:31:25.277 10626 11371 I TechNova: RelicRecoveryAutoTileRunnerBlue2: ** TurnToAngle 1:  | 92.4 86.6 0.25
02-25 15:31:25.297 10626 11371 I TechNova: RelicRecoveryAutoTileRunnerBlue2: ** TurnToAngle 1:  | 93.4 85.6 0.25
02-25 15:31:25.316 10626 11371 I TechNova: RelicRecoveryAutoTileRunnerBlue2: ** TurnToAngle 1:  | 94.4 84.6 0.25
02-25 15:31:25.341 10626 11371 I TechNova: RelicRecoveryAutoTileRunnerBlue2: ** TurnToAngle 1:  | 95.5 83.5 0.25
02-25 15:31:25.366 10626 11371 I TechNova: RelicRecoveryAutoTileRunnerBlue2: ** TurnToAngle 1:  | 97.4 81.6 0.25
02-25 15:31:25.399 10626 11371 I TechNova: RelicRecoveryAutoTileRunnerBlue2: ** TurnToAngle 1:  | 99.5 79.5 0.25
02-25 15:31:25.422 10626 11371 I TechNova: RelicRecoveryAutoTileRunnerBlue2: ** TurnToAngle 1:  | 101.6 77.4 0.25
02-25 15:31:25.451 10626 11371 I TechNova: RelicRecoveryAutoTileRunnerBlue2: ** TurnToAngle 1:  | 103.0 76.0 0.25
02-25 15:31:25.477 10626 11371 I TechNova: RelicRecoveryAutoTileRunnerBlue2: ** TurnToAngle 1:  | 105.3 73.7 0.25
02-25 15:31:25.503 10626 11371 I TechNova: RelicRecoveryAutoTileRunnerBlue2: ** TurnToAngle 1:  | 106.9 72.1 0.25
02-25 15:31:25.529 10626 11371 I TechNova: RelicRecoveryAutoTileRunnerBlue2: ** TurnToAngle 1:  | 109.2 69.8 0.25
02-25 15:31:25.549 10626 11371 I TechNova: RelicRecoveryAutoTileRunnerBlue2: ** TurnToAngle 1:  | 110.8 68.2 0.25
02-25 15:31:25.572 10626 11371 I TechNova: RelicRecoveryAutoTileRunnerBlue2: ** TurnToAngle 1:  | 112.6 66.4 0.25
02-25 15:31:25.600 10626 11371 I TechNova: RelicRecoveryAutoTileRunnerBlue2: ** TurnToAngle 1:  | 115.2 63.8 0.25
02-25 15:31:25.666 10626 11371 I TechNova: RelicRecoveryAutoTileRunnerBlue2: ** TurnToAngle 1:  | 121.4 57.6 0.20
02-25 15:31:25.711 10626 11371 I TechNova: RelicRecoveryAutoTileRunnerBlue2: ** TurnToAngle 1:  | 124.9 54.1 0.20
02-25 15:31:25.734 10626 11371 I TechNova: RelicRecoveryAutoTileRunnerBlue2: ** TurnToAngle 1:  | 126.9 52.1 0.20
02-25 15:31:25.759 10626 11371 I TechNova: RelicRecoveryAutoTileRunnerBlue2: ** TurnToAngle 1:  | 129.8 49.2 0.20
02-25 15:31:25.780 10626 11371 I TechNova: RelicRecoveryAutoTileRunnerBlue2: ** TurnToAngle 1:  | 131.6 47.4 0.20
02-25 15:31:25.798 10626 11371 I TechNova: RelicRecoveryAutoTileRunnerBlue2: ** TurnToAngle 1:  | 133.4 45.6 0.20
02-25 15:31:25.816 10626 11371 I TechNova: RelicRecoveryAutoTileRunnerBlue2: ** TurnToAngle 1:  | 135.1 43.9 0.12
02-25 15:31:25.858 10626 11371 I TechNova: RelicRecoveryAutoTileRunnerBlue2: ** TurnToAngle 1:  | 138.2 40.8 0.12
02-25 15:31:25.880 10626 11371 I TechNova: RelicRecoveryAutoTileRunnerBlue2: ** TurnToAngle 1:  | 140.8 38.2 0.12
02-25 15:31:25.900 10626 11371 I TechNova: RelicRecoveryAutoTileRunnerBlue2: ** TurnToAngle 1:  | 142.2 36.8 0.12
02-25 15:31:25.919 10626 11371 I TechNova: RelicRecoveryAutoTileRunnerBlue2: ** TurnToAngle 1:  | 143.0 36.0 0.12
02-25 15:31:25.938 10626 11371 I TechNova: RelicRecoveryAutoTileRunnerBlue2: ** TurnToAngle 1:  | 144.4 34.6 0.12
02-25 15:31:25.962 10626 11371 I TechNova: RelicRecoveryAutoTileRunnerBlue2: ** TurnToAngle 1:  | 145.8 33.2 0.12
02-25 15:31:25.978 10626 11371 I TechNova: RelicRecoveryAutoTileRunnerBlue2: ** TurnToAngle 1:  | 147.4 31.6 0.12
02-25 15:31:26.004 10626 11371 I TechNova: RelicRecoveryAutoTileRunnerBlue2: ** TurnToAngle 1:  | 147.9 31.1 0.12
02-25 15:31:26.025 10626 11371 I TechNova: RelicRecoveryAutoTileRunnerBlue2: ** TurnToAngle 1:  | 149.3 29.7 0.12
02-25 15:31:26.052 10626 11371 I TechNova: RelicRecoveryAutoTileRunnerBlue2: ** TurnToAngle 1:  | 150.2 28.8 0.12
02-25 15:31:26.068 10626 11371 I TechNova: RelicRecoveryAutoTileRunnerBlue2: ** TurnToAngle 1:  | 151.3 27.7 0.12
02-25 15:31:26.095 10626 11371 I TechNova: RelicRecoveryAutoTileRunnerBlue2: ** TurnToAngle 1:  | 152.3 26.7 0.12
02-25 15:31:26.121 10626 11371 I TechNova: RelicRecoveryAutoTileRunnerBlue2: ** TurnToAngle 1:  | 153.7 25.3 0.12
02-25 15:31:26.147 10626 11371 I TechNova: RelicRecoveryAutoTileRunnerBlue2: ** TurnToAngle 1:  | 154.7 24.3 0.12
02-25 15:31:26.169 10626 11371 I TechNova: RelicRecoveryAutoTileRunnerBlue2: ** TurnToAngle 1:  | 156.2 22.8 0.12
02-25 15:31:26.196 10626 11371 I TechNova: RelicRecoveryAutoTileRunnerBlue2: ** TurnToAngle 1:  | 157.9 21.1 0.12
02-25 15:31:26.219 10626 11371 I TechNova: RelicRecoveryAutoTileRunnerBlue2: ** TurnToAngle 1:  | 159.0 20.0 0.08
02-25 15:31:26.283 10626 11371 I TechNova: RelicRecoveryAutoTileRunnerBlue2: ** TurnToAngle 1:  | 162.1 16.9 0.08
02-25 15:31:26.310 10626 11371 I TechNova: RelicRecoveryAutoTileRunnerBlue2: ** TurnToAngle 1:  | 163.7 15.3 0.08
02-25 15:31:26.334 10626 11371 I TechNova: RelicRecoveryAutoTileRunnerBlue2: ** TurnToAngle 1:  | 164.8 14.2 0.08
02-25 15:31:26.355 10626 11371 I TechNova: RelicRecoveryAutoTileRunnerBlue2: ** TurnToAngle 1:  | 166.2 12.8 0.08
02-25 15:31:26.374 10626 11371 I TechNova: RelicRecoveryAutoTileRunnerBlue2: ** TurnToAngle 1:  | 167.1 11.9 0.08
02-25 15:31:26.405 10626 11371 I TechNova: RelicRecoveryAutoTileRunnerBlue2: ** TurnToAngle 1:  | 167.8 11.2 0.08
02-25 15:31:26.434 10626 11371 I TechNova: RelicRecoveryAutoTileRunnerBlue2: ** TurnToAngle 1:  | 169.0 10.0 0.08
02-25 15:31:26.453 10626 11371 I TechNova: RelicRecoveryAutoTileRunnerBlue2: ** TurnToAngle 1:  | 169.8 9.2 0.08
02-25 15:31:26.473 10626 11371 I TechNova: RelicRecoveryAutoTileRunnerBlue2: ** TurnToAngle 1:  | 170.4 8.6 0.08
02-25 15:31:26.493 10626 11371 I TechNova: RelicRecoveryAutoTileRunnerBlue2: ** TurnToAngle 1:  | 171.2 7.8 0.08
02-25 15:31:26.517 10626 11371 I TechNova: RelicRecoveryAutoTileRunnerBlue2: ** TurnToAngle 1:  | 172.0 7.0 0.08
02-25 15:31:26.536 10626 11371 I TechNova: RelicRecoveryAutoTileRunnerBlue2: ** TurnToAngle 1:  | 173.1 5.9 0.08
02-25 15:31:26.553 10626 11371 I TechNova: RelicRecoveryAutoTileRunnerBlue2: ** TurnToAngle 1:  | 173.9 5.1 0.08
02-25 15:31:26.575 10626 11371 I TechNova: RelicRecoveryAutoTileRunnerBlue2: ** TurnToAngle 1:  | 174.2 4.8 0.08
02-25 15:31:26.598 10626 11371 I TechNova: RelicRecoveryAutoTileRunnerBlue2: ** TurnToAngle 1:  | 175.4 3.6 0.08
02-25 15:31:26.610 10626 11371 I TechNova: RelicRecoveryAutoTileRunnerBlue2: ** TurnToAngle 1:  | 176.1 2.9 0.08
02-25 15:31:26.634 10626 11371 I TechNova: RelicRecoveryAutoTileRunnerBlue2: ** TurnToAngle 1:  | 176.2 2.8 0.08
02-25 15:31:26.651 10626 11371 I TechNova: RelicRecoveryAutoTileRunnerBlue2: ** TurnToAngle 1:  | 177.3 1.7 0.08
02-25 15:31:26.691 10626 11371 I TechNova: RelicRecoveryAutoTileRunnerBlue2:  -- Angle Reached -- : | 177.8
02-25 15:31:26.800 10626 11371 I RelicRecoveryAutoTileRunnerBlue2: BLUE | State:       5 [TURN_TO_180_DEGREE] |    End | 11578.5 |  1737 | IMU: 179.2 | (x1,x2): 214.0, 20.1 | Glyph count:   13 | RIGHT | Battery: 12.64
02-25 15:31:26.914 10626 11371 I RelicRecoveryAutoTileRunnerBlue2: BLUE | State:        6 [BACKWARD_7_INCHES] |  Start | 11705.0 |    18 | IMU: -179.2 | (x1,x2): 214.0, 19.7 | Glyph count:   13 | RIGHT | Battery: 12.63
02-25 15:31:26.915 10626 11371 I TechNova: RelicRecoveryAutoTileRunnerBlue2: Drive backward: | 5.70, 0.25, 3.00
02-25 15:31:26.916 10626 11371 I TechNova: TileRunnerRobot: Encoder: | 50.93 | 290
02-25 15:31:27.159 10626 11371 I TechNova: TileRunnerRobot: Encoder Remain | 	270.0	130.7	140.0
02-25 15:31:27.177 10626 11371 I TechNova: TileRunnerRobot: EncodersC | 	27	37	24	26
02-25 15:31:27.198 10626 11371 I TechNova: TileRunnerRobot: EncodersT | 	289	290	290	289
02-25 15:31:27.300 10626 11371 I TechNova: TileRunnerRobot: Encoder Remain | 	193.0	159.3	130.7
02-25 15:31:27.316 10626 11371 I TechNova: TileRunnerRobot: EncodersC | 	114	129	110	112
02-25 15:31:27.337 10626 11371 I TechNova: TileRunnerRobot: EncodersT | 	289	290	290	289
02-25 15:31:27.437 10626 11371 I TechNova: TileRunnerRobot: Encoder Remain | 	80.0	181.0	159.3
02-25 15:31:27.462 10626 11371 I TechNova: TileRunnerRobot: EncodersC | 	234	250	231	239
02-25 15:31:27.477 10626 11371 I TechNova: TileRunnerRobot: EncodersT | 	289	290	290	289
02-25 15:31:27.575 10626 11371 I TechNova: TileRunnerRobot: Encoder Remain | 	14.0	95.7	181.0
02-25 15:31:27.594 10626 11371 I TechNova: TileRunnerRobot: EncodersC | 	314	315	298	314
02-25 15:31:27.612 10626 11371 I TechNova: TileRunnerRobot: EncodersT | 	289	290	290	289
02-25 15:31:27.857 10626 11371 I RelicRecoveryAutoTileRunnerBlue2: BLUE | State:        6 [BACKWARD_7_INCHES] |    End | 12647.5 |   961 | IMU: 178.8 | (x1,x2): 118.0, 20.1 | Glyph count:   13 | RIGHT | Battery: 12.64
02-25 15:31:27.962 10626 11371 I RelicRecoveryAutoTileRunnerBlue2: BLUE | State:  7 [PLACE_GLYPH_INTO_CRYPTO] |  Start | 12764.5 |    20 | IMU: 178.8 | (x1,x2): 118.0, 20.1 | Glyph count:   13 | RIGHT | Battery: 12.63
02-25 15:31:27.963 10626 11371 I TechNova: RelicRecoveryAutoTileRunnerBlue2:  --- Get the distance sensor in place --- 
02-25 15:31:28.815 10626 11371 I TechNova: RelicRecoveryAutoTileRunnerBlue2: Col Range Sensor: 2.76 (in)
02-25 15:31:28.816 10626 11371 I TechNova: RelicRecoveryAutoTileRunnerBlue2: Distance from the column (in): 2.8
02-25 15:31:28.816 10626 11371 I TechNova: RelicRecoveryAutoTileRunnerBlue2: Delta from the column (in): -0.4
02-25 15:31:28.824 10626 11371 I TechNova: RelicRecoveryAutoTileRunnerBlue2:  --- Flip Glyph Tray --- 
02-25 15:31:29.137 10626 11371 I TechNova: RelicRecoveryAutoTileRunnerBlue2:  --- More backward to let glyph fall on the floor --- 
02-25 15:31:29.138 10626 11371 I TechNova: RelicRecoveryAutoTileRunnerBlue2: Drive forward: | 2.50, 0.25
02-25 15:31:29.138 10626 11371 I TechNova: TileRunnerRobot: Encoder: | 50.93 | 127
02-25 15:31:29.404 10626 11371 I TechNova: TileRunnerRobot: Encoder Remain | 	104.0	66.0	95.7
02-25 15:31:29.419 10626 11371 I TechNova: TileRunnerRobot: EncodersC | 	-30	-29	-41	-24
02-25 15:31:29.441 10626 11371 I TechNova: TileRunnerRobot: EncodersT | 	-126	-127	-127	-126
02-25 15:31:29.533 10626 11371 I TechNova: TileRunnerRobot: Encoder Remain | 	52.0	56.7	66.0
02-25 15:31:29.549 10626 11371 I TechNova: TileRunnerRobot: EncodersC | 	-87	-88	-93	-84
02-25 15:31:29.567 10626 11371 I TechNova: TileRunnerRobot: EncodersT | 	-126	-127	-127	-126
02-25 15:31:29.657 10626 11371 I TechNova: TileRunnerRobot: Encoder Remain | 	3.0	53.0	56.7
02-25 15:31:29.674 10626 11371 I TechNova: TileRunnerRobot: EncodersC | 	-136	-133	-139	-125
02-25 15:31:29.691 10626 11371 I TechNova: TileRunnerRobot: EncodersT | 	-126	-127	-127	-126
02-25 15:31:30.042 10626 11371 I TechNova: RelicRecoveryAutoTileRunnerBlue2: Drive forward: | 4.50, 0.25
02-25 15:31:30.042 10626 11371 I TechNova: TileRunnerRobot: Encoder: | 50.93 | 229
02-25 15:31:30.222 10626 11371 I TechNova: TileRunnerRobot: Encoder Remain | 	206.0	87.0	53.0
02-25 15:31:30.240 10626 11371 I TechNova: TileRunnerRobot: EncodersC | 	-25	-23	-39	-33
02-25 15:31:30.254 10626 11371 I TechNova: TileRunnerRobot: EncodersT | 	-228	-229	-229	-228
02-25 15:31:30.359 10626 11371 I TechNova: TileRunnerRobot: Encoder Remain | 	131.0	113.3	87.0
02-25 15:31:30.377 10626 11371 I TechNova: TileRunnerRobot: EncodersC | 	-104	-104	-125	-121
02-25 15:31:30.397 10626 11371 I TechNova: TileRunnerRobot: EncodersT | 	-228	-229	-229	-228
02-25 15:31:30.490 10626 11371 I TechNova: TileRunnerRobot: Encoder Remain | 	22.0	119.7	113.3
02-25 15:31:30.509 10626 11371 I TechNova: TileRunnerRobot: EncodersC | 	-214	-218	-230	-224
02-25 15:31:30.527 10626 11371 I TechNova: TileRunnerRobot: EncodersT | 	-228	-229	-229	-228
02-25 15:31:30.698 10626 11371 I TechNova: RelicRecoveryAutoTileRunnerBlue2:  --- Drive forward to push --- 
02-25 15:31:30.699 10626 11371 I TechNova: RelicRecoveryAutoTileRunnerBlue2: Drive backward: | 6.70, 0.25, 2.00
02-25 15:31:30.700 10626 11371 I TechNova: TileRunnerRobot: Encoder: | 50.93 | 341
02-25 15:31:30.914 10626 11371 I TechNova: TileRunnerRobot: Encoder Remain | 	319.0	157.3	119.7
02-25 15:31:30.928 10626 11371 I TechNova: TileRunnerRobot: EncodersC | 	28	43	20	28
02-25 15:31:30.944 10626 11371 I TechNova: TileRunnerRobot: EncodersT | 	340	341	341	340
02-25 15:31:31.029 10626 11371 I TechNova: TileRunnerRobot: Encoder Remain | 	259.0	200.0	157.3
02-25 15:31:31.053 10626 11371 I TechNova: TileRunnerRobot: EncodersC | 	96	114	91	102
02-25 15:31:31.071 10626 11371 I TechNova: TileRunnerRobot: EncodersT | 	340	341	341	340
02-25 15:31:31.163 10626 11371 I TechNova: TileRunnerRobot: Encoder Remain | 	147.0	241.7	200.0
02-25 15:31:31.190 10626 11371 I TechNova: TileRunnerRobot: EncodersC | 	217	244	215	222
02-25 15:31:31.211 10626 11371 I TechNova: TileRunnerRobot: EncodersT | 	340	341	341	340
02-25 15:31:31.296 10626 11371 I TechNova: TileRunnerRobot: Encoder Remain | 	20.0	142.0	241.7
02-25 15:31:31.317 10626 11371 I TechNova: TileRunnerRobot: EncodersC | 	341	343	329	332
02-25 15:31:31.335 10626 11371 I TechNova: TileRunnerRobot: EncodersT | 	340	341	341	340
02-25 15:31:31.537 10626 11371 I TechNova: RelicRecoveryAutoTileRunnerBlue2:  Place Glyph into column (ms): 802 | RIGHT | 13.39 cm
02-25 15:31:31.537 10626 11371 I TechNova: RelicRecoveryAutoTileRunnerBlue2:  --- Drive backward to finish --- 
02-25 15:31:31.538 10626 11371 I TechNova: RelicRecoveryAutoTileRunnerBlue2: Drive forward: | 5.00, 0.50
02-25 15:31:31.539 10626 11371 I TechNova: TileRunnerRobot: Encoder: | 50.93 | 254
02-25 15:31:31.733 10626 11371 I TechNova: TileRunnerRobot: Encoder Remain | 	203.0	123.3	142.0
02-25 15:31:31.751 10626 11371 I TechNova: TileRunnerRobot: EncodersC | 	-60	-43	-118	-57
02-25 15:31:31.770 10626 11371 I TechNova: TileRunnerRobot: EncodersT | 	-253	-254	-254	-253
02-25 15:31:31.874 10626 11371 I TechNova: TileRunnerRobot: Encoder Remain | 	96.0	106.3	123.3
02-25 15:31:31.894 10626 11371 I TechNova: TileRunnerRobot: EncodersC | 	-183	-173	-222	-178
02-25 15:31:31.909 10626 11371 I TechNova: TileRunnerRobot: EncodersT | 	-253	-254	-254	-253
02-25 15:31:31.996 10626 11371 I TechNova: TileRunnerRobot: Encoder Remain | 	12.0	103.7	106.3
02-25 15:31:32.018 10626 11371 I TechNova: TileRunnerRobot: EncodersC | 	-259	-236	-265	-250
02-25 15:31:32.033 10626 11371 I TechNova: TileRunnerRobot: EncodersT | 	-253	-254	-254	-253
02-25 15:31:32.177 10626 11371 I TechNova: RelicRecoveryAutoTileRunnerBlue2:  --- Turn to 90 degree --- 
02-25 15:31:32.195 10626 11371 I TechNova: RelicRecoveryAutoTileRunnerBlue2: ** TurnToAngle 1:  | 172.4 98.6 0.25
02-25 15:31:32.235 10626 11371 I TechNova: RelicRecoveryAutoTileRunnerBlue2: ** TurnToAngle 1:  | 172.4 98.6 0.25
02-25 15:31:32.261 10626 11371 I TechNova: RelicRecoveryAutoTileRunnerBlue2: ** TurnToAngle 1:  | 172.5 98.5 0.25
02-25 15:31:32.286 10626 11371 I TechNova: RelicRecoveryAutoTileRunnerBlue2: ** TurnToAngle 1:  | 172.6 98.4 0.25
02-25 15:31:32.307 10626 11371 I TechNova: RelicRecoveryAutoTileRunnerBlue2: ** TurnToAngle 1:  | 172.9 98.1 0.25
02-25 15:31:32.330 10626 11371 I TechNova: RelicRecoveryAutoTileRunnerBlue2: ** TurnToAngle 1:  | 173.2 97.8 0.25
02-25 15:31:32.351 10626 11371 I TechNova: RelicRecoveryAutoTileRunnerBlue2: ** TurnToAngle 1:  | 174.3 96.7 0.25
02-25 15:31:32.374 10626 11371 I TechNova: RelicRecoveryAutoTileRunnerBlue2: ** TurnToAngle 1:  | 175.2 95.8 0.25
02-25 15:31:32.401 10626 11371 I TechNova: RelicRecoveryAutoTileRunnerBlue2: ** TurnToAngle 1:  | 176.1 94.9 0.25
02-25 15:31:32.418 10626 11371 I TechNova: RelicRecoveryAutoTileRunnerBlue2: ** TurnToAngle 1:  | 177.6 93.4 0.25
02-25 15:31:32.432 10626 11371 I TechNova: RelicRecoveryAutoTileRunnerBlue2: ** TurnToAngle 1:  | 178.1 92.9 0.25
02-25 15:31:32.460 10626 11371 I TechNova: RelicRecoveryAutoTileRunnerBlue2: ** TurnToAngle 1:  | 179.2 91.8 0.25
02-25 15:31:32.481 10626 11371 I TechNova: RelicRecoveryAutoTileRunnerBlue2: ** TurnToAngle 1:  | -179.4 90.4 0.25
02-25 15:31:32.497 10626 11371 I TechNova: RelicRecoveryAutoTileRunnerBlue2: ** TurnToAngle 1:  | -177.4 88.4 0.25
02-25 15:31:32.521 10626 11371 I TechNova: RelicRecoveryAutoTileRunnerBlue2: ** TurnToAngle 1:  | -176.8 87.8 0.25
02-25 15:31:32.538 10626 11371 I TechNova: RelicRecoveryAutoTileRunnerBlue2: ** TurnToAngle 1:  | -174.8 85.8 0.25
02-25 15:31:32.564 10626 11371 I TechNova: RelicRecoveryAutoTileRunnerBlue2: ** TurnToAngle 1:  | -173.2 84.2 0.25
02-25 15:31:32.591 10626 11371 I TechNova: RelicRecoveryAutoTileRunnerBlue2: ** TurnToAngle 1:  | -171.7 82.7 0.25
02-25 15:31:32.615 10626 11371 I TechNova: RelicRecoveryAutoTileRunnerBlue2: ** TurnToAngle 1:  | -169.4 80.4 0.25
02-25 15:31:32.637 10626 11371 I TechNova: RelicRecoveryAutoTileRunnerBlue2: ** TurnToAngle 1:  | -167.8 78.8 0.25
02-25 15:31:32.661 10626 11371 I TechNova: RelicRecoveryAutoTileRunnerBlue2: ** TurnToAngle 1:  | -165.2 76.2 0.25
02-25 15:31:32.688 10626 11371 I TechNova: RelicRecoveryAutoTileRunnerBlue2: ** TurnToAngle 1:  | -163.6 74.6 0.25
02-25 15:31:32.722 10626 11371 I TechNova: RelicRecoveryAutoTileRunnerBlue2: ** TurnToAngle 1:  | -161.0 72.0 0.25
02-25 15:31:32.785 10626 11371 I TechNova: RelicRecoveryAutoTileRunnerBlue2: ** TurnToAngle 1:  | -154.9 65.9 0.25
02-25 15:31:32.813 10626 11371 I TechNova: RelicRecoveryAutoTileRunnerBlue2: ** TurnToAngle 1:  | -152.9 63.9 0.25
02-25 15:31:32.844 10626 11371 I TechNova: RelicRecoveryAutoTileRunnerBlue2: ** TurnToAngle 1:  | -150.3 61.3 0.25
02-25 15:31:32.869 10626 11371 I TechNova: RelicRecoveryAutoTileRunnerBlue2: ** TurnToAngle 1:  | -147.4 58.4 0.20
02-25 15:31:32.912 10626 11371 I TechNova: RelicRecoveryAutoTileRunnerBlue2: ** TurnToAngle 1:  | -143.6 54.6 0.20
02-25 15:31:32.934 10626 11371 I TechNova: RelicRecoveryAutoTileRunnerBlue2: ** TurnToAngle 1:  | -140.8 51.8 0.20
02-25 15:31:32.956 10626 11371 I TechNova: RelicRecoveryAutoTileRunnerBlue2: ** TurnToAngle 1:  | -138.8 49.8 0.20
02-25 15:31:32.974 10626 11371 I TechNova: RelicRecoveryAutoTileRunnerBlue2: ** TurnToAngle 1:  | -136.9 47.9 0.20
02-25 15:31:33.002 10626 11371 I TechNova: RelicRecoveryAutoTileRunnerBlue2: ** TurnToAngle 1:  | -135.2 46.2 0.20
02-25 15:31:33.021 10626 11371 I TechNova: RelicRecoveryAutoTileRunnerBlue2: ** TurnToAngle 1:  | -133.4 44.4 0.12
02-25 15:31:33.062 10626 11371 I TechNova: RelicRecoveryAutoTileRunnerBlue2: ** TurnToAngle 1:  | -130.2 41.2 0.12
02-25 15:31:33.078 10626 11371 I TechNova: RelicRecoveryAutoTileRunnerBlue2: ** TurnToAngle 1:  | -127.7 38.7 0.12
02-25 15:31:33.101 10626 11371 I TechNova: RelicRecoveryAutoTileRunnerBlue2: ** TurnToAngle 1:  | -126.9 37.9 0.12
02-25 15:31:33.116 10626 11371 I TechNova: RelicRecoveryAutoTileRunnerBlue2: ** TurnToAngle 1:  | -125.4 36.4 0.12
02-25 15:31:33.142 10626 11371 I TechNova: RelicRecoveryAutoTileRunnerBlue2: ** TurnToAngle 1:  | -124.1 35.1 0.12
02-25 15:31:33.171 10626 11371 I TechNova: RelicRecoveryAutoTileRunnerBlue2: ** TurnToAngle 1:  | -122.2 33.2 0.12
02-25 15:31:33.197 10626 11371 I TechNova: RelicRecoveryAutoTileRunnerBlue2: ** TurnToAngle 1:  | -120.6 31.6 0.12
02-25 15:31:33.225 10626 11371 I TechNova: RelicRecoveryAutoTileRunnerBlue2: ** TurnToAngle 1:  | -119.8 30.8 0.12
02-25 15:31:33.239 10626 11371 I TechNova: RelicRecoveryAutoTileRunnerBlue2: ** TurnToAngle 1:  | -118.4 29.4 0.12
02-25 15:31:33.258 10626 11371 I TechNova: RelicRecoveryAutoTileRunnerBlue2: ** TurnToAngle 1:  | -117.9 28.9 0.12
02-25 15:31:33.285 10626 11371 I TechNova: RelicRecoveryAutoTileRunnerBlue2: ** TurnToAngle 1:  | -116.9 27.9 0.12
02-25 15:31:33.308 10626 11371 I TechNova: RelicRecoveryAutoTileRunnerBlue2: ** TurnToAngle 1:  | -115.4 26.4 0.12
02-25 15:31:33.336 10626 11371 I TechNova: RelicRecoveryAutoTileRunnerBlue2: ** TurnToAngle 1:  | -114.4 25.4 0.12
02-25 15:31:33.355 10626 11371 I TechNova: RelicRecoveryAutoTileRunnerBlue2: ** TurnToAngle 1:  | -112.9 23.9 0.12
02-25 15:31:33.378 10626 11371 I TechNova: RelicRecoveryAutoTileRunnerBlue2: ** TurnToAngle 1:  | -111.8 22.8 0.12
02-25 15:31:33.398 10626 11371 I TechNova: RelicRecoveryAutoTileRunnerBlue2: ** TurnToAngle 1:  | -110.8 21.8 0.12
02-25 15:31:33.422 10626 11371 I TechNova: RelicRecoveryAutoTileRunnerBlue2: ** TurnToAngle 1:  | -109.8 20.8 0.12
02-25 15:31:33.439 10626 11371 I TechNova: RelicRecoveryAutoTileRunnerBlue2: ** TurnToAngle 1:  | -108.9 19.9 0.08
02-25 15:31:33.489 10626 11371 I TechNova: RelicRecoveryAutoTileRunnerBlue2: ** TurnToAngle 1:  | -106.2 17.2 0.08
02-25 15:31:33.513 10626 11371 I TechNova: RelicRecoveryAutoTileRunnerBlue2: ** TurnToAngle 1:  | -105.2 16.2 0.08
02-25 15:31:33.538 10626 11371 I TechNova: RelicRecoveryAutoTileRunnerBlue2: ** TurnToAngle 1:  | -104.2 15.2 0.08
02-25 15:31:33.568 10626 11371 I TechNova: RelicRecoveryAutoTileRunnerBlue2: ** TurnToAngle 1:  | -102.9 13.9 0.08
02-25 15:31:33.590 10626 11371 I TechNova: RelicRecoveryAutoTileRunnerBlue2: ** TurnToAngle 1:  | -101.6 12.6 0.08
02-25 15:31:33.608 10626 11371 I TechNova: RelicRecoveryAutoTileRunnerBlue2: ** TurnToAngle 1:  | -100.8 11.8 0.08
02-25 15:31:33.635 10626 11371 I TechNova: RelicRecoveryAutoTileRunnerBlue2: ** TurnToAngle 1:  | -100.0 11.0 0.08
02-25 15:31:33.661 10626 11371 I TechNova: RelicRecoveryAutoTileRunnerBlue2: ** TurnToAngle 1:  | -98.9 9.9 0.08
02-25 15:31:33.679 10626 11371 I TechNova: RelicRecoveryAutoTileRunnerBlue2: ** TurnToAngle 1:  | -98.3 9.3 0.08
02-25 15:31:33.710 10626 11371 I TechNova: RelicRecoveryAutoTileRunnerBlue2: ** TurnToAngle 1:  | -97.3 8.3 0.08
02-25 15:31:33.736 10626 11371 I TechNova: RelicRecoveryAutoTileRunnerBlue2: ** TurnToAngle 1:  | -96.3 7.3 0.08
02-25 15:31:33.751 10626 11371 I TechNova: RelicRecoveryAutoTileRunnerBlue2: ** TurnToAngle 1:  | -95.6 6.6 0.08
02-25 15:31:33.773 10626 11371 I TechNova: RelicRecoveryAutoTileRunnerBlue2: ** TurnToAngle 1:  | -95.3 6.3 0.08
02-25 15:31:33.798 10626 11371 I TechNova: RelicRecoveryAutoTileRunnerBlue2: ** TurnToAngle 1:  | -94.6 5.6 0.08
02-25 15:31:33.829 10626 11371 I TechNova: RelicRecoveryAutoTileRunnerBlue2: ** TurnToAngle 1:  | -93.6 4.6 0.08
02-25 15:31:33.859 10626 11371 I TechNova: RelicRecoveryAutoTileRunnerBlue2: ** TurnToAngle 1:  | -92.6 3.6 0.08
02-25 15:31:33.884 10626 11371 I TechNova: RelicRecoveryAutoTileRunnerBlue2: ** TurnToAngle 1:  | -91.6 2.6 0.08
02-25 15:31:33.899 10626 11371 I TechNova: RelicRecoveryAutoTileRunnerBlue2: ** TurnToAngle 1:  | -90.9 1.9 0.08
02-25 15:31:33.943 10626 11371 I TechNova: RelicRecoveryAutoTileRunnerBlue2:  -- Angle Reached -- : | -90.2
02-25 15:31:34.039 10626 11371 I RelicRecoveryAutoTileRunnerBlue2: BLUE | State:  7 [PLACE_GLYPH_INTO_CRYPTO] |    End | 18830.2 |  6086 | IMU: -90.1 | (x1,x2): 24.0, 13.0 | Glyph count:   13 | RIGHT | Battery: 12.61
02-25 15:31:34.171 10626 11371 I RelicRecoveryAutoTileRunnerBlue2: BLUE | State:         8 [RESET_GLYPH_TRAY] |  Start | 18938.3 |    13 | IMU: -88.4 | (x1,x2): 23.0, 13.0 | Glyph count:   13 | RIGHT | Battery: 12.61
02-25 15:31:34.343 10626 11371 I RelicRecoveryAutoTileRunnerBlue2: BLUE | State:         8 [RESET_GLYPH_TRAY] |    End | 19131.2 |   205 | IMU: -88.5 | (x1,x2): 23.0, 12.6 | Glyph count:   13 | RIGHT | Battery: 12.44
02-25 15:31:34.380 10626 11371 V RobotCore: thread: ...terminating 'LinearOpMode main'
02-25 15:31:34.385 10626 10813 I FtcEventLoop: auto-stopping OpMode 'Auto BLUE #2'
02-25 15:31:34.385 10626 10813 V ThreadPool: waiting for service user linear op mode
02-25 15:31:34.386 10626 10813 V ThreadPool: awaitTermination returned, isTerminated=true
02-25 15:31:34.386 10626 11371 V ThreadPool: container(0x0433199b: LinearOpMode) removed id=728 TID=11371 count=1
02-25 15:31:34.386 10626 10813 V ThreadPool: executive service user linear op mode(0x0433199b) is terminated
02-25 15:31:34.868 10626 10813 V ThreadPool: executive service user linear op mode(0x0433199b) is terminated
02-25 15:31:34.868 10626 10813 I RobotCore: Attempting to switch to op mode $Stop$Robot$
02-25 15:31:34.976 10626 10796 V Robocol : sending CMD_NOTIFY_INIT_OP_MODE(41735), attempt: 0
02-25 15:31:35.029 10626 10791 V Robocol : received command: CMD_RUN_OP_MODE(49157) $Stop$Robot$
02-25 15:31:35.031 10626 10790 I BatteryChecker: percent remaining: 77 is charging: false
02-25 15:31:35.057 10626 10796 V Robocol : sending CMD_NOTIFY_RUN_OP_MODE(41741), attempt: 0
02-25 15:31:35.898 10626 10813 I RobotCore: Attempting to switch to op mode Tile Runner (New) TeleOps
02-25 15:31:35.935 10626 10813 V AMSColorSensorImpl: internalInitialize()...
02-25 15:31:35.964 10626 10813 V AMSColorSensorImpl: state: 07 f6 ff ff 00 00 00 00 00 00 00 00 00 00 08 61 
02-25 15:31:35.964 10626 10813 V AMSColorSensorImpl: state| 00 01 60 33 1e 00 0a 00 0a 
02-25 15:31:35.976 10626 10813 V AMSColorSensorImpl: disable() enabled=0x07...
02-25 15:31:36.004 10626 10813 V AMSColorSensorImpl: ...disable() enabled=0x00
02-25 15:31:36.004 10626 10813 V AMSColorSensorImpl: setIntegrationTime(0xf6)
02-25 15:31:36.016 10626 10813 V AMSColorSensorImpl: setGain(GAIN_4)
02-25 15:31:36.038 10626 10813 V AMSColorSensorImpl: setPDrive(Percent12_5)
02-25 15:31:36.059 10626 10813 V AMSColorSensorImpl: setProximityPulseCount(0x08)
02-25 15:31:36.081 10626 10813 V AMSColorSensorImpl: enable() enabled=0x00...
02-25 15:31:36.121 10626 10813 V AMSColorSensorImpl: ...enable() enabled=0x07
02-25 15:31:36.141 10626 10813 V AMSColorSensorImpl: state: 07 f6 ff ff 00 00 00 00 00 00 00 00 00 00 08 61 
02-25 15:31:36.141 10626 10813 V AMSColorSensorImpl: state| 00 01 60 33 1e 00 0a 00 0a 
02-25 15:31:36.141 10626 10813 V AMSColorSensorImpl: ...internalInitialize()
02-25 15:31:36.300 10626 10813 W LynxPwmOutputController: LynxSetPWMEnableCommand not implemented by lynx hw; ignoring
02-25 15:31:36.306 10626 10813 W LynxPwmOutputController: LynxSetPWMConfigurationCommand not implemented by lynx hw; ignoring
02-25 15:31:36.312 10626 10813 W LynxPwmOutputController: LynxSetPWMEnableCommand not implemented by lynx hw; ignoring
02-25 15:31:36.318 10626 10813 W LynxPwmOutputController: LynxSetPWMConfigurationCommand not implemented by lynx hw; ignoring
02-25 15:31:36.324 10626 10813 W LynxPwmOutputController: LynxSetPWMEnableCommand not implemented by lynx hw; ignoring
02-25 15:31:36.330 10626 10813 W LynxPwmOutputController: LynxSetPWMConfigurationCommand not implemented by lynx hw; ignoring
02-25 15:31:36.336 10626 10813 W LynxPwmOutputController: LynxSetPWMEnableCommand not implemented by lynx hw; ignoring
02-25 15:31:36.342 10626 10813 W LynxPwmOutputController: LynxSetPWMConfigurationCommand not implemented by lynx hw; ignoring
02-25 15:31:36.347 10626 10813 W LynxPwmOutputController: LynxSetPWMEnableCommand not implemented by lynx hw; ignoring
02-25 15:31:36.352 10626 10813 W LynxPwmOutputController: LynxSetPWMConfigurationCommand not implemented by lynx hw; ignoring
02-25 15:31:36.356 10626 10813 W LynxPwmOutputController: LynxSetPWMEnableCommand not implemented by lynx hw; ignoring
02-25 15:31:36.361 10626 10813 W LynxPwmOutputController: LynxSetPWMConfigurationCommand not implemented by lynx hw; ignoring
02-25 15:31:36.365 10626 10813 W LynxPwmOutputController: LynxSetPWMEnableCommand not implemented by lynx hw; ignoring
02-25 15:31:36.369 10626 10813 W LynxPwmOutputController: LynxSetPWMConfigurationCommand not implemented by lynx hw; ignoring
02-25 15:31:36.374 10626 10813 W LynxPwmOutputController: LynxSetPWMEnableCommand not implemented by lynx hw; ignoring
02-25 15:31:36.379 10626 10813 W LynxPwmOutputController: LynxSetPWMConfigurationCommand not implemented by lynx hw; ignoring
02-25 15:31:36.589 10626 10813 V ThreadPool: container(0x00947503: LinearOpMode) added id=744 TID=0 count=1
02-25 15:31:36.591 10626 11503 V RobotCore: thread: 'LinearOpMode main' starting...
02-25 15:31:36.616 10626 10796 V Robocol : sending CMD_NOTIFY_INIT_OP_MODE(41764), attempt: 0
02-25 15:31:36.669 10626 11503 I TechNova: TileRunnerRobot: Init Drive Motors |  Drive Motors are initialized ...
02-25 15:31:36.713 10626 10626 I BatteryChecker: percent remaining: 77 is charging: false
02-25 15:31:36.741 10626 10626 I BatteryChecker: percent remaining: 77 is charging: false
02-25 15:31:36.796 10626 11503 I TechNova: TileRunnerRobot: Color Sensor init failed. | Unable to find a hardware device with the name "glyphColor"
02-25 15:31:36.803 10626 11503 I TechNova: TileRunnerRobot: Glyph blocker servo failed | Unable to find a hardware device with the name "glyphBlocker"
02-25 15:31:36.803 10626 11503 I TechNova: TileRunnerRobot: Init Servos |  Servos are initialized ...
02-25 15:31:40.868 10626 10791 V Robocol : received command: CMD_INIT_OP_MODE(49219) $Stop$Robot$
02-25 15:31:40.869 10626 10790 I BatteryChecker: percent remaining: 77 is charging: false
02-25 15:31:40.876 10626 10813 V ThreadPool: waiting for service user linear op mode
02-25 15:31:40.877 10626 11503 V RobotCore: thread: ...terminating 'LinearOpMode main'
02-25 15:31:40.877 10626 10813 V ThreadPool: awaitTermination returned, isTerminated=true
02-25 15:31:40.877 10626 11503 V ThreadPool: container(0x00947503: LinearOpMode) removed id=744 TID=11503 count=1
02-25 15:31:40.877 10626 10813 V ThreadPool: executive service user linear op mode(0x00947503) is terminated
02-25 15:31:40.877 10626 10813 I RobotCore: Attempting to switch to op mode $Stop$Robot$
02-25 15:31:40.936 10626 10796 V Robocol : sending CMD_NOTIFY_INIT_OP_MODE(41815), attempt: 0
02-25 15:31:41.030 10626 10791 V Robocol : received command: CMD_RUN_OP_MODE(49226) $Stop$Robot$
02-25 15:31:41.033 10626 10790 I BatteryChecker: percent remaining: 77 is charging: false
02-25 15:31:41.056 10626 10796 V Robocol : sending CMD_NOTIFY_RUN_OP_MODE(41821), attempt: 0
02-25 15:31:45.014 10626 10636 I art     : Background partial concurrent mark sweep GC freed 370678(13MB) AllocSpace objects, 8(15MB) LOS objects, 40% free, 23MB/39MB, paused 1.494ms total 111.597ms
02-25 15:31:53.716 11718 11718 I art     : Late-enabling -Xcheck:jni
02-25 15:31:53.808 11718 11718 V AppUtil : initializing: getExternalStorageDirectory()=/storage/emulated/0
02-25 15:31:53.815 11718 11732 V RobotCore: saving logcat to /storage/emulated/0/robotControllerLog.txt
02-25 15:31:53.815 11718 11732 V RobotCore: logging command line: logcat -f /storage/emulated/0/robotControllerLog.txt -r4096 -n4 -v threadtime UsbRequestJNI:S UsbRequest:S *:V
02-25 15:31:53.817 11718 11718 V ServiceStarter: attempting to start service MediaTransferProtocolMonitorService
02-25 15:31:53.826 11718 11718 V ServiceStarter: started service MediaTransferProtocolMonitorService
02-25 15:31:53.827 11718 11718 V ServiceStarter: attempting to start service OnBotJavaService
02-25 15:31:53.829 11718 11718 V ServiceStarter: started service OnBotJavaService
02-25 15:31:53.839 11718 11718 V AppUtil : rootActivity=FtcRobotControllerActivity
02-25 15:31:53.839 11718 11718 V RCActivity: onCreate()
02-25 15:31:53.859 11718 11718 V ThreadPool: container(0x0060f186: CallbackLooper) added id=692 TID=0 count=1
02-25 15:31:53.861 11718 11738 V CallbackLooper: thread=692
02-25 15:31:53.865 11718 11718 V NetDiscover_wifiDirectAgent: doStart()...
02-25 15:31:53.880 11734 11734 W ps      : type=1400 audit(0.0:3855): avc: denied { getattr } for uid=10133 path="/proc/1" dev="proc" ino=49629 scontext=u:r:untrusted_app:s0:c512,c768 tcontext=u:r:init:s0 tclass=dir permissive=0
02-25 15:31:53.880 11734 11734 W ps      : type=1400 audit(0.0:3856): avc: denied { search } for uid=10133 name="1" dev="proc" ino=49629 scontext=u:r:untrusted_app:s0:c512,c768 tcontext=u:r:init:s0 tclass=dir permissive=0
02-25 15:31:53.880 11734 11734 W ps      : type=1400 audit(0.0:3857): avc: denied { search } for uid=10133 name="1" dev="proc" ino=49629 scontext=u:r:untrusted_app:s0:c512,c768 tcontext=u:r:init:s0 tclass=dir permissive=0
02-25 15:31:53.880 11734 11734 W ps      : type=1400 audit(0.0:3858): avc: denied { getattr } for uid=10133 path="/proc/2" dev="proc" ino=49630 scontext=u:r:untrusted_app:s0:c512,c768 tcontext=u:r:kernel:s0 tclass=dir permissive=0
02-25 15:31:53.880 11734 11734 W ps      : type=1400 audit(0.0:3859): avc: denied { search } for uid=10133 name="2" dev="proc" ino=49630 scontext=u:r:untrusted_app:s0:c512,c768 tcontext=u:r:kernel:s0 tclass=dir permissive=0
02-25 15:31:53.880 11734 11734 W ps      : type=1400 audit(0.0:3860): avc: denied { search } for uid=10133 name="2" dev="proc" ino=49630 scontext=u:r:untrusted_app:s0:c512,c768 tcontext=u:r:kernel:s0 tclass=dir permissive=0
02-25 15:31:53.880 11734 11734 W ps      : type=1400 audit(0.0:3861): avc: denied { getattr } for uid=10133 path="/proc/3" dev="proc" ino=49631 scontext=u:r:untrusted_app:s0:c512,c768 tcontext=u:r:kernel:s0 tclass=dir permissive=0
