02-25 18:11:56.371  1181  1234 V OpmodeRegistration: registered {RelicRecoveryAutoTileRunnerBlue4} as {Auto BLUE #1 Knockoff Glyphs}
02-25 18:11:56.373  1181  1234 V OpmodeRegistration: registered {RelicRecoveryAutoTileRunnerBlue2} as {Auto BLUE #2}
02-25 18:11:56.374  1181  1234 V OpmodeRegistration: registered {RelicRecoveryAutoTileRunnerBlue1} as {Auto BLUE #1}
02-25 18:11:56.374  1181  1234 V OpmodeRegistration: registered {RelicRecoveryTileRunnerTeleOpsLinear} as {Tile Runner (New) TeleOps}
02-25 18:11:56.375  1181  1234 V OpmodeRegistration: registered {RelicRecoveryAutoTileRunnerRed1} as {Auto RED #1}
02-25 18:11:56.376  1181  1234 V OpmodeRegistration: registered {RelicRecoveryAutoTileRunnerRed3} as {Auto RED #1 More Glyphs}
02-25 18:11:56.400  1181  1240 D Robocol : RobocolDatagramSocket listening addr=/192.168.49.1:20884 cbRec=65520 cbSend=163840 msRecTO=300
02-25 18:11:56.400  1181  1240 V Robocol : RecvLoopRunnable created
02-25 18:11:56.402  1181  1240 V PeerDiscovery: Starting peer discovery
02-25 18:11:56.402  1181  1240 V PeerDiscovery: No need for peer discovery, we are the peer discovery device
02-25 18:11:56.402  1181  1240 V RobotCore: Setup complete
02-25 18:11:56.402  1181  1240 V RobotCore: thread: ...terminating 'SetupRunnable.run()'
02-25 18:11:56.403  1181  1245 V RobotCore: thread: 'RecvLoopRunnable.run()' starting...
02-25 18:11:56.414  1181  1234 V HardwareFactory: createHardwareMap()
02-25 18:11:56.414  1181  1234 V WifiDirectInviteMonitor: clearUILynxModule()
02-25 18:11:56.421  1181  1234 V ReadXMLFileHandler: handleLynxModule() mod#=2...
02-25 18:11:56.421  1181  1234 V ConfigurationUtility: buildEmptyLynxModule() mod#=2...
02-25 18:11:56.422  1181  1234 V ConfigurationUtility: ...buildEmptyLynxModule() mod#=2
02-25 18:11:56.423  1181  1234 V ReadXMLFileHandler: ...handleLynxModule() mod#=2
02-25 18:11:56.423  1181  1234 V ReadXMLFileHandler: handleLynxModule() mod#=3...
02-25 18:11:56.423  1181  1234 V ConfigurationUtility: buildEmptyLynxModule() mod#=3...
02-25 18:11:56.423  1181  1234 V ConfigurationUtility: ...buildEmptyLynxModule() mod#=3
02-25 18:11:56.423  1181  1234 V ReadXMLFileHandler: ...handleLynxModule() mod#=3
02-25 18:11:56.424  1181  1234 V RobotCore: Creating REV Robotics USB Expansion Hub Portal [DQ16V4CE]
02-25 18:11:56.425  1181  1234 V LynxUsb : creating new [DQ16V4CE]: 0x0d16d062
02-25 18:11:56.434  1181  1234 V ThreadPool: container(0x0400c5f3: WatchdogMonitor) added id=1016 TID=0 count=1
02-25 18:11:56.442  1181  1234 V FtDevice: initialize(vid=0x0403 pid=0x6015 bcdDevice=0x1000)
02-25 18:11:56.442  1181  1234 V MonitoredUsbDeviceConnection: closing UsbDeviceConnection(DQ16V4CE)
02-25 18:11:56.442  1181  1234 D UsbDeviceConnectionJNI: close
02-25 18:11:56.442  1181  1234 V MonitoredUsbDeviceConnection: closing UsbDeviceConnection(DQ16V4CE)
02-25 18:11:56.442  1181  1234 D UsbDeviceConnectionJNI: close
02-25 18:11:56.442  1181  1234 V FtDeviceManager: createDeviceInfoList(): 1 USB devices
02-25 18:11:56.443  1181  1246 V ThreadPool: container(0x0400c5f3: WatchdogMonitor) removed id=1016 TID=1246 count=1
02-25 18:11:56.447  1181  1234 V FtDevice: vv********************DQ16V4CE opening********************vv 0x049590ae
02-25 18:11:56.449  1181  1234 V FtDevice: ^^********************DQ16V4CE opened ********************^^
02-25 18:11:56.449  1181  1234 V FtDevice: resetting DQ16V4CE
02-25 18:11:56.449  1181  1234 V ThreadPool: container(0x09077529: WatchdogMonitor) added id=1019 TID=0 count=1
02-25 18:11:56.456  1181  1234 V LynxUsb : armDevice() serial=DQ16V4CE...
02-25 18:11:56.456  1181  1234 V LynxModule: resetDevice() serial=DQ16V4CE
02-25 18:11:56.703  1181  1245 E Robocol : exception SocketTimeoutException(null): no packet received [libcore.io.IoBridge.maybeThrowAfterRecvfrom(IoBridge.java:594)]
02-25 18:11:56.810  1181  1234 V ThreadPool: container(0x085919dc: lynx dg poller) added id=1020 TID=0 count=1
02-25 18:11:56.811  1181  1234 V LynxUsb : ...done armDevice()
02-25 18:11:56.811  1181  1234 V LynxUsb : 0x0f2e09ba on 0x0d16d062: new delegate to [DQ16V4CE]
02-25 18:11:56.811  1181  1234 V RobotCore: Creating Lynx Module - mod=2 parent=true
02-25 18:11:56.814  1181  1250 V RobotCore: thread: 'lynx incoming datagrams' starting...
02-25 18:11:56.816  1181  1234 V RobotCore: Creating Lynx Module - mod=3 parent=false
02-25 18:11:56.817  1181  1234 V LynxUsb : addConfiguredModule() module#=2
02-25 18:11:56.817  1181  1234 V LynxModule: pingAndQueryKnownInterfaces mod=2
02-25 18:11:56.820  1181  1234 V ThreadPool: container(0x05a30786: lynx module executor) added id=1021 TID=0 count=1
02-25 18:11:56.821  1181  1250 V LynxUsb : synchronization gained: serial=DQ16V4CE
02-25 18:11:56.833  1181  1234 V LynxModule: queryInterface(DEKA)=49 commands
02-25 18:11:56.838  1181  1234 V LynxModule: mod#=2 intf=DEKA: expected 53 commands; found 49
02-25 18:11:56.842  1181  1234 V LynxModule: sendLEDPatternSteps(): #steps=6
02-25 18:11:56.855  1181  1234 V LynxUsb : addConfiguredModule() module#=3
02-25 18:11:56.855  1181  1234 V LynxModule: pingAndQueryKnownInterfaces mod=3
02-25 18:11:56.857  1181  1234 V ThreadPool: container(0x050cc874: lynx module executor) added id=1022 TID=0 count=1
02-25 18:11:56.863  1181  1234 V LynxModule: queryInterface(DEKA)=49 commands
02-25 18:11:56.867  1181  1234 V LynxModule: mod#=3 intf=DEKA: expected 53 commands; found 49
02-25 18:11:56.870  1181  1234 V LynxModule: sendLEDPatternSteps(): #steps=8
02-25 18:11:56.880  1181  1234 V LynxMotor: initializeHardware() mod#=2
02-25 18:11:56.883  1181  1252 V LynxModule: resendCurrentPattern()
02-25 18:11:56.884  1181  1252 V LynxModule: sendLEDPatternSteps(): #steps=8
02-25 18:11:56.982  1181  1234 V RobotCore: DcMotorImpl(type=RevRoboticsHDHexMotor)
02-25 18:11:56.982  1181  1234 V RobotCore: DcMotorImpl(type=RevRoboticsHDHexMotor)
02-25 18:11:56.983  1181  1234 V RobotCore: DcMotorImpl(type=RevRoboticsCoreHexMotor)
02-25 18:11:56.990  1181  1234 V RobotCore: DcMotorImpl(type=NeveRest20Gearmotor)
02-25 18:11:56.990  1181  1234 V LynxServoController: initializeHardware() mod#=2
02-25 18:11:57.027  1181  1234 V LynxVoltageSensor: initializeHardware() mod#=2
02-25 18:11:57.028  1181  1234 V LynxPwmOutputController: initializeHardware() mod#=2
02-25 18:11:57.034  1181  1234 W LynxPwmOutputController: LynxSetPWMEnableCommand not implemented by lynx hw; ignoring
02-25 18:11:57.039  1181  1234 W LynxPwmOutputController: LynxSetPWMConfigurationCommand not implemented by lynx hw; ignoring
02-25 18:11:57.042  1181  1234 W LynxPwmOutputController: LynxSetPWMEnableCommand not implemented by lynx hw; ignoring
02-25 18:11:57.047  1181  1234 W LynxPwmOutputController: LynxSetPWMConfigurationCommand not implemented by lynx hw; ignoring
02-25 18:11:57.050  1181  1234 W LynxPwmOutputController: LynxSetPWMEnableCommand not implemented by lynx hw; ignoring
02-25 18:11:57.055  1181  1234 W LynxPwmOutputController: LynxSetPWMConfigurationCommand not implemented by lynx hw; ignoring
02-25 18:11:57.058  1181  1234 W LynxPwmOutputController: LynxSetPWMEnableCommand not implemented by lynx hw; ignoring
02-25 18:11:57.062  1181  1234 W LynxPwmOutputController: LynxSetPWMConfigurationCommand not implemented by lynx hw; ignoring
02-25 18:11:57.063  1181  1234 V LynxAnalogInputController: initializeHardware() mod#=2
02-25 18:11:57.063  1181  1234 V LynxDigitalChannelController: initializeHardware() mod#=2
02-25 18:11:57.089  1181  1234 V RobotCore: Creating Lynx Color/Range Sensor - mod=2 bus=1
02-25 18:11:57.089  1181  1234 I RobotCore: LynxFirmwareVersionManager: LynxI2cDeviceSynchV1
02-25 18:11:57.090  1181  1234 V LynxI2cDeviceSynch: initializeHardware() mod#=2
02-25 18:11:57.091  1181  1234 V AMSColorSensorImpl: internalInitialize()...
02-25 18:11:57.123  1181  1234 V AMSColorSensorImpl: state: 07 f6 ff ff 00 00 00 00 00 00 00 00 00 00 08 61 
02-25 18:11:57.123  1181  1234 V AMSColorSensorImpl: state| 00 01 60 33 1b 00 0a 00 08 
02-25 18:11:57.135  1181  1234 V AMSColorSensorImpl: disable() enabled=0x07...
02-25 18:11:57.162  1181  1234 V AMSColorSensorImpl: ...disable() enabled=0x00
02-25 18:11:57.163  1181  1234 V AMSColorSensorImpl: setIntegrationTime(0xf6)
02-25 18:11:57.173  1181  1234 V AMSColorSensorImpl: setGain(GAIN_4)
02-25 18:11:57.189  1181  1245 D RobotCore: system telemetry: key=$System$None$ msg=""
02-25 18:11:57.190  1181  1245 V PeerDiscovery: new remote peer discovered: 192.168.49.84
02-25 18:11:57.190  1181  1245 D Robocol : RobocolDatagramSocket connected to /192.168.49.84:20884
02-25 18:11:57.192  1181  1245 V NetworkConnectionHandler: starting sending loop
02-25 18:11:57.192  1181  1245 V Robocol : SendOnceRunnable created
02-25 18:11:57.196  1181  1234 V AMSColorSensorImpl: setPDrive(Percent12_5)
02-25 18:11:57.217  1181  1234 V AMSColorSensorImpl: setProximityPulseCount(0x08)
02-25 18:11:57.234  1181  1245 V NetDiscover_prefremrc: sendAllPreferences()
02-25 18:11:57.235  1181  1245 V NetDiscover_prefremrc: sending RC pref name=pref_wifip2p_remote_channel_change_works value=true
02-25 18:11:57.237  1181  1234 V AMSColorSensorImpl: enable() enabled=0x00...
02-25 18:11:57.240  1181  1245 V NetDiscover_prefremrc: sending RC pref name=pref_device_name value=12611-RC
02-25 18:11:57.240  1181  1245 V NetDiscover_prefremrc: sending RC pref name=pref_has_independent_phone_battery value=true
02-25 18:11:57.240  1181  1245 V NetDiscover_prefremrc: sending RC pref name=pref_app_theme value=teal
02-25 18:11:57.241  1181  1245 V NetDiscover_prefremrc: sending RC pref name=pref_sound_on_off value=false
02-25 18:11:57.252  1181  1245 V ThreadPool: container(0x03d2d300: SoundPlayer) added id=1025 TID=0 count=1
02-25 18:11:57.253  1181  1245 V ThreadPool: container(0x03d2d300: SoundPlayer) added id=1026 TID=0 count=2
02-25 18:11:57.256  1181  1245 V RobotCore: Network: active, connected
02-25 18:11:57.270  1181  1245 V Robocol : received command: CMD_RESTART_ROBOT(10000) 
02-25 18:11:57.271  1181  1245 V Robocol : received command: CMD_REQUEST_UI_STATE(10003) 
02-25 18:11:57.272  1181  1253 V Robocol : sending CMD_NOTIFY_USER_DEVICE_LIST(15), attempt: 0
02-25 18:11:57.273  1181  1253 V Robocol : sending CMD_ROBOT_CONTROLLER_PREFERENCE(16), attempt: 0
02-25 18:11:57.274  1181  1253 V Robocol : sending CMD_ROBOT_CONTROLLER_PREFERENCE(17), attempt: 0
02-25 18:11:57.274  1181  1253 V Robocol : sending CMD_ROBOT_CONTROLLER_PREFERENCE(18), attempt: 0
02-25 18:11:57.274  1181  1253 V Robocol : sending CMD_ROBOT_CONTROLLER_PREFERENCE(19), attempt: 0
02-25 18:11:57.274  1181  1253 V Robocol : sending CMD_ROBOT_CONTROLLER_PREFERENCE(20), attempt: 0
02-25 18:11:57.277  1181  1234 V AMSColorSensorImpl: ...enable() enabled=0x07
02-25 18:11:57.281  1181  1257 D MediaPlayer: setSubtitleAnchor in MediaPlayer
02-25 18:11:57.281  1181  1181 D MediaPlayer: setSubtitleAnchor in MediaPlayer
02-25 18:11:57.296  1181  1234 V AMSColorSensorImpl: state: 07 f6 ff ff 00 00 00 00 00 00 00 00 00 00 08 61 
02-25 18:11:57.296  1181  1234 V AMSColorSensorImpl: state| 00 01 60 33 1b 00 0a 00 08 
02-25 18:11:57.296  1181  1234 V AMSColorSensorImpl: ...internalInitialize()
02-25 18:11:57.296  1181  1234 V LynxI2cDeviceSynch: engaging mod#=2
02-25 18:11:57.296  1181  1234 V RobotCore: Creating user sensor MR Range Sensor - on Lynx module=2 bus=3
02-25 18:11:57.296  1181  1234 V RobotCore: Creating I2cDeviceSynch (Lynx) - mod=2 bus=3
02-25 18:11:57.296  1181  1234 I RobotCore: LynxFirmwareVersionManager: LynxI2cDeviceSynchV1
02-25 18:11:57.296  1181  1234 V LynxI2cDeviceSynch: initializeHardware() mod#=2
02-25 18:11:57.297  1181  1234 V RobotCore: Creating user sensor Adafruit IMU - on Lynx module=2 bus=0
02-25 18:11:57.297  1181  1234 V RobotCore: Creating I2cDeviceSynch (Lynx) - mod=2 bus=0
02-25 18:11:57.297  1181  1234 I RobotCore: LynxFirmwareVersionManager: LynxI2cDeviceSynchV1
02-25 18:11:57.297  1181  1234 V LynxI2cDeviceSynch: initializeHardware() mod#=2
02-25 18:11:57.298  1181  1234 V LynxMotor: initializeHardware() mod#=3
02-25 18:11:57.327  1181  1255 D ExtendedUtils: extended extractor not needed, return default
02-25 18:11:57.327  1181  1255 I MediaCodec: (0xb8fa3bf8) init name(audio/raw) isType(1) encoder(0)
02-25 18:11:57.329  1181  1261 I OMXClient: Using client-side OMX mux.
02-25 18:11:57.333  1181  1261 E OMXMaster: A component of name 'OMX.qcom.audio.decoder.aac' already exists, ignoring this one.
02-25 18:11:57.336  1181  1261 I MediaCodec: (0xb8fa3bf8) Component Allocated (OMX.google.raw.decoder)
02-25 18:11:57.336  1181  1255 I MediaCodec: (0xb8fa3bf8) configure surface(0x0) crypto(0x0) flags(0)
02-25 18:11:57.336  1181  1255 D MediaCodec: (0xb8fa3bf8) configure format: AMessage(what = 0x00000000) = {
02-25 18:11:57.336  1181  1255 D MediaCodec:    string mime = "audio/raw"
02-25 18:11:57.336  1181  1255 D MediaCodec:    int64_t durationUs = 485011
02-25 18:11:57.336  1181  1255 D MediaCodec:    int32_t channel-count = 2
02-25 18:11:57.336  1181  1255 D MediaCodec:    int32_t sample-rate = 44100
02-25 18:11:57.336  1181  1255 D MediaCodec:    int32_t channel-mask = 0
02-25 18:11:57.336  1181  1255 D MediaCodec:  }
02-25 18:11:57.338  1181  1255 I MediaCodec: (0xb8fa3bf8) start
02-25 18:11:57.339  1181  1261 I MediaCodec: (0xb8fa3bf8) input buffers allocated
02-25 18:11:57.339  1181  1261 I MediaCodec: (0xb8fa3bf8) numBuffers (4)
02-25 18:11:57.339  1181  1261 I MediaCodec: (0xb8fa3bf8) output buffers allocated
02-25 18:11:57.339  1181  1261 I MediaCodec: (0xb8fa3bf8) numBuffers (4)
02-25 18:11:57.342  1181  1261 I MediaCodec: (0xb8fa3bf8) codec output format changed
02-25 18:11:57.342  1181  1261 D MediaCodec: (0xb8fa3bf8) output format: AMessage(what = 'codc', target = 2) = {
02-25 18:11:57.342  1181  1261 D MediaCodec:    string mime = "audio/raw"
02-25 18:11:57.342  1181  1261 D MediaCodec:    int32_t channel-count = 2
02-25 18:11:57.342  1181  1261 D MediaCodec:    int32_t sample-rate = 44100
02-25 18:11:57.342  1181  1261 D MediaCodec:    int32_t channel-mask = 0
02-25 18:11:57.342  1181  1261 D MediaCodec:    int32_t what = 1869968451
02-25 18:11:57.342  1181  1261 D MediaCodec:  }
02-25 18:11:57.349  1181  1255 I MediaCodec: (0xb8fa3bf8) stop
02-25 18:11:57.350  1181  1255 I MediaCodec: (0xb8fa3bf8) release
02-25 18:11:57.357  1181  1257 W AudioTrack: AUDIO_OUTPUT_FLAG_FAST denied by client; transfer 4, track 44100 Hz, output 48000 Hz
02-25 18:11:57.404  1181  1234 V RobotCore: DcMotorImpl(type=RevRoboticsHDHexMotor)
02-25 18:11:57.404  1181  1234 V RobotCore: DcMotorImpl(type=RevRoboticsHDHexMotor)
02-25 18:11:57.404  1181  1234 V RobotCore: DcMotorImpl(type=RevRoboticsCoreHexMotor)
02-25 18:11:57.413  1181  1234 V RobotCore: DcMotorImpl(type=NeveRest40Gearmotor)
02-25 18:11:57.413  1181  1234 V LynxServoController: initializeHardware() mod#=3
02-25 18:11:57.459  1181  1234 V LynxVoltageSensor: initializeHardware() mod#=3
02-25 18:11:57.460  1181  1234 V LynxPwmOutputController: initializeHardware() mod#=3
02-25 18:11:57.465  1181  1234 W LynxPwmOutputController: LynxSetPWMEnableCommand not implemented by lynx hw; ignoring
02-25 18:11:57.470  1181  1234 W LynxPwmOutputController: LynxSetPWMConfigurationCommand not implemented by lynx hw; ignoring
02-25 18:11:57.475  1181  1234 W LynxPwmOutputController: LynxSetPWMEnableCommand not implemented by lynx hw; ignoring
02-25 18:11:57.479  1181  1234 W LynxPwmOutputController: LynxSetPWMConfigurationCommand not implemented by lynx hw; ignoring
02-25 18:11:57.483  1181  1234 W LynxPwmOutputController: LynxSetPWMEnableCommand not implemented by lynx hw; ignoring
02-25 18:11:57.487  1181  1234 W LynxPwmOutputController: LynxSetPWMConfigurationCommand not implemented by lynx hw; ignoring
02-25 18:11:57.491  1181  1234 W LynxPwmOutputController: LynxSetPWMEnableCommand not implemented by lynx hw; ignoring
02-25 18:11:57.496  1181  1234 W LynxPwmOutputController: LynxSetPWMConfigurationCommand not implemented by lynx hw; ignoring
02-25 18:11:57.497  1181  1234 V LynxAnalogInputController: initializeHardware() mod#=3
02-25 18:11:57.497  1181  1234 V LynxDigitalChannelController: initializeHardware() mod#=3
02-25 18:11:57.526  1181  1234 V RobotCore: Creating user sensor MR Range Sensor - on Lynx module=3 bus=1
02-25 18:11:57.526  1181  1234 V RobotCore: Creating I2cDeviceSynch (Lynx) - mod=3 bus=1
02-25 18:11:57.526  1181  1234 I RobotCore: LynxFirmwareVersionManager: LynxI2cDeviceSynchV1
02-25 18:11:57.526  1181  1234 V LynxI2cDeviceSynch: initializeHardware() mod#=3
02-25 18:11:57.526  1181  1234 I RobotCore: ========= Device Information ===================================================
02-25 18:11:57.527  1181  1234 I RobotCore: Type                                               Name                           Connection
02-25 18:11:57.527  1181  1234 I RobotCore: Motor                                              rr                             USB DQ16V4CE; module 3; port 0
02-25 18:11:57.527  1181  1234 I RobotCore: Servo                                              relicElbow                     USB DQ16V4CE; module 3; port 1
02-25 18:11:57.527  1181  1234 I RobotCore: Motor                                              glyphLift                      USB DQ16V4CE; module 3; port 3
02-25 18:11:57.527  1181  1234 I RobotCore: Servo                                              relicClaw                      USB DQ16V4CE; module 3; port 0
02-25 18:11:57.527  1181  1234 I RobotCore: Motor                                              lr                             USB DQ16V4CE; module 2; port 1
02-25 18:11:57.527  1181  1234 I RobotCore: REV Robotics USB Expansion Hub Portal              Expansion Hub Portal 1         USB DQ16V4CE
02-25 18:11:57.528  1181  1234 I RobotCore: Servo                                              longArm                        USB DQ16V4CE; module 2; port 1
02-25 18:11:57.528  1181  1234 I RobotCore: Motor                                              led                            USB DQ16V4CE; module 2; port 2
02-25 18:11:57.545  1181  1234 I RobotCore: Modern Robotics Range Sensor v1.2                  x2Range                        USB DQ16V4CE; module 3; bus 1; addr7=0x14
02-25 18:11:57.545  1181  1234 I RobotCore: Expansion Hub DC Motor Controller                  Expansion Hub 3                USB DQ16V4CE; module 3
02-25 18:11:57.545  1181  1234 I RobotCore: Expansion Hub Servo Controller                     Expansion Hub 3                USB DQ16V4CE; module 3
02-25 18:11:57.545  1181  1234 I RobotCore: Expansion Hub Voltage Sensor                       Expansion Hub 3                USB DQ16V4CE; module 3
02-25 18:11:57.545  1181  1234 I RobotCore: Expansion Hub Pwm Controller                       Expansion Hub 3                USB DQ16V4CE; module 3
02-25 18:11:57.546  1181  1234 I RobotCore: Expansion Hub Analog Input Controller              Expansion Hub 3                USB DQ16V4CE; module 3
02-25 18:11:57.546  1181  1234 I RobotCore: Expansion Hub Digital Channel Controller           Expansion Hub 3                USB DQ16V4CE; module 3
02-25 18:11:57.546  1181  1245 V Robocol : received command: CMD_RESTART_ROBOT(10014) 
02-25 18:11:57.552  1181  1234 I RobotCore: Expansion Hub (HW: 20, Maj: 1, Min: 7, Eng: 2)     Expansion Hub 3                USB DQ16V4CE; module 3
02-25 18:11:57.552  1181  1234 I RobotCore: Expansion Hub DC Motor Controller                  Expansion Hub 2                USB DQ16V4CE; module 2
02-25 18:11:57.552  1181  1234 I RobotCore: Expansion Hub Servo Controller                     Expansion Hub 2                USB DQ16V4CE; module 2
02-25 18:11:57.552  1181  1234 I RobotCore: Expansion Hub Voltage Sensor                       Expansion Hub 2                USB DQ16V4CE; module 2
02-25 18:11:57.553  1181  1234 I RobotCore: Expansion Hub Pwm Controller                       Expansion Hub 2                USB DQ16V4CE; module 2
02-25 18:11:57.553  1181  1234 I RobotCore: Expansion Hub Analog Input Controller              Expansion Hub 2                USB DQ16V4CE; module 2
02-25 18:11:57.553  1181  1234 I RobotCore: Expansion Hub Digital Channel Controller           Expansion Hub 2                USB DQ16V4CE; module 2
02-25 18:11:57.557  1181  1234 I RobotCore: Expansion Hub (HW: 20, Maj: 1, Min: 7, Eng: 2)     Expansion Hub 2                USB DQ16V4CE; module 2
02-25 18:11:57.558  1181  1234 I RobotCore: Adafruit IMU                                       imu                            USB DQ16V4CE; module 2; bus 0; addr7=0x00
02-25 18:11:57.558  1181  1234 I RobotCore: Servo                                              shortArm                       USB DQ16V4CE; module 2; port 2
02-25 18:11:57.558  1181  1234 I RobotCore: Servo                                              glyphFlipper                   USB DQ16V4CE; module 3; port 2
02-25 18:11:57.558  1181  1234 I RobotCore: Motor                                              intake_right                   USB DQ16V4CE; module 3; port 2
02-25 18:11:57.559  1181  1234 I RobotCore: Servo                                              intakeRightHolder              USB DQ16V4CE; module 3; port 4
02-25 18:11:57.559  1181  1234 I RobotCore: Servo                                              glyphPusher                    USB DQ16V4CE; module 3; port 3
02-25 18:11:57.559  1181  1234 I RobotCore: Servo                                              relicClawholder                USB DQ16V4CE; module 3; port 5
02-25 18:11:57.559  1181  1234 I RobotCore: Servo                                              distSensor                     USB DQ16V4CE; module 2; port 4
02-25 18:11:57.559  1181  1234 I RobotCore: Servo                                              intakeLeftHolder               USB DQ16V4CE; module 2; port 3
02-25 18:11:57.560  1181  1234 I RobotCore: Motor                                              relicSlider                    USB DQ16V4CE; module 2; port 3
02-25 18:11:57.560  1181  1234 I RobotCore: Motor                                              rf                             USB DQ16V4CE; module 3; port 1
02-25 18:11:57.560  1181  1234 I RobotCore: REV Color/Range Sensor                             jewelColor                     USB DQ16V4CE; module 2; bus 1; addr7=0x39
02-25 18:11:57.560  1181  1234 I RobotCore: Motor                                              lf                             USB DQ16V4CE; module 2; port 0
02-25 18:11:57.572  1181  1234 I RobotCore: Modern Robotics Range Sensor v1.2                  x1Range                        USB DQ16V4CE; module 2; bus 3; addr7=0x14
02-25 18:11:57.573  1181  1234 I FtcEventLoop: ======= INIT FINISH =======
02-25 18:11:57.573  1181  1234 V RobotCore: EventLoopManager state is RUNNING
02-25 18:11:57.577  1181  1234 V RobotCore: Robot Status: running, starting robot
02-25 18:11:57.578  1181  1234 V RobotCore: Robot Status: running
02-25 18:11:57.578  1181  1234 V ThreadPool: container(0x06ce4be1: executorEventLoop) added id=1031 TID=0 count=1
02-25 18:11:57.580  1181  1234 V RobotCore: thread: ...terminating 'RobotSetupRunnable.run()'
02-25 18:11:57.584  1181  1265 V RobotCore: thread: 'opmode loop()' starting...
02-25 18:11:57.588  1181  1244 D FtcEventLoopHandler: restarting robot...
02-25 18:11:57.592  1181  1253 V Robocol : sending CMD_NOTIFY_ROBOT_STATE(35), attempt: 0
02-25 18:11:57.600  1181  1257 D MediaPlayer: setSubtitleAnchor in MediaPlayer
02-25 18:11:57.614  1181  1181 V Robocol : EventLoopManager.shutdown()
02-25 18:11:57.615  1181  1181 V ThreadPool: waiting for service EventLoop
02-25 18:11:57.615  1181  1265 V RobotCore: EventLoopRunnable interrupted
02-25 18:11:57.615  1181  1265 V RobotCore: EventLoopManager state is STOPPED
02-25 18:11:57.615  1181  1265 V RobotCore: Robot Status: stopped
02-25 18:11:57.615  1181  1255 D ExtendedUtils: extended extractor not needed, return default
02-25 18:11:57.616  1181  1255 I MediaCodec: (0xb8d83090) init name(audio/raw) isType(1) encoder(0)
02-25 18:11:57.617  1181  1269 I OMXClient: Using client-side OMX mux.
02-25 18:11:57.621  1181  1269 E OMXMaster: A component of name 'OMX.qcom.audio.decoder.aac' already exists, ignoring this one.
02-25 18:11:57.624  1181  1269 I MediaCodec: (0xb8d83090) Component Allocated (OMX.google.raw.decoder)
02-25 18:11:57.624  1181  1255 I MediaCodec: (0xb8d83090) configure surface(0x0) crypto(0x0) flags(0)
02-25 18:11:57.624  1181  1255 D MediaCodec: (0xb8d83090) configure format: AMessage(what = 0x00000000) = {
02-25 18:11:57.624  1181  1255 D MediaCodec:    string mime = "audio/raw"
02-25 18:11:57.624  1181  1255 D MediaCodec:    int64_t durationUs = 1019125
02-25 18:11:57.624  1181  1255 D MediaCodec:    int32_t channel-count = 1
02-25 18:11:57.624  1181  1255 D MediaCodec:    int32_t sample-rate = 8000
02-25 18:11:57.624  1181  1255 D MediaCodec:    int32_t channel-mask = 0
02-25 18:11:57.624  1181  1255 D MediaCodec:  }
02-25 18:11:57.625  1181  1255 I MediaCodec: (0xb8d83090) start
02-25 18:11:57.626  1181  1269 I MediaCodec: (0xb8d83090) input buffers allocated
02-25 18:11:57.626  1181  1269 I MediaCodec: (0xb8d83090) numBuffers (4)
02-25 18:11:57.626  1181  1269 I MediaCodec: (0xb8d83090) output buffers allocated
02-25 18:11:57.626  1181  1269 I MediaCodec: (0xb8d83090) numBuffers (4)
02-25 18:11:57.628  1181  1269 I MediaCodec: (0xb8d83090) codec output format changed
02-25 18:11:57.628  1181  1269 D MediaCodec: (0xb8d83090) output format: AMessage(what = 'codc', target = 6) = {
02-25 18:11:57.628  1181  1269 D MediaCodec:    string mime = "audio/raw"
02-25 18:11:57.628  1181  1269 D MediaCodec:    int32_t channel-count = 1
02-25 18:11:57.628  1181  1269 D MediaCodec:    int32_t sample-rate = 8000
02-25 18:11:57.628  1181  1269 D MediaCodec:    int32_t channel-mask = 0
02-25 18:11:57.628  1181  1269 D MediaCodec:    int32_t what = 1869968451
02-25 18:11:57.628  1181  1269 D MediaCodec:  }
02-25 18:11:57.630  1181  1255 I MediaCodec: (0xb8d83090) stop
02-25 18:11:57.631  1181  1255 I MediaCodec: (0xb8d83090) release
02-25 18:11:57.632  1181  1253 V Robocol : sending CMD_NOTIFY_ACTIVE_CONFIGURATION(39), attempt: 0
02-25 18:11:57.633  1181  1253 V Robocol : sending CMD_SHOW_TOAST(40), attempt: 0
02-25 18:11:57.633  1181  1253 V Robocol : sending CMD_NOTIFY_ROBOT_STATE(41), attempt: 0
02-25 18:11:57.642  1181  1265 I FtcEventLoop: ======= TEARDOWN =======
02-25 18:11:57.642  1181  1265 V ThreadPool: container(0x0bec565a: OpModeStuckCodeMonitor) added id=1035 TID=0 count=1
02-25 18:11:57.644  1181  1265 V LynxMotor: disengage mod#=2
02-25 18:11:57.645  1181  1265 V LynxMotor: disengage mod#=3
02-25 18:11:57.645  1181  1265 V LynxServoController: disengage mod#=3
02-25 18:11:57.646  1181  1265 V LynxServoController: disengage mod#=2
02-25 18:11:57.646  1181  1265 V LynxUsb : 0x0f2e09ba on 0x0d16d062: releasing delegate to [DQ16V4CE]
02-25 18:11:57.646  1181  1265 V LynxUsb : 0x0d16d062: releaseRef [DQ16V4CE]=0
02-25 18:11:57.646  1181  1265 V LynxUsb : doClose([DQ16V4CE])...
02-25 18:11:57.647  1181  1265 V LynxModule: close()
02-25 18:11:57.647  1181  1265 V ThreadPool: executive service lynx module executor(0x05a30786) is terminated
02-25 18:11:57.647  1181  1265 V LynxModule: close()
02-25 18:11:57.647  1181  1251 V ThreadPool: container(0x05a30786: lynx module executor) removed id=1021 TID=1251 count=1
02-25 18:11:57.647  1181  1265 V ThreadPool: waiting for service lynx module executor
02-25 18:11:57.648  1181  1252 V ThreadPool: container(0x050cc874: lynx module executor) removed id=1022 TID=1252 count=1
02-25 18:11:57.648  1181  1265 V LynxUsb : disarmDevice() serial=DQ16V4CE...
02-25 18:11:57.648  1181  1265 V LynxUsb : shutting down incoming datagrams
02-25 18:11:57.648  1181  1265 V ThreadPool: waiting for service Lynx incoming datagram poller
02-25 18:11:57.648  1181  1250 V RobotCore: thread: ...terminating 'lynx incoming datagrams'
02-25 18:11:57.649  1181  1250 V ThreadPool: container(0x085919dc: lynx dg poller) removed id=1020 TID=1250 count=1
02-25 18:11:57.649  1181  1265 V ThreadPool: awaitTerminationOrExitApplication Lynx incoming datagram poller; interrupt thrown
02-25 18:11:57.650  1181  1272 V ThreadPool: container(0x0bec565a: OpModeStuckCodeMonitor) removed id=1035 TID=1272 count=1
02-25 18:11:57.672  1181  1253 V Robocol : sending CMD_NOTIFY_USER_DEVICE_LIST(44), attempt: 0
02-25 18:11:57.673  1181  1253 V Robocol : sending CMD_NOTIFY_OP_MODE_LIST(45), attempt: 0
02-25 18:11:57.749  1181  1265 V RobotUsbDeviceFtdi: closing DQ16V4CE
02-25 18:11:57.750  1181  1265 V FtDevice: vv********************DQ16V4CE closing********************vv 0x049590ae
02-25 18:11:57.750  1181  1265 V FtDevice: DQ16V4CE stopping thread readBufferManager
02-25 18:11:57.750  1181  1248 V FtDevice: DQ16V4CE thread readBufferManager is stopped
02-25 18:11:57.751  1181  1265 V FtDevice: DQ16V4CE stopping thread bulkPacketInWorker
02-25 18:11:57.751  1181  1247 V FtDevice: DQ16V4CE thread bulkPacketInWorker is stopped
02-25 18:11:57.752  1181  1265 V MonitoredUsbDeviceConnection: closing UsbDeviceConnection(DQ16V4CE)
02-25 18:11:57.752  1181  1265 D UsbDeviceConnectionJNI: close
02-25 18:11:57.753  1181  1265 V FtDevice: ^^********************DQ16V4CE closed ********************^^
02-25 18:11:57.753  1181  1265 V LynxUsb : ...done disarmDevice()
02-25 18:11:57.753  1181  1249 V ThreadPool: container(0x09077529: WatchdogMonitor) removed id=1019 TID=1249 count=1
02-25 18:11:57.754  1181  1265 V LynxUsb : ...doClose([DQ16V4CE])
02-25 18:11:57.754  1181  1265 I FtcEventLoop: ======= TEARDOWN COMPLETE =======
02-25 18:11:57.754  1181  1265 V RobotCore: thread: ...terminating 'opmode loop()'
02-25 18:11:57.754  1181  1265 V EventLoopManager: switching to idleEventLoop
02-25 18:11:57.754  1181  1265 I FtcEventLoopIdle: ------- idle init --------
02-25 18:11:57.754  1181  1244 D FtcEventLoopHandler: restarting robot...
02-25 18:11:57.754  1181  1265 V RobotCore: thread: 'opmode loop()' starting...
02-25 18:11:57.843  1181  1257 W AudioTrack: AUDIO_OUTPUT_FLAG_FAST denied by client; transfer 4, track 8000 Hz, output 48000 Hz
02-25 18:12:00.115  1181  1181 V ThreadPool: awaiting shutdown: thread pool="EventLoop" attempt=1
02-25 18:12:00.116  1181  1181 E RobotCore: thread id=1031 tid=1265 name="opmode loop()" 
02-25 18:12:00.116  1181  1181 E RobotCore:     at java.lang.Thread.sleep(Native Method)
02-25 18:12:00.116  1181  1181 E RobotCore:     at java.lang.Thread.sleep(Thread.java:1031)
02-25 18:12:00.116  1181  1181 E RobotCore:     at java.lang.Thread.sleep(Thread.java:985)
02-25 18:12:00.116  1181  1181 E RobotCore:     at com.qualcomm.robotcore.eventloop.EventLoopManager$EventLoopRunnable$1.run(EventLoopManager.java:252)
02-25 18:12:00.117  1181  1181 E RobotCore:     at com.qualcomm.robotcore.util.ThreadPool.logThreadLifeCycle(ThreadPool.java:709)
02-25 18:12:00.117  1181  1181 E RobotCore:     at com.qualcomm.robotcore.eventloop.EventLoopManager$EventLoopRunnable.run(EventLoopManager.java:241)
02-25 18:12:00.117  1181  1181 E RobotCore:     at com.qualcomm.robotcore.eventloop.EventLoopManager$1.run(EventLoopManager.java:580)
02-25 18:12:00.117  1181  1181 E RobotCore:     at java.util.concurrent.ThreadPoolExecutor.runWorker(ThreadPoolExecutor.java:1113)
02-25 18:12:00.117  1181  1181 E RobotCore:     at java.util.concurrent.ThreadPoolExecutor$Worker.run(ThreadPoolExecutor.java:588)
02-25 18:12:00.117  1181  1181 E RobotCore:     at com.qualcomm.robotcore.util.ThreadPool$ThreadFactoryImpl$1.run(ThreadPool.java:764)
02-25 18:12:00.117  1181  1181 E RobotCore:     at java.lang.Thread.run(Thread.java:818)
02-25 18:12:00.117  1181  1181 V ThreadPool: waiting for service EventLoop
02-25 18:12:00.117  1181  1265 V RobotCore: EventLoopRunnable interrupted
02-25 18:12:00.117  1181  1265 V RobotCore: EventLoopManager state is STOPPED
02-25 18:12:00.117  1181  1265 I FtcEventLoopIdle: ------- idle teardown ----
02-25 18:12:00.117  1181  1265 V RobotCore: thread: ...terminating 'opmode loop()'
02-25 18:12:00.118  1181  1265 V ThreadPool: container(0x06ce4be1: executorEventLoop) removed id=1031 TID=1265 count=1
02-25 18:12:00.118  1181  1181 V ThreadPool: awaitTermination returned, isTerminated=true
02-25 18:12:00.118  1181  1181 V ThreadPool: executive service EventLoop(0x06ce4be1) is terminated
02-25 18:12:00.118  1181  1181 V RobotCore: EventLoopManager state is STOPPED
02-25 18:12:00.125  1181  1234 V RobotCore: thread: 'RobotSetupRunnable.run()' starting...
02-25 18:12:00.125  1181  1234 V FTCService: Processing robot setup
02-25 18:12:00.125  1181  1234 V RobotCore: Robot Status: stopped, scanning for USB devices
02-25 18:12:00.130  1181  1181 W MediaPlayer: mediaplayer went away with unhandled events
02-25 18:12:00.140  1181  1234 V RobotCore: Robot Status: stopped, internal error
02-25 18:12:00.140  1181  1234 V RobotCore: thread: ...terminating 'RobotSetupRunnable.run()'
02-25 18:12:00.142  1181  1181 V RobotCore: Robot Status: stopped
02-25 18:12:00.147  1181  1234 V RobotCore: thread: 'RobotSetupRunnable.run()' starting...
02-25 18:12:00.147  1181  1234 V FTCService: Processing robot setup
02-25 18:12:00.147  1181  1234 V RobotCore: Robot Status: stopped, scanning for USB devices
02-25 18:12:00.152  1181  1253 V Robocol : sending CMD_NOTIFY_ROBOT_STATE(74), attempt: 0
02-25 18:12:00.153  1181  1253 V Robocol : sending CMD_NOTIFY_ROBOT_STATE(75), attempt: 0
02-25 18:12:00.153  1181  1253 V Robocol : sending CMD_SHOW_TOAST(76), attempt: 0
02-25 18:12:00.154  1181  1253 V Robocol : sending CMD_SHOW_TOAST(77), attempt: 0
02-25 18:12:00.154  1181  1253 V Robocol : sending CMD_SHOW_TOAST(79), attempt: 0
02-25 18:12:00.251  1181  1230 V RenderScript: 0xb8ebe0a8 Launching thread(s), CPUs 4
02-25 18:12:00.990  1181  1245 V EventLoopManager: synthetic gamepad received: id=-2 user=TWO atRest=true 
02-25 18:12:01.028  1181  1245 V EventLoopManager: synthetic gamepad received: id=-2 user=ONE atRest=true 
02-25 18:12:04.748  1181  1245 V Robocol : received command: CMD_INIT_OP_MODE(10097) $Stop$Robot$
02-25 18:12:04.750  1181  1244 V Robocol : unable to process command CMD_INIT_OP_MODE callbacks=EventLoopManager
02-25 18:12:05.148  1181  1234 V RobotCore: Robot Status: stopped, waiting for Wifi to enable
02-25 18:12:05.148  1181  1234 V RobotCore: Robot Status: stopped, waiting for Wifi Direct to enable
02-25 18:12:05.149  1181  1234 V RobotCore: Robot Status: stopped, waiting for network to become active
02-25 18:12:05.149  1181  1234 V RobotCore: Robot Status: stopped, starting robot
02-25 18:12:05.149  1181  1234 V Robocol : EventLoopManager.start()
02-25 18:12:05.149  1181  1234 V Robocol : Spoofing a Network Connection event...
02-25 18:12:05.150  1181  1234 V ThreadPool: executive service EventLoop(0x06ce4be1) is terminated
02-25 18:12:05.150  1181  1234 V RobotCore: EventLoopManager state is STOPPED
02-25 18:12:05.150  1181  1234 V Robocol : eventLoop=FtcEventLoop
02-25 18:12:05.150  1181  1234 V RobotCore: EventLoopManager state is INIT
02-25 18:12:05.150  1181  1234 V RobotCore: Robot Status: initializing, starting robot
02-25 18:12:05.150  1181  1234 I FtcEventLoop: ======= INIT START =======
02-25 18:12:05.151  1181  1234 V OpmodeRegistration: registered {DefaultOpMode} as {$Stop$Robot$}
02-25 18:12:05.152  1181  1253 V Robocol : sending CMD_NOTIFY_ROBOT_STATE(132), attempt: 0
02-25 18:12:05.153  1181  1253 V Robocol : sending CMD_NOTIFY_ROBOT_STATE(133), attempt: 0
02-25 18:12:05.155  1181  1234 V FileBasedLock: locked /storage/emulated/0/FIRST/blocks/projectslock/lock.dat
02-25 18:12:05.156  1181  1234 V FileBasedLock: unlocking /storage/emulated/0/FIRST/blocks/projectslock/lock.dat
02-25 18:12:05.160  1181  1181 D WifiDirect: cannot create group, does group already exist?
02-25 18:12:05.162  1181  1234 V OpmodeRegistration: registered {RelicRecoveryAutoTileRunnerBlue3} as {Auto BLUE #1 More Glyphs}
02-25 18:12:05.162  1181  1234 V OpmodeRegistration: registered {SensorTest} as {Sensor Test}
02-25 18:12:05.163  1181  1234 V OpmodeRegistration: registered {RelicRecoveryAutoTileRunnerRed2} as {Auto RED #2}
02-25 18:12:05.164  1181  1234 V OpmodeRegistration: registered {RelicRecoveryAutoTileRunnerRed4} as {Auto RED #1 Knockoff Glyphs}
02-25 18:12:05.165  1181  1234 V OpmodeRegistration: registered {RelicRecoveryAutoTileRunnerBlue4} as {Auto BLUE #1 Knockoff Glyphs}
02-25 18:12:05.166  1181  1234 V OpmodeRegistration: registered {RelicRecoveryAutoTileRunnerBlue2} as {Auto BLUE #2}
02-25 18:12:05.166  1181  1234 V OpmodeRegistration: registered {RelicRecoveryAutoTileRunnerBlue1} as {Auto BLUE #1}
02-25 18:12:05.167  1181  1234 V OpmodeRegistration: registered {RelicRecoveryTileRunnerTeleOpsLinear} as {Tile Runner (New) TeleOps}
02-25 18:12:05.167  1181  1234 V OpmodeRegistration: registered {RelicRecoveryAutoTileRunnerRed1} as {Auto RED #1}
02-25 18:12:05.168  1181  1234 V OpmodeRegistration: registered {RelicRecoveryAutoTileRunnerRed3} as {Auto RED #1 More Glyphs}
02-25 18:12:05.192  1181  1253 V Robocol : sending CMD_NOTIFY_ACTIVE_CONFIGURATION(134), attempt: 0
02-25 18:12:05.198  1181  1234 V HardwareFactory: createHardwareMap()
02-25 18:12:05.198  1181  1234 V WifiDirectInviteMonitor: clearUILynxModule()
02-25 18:12:05.198  1181  1234 V ReadXMLFileHandler: handleLynxModule() mod#=2...
02-25 18:12:05.198  1181  1234 V ConfigurationUtility: buildEmptyLynxModule() mod#=2...
02-25 18:12:05.198  1181  1234 V ConfigurationUtility: ...buildEmptyLynxModule() mod#=2
02-25 18:12:05.199  1181  1234 V ReadXMLFileHandler: ...handleLynxModule() mod#=2
02-25 18:12:05.199  1181  1234 V ReadXMLFileHandler: handleLynxModule() mod#=3...
02-25 18:12:05.199  1181  1234 V ConfigurationUtility: buildEmptyLynxModule() mod#=3...
02-25 18:12:05.199  1181  1234 V ConfigurationUtility: ...buildEmptyLynxModule() mod#=3
02-25 18:12:05.199  1181  1234 V ReadXMLFileHandler: ...handleLynxModule() mod#=3
02-25 18:12:05.200  1181  1234 V RobotCore: Creating REV Robotics USB Expansion Hub Portal [DQ16V4CE]
02-25 18:12:05.200  1181  1234 V LynxUsb : creating new [DQ16V4CE]: 0x055d62ea
02-25 18:12:05.201  1181  1234 V FtDeviceManager: createDeviceInfoList(): 1 USB devices
02-25 18:12:05.206  1181  1234 V FtDevice: vv********************DQ16V4CE opening********************vv 0x049590ae
02-25 18:12:05.207  1181  1234 V FtDevice: ^^********************DQ16V4CE opened ********************^^
02-25 18:12:05.207  1181  1234 V FtDevice: resetting DQ16V4CE
02-25 18:12:05.207  1181  1234 V ThreadPool: container(0x07e299db: WatchdogMonitor) added id=1038 TID=0 count=1
02-25 18:12:05.212  1181  1234 V LynxUsb : armDevice() serial=DQ16V4CE...
02-25 18:12:05.212  1181  1234 V LynxModule: resetDevice() serial=DQ16V4CE
02-25 18:12:05.232  1181  1253 V Robocol : sending CMD_NOTIFY_USER_DEVICE_LIST(135), attempt: 0
02-25 18:12:05.233  1181  1253 V Robocol : sending CMD_NOTIFY_OP_MODE_LIST(136), attempt: 0
02-25 18:12:05.392  1181  1253 V Robocol : sending CMD_NOTIFY_ROBOT_STATE(132), attempt: 1
02-25 18:12:05.393  1181  1253 V Robocol : sending CMD_NOTIFY_ROBOT_STATE(133), attempt: 1
02-25 18:12:05.432  1181  1253 V Robocol : sending CMD_NOTIFY_ACTIVE_CONFIGURATION(134), attempt: 1
02-25 18:12:05.473  1181  1253 V Robocol : sending CMD_NOTIFY_USER_DEVICE_LIST(135), attempt: 1
02-25 18:12:05.474  1181  1253 V Robocol : sending CMD_NOTIFY_OP_MODE_LIST(136), attempt: 1
02-25 18:12:05.566  1181  1234 V ThreadPool: container(0x02f0ef51: lynx dg poller) added id=1039 TID=0 count=1
02-25 18:12:05.566  1181  1234 V LynxUsb : ...done armDevice()
02-25 18:12:05.567  1181  1234 V LynxUsb : 0x0be6f8b7 on 0x055d62ea: new delegate to [DQ16V4CE]
02-25 18:12:05.567  1181  1234 V RobotCore: Creating Lynx Module - mod=2 parent=true
02-25 18:12:05.567  1181  1234 V RobotCore: Creating Lynx Module - mod=3 parent=false
02-25 18:12:05.567  1181  1234 V LynxUsb : addConfiguredModule() module#=2
02-25 18:12:05.567  1181  1234 V LynxModule: pingAndQueryKnownInterfaces mod=2
02-25 18:12:05.570  1181  1287 V RobotCore: thread: 'lynx incoming datagrams' starting...
02-25 18:12:05.570  1181  1234 V ThreadPool: container(0x05a9d824: lynx module executor) added id=1040 TID=0 count=1
02-25 18:12:05.571  1181  1287 V LynxUsb : synchronization gained: serial=DQ16V4CE
02-25 18:12:05.574  1181  1234 V LynxModule: queryInterface(DEKA)=49 commands
02-25 18:12:05.580  1181  1234 V LynxModule: mod#=2 intf=DEKA: expected 53 commands; found 49
02-25 18:12:05.584  1181  1234 V LynxModule: sendLEDPatternSteps(): #steps=6
02-25 18:12:05.593  1181  1234 V LynxUsb : addConfiguredModule() module#=3
02-25 18:12:05.593  1181  1234 V LynxModule: pingAndQueryKnownInterfaces mod=3
02-25 18:12:05.595  1181  1234 V ThreadPool: container(0x01536542: lynx module executor) added id=1041 TID=0 count=1
02-25 18:12:05.602  1181  1234 V LynxModule: queryInterface(DEKA)=49 commands
02-25 18:12:05.611  1181  1234 V LynxModule: mod#=3 intf=DEKA: expected 53 commands; found 49
02-25 18:12:05.616  1181  1234 V LynxModule: sendLEDPatternSteps(): #steps=8
02-25 18:12:05.621  1181  1289 V LynxModule: resendCurrentPattern()
02-25 18:12:05.621  1181  1289 V LynxModule: sendLEDPatternSteps(): #steps=8
02-25 18:12:05.629  1181  1234 V LynxMotor: initializeHardware() mod#=2
02-25 18:12:05.632  1181  1253 V Robocol : sending CMD_NOTIFY_ROBOT_STATE(132), attempt: 2
02-25 18:12:05.633  1181  1253 V Robocol : sending CMD_NOTIFY_ROBOT_STATE(133), attempt: 2
02-25 18:12:05.672  1181  1253 V Robocol : sending CMD_NOTIFY_ACTIVE_CONFIGURATION(134), attempt: 2
02-25 18:12:05.712  1181  1253 V Robocol : sending CMD_NOTIFY_USER_DEVICE_LIST(135), attempt: 2
02-25 18:12:05.714  1181  1253 V Robocol : sending CMD_NOTIFY_OP_MODE_LIST(136), attempt: 2
02-25 18:12:05.726  1181  1234 V RobotCore: DcMotorImpl(type=RevRoboticsHDHexMotor)
02-25 18:12:05.726  1181  1234 V RobotCore: DcMotorImpl(type=RevRoboticsHDHexMotor)
02-25 18:12:05.726  1181  1234 V RobotCore: DcMotorImpl(type=RevRoboticsCoreHexMotor)
02-25 18:12:05.733  1181  1234 V RobotCore: DcMotorImpl(type=NeveRest20Gearmotor)
02-25 18:12:05.733  1181  1234 V LynxServoController: initializeHardware() mod#=2
02-25 18:12:05.768  1181  1234 V LynxVoltageSensor: initializeHardware() mod#=2
02-25 18:12:05.768  1181  1234 V LynxPwmOutputController: initializeHardware() mod#=2
02-25 18:12:05.771  1181  1234 W LynxPwmOutputController: LynxSetPWMEnableCommand not implemented by lynx hw; ignoring
02-25 18:12:05.774  1181  1234 W LynxPwmOutputController: LynxSetPWMConfigurationCommand not implemented by lynx hw; ignoring
02-25 18:12:05.777  1181  1234 W LynxPwmOutputController: LynxSetPWMEnableCommand not implemented by lynx hw; ignoring
02-25 18:12:05.780  1181  1234 W LynxPwmOutputController: LynxSetPWMConfigurationCommand not implemented by lynx hw; ignoring
02-25 18:12:05.783  1181  1234 W LynxPwmOutputController: LynxSetPWMEnableCommand not implemented by lynx hw; ignoring
02-25 18:12:05.786  1181  1234 W LynxPwmOutputController: LynxSetPWMConfigurationCommand not implemented by lynx hw; ignoring
02-25 18:12:05.789  1181  1234 W LynxPwmOutputController: LynxSetPWMEnableCommand not implemented by lynx hw; ignoring
02-25 18:12:05.792  1181  1234 W LynxPwmOutputController: LynxSetPWMConfigurationCommand not implemented by lynx hw; ignoring
02-25 18:12:05.792  1181  1234 V LynxAnalogInputController: initializeHardware() mod#=2
02-25 18:12:05.792  1181  1234 V LynxDigitalChannelController: initializeHardware() mod#=2
02-25 18:12:05.817  1181  1234 V RobotCore: Creating Lynx Color/Range Sensor - mod=2 bus=1
02-25 18:12:05.817  1181  1234 I RobotCore: LynxFirmwareVersionManager: LynxI2cDeviceSynchV1
02-25 18:12:05.817  1181  1234 V LynxI2cDeviceSynch: initializeHardware() mod#=2
02-25 18:12:05.817  1181  1234 V AMSColorSensorImpl: internalInitialize()...
02-25 18:12:05.842  1181  1234 V AMSColorSensorImpl: state: 07 f6 ff ff 00 00 00 00 00 00 00 00 00 00 08 61 
02-25 18:12:05.842  1181  1234 V AMSColorSensorImpl: state| 00 01 60 33 19 00 09 00 08 
02-25 18:12:05.852  1181  1234 V AMSColorSensorImpl: disable() enabled=0x07...
02-25 18:12:05.872  1181  1253 V Robocol : sending CMD_NOTIFY_ROBOT_STATE(132), attempt: 3
02-25 18:12:05.873  1181  1253 V Robocol : sending CMD_NOTIFY_ROBOT_STATE(133), attempt: 3
02-25 18:12:05.878  1181  1234 V AMSColorSensorImpl: ...disable() enabled=0x00
02-25 18:12:05.878  1181  1234 V AMSColorSensorImpl: setIntegrationTime(0xf6)
02-25 18:12:05.887  1181  1234 V AMSColorSensorImpl: setGain(GAIN_4)
02-25 18:12:05.908  1181  1234 V AMSColorSensorImpl: setPDrive(Percent12_5)
02-25 18:12:05.912  1181  1253 V Robocol : sending CMD_NOTIFY_ACTIVE_CONFIGURATION(134), attempt: 3
02-25 18:12:05.932  1181  1234 V AMSColorSensorImpl: setProximityPulseCount(0x08)
02-25 18:12:05.951  1181  1234 V AMSColorSensorImpl: enable() enabled=0x00...
02-25 18:12:05.952  1181  1253 V Robocol : sending CMD_NOTIFY_USER_DEVICE_LIST(135), attempt: 3
02-25 18:12:05.954  1181  1253 V Robocol : sending CMD_NOTIFY_OP_MODE_LIST(136), attempt: 3
02-25 18:12:05.987  1181  1234 V AMSColorSensorImpl: ...enable() enabled=0x07
02-25 18:12:06.002  1181  1234 V AMSColorSensorImpl: state: 07 f6 ff ff 00 00 00 00 00 00 00 00 00 00 08 61 
02-25 18:12:06.002  1181  1234 V AMSColorSensorImpl: state| 00 01 60 22 00 00 00 00 00 
02-25 18:12:06.002  1181  1234 V AMSColorSensorImpl: ...internalInitialize()
02-25 18:12:06.002  1181  1234 V LynxI2cDeviceSynch: engaging mod#=2
02-25 18:12:06.002  1181  1234 V RobotCore: Creating user sensor MR Range Sensor - on Lynx module=2 bus=3
02-25 18:12:06.002  1181  1234 V RobotCore: Creating I2cDeviceSynch (Lynx) - mod=2 bus=3
02-25 18:12:06.003  1181  1234 I RobotCore: LynxFirmwareVersionManager: LynxI2cDeviceSynchV1
02-25 18:12:06.003  1181  1234 V LynxI2cDeviceSynch: initializeHardware() mod#=2
02-25 18:12:06.003  1181  1234 V RobotCore: Creating user sensor Adafruit IMU - on Lynx module=2 bus=0
02-25 18:12:06.003  1181  1234 V RobotCore: Creating I2cDeviceSynch (Lynx) - mod=2 bus=0
02-25 18:12:06.003  1181  1234 I RobotCore: LynxFirmwareVersionManager: LynxI2cDeviceSynchV1
02-25 18:12:06.003  1181  1234 V LynxI2cDeviceSynch: initializeHardware() mod#=2
02-25 18:12:06.003  1181  1234 V LynxMotor: initializeHardware() mod#=3
02-25 18:12:06.095  1181  1234 V RobotCore: DcMotorImpl(type=RevRoboticsHDHexMotor)
02-25 18:12:06.095  1181  1234 V RobotCore: DcMotorImpl(type=RevRoboticsHDHexMotor)
02-25 18:12:06.095  1181  1234 V RobotCore: DcMotorImpl(type=RevRoboticsCoreHexMotor)
02-25 18:12:06.103  1181  1234 V RobotCore: DcMotorImpl(type=NeveRest40Gearmotor)
02-25 18:12:06.103  1181  1234 V LynxServoController: initializeHardware() mod#=3
02-25 18:12:06.112  1181  1253 V Robocol : sending CMD_NOTIFY_ROBOT_STATE(132), attempt: 4
02-25 18:12:06.113  1181  1253 V Robocol : sending CMD_NOTIFY_ROBOT_STATE(133), attempt: 4
02-25 18:12:06.152  1181  1253 V Robocol : sending CMD_NOTIFY_ACTIVE_CONFIGURATION(134), attempt: 4
02-25 18:12:06.158  1181  1234 V LynxVoltageSensor: initializeHardware() mod#=3
02-25 18:12:06.158  1181  1234 V LynxPwmOutputController: initializeHardware() mod#=3
02-25 18:12:06.166  1181  1234 W LynxPwmOutputController: LynxSetPWMEnableCommand not implemented by lynx hw; ignoring
02-25 18:12:06.172  1181  1234 W LynxPwmOutputController: LynxSetPWMConfigurationCommand not implemented by lynx hw; ignoring
02-25 18:12:06.176  1181  1234 W LynxPwmOutputController: LynxSetPWMEnableCommand not implemented by lynx hw; ignoring
02-25 18:12:06.181  1181  1234 W LynxPwmOutputController: LynxSetPWMConfigurationCommand not implemented by lynx hw; ignoring
02-25 18:12:06.185  1181  1234 W LynxPwmOutputController: LynxSetPWMEnableCommand not implemented by lynx hw; ignoring
02-25 18:12:06.190  1181  1234 W LynxPwmOutputController: LynxSetPWMConfigurationCommand not implemented by lynx hw; ignoring
02-25 18:12:06.192  1181  1253 V Robocol : sending CMD_NOTIFY_USER_DEVICE_LIST(135), attempt: 4
02-25 18:12:06.194  1181  1253 V Robocol : sending CMD_NOTIFY_OP_MODE_LIST(136), attempt: 4
02-25 18:12:06.196  1181  1234 W LynxPwmOutputController: LynxSetPWMEnableCommand not implemented by lynx hw; ignoring
02-25 18:12:06.201  1181  1234 W LynxPwmOutputController: LynxSetPWMConfigurationCommand not implemented by lynx hw; ignoring
02-25 18:12:06.201  1181  1234 V LynxAnalogInputController: initializeHardware() mod#=3
02-25 18:12:06.202  1181  1234 V LynxDigitalChannelController: initializeHardware() mod#=3
02-25 18:12:06.235  1181  1234 V RobotCore: Creating user sensor MR Range Sensor - on Lynx module=3 bus=1
02-25 18:12:06.235  1181  1234 V RobotCore: Creating I2cDeviceSynch (Lynx) - mod=3 bus=1
02-25 18:12:06.235  1181  1234 I RobotCore: LynxFirmwareVersionManager: LynxI2cDeviceSynchV1
02-25 18:12:06.236  1181  1234 V LynxI2cDeviceSynch: initializeHardware() mod#=3
02-25 18:12:06.236  1181  1234 I RobotCore: ========= Device Information ===================================================
02-25 18:12:06.236  1181  1234 I RobotCore: Type                                               Name                           Connection
02-25 18:12:06.236  1181  1234 I RobotCore: Motor                                              rr                             USB DQ16V4CE; module 3; port 0
02-25 18:12:06.236  1181  1234 I RobotCore: Servo                                              relicElbow                     USB DQ16V4CE; module 3; port 1
02-25 18:12:06.236  1181  1234 I RobotCore: Motor                                              glyphLift                      USB DQ16V4CE; module 3; port 3
02-25 18:12:06.237  1181  1234 I RobotCore: Servo                                              relicClaw                      USB DQ16V4CE; module 3; port 0
02-25 18:12:06.237  1181  1234 I RobotCore: Motor                                              lr                             USB DQ16V4CE; module 2; port 1
