02-25 17:41:36.560 32523 32603 V RobotCore: event loop: device has shutdown abnormally: ABNORMAL
02-25 17:41:36.560 32523 32603 V EventLoopManager: event loop: detaching device DQ16V4CE
02-25 17:41:36.560 32523 32603 I FtcEventLoop: vv===== MODULE DETACH RECOVERY: disarm REV Robotics USB Expansion Hub Portal [DQ16V4CE]=====vv
02-25 17:41:36.560 32523 32603 V LynxUsb : disarmDevice() serial=DQ16V4CE...
02-25 17:41:36.561 32523 32523 V MonitoredUsbDeviceConnection: closing UsbDeviceConnection(DQ16V4CE)
02-25 17:41:36.561 32523   396 V LynxUsb : device closed in incoming datagram loop
02-25 17:41:36.561 32523 32523 D UsbDeviceConnectionJNI: close
02-25 17:41:36.561 32523   396 V RobotUsbDeviceFtdi: closing DQ16V4CE
02-25 17:41:36.562 32523 32603 V LynxUsb : shutting down incoming datagrams
02-25 17:41:36.562 32523 32603 V ThreadPool: waiting for service Lynx incoming datagram poller
02-25 17:41:36.563 32523 32523 V FtDevice: ^^********************DQ16V4CE closed ********************^^
02-25 17:41:36.563 32523   395 V ThreadPool: container(0x09042f8d: WatchdogMonitor) removed id=1041 TID=395 count=1
02-25 17:41:36.563 32523   396 V RobotCore: thread: ...terminating 'lynx incoming datagrams'
02-25 17:41:36.563 32523   396 V ThreadPool: container(0x0c686953: lynx dg poller) removed id=1042 TID=396 count=1
02-25 17:41:36.564 32523 32603 V ThreadPool: awaitTermination returned, isTerminated=true
02-25 17:41:36.564 32523 32603 V ThreadPool: executive service Lynx incoming datagram poller(0x0c686953) is terminated
02-25 17:41:36.564 32523 32603 V RobotUsbDeviceFtdi: closing DQ16V4CE
02-25 17:41:36.564 32523 32603 V LynxUsb : ...done disarmDevice()
02-25 17:41:36.564 32523 32603 I FtcEventLoop: ======= MODULE DETACH RECOVERY: pretend REV Robotics USB Expansion Hub Portal [DQ16V4CE]=======
02-25 17:41:36.564 32523 32603 V LynxUsb : doPretend() serial=DQ16V4CE
02-25 17:41:36.565 32523 32603 I FtcEventLoop: ^^===== MODULE DETACH RECOVERY: complete REV Robotics USB Expansion Hub Portal [DQ16V4CE]=====^^
02-25 17:41:36.565 32523 32603 D RobotCore: system telemetry: key=$System$Warning$ msg="REV Robotics USB Expansion Hub Portal [DQ16V4CE] detached"
02-25 17:41:59.414 32523 32603 I RobotCore: robot battery read duration: n=10, mean=4.136ms sd=1.329ms
02-25 17:43:06.974 32523 32523 V FtDeviceManager: ACTION_USB_DEVICE_ATTACHED: /dev/bus/usb/001/002
02-25 17:43:06.975 32523 32523 V FtDeviceManager: addOrUpdateUsbDevice(vid=0x0403 pid=0x6015)
02-25 17:43:06.985 32523 32523 V ThreadPool: container(0x0d7b4ec1: WatchdogMonitor) added id=1047 TID=0 count=1
02-25 17:43:06.993 32523 32523 V FtDevice: initialize(vid=0x0403 pid=0x6015 bcdDevice=0x1000)
02-25 17:43:06.994 32523 32523 V MonitoredUsbDeviceConnection: closing UsbDeviceConnection(DQ16V4CE)
02-25 17:43:06.994 32523 32523 D UsbDeviceConnectionJNI: close
02-25 17:43:06.994 32523 32523 V MonitoredUsbDeviceConnection: closing UsbDeviceConnection(DQ16V4CE)
02-25 17:43:06.994 32523 32523 D UsbDeviceConnectionJNI: close
02-25 17:43:06.994 32523 32523 V RCActivity: onPause()
02-25 17:43:06.994 32523   461 V ThreadPool: container(0x0d7b4ec1: WatchdogMonitor) removed id=1047 TID=461 count=1
02-25 17:43:06.995 32523 32523 V RCActivity: ACTION_USB_DEVICE_ATTACHED: /dev/bus/usb/001/002
02-25 17:43:06.995 32523 32523 V FtDeviceManager: openByUsbDevice(vid=0x0403 pid=0x6015)
02-25 17:43:07.000 32523 32523 V FtDevice: vv********************DQ16V4CE opening********************vv 0x01459254
02-25 17:43:07.000 32523 32523 V FtDevice: ^^********************DQ16V4CE opened ********************^^
02-25 17:43:07.001 32523 32523 V FtDevice: vv********************DQ16V4CE closing********************vv 0x01459254
02-25 17:43:07.001 32523 32523 V FtDevice: DQ16V4CE stopping thread readBufferManager
02-25 17:43:07.002 32523   463 V FtDevice: DQ16V4CE thread readBufferManager is stopped
02-25 17:43:07.002 32523 32523 V FtDevice: DQ16V4CE stopping thread bulkPacketInWorker
02-25 17:43:07.004 32523   462 V FtDevice: DQ16V4CE thread bulkPacketInWorker is stopped
02-25 17:43:07.004 32523 32523 V MonitoredUsbDeviceConnection: closing UsbDeviceConnection(DQ16V4CE)
02-25 17:43:07.004 32523 32523 D UsbDeviceConnectionJNI: close
02-25 17:43:07.004 32523 32523 V FtDevice: ^^********************DQ16V4CE closed ********************^^
02-25 17:43:07.004 32523 32523 V RCActivity: onResume()
02-25 17:43:07.008 32523 32603 I FtcEventLoop: vv===== MODULE ATTACH: disarm REV Robotics USB Expansion Hub Portal [DQ16V4CE]=====vv
02-25 17:43:07.008 32523 32603 V LynxUsb : disarmDevice() serial=DQ16V4CE...
02-25 17:43:07.008 32523 32603 V LynxUsb : ...done disarmDevice()
02-25 17:43:07.008 32523 32603 I FtcEventLoop: ======= MODULE ATTACH: arm or pretend REV Robotics USB Expansion Hub Portal [DQ16V4CE]=======
02-25 17:43:07.008 32523 32603 V LynxUsb : clearing extant global warning: "REV Robotics USB Expansion Hub Portal [DQ16V4CE] detached"
02-25 17:43:07.010 32523 32603 V FtDeviceManager: createDeviceInfoList(): 1 USB devices
02-25 17:43:07.014 32523 32603 V FtDevice: vv********************DQ16V4CE opening********************vv 0x01459254
02-25 17:43:07.014 32523 32603 V FtDevice: ^^********************DQ16V4CE opened ********************^^
02-25 17:43:07.014 32523 32603 V FtDevice: resetting DQ16V4CE
02-25 17:43:07.015 32523 32603 V ThreadPool: container(0x0e2d15fd: WatchdogMonitor) added id=1052 TID=0 count=1
02-25 17:43:07.019 32523 32603 V LynxUsb : armDevice() serial=DQ16V4CE...
02-25 17:43:07.019 32523 32603 V ThreadPool: container(0x07ae4d43: lynx dg poller) added id=1053 TID=0 count=1
02-25 17:43:07.019 32523 32603 V LynxModule: pingAndQueryKnownInterfaces mod=2
02-25 17:43:07.020 32523   467 V RobotCore: thread: 'lynx incoming datagrams' starting...
02-25 17:43:07.021 32523   467 V LynxUsb : synchronization gained: serial=DQ16V4CE
02-25 17:43:07.024 32523 32603 V LynxModule: queryInterface(DEKA)=49 commands
02-25 17:43:07.027 32523 32603 V LynxModule: mod#=2 intf=DEKA: expected 53 commands; found 49
02-25 17:43:07.030 32523 32603 V LynxModule: sendLEDPatternSteps(): #steps=6
02-25 17:43:07.035 32523 32603 V LynxModule: pingAndQueryKnownInterfaces mod=3
02-25 17:43:07.041 32523 32603 V LynxModule: queryInterface(DEKA)=49 commands
02-25 17:43:07.046 32523 32603 V LynxModule: mod#=3 intf=DEKA: expected 53 commands; found 49
02-25 17:43:07.049 32523 32603 V LynxModule: sendLEDPatternSteps(): #steps=8
02-25 17:43:07.057 32523 32603 V LynxUsb : ...done armDevice()
02-25 17:43:07.057 32523 32603 V AMSColorSensorImpl: internalInitialize()...
02-25 17:43:07.081 32523 32603 V AMSColorSensorImpl: state: 00 00 ff ff 00 00 00 00 00 00 00 00 00 00 00 00 
02-25 17:43:07.081 32523 32603 V AMSColorSensorImpl: state| 00 01 60 00 00 00 00 00 00 
02-25 17:43:07.090 32523 32603 V AMSColorSensorImpl: disable() enabled=0x00...
02-25 17:43:07.109 32523 32603 V AMSColorSensorImpl: ...disable() enabled=0x00
02-25 17:43:07.109 32523 32603 V AMSColorSensorImpl: setIntegrationTime(0xf6)
02-25 17:43:07.115 32523 32603 V AMSColorSensorImpl: setGain(GAIN_4)
02-25 17:43:07.129 32523 32603 V AMSColorSensorImpl: setPDrive(Percent12_5)
02-25 17:43:07.144 32523 32603 V AMSColorSensorImpl: setProximityPulseCount(0x08)
02-25 17:43:07.159 32523 32603 V AMSColorSensorImpl: enable() enabled=0x00...
02-25 17:43:07.187 32523 32603 V AMSColorSensorImpl: ...enable() enabled=0x07
02-25 17:43:07.201 32523 32603 V AMSColorSensorImpl: state: 07 f6 ff ff 00 00 00 00 00 00 00 00 00 00 08 61 
02-25 17:43:07.201 32523 32603 V AMSColorSensorImpl: state| 00 01 60 22 00 00 00 00 00 
02-25 17:43:07.201 32523 32603 V AMSColorSensorImpl: ...internalInitialize()
02-25 17:43:07.202 32523 32603 I FtcEventLoop: ^^===== MODULE ATTACH: complete REV Robotics USB Expansion Hub Portal [DQ16V4CE]=====^^
02-25 17:43:07.213 32523 32603 D RobotCore: system telemetry: key=$System$None$ msg=""
02-25 17:43:16.357 32523 32590 V Robocol : issuing peerDisconnected(): lastRecvPacket=2.014 s
02-25 17:43:16.357 32523 32590 V RobotCore: Network: active, disconnected
02-25 17:43:16.357 32523 32590 I RobotCore: Lost connection while running op mode: $Stop$Robot$
02-25 17:43:16.385 32523 32595 D MediaPlayer: setSubtitleAnchor in MediaPlayer
02-25 17:43:16.386 32523 32523 D MediaPlayer: setSubtitleAnchor in MediaPlayer
02-25 17:43:16.389 32523 32523 E MediaPlayer: invoke failed: wrong state 8
02-25 17:43:16.390 32523 32523 W MediaPlayer: mediaplayer went away with unhandled events
02-25 17:43:16.404 32523 32593 D ExtendedUtils: extended extractor not needed, return default
02-25 17:43:16.405 32523 32593 I MediaCodec: (0xb900fae0) init name(audio/raw) isType(1) encoder(0)
02-25 17:43:16.407 32523   472 I OMXClient: Using client-side OMX mux.
02-25 17:43:16.411 32523   472 E OMXMaster: A component of name 'OMX.qcom.audio.decoder.aac' already exists, ignoring this one.
02-25 17:43:16.413 32523   472 I MediaCodec: (0xb900fae0) Component Allocated (OMX.google.raw.decoder)
02-25 17:43:16.413 32523 32593 I MediaCodec: (0xb900fae0) configure surface(0x0) crypto(0x0) flags(0)
02-25 17:43:16.413 32523 32593 D MediaCodec: (0xb900fae0) configure format: AMessage(what = 0x00000000) = {
02-25 17:43:16.413 32523 32593 D MediaCodec:    string mime = "audio/raw"
02-25 17:43:16.413 32523 32593 D MediaCodec:    int64_t durationUs = 516598
02-25 17:43:16.413 32523 32593 D MediaCodec:    int32_t channel-count = 2
02-25 17:43:16.413 32523 32593 D MediaCodec:    int32_t sample-rate = 44100
02-25 17:43:16.413 32523 32593 D MediaCodec:    int32_t channel-mask = 0
02-25 17:43:16.413 32523 32593 D MediaCodec:  }
02-25 17:43:16.414 32523 32593 I MediaCodec: (0xb900fae0) start
02-25 17:43:16.415 32523   472 I MediaCodec: (0xb900fae0) input buffers allocated
02-25 17:43:16.415 32523   472 I MediaCodec: (0xb900fae0) numBuffers (4)
02-25 17:43:16.415 32523   472 I MediaCodec: (0xb900fae0) output buffers allocated
02-25 17:43:16.415 32523   472 I MediaCodec: (0xb900fae0) numBuffers (4)
02-25 17:43:16.417 32523   472 I MediaCodec: (0xb900fae0) codec output format changed
02-25 17:43:16.417 32523   472 D MediaCodec: (0xb900fae0) output format: AMessage(what = 'codc', target = 14) = {
02-25 17:43:16.417 32523   472 D MediaCodec:    string mime = "audio/raw"
02-25 17:43:16.417 32523   472 D MediaCodec:    int32_t channel-count = 2
02-25 17:43:16.417 32523   472 D MediaCodec:    int32_t sample-rate = 44100
02-25 17:43:16.417 32523   472 D MediaCodec:    int32_t channel-mask = 0
02-25 17:43:16.417 32523   472 D MediaCodec:    int32_t what = 1869968451
02-25 17:43:16.417 32523   472 D MediaCodec:  }
02-25 17:43:16.420 32523 32593 I MediaCodec: (0xb900fae0) stop
02-25 17:43:16.422 32523 32593 I MediaCodec: (0xb900fae0) release
02-25 17:43:16.426 32523 32595 W AudioTrack: AUDIO_OUTPUT_FLAG_FAST denied by client; transfer 4, track 44100 Hz, output 48000 Hz
02-25 17:43:16.859 32523 32603 I RobotCore: Attempting to switch to op mode $Stop$Robot$
02-25 17:43:20.642 32523 32583 V Robocol : resetting peerDisconnected()
02-25 17:43:20.676 32523 32590 V Robocol : sending CMD_NOTIFY_INIT_OP_MODE(49335), attempt: 0
02-25 17:43:20.683 32523 32583 V NetDiscover_prefremrc: sendAllPreferences()
02-25 17:43:20.683 32523 32583 V NetDiscover_prefremrc: sending RC pref name=pref_wifip2p_remote_channel_change_works value=true
02-25 17:43:20.683 32523 32583 V NetDiscover_prefremrc: sending RC pref name=pref_device_name value=12611-RC
02-25 17:43:20.683 32523 32583 V NetDiscover_prefremrc: sending RC pref name=pref_has_independent_phone_battery value=true
02-25 17:43:20.684 32523 32583 V NetDiscover_prefremrc: sending RC pref name=pref_app_theme value=teal
02-25 17:43:20.685 32523 32583 V NetDiscover_prefremrc: sending RC pref name=pref_sound_on_off value=false
02-25 17:43:20.685 32523 32583 V RobotCore: Network: active, connected
02-25 17:43:20.687 32523 32595 W AudioTrack: AUDIO_OUTPUT_FLAG_FAST denied by client; transfer 4, track 44100 Hz, output 48000 Hz
02-25 17:43:20.714 32523 32583 V Robocol : received command: CMD_REQUEST_UI_STATE(10007) 
02-25 17:43:20.714 32523 32583 V Robocol : received command: CMD_REQUEST_UI_STATE(10009) 
02-25 17:43:20.716 32523 32590 V Robocol : sending CMD_NOTIFY_USER_DEVICE_LIST(49344), attempt: 0
02-25 17:43:20.717 32523 32590 V Robocol : sending CMD_ROBOT_CONTROLLER_PREFERENCE(49345), attempt: 0
02-25 17:43:20.718 32523 32590 V Robocol : sending CMD_ROBOT_CONTROLLER_PREFERENCE(49346), attempt: 0
02-25 17:43:20.718 32523 32590 V Robocol : sending CMD_ROBOT_CONTROLLER_PREFERENCE(49347), attempt: 0
02-25 17:43:20.718 32523 32590 V Robocol : sending CMD_ROBOT_CONTROLLER_PREFERENCE(49348), attempt: 0
02-25 17:43:20.720 32523 32590 V Robocol : sending CMD_ROBOT_CONTROLLER_PREFERENCE(49349), attempt: 0
02-25 17:43:20.756 32523 32590 V Robocol : sending CMD_NOTIFY_ACTIVE_CONFIGURATION(49363), attempt: 0
02-25 17:43:20.756 32523 32590 V Robocol : sending CMD_NOTIFY_USER_DEVICE_LIST(49371), attempt: 0
02-25 17:43:20.796 32523 32590 V Robocol : sending CMD_NOTIFY_OP_MODE_LIST(49372), attempt: 0
02-25 17:43:20.797 32523 32590 V Robocol : sending CMD_NOTIFY_ACTIVE_CONFIGURATION(49376), attempt: 0
02-25 17:43:20.797 32523 32590 V Robocol : sending CMD_NOTIFY_USER_DEVICE_LIST(49379), attempt: 0
02-25 17:43:20.798 32523 32590 V Robocol : sending CMD_NOTIFY_OP_MODE_LIST(49380), attempt: 0
02-25 17:43:25.787 32523 32583 V Robocol : received command: CMD_INIT_OP_MODE(10091) $Stop$Robot$
02-25 17:43:25.798 32523 32603 I RobotCore: Attempting to switch to op mode $Stop$Robot$
02-25 17:43:25.876 32523 32590 V Robocol : sending CMD_NOTIFY_INIT_OP_MODE(49456), attempt: 0
02-25 17:43:32.586 32523 32583 V Robocol : received command: CMD_INIT_OP_MODE(10181) $Stop$Robot$
02-25 17:43:32.599 32523 32603 I RobotCore: Attempting to switch to op mode $Stop$Robot$
02-25 17:43:32.676 32523 32590 V Robocol : sending CMD_NOTIFY_INIT_OP_MODE(49555), attempt: 0
02-25 17:43:33.827 32523 32583 V Robocol : received command: CMD_INIT_OP_MODE(10200) Tile Runner (New) TeleOps
02-25 17:43:33.839 32523 32603 I RobotCore: Attempting to switch to op mode Tile Runner (New) TeleOps
02-25 17:43:33.839 32523 32603 V AMSColorSensorImpl: internalInitialize()...
02-25 17:43:33.867 32523 32603 V AMSColorSensorImpl: state: 07 f6 ff ff 00 00 00 00 00 00 00 00 00 00 08 61 
02-25 17:43:33.867 32523 32603 V AMSColorSensorImpl: state| 00 01 60 33 1d 00 0a 00 0a 
02-25 17:43:33.879 32523 32603 V AMSColorSensorImpl: disable() enabled=0x07...
02-25 17:43:33.905 32523 32603 V AMSColorSensorImpl: ...disable() enabled=0x00
02-25 17:43:33.905 32523 32603 V AMSColorSensorImpl: setIntegrationTime(0xf6)
02-25 17:43:33.915 32523 32603 V AMSColorSensorImpl: setGain(GAIN_4)
02-25 17:43:33.936 32523 32603 V AMSColorSensorImpl: setPDrive(Percent12_5)
02-25 17:43:33.957 32523 32603 V AMSColorSensorImpl: setProximityPulseCount(0x08)
02-25 17:43:33.979 32523 32603 V AMSColorSensorImpl: enable() enabled=0x00...
02-25 17:43:34.019 32523 32603 V AMSColorSensorImpl: ...enable() enabled=0x07
02-25 17:43:34.031 32523 32603 V AMSColorSensorImpl: state: 07 f6 ff ff 00 00 00 00 00 00 00 00 00 00 08 61 
02-25 17:43:34.031 32523 32603 V AMSColorSensorImpl: state| 00 01 60 33 1d 00 0a 00 0a 
02-25 17:43:34.031 32523 32603 V AMSColorSensorImpl: ...internalInitialize()
02-25 17:43:34.035 32523 32603 W LynxPwmOutputController: LynxSetPWMEnableCommand not implemented by lynx hw; ignoring
02-25 17:43:34.040 32523 32603 W LynxPwmOutputController: LynxSetPWMConfigurationCommand not implemented by lynx hw; ignoring
02-25 17:43:34.044 32523 32603 W LynxPwmOutputController: LynxSetPWMEnableCommand not implemented by lynx hw; ignoring
02-25 17:43:34.048 32523 32603 W LynxPwmOutputController: LynxSetPWMConfigurationCommand not implemented by lynx hw; ignoring
02-25 17:43:34.052 32523 32603 W LynxPwmOutputController: LynxSetPWMEnableCommand not implemented by lynx hw; ignoring
02-25 17:43:34.056 32523 32603 W LynxPwmOutputController: LynxSetPWMConfigurationCommand not implemented by lynx hw; ignoring
02-25 17:43:34.061 32523 32603 W LynxPwmOutputController: LynxSetPWMEnableCommand not implemented by lynx hw; ignoring
02-25 17:43:34.064 32523 32603 W LynxPwmOutputController: LynxSetPWMConfigurationCommand not implemented by lynx hw; ignoring
02-25 17:43:34.162 32523 32603 W LynxPwmOutputController: LynxSetPWMEnableCommand not implemented by lynx hw; ignoring
02-25 17:43:34.168 32523 32603 W LynxPwmOutputController: LynxSetPWMConfigurationCommand not implemented by lynx hw; ignoring
02-25 17:43:34.173 32523 32603 W LynxPwmOutputController: LynxSetPWMEnableCommand not implemented by lynx hw; ignoring
02-25 17:43:34.178 32523 32603 W LynxPwmOutputController: LynxSetPWMConfigurationCommand not implemented by lynx hw; ignoring
02-25 17:43:34.183 32523 32603 W LynxPwmOutputController: LynxSetPWMEnableCommand not implemented by lynx hw; ignoring
02-25 17:43:34.188 32523 32603 W LynxPwmOutputController: LynxSetPWMConfigurationCommand not implemented by lynx hw; ignoring
02-25 17:43:34.193 32523 32603 W LynxPwmOutputController: LynxSetPWMEnableCommand not implemented by lynx hw; ignoring
02-25 17:43:34.197 32523 32603 W LynxPwmOutputController: LynxSetPWMConfigurationCommand not implemented by lynx hw; ignoring
02-25 17:43:34.471 32523 32603 V ThreadPool: container(0x0f3a14f9: LinearOpMode) added id=1057 TID=0 count=1
02-25 17:43:34.477 32523 32590 V Robocol : sending CMD_NOTIFY_INIT_OP_MODE(49583), attempt: 0
02-25 17:43:34.478 32523   477 V RobotCore: thread: 'LinearOpMode main' starting...
02-25 17:43:34.562 32523   477 I TechNova: TileRunnerRobot: Init Drive Motors |  Drive Motors are initialized ...
02-25 17:43:34.688 32523   477 I TechNova: TileRunnerRobot: Color Sensor init failed. | Unable to find a hardware device with the name "glyphColor"
02-25 17:43:34.695 32523   477 I TechNova: TileRunnerRobot: Glyph blocker servo failed | Unable to find a hardware device with the name "glyphBlocker"
02-25 17:43:34.695 32523   477 I TechNova: TileRunnerRobot: Init Servos |  Servos are initialized ...
02-25 17:43:36.186 32523 32583 V Robocol : received command: CMD_RUN_OP_MODE(10228) Tile Runner (New) TeleOps
02-25 17:43:36.236 32523 32590 V Robocol : sending CMD_NOTIFY_RUN_OP_MODE(49606), attempt: 0
02-25 17:45:00.293 32523   477 I RobotCore: robot battery read duration: n=10, mean=3.610ms sd=0.760ms
02-25 17:45:03.986 32523   477 I Place Glyph:: Trip #:1 | 87.7
02-25 17:45:14.383 32523   477 I Place Glyph:: Trip #:2 | 10.4
02-25 17:45:14.429 32523   477 I Place Glyph:: Trip #:3 | 0.0
02-25 17:45:32.145 32523   477 I Place Glyph:: Trip #:4 | 17.7
02-25 17:45:32.175 32523   477 I Place Glyph:: Trip #:5 | 0.0
02-25 17:45:32.226 32523   477 I Place Glyph:: Trip #:6 | 0.1
02-25 17:45:45.139 32523   477 I Place Glyph:: Trip #:7 | 12.9
02-25 17:45:45.175 32523   477 I Place Glyph:: Trip #:8 | 0.0
02-25 17:45:45.210 32523   477 I Place Glyph:: Trip #:9 | 0.0
02-25 17:46:01.256 32523   477 I Place Glyph:: Trip #:10 | 16.0
02-25 17:46:10.159 32523   477 I Place Glyph:: Trip #:11 | 8.9
02-25 17:46:10.214 32523   477 I Place Glyph:: Trip #:12 | 0.1
02-25 17:46:20.224 32523   477 I Release Relic Claw:: Recovery starts ...
02-25 17:46:20.293 32523   477 I Release Relic Claw:: Recovery starts ...
02-25 17:46:20.341 32523   477 I Release Relic Claw:: Recovery starts ...
02-25 17:46:20.388 32523   477 I Release Relic Claw:: Recovery starts ...
02-25 17:46:20.434 32523   477 I Release Relic Claw:: Recovery starts ...
02-25 17:46:20.466 32523   477 I Release Relic Claw:: Recovery starts ...
02-25 17:46:20.496 32523   477 I Release Relic Claw:: Recovery starts ...
02-25 17:48:01.779 32523   477 I RobotCore: robot battery read duration: n=10, mean=3.633ms sd=0.834ms
02-25 17:48:34.346 32523 32583 V Robocol : received command: CMD_INIT_OP_MODE(18877) $Stop$Robot$
02-25 17:48:34.376 32523 32603 V ThreadPool: waiting for service user linear op mode
02-25 17:48:34.379 32523   477 V RobotCore: thread: ...terminating 'LinearOpMode main'
02-25 17:48:34.380 32523 32603 V ThreadPool: awaitTermination returned, isTerminated=true
02-25 17:48:34.380 32523   477 V ThreadPool: container(0x0f3a14f9: LinearOpMode) removed id=1057 TID=477 count=1
02-25 17:48:34.380 32523 32603 V ThreadPool: executive service user linear op mode(0x0f3a14f9) is terminated
02-25 17:48:34.380 32523 32603 I RobotCore: Attempting to switch to op mode $Stop$Robot$
02-25 17:48:34.436 32523 32590 V Robocol : sending CMD_NOTIFY_INIT_OP_MODE(58530), attempt: 0
02-25 17:48:34.468 32523 32583 V Robocol : received command: CMD_RUN_OP_MODE(18884) $Stop$Robot$
02-25 17:48:34.516 32523 32590 V Robocol : sending CMD_NOTIFY_RUN_OP_MODE(58536), attempt: 0
02-25 17:49:52.626 32523 32583 V Robocol : received command: CMD_INIT_OP_MODE(19864) Tile Runner (New) TeleOps
02-25 17:49:52.638 32523 32603 I RobotCore: Attempting to switch to op mode Tile Runner (New) TeleOps
02-25 17:49:52.638 32523 32603 V AMSColorSensorImpl: internalInitialize()...
02-25 17:49:52.668 32523 32603 V AMSColorSensorImpl: state: 07 f6 ff ff 00 00 00 00 00 00 00 00 00 00 08 61 
02-25 17:49:52.668 32523 32603 V AMSColorSensorImpl: state| 00 01 60 33 1d 00 0a 00 0a 
02-25 17:49:52.680 32523 32603 V AMSColorSensorImpl: disable() enabled=0x07...
02-25 17:49:52.706 32523 32603 V AMSColorSensorImpl: ...disable() enabled=0x00
02-25 17:49:52.707 32523 32603 V AMSColorSensorImpl: setIntegrationTime(0xf6)
02-25 17:49:52.717 32523 32603 V AMSColorSensorImpl: setGain(GAIN_4)
02-25 17:49:52.738 32523 32603 V AMSColorSensorImpl: setPDrive(Percent12_5)
02-25 17:49:52.760 32523 32603 V AMSColorSensorImpl: setProximityPulseCount(0x08)
02-25 17:49:52.781 32523 32603 V AMSColorSensorImpl: enable() enabled=0x00...
02-25 17:49:52.821 32523 32603 V AMSColorSensorImpl: ...enable() enabled=0x07
02-25 17:49:52.841 32523 32603 V AMSColorSensorImpl: state: 07 f6 ff ff 00 00 00 00 00 00 00 00 00 00 08 61 
02-25 17:49:52.842 32523 32603 V AMSColorSensorImpl: state| 00 01 60 33 1d 00 0a 00 0a 
02-25 17:49:52.842 32523 32603 V AMSColorSensorImpl: ...internalInitialize()
02-25 17:49:52.847 32523 32603 W LynxPwmOutputController: LynxSetPWMEnableCommand not implemented by lynx hw; ignoring
02-25 17:49:52.850 32523 32603 W LynxPwmOutputController: LynxSetPWMConfigurationCommand not implemented by lynx hw; ignoring
02-25 17:49:52.854 32523 32603 W LynxPwmOutputController: LynxSetPWMEnableCommand not implemented by lynx hw; ignoring
02-25 17:49:52.858 32523 32603 W LynxPwmOutputController: LynxSetPWMConfigurationCommand not implemented by lynx hw; ignoring
02-25 17:49:52.862 32523 32603 W LynxPwmOutputController: LynxSetPWMEnableCommand not implemented by lynx hw; ignoring
02-25 17:49:52.867 32523 32603 W LynxPwmOutputController: LynxSetPWMConfigurationCommand not implemented by lynx hw; ignoring
02-25 17:49:52.870 32523 32603 W LynxPwmOutputController: LynxSetPWMEnableCommand not implemented by lynx hw; ignoring
02-25 17:49:52.874 32523 32603 W LynxPwmOutputController: LynxSetPWMConfigurationCommand not implemented by lynx hw; ignoring
02-25 17:49:52.975 32523 32603 W LynxPwmOutputController: LynxSetPWMEnableCommand not implemented by lynx hw; ignoring
02-25 17:49:52.981 32523 32603 W LynxPwmOutputController: LynxSetPWMConfigurationCommand not implemented by lynx hw; ignoring
02-25 17:49:52.985 32523 32603 W LynxPwmOutputController: LynxSetPWMEnableCommand not implemented by lynx hw; ignoring
02-25 17:49:52.991 32523 32603 W LynxPwmOutputController: LynxSetPWMConfigurationCommand not implemented by lynx hw; ignoring
02-25 17:49:52.996 32523 32603 W LynxPwmOutputController: LynxSetPWMEnableCommand not implemented by lynx hw; ignoring
02-25 17:49:53.000 32523 32603 W LynxPwmOutputController: LynxSetPWMConfigurationCommand not implemented by lynx hw; ignoring
02-25 17:49:53.005 32523 32603 W LynxPwmOutputController: LynxSetPWMEnableCommand not implemented by lynx hw; ignoring
02-25 17:49:53.011 32523 32603 W LynxPwmOutputController: LynxSetPWMConfigurationCommand not implemented by lynx hw; ignoring
02-25 17:49:53.334 32523 32603 V ThreadPool: container(0x0ade7a9f: LinearOpMode) added id=1058 TID=0 count=1
02-25 17:49:53.339 32523   506 V RobotCore: thread: 'LinearOpMode main' starting...
02-25 17:49:53.356 32523 32590 V Robocol : sending CMD_NOTIFY_INIT_OP_MODE(59602), attempt: 0
02-25 17:49:53.424 32523   506 I TechNova: TileRunnerRobot: Init Drive Motors |  Drive Motors are initialized ...
02-25 17:49:53.550 32523   506 I TechNova: TileRunnerRobot: Color Sensor init failed. | Unable to find a hardware device with the name "glyphColor"
02-25 17:49:53.557 32523   506 I TechNova: TileRunnerRobot: Glyph blocker servo failed | Unable to find a hardware device with the name "glyphBlocker"
02-25 17:49:53.557 32523   506 I TechNova: TileRunnerRobot: Init Servos |  Servos are initialized ...
02-25 17:49:53.946 32523 32583 V Robocol : received command: CMD_INIT_OP_MODE(19882) $Stop$Robot$
02-25 17:49:53.957 32523 32603 V ThreadPool: waiting for service user linear op mode
02-25 17:49:53.959 32523   506 V RobotCore: thread: ...terminating 'LinearOpMode main'
02-25 17:49:53.959 32523   506 V ThreadPool: container(0x0ade7a9f: LinearOpMode) removed id=1058 TID=506 count=1
02-25 17:49:53.959 32523 32603 V ThreadPool: awaitTermination returned, isTerminated=true
02-25 17:49:53.959 32523 32603 V ThreadPool: executive service user linear op mode(0x0ade7a9f) is terminated
02-25 17:49:53.960 32523 32603 I RobotCore: Attempting to switch to op mode $Stop$Robot$
02-25 17:49:53.996 32523 32590 V Robocol : sending CMD_NOTIFY_INIT_OP_MODE(59616), attempt: 0
02-25 17:49:54.082 32523 32583 V Robocol : received command: CMD_RUN_OP_MODE(19888) $Stop$Robot$
02-25 17:49:54.117 32523 32590 V Robocol : sending CMD_NOTIFY_RUN_OP_MODE(59622), attempt: 0
02-25 17:50:04.334 32523   464 E BulkPacketInWorker: DQ16V4CE: bulkTransfer() error: -1
02-25 17:50:05.312 32523 32523 V FtDeviceManager: ACTION_USB_DEVICE_DETACHED: /dev/bus/usb/001/002
02-25 17:50:05.312 32523 32523 V FtDevice: vv********************DQ16V4CE closing********************vv 0x01459254
02-25 17:50:05.312 32523 32523 V FtDevice: DQ16V4CE stopping thread readBufferManager
02-25 17:50:05.313 32523   465 V FtDevice: DQ16V4CE thread readBufferManager is stopped
02-25 17:50:05.313 32523 32523 V FtDevice: DQ16V4CE stopping thread bulkPacketInWorker
02-25 17:50:05.313 32523   464 V FtDevice: DQ16V4CE thread bulkPacketInWorker is stopped
02-25 17:50:05.314 32523 32523 V MonitoredUsbDeviceConnection: closing UsbDeviceConnection(DQ16V4CE)
02-25 17:50:05.314 32523   467 V LynxUsb : device closed in incoming datagram loop
02-25 17:50:05.314 32523 32523 D UsbDeviceConnectionJNI: close
02-25 17:50:05.314 32523 32523 V FtDevice: ^^********************DQ16V4CE closed ********************^^
02-25 17:50:05.314 32523   467 V RobotUsbDeviceFtdi: closing DQ16V4CE
02-25 17:50:05.315 32523   466 V ThreadPool: container(0x0e2d15fd: WatchdogMonitor) removed id=1052 TID=466 count=1
02-25 17:50:05.311   467   467 W com.qualcomm.ftcrobotcontroller: type=1400 audit(0.0:11622): avc: denied { search } for uid=10133 comm=6C796E7820696E636F6D696E672064 name="usb" dev="tmpfs" ino=10315 scontext=u:r:untrusted_app:s0:c512,c768 tcontext=u:object_r:usb_device:s0 tclass=dir permissive=0
02-25 17:50:05.315 32523   467 V RobotCore: thread: ...terminating 'lynx incoming datagrams'
02-25 17:50:05.316 32523 32603 D RobotCore: system telemetry: key=$System$Warning$ msg="REV Robotics USB Expansion Hub Portal [DQ16V4CE] detached"
02-25 17:50:05.317 32523 32603 V RobotCore: event loop: device has shutdown abnormally: ABNORMAL
02-25 17:50:05.317 32523 32603 V EventLoopManager: event loop: detaching device DQ16V4CE
02-25 17:50:05.317 32523 32603 I FtcEventLoop: vv===== MODULE DETACH RECOVERY: disarm REV Robotics USB Expansion Hub Portal [DQ16V4CE]=====vv
02-25 17:50:05.318 32523 32603 V LynxUsb : disarmDevice() serial=DQ16V4CE...
02-25 17:50:05.318 32523 32603 V LynxUsb : shutting down incoming datagrams
02-25 17:50:05.318 32523 32603 V ThreadPool: waiting for service Lynx incoming datagram poller
02-25 17:50:05.318 32523 32603 V ThreadPool: awaitTermination returned, isTerminated=true
02-25 17:50:05.319 32523   467 V ThreadPool: container(0x07ae4d43: lynx dg poller) removed id=1053 TID=467 count=1
02-25 17:50:05.319 32523 32603 V ThreadPool: executive service Lynx incoming datagram poller(0x07ae4d43) is terminated
02-25 17:50:05.319 32523 32603 V RobotUsbDeviceFtdi: closing DQ16V4CE
02-25 17:50:05.319 32523 32603 V LynxUsb : ...done disarmDevice()
02-25 17:50:05.319 32523 32603 I FtcEventLoop: ======= MODULE DETACH RECOVERY: pretend REV Robotics USB Expansion Hub Portal [DQ16V4CE]=======
02-25 17:50:05.319 32523 32603 V LynxUsb : doPretend() serial=DQ16V4CE
02-25 17:50:05.320 32523 32603 I FtcEventLoop: ^^===== MODULE DETACH RECOVERY: complete REV Robotics USB Expansion Hub Portal [DQ16V4CE]=====^^
02-25 17:50:05.320 32523 32595 W AudioTrack: AUDIO_OUTPUT_FLAG_FAST denied by client; transfer 4, track 44100 Hz, output 48000 Hz
02-25 17:51:03.762 32523 32603 I RobotCore: robot battery read duration: n=10, mean=3.808ms sd=1.045ms
02-25 17:51:19.346 32523 32583 V Robocol : received command: CMD_INIT_OP_MODE(20961) $Stop$Robot$
02-25 17:51:19.351 32523 32603 I RobotCore: Attempting to switch to op mode $Stop$Robot$
02-25 17:51:19.357 32523 32590 V Robocol : sending CMD_NOTIFY_INIT_OP_MODE(60783), attempt: 0
02-25 17:51:19.427 32523 32583 V Robocol : received command: CMD_RUN_OP_MODE(20969) $Stop$Robot$
02-25 17:51:19.436 32523 32590 V Robocol : sending CMD_NOTIFY_RUN_OP_MODE(60793), attempt: 0
02-25 17:51:20.215 32523 32523 V RCActivity: onPause()
02-25 17:51:20.216 32523 32523 V RCActivity: ACTION_USB_DEVICE_ATTACHED: /dev/bus/usb/001/002
02-25 17:51:20.217 32523 32523 V FtDeviceManager: openByUsbDevice(vid=0x0403 pid=0x6015)
02-25 17:51:20.217 32523 32523 V FtDeviceManager: device not found: adding it on the fly
02-25 17:51:20.217 32523 32523 V FtDeviceManager: addOrUpdateUsbDevice(vid=0x0403 pid=0x6015)
02-25 17:51:20.222 32523 32523 V ThreadPool: container(0x057e07b5: WatchdogMonitor) added id=1059 TID=0 count=1
02-25 17:51:20.229 32523 32523 V FtDevice: initialize(vid=0x0403 pid=0x6015 bcdDevice=0x1000)
02-25 17:51:20.229 32523 32523 V MonitoredUsbDeviceConnection: closing UsbDeviceConnection(DQ16V4CE)
02-25 17:51:20.229 32523 32523 D UsbDeviceConnectionJNI: close
02-25 17:51:20.229 32523 32523 V MonitoredUsbDeviceConnection: closing UsbDeviceConnection(DQ16V4CE)
02-25 17:51:20.230 32523 32523 D UsbDeviceConnectionJNI: close
02-25 17:51:20.230 32523   514 V ThreadPool: container(0x057e07b5: WatchdogMonitor) removed id=1059 TID=514 count=1
02-25 17:51:20.233 32523 32523 V FtDevice: vv********************DQ16V4CE opening********************vv 0x0a2986d8
02-25 17:51:20.233 32523 32523 V FtDevice: ^^********************DQ16V4CE opened ********************^^
02-25 17:51:20.233 32523 32523 V FtDevice: vv********************DQ16V4CE closing********************vv 0x0a2986d8
02-25 17:51:20.234 32523 32523 V FtDevice: DQ16V4CE stopping thread readBufferManager
02-25 17:51:20.234 32523   516 V FtDevice: DQ16V4CE thread readBufferManager is stopped
02-25 17:51:20.235 32523 32523 V FtDevice: DQ16V4CE stopping thread bulkPacketInWorker
02-25 17:51:20.236 32523   515 V FtDevice: DQ16V4CE thread bulkPacketInWorker is stopped
02-25 17:51:20.236 32523 32523 V MonitoredUsbDeviceConnection: closing UsbDeviceConnection(DQ16V4CE)
02-25 17:51:20.236 32523 32523 D UsbDeviceConnectionJNI: close
02-25 17:51:20.236 32523 32523 V FtDevice: ^^********************DQ16V4CE closed ********************^^
02-25 17:51:20.236 32523 32523 V RCActivity: onResume()
02-25 17:51:20.237 32523 32523 V FtDeviceManager: ACTION_USB_DEVICE_ATTACHED: /dev/bus/usb/001/002
02-25 17:51:20.237 32523 32523 V FtDeviceManager: addOrUpdateUsbDevice(vid=0x0403 pid=0x6015)
02-25 17:51:20.238 32523 32603 I FtcEventLoop: vv===== MODULE ATTACH: disarm REV Robotics USB Expansion Hub Portal [DQ16V4CE]=====vv
02-25 17:51:20.238 32523 32603 V LynxUsb : disarmDevice() serial=DQ16V4CE...
02-25 17:51:20.238 32523 32603 V LynxUsb : ...done disarmDevice()
02-25 17:51:20.239 32523 32603 I FtcEventLoop: ======= MODULE ATTACH: arm or pretend REV Robotics USB Expansion Hub Portal [DQ16V4CE]=======
02-25 17:51:20.239 32523 32603 V LynxUsb : clearing extant global warning: "REV Robotics USB Expansion Hub Portal [DQ16V4CE] detached"
02-25 17:51:20.240 32523 32603 V FtDeviceManager: createDeviceInfoList(): 1 USB devices
02-25 17:51:20.243 32523 32603 V FtDevice: vv********************DQ16V4CE opening********************vv 0x0a2986d8
02-25 17:51:20.243 32523 32603 V FtDevice: ^^********************DQ16V4CE opened ********************^^
02-25 17:51:20.243 32523 32603 V FtDevice: resetting DQ16V4CE
02-25 17:51:20.244 32523 32603 V ThreadPool: container(0x0dd46a31: WatchdogMonitor) added id=1064 TID=0 count=1
02-25 17:51:20.248 32523 32603 V LynxUsb : armDevice() serial=DQ16V4CE...
02-25 17:51:20.248 32523 32603 V ThreadPool: container(0x0cdf1e97: lynx dg poller) added id=1065 TID=0 count=1
02-25 17:51:20.248 32523 32603 V LynxModule: pingAndQueryKnownInterfaces mod=2
02-25 17:51:20.249 32523   520 V RobotCore: thread: 'lynx incoming datagrams' starting...
02-25 17:51:20.251 32523   520 V LynxUsb : synchronization gained: serial=DQ16V4CE
02-25 17:51:20.254 32523 32603 V LynxModule: queryInterface(DEKA)=49 commands
02-25 17:51:20.258 32523 32603 V LynxModule: mod#=2 intf=DEKA: expected 53 commands; found 49
02-25 17:51:20.260 32523 32603 V LynxModule: sendLEDPatternSteps(): #steps=6
02-25 17:51:20.265 32523 32583 D RobotCore: system telemetry: key=$System$None$ msg=""
02-25 17:51:20.267 32523 32603 V LynxModule: pingAndQueryKnownInterfaces mod=3
02-25 17:51:20.278 32523 32603 V LynxModule: queryInterface(DEKA)=49 commands
02-25 17:51:20.284 32523 32603 V LynxModule: mod#=3 intf=DEKA: expected 53 commands; found 49
02-25 17:51:20.287 32523 32603 V LynxModule: sendLEDPatternSteps(): #steps=8
02-25 17:51:20.296 32523 32603 V LynxUsb : ...done armDevice()
02-25 17:51:20.297 32523 32603 V AMSColorSensorImpl: internalInitialize()...
02-25 17:51:20.326 32523 32603 V AMSColorSensorImpl: state: 00 00 ff ff 00 00 00 00 00 00 00 00 00 00 00 00 
02-25 17:51:20.326 32523 32603 V AMSColorSensorImpl: state| 00 01 60 00 00 00 00 00 00 
02-25 17:51:20.336 32523 32603 V AMSColorSensorImpl: disable() enabled=0x00...
02-25 17:51:20.358 32523 32603 V AMSColorSensorImpl: ...disable() enabled=0x00
02-25 17:51:20.358 32523 32603 V AMSColorSensorImpl: setIntegrationTime(0xf6)
02-25 17:51:20.365 32523 32603 V AMSColorSensorImpl: setGain(GAIN_4)
02-25 17:51:20.382 32523 32603 V AMSColorSensorImpl: setPDrive(Percent12_5)
02-25 17:51:20.398 32523 32603 V AMSColorSensorImpl: setProximityPulseCount(0x08)
02-25 17:51:20.415 32523 32603 V AMSColorSensorImpl: enable() enabled=0x00...
02-25 17:51:20.446 32523 32603 V AMSColorSensorImpl: ...enable() enabled=0x07
02-25 17:51:20.461 32523 32603 V AMSColorSensorImpl: state: 07 f6 ff ff 00 00 00 00 00 00 00 00 00 00 08 61 
02-25 17:51:20.461 32523 32603 V AMSColorSensorImpl: state| 00 01 60 22 00 00 00 00 00 
02-25 17:51:20.461 32523 32603 V AMSColorSensorImpl: ...internalInitialize()
02-25 17:51:20.462 32523 32603 I FtcEventLoop: ^^===== MODULE ATTACH: complete REV Robotics USB Expansion Hub Portal [DQ16V4CE]=====^^
02-25 17:51:22.146 32523 32583 V Robocol : received command: CMD_INIT_OP_MODE(21056) $Stop$Robot$
02-25 17:51:22.153 32523 32603 I RobotCore: Attempting to switch to op mode $Stop$Robot$
02-25 17:51:22.196 32523 32590 V Robocol : sending CMD_NOTIFY_INIT_OP_MODE(60883), attempt: 0
02-25 17:51:22.266 32523 32583 V Robocol : received command: CMD_RUN_OP_MODE(21062) $Stop$Robot$
02-25 17:51:22.276 32523 32590 V Robocol : sending CMD_NOTIFY_RUN_OP_MODE(60888), attempt: 0
02-25 17:51:27.147 32523 32583 V Robocol : received command: CMD_INIT_OP_MODE(21128) Auto BLUE #1 More Glyphs
02-25 17:51:27.159 32523 32603 I RobotCore: Attempting to switch to op mode Auto BLUE #1 More Glyphs
02-25 17:51:27.160 32523 32603 V AMSColorSensorImpl: internalInitialize()...
02-25 17:51:27.184 32523 32603 V AMSColorSensorImpl: state: 07 f6 ff ff 00 00 00 00 00 00 00 00 00 00 08 61 
02-25 17:51:27.185 32523 32603 V AMSColorSensorImpl: state| 00 01 60 33 1c 00 09 00 09 
02-25 17:51:27.197 32523 32603 V AMSColorSensorImpl: disable() enabled=0x07...
02-25 17:51:27.223 32523 32603 V AMSColorSensorImpl: ...disable() enabled=0x00
02-25 17:51:27.223 32523 32603 V AMSColorSensorImpl: setIntegrationTime(0xf6)
02-25 17:51:27.234 32523 32603 V AMSColorSensorImpl: setGain(GAIN_4)
02-25 17:51:27.255 32523 32603 V AMSColorSensorImpl: setPDrive(Percent12_5)
02-25 17:51:27.275 32523 32603 V AMSColorSensorImpl: setProximityPulseCount(0x08)
02-25 17:51:27.296 32523 32603 V AMSColorSensorImpl: enable() enabled=0x00...
02-25 17:51:27.336 32523 32603 V AMSColorSensorImpl: ...enable() enabled=0x07
02-25 17:51:27.348 32523 32603 V AMSColorSensorImpl: state: 07 f6 ff ff 00 00 00 00 00 00 00 00 00 00 08 61 
02-25 17:51:27.349 32523 32603 V AMSColorSensorImpl: state| 00 01 60 33 1b 00 09 00 09 
02-25 17:51:27.349 32523 32603 V AMSColorSensorImpl: ...internalInitialize()
02-25 17:51:27.353 32523 32603 W LynxPwmOutputController: LynxSetPWMEnableCommand not implemented by lynx hw; ignoring
02-25 17:51:27.357 32523 32603 W LynxPwmOutputController: LynxSetPWMConfigurationCommand not implemented by lynx hw; ignoring
02-25 17:51:27.361 32523 32603 W LynxPwmOutputController: LynxSetPWMEnableCommand not implemented by lynx hw; ignoring
02-25 17:51:27.365 32523 32603 W LynxPwmOutputController: LynxSetPWMConfigurationCommand not implemented by lynx hw; ignoring
02-25 17:51:27.369 32523 32603 W LynxPwmOutputController: LynxSetPWMEnableCommand not implemented by lynx hw; ignoring
02-25 17:51:27.373 32523 32603 W LynxPwmOutputController: LynxSetPWMConfigurationCommand not implemented by lynx hw; ignoring
02-25 17:51:27.377 32523 32603 W LynxPwmOutputController: LynxSetPWMEnableCommand not implemented by lynx hw; ignoring
02-25 17:51:27.381 32523 32603 W LynxPwmOutputController: LynxSetPWMConfigurationCommand not implemented by lynx hw; ignoring
02-25 17:51:27.478 32523 32603 W LynxPwmOutputController: LynxSetPWMEnableCommand not implemented by lynx hw; ignoring
02-25 17:51:27.484 32523 32603 W LynxPwmOutputController: LynxSetPWMConfigurationCommand not implemented by lynx hw; ignoring
02-25 17:51:27.490 32523 32603 W LynxPwmOutputController: LynxSetPWMEnableCommand not implemented by lynx hw; ignoring
02-25 17:51:27.494 32523 32603 W LynxPwmOutputController: LynxSetPWMConfigurationCommand not implemented by lynx hw; ignoring
02-25 17:51:27.500 32523 32603 W LynxPwmOutputController: LynxSetPWMEnableCommand not implemented by lynx hw; ignoring
02-25 17:51:27.504 32523 32603 W LynxPwmOutputController: LynxSetPWMConfigurationCommand not implemented by lynx hw; ignoring
02-25 17:51:27.509 32523 32603 W LynxPwmOutputController: LynxSetPWMEnableCommand not implemented by lynx hw; ignoring
02-25 17:51:27.515 32523 32603 W LynxPwmOutputController: LynxSetPWMConfigurationCommand not implemented by lynx hw; ignoring
02-25 17:51:27.771 32523 32603 V ThreadPool: container(0x0d54786d: LinearOpMode) added id=1066 TID=0 count=1
02-25 17:51:27.777 32523   521 V RobotCore: thread: 'LinearOpMode main' starting...
02-25 17:51:27.797 32523 32590 V Robocol : sending CMD_NOTIFY_INIT_OP_MODE(60968), attempt: 0
02-25 17:51:27.853 32523   521 I TechNova: TileRunnerRobot: Init Drive Motors |  Drive Motors are initialized ...
02-25 17:51:27.853 32523   521 I TileRunnerRobot: 0 | init ...
02-25 17:51:27.956 32523   521 V RobotCore: addr=false data=true arb=false clock=false
02-25 17:51:27.956 32523   521 E LynxI2cDeviceSynch: readStatusQuery: cbExpected=1 cbRead=0
02-25 17:51:27.956 32523   521 E LynxI2cDeviceSynch: placeholder: readStatusQuery
02-25 17:51:28.030 32523   521 V RobotCore: addr=false data=true arb=false clock=false
02-25 17:51:28.031 32523   521 E LynxI2cDeviceSynch: readStatusQuery: cbExpected=1 cbRead=0
02-25 17:51:28.102 32523   521 V RobotCore: addr=false data=true arb=false clock=false
02-25 17:51:28.102 32523   521 E LynxI2cDeviceSynch: readStatusQuery: cbExpected=1 cbRead=0
02-25 17:51:28.174 32523   521 V RobotCore: addr=false data=true arb=false clock=false
02-25 17:51:28.174 32523   521 E LynxI2cDeviceSynch: readStatusQuery: cbExpected=1 cbRead=0
02-25 17:51:28.246 32523   521 V RobotCore: addr=false data=true arb=false clock=false
02-25 17:51:28.246 32523   521 E LynxI2cDeviceSynch: readStatusQuery: cbExpected=1 cbRead=0
02-25 17:51:28.318 32523   521 V RobotCore: addr=false data=true arb=false clock=false
02-25 17:51:28.318 32523   521 E LynxI2cDeviceSynch: readStatusQuery: cbExpected=1 cbRead=0
02-25 17:51:28.391 32523   521 V RobotCore: addr=false data=true arb=false clock=false
02-25 17:51:28.391 32523   521 E LynxI2cDeviceSynch: readStatusQuery: cbExpected=1 cbRead=0
02-25 17:51:28.464 32523   521 V RobotCore: addr=false data=true arb=false clock=false
02-25 17:51:28.464 32523   521 E LynxI2cDeviceSynch: readStatusQuery: cbExpected=1 cbRead=0
02-25 17:51:28.930 32523   521 W AdaFruitIMU: re-issuing IMU mode: system status=IDLE expected=RUNNING_FUSION
02-25 17:51:29.102 32523   521 I TechNova: TileRunnerRobot: Init Imu | 1248 | imu initialized ...
02-25 17:51:29.102 32523   521 I TechNova: TileRunnerRobot: Init Range Sesnor |  Range Sensor x1 and x2 are initialized ...
02-25 17:51:29.227 32523   521 I TechNova: TileRunnerRobot: Color Sensor init failed. | Unable to find a hardware device with the name "glyphColor"
02-25 17:51:29.234 32523   521 I TechNova: TileRunnerRobot: Glyph blocker servo failed | Unable to find a hardware device with the name "glyphBlocker"
02-25 17:51:29.234 32523   521 I TechNova: TileRunnerRobot: Init Servos |  Servos are initialized ...
02-25 17:51:29.602 32523   521 I System.out: Native library libVuforia.so loaded
02-25 17:51:29.611 32523   521 I AR      : Vuforia SDK version 6.0.117
02-25 17:51:29.651 32523   521 I CameraManagerGlobal: Connecting to camera service
02-25 17:51:30.406 32523   521 I AR      : ObjectTracker: Successfully created dataset
02-25 17:51:30.407 32523   521 V Vuforia : loading data set 'RelicVuMark'...
02-25 17:51:30.637 32523   521 V Vuforia : ... done loading data set 'RelicVuMark'
02-25 17:51:30.715 32523   521 I JewelPusher: Color in Init (R,G, B):9, 9, 8
02-25 17:51:30.743 32523   521 I TechNova: TileRunnerRobot: IMU Heading: | -0.0
02-25 17:51:30.744 32523   521 I VuMarkVision: VuMark | UNKNOWN visible
02-25 17:51:30.833 32523 32583 V EventLoopManager: synthetic gamepad received: id=-2 user=TWO atRest=true 
02-25 17:51:30.867 32523 32583 V EventLoopManager: synthetic gamepad received: id=-2 user=ONE atRest=true 
02-25 17:51:39.036 32523 32533 I art     : Background sticky concurrent mark sweep GC freed 151818(6MB) AllocSpace objects, 19(1524KB) LOS objects, 19% free, 34MB/42MB, paused 2.151ms total 119.745ms
02-25 17:51:52.924 32523 32533 I art     : Background partial concurrent mark sweep GC freed 214625(7MB) AllocSpace objects, 3(12MB) LOS objects, 40% free, 22MB/37MB, paused 1.774ms total 132.451ms
02-25 17:52:06.710 32523 32583 V Robocol : received command: CMD_RUN_OP_MODE(21616) Auto BLUE #1 More Glyphs
02-25 17:52:06.758 32523 32590 V Robocol : sending CMD_NOTIFY_RUN_OP_MODE(61487), attempt: 0
02-25 17:52:07.005 32523   521 I TechNova: TileRunnerRobot: Robot: | Robot starting 39844.9
02-25 17:52:07.105 32523   521 I RelicRecoveryAutoTileRunnerBlue3: BLUE | State:                    0 [START] |  Start |  104.8 | 39846 | IMU: -2.5 | (x1,x2): 35.0, 12.2 | Glyph count:    0 | UNKNOWN | Battery: 13.98
02-25 17:52:07.208 32523   521 I RelicRecoveryAutoTileRunnerBlue3: BLUE | State:                    0 [START] |    End |  204.6 | 39947 | IMU: -2.5 | (x1,x2): 35.0, 12.2 | Glyph count:    0 | UNKNOWN | Battery: 13.98
02-25 17:52:07.223 32523   521 I VuMarkVision: VuMark | RIGHT visible
02-25 17:52:07.345 32523   521 I RelicRecoveryAutoTileRunnerBlue3: BLUE | State:               1 [PUSH_JEWEL] |  Start |  334.7 |    28 | IMU: -2.5 | (x1,x2): 35.0, 12.2 | Glyph count:    0 | RIGHT | Battery: 13.98
02-25 17:52:07.345 32523   521 I JewelPusher: Deploying jewel pusher arms ...
02-25 17:52:08.619 32523   521 I TechNova:JewelPusher: Jewel Color: (28|9) 16777216
02-25 17:52:08.679 32523   521 I TechNova: JewelPusher: JewelColor:RED
02-25 17:52:09.695 32523   521 I JewelPusher: Retracting jewel pusher arms ...
02-25 17:52:10.330 32523   521 I RelicRecoveryAutoTileRunnerBlue3: BLUE | State:               1 [PUSH_JEWEL] |    End | 3322.6 |  3016 | IMU: -2.5 | (x1,x2): 35.0, 12.6 | Glyph count:    0 | RIGHT | Battery: 13.89
02-25 17:52:10.503 32523   521 I RelicRecoveryAutoTileRunnerBlue3: BLUE | State:            2 [GET_OFF_STONE] |  Start | 3495.5 |    66 | IMU: -2.7 | (x1,x2): 36.0, 12.6 | Glyph count:    0 | RIGHT | Battery: 13.96
02-25 17:52:10.511 32523   521 I TechNova: RelicRecoveryAutoTileRunnerBlue3: Drive forward: | 24.50, 0.22
02-25 17:52:10.511 32523   521 I TechNova: TileRunnerRobot: Encoder: | 50.93 | 1247
02-25 17:52:10.734 32523   521 I TechNova: TileRunnerRobot: Encoder Remain | 	1220.0	1220.0	0.0
02-25 17:52:10.752 32523   521 I TechNova: TileRunnerRobot: EncodersC | 	-41	-43	-40	-38
02-25 17:52:10.774 32523   521 I TechNova: TileRunnerRobot: EncodersT | 	-1246	-1247	-1247	-1246
02-25 17:52:10.874 32523   521 I TechNova: TileRunnerRobot: Encoder Remain | 	1150.0	1185.0	1220.0
02-25 17:52:10.890 32523   521 I TechNova: TileRunnerRobot: EncodersC | 	-112	-115	-113	-109
02-25 17:52:10.913 32523   521 I TechNova: TileRunnerRobot: EncodersT | 	-1246	-1247	-1247	-1246
02-25 17:52:11.014 32523   521 I TechNova: TileRunnerRobot: Encoder Remain | 	1038.0	1136.0	1185.0
02-25 17:52:11.032 32523   521 I TechNova: TileRunnerRobot: EncodersC | 	-229	-238	-241	-230
02-25 17:52:11.050 32523   521 I TechNova: TileRunnerRobot: EncodersT | 	-1246	-1247	-1247	-1246
02-25 17:52:11.163 32523   521 I TechNova: TileRunnerRobot: Encoder Remain | 	880.0	1022.7	1136.0
02-25 17:52:11.190 32523   521 I TechNova: TileRunnerRobot: EncodersC | 	-397	-430	-432	-413
02-25 17:52:11.212 32523   521 I TechNova: TileRunnerRobot: EncodersT | 	-1246	-1247	-1247	-1246
02-25 17:52:11.302 32523   521 I TechNova: TileRunnerRobot: Encoder Remain | 	676.0	864.7	1022.7
02-25 17:52:11.327 32523   521 I TechNova: TileRunnerRobot: EncodersC | 	-600	-618	-601	-618
02-25 17:52:11.347 32523   521 I TechNova: TileRunnerRobot: EncodersT | 	-1246	-1247	-1247	-1246
02-25 17:52:11.444 32523   521 I TechNova: TileRunnerRobot: Encoder Remain | 	496.0	684.0	864.7
02-25 17:52:11.462 32523   521 I TechNova: TileRunnerRobot: EncodersC | 	-787	-789	-785	-784
02-25 17:52:11.492 32523   521 I TechNova: TileRunnerRobot: EncodersT | 	-1246	-1247	-1247	-1246
02-25 17:52:11.593 32523   521 I TechNova: TileRunnerRobot: Encoder Remain | 	312.0	494.7	684.0
02-25 17:52:11.613 32523   521 I TechNova: TileRunnerRobot: EncodersC | 	-970	-967	-970	-975
02-25 17:52:11.632 32523   521 I TechNova: TileRunnerRobot: EncodersT | 	-1246	-1247	-1247	-1246
02-25 17:52:11.746 32523   521 I TechNova: TileRunnerRobot: Encoder Remain | 	158.0	322.0	494.7
02-25 17:52:11.762 32523   521 I TechNova: TileRunnerRobot: EncodersC | 	-1138	-1130	-1125	-1115
02-25 17:52:11.782 32523   521 I TechNova: TileRunnerRobot: EncodersT | 	-1246	-1247	-1247	-1246
02-25 17:52:11.885 32523   521 I TechNova: TileRunnerRobot: Encoder Remain | 	40.0	170.0	322.0
02-25 17:52:11.901 32523   521 I TechNova: TileRunnerRobot: EncodersC | 	-1239	-1216	-1231	-1220
02-25 17:52:11.919 32523   521 I TechNova: TileRunnerRobot: EncodersT | 	-1246	-1247	-1247	-1246
02-25 17:52:12.000 32523   521 I TechNova: TileRunnerRobot: Encoder Remain | 	7.0	68.3	170.0
02-25 17:52:12.020 32523   521 I TechNova: TileRunnerRobot: EncodersC | 	-1258	-1247	-1259	-1240
02-25 17:52:12.041 32523   521 I TechNova: TileRunnerRobot: EncodersT | 	-1246	-1247	-1247	-1246
02-25 17:52:12.297 32523   521 I RelicRecoveryAutoTileRunnerBlue3: BLUE | State:            2 [GET_OFF_STONE] |    End | 5287.8 |  1858 | IMU: -2.5 | (x1,x2): 32.0, 32.7 | Glyph count:    2 | RIGHT | Battery: 13.96
02-25 17:52:12.411 32523   521 I RelicRecoveryAutoTileRunnerBlue3: BLUE | State:          3 [ALIGN_TO_COLUMN] |  Start | 5422.9 |    26 | IMU: -2.5 | (x1,x2): 32.0, 33.1 | Glyph count:    2 | RIGHT | Battery: 13.96
02-25 17:52:12.412 32523   521 I TechNova: RelicRecoveryAutoTileRunnerBlue3: Drive forward: | 17.50, 0.22
02-25 17:52:12.413 32523   521 I TechNova: TileRunnerRobot: Encoder: | 50.93 | 891
02-25 17:52:12.606 32523   521 I TechNova: TileRunnerRobot: Encoder Remain | 	872.0	306.3	68.3
02-25 17:52:12.629 32523   521 I TechNova: TileRunnerRobot: EncodersC | 	-29	-22	-37	-23
02-25 17:52:12.647 32523   521 I TechNova: TileRunnerRobot: EncodersT | 	-890	-891	-891	-890
02-25 17:52:12.753 32523   521 I TechNova: TileRunnerRobot: Encoder Remain | 	795.0	558.0	306.3
02-25 17:52:12.774 32523   521 I TechNova: TileRunnerRobot: EncodersC | 	-114	-111	-133	-119
02-25 17:52:12.796 32523   521 I TechNova: TileRunnerRobot: EncodersT | 	-890	-891	-891	-890
02-25 17:52:12.889 32523   521 I TechNova: TileRunnerRobot: Encoder Remain | 	668.0	778.3	558.0
02-25 17:52:12.906 32523   521 I TechNova: TileRunnerRobot: EncodersC | 	-244	-240	-263	-246
02-25 17:52:12.929 32523   521 I TechNova: TileRunnerRobot: EncodersT | 	-890	-891	-891	-890
02-25 17:52:13.046 32523   521 I TechNova: TileRunnerRobot: Encoder Remain | 	507.0	656.7	778.3
02-25 17:52:13.064 32523   521 I TechNova: TileRunnerRobot: EncodersC | 	-417	-416	-442	-425
02-25 17:52:13.090 32523   521 I TechNova: TileRunnerRobot: EncodersT | 	-890	-891	-891	-890
02-25 17:52:13.203 32523   521 I TechNova: TileRunnerRobot: Encoder Remain | 	315.0	496.7	656.7
02-25 17:52:13.231 32523   521 I TechNova: TileRunnerRobot: EncodersC | 	-602	-610	-639	-619
