10-24 21:04:47.601  5765  5952 V Robocol : received command: CMD_INIT_OP_MODE(11559) Sensor: MR range sensor
10-24 21:04:47.603  5765  5951 I BatteryChecker: percent remaining: 88 is charging: false
10-24 21:04:47.613  5765  7890 I RobotCore: Attempting to switch to op mode Sensor: MR range sensor
10-24 21:04:47.663  5765  7890 W LynxPwmOutputController: LynxSetPWMEnableCommand not implemented by lynx hw; ignoring
10-24 21:04:47.666  5765  7890 W LynxPwmOutputController: LynxSetPWMConfigurationCommand not implemented by lynx hw; ignoring
10-24 21:04:47.670  5765  7890 W LynxPwmOutputController: LynxSetPWMEnableCommand not implemented by lynx hw; ignoring
10-24 21:04:47.674  5765  7890 W LynxPwmOutputController: LynxSetPWMConfigurationCommand not implemented by lynx hw; ignoring
10-24 21:04:47.678  5765  7890 W LynxPwmOutputController: LynxSetPWMEnableCommand not implemented by lynx hw; ignoring
10-24 21:04:47.681  5765  7890 W LynxPwmOutputController: LynxSetPWMConfigurationCommand not implemented by lynx hw; ignoring
10-24 21:04:47.684  5765  7890 W LynxPwmOutputController: LynxSetPWMEnableCommand not implemented by lynx hw; ignoring
10-24 21:04:47.687  5765  7890 W LynxPwmOutputController: LynxSetPWMConfigurationCommand not implemented by lynx hw; ignoring
10-24 21:04:47.742  5765  7890 V AMSColorSensorImpl: internalInitialize()...
10-24 21:04:47.776  5765  7890 V AMSColorSensorImpl: state: 07 f6 ff ff 00 00 00 00 00 00 00 00 00 00 08 61 
10-24 21:04:47.776  5765  7890 V AMSColorSensorImpl: state| 00 01 60 33 12 00 07 00 06 
10-24 21:04:47.802  5765  7890 V AMSColorSensorImpl: disable() enabled=0x07...
10-24 21:04:47.837  5765  7890 V AMSColorSensorImpl: ...disable() enabled=0x00
10-24 21:04:47.837  5765  7890 V AMSColorSensorImpl: setIntegrationTime(0xf6)
10-24 21:04:47.850  5765  7890 V AMSColorSensorImpl: setGain(GAIN_4)
10-24 21:04:47.879  5765  7890 V AMSColorSensorImpl: setPDrive(Percent12_5)
10-24 21:04:47.908  5765  7890 V AMSColorSensorImpl: setProximityPulseCount(0x08)
10-24 21:04:47.938  5765  7890 V AMSColorSensorImpl: enable() enabled=0x00...
10-24 21:04:47.989  5765  7890 V AMSColorSensorImpl: ...enable() enabled=0x07
10-24 21:04:48.007  5765  7890 V AMSColorSensorImpl: state: 07 f6 ff ff 00 00 00 00 00 00 00 00 00 00 08 61 
10-24 21:04:48.007  5765  7890 V AMSColorSensorImpl: state| 00 01 60 33 12 00 07 00 06 
10-24 21:04:48.007  5765  7890 V AMSColorSensorImpl: ...internalInitialize()
10-24 21:04:48.097  5765  7890 W LynxPwmOutputController: LynxSetPWMEnableCommand not implemented by lynx hw; ignoring
10-24 21:04:48.102  5765  7890 W LynxPwmOutputController: LynxSetPWMConfigurationCommand not implemented by lynx hw; ignoring
10-24 21:04:48.108  5765  7890 W LynxPwmOutputController: LynxSetPWMEnableCommand not implemented by lynx hw; ignoring
10-24 21:04:48.114  5765  7890 W LynxPwmOutputController: LynxSetPWMConfigurationCommand not implemented by lynx hw; ignoring
10-24 21:04:48.120  5765  7890 W LynxPwmOutputController: LynxSetPWMEnableCommand not implemented by lynx hw; ignoring
10-24 21:04:48.126  5765  7890 W LynxPwmOutputController: LynxSetPWMConfigurationCommand not implemented by lynx hw; ignoring
10-24 21:04:48.132  5765  7890 W LynxPwmOutputController: LynxSetPWMEnableCommand not implemented by lynx hw; ignoring
10-24 21:04:48.138  5765  7890 W LynxPwmOutputController: LynxSetPWMConfigurationCommand not implemented by lynx hw; ignoring
10-24 21:04:48.295  5765  7890 V ThreadPool: container(0x07874fae: LinearOpMode) added id=3414 TID=0 count=1
10-24 21:04:48.298  5765  7979 V RobotCore: thread: 'LinearOpMode main' starting...
10-24 21:04:48.332  5765  5981 V Robocol : sending CMD_NOTIFY_INIT_OP_MODE(1751), attempt: 0
10-24 21:04:50.001  5765  5952 V Robocol : received command: CMD_RUN_OP_MODE(11586) Sensor: MR range sensor
10-24 21:04:50.002  5765  5951 I BatteryChecker: percent remaining: 88 is charging: false
10-24 21:04:50.012  5765  5981 V Robocol : sending CMD_NOTIFY_RUN_OP_MODE(1773), attempt: 0
10-24 21:04:59.665  5765  7979 V RobotCore: addr=false data=true arb=false clock=false
10-24 21:04:59.665  5765  7979 E LynxI2cDeviceSynch: readStatusQuery: cbExpected=1 cbRead=0
10-24 21:04:59.665  5765  7979 E LynxI2cDeviceSynch: placeholder: readStatusQuery
10-24 21:04:59.668  5765  7890 D RobotCore: system telemetry: key=$System$Warning$ msg="problem with "x1Range""
10-24 21:04:59.680  5765  7890 D RobotCore: system telemetry: key=$System$None$ msg=""
10-24 21:05:00.505  5765  7979 V RobotCore: addr=false data=true arb=false clock=false
10-24 21:05:00.505  5765  7979 E LynxI2cDeviceSynch: readStatusQuery: cbExpected=1 cbRead=0
10-24 21:05:00.505  5765  7979 E LynxI2cDeviceSynch: placeholder: readStatusQuery
10-24 21:05:00.506  5765  7890 D RobotCore: system telemetry: key=$System$Warning$ msg="problem with "x1Range""
10-24 21:05:00.519  5765  7890 D RobotCore: system telemetry: key=$System$None$ msg=""
10-24 21:05:00.716  5765  5960 W AudioTrack: AUDIO_OUTPUT_FLAG_FAST denied by client; transfer 4, track 44100 Hz, output 48000 Hz
10-24 21:05:02.362  5765  7979 V RobotCore: addr=true data=false arb=false clock=false
10-24 21:05:02.362  5765  7979 E LynxI2cDeviceSynch: readStatusQuery: cbExpected=1 cbRead=0
10-24 21:05:02.362  5765  7979 E LynxI2cDeviceSynch: placeholder: readStatusQuery
10-24 21:05:02.366  5765  7890 D RobotCore: system telemetry: key=$System$Warning$ msg="problem with "x1Range""
10-24 21:05:02.378  5765  7890 D RobotCore: system telemetry: key=$System$None$ msg=""
10-24 21:05:04.621  5765  7979 V RobotCore: addr=false data=true arb=false clock=false
10-24 21:05:04.621  5765  7979 E LynxI2cDeviceSynch: readStatusQuery: cbExpected=1 cbRead=0
10-24 21:05:04.621  5765  7979 E LynxI2cDeviceSynch: placeholder: readStatusQuery
10-24 21:05:04.626  5765  7890 D RobotCore: system telemetry: key=$System$Warning$ msg="problem with "x1Range""
10-24 21:05:04.640  5765  7890 D RobotCore: system telemetry: key=$System$None$ msg=""
10-24 21:05:05.183  5765  7979 V RobotCore: addr=false data=true arb=false clock=false
10-24 21:05:05.184  5765  7979 E LynxI2cDeviceSynch: readStatusQuery: cbExpected=1 cbRead=0
10-24 21:05:05.184  5765  7979 E LynxI2cDeviceSynch: placeholder: readStatusQuery
10-24 21:05:05.188  5765  7890 D RobotCore: system telemetry: key=$System$Warning$ msg="problem with "x1Range""
10-24 21:05:05.201  5765  7890 D RobotCore: system telemetry: key=$System$None$ msg=""
10-24 21:05:11.488  5765  7866 V ThreadPool: container(0x010ea4ae: default threadpool) removed id=3405 TID=7866 count=2
10-24 21:05:12.704  5765  7751 V ThreadPool: container(0x010ea4ae: default threadpool) removed id=3404 TID=7751 count=1
10-24 21:05:14.868  5765  7979 V RobotCore: addr=true data=false arb=false clock=false
10-24 21:05:14.868  5765  7979 E LynxI2cDeviceSynch: readStatusQuery: cbExpected=1 cbRead=0
10-24 21:05:14.868  5765  7979 E LynxI2cDeviceSynch: placeholder: readStatusQuery
10-24 21:05:14.873  5765  7890 D RobotCore: system telemetry: key=$System$Warning$ msg="problem with "x1Range""
10-24 21:05:14.886  5765  7890 D RobotCore: system telemetry: key=$System$None$ msg=""
10-24 21:05:20.042  5765  5952 V Robocol : received command: CMD_INIT_OP_MODE(11975) $Stop$Robot$
10-24 21:05:20.043  5765  5951 I BatteryChecker: percent remaining: 88 is charging: false
10-24 21:05:20.051  5765  7890 V ThreadPool: waiting for service user linear op mode
10-24 21:05:20.052  5765  7979 E LynxI2cDeviceSynch: placeholder: readTimestamped
10-24 21:05:20.054  5765  7979 V RobotCore: thread: ...terminating 'LinearOpMode main'
10-24 21:05:20.055  5765  7979 V ThreadPool: container(0x07874fae: LinearOpMode) removed id=3414 TID=7979 count=1
10-24 21:05:20.055  5765  7890 V ThreadPool: awaitTermination returned, isTerminated=true
10-24 21:05:20.055  5765  7890 V ThreadPool: executive service user linear op mode(0x07874fae) is terminated
10-24 21:05:20.056  5765  7890 I RobotCore: Attempting to switch to op mode $Stop$Robot$
10-24 21:05:20.092  5765  5981 V Robocol : sending CMD_NOTIFY_INIT_OP_MODE(2191), attempt: 0
10-24 21:05:20.120  5765  5952 V Robocol : received command: CMD_RUN_OP_MODE(11982) $Stop$Robot$
10-24 21:05:20.121  5765  5951 I BatteryChecker: percent remaining: 88 is charging: false
10-24 21:05:20.132  5765  5981 V Robocol : sending CMD_NOTIFY_RUN_OP_MODE(2196), attempt: 0
10-24 21:05:34.964  5765  5765 I BatteryChecker: percent remaining: 88 is charging: false
10-24 21:05:43.921  5765  5952 V Robocol : received command: CMD_INIT_OP_MODE(12282) Sensor: MR range sensor
10-24 21:05:43.922  5765  5951 I BatteryChecker: percent remaining: 88 is charging: false
10-24 21:05:43.931  5765  7890 I RobotCore: Attempting to switch to op mode Sensor: MR range sensor
10-24 21:05:43.976  5765  7890 W LynxPwmOutputController: LynxSetPWMEnableCommand not implemented by lynx hw; ignoring
10-24 21:05:43.981  5765  7890 W LynxPwmOutputController: LynxSetPWMConfigurationCommand not implemented by lynx hw; ignoring
10-24 21:05:43.985  5765  7890 W LynxPwmOutputController: LynxSetPWMEnableCommand not implemented by lynx hw; ignoring
10-24 21:05:43.989  5765  7890 W LynxPwmOutputController: LynxSetPWMConfigurationCommand not implemented by lynx hw; ignoring
10-24 21:05:43.992  5765  7890 W LynxPwmOutputController: LynxSetPWMEnableCommand not implemented by lynx hw; ignoring
10-24 21:05:43.995  5765  7890 W LynxPwmOutputController: LynxSetPWMConfigurationCommand not implemented by lynx hw; ignoring
10-24 21:05:43.998  5765  7890 W LynxPwmOutputController: LynxSetPWMEnableCommand not implemented by lynx hw; ignoring
10-24 21:05:44.001  5765  7890 W LynxPwmOutputController: LynxSetPWMConfigurationCommand not implemented by lynx hw; ignoring
10-24 21:05:44.044  5765  7890 V AMSColorSensorImpl: internalInitialize()...
10-24 21:05:44.077  5765  7890 V AMSColorSensorImpl: state: 07 f6 ff ff 00 00 00 00 00 00 00 00 00 00 08 61 
10-24 21:05:44.077  5765  7890 V AMSColorSensorImpl: state| 00 01 60 33 13 00 08 00 07 
10-24 21:05:44.095  5765  7890 V AMSColorSensorImpl: disable() enabled=0x07...
10-24 21:05:44.130  5765  7890 V AMSColorSensorImpl: ...disable() enabled=0x00
10-24 21:05:44.130  5765  7890 V AMSColorSensorImpl: setIntegrationTime(0xf6)
10-24 21:05:44.142  5765  7890 V AMSColorSensorImpl: setGain(GAIN_4)
10-24 21:05:44.170  5765  7890 V AMSColorSensorImpl: setPDrive(Percent12_5)
10-24 21:05:44.196  5765  7890 V AMSColorSensorImpl: setProximityPulseCount(0x08)
10-24 21:05:44.212  5765  5765 I BatteryChecker: percent remaining: 88 is charging: false
10-24 21:05:44.212  5765  5765 I BatteryChecker: percent remaining: 88 is charging: false
10-24 21:05:44.213  5765  5765 I BatteryChecker: percent remaining: 88 is charging: false
10-24 21:05:44.224  5765  7890 V AMSColorSensorImpl: enable() enabled=0x00...
10-24 21:05:44.270  5765  7890 V AMSColorSensorImpl: ...enable() enabled=0x07
10-24 21:05:44.287  5765  7890 V AMSColorSensorImpl: state: 07 f6 ff ff 00 00 00 00 00 00 00 00 00 00 08 61 
10-24 21:05:44.287  5765  7890 V AMSColorSensorImpl: state| 00 01 60 33 13 00 08 00 07 
10-24 21:05:44.287  5765  7890 V AMSColorSensorImpl: ...internalInitialize()
10-24 21:05:44.349  5765  5765 I BatteryChecker: percent remaining: 88 is charging: false
10-24 21:05:44.350  5765  5765 I BatteryChecker: percent remaining: 88 is charging: false
10-24 21:05:44.350  5765  5765 I BatteryChecker: percent remaining: 88 is charging: false
10-24 21:05:44.390  5765  7890 W LynxPwmOutputController: LynxSetPWMEnableCommand not implemented by lynx hw; ignoring
10-24 21:05:44.395  5765  7890 W LynxPwmOutputController: LynxSetPWMConfigurationCommand not implemented by lynx hw; ignoring
10-24 21:05:44.401  5765  7890 W LynxPwmOutputController: LynxSetPWMEnableCommand not implemented by lynx hw; ignoring
10-24 21:05:44.405  5765  7890 W LynxPwmOutputController: LynxSetPWMConfigurationCommand not implemented by lynx hw; ignoring
10-24 21:05:44.409  5765  7890 W LynxPwmOutputController: LynxSetPWMEnableCommand not implemented by lynx hw; ignoring
10-24 21:05:44.415  5765  7890 W LynxPwmOutputController: LynxSetPWMConfigurationCommand not implemented by lynx hw; ignoring
10-24 21:05:44.425  5765  7890 W LynxPwmOutputController: LynxSetPWMEnableCommand not implemented by lynx hw; ignoring
10-24 21:05:44.429  5765  7890 W LynxPwmOutputController: LynxSetPWMConfigurationCommand not implemented by lynx hw; ignoring
10-24 21:05:44.582  5765  7890 V ThreadPool: container(0x086670dc: LinearOpMode) added id=3415 TID=0 count=1
10-24 21:05:44.589  5765  8763 V RobotCore: thread: 'LinearOpMode main' starting...
10-24 21:05:44.612  5765  5981 V Robocol : sending CMD_NOTIFY_INIT_OP_MODE(2534), attempt: 0
10-24 21:05:54.802  5765  5952 V Robocol : received command: CMD_RUN_OP_MODE(12383) Sensor: MR range sensor
10-24 21:05:54.804  5765  5951 I BatteryChecker: percent remaining: 88 is charging: false
10-24 21:05:54.852  5765  5981 V Robocol : sending CMD_NOTIFY_RUN_OP_MODE(2635), attempt: 0
10-24 21:06:24.882  5765  5952 V Robocol : received command: CMD_INIT_OP_MODE(12763) $Stop$Robot$
10-24 21:06:24.883  5765  5951 I BatteryChecker: percent remaining: 88 is charging: false
10-24 21:06:24.895  5765  7890 V ThreadPool: waiting for service user linear op mode
10-24 21:06:24.895  5765  8763 E LynxI2cDeviceSynch: placeholder: readStatusQuery
10-24 21:06:24.896  5765  8763 V RobotCore: thread: ...terminating 'LinearOpMode main'
10-24 21:06:24.897  5765  7890 V ThreadPool: awaitTermination returned, isTerminated=true
10-24 21:06:24.897  5765  8763 V ThreadPool: container(0x086670dc: LinearOpMode) removed id=3415 TID=8763 count=1
10-24 21:06:24.897  5765  7890 V ThreadPool: executive service user linear op mode(0x086670dc) is terminated
10-24 21:06:24.897  5765  7890 I RobotCore: Attempting to switch to op mode $Stop$Robot$
10-24 21:06:24.972  5765  5981 V Robocol : sending CMD_NOTIFY_INIT_OP_MODE(3044), attempt: 0
10-24 21:06:25.045  5765  5952 V Robocol : received command: CMD_RUN_OP_MODE(12772) $Stop$Robot$
10-24 21:06:25.047  5765  5951 I BatteryChecker: percent remaining: 88 is charging: false
10-24 21:06:25.092  5765  5981 V Robocol : sending CMD_NOTIFY_RUN_OP_MODE(3051), attempt: 0
10-24 21:06:30.441  5765  5952 V Robocol : received command: CMD_INIT_OP_MODE(12844) Sensor: MR range sensor
10-24 21:06:30.442  5765  5951 I BatteryChecker: percent remaining: 88 is charging: false
10-24 21:06:30.449  5765  7890 I RobotCore: Attempting to switch to op mode Sensor: MR range sensor
10-24 21:06:30.502  5765  7890 W LynxPwmOutputController: LynxSetPWMEnableCommand not implemented by lynx hw; ignoring
10-24 21:06:30.509  5765  7890 W LynxPwmOutputController: LynxSetPWMConfigurationCommand not implemented by lynx hw; ignoring
10-24 21:06:30.513  5765  7890 W LynxPwmOutputController: LynxSetPWMEnableCommand not implemented by lynx hw; ignoring
10-24 21:06:30.518  5765  7890 W LynxPwmOutputController: LynxSetPWMConfigurationCommand not implemented by lynx hw; ignoring
10-24 21:06:30.529  5765  7890 W LynxPwmOutputController: LynxSetPWMEnableCommand not implemented by lynx hw; ignoring
10-24 21:06:30.534  5765  7890 W LynxPwmOutputController: LynxSetPWMConfigurationCommand not implemented by lynx hw; ignoring
10-24 21:06:30.539  5765  7890 W LynxPwmOutputController: LynxSetPWMEnableCommand not implemented by lynx hw; ignoring
10-24 21:06:30.544  5765  7890 W LynxPwmOutputController: LynxSetPWMConfigurationCommand not implemented by lynx hw; ignoring
10-24 21:06:30.602  5765  7890 V AMSColorSensorImpl: internalInitialize()...
10-24 21:06:30.634  5765  7890 V AMSColorSensorImpl: state: 07 f6 ff ff 00 00 00 00 00 00 00 00 00 00 08 61 
10-24 21:06:30.635  5765  7890 V AMSColorSensorImpl: state| 00 01 60 33 14 00 08 00 07 
10-24 21:06:30.652  5765  7890 V AMSColorSensorImpl: disable() enabled=0x07...
10-24 21:06:30.689  5765  7890 V AMSColorSensorImpl: ...disable() enabled=0x00
10-24 21:06:30.689  5765  7890 V AMSColorSensorImpl: setIntegrationTime(0xf6)
10-24 21:06:30.701  5765  7890 V AMSColorSensorImpl: setGain(GAIN_4)
10-24 21:06:30.729  5765  7890 V AMSColorSensorImpl: setPDrive(Percent12_5)
10-24 21:06:30.755  5765  7890 V AMSColorSensorImpl: setProximityPulseCount(0x08)
10-24 21:06:30.780  5765  7890 V AMSColorSensorImpl: enable() enabled=0x00...
10-24 21:06:30.825  5765  7890 V AMSColorSensorImpl: ...enable() enabled=0x07
10-24 21:06:30.843  5765  7890 V AMSColorSensorImpl: state: 07 f6 ff ff 00 00 00 00 00 00 00 00 00 00 08 61 
10-24 21:06:30.843  5765  7890 V AMSColorSensorImpl: state| 00 01 60 33 14 00 08 00 07 
10-24 21:06:30.843  5765  7890 V AMSColorSensorImpl: ...internalInitialize()
10-24 21:06:30.941  5765  7890 W LynxPwmOutputController: LynxSetPWMEnableCommand not implemented by lynx hw; ignoring
10-24 21:06:30.947  5765  7890 W LynxPwmOutputController: LynxSetPWMConfigurationCommand not implemented by lynx hw; ignoring
10-24 21:06:30.952  5765  7890 W LynxPwmOutputController: LynxSetPWMEnableCommand not implemented by lynx hw; ignoring
10-24 21:06:30.956  5765  7890 W LynxPwmOutputController: LynxSetPWMConfigurationCommand not implemented by lynx hw; ignoring
10-24 21:06:30.962  5765  7890 W LynxPwmOutputController: LynxSetPWMEnableCommand not implemented by lynx hw; ignoring
10-24 21:06:30.966  5765  7890 W LynxPwmOutputController: LynxSetPWMConfigurationCommand not implemented by lynx hw; ignoring
10-24 21:06:30.971  5765  7890 W LynxPwmOutputController: LynxSetPWMEnableCommand not implemented by lynx hw; ignoring
10-24 21:06:30.975  5765  7890 W LynxPwmOutputController: LynxSetPWMConfigurationCommand not implemented by lynx hw; ignoring
10-24 21:06:31.139  5765  7890 V ThreadPool: container(0x08fcb8ba: LinearOpMode) added id=3416 TID=0 count=1
10-24 21:06:31.144  5765  9415 V RobotCore: thread: 'LinearOpMode main' starting...
10-24 21:06:31.172  5765  5981 V Robocol : sending CMD_NOTIFY_INIT_OP_MODE(3138), attempt: 0
10-24 21:06:34.161  5765  5952 V Robocol : received command: CMD_RUN_OP_MODE(12879) Sensor: MR range sensor
10-24 21:06:34.162  5765  5951 I BatteryChecker: percent remaining: 88 is charging: false
10-24 21:06:34.212  5765  5981 V Robocol : sending CMD_NOTIFY_RUN_OP_MODE(3171), attempt: 0
10-24 21:06:38.600  5765  5765 I BatteryChecker: percent remaining: 87 is charging: false
10-24 21:06:38.601  5765  5765 I BatteryChecker: percent remaining: 87 is charging: false
10-24 21:06:38.601  5765  5765 I BatteryChecker: percent remaining: 87 is charging: false
10-24 21:07:04.321  5765  5952 V Robocol : received command: CMD_INIT_OP_MODE(13263) $Stop$Robot$
10-24 21:07:04.322  5765  5951 I BatteryChecker: percent remaining: 87 is charging: false
10-24 21:07:04.334  5765  7890 V ThreadPool: waiting for service user linear op mode
10-24 21:07:04.334  5765  9415 E LynxI2cDeviceSynch: placeholder: readStatusQuery
10-24 21:07:04.335  5765  9415 V RobotCore: thread: ...terminating 'LinearOpMode main'
10-24 21:07:04.335  5765  7890 V ThreadPool: awaitTermination returned, isTerminated=true
10-24 21:07:04.336  5765  9415 V ThreadPool: container(0x08fcb8ba: LinearOpMode) removed id=3416 TID=9415 count=1
10-24 21:07:04.336  5765  7890 V ThreadPool: executive service user linear op mode(0x08fcb8ba) is terminated
10-24 21:07:04.336  5765  7890 I RobotCore: Attempting to switch to op mode $Stop$Robot$
10-24 21:07:04.372  5765  5981 V Robocol : sending CMD_NOTIFY_INIT_OP_MODE(3584), attempt: 0
10-24 21:07:04.423  5765  5952 V Robocol : received command: CMD_RUN_OP_MODE(13270) $Stop$Robot$
10-24 21:07:04.425  5765  5951 I BatteryChecker: percent remaining: 87 is charging: false
10-24 21:07:04.452  5765  5981 V Robocol : sending CMD_NOTIFY_RUN_OP_MODE(3588), attempt: 0
10-24 21:07:04.614  5765  5981 V Robocol : sending CMD_NOTIFY_INIT_OP_MODE(3584), attempt: 1
10-24 21:07:04.643  5765  5952 V Robocol : received command: CMD_RUN_OP_MODE(13279) $Stop$Robot$
10-24 21:07:04.645  5765  5951 I BatteryChecker: percent remaining: 87 is charging: false
10-24 21:07:04.692  5765  5981 V Robocol : sending CMD_NOTIFY_RUN_OP_MODE(3597), attempt: 0
10-24 21:07:12.722  5765  5952 V Robocol : received command: CMD_INIT_OP_MODE(13384) Sensor: MR range sensor
10-24 21:07:12.723  5765  5951 I BatteryChecker: percent remaining: 87 is charging: false
10-24 21:07:12.734  5765  7890 I RobotCore: Attempting to switch to op mode Sensor: MR range sensor
10-24 21:07:12.788  5765  7890 W LynxPwmOutputController: LynxSetPWMEnableCommand not implemented by lynx hw; ignoring
10-24 21:07:12.794  5765  7890 W LynxPwmOutputController: LynxSetPWMConfigurationCommand not implemented by lynx hw; ignoring
10-24 21:07:12.799  5765  7890 W LynxPwmOutputController: LynxSetPWMEnableCommand not implemented by lynx hw; ignoring
10-24 21:07:12.804  5765  7890 W LynxPwmOutputController: LynxSetPWMConfigurationCommand not implemented by lynx hw; ignoring
10-24 21:07:12.809  5765  7890 W LynxPwmOutputController: LynxSetPWMEnableCommand not implemented by lynx hw; ignoring
10-24 21:07:12.813  5765  7890 W LynxPwmOutputController: LynxSetPWMConfigurationCommand not implemented by lynx hw; ignoring
10-24 21:07:12.817  5765  7890 W LynxPwmOutputController: LynxSetPWMEnableCommand not implemented by lynx hw; ignoring
10-24 21:07:12.821  5765  7890 W LynxPwmOutputController: LynxSetPWMConfigurationCommand not implemented by lynx hw; ignoring
10-24 21:07:12.877  5765  7890 V AMSColorSensorImpl: internalInitialize()...
10-24 21:07:12.908  5765  7890 V AMSColorSensorImpl: state: 07 f6 ff ff 00 00 00 00 00 00 00 00 00 00 08 61 
10-24 21:07:12.908  5765  7890 V AMSColorSensorImpl: state| 00 01 60 33 14 00 08 00 07 
10-24 21:07:12.924  5765  7890 V AMSColorSensorImpl: disable() enabled=0x07...
10-24 21:07:12.960  5765  7890 V AMSColorSensorImpl: ...disable() enabled=0x00
10-24 21:07:12.960  5765  7890 V AMSColorSensorImpl: setIntegrationTime(0xf6)
10-24 21:07:12.974  5765  7890 V AMSColorSensorImpl: setGain(GAIN_4)
10-24 21:07:13.003  5765  7890 V AMSColorSensorImpl: setPDrive(Percent12_5)
10-24 21:07:13.034  5765  7890 V AMSColorSensorImpl: setProximityPulseCount(0x08)
10-24 21:07:13.065  5765  7890 V AMSColorSensorImpl: enable() enabled=0x00...
10-24 21:07:13.117  5765  7890 V AMSColorSensorImpl: ...enable() enabled=0x07
10-24 21:07:13.141  5765  7890 V AMSColorSensorImpl: state: 07 f6 ff ff 00 00 00 00 00 00 00 00 00 00 08 61 
10-24 21:07:13.142  5765  7890 V AMSColorSensorImpl: state| 00 01 60 33 14 00 08 00 07 
10-24 21:07:13.142  5765  7890 V AMSColorSensorImpl: ...internalInitialize()
10-24 21:07:13.236  5765  7890 W LynxPwmOutputController: LynxSetPWMEnableCommand not implemented by lynx hw; ignoring
10-24 21:07:13.242  5765  7890 W LynxPwmOutputController: LynxSetPWMConfigurationCommand not implemented by lynx hw; ignoring
10-24 21:07:13.247  5765  7890 W LynxPwmOutputController: LynxSetPWMEnableCommand not implemented by lynx hw; ignoring
10-24 21:07:13.252  5765  7890 W LynxPwmOutputController: LynxSetPWMConfigurationCommand not implemented by lynx hw; ignoring
10-24 21:07:13.257  5765  7890 W LynxPwmOutputController: LynxSetPWMEnableCommand not implemented by lynx hw; ignoring
10-24 21:07:13.263  5765  7890 W LynxPwmOutputController: LynxSetPWMConfigurationCommand not implemented by lynx hw; ignoring
10-24 21:07:13.269  5765  7890 W LynxPwmOutputController: LynxSetPWMEnableCommand not implemented by lynx hw; ignoring
10-24 21:07:13.275  5765  7890 W LynxPwmOutputController: LynxSetPWMConfigurationCommand not implemented by lynx hw; ignoring
10-24 21:07:13.429  5765  7890 V ThreadPool: container(0x0457bec8: LinearOpMode) added id=3417 TID=0 count=1
10-24 21:07:13.432  5765 10006 V RobotCore: thread: 'LinearOpMode main' starting...
10-24 21:07:13.452  5765  5981 V Robocol : sending CMD_NOTIFY_INIT_OP_MODE(3717), attempt: 0
10-24 21:07:15.362  5765  5952 V Robocol : received command: CMD_RUN_OP_MODE(13413) Sensor: MR range sensor
10-24 21:07:15.364  5765  5951 I BatteryChecker: percent remaining: 87 is charging: false
10-24 21:07:15.412  5765  5981 V Robocol : sending CMD_NOTIFY_RUN_OP_MODE(3742), attempt: 0
10-24 21:07:38.642  5765  5765 I BatteryChecker: percent remaining: 87 is charging: false
10-24 21:07:38.642  5765  5765 I BatteryChecker: percent remaining: 87 is charging: false
10-24 21:07:38.643  5765  5765 I BatteryChecker: percent remaining: 87 is charging: false
10-24 21:07:41.217  5765  5774 W art     : Suspending all threads took: 15.798ms
10-24 21:07:41.271  5765  5780 I art     : Background sticky concurrent mark sweep GC freed 266893(8MB) AllocSpace objects, 0(0B) LOS objects, 37% free, 14MB/23MB, paused 5.890ms total 79.031ms
10-24 21:07:41.474  5765  5765 I BatteryChecker: percent remaining: 87 is charging: false
10-24 21:07:41.477  5765  5765 I BatteryChecker: percent remaining: 87 is charging: false
10-24 21:07:45.443  5765  5952 V Robocol : received command: CMD_INIT_OP_MODE(13795) $Stop$Robot$
10-24 21:07:45.445  5765  5951 I BatteryChecker: percent remaining: 87 is charging: false
10-24 21:07:45.456  5765  7890 V ThreadPool: waiting for service user linear op mode
10-24 21:07:45.457  5765 10006 E LynxI2cDeviceSynch: placeholder: readTimestamped
10-24 21:07:45.459  5765 10006 V RobotCore: thread: ...terminating 'LinearOpMode main'
10-24 21:07:45.459  5765  7890 V ThreadPool: awaitTermination returned, isTerminated=true
10-24 21:07:45.459  5765 10006 V ThreadPool: container(0x0457bec8: LinearOpMode) removed id=3417 TID=10006 count=1
10-24 21:07:45.460  5765  7890 V ThreadPool: executive service user linear op mode(0x0457bec8) is terminated
10-24 21:07:45.460  5765  7890 I RobotCore: Attempting to switch to op mode $Stop$Robot$
10-24 21:07:45.532  5765  5981 V Robocol : sending CMD_NOTIFY_INIT_OP_MODE(4155), attempt: 0
10-24 21:07:45.562  5765  5952 V Robocol : received command: CMD_RUN_OP_MODE(13802) $Stop$Robot$
10-24 21:07:45.563  5765  5951 I BatteryChecker: percent remaining: 87 is charging: false
10-24 21:07:45.612  5765  5981 V Robocol : sending CMD_NOTIFY_RUN_OP_MODE(4160), attempt: 0
10-24 21:07:45.985  5765  7890 I RobotCore: robot battery read duration: n=10, mean=5.029ms sd=2.333ms
10-24 21:07:48.761  5765  5952 V Robocol : received command: CMD_INIT_OP_MODE(13846) $Stop$Robot$
10-24 21:07:48.762  5765  5951 I BatteryChecker: percent remaining: 87 is charging: false
10-24 21:07:48.772  5765  7890 I RobotCore: Attempting to switch to op mode $Stop$Robot$
10-24 21:07:48.812  5765  5981 V Robocol : sending CMD_NOTIFY_INIT_OP_MODE(4209), attempt: 0
10-24 21:07:48.884  5765  5952 V Robocol : received command: CMD_RUN_OP_MODE(13852) $Stop$Robot$
10-24 21:07:48.886  5765  5951 I BatteryChecker: percent remaining: 87 is charging: false
10-24 21:07:48.932  5765  5981 V Robocol : sending CMD_NOTIFY_RUN_OP_MODE(4215), attempt: 0
10-24 21:07:51.161  5765  5952 V Robocol : received command: CMD_INIT_OP_MODE(13886) Sensor Test
10-24 21:07:51.163  5765  5951 I BatteryChecker: percent remaining: 87 is charging: false
10-24 21:07:51.174  5765  7890 I RobotCore: Attempting to switch to op mode Sensor Test
10-24 21:07:51.239  5765  7890 W LynxPwmOutputController: LynxSetPWMEnableCommand not implemented by lynx hw; ignoring
10-24 21:07:51.242  5765  7890 W LynxPwmOutputController: LynxSetPWMConfigurationCommand not implemented by lynx hw; ignoring
10-24 21:07:51.246  5765  7890 W LynxPwmOutputController: LynxSetPWMEnableCommand not implemented by lynx hw; ignoring
10-24 21:07:51.250  5765  7890 W LynxPwmOutputController: LynxSetPWMConfigurationCommand not implemented by lynx hw; ignoring
10-24 21:07:51.253  5765  7890 W LynxPwmOutputController: LynxSetPWMEnableCommand not implemented by lynx hw; ignoring
10-24 21:07:51.256  5765  7890 W LynxPwmOutputController: LynxSetPWMConfigurationCommand not implemented by lynx hw; ignoring
10-24 21:07:51.260  5765  7890 W LynxPwmOutputController: LynxSetPWMEnableCommand not implemented by lynx hw; ignoring
10-24 21:07:51.264  5765  7890 W LynxPwmOutputController: LynxSetPWMConfigurationCommand not implemented by lynx hw; ignoring
10-24 21:07:51.321  5765  7890 V AMSColorSensorImpl: internalInitialize()...
10-24 21:07:51.356  5765  7890 V AMSColorSensorImpl: state: 07 f6 ff ff 00 00 00 00 00 00 00 00 00 00 08 61 
10-24 21:07:51.356  5765  7890 V AMSColorSensorImpl: state| 00 01 60 33 14 00 08 00 07 
10-24 21:07:51.374  5765  7890 V AMSColorSensorImpl: disable() enabled=0x07...
10-24 21:07:51.409  5765  7890 V AMSColorSensorImpl: ...disable() enabled=0x00
10-24 21:07:51.409  5765  7890 V AMSColorSensorImpl: setIntegrationTime(0xf6)
10-24 21:07:51.421  5765  7890 V AMSColorSensorImpl: setGain(GAIN_4)
10-24 21:07:51.451  5765  7890 V AMSColorSensorImpl: setPDrive(Percent12_5)
10-24 21:07:51.482  5765  7890 V AMSColorSensorImpl: setProximityPulseCount(0x08)
10-24 21:07:51.513  5765  7890 V AMSColorSensorImpl: enable() enabled=0x00...
10-24 21:07:51.565  5765  7890 V AMSColorSensorImpl: ...enable() enabled=0x07
10-24 21:07:51.583  5765  7890 V AMSColorSensorImpl: state: 07 f6 ff ff 00 00 00 00 00 00 00 00 00 00 08 61 
10-24 21:07:51.583  5765  7890 V AMSColorSensorImpl: state| 00 01 60 33 14 00 08 00 07 
10-24 21:07:51.583  5765  7890 V AMSColorSensorImpl: ...internalInitialize()
10-24 21:07:51.671  5765  7890 W LynxPwmOutputController: LynxSetPWMEnableCommand not implemented by lynx hw; ignoring
10-24 21:07:51.678  5765  7890 W LynxPwmOutputController: LynxSetPWMConfigurationCommand not implemented by lynx hw; ignoring
10-24 21:07:51.683  5765  7890 W LynxPwmOutputController: LynxSetPWMEnableCommand not implemented by lynx hw; ignoring
10-24 21:07:51.689  5765  7890 W LynxPwmOutputController: LynxSetPWMConfigurationCommand not implemented by lynx hw; ignoring
10-24 21:07:51.693  5765  7890 W LynxPwmOutputController: LynxSetPWMEnableCommand not implemented by lynx hw; ignoring
10-24 21:07:51.697  5765  7890 W LynxPwmOutputController: LynxSetPWMConfigurationCommand not implemented by lynx hw; ignoring
10-24 21:07:51.702  5765  7890 W LynxPwmOutputController: LynxSetPWMEnableCommand not implemented by lynx hw; ignoring
10-24 21:07:51.707  5765  7890 W LynxPwmOutputController: LynxSetPWMConfigurationCommand not implemented by lynx hw; ignoring
10-24 21:07:51.874  5765  7890 V ThreadPool: container(0x0f2da686: LinearOpMode) added id=3418 TID=0 count=1
10-24 21:07:51.881  5765 10531 V RobotCore: thread: 'LinearOpMode main' starting...
10-24 21:07:51.892  5765  5981 V Robocol : sending CMD_NOTIFY_INIT_OP_MODE(4260), attempt: 0
10-24 21:07:52.296  5765 10531 I System.out: Native library libVuforia.so loaded
10-24 21:07:52.312  5765 10531 I AR      : Vuforia SDK version 6.0.117
10-24 21:07:52.348  5765 10531 I CameraManagerGlobal: Connecting to camera service
10-24 21:07:53.126  5765 10531 I AR      : ObjectTracker: Successfully created dataset
10-24 21:07:53.126  5765 10531 V Vuforia : loading data set 'RelicVuMark'...
10-24 21:07:53.374  5765 10531 V Vuforia : ... done loading data set 'RelicVuMark'
10-24 21:07:53.641  5765  5952 V Robocol : received command: CMD_RUN_OP_MODE(13913) Sensor Test
10-24 21:07:53.643  5765  5951 I BatteryChecker: percent remaining: 87 is charging: false
10-24 21:07:53.659  5765 10531 I VuMarkVision: VuMark | UNKNOWN visible
10-24 21:07:53.693  5765  5981 V Robocol : sending CMD_NOTIFY_RUN_OP_MODE(4283), attempt: 0
10-24 21:07:53.754  5765 10531 V RobotCore: thread: ...terminating 'LinearOpMode main'
10-24 21:07:53.755  5765  7890 E EventLoopManager: Event loop threw an exception
10-24 21:07:53.761  5765  7890 E EventLoopManager: java.lang.NullPointerException: Attempt to invoke virtual method 'double com.qualcomm.hardware.modernrobotics.ModernRoboticsI2cRangeSensor.getDistance(org.firstinspires.ftc.robotcore.external.navigation.DistanceUnit)' on a null object reference
10-24 21:07:53.762  5765  7890 E EventLoopManager: 	at org.firstinspires.ftc.teamcode.TechNova2017.SensorTest.runOpMode(SensorTest.java:57)
10-24 21:07:53.763  5765  7890 E EventLoopManager: 	at com.qualcomm.robotcore.eventloop.opmode.LinearOpMode$LinearOpModeHelper$1.run(LinearOpMode.java:305)
10-24 21:07:53.763  5765  7890 E EventLoopManager: 	at com.qualcomm.robotcore.util.ThreadPool.logThreadLifeCycle(ThreadPool.java:709)
10-24 21:07:53.764  5765  7890 E EventLoopManager: 	at com.qualcomm.robotcore.eventloop.opmode.LinearOpMode$LinearOpModeHelper.run(LinearOpMode.java:300)
10-24 21:07:53.767  5765  7890 E EventLoopManager: 	at java.util.concurrent.ThreadPoolExecutor.runWorker(ThreadPoolExecutor.java:1113)
10-24 21:07:53.768  5765  7890 E EventLoopManager: 	at java.util.concurrent.ThreadPoolExecutor$Worker.run(ThreadPoolExecutor.java:588)
10-24 21:07:53.769  5765  7890 E EventLoopManager: 	at com.qualcomm.robotcore.util.ThreadPool$ThreadFactoryImpl$1.run(ThreadPool.java:764)
10-24 21:07:53.769  5765  7890 E EventLoopManager: 	at java.lang.Thread.run(Thread.java:818)
10-24 21:07:53.769  5765  7890 V RobotCore: RobotCoreException in EventLoopManager: EventLoop Exception in loop(): NullPointerException - Attempt to invoke virtual method 'double com.qualcomm.hardware.modernrobotics.ModernRoboticsI2cRangeSensor.getDistance(org.firstinspires.ftc.robotcore.external.navigation.DistanceUnit)' on a null object reference
10-24 21:07:53.770  5765  7890 V RobotCore: EventLoopManager state is EMERGENCY_STOP
10-24 21:07:53.770  5765  7890 V RobotCore: Robot Status: EMERGENCY STOP
10-24 21:07:53.770  5765  7890 D RobotCore: system telemetry: key=$System$Error$ msg="User code threw an uncaught exception: NullPointerException - Attempt to invoke virtual method 'double com.qualcomm.hardware.modernrobotics.ModernRoboticsI2cRangeSensor.getDistance(org.firstinspires.ftc.robotcore.external.navigation.DistanceUnit)' on a null object reference"
10-24 21:07:53.771  5765  7890 I FtcEventLoop: ======= TEARDOWN =======
10-24 21:07:53.772  5765  5981 V Robocol : sending CMD_NOTIFY_ROBOT_STATE(4287), attempt: 0
10-24 21:07:53.773  5765 10531 V ThreadPool: container(0x0f2da686: LinearOpMode) removed id=3418 TID=10531 count=1
10-24 21:07:53.773  5765  7890 V ThreadPool: executive service user linear op mode(0x0f2da686) is terminated
10-24 21:07:53.831  5765  5960 D MediaPlayer: setSubtitleAnchor in MediaPlayer
10-24 21:07:53.853  5765  5765 W MediaPlayer: mediaplayer went away with unhandled events
10-24 21:07:53.885  5765  5958 D ExtendedUtils: extended extractor not needed, return default
10-24 21:07:53.887  5765  5958 I MediaCodec: (0xb96cc0c0) init name(audio/raw) isType(1) encoder(0)
10-24 21:07:53.892  5765 10664 I OMXClient: Using client-side OMX mux.
10-24 21:07:53.923  5765 10664 E OMXMaster: A component of name 'OMX.qcom.audio.decoder.aac' already exists, ignoring this one.
10-24 21:07:53.933  5765 10664 I MediaCodec: (0xb96cc0c0) Component Allocated (OMX.google.raw.decoder)
10-24 21:07:53.933  5765  5958 I MediaCodec: (0xb96cc0c0) configure surface(0x0) crypto(0x0) flags(0)
10-24 21:07:53.933  5765  5958 D MediaCodec: (0xb96cc0c0) configure format: AMessage(what = 0x00000000) = {
10-24 21:07:53.933  5765  5958 D MediaCodec:    string mime = "audio/raw"
10-24 21:07:53.933  5765  5958 D MediaCodec:    int64_t durationUs = 929183
10-24 21:07:53.933  5765  5958 D MediaCodec:    int32_t channel-count = 2
10-24 21:07:53.933  5765  5958 D MediaCodec:    int32_t sample-rate = 44100
10-24 21:07:53.933  5765  5958 D MediaCodec:    int32_t channel-mask = 0
10-24 21:07:53.933  5765  5958 D MediaCodec:  }
10-24 21:07:53.934  5765  5958 I MediaCodec: (0xb96cc0c0) start
10-24 21:07:53.934  5765 10664 I MediaCodec: (0xb96cc0c0) input buffers allocated
10-24 21:07:53.934  5765 10664 I MediaCodec: (0xb96cc0c0) numBuffers (4)
10-24 21:07:53.934  5765 10664 I MediaCodec: (0xb96cc0c0) output buffers allocated
10-24 21:07:53.934  5765 10664 I MediaCodec: (0xb96cc0c0) numBuffers (4)
10-24 21:07:53.937  5765 10664 I MediaCodec: (0xb96cc0c0) codec output format changed
10-24 21:07:53.937  5765 10664 D MediaCodec: (0xb96cc0c0) output format: AMessage(what = 'codc', target = 14) = {
10-24 21:07:53.937  5765 10664 D MediaCodec:    string mime = "audio/raw"
10-24 21:07:53.937  5765 10664 D MediaCodec:    int32_t channel-count = 2
10-24 21:07:53.937  5765 10664 D MediaCodec:    int32_t sample-rate = 44100
10-24 21:07:53.937  5765 10664 D MediaCodec:    int32_t channel-mask = 0
10-24 21:07:53.937  5765 10664 D MediaCodec:    int32_t what = 1869968451
10-24 21:07:53.937  5765 10664 D MediaCodec:  }
10-24 21:07:53.944  5765  5958 I MediaCodec: (0xb96cc0c0) stop
10-24 21:07:53.945  5765  5958 I MediaCodec: (0xb96cc0c0) release
10-24 21:07:53.951  5765  5960 W AudioTrack: AUDIO_OUTPUT_FLAG_FAST denied by client; transfer 4, track 44100 Hz, output 48000 Hz
10-24 21:07:54.414  5765  7900 V ThreadPool: container(0x07e8387f: OpModeStuckCodeMonitor) removed id=3413 TID=7900 count=1
10-24 21:07:54.480  5765  7890 V LynxMotor: disengage mod#=3
10-24 21:07:54.561  5765  7890 V LynxMotor: disengage mod#=2
10-24 21:07:54.581  5765  7890 V LynxServoController: disengage mod#=2
10-24 21:07:54.598  5765  7890 V LynxServoController: disengage mod#=3
10-24 21:07:54.598  5765  7890 V LynxUsb : 0x07d2aa76 on 0x0275a895: releasing delegate to [DQ143RN2]
10-24 21:07:54.598  5765  7890 V LynxUsb : 0x0275a895: releaseRef [DQ143RN2]=0
10-24 21:07:54.598  5765  7890 V LynxUsb : doClose([DQ143RN2])...
10-24 21:07:54.605  5765  7890 V LynxModule: close()
10-24 21:07:54.605  5765  7890 V ThreadPool: waiting for service lynx module executor
10-24 21:07:54.608  5765  7878 V ThreadPool: container(0x01e6b877: lynx module executor) removed id=3411 TID=7878 count=1
10-24 21:07:54.608  5765  7890 V ThreadPool: awaitTermination returned, isTerminated=true
10-24 21:07:54.608  5765  7890 V ThreadPool: executive service lynx module executor(0x01e6b877) is terminated
10-24 21:07:54.608  5765  7890 V LynxModule: close()
10-24 21:07:54.608  5765  7890 V ThreadPool: waiting for service lynx module executor
10-24 21:07:54.609  5765  7890 V ThreadPool: awaitTermination returned, isTerminated=true
10-24 21:07:54.609  5765  7890 V ThreadPool: executive service lynx module executor(0x0fc3554d) is terminated
10-24 21:07:54.609  5765  7875 V ThreadPool: container(0x0fc3554d: lynx module executor) removed id=3410 TID=7875 count=1
10-24 21:07:54.609  5765  7890 V LynxUsb : disarmDevice() serial=DQ143RN2...
10-24 21:07:54.609  5765  7890 V LynxUsb : shutting down incoming datagrams
10-24 21:07:54.609  5765  7890 V ThreadPool: waiting for service Lynx incoming datagram poller
10-24 21:07:54.610  5765  7874 V RobotCore: thread: ...terminating 'lynx incoming datagrams'
10-24 21:07:54.610  5765  7874 V ThreadPool: container(0x0cc2c538: lynx dg poller) removed id=3409 TID=7874 count=1
10-24 21:07:54.610  5765  7890 V ThreadPool: awaitTermination returned, isTerminated=true
10-24 21:07:54.610  5765  7890 V ThreadPool: executive service Lynx incoming datagram poller(0x0cc2c538) is terminated
10-24 21:07:54.610  5765  7890 V RobotUsbDeviceFtdi: closing DQ143RN2
10-24 21:07:54.610  5765  7890 V FtDevice: vv********************DQ143RN2 closing********************vv 0x053b1c6d
10-24 21:07:54.610  5765  7890 V FtDevice: DQ143RN2 stopping thread readBufferManager
10-24 21:07:54.611  5765  7868 V FtDevice: DQ143RN2 thread readBufferManager is stopped
10-24 21:07:54.611  5765  7890 V FtDevice: DQ143RN2 stopping thread bulkPacketInWorker
10-24 21:07:54.611  5765  7867 V FtDevice: DQ143RN2 thread bulkPacketInWorker is stopped
10-24 21:07:54.612  5765  7890 V MonitoredUsbDeviceConnection: closing UsbDeviceConnection(DQ143RN2)
10-24 21:07:54.612  5765  7890 D UsbDeviceConnectionJNI: close
10-24 21:07:54.612  5765  7890 V FtDevice: ^^********************DQ143RN2 closed ********************^^
10-24 21:07:54.612  5765  7890 V LynxUsb : ...done disarmDevice()
10-24 21:07:54.612  5765  7869 V ThreadPool: container(0x0db45daa: WatchdogMonitor) removed id=3408 TID=7869 count=1
10-24 21:07:54.613  5765  7890 V LynxUsb : ...doClose([DQ143RN2])
10-24 21:07:54.613  5765  7890 I FtcEventLoop: ======= TEARDOWN COMPLETE =======
10-24 21:07:54.613  5765  7890 V RobotCore: thread: ...terminating 'opmode loop()'
10-24 21:07:54.613  5765  7890 V EventLoopManager: switching to idleEventLoop
10-24 21:07:54.613  5765  7890 I FtcEventLoopIdle: ------- idle init --------
10-24 21:07:54.613  5765  7890 V RobotCore: thread: 'opmode loop()' starting...
10-24 21:08:34.967  5765  5765 I BatteryChecker: percent remaining: 87 is charging: false
10-24 21:08:38.837  5765  5765 I BatteryChecker: percent remaining: 87 is charging: false
10-24 21:08:38.837  5765  5765 I BatteryChecker: percent remaining: 87 is charging: false
10-24 21:08:38.838  5765  5765 I BatteryChecker: percent remaining: 87 is charging: false
10-24 21:09:35.406  5765  5765 I BatteryChecker: percent remaining: 87 is charging: false
10-24 21:09:35.406  5765  5765 I BatteryChecker: percent remaining: 87 is charging: false
10-24 21:09:35.408  5765  5765 I BatteryChecker: percent remaining: 87 is charging: false
10-24 21:09:39.006  5765  5765 I BatteryChecker: percent remaining: 87 is charging: false
10-24 21:09:39.007  5765  5765 I BatteryChecker: percent remaining: 87 is charging: false
10-24 21:09:39.009  5765  5765 I BatteryChecker: percent remaining: 87 is charging: false
10-24 21:10:09.601 12826 12826 I art     : Late-enabling -Xcheck:jni
10-24 21:10:09.637 12826 12832 I art     : Debugger is no longer active
10-24 21:10:09.726 12826 12826 V AppUtil : initializing: getExternalStorageDirectory()=/storage/emulated/0
10-24 21:10:09.732 12826 12839 V RobotCore: saving logcat to /storage/emulated/0/robotControllerLog.txt
10-24 21:10:09.732 12826 12839 V RobotCore: logging command line: logcat -f /storage/emulated/0/robotControllerLog.txt -r4096 -n4 -v threadtime UsbRequestJNI:S UsbRequest:S *:V
10-24 21:10:09.733 12826 12826 V ServiceStarter: attempting to start service MediaTransferProtocolMonitorService
10-24 21:10:09.747 12826 12826 V ServiceStarter: started service MediaTransferProtocolMonitorService
10-24 21:10:09.748 12826 12826 V ServiceStarter: attempting to start service OnBotJavaService
10-24 21:10:09.750 12826 12826 V ServiceStarter: started service OnBotJavaService
10-24 21:10:09.761 12826 12826 V AppUtil : rootActivity=FtcRobotControllerActivity
10-24 21:10:09.761 12826 12826 V RCActivity: onCreate()
10-24 21:10:09.784 12826 12826 V ThreadPool: container(0x0dbe7a88: CallbackLooper) added id=3382 TID=0 count=1
10-24 21:10:09.786 12826 12844 V CallbackLooper: thread=3382
10-24 21:10:09.790 12841 12841 W ps      : type=1400 audit(0.0:90435): avc: denied { getattr } for uid=10124 path="/proc/1" dev="proc" ino=807889 scontext=u:r:untrusted_app:s0:c512,c768 tcontext=u:r:init:s0 tclass=dir permissive=0
10-24 21:10:09.794 12841 12841 W ps      : type=1400 audit(0.0:90436): avc: denied { search } for uid=10124 name="1" dev="proc" ino=807889 scontext=u:r:untrusted_app:s0:c512,c768 tcontext=u:r:init:s0 tclass=dir permissive=0
10-24 21:10:09.794 12841 12841 W ps      : type=1400 audit(0.0:90437): avc: denied { search } for uid=10124 name="1" dev="proc" ino=807889 scontext=u:r:untrusted_app:s0:c512,c768 tcontext=u:r:init:s0 tclass=dir permissive=0
10-24 21:10:09.794 12841 12841 W ps      : type=1400 audit(0.0:90438): avc: denied { getattr } for uid=10124 path="/proc/2" dev="proc" ino=807890 scontext=u:r:untrusted_app:s0:c512,c768 tcontext=u:r:kernel:s0 tclass=dir permissive=0
10-24 21:10:09.794 12841 12841 W ps      : type=1400 audit(0.0:90439): avc: denied { search } for uid=10124 name="2" dev="proc" ino=807890 scontext=u:r:untrusted_app:s0:c512,c768 tcontext=u:r:kernel:s0 tclass=dir permissive=0
10-24 21:10:09.794 12841 12841 W ps      : type=1400 audit(0.0:90440): avc: denied { search } for uid=10124 name="2" dev="proc" ino=807890 scontext=u:r:untrusted_app:s0:c512,c768 tcontext=u:r:kernel:s0 tclass=dir permissive=0
10-24 21:10:09.794 12841 12841 W ps      : type=1400 audit(0.0:90441): avc: denied { getattr } for uid=10124 path="/proc/3" dev="proc" ino=807891 scontext=u:r:untrusted_app:s0:c512,c768 tcontext=u:r:kernel:s0 tclass=dir permissive=0
10-24 21:10:09.794 12841 12841 W ps      : type=1400 audit(0.0:90442): avc: denied { search } for uid=10124 name="3" dev="proc" ino=807891 scontext=u:r:untrusted_app:s0:c512,c768 tcontext=u:r:kernel:s0 tclass=dir permissive=0
10-24 21:10:09.794 12841 12841 W ps      : type=1400 audit(0.0:90443): avc: denied { search } for uid=10124 name="3" dev="proc" ino=807891 scontext=u:r:untrusted_app:s0:c512,c768 tcontext=u:r:kernel:s0 tclass=dir permissive=0
10-24 21:10:09.794 12841 12841 W ps      : type=1400 audit(0.0:90444): avc: denied { getattr } for uid=10124 path="/proc/5" dev="proc" ino=807892 scontext=u:r:untrusted_app:s0:c512,c768 tcontext=u:r:kernel:s0 tclass=dir permissive=0
10-24 21:10:09.794 12841 12841 W ps      : type=1400 audit(0.0:90445): avc: denied { search } for uid=10124 name="5" dev="proc" ino=807892 scontext=u:r:untrusted_app:s0:c512,c768 tcontext=u:r:kernel:s0 tclass=dir permissive=0
10-24 21:10:09.794 12841 12841 W ps      : type=1400 audit(0.0:90446): avc: denied { search } for uid=10124 name="5" dev="proc" ino=807892 scontext=u:r:untrusted_app:s0:c512,c768 tcontext=u:r:kernel:s0 tclass=dir permissive=0
10-24 21:10:09.794 12841 12841 W ps      : type=1400 audit(0.0:90447): avc: denied { getattr } for uid=10124 path="/proc/6" dev="proc" ino=807893 scontext=u:r:untrusted_app:s0:c512,c768 tcontext=u:r:kernel:s0 tclass=dir permissive=0
10-24 21:10:09.794 12841 12841 W ps      : type=1400 audit(0.0:90448): avc: denied { search } for uid=10124 name="6" dev="proc" ino=807893 scontext=u:r:untrusted_app:s0:c512,c768 tcontext=u:r:kernel:s0 tclass=dir permissive=0
10-24 21:10:09.794 12841 12841 W ps      : type=1400 audit(0.0:90449): avc: denied { search } for uid=10124 name="6" dev="proc" ino=807893 scontext=u:r:untrusted_app:s0:c512,c768 tcontext=u:r:kernel:s0 tclass=dir permissive=0
10-24 21:10:09.794 12841 12841 W ps      : type=1400 audit(0.0:90450): avc: denied { getattr } for uid=10124 path="/proc/7" dev="proc" ino=807894 scontext=u:r:untrusted_app:s0:c512,c768 tcontext=u:r:kernel:s0 tclass=dir permissive=0
10-24 21:10:09.794 12841 12841 W ps      : type=1400 audit(0.0:90451): avc: denied { search } for uid=10124 name="7" dev="proc" ino=807894 scontext=u:r:untrusted_app:s0:c512,c768 tcontext=u:r:kernel:s0 tclass=dir permissive=0
10-24 21:10:09.794 12841 12841 W ps      : type=1400 audit(0.0:90452): avc: denied { search } for uid=10124 name="7" dev="proc" ino=807894 scontext=u:r:untrusted_app:s0:c512,c768 tcontext=u:r:kernel:s0 tclass=dir permissive=0
10-24 21:10:09.794 12841 12841 W ps      : type=1400 audit(0.0:90453): avc: denied { getattr } for uid=10124 path="/proc/8" dev="proc" ino=807895 scontext=u:r:untrusted_app:s0:c512,c768 tcontext=u:r:kernel:s0 tclass=dir permissive=0
10-24 21:10:09.794 12841 12841 W ps      : type=1400 audit(0.0:90454): avc: denied { search } for uid=10124 name="8" dev="proc" ino=807895 scontext=u:r:untrusted_app:s0:c512,c768 tcontext=u:r:kernel:s0 tclass=dir permissive=0
10-24 21:10:09.793 12826 12826 V NetDiscover_wifiDirectAgent: doStart()...
10-24 21:10:09.800 12826 12844 V NetDiscover_wifiDirectAgent_bcast: wifiP2pEnabled=true
10-24 21:10:09.801 12826 12826 V NetDiscover_wifiDirectAgent: ...doStart()
10-24 21:10:09.801 12826 12826 V NetDiscover_name: doStart()...
10-24 21:10:09.802 12826 12826 V NetDiscover_name: ...doStart()
10-24 21:10:09.802 12826 12826 V NetDiscover_prefremrc: ----- all preferences -----
10-24 21:10:09.802 12826 12826 V NetDiscover_prefremrc: name='pref_wifip2p_groupowner_connectedto' value=
10-24 21:10:09.803 12826 12826 V NetDiscover_prefremrc: name='last_upload_date' value=1506299818779
10-24 21:10:09.803 12826 12826 V NetDiscover_prefremrc: name='pref_has_independent_phone_battery' value=true
10-24 21:10:09.803 12826 12826 V NetDiscover_prefremrc: name='max_usb_devices' value=0
10-24 21:10:09.803 12826 12826 V NetDiscover_prefremrc: name='pref_app_theme' value=teal
10-24 21:10:09.803 12826 12826 V NetDiscover_prefremrc: name='pref_wifip2p_remote_channel_change_works' value=true
10-24 21:10:09.803 12826 12826 V NetDiscover_prefremrc: name='pref_device_name' value=12611-RC
10-24 21:10:09.803 12826 12826 V NetDiscover_prefremrc: name='pref_hardware_config_filename' value={"isDirty":false,"location":"LOCAL_STORAGE","name":"Relic Recovery Auto","resourceId":0}
10-24 21:10:09.803 12826 12826 V NetDiscover_prefremrc: name='pref_device_name_old' value=12611-RC
10-24 21:10:09.803 12826 12826 V NetDiscover_prefremrc: name='pref_network_connection_type' value=WIFIDIRECT
10-24 21:10:09.803 12826 12826 V NetDiscover_prefremrc: name='pref_device_name_tracking' value=WIFIDIRECT
10-24 21:10:09.803 12826 12826 V NetDiscover_prefremrc: name='pref_sound_on_off' value=false
10-24 21:10:09.803 12826 12826 V NetDiscover_prefremrc: name='pref_rc_connected' value=true
10-24 21:10:09.803 12826 12826 V NetDiscover_prefremrc: doStart()...
10-24 21:10:09.803 12826 12826 V NetDiscover_prefremrc: ...doStart()
10-24 21:10:09.804 12826 12844 D NetDiscover_wifiDirectAgent_bcast: connection changed: networkInfo.state=CONNECTED
10-24 21:10:09.804 12826 12844 V NetDiscover_wifiDirectAgent_bcast: NetworkInfo: [type: WIFI_P2P[], state: CONNECTED/CONNECTED, reason: (unspecified), extra: (none), roaming: false, failover: false, isAvailable: true]
10-24 21:10:09.804 12826 12844 V NetDiscover_wifiDirectAgent_bcast: WifiP2pInfo: groupFormed: true isGroupOwner: true operatingChannel: 2412 groupOwnerAddress: /192.168.49.1 mccMode: false
