10-24 21:01:28.775  4902  4929 V NetDiscover_wifiDirectAgent_bcast: p2p discoverPeers()=false
10-24 21:01:28.775  4902  4929 V NetDiscover_wifiDirectAgent_bcast: wifi direct remembered groups cleared
10-24 21:01:28.775  4902  4902 V NetDiscover_name: doStart()...
10-24 21:01:28.776  4902  4902 V NetDiscover_name: ...doStart()
10-24 21:01:28.776  4902  4902 V NetDiscover_prefremrc: ----- all preferences -----
10-24 21:01:28.777  4902  4902 V NetDiscover_prefremrc: name='pref_wifip2p_groupowner_connectedto' value=
10-24 21:01:28.777  4902  4902 V NetDiscover_prefremrc: name='last_upload_date' value=1506299818779
10-24 21:01:28.777  4902  4902 V NetDiscover_prefremrc: name='pref_has_independent_phone_battery' value=true
10-24 21:01:28.777  4902  4902 V NetDiscover_prefremrc: name='max_usb_devices' value=0
10-24 21:01:28.777  4902  4902 V NetDiscover_prefremrc: name='pref_app_theme' value=teal
10-24 21:01:28.777  4902  4902 V NetDiscover_prefremrc: name='pref_wifip2p_remote_channel_change_works' value=true
10-24 21:01:28.777  4902  4902 V NetDiscover_prefremrc: name='pref_device_name' value=12611-RC
10-24 21:01:28.777  4902  4902 V NetDiscover_prefremrc: name='pref_hardware_config_filename' value={"isDirty":false,"location":"LOCAL_STORAGE","name":"Relic Recovery Auto","resourceId":0}
10-24 21:01:28.777  4902  4902 V NetDiscover_prefremrc: name='pref_device_name_old' value=12611-RC
10-24 21:01:28.777  4902  4902 V NetDiscover_prefremrc: name='pref_network_connection_type' value=WIFIDIRECT
10-24 21:01:28.777  4902  4902 V NetDiscover_prefremrc: name='pref_device_name_tracking' value=WIFIDIRECT
10-24 21:01:28.777  4902  4902 V NetDiscover_prefremrc: name='pref_sound_on_off' value=false
10-24 21:01:28.777  4902  4902 V NetDiscover_prefremrc: name='pref_rc_connected' value=true
10-24 21:01:28.777  4902  4902 V NetDiscover_prefremrc: doStart()...
10-24 21:01:28.777  4902  4902 V NetDiscover_prefremrc: ...doStart()
10-24 21:01:28.778  4902  4929 V NetDiscover_wifiDirectAgent_bcast: wifiState=ENABLED
10-24 21:01:28.779  4902  4929 V NetDiscover_wifiDirectAgent: found persistent group: DIRECT-MA-12611-RC
10-24 21:01:28.802  4902  4902 I WebViewFactory: Loading com.google.android.webview version 61.0.3163.98 (code 316309800)
10-24 21:01:28.767  4925  4925 W ps      : type=1400 audit(0.0:87583): avc: denied { search } for uid=10124 name="7" dev="proc" ino=807894 scontext=u:r:untrusted_app:s0:c512,c768 tcontext=u:r:kernel:s0 tclass=dir permissive=0
10-24 21:01:28.767  4925  4925 W ps      : type=1400 audit(0.0:87584): avc: denied { search } for uid=10124 name="7" dev="proc" ino=807894 scontext=u:r:untrusted_app:s0:c512,c768 tcontext=u:r:kernel:s0 tclass=dir permissive=0
10-24 21:01:28.767  4925  4925 W ps      : type=1400 audit(0.0:87585): avc: denied { getattr } for uid=10124 path="/proc/8" dev="proc" ino=807895 scontext=u:r:untrusted_app:s0:c512,c768 tcontext=u:r:kernel:s0 tclass=dir permissive=0
10-24 21:01:28.767  4925  4925 W ps      : type=1400 audit(0.0:87586): avc: denied { search } for uid=10124 name="8" dev="proc" ino=807895 scontext=u:r:untrusted_app:s0:c512,c768 tcontext=u:r:kernel:s0 tclass=dir permissive=0
10-24 21:01:28.767  4925  4925 W ps      : type=1400 audit(0.0:87587): avc: denied { search } for uid=10124 name="8" dev="proc" ino=807895 scontext=u:r:untrusted_app:s0:c512,c768 tcontext=u:r:kernel:s0 tclass=dir permissive=0
10-24 21:01:28.767  4925  4925 W ps      : type=1400 audit(0.0:87588): avc: denied { getattr } for uid=10124 path="/proc/9" dev="proc" ino=807896 scontext=u:r:untrusted_app:s0:c512,c768 tcontext=u:r:kernel:s0 tclass=dir permissive=0
10-24 21:01:28.767  4925  4925 W ps      : type=1400 audit(0.0:87589): avc: denied { search } for uid=10124 name="9" dev="proc" ino=807896 scontext=u:r:untrusted_app:s0:c512,c768 tcontext=u:r:kernel:s0 tclass=dir permissive=0
10-24 21:01:28.767  4925  4925 W ps      : type=1400 audit(0.0:87590): avc: denied { search } for uid=10124 name="9" dev="proc" ino=807896 scontext=u:r:untrusted_app:s0:c512,c768 tcontext=u:r:kernel:s0 tclass=dir permissive=0
10-24 21:01:28.767  4925  4925 W ps      : type=1400 audit(0.0:87591): avc: denied { getattr } for uid=10124 path="/proc/10" dev="proc" ino=807897 scontext=u:r:untrusted_app:s0:c512,c768 tcontext=u:r:kernel:s0 tclass=dir permissive=0
10-24 21:01:28.767  4925  4925 W ps      : type=1400 audit(0.0:87592): avc: denied { search } for uid=10124 name="10" dev="proc" ino=807897 scontext=u:r:untrusted_app:s0:c512,c768 tcontext=u:r:kernel:s0 tclass=dir permissive=0
10-24 21:01:28.767  4925  4925 W ps      : type=1400 audit(0.0:87593): avc: denied { search } for uid=10124 name="10" dev="proc" ino=807897 scontext=u:r:untrusted_app:s0:c512,c768 tcontext=u:r:kernel:s0 tclass=dir permissive=0
10-24 21:01:28.767  4925  4925 W ps      : type=1400 audit(0.0:87594): avc: denied { getattr } for uid=10124 path="/proc/11" dev="proc" ino=807898 scontext=u:r:untrusted_app:s0:c512,c768 tcontext=u:r:kernel:s0 tclass=dir permissive=0
10-24 21:01:28.767  4925  4925 W ps      : type=1400 audit(0.0:87595): avc: denied { search } for uid=10124 name="11" dev="proc" ino=807898 scontext=u:r:untrusted_app:s0:c512,c768 tcontext=u:r:kernel:s0 tclass=dir permissive=0
10-24 21:01:28.767  4925  4925 W ps      : type=1400 audit(0.0:87596): avc: denied { search } for uid=10124 name="11" dev="proc" ino=807898 scontext=u:r:untrusted_app:s0:c512,c768 tcontext=u:r:kernel:s0 tclass=dir permissive=0
10-24 21:01:28.767  4925  4925 W ps      : type=1400 audit(0.0:87597): avc: denied { getattr } for uid=10124 path="/proc/12" dev="proc" ino=807899 scontext=u:r:untrusted_app:s0:c512,c768 tcontext=u:r:kernel:s0 tclass=dir permissive=0
10-24 21:01:28.767  4925  4925 W ps      : type=1400 audit(0.0:87598): avc: denied { search } for uid=10124 name="12" dev="proc" ino=807899 scontext=u:r:untrusted_app:s0:c512,c768 tcontext=u:r:kernel:s0 tclass=dir permissive=0
10-24 21:01:28.767  4925  4925 W ps      : type=1400 audit(0.0:87599): avc: denied { search } for uid=10124 name="12" dev="proc" ino=807899 scontext=u:r:untrusted_app:s0:c512,c768 tcontext=u:r:kernel:s0 tclass=dir permissive=0
10-24 21:01:28.767  4925  4925 W ps      : type=1400 audit(0.0:87600): avc: denied { getattr } for uid=10124 path="/proc/14" dev="proc" ino=807900 scontext=u:r:untrusted_app:s0:c512,c768 tcontext=u:r:kernel:s0 tclass=dir permissive=0
10-24 21:01:28.767  4925  4925 W ps      : type=1400 audit(0.0:87601): avc: denied { search } for uid=10124 name="14" dev="proc" ino=807900 scontext=u:r:untrusted_app:s0:c512,c768 tcontext=u:r:kernel:s0 tclass=dir permissive=0
10-24 21:01:28.767  4925  4925 W ps      : type=1400 audit(0.0:87602): avc: denied { search } for uid=10124 name="14" dev="proc" ino=807900 scontext=u:r:untrusted_app:s0:c512,c768 tcontext=u:r:kernel:s0 tclass=dir permissive=0
10-24 21:01:28.767  4925  4925 W ps      : type=1400 audit(0.0:87603): avc: denied { getattr } for uid=10124 path="/proc/15" dev="proc" ino=807901 scontext=u:r:untrusted_app:s0:c512,c768 tcontext=u:r:kernel:s0 tclass=dir permissive=0
10-24 21:01:28.767  4925  4925 W ps      : type=1400 audit(0.0:87604): avc: denied { search } for uid=10124 name="15" dev="proc" ino=807901 scontext=u:r:untrusted_app:s0:c512,c768 tcontext=u:r:kernel:s0 tclass=dir permissive=0
10-24 21:01:28.767  4925  4925 W ps      : type=1400 audit(0.0:87605): avc: denied { search } for uid=10124 name="15" dev="proc" ino=807901 scontext=u:r:untrusted_app:s0:c512,c768 tcontext=u:r:kernel:s0 tclass=dir permissive=0
10-24 21:01:28.859  4902  4902 I art     : Rejecting re-init on previously-failed class java.lang.Class<com.android.webview.chromium.TokenBindingManagerAdapter>
10-24 21:01:28.859  4902  4902 I art     : Rejecting re-init on previously-failed class java.lang.Class<com.android.webview.chromium.TokenBindingManagerAdapter>
10-24 21:01:28.868  4902  4902 I art     : Rejecting re-init on previously-failed class java.lang.Class<com.android.webview.chromium.ServiceWorkerControllerAdapter>
10-24 21:01:28.868  4902  4902 I art     : Rejecting re-init on previously-failed class java.lang.Class<com.android.webview.chromium.ServiceWorkerControllerAdapter>
10-24 21:01:28.882  4902  4902 I cr_LibraryLoader: Time to load native libraries: 6 ms (timestamps 5627-5633)
10-24 21:01:28.935  4902  4902 I chromium: [INFO:library_loader_hooks.cc(136)] Chromium logging enabled: level = 0, default verbosity = 0
10-24 21:01:28.935  4902  4902 I cr_LibraryLoader: Expected native library version number "61.0.3163.98", actual native library version number "61.0.3163.98"
10-24 21:01:28.978  4902  4902 I cr_BrowserStartup: Initializing chromium process, singleProcess=true
10-24 21:01:29.012  4902  4902 I Adreno-EGL: <qeglDrvAPI_eglInitialize:379>: EGL 1.4 QUALCOMM build:  (Ifd751822f5)
10-24 21:01:29.012  4902  4902 I Adreno-EGL: OpenGL ES Shader Compiler Version: XE031.06.00.05
10-24 21:01:29.012  4902  4902 I Adreno-EGL: Build Date: 01/26/16 Tue
10-24 21:01:29.012  4902  4902 I Adreno-EGL: Local Branch: AU12_SBA
10-24 21:01:29.012  4902  4902 I Adreno-EGL: Remote Branch: 
10-24 21:01:29.012  4902  4902 I Adreno-EGL: Local Patches: 
10-24 21:01:29.012  4902  4902 I Adreno-EGL: Reconstruct Branch: 
10-24 21:01:31.062  4902  4902 V RobotCore: Network: inactive, disconnected
10-24 21:01:31.062  4902  4902 V ServiceStarter: attempting to start service FtcRobotControllerWatchdogService
10-24 21:01:31.064  4902  4902 V ServiceStarter: started service FtcRobotControllerWatchdogService
10-24 21:01:31.071  4902  4902 V RobotCore: BuildConfig: versionCode=24 versionName=3.4 module=com.qualcomm.ftcrobotcontroller
10-24 21:01:31.071  4902  4902 V RobotCore: BuildConfig: versionCode=34 versionName=5.12 module=com.qualcomm.robotcore
10-24 21:01:31.072  4902  4902 V RobotCore: BuildConfig: versionCode=34 versionName=5.12 module=com.qualcomm.hardware
10-24 21:01:31.072  4902  4902 V RobotCore: BuildConfig: versionCode=34 versionName=5.12 module=com.qualcomm.ftccommon
10-24 21:01:31.072  4902  4902 V RobotCore: BuildConfig: versionCode=34 versionName=5.12 module=com.google.blocks
10-24 21:01:31.072  4902  4902 V RobotCore: BuildConfig: versionCode=34 versionName=5.12 module=org.firstinspires.inspection
10-24 21:01:31.073  4902  4902 V RCActivity: onStart()
10-24 21:01:31.075  4902  4902 V RCActivity: onResume()
10-24 21:01:31.089  4902  5077 D OpenGLRenderer: Use EGL_SWAP_BEHAVIOR_PRESERVED: true
10-24 21:01:31.145  4902  4902 V MTPMonitorService: onCreate()
10-24 21:01:31.145  4902  4902 V MTPMonitorService: onStartCommand() intent=Intent { cmp=com.qualcomm.ftcrobotcontroller/org.firstinspires.ftc.robotcore.internal.files.MediaTransferProtocolMonitorService } flags=0x0 startId=1
10-24 21:01:31.145  4902  4902 V ThreadPool: container(0x0d75d6d0: MTPMonitor) added id=3349 TID=0 count=1
10-24 21:01:31.146  4902  4902 V MTPMonitor: observing: /storage/emulated/0
10-24 21:01:31.155  4902  4902 W FileObserverManager: upgrading mask: path=/storage/emulated/0/FIRST/blocks old=0x00000ffc new=0x00004ffc: might possibly miss event
10-24 21:01:31.157  4902  4902 W FileObserverManager: upgrading mask: path=/storage/emulated/0/FIRST/java/status old=0x00000ffc new=0x00004ffc: might possibly miss event
10-24 21:01:31.263  4902  4902 V OnBotJavaService: onCreate()
10-24 21:01:31.263  4902  4902 V OnBotJavaService: onStartCommand() intent=Intent { cmp=com.qualcomm.ftcrobotcontroller/org.firstinspires.ftc.robotcore.internal.opmode.OnBotJavaService } flags=0x0 startId=1
10-24 21:01:31.263  4902  4902 V OnBotJava: ctor()...
10-24 21:01:31.264  4902  4902 V OnBotJava: ...ctor()
10-24 21:01:31.272  4902  4902 V FtcRobotControllerWatchdogService: onCreate()
10-24 21:01:31.272  4902  4902 V FtcRobotControllerWatchdogService: onStartCommand() intent=Intent { cmp=com.qualcomm.ftcrobotcontroller/org.firstinspires.ftc.ftccommon.internal.FtcRobotControllerWatchdogService } flags=0x0 startId=1
10-24 21:01:31.272  4902  4902 V FtcRobotControllerWatchdogService: shouldAutoLauchRobotController() result=false
10-24 21:01:31.273  4902  4902 V WebServer: creating NanoHTTPD(8080)
10-24 21:01:31.282  4902  4902 V FTCService: onCreate()
10-24 21:01:31.283  4902  4902 V FTCService: onBind()
10-24 21:01:31.283  4902  4902 V FTCService: Android Device: maker=motorola model=XT1609 sdk=23
10-24 21:01:31.285  4902  4902 V RobotCore: Getting network assistant of type: WIFIDIRECT
10-24 21:01:31.288  4902  4902 V NetDiscover_prefremrc: onSharedPreferenceChanged(name=pref_wifip2p_groupowner_connectedto, value=null)
10-24 21:01:31.288  4902  4902 V WifiDirect: There are 1 Wifi Direct Assistant Clients (+)
10-24 21:01:31.288  4902  4902 V WifiDirect: Enabling Wifi Direct Assistant
10-24 21:01:31.289  4902  4902 V WifiDirectInviteMonitor: startMonitoring()
10-24 21:01:31.318  4902  5077 I OpenGLRenderer: Initialized EGL, version 1.4
10-24 21:01:31.341  4902  4902 D WifiDirect: broadcast: state - enabled: true
10-24 21:01:31.341  4902  4902 D WifiDirect: broadcast: connection changed: connectStatus=NOT_CONNECTED networkInfo.state=CONNECTED
10-24 21:01:31.342  4902  4902 V WifiDirect: writing pref name=pref_wifip2p_groupowner_connectedto value=
10-24 21:01:31.342  4902  4902 V NetDiscover_prefremrc: onSharedPreferenceChanged(name=pref_wifip2p_groupowner_connectedto, value=)
10-24 21:01:31.342  4902  4902 D WifiDirect: broadcast: this device changed
10-24 21:01:31.342  4902  4902 V WifiDirect: device information: 12611-RC 80:58:f8:59:b8:0f
10-24 21:01:31.342  4902  4902 D WifiDirect: cannot create group, does group already exist?
10-24 21:01:31.342  4902  4902 V FTCService: RCActivity.controllerService=bound
10-24 21:01:31.343  4902  4902 V RobotCore: Network: unknown, disconnected
10-24 21:01:31.343  4902  4902 V RobotCore: Robot Status: stopped
10-24 21:01:31.352  4902  4902 V ThreadPool: container(0x010ea4ae: default threadpool) added id=3352 TID=0 count=1
10-24 21:01:31.354  4902  5082 V RobotCore: thread: 'RobotSetupRunnable.run()' starting...
10-24 21:01:31.354  4902  5082 V FTCService: Processing robot setup
10-24 21:01:31.354  4902  5082 V RobotCore: Robot Status: stopped, scanning for USB devices
10-24 21:01:31.475  4902  4902 D WifiDirect: group owners address: /192.168.49.1
10-24 21:01:31.475  4902  4902 D WifiDirect: group formed, this device is the group owner (GO)
10-24 21:01:31.476  4902  4902 I FTCService: Wifi Direct - connected as group owner
10-24 21:01:31.481  4902  4902 V RobotCore: Network: enabled, disconnected
10-24 21:01:31.485  4902  4902 I BatteryChecker: percent remaining: 89 is charging: false
10-24 21:01:31.486  4902  4902 I BatteryChecker: percent remaining: 89 is charging: false
10-24 21:01:31.518  4902  4902 V WifiDirect: connection information available
10-24 21:01:31.518  4902  4902 V WifiDirect: connection information - groupOwnerName = 12611-RC
10-24 21:01:31.518  4902  4902 V WifiDirect: connection information - groupOwnerMacAddress = 80:58:f8:59:b8:0f
10-24 21:01:31.519  4902  4902 V WifiDirect: connection information - groupInterface = p2p0
10-24 21:01:31.519  4902  4902 V WifiDirect: connection information - groupNetworkName = DIRECT-MA-12611-RC
10-24 21:01:31.519  4902  4902 I FTCService: Network Connection Passphrase: NqsQx9uC
10-24 21:01:31.519  4902  4902 V WebServer: starting port=8080
10-24 21:01:31.531  4902  4902 V RobotCore: Getting network assistant of type: WIFIDIRECT
10-24 21:01:31.531  4902  4902 V WifiDirect: There are 2 Wifi Direct Assistant Clients (+)
10-24 21:01:31.531  4902  4902 V WebServer: started port=8080
10-24 21:01:31.531  4902  4902 V RobotCore: Network: active, disconnected
10-24 21:01:36.355  4902  5082 V RobotCore: EventLoopManager state is NOT_STARTED
10-24 21:01:36.355  4902  5082 V RobotCore: Robot Status: stopped, waiting for Wifi to enable
10-24 21:01:36.355  4902  5082 V RobotCore: Robot Status: stopped, waiting for Wifi Direct to enable
10-24 21:01:36.356  4902  5082 V RobotCore: Robot Status: stopped, waiting for network to become active
10-24 21:01:36.356  4902  5082 V RobotCore: Robot Status: stopped, starting robot
10-24 21:01:36.356  4902  5082 V Robocol : EventLoopManager.start()
10-24 21:01:36.356  4902  5082 V RobotCore: Getting network assistant of type: WIFIDIRECT
10-24 21:01:36.356  4902  5082 V Robocol : Spoofing a Network Connection event...
10-24 21:01:36.357  4902  5082 V ThreadPool: executive service EventLoop(0x0825eaa4) is terminated
10-24 21:01:36.357  4902  5082 V RobotCore: EventLoopManager state is STOPPED
10-24 21:01:36.358  4902  5082 V Robocol : eventLoop=FtcEventLoop
10-24 21:01:36.358  4902  5082 V RobotCore: EventLoopManager state is INIT
10-24 21:01:36.358  4902  5082 V RobotCore: Robot Status: initializing, starting robot
10-24 21:01:36.358  4902  5082 I FtcEventLoop: ======= INIT START =======
10-24 21:01:36.359  4902  5082 V OpmodeRegistration: registered {DefaultOpMode} as {$Stop$Robot$}
10-24 21:01:36.360  4902  5219 V RobotCore: thread: 'SetupRunnable.run()' starting...
10-24 21:01:36.364  4902  5082 V FileBasedLock: locked /storage/emulated/0/FIRST/blocks/projectslock/lock.dat
10-24 21:01:36.365  4902  5082 V ThreadPool: container(0x010ea4ae: default threadpool) added id=3357 TID=0 count=2
10-24 21:01:36.366  4902  5082 V FileBasedLock: unlocking /storage/emulated/0/FIRST/blocks/projectslock/lock.dat
10-24 21:01:36.371  4902  5082 V OpmodeRegistration: registered {RelicRecoveryAutoBlue1} as {Auto Blue 1}
10-24 21:01:36.371  4902  5082 V OpmodeRegistration: registered {SensorTest} as {Sensor Test}
10-24 21:01:36.372  4902  5082 V OpmodeRegistration: registered {RelicRecoveryAutoTest} as {Auto Test}
10-24 21:01:36.373  4902  5082 V OpmodeRegistration: registered {SensorMRRangeSensor} as {Sensor: MR range sensor}
10-24 21:01:36.373  4902  5082 V OpmodeRegistration: registered {SensorREVColorDistance} as {Sensor: REVColorDistance}
10-24 21:01:36.374  4902  5082 V OpmodeRegistration: registered {RelivRecoveryAutoRed1} as {Auto Red 1}
10-24 21:01:36.375  4902  5082 V OpmodeRegistration: registered {RelicRecoveryTeleOpsLinear} as {Relic Recovery TeleOps (Linear)}
10-24 21:01:36.375  4902  4902 I BatteryChecker: percent remaining: 89 is charging: false
10-24 21:01:36.376  4902  4902 I BatteryChecker: percent remaining: 89 is charging: false
10-24 21:01:36.380  4902  4902 D WifiDirect: cannot create group, does group already exist?
10-24 21:01:36.388  4902  5219 D Robocol : RobocolDatagramSocket listening addr=/192.168.49.1:20884 cbRec=65520 cbSend=163840 msRecTO=300
10-24 21:01:36.389  4902  5219 V Robocol : RecvLoopRunnable created
10-24 21:01:36.390  4902  5219 V PeerDiscovery: Starting peer discovery
10-24 21:01:36.391  4902  5219 V PeerDiscovery: No need for peer discovery, we are the peer discovery device
10-24 21:01:36.391  4902  5219 V RobotCore: Setup complete
10-24 21:01:36.391  4902  5219 V RobotCore: thread: ...terminating 'SetupRunnable.run()'
10-24 21:01:36.392  4902  5222 V RobotCore: thread: 'RecvLoopRunnable.run()' starting...
10-24 21:01:36.424  4902  5082 V HardwareFactory: createHardwareMap()
10-24 21:01:36.424  4902  5082 V WifiDirectInviteMonitor: clearUILynxModule()
10-24 21:01:36.429  4902  5082 V ReadXMLFileHandler: handleLynxModule() mod#=2...
10-24 21:01:36.429  4902  5082 V ConfigurationUtility: buildEmptyLynxModule() mod#=2...
10-24 21:01:36.430  4902  5082 V ConfigurationUtility: ...buildEmptyLynxModule() mod#=2
10-24 21:01:36.430  4902  5082 V ReadXMLFileHandler: ...handleLynxModule() mod#=2
10-24 21:01:36.431  4902  5082 V ReadXMLFileHandler: handleLynxModule() mod#=3...
10-24 21:01:36.431  4902  5082 V ConfigurationUtility: buildEmptyLynxModule() mod#=3...
10-24 21:01:36.431  4902  5082 V ConfigurationUtility: ...buildEmptyLynxModule() mod#=3
10-24 21:01:36.431  4902  5082 V ReadXMLFileHandler: ...handleLynxModule() mod#=3
10-24 21:01:36.432  4902  5082 V RobotCore: Creating REV Robotics USB Expansion Hub Portal [DQ143RN2]
10-24 21:01:36.434  4902  5082 V LynxUsb : creating new [DQ143RN2]: 0x047824ca
10-24 21:01:36.435  4902  5082 V FtDeviceManager: createDeviceInfoList(): 0 USB devices
10-24 21:01:36.435  4902  5082 W System.err: unable to find lynx USB device with serial number DQ143RN2
10-24 21:01:36.435  4902  5082 E LynxUsb : exception RobotCoreException(unable to find lynx USB device with serial number DQ143RN2): exception arming DQ143RN2 [com.qualcomm.hardware.lynx.LynxUsbUtil.logMessageAndThrow(LynxUsbUtil.java:108)]
10-24 21:01:36.436  4902  5082 V LynxUsb : doPretend() serial=DQ143RN2
10-24 21:01:36.436  4902  5082 V LynxUsb : 0x0099663b on 0x047824ca: new delegate to [DQ143RN2]
10-24 21:01:36.436  4902  5082 V RobotCore: Creating Lynx Module - mod=2 parent=false
10-24 21:01:36.438  4902  5082 V RobotCore: Creating Lynx Module - mod=3 parent=true
10-24 21:01:36.438  4902  5082 V LynxUsb : addConfiguredModule() module#=3
10-24 21:01:36.438  4902  5082 V LynxModule: pingAndQueryKnownInterfaces mod=3
10-24 21:01:36.444  4902  5082 V LynxModule: queryInterface(DEKA)=0 commands
10-24 21:01:36.445  4902  5082 V LynxModule: mod#=3 intf=DEKA: expected 53 commands; found 0
10-24 21:01:36.445  4902  5082 V LynxModule: sendLEDPatternSteps(): #steps=8
10-24 21:01:36.446  4902  5082 V LynxUsb : addConfiguredModule() module#=2
10-24 21:01:36.446  4902  5082 V LynxModule: pingAndQueryKnownInterfaces mod=2
10-24 21:01:36.446  4902  5082 V LynxModule: queryInterface(DEKA)=0 commands
10-24 21:01:36.446  4902  5082 V LynxModule: mod#=2 intf=DEKA: expected 53 commands; found 0
10-24 21:01:36.446  4902  5082 V LynxModule: sendLEDPatternSteps(): #steps=6
10-24 21:01:36.448  4902  5082 V LynxMotor: initializeHardware() mod#=2
10-24 21:01:36.450  4902  5082 V RobotCore: DcMotorImpl(type=NeveRest40Gearmotor)
10-24 21:01:36.450  4902  5082 V LynxServoController: initializeHardware() mod#=2
10-24 21:01:36.451  4902  5082 V LynxVoltageSensor: initializeHardware() mod#=2
10-24 21:01:36.451  4902  5082 V LynxPwmOutputController: initializeHardware() mod#=2
10-24 21:01:36.452  4902  5082 V LynxAnalogInputController: initializeHardware() mod#=2
10-24 21:01:36.452  4902  5082 V LynxDigitalChannelController: initializeHardware() mod#=2
10-24 21:01:36.453  4902  5082 V RobotCore: Creating Lynx Color/Range Sensor - mod=2 bus=1
10-24 21:01:36.453  4902  5082 I RobotCore: LynxFirmwareVersionManager: LynxI2cDeviceSynchV1
10-24 21:01:36.454  4902  5082 V LynxI2cDeviceSynch: initializeHardware() mod#=2
10-24 21:01:36.454  4902  5082 V AMSColorSensorImpl: internalInitialize()...
10-24 21:01:36.454  4902  5082 V AMSColorSensorImpl: ...internalInitialize()
10-24 21:01:36.455  4902  5082 V LynxI2cDeviceSynch: engaging mod#=2
10-24 21:01:36.455  4902  5082 V LynxMotor: initializeHardware() mod#=3
10-24 21:01:36.456  4902  5082 V RobotCore: DcMotorImpl(type=NeveRest40Gearmotor)
10-24 21:01:36.456  4902  5082 V RobotCore: DcMotorImpl(type=NeveRest40Gearmotor)
10-24 21:01:36.456  4902  5082 V RobotCore: DcMotorImpl(type=NeveRest40Gearmotor)
10-24 21:01:36.456  4902  5082 V RobotCore: DcMotorImpl(type=NeveRest40Gearmotor)
10-24 21:01:36.456  4902  5082 V LynxServoController: initializeHardware() mod#=3
10-24 21:01:36.457  4902  5082 V LynxVoltageSensor: initializeHardware() mod#=3
10-24 21:01:36.457  4902  5082 V LynxPwmOutputController: initializeHardware() mod#=3
10-24 21:01:36.457  4902  5082 V LynxAnalogInputController: initializeHardware() mod#=3
10-24 21:01:36.457  4902  5082 V LynxDigitalChannelController: initializeHardware() mod#=3
10-24 21:01:36.458  4902  5082 V RobotCore: Creating user sensor REV Expansion Hub IMU - on Lynx module=3 bus=0
10-24 21:01:36.458  4902  5082 V RobotCore: Creating I2cDeviceSynch (Lynx) - mod=3 bus=0
10-24 21:01:36.458  4902  5082 I RobotCore: LynxFirmwareVersionManager: LynxI2cDeviceSynchV1
10-24 21:01:36.458  4902  5082 V LynxI2cDeviceSynch: initializeHardware() mod#=3
10-24 21:01:36.460  4902  5082 V RobotCore: Creating user sensor MR Range Sensor - on Lynx module=3 bus=3
10-24 21:01:36.460  4902  5082 V RobotCore: Creating I2cDeviceSynch (Lynx) - mod=3 bus=3
10-24 21:01:36.460  4902  5082 I RobotCore: LynxFirmwareVersionManager: LynxI2cDeviceSynchV1
10-24 21:01:36.460  4902  5082 V LynxI2cDeviceSynch: initializeHardware() mod#=3
10-24 21:01:36.460  4902  5082 I RobotCore: ========= Device Information ===================================================
10-24 21:01:36.460  4902  5082 I RobotCore: Type                                               Name                           Connection
10-24 21:01:36.461  4902  5082 I RobotCore: Motor                                              rr                             USB DQ143RN2; module 3; port 3
10-24 21:01:36.461  4902  5082 I RobotCore: Motor                                              glyphLift                      USB DQ143RN2; module 2; port 0
10-24 21:01:36.461  4902  5082 I RobotCore: Servo                                              lowerRightGripper              USB DQ143RN2; module 2; port 3
10-24 21:01:36.461  4902  5082 I RobotCore: Motor                                              lr                             USB DQ143RN2; module 3; port 2
10-24 21:01:36.461  4902  5082 I RobotCore: REV Robotics USB Expansion Hub Portal              Expansion Hub Portal 1         USB DQ143RN2
10-24 21:01:36.461  4902  5082 I RobotCore: Servo                                              longArm                        USB DQ143RN2; module 2; port 5
10-24 21:01:36.461  4902  5082 I RobotCore: Servo                                              upperLeftGripper               USB DQ143RN2; module 2; port 0
10-24 21:01:36.462  4902  5082 I RobotCore: Expansion Hub DC Motor Controller                  Expansion Hub 3                USB DQ143RN2; module 3
10-24 21:01:36.462  4902  5082 I RobotCore: Expansion Hub Servo Controller                     Expansion Hub 3                USB DQ143RN2; module 3
10-24 21:01:36.462  4902  5082 I RobotCore: Expansion Hub Voltage Sensor                       Expansion Hub 3                USB DQ143RN2; module 3
10-24 21:01:36.462  4902  5082 I RobotCore: Expansion Hub Pwm Controller                       Expansion Hub 3                USB DQ143RN2; module 3
10-24 21:01:36.462  4902  5082 I RobotCore: Expansion Hub Analog Input Controller              Expansion Hub 3                USB DQ143RN2; module 3
10-24 21:01:36.462  4902  5082 I RobotCore: Expansion Hub Digital Channel Controller           Expansion Hub 3                USB DQ143RN2; module 3
10-24 21:01:36.462  4902  5082 I RobotCore: Expansion Hub (unknown firmware)                   Expansion Hub 3                USB DQ143RN2; module 3
10-24 21:01:36.462  4902  5082 I RobotCore: Expansion Hub DC Motor Controller                  Expansion Hub 2                USB DQ143RN2; module 2
10-24 21:01:36.463  4902  5082 I RobotCore: Expansion Hub Servo Controller                     Expansion Hub 2                USB DQ143RN2; module 2
10-24 21:01:36.463  4902  5082 I RobotCore: Expansion Hub Voltage Sensor                       Expansion Hub 2                USB DQ143RN2; module 2
10-24 21:01:36.463  4902  5082 I RobotCore: Expansion Hub Pwm Controller                       Expansion Hub 2                USB DQ143RN2; module 2
10-24 21:01:36.463  4902  5082 I RobotCore: Expansion Hub Analog Input Controller              Expansion Hub 2                USB DQ143RN2; module 2
10-24 21:01:36.463  4902  5082 I RobotCore: Expansion Hub Digital Channel Controller           Expansion Hub 2                USB DQ143RN2; module 2
10-24 21:01:36.464  4902  5082 I RobotCore: Expansion Hub (unknown firmware)                   Expansion Hub 2                USB DQ143RN2; module 2
10-24 21:01:36.464  4902  5082 I RobotCore: REV Expansion Hub IMU                              imu                            USB DQ143RN2; module 3; bus 0; addr7=0x00
10-24 21:01:36.464  4902  5082 I RobotCore: Servo                                              upperRightGripper              USB DQ143RN2; module 2; port 1
10-24 21:01:36.464  4902  5082 I RobotCore: Motor                                              rf                             USB DQ143RN2; module 3; port 1
10-24 21:01:36.464  4902  5082 I RobotCore: Servo                                              shortArm                       USB DQ143RN2; module 2; port 4
10-24 21:01:36.464  4902  5082 I RobotCore: REV Color/Range Sensor                             jewelColor                     USB DQ143RN2; module 2; bus 1; addr7=0x39
10-24 21:01:36.465  4902  5082 I RobotCore: Motor                                              lf                             USB DQ143RN2; module 3; port 0
10-24 21:01:36.465  4902  5082 I RobotCore: Servo                                              lowerLeftGripper               USB DQ143RN2; module 2; port 2
10-24 21:01:36.465  4902  5082 I RobotCore: Modern Robotics Range Sensor v0.0                  x1Range                        USB DQ143RN2; module 3; bus 3; addr7=0x14
10-24 21:01:36.466  4902  5082 I FtcEventLoop: ======= INIT FINISH =======
10-24 21:01:36.466  4902  5082 V RobotCore: EventLoopManager state is RUNNING
10-24 21:01:36.471  4902  5222 D RobotCore: system telemetry: key=$System$Warning$ msg="unable to open REV Robotics USB Expansion Hub Portal [DQ143RN2]"
10-24 21:01:36.472  4902  5222 V PeerDiscovery: new remote peer discovered: 192.168.49.154
10-24 21:01:36.472  4902  5222 D Robocol : RobocolDatagramSocket connected to /192.168.49.154:20884
10-24 21:01:36.473  4902  5222 V NetworkConnectionHandler: starting sending loop
10-24 21:01:36.474  4902  5222 V Robocol : SendOnceRunnable created
10-24 21:01:36.474  4902  5082 V ThreadPool: container(0x048f1a66: SoundPlayer) added id=3361 TID=0 count=1
10-24 21:01:36.477  4902  5082 V ThreadPool: container(0x048f1a66: SoundPlayer) added id=3363 TID=0 count=2
10-24 21:01:36.477  4902  5082 V RobotCore: Robot Status: running, starting robot
10-24 21:01:36.477  4902  5082 V RobotCore: Robot Status: running
10-24 21:01:36.505  4902  5227 D MediaPlayer: setSubtitleAnchor in MediaPlayer
10-24 21:01:36.505  4902  4902 D MediaPlayer: setSubtitleAnchor in MediaPlayer
10-24 21:01:36.508  4902  5222 V NetDiscover_prefremrc: sendAllPreferences()
10-24 21:01:36.508  4902  5222 V NetDiscover_prefremrc: sending RC pref name=pref_wifip2p_remote_channel_change_works value=true
10-24 21:01:36.516  4902  5225 V Robocol : sending CMD_NOTIFY_USER_DEVICE_LIST(19), attempt: 0
10-24 21:01:36.519  4902  5222 V NetDiscover_prefremrc: sending RC pref name=pref_device_name value=12611-RC
10-24 21:01:36.519  4902  5222 V NetDiscover_prefremrc: sending RC pref name=pref_has_independent_phone_battery value=true
10-24 21:01:36.519  4902  5222 V NetDiscover_prefremrc: sending RC pref name=pref_app_theme value=teal
10-24 21:01:36.519  4902  5222 V NetDiscover_prefremrc: sending RC pref name=pref_sound_on_off value=false
10-24 21:01:36.521  4902  5222 V RobotCore: Network: active, connected
10-24 21:01:36.524  4902  5082 V ThreadPool: container(0x0f569143: executorEventLoop) added id=3366 TID=0 count=1
10-24 21:01:36.525  4902  5082 V RobotCore: thread: ...terminating 'RobotSetupRunnable.run()'
10-24 21:01:36.526  4902  5232 V RobotCore: thread: 'opmode loop()' starting...
10-24 21:01:36.533  4902  5232 V ThreadPool: container(0x047b100d: OpModeStuckCodeMonitor) added id=3367 TID=0 count=1
10-24 21:01:36.534  4902  5232 I RobotCore: Attempting to switch to op mode $Stop$Robot$
10-24 21:01:36.554  4902  5225 V Robocol : sending CMD_ROBOT_CONTROLLER_PREFERENCE(20), attempt: 0
10-24 21:01:36.554  4902  5225 V Robocol : sending CMD_ROBOT_CONTROLLER_PREFERENCE(21), attempt: 0
10-24 21:01:36.554  4902  5225 V Robocol : sending CMD_ROBOT_CONTROLLER_PREFERENCE(22), attempt: 0
10-24 21:01:36.555  4902  5225 V Robocol : sending CMD_ROBOT_CONTROLLER_PREFERENCE(23), attempt: 0
10-24 21:01:36.555  4902  5225 V Robocol : sending CMD_ROBOT_CONTROLLER_PREFERENCE(24), attempt: 0
10-24 21:01:36.555  4902  5225 V Robocol : sending CMD_NOTIFY_ROBOT_STATE(18), attempt: 0
10-24 21:01:36.557  4902  5224 D ExtendedUtils: extended extractor not needed, return default
10-24 21:01:36.558  4902  5224 I MediaCodec: (0xb8e7fea8) init name(audio/raw) isType(1) encoder(0)
10-24 21:01:36.560  4902  5222 V Robocol : received command: CMD_REQUEST_UI_STATE(10003) 
10-24 21:01:36.561  4902  5222 V Robocol : received command: CMD_INIT_OP_MODE(10004) $Stop$Robot$
10-24 21:01:36.562  4902  5221 I BatteryChecker: percent remaining: 89 is charging: false
10-24 21:01:36.577  4902  5236 I OMXClient: Using client-side OMX mux.
10-24 21:01:36.580  4902  5236 E OMXMaster: A component of name 'OMX.qcom.audio.decoder.aac' already exists, ignoring this one.
10-24 21:01:36.582  4902  5236 I MediaCodec: (0xb8e7fea8) Component Allocated (OMX.google.raw.decoder)
10-24 21:01:36.582  4902  5224 I MediaCodec: (0xb8e7fea8) configure surface(0x0) crypto(0x0) flags(0)
10-24 21:01:36.583  4902  5224 D MediaCodec: (0xb8e7fea8) configure format: AMessage(what = 0x00000000) = {
10-24 21:01:36.583  4902  5224 D MediaCodec:    string mime = "audio/raw"
10-24 21:01:36.583  4902  5224 D MediaCodec:    int64_t durationUs = 1019125
10-24 21:01:36.583  4902  5224 D MediaCodec:    int32_t channel-count = 1
10-24 21:01:36.583  4902  5224 D MediaCodec:    int32_t sample-rate = 8000
10-24 21:01:36.583  4902  5224 D MediaCodec:    int32_t channel-mask = 0
10-24 21:01:36.583  4902  5224 D MediaCodec:  }
10-24 21:01:36.584  4902  5224 I MediaCodec: (0xb8e7fea8) start
10-24 21:01:36.585  4902  5236 I MediaCodec: (0xb8e7fea8) input buffers allocated
10-24 21:01:36.585  4902  5236 I MediaCodec: (0xb8e7fea8) numBuffers (4)
10-24 21:01:36.585  4902  5236 I MediaCodec: (0xb8e7fea8) output buffers allocated
10-24 21:01:36.585  4902  5236 I MediaCodec: (0xb8e7fea8) numBuffers (4)
10-24 21:01:36.587  4902  5236 I MediaCodec: (0xb8e7fea8) codec output format changed
10-24 21:01:36.587  4902  5236 D MediaCodec: (0xb8e7fea8) output format: AMessage(what = 'codc', target = 2) = {
10-24 21:01:36.587  4902  5236 D MediaCodec:    string mime = "audio/raw"
10-24 21:01:36.587  4902  5236 D MediaCodec:    int32_t channel-count = 1
10-24 21:01:36.587  4902  5236 D MediaCodec:    int32_t sample-rate = 8000
10-24 21:01:36.587  4902  5236 D MediaCodec:    int32_t channel-mask = 0
10-24 21:01:36.587  4902  5236 D MediaCodec:    int32_t what = 1869968451
10-24 21:01:36.587  4902  5236 D MediaCodec:  }
10-24 21:01:36.591  4902  5224 I MediaCodec: (0xb8e7fea8) stop
10-24 21:01:36.592  4902  5224 I MediaCodec: (0xb8e7fea8) release
10-24 21:01:36.594  4902  5225 V Robocol : sending CMD_NOTIFY_INIT_OP_MODE(30), attempt: 0
10-24 21:01:36.594  4902  5225 V Robocol : sending CMD_NOTIFY_ACTIVE_CONFIGURATION(41), attempt: 0
10-24 21:01:36.598  4902  5227 W AudioTrack: AUDIO_OUTPUT_FLAG_FAST denied by client; transfer 4, track 8000 Hz, output 48000 Hz
10-24 21:01:36.607  4902  5221 I BatteryChecker: percent remaining: 89 is charging: false
10-24 21:01:36.609  4902  5232 I RobotCore: Attempting to switch to op mode $Stop$Robot$
10-24 21:01:36.634  4902  5225 V Robocol : sending CMD_NOTIFY_USER_DEVICE_LIST(44), attempt: 0
10-24 21:01:36.635  4902  5225 V Robocol : sending CMD_NOTIFY_OP_MODE_LIST(45), attempt: 0
10-24 21:01:36.635  4902  5225 V Robocol : sending CMD_NOTIFY_INIT_OP_MODE(51), attempt: 0
10-24 21:01:36.648  4902  5227 D MediaPlayer: setSubtitleAnchor in MediaPlayer
10-24 21:01:36.648  4902  4902 D MediaPlayer: setSubtitleAnchor in MediaPlayer
10-24 21:01:36.651  4902  4902 E MediaPlayer: invoke failed: wrong state 8
10-24 21:01:36.653  4902  4902 W MediaPlayer: mediaplayer went away with unhandled events
10-24 21:01:36.670  4902  5224 D ExtendedUtils: extended extractor not needed, return default
10-24 21:01:36.671  4902  5224 I MediaCodec: (0xb8c3efc8) init name(audio/raw) isType(1) encoder(0)
10-24 21:01:36.672  4902  5244 I OMXClient: Using client-side OMX mux.
10-24 21:01:36.676  4902  5244 E OMXMaster: A component of name 'OMX.qcom.audio.decoder.aac' already exists, ignoring this one.
10-24 21:01:36.678  4902  5244 I MediaCodec: (0xb8c3efc8) Component Allocated (OMX.google.raw.decoder)
10-24 21:01:36.679  4902  5224 I MediaCodec: (0xb8c3efc8) configure surface(0x0) crypto(0x0) flags(0)
10-24 21:01:36.679  4902  5224 D MediaCodec: (0xb8c3efc8) configure format: AMessage(what = 0x00000000) = {
10-24 21:01:36.679  4902  5224 D MediaCodec:    string mime = "audio/raw"
10-24 21:01:36.679  4902  5224 D MediaCodec:    int64_t durationUs = 1043650
10-24 21:01:36.679  4902  5224 D MediaCodec:    int32_t channel-count = 2
10-24 21:01:36.679  4902  5224 D MediaCodec:    int32_t sample-rate = 44100
10-24 21:01:36.679  4902  5224 D MediaCodec:    int32_t channel-mask = 0
10-24 21:01:36.679  4902  5224 D MediaCodec:  }
10-24 21:01:36.679  4902  5224 I MediaCodec: (0xb8c3efc8) start
10-24 21:01:36.680  4902  5244 I MediaCodec: (0xb8c3efc8) input buffers allocated
10-24 21:01:36.680  4902  5244 I MediaCodec: (0xb8c3efc8) numBuffers (4)
10-24 21:01:36.680  4902  5244 I MediaCodec: (0xb8c3efc8) output buffers allocated
10-24 21:01:36.680  4902  5244 I MediaCodec: (0xb8c3efc8) numBuffers (4)
10-24 21:01:36.686  4902  5244 I MediaCodec: (0xb8c3efc8) codec output format changed
10-24 21:01:36.686  4902  5244 D MediaCodec: (0xb8c3efc8) output format: AMessage(what = 'codc', target = 6) = {
10-24 21:01:36.686  4902  5244 D MediaCodec:    string mime = "audio/raw"
10-24 21:01:36.686  4902  5244 D MediaCodec:    int32_t channel-count = 2
10-24 21:01:36.686  4902  5244 D MediaCodec:    int32_t sample-rate = 44100
10-24 21:01:36.686  4902  5244 D MediaCodec:    int32_t channel-mask = 0
10-24 21:01:36.686  4902  5244 D MediaCodec:    int32_t what = 1869968451
10-24 21:01:36.686  4902  5244 D MediaCodec:  }
10-24 21:01:36.691  4902  5224 I MediaCodec: (0xb8c3efc8) stop
10-24 21:01:36.693  4902  5224 I MediaCodec: (0xb8c3efc8) release
10-24 21:01:36.865  4902  5232 I RobotCore: robot battery read duration: n=0, mean=0.000ms sd=-0.000ms
10-24 21:01:37.616  4902  5227 W AudioTrack: AUDIO_OUTPUT_FLAG_FAST denied by client; transfer 4, track 44100 Hz, output 48000 Hz
10-24 21:01:37.633  4902  5227 D MediaPlayer: setSubtitleAnchor in MediaPlayer
10-24 21:01:37.633  4902  4902 D MediaPlayer: setSubtitleAnchor in MediaPlayer
10-24 21:01:37.636  4902  4902 E MediaPlayer: invoke failed: wrong state 8
10-24 21:01:37.636  4902  4902 W MediaPlayer: mediaplayer went away with unhandled events
10-24 21:01:37.648  4902  5224 D ExtendedUtils: extended extractor not needed, return default
10-24 21:01:37.649  4902  5224 I MediaCodec: (0xb8c3efc8) init name(audio/raw) isType(1) encoder(0)
10-24 21:01:37.651  4902  5269 I OMXClient: Using client-side OMX mux.
10-24 21:01:37.661  4902  5269 E OMXMaster: A component of name 'OMX.qcom.audio.decoder.aac' already exists, ignoring this one.
10-24 21:01:37.663  4902  5269 I MediaCodec: (0xb8c3efc8) Component Allocated (OMX.google.raw.decoder)
10-24 21:01:37.663  4902  5224 I MediaCodec: (0xb8c3efc8) configure surface(0x0) crypto(0x0) flags(0)
10-24 21:01:37.664  4902  5224 D MediaCodec: (0xb8c3efc8) configure format: AMessage(what = 0x00000000) = {
10-24 21:01:37.664  4902  5224 D MediaCodec:    string mime = "audio/raw"
10-24 21:01:37.664  4902  5224 D MediaCodec:    int64_t durationUs = 485011
10-24 21:01:37.664  4902  5224 D MediaCodec:    int32_t channel-count = 2
10-24 21:01:37.664  4902  5224 D MediaCodec:    int32_t sample-rate = 44100
10-24 21:01:37.664  4902  5224 D MediaCodec:    int32_t channel-mask = 0
10-24 21:01:37.664  4902  5224 D MediaCodec:  }
10-24 21:01:37.664  4902  5224 I MediaCodec: (0xb8c3efc8) start
10-24 21:01:37.665  4902  5269 I MediaCodec: (0xb8c3efc8) input buffers allocated
10-24 21:01:37.665  4902  5269 I MediaCodec: (0xb8c3efc8) numBuffers (4)
10-24 21:01:37.665  4902  5269 I MediaCodec: (0xb8c3efc8) output buffers allocated
10-24 21:01:37.665  4902  5269 I MediaCodec: (0xb8c3efc8) numBuffers (4)
10-24 21:01:37.668  4902  5269 I MediaCodec: (0xb8c3efc8) codec output format changed
10-24 21:01:37.668  4902  5269 D MediaCodec: (0xb8c3efc8) output format: AMessage(what = 'codc', target = 10) = {
10-24 21:01:37.668  4902  5269 D MediaCodec:    string mime = "audio/raw"
10-24 21:01:37.668  4902  5269 D MediaCodec:    int32_t channel-count = 2
10-24 21:01:37.668  4902  5269 D MediaCodec:    int32_t sample-rate = 44100
10-24 21:01:37.668  4902  5269 D MediaCodec:    int32_t channel-mask = 0
10-24 21:01:37.668  4902  5269 D MediaCodec:    int32_t what = 1869968451
10-24 21:01:37.668  4902  5269 D MediaCodec:  }
10-24 21:01:37.674  4902  5224 I MediaCodec: (0xb8c3efc8) stop
10-24 21:01:37.676  4902  5224 I MediaCodec: (0xb8c3efc8) release
10-24 21:01:38.661  4902  5227 W AudioTrack: AUDIO_OUTPUT_FLAG_FAST denied by client; transfer 4, track 44100 Hz, output 48000 Hz
10-24 21:01:44.349  4902  4902 I BatteryChecker: percent remaining: 89 is charging: false
10-24 21:01:44.350  4902  4902 I BatteryChecker: percent remaining: 89 is charging: false
10-24 21:01:49.881  4902  5222 V Robocol : received command: CMD_RESTART_ROBOT(10189) 
10-24 21:01:49.883  4902  5221 I BatteryChecker: percent remaining: 89 is charging: false
10-24 21:01:49.885  4902  5221 D RobotCore: restarting robot...
10-24 21:01:49.933  4902  4902 V Robocol : EventLoopManager.shutdown()
10-24 21:01:49.934  4902  4902 V ThreadPool: waiting for service EventLoop
10-24 21:01:49.934  4902  5232 V RobotCore: EventLoopRunnable interrupted
10-24 21:01:49.934  4902  5232 V RobotCore: EventLoopManager state is STOPPED
10-24 21:01:49.935  4902  5232 V RobotCore: Robot Status: stopped
10-24 21:01:49.935  4902  5232 I FtcEventLoop: ======= TEARDOWN =======
10-24 21:01:49.935  4902  5234 V ThreadPool: container(0x047b100d: OpModeStuckCodeMonitor) removed id=3367 TID=5234 count=1
10-24 21:01:49.937  4902  5232 V LynxMotor: disengage mod#=3
10-24 21:01:49.938  4902  5232 V LynxMotor: disengage mod#=2
10-24 21:01:49.938  4902  5232 V LynxServoController: disengage mod#=2
10-24 21:01:49.939  4902  5232 V LynxServoController: disengage mod#=3
10-24 21:01:49.939  4902  5232 V LynxUsb : 0x0099663b on 0x047824ca: releasing delegate to [DQ143RN2]
10-24 21:01:49.939  4902  5232 V LynxUsb : 0x047824ca: releaseRef [DQ143RN2]=0
10-24 21:01:49.939  4902  5232 V LynxUsb : doClose([DQ143RN2])...
10-24 21:01:49.939  4902  5232 V LynxModule: close()
10-24 21:01:49.939  4902  5232 V ThreadPool: executive service lynx module executor(0x09ae2b17) is terminated
10-24 21:01:49.939  4902  5232 V LynxModule: close()
10-24 21:01:49.939  4902  5232 V ThreadPool: executive service lynx module executor(0x04c598ed) is terminated
10-24 21:01:49.940  4902  5232 V LynxUsb : disarmDevice() serial=DQ143RN2...
10-24 21:01:49.940  4902  5232 V AMSColorSensorImpl: internalInitialize()...
10-24 21:01:49.941  4902  5232 V AMSColorSensorImpl: ...internalInitialize()
10-24 21:01:49.941  4902  5232 V LynxUsb : ...doClose([DQ143RN2])
10-24 21:01:49.941  4902  5232 I FtcEventLoop: ======= TEARDOWN COMPLETE =======
10-24 21:01:49.941  4902  5232 V RobotCore: thread: ...terminating 'opmode loop()'
10-24 21:01:49.941  4902  4902 V ThreadPool: awaitTermination returned, isTerminated=true
10-24 21:01:49.941  4902  5232 V ThreadPool: container(0x0f569143: executorEventLoop) removed id=3366 TID=5232 count=1
10-24 21:01:49.941  4902  4902 V ThreadPool: executive service EventLoop(0x0f569143) is terminated
10-24 21:01:49.941  4902  4902 V RobotCore: EventLoopManager state is STOPPED
10-24 21:01:49.950  4902  5082 V RobotCore: thread: 'RobotSetupRunnable.run()' starting...
10-24 21:01:49.951  4902  5082 V FTCService: Processing robot setup
10-24 21:01:49.951  4902  5082 V RobotCore: Robot Status: stopped, scanning for USB devices
10-24 21:01:49.954  4902  5225 V Robocol : sending CMD_SHOW_TOAST(236), attempt: 0
10-24 21:01:49.954  4902  5225 V Robocol : sending CMD_NOTIFY_ROBOT_STATE(237), attempt: 0
10-24 21:01:49.955  4902  5225 V Robocol : sending CMD_NOTIFY_ROBOT_STATE(238), attempt: 0
10-24 21:01:49.955  4902  5225 V Robocol : sending CMD_SHOW_TOAST(239), attempt: 0
10-24 21:01:49.961  4902  5222 D RobotCore: system telemetry: key=$System$None$ msg=""
10-24 21:01:49.994  4902  4902 I BatteryChecker: percent remaining: 89 is charging: false
10-24 21:01:49.994  4902  4902 I BatteryChecker: percent remaining: 89 is charging: false
10-24 21:01:50.024  4902  5077 V RenderScript: 0xb8d6f050 Launching thread(s), CPUs 4
10-24 21:01:54.948  4902  4902 I BatteryChecker: percent remaining: 89 is charging: false
10-24 21:01:54.950  4902  4902 I BatteryChecker: percent remaining: 89 is charging: false
10-24 21:01:54.951  4902  5082 V RobotCore: Robot Status: stopped, waiting for Wifi to enable
10-24 21:01:54.951  4902  5082 V RobotCore: Robot Status: stopped, waiting for Wifi Direct to enable
10-24 21:01:54.952  4902  5082 V RobotCore: Robot Status: stopped, waiting for network to become active
10-24 21:01:54.952  4902  5082 V RobotCore: Robot Status: stopped, starting robot
10-24 21:01:54.953  4902  5082 V Robocol : EventLoopManager.start()
10-24 21:01:54.953  4902  5082 V Robocol : Spoofing a Network Connection event...
10-24 21:01:54.953  4902  5082 V ThreadPool: executive service EventLoop(0x0f569143) is terminated
10-24 21:01:54.953  4902  5082 V RobotCore: EventLoopManager state is STOPPED
10-24 21:01:54.954  4902  5225 V Robocol : sending CMD_NOTIFY_ROBOT_STATE(295), attempt: 0
10-24 21:01:54.954  4902  5082 V Robocol : eventLoop=FtcEventLoop
10-24 21:01:54.954  4902  5082 V RobotCore: EventLoopManager state is INIT
10-24 21:01:54.954  4902  5082 V RobotCore: Robot Status: initializing, starting robot
10-24 21:01:54.954  4902  5082 I FtcEventLoop: ======= INIT START =======
10-24 21:01:54.955  4902  5082 V OpmodeRegistration: registered {DefaultOpMode} as {$Stop$Robot$}
10-24 21:01:54.957  4902  5082 V FileBasedLock: locked /storage/emulated/0/FIRST/blocks/projectslock/lock.dat
10-24 21:01:54.957  4902  5082 V FileBasedLock: unlocking /storage/emulated/0/FIRST/blocks/projectslock/lock.dat
10-24 21:01:54.961  4902  5082 V OpmodeRegistration: registered {RelicRecoveryAutoBlue1} as {Auto Blue 1}
10-24 21:01:54.962  4902  5082 V OpmodeRegistration: registered {SensorTest} as {Sensor Test}
10-24 21:01:54.962  4902  5082 V OpmodeRegistration: registered {RelicRecoveryAutoTest} as {Auto Test}
10-24 21:01:54.963  4902  5082 V OpmodeRegistration: registered {SensorMRRangeSensor} as {Sensor: MR range sensor}
10-24 21:01:54.964  4902  5082 V OpmodeRegistration: registered {SensorREVColorDistance} as {Sensor: REVColorDistance}
10-24 21:01:54.968  4902  5082 V OpmodeRegistration: registered {RelivRecoveryAutoRed1} as {Auto Red 1}
10-24 21:01:54.969  4902  5082 V OpmodeRegistration: registered {RelicRecoveryTeleOpsLinear} as {Relic Recovery TeleOps (Linear)}
10-24 21:01:54.972  4902  4902 D WifiDirect: cannot create group, does group already exist?
10-24 21:01:54.994  4902  5225 V Robocol : sending CMD_NOTIFY_ROBOT_STATE(296), attempt: 0
10-24 21:01:54.994  4902  5225 V Robocol : sending CMD_NOTIFY_ACTIVE_CONFIGURATION(298), attempt: 0
10-24 21:01:54.997  4902  5082 V HardwareFactory: createHardwareMap()
10-24 21:01:54.997  4902  5082 V WifiDirectInviteMonitor: clearUILynxModule()
10-24 21:01:54.997  4902  5082 V ReadXMLFileHandler: handleLynxModule() mod#=2...
10-24 21:01:54.997  4902  5082 V ConfigurationUtility: buildEmptyLynxModule() mod#=2...
10-24 21:01:54.997  4902  5082 V ConfigurationUtility: ...buildEmptyLynxModule() mod#=2
10-24 21:01:54.998  4902  5082 V ReadXMLFileHandler: ...handleLynxModule() mod#=2
10-24 21:01:54.998  4902  5082 V ReadXMLFileHandler: handleLynxModule() mod#=3...
10-24 21:01:54.998  4902  5082 V ConfigurationUtility: buildEmptyLynxModule() mod#=3...
10-24 21:01:54.999  4902  5082 V ConfigurationUtility: ...buildEmptyLynxModule() mod#=3
10-24 21:01:54.999  4902  5082 V ReadXMLFileHandler: ...handleLynxModule() mod#=3
10-24 21:01:55.000  4902  5082 V RobotCore: Creating REV Robotics USB Expansion Hub Portal [DQ143RN2]
10-24 21:01:55.001  4902  5082 V LynxUsb : creating new [DQ143RN2]: 0x03f2cd8f
10-24 21:01:55.001  4902  5082 V FtDeviceManager: createDeviceInfoList(): 0 USB devices
10-24 21:01:55.001  4902  5082 W System.err: unable to find lynx USB device with serial number DQ143RN2
10-24 21:01:55.002  4902  5082 E LynxUsb : exception RobotCoreException(unable to find lynx USB device with serial number DQ143RN2): exception arming DQ143RN2 [com.qualcomm.hardware.lynx.LynxUsbUtil.logMessageAndThrow(LynxUsbUtil.java:108)]
10-24 21:01:55.002  4902  5082 V LynxUsb : doPretend() serial=DQ143RN2
10-24 21:01:55.002  4902  5082 V LynxUsb : 0x049d481c on 0x03f2cd8f: new delegate to [DQ143RN2]
10-24 21:01:55.003  4902  5082 V RobotCore: Creating Lynx Module - mod=2 parent=false
10-24 21:01:55.003  4902  5082 V RobotCore: Creating Lynx Module - mod=3 parent=true
10-24 21:01:55.003  4902  5082 V LynxUsb : addConfiguredModule() module#=3
10-24 21:01:55.003  4902  5082 V LynxModule: pingAndQueryKnownInterfaces mod=3
10-24 21:01:55.004  4902  5082 V LynxModule: queryInterface(DEKA)=0 commands
10-24 21:01:55.004  4902  5082 V LynxModule: mod#=3 intf=DEKA: expected 53 commands; found 0
10-24 21:01:55.004  4902  5082 V LynxModule: sendLEDPatternSteps(): #steps=8
10-24 21:01:55.004  4902  5082 V LynxUsb : addConfiguredModule() module#=2
10-24 21:01:55.004  4902  5082 V LynxModule: pingAndQueryKnownInterfaces mod=2
10-24 21:01:55.004  4902  5082 V LynxModule: queryInterface(DEKA)=0 commands
10-24 21:01:55.005  4902  5082 V LynxModule: mod#=2 intf=DEKA: expected 53 commands; found 0
10-24 21:01:55.005  4902  5082 V LynxModule: sendLEDPatternSteps(): #steps=6
10-24 21:01:55.005  4902  5082 V LynxMotor: initializeHardware() mod#=2
10-24 21:01:55.007  4902  5082 V RobotCore: DcMotorImpl(type=NeveRest40Gearmotor)
10-24 21:01:55.007  4902  5082 V LynxServoController: initializeHardware() mod#=2
10-24 21:01:55.007  4902  5082 V LynxVoltageSensor: initializeHardware() mod#=2
