10-24 21:10:09.804 12826 12844 V NetDiscover_wifiDirectAgent_bcast: WifiP2pGroup: network: DIRECT-MA-12611-RC, isGO: true, Operating Channel: 2412, GO: Device: , deviceAddress: 80:58:f8:59:b8:0f, primary type: null, secondary type: null, wps: 0, grpcapab: 0, devcapab: 0, status: 4, wfdInfo: WFD enabled: falseWFD DeviceInfo: 0, WFD CtrlPort: 0, WFD MaxThroughput: 0, level: 0, Client: Device: 12611-DS, deviceAddress: 80:58:f8:58:99:a3, primary type: 10-0050F204-5, secondary type: null, wps: 392, grpcapab: 0, devcapab: 37, status: 0, wfdInfo: null, level: 60, Client: Device: , deviceAddress: 48:d2:24:ca:23:69, primary type: null, secondary type: null, wps: 0, grpcapab: 0, devcapab: 0, status: 4, wfdInfo: null, level: 0, interface: p2p0, networkId: 0, mGoOperFreq: 2412
10-24 21:10:09.805 12826 12844 V NetDiscover_wifiDirectAgent_bcast: this device changed: Device=12611-RC deviceAddress=80:58:f8:59:b8:0f primary type=10-0050F204-5 secondary type=null wps=0 grpcapab=0 devcapab=0 status=0 wfdInfo=WFD enabled=falseWFD DeviceInfo=0 WFD CtrlPort=0 WFD MaxThroughput=0 level=0
10-24 21:10:09.805 12826 12844 V NetDiscover_name: remembering wifiDirectName: 12611-RC...
10-24 21:10:09.805 12826 12844 V NetDiscover_name: wifiDirectName=12611-RC
10-24 21:10:09.806 12826 12844 V NetDiscover_name: ...remembering wifiDirectName
10-24 21:10:09.806 12826 12844 V NetDiscover_wifiDirectAgent_bcast: p2p discoverPeers()=false
10-24 21:10:09.806 12826 12844 V NetDiscover_wifiDirectAgent_bcast: wifi direct remembered groups cleared
10-24 21:10:09.810 12826 12844 V NetDiscover_wifiDirectAgent_bcast: wifiState=ENABLED
10-24 21:10:09.810 12826 12844 V NetDiscover_wifiDirectAgent: found persistent group: DIRECT-MA-12611-RC
10-24 21:10:09.845 12826 12826 I WebViewFactory: Loading com.google.android.webview version 61.0.3163.98 (code 316309800)
10-24 21:10:09.898 12826 12826 I art     : Rejecting re-init on previously-failed class java.lang.Class<com.android.webview.chromium.TokenBindingManagerAdapter>
10-24 21:10:09.898 12826 12826 I art     : Rejecting re-init on previously-failed class java.lang.Class<com.android.webview.chromium.TokenBindingManagerAdapter>
10-24 21:10:09.907 12826 12826 I art     : Rejecting re-init on previously-failed class java.lang.Class<com.android.webview.chromium.ServiceWorkerControllerAdapter>
10-24 21:10:09.907 12826 12826 I art     : Rejecting re-init on previously-failed class java.lang.Class<com.android.webview.chromium.ServiceWorkerControllerAdapter>
10-24 21:10:09.921 12826 12826 I cr_LibraryLoader: Time to load native libraries: 6 ms (timestamps 6665-6671)
10-24 21:10:09.960 12826 12826 I chromium: [INFO:library_loader_hooks.cc(136)] Chromium logging enabled: level = 0, default verbosity = 0
10-24 21:10:09.961 12826 12826 I cr_LibraryLoader: Expected native library version number "61.0.3163.98", actual native library version number "61.0.3163.98"
10-24 21:10:10.012 12826 12826 I cr_BrowserStartup: Initializing chromium process, singleProcess=true
10-24 21:10:10.049 12826 12826 I Adreno-EGL: <qeglDrvAPI_eglInitialize:379>: EGL 1.4 QUALCOMM build:  (Ifd751822f5)
10-24 21:10:10.049 12826 12826 I Adreno-EGL: OpenGL ES Shader Compiler Version: XE031.06.00.05
10-24 21:10:10.049 12826 12826 I Adreno-EGL: Build Date: 01/26/16 Tue
10-24 21:10:10.049 12826 12826 I Adreno-EGL: Local Branch: AU12_SBA
10-24 21:10:10.049 12826 12826 I Adreno-EGL: Remote Branch: 
10-24 21:10:10.049 12826 12826 I Adreno-EGL: Local Patches: 
10-24 21:10:10.049 12826 12826 I Adreno-EGL: Reconstruct Branch: 
10-24 21:10:12.108 12826 12826 V RobotCore: Network: inactive, disconnected
10-24 21:10:12.108 12826 12826 V ServiceStarter: attempting to start service FtcRobotControllerWatchdogService
10-24 21:10:12.111 12826 12826 V ServiceStarter: started service FtcRobotControllerWatchdogService
10-24 21:10:12.118 12826 12826 V RobotCore: BuildConfig: versionCode=24 versionName=3.4 module=com.qualcomm.ftcrobotcontroller
10-24 21:10:12.118 12826 12826 V RobotCore: BuildConfig: versionCode=34 versionName=5.12 module=com.qualcomm.robotcore
10-24 21:10:12.118 12826 12826 V RobotCore: BuildConfig: versionCode=34 versionName=5.12 module=com.qualcomm.hardware
10-24 21:10:12.118 12826 12826 V RobotCore: BuildConfig: versionCode=34 versionName=5.12 module=com.qualcomm.ftccommon
10-24 21:10:12.118 12826 12826 V RobotCore: BuildConfig: versionCode=34 versionName=5.12 module=com.google.blocks
10-24 21:10:12.118 12826 12826 V RobotCore: BuildConfig: versionCode=34 versionName=5.12 module=org.firstinspires.inspection
10-24 21:10:12.119 12826 12826 V RCActivity: onStart()
10-24 21:10:12.120 12826 12826 V RCActivity: onResume()
10-24 21:10:12.134 12826 12984 D OpenGLRenderer: Use EGL_SWAP_BEHAVIOR_PRESERVED: true
10-24 21:10:12.182 12826 12826 V MTPMonitorService: onCreate()
10-24 21:10:12.182 12826 12826 V MTPMonitorService: onStartCommand() intent=Intent { cmp=com.qualcomm.ftcrobotcontroller/org.firstinspires.ftc.robotcore.internal.files.MediaTransferProtocolMonitorService } flags=0x0 startId=1
10-24 21:10:12.183 12826 12826 V ThreadPool: container(0x0d75d6d0: MTPMonitor) added id=3400 TID=0 count=1
10-24 21:10:12.183 12826 12826 V MTPMonitor: observing: /storage/emulated/0
10-24 21:10:12.195 12826 12826 W FileObserverManager: upgrading mask: path=/storage/emulated/0/FIRST/blocks old=0x00000ffc new=0x00004ffc: might possibly miss event
10-24 21:10:12.196 12826 12826 W FileObserverManager: upgrading mask: path=/storage/emulated/0/FIRST/java/status old=0x00000ffc new=0x00004ffc: might possibly miss event
10-24 21:10:12.297 12826 12826 V OnBotJavaService: onCreate()
10-24 21:10:12.298 12826 12826 V OnBotJavaService: onStartCommand() intent=Intent { cmp=com.qualcomm.ftcrobotcontroller/org.firstinspires.ftc.robotcore.internal.opmode.OnBotJavaService } flags=0x0 startId=1
10-24 21:10:12.298 12826 12826 V OnBotJava: ctor()...
10-24 21:10:12.298 12826 12826 V OnBotJava: ...ctor()
10-24 21:10:12.308 12826 12826 V FtcRobotControllerWatchdogService: onCreate()
10-24 21:10:12.308 12826 12826 V FtcRobotControllerWatchdogService: onStartCommand() intent=Intent { cmp=com.qualcomm.ftcrobotcontroller/org.firstinspires.ftc.ftccommon.internal.FtcRobotControllerWatchdogService } flags=0x0 startId=1
10-24 21:10:12.309 12826 12826 V FtcRobotControllerWatchdogService: shouldAutoLauchRobotController() result=false
10-24 21:10:12.309 12826 12826 V WebServer: creating NanoHTTPD(8080)
10-24 21:10:12.319 12826 12826 V FTCService: onCreate()
10-24 21:10:12.320 12826 12826 V FTCService: onBind()
10-24 21:10:12.320 12826 12826 V FTCService: Android Device: maker=motorola model=XT1609 sdk=23
10-24 21:10:12.322 12826 12826 V RobotCore: Getting network assistant of type: WIFIDIRECT
10-24 21:10:12.325 12826 12826 V NetDiscover_prefremrc: onSharedPreferenceChanged(name=pref_wifip2p_groupowner_connectedto, value=null)
10-24 21:10:12.325 12826 12826 V WifiDirect: There are 1 Wifi Direct Assistant Clients (+)
10-24 21:10:12.325 12826 12826 V WifiDirect: Enabling Wifi Direct Assistant
10-24 21:10:12.327 12826 12826 V WifiDirectInviteMonitor: startMonitoring()
10-24 21:10:12.361 12826 12984 I OpenGLRenderer: Initialized EGL, version 1.4
10-24 21:10:12.378 12826 12826 D WifiDirect: broadcast: state - enabled: true
10-24 21:10:12.378 12826 12826 D WifiDirect: broadcast: connection changed: connectStatus=NOT_CONNECTED networkInfo.state=CONNECTED
10-24 21:10:12.379 12826 12826 V WifiDirect: writing pref name=pref_wifip2p_groupowner_connectedto value=
10-24 21:10:12.379 12826 12826 V NetDiscover_prefremrc: onSharedPreferenceChanged(name=pref_wifip2p_groupowner_connectedto, value=)
10-24 21:10:12.379 12826 12826 D WifiDirect: broadcast: this device changed
10-24 21:10:12.379 12826 12826 V WifiDirect: device information: 12611-RC 80:58:f8:59:b8:0f
10-24 21:10:12.379 12826 12826 D WifiDirect: cannot create group, does group already exist?
10-24 21:10:12.379 12826 12826 V FTCService: RCActivity.controllerService=bound
10-24 21:10:12.380 12826 12826 V RobotCore: Network: unknown, disconnected
10-24 21:10:12.380 12826 12826 V RobotCore: Robot Status: stopped
10-24 21:10:12.389 12826 12826 V ThreadPool: container(0x010ea4ae: default threadpool) added id=3403 TID=0 count=1
10-24 21:10:12.391 12826 12996 V RobotCore: thread: 'RobotSetupRunnable.run()' starting...
10-24 21:10:12.391 12826 12996 V FTCService: Processing robot setup
10-24 21:10:12.392 12826 12996 V RobotCore: Robot Status: stopped, scanning for USB devices
10-24 21:10:12.518 12826 12826 D WifiDirect: group owners address: /192.168.49.1
10-24 21:10:12.518 12826 12826 D WifiDirect: group formed, this device is the group owner (GO)
10-24 21:10:12.518 12826 12826 I FTCService: Wifi Direct - connected as group owner
10-24 21:10:12.524 12826 12826 V RobotCore: Network: enabled, disconnected
10-24 21:10:12.528 12826 12826 I BatteryChecker: percent remaining: 87 is charging: false
10-24 21:10:12.528 12826 12826 I BatteryChecker: percent remaining: 87 is charging: false
10-24 21:10:12.559 12826 12826 V WifiDirect: connection information available
10-24 21:10:12.559 12826 12826 V WifiDirect: connection information - groupOwnerName = 12611-RC
10-24 21:10:12.559 12826 12826 V WifiDirect: connection information - groupOwnerMacAddress = 80:58:f8:59:b8:0f
10-24 21:10:12.559 12826 12826 V WifiDirect: connection information - groupInterface = p2p0
10-24 21:10:12.559 12826 12826 V WifiDirect: connection information - groupNetworkName = DIRECT-MA-12611-RC
10-24 21:10:12.559 12826 12826 I FTCService: Network Connection Passphrase: NqsQx9uC
10-24 21:10:12.559 12826 12826 V WebServer: starting port=8080
10-24 21:10:12.570 12826 12826 V RobotCore: Getting network assistant of type: WIFIDIRECT
10-24 21:10:12.570 12826 12826 V WifiDirect: There are 2 Wifi Direct Assistant Clients (+)
10-24 21:10:12.570 12826 12826 V WebServer: started port=8080
10-24 21:10:12.571 12826 12826 V RobotCore: Network: active, disconnected
10-24 21:10:12.644 12826 12836 I art     : Background sticky concurrent mark sweep GC freed 71620(3MB) AllocSpace objects, 6(120KB) LOS objects, 25% free, 12MB/16MB, paused 6.127ms total 39.940ms
10-24 21:10:17.392 12826 12996 V RobotCore: EventLoopManager state is NOT_STARTED
10-24 21:10:17.393 12826 12996 V RobotCore: Robot Status: stopped, waiting for Wifi to enable
10-24 21:10:17.393 12826 12996 V RobotCore: Robot Status: stopped, waiting for Wifi Direct to enable
10-24 21:10:17.393 12826 12996 V RobotCore: Robot Status: stopped, waiting for network to become active
10-24 21:10:17.394 12826 12996 V RobotCore: Robot Status: stopped, starting robot
10-24 21:10:17.394 12826 12996 V Robocol : EventLoopManager.start()
10-24 21:10:17.394 12826 12996 V RobotCore: Getting network assistant of type: WIFIDIRECT
10-24 21:10:17.394 12826 12996 V Robocol : Spoofing a Network Connection event...
10-24 21:10:17.395 12826 12996 V ThreadPool: executive service EventLoop(0x0825eaa4) is terminated
10-24 21:10:17.395 12826 12996 V RobotCore: EventLoopManager state is STOPPED
10-24 21:10:17.395 12826 12996 V Robocol : eventLoop=FtcEventLoop
10-24 21:10:17.395 12826 12996 V RobotCore: EventLoopManager state is INIT
10-24 21:10:17.395 12826 12996 V RobotCore: Robot Status: initializing, starting robot
10-24 21:10:17.395 12826 12996 I FtcEventLoop: ======= INIT START =======
10-24 21:10:17.396 12826 12996 V OpmodeRegistration: registered {DefaultOpMode} as {$Stop$Robot$}
10-24 21:10:17.397 12826 13093 V RobotCore: thread: 'SetupRunnable.run()' starting...
10-24 21:10:17.399 12826 12996 V FileBasedLock: locked /storage/emulated/0/FIRST/blocks/projectslock/lock.dat
10-24 21:10:17.399 12826 12996 V ThreadPool: container(0x010ea4ae: default threadpool) added id=3408 TID=0 count=2
10-24 21:10:17.400 12826 12996 V FileBasedLock: unlocking /storage/emulated/0/FIRST/blocks/projectslock/lock.dat
10-24 21:10:17.405 12826 12996 V OpmodeRegistration: registered {SensorREVColorDistance} as {Sensor: REVColorDistance}
10-24 21:10:17.406 12826 12996 V OpmodeRegistration: registered {RelicRecoveryAutoBlue1} as {Auto Blue 1}
10-24 21:10:17.406 12826 12996 V OpmodeRegistration: registered {SensorTest} as {Sensor Test}
10-24 21:10:17.407 12826 12996 V OpmodeRegistration: registered {RelivRecoveryAutoRed1} as {Auto Red 1}
10-24 21:10:17.407 12826 12996 V OpmodeRegistration: registered {SensorMRRangeSensor} as {Sensor: MR range sensor}
10-24 21:10:17.408 12826 12996 V OpmodeRegistration: registered {RelicRecoveryTeleOpsLinear} as {Relic Recovery TeleOps (Linear)}
10-24 21:10:17.408 12826 12996 V OpmodeRegistration: registered {RelicRecoveryAutoTest} as {Auto Test}
10-24 21:10:17.423 12826 13093 D Robocol : RobocolDatagramSocket listening addr=/192.168.49.1:20884 cbRec=65520 cbSend=163840 msRecTO=300
10-24 21:10:17.424 12826 12826 I BatteryChecker: percent remaining: 87 is charging: false
10-24 21:10:17.424 12826 13093 V Robocol : RecvLoopRunnable created
10-24 21:10:17.425 12826 13093 V PeerDiscovery: Starting peer discovery
10-24 21:10:17.425 12826 13093 V PeerDiscovery: No need for peer discovery, we are the peer discovery device
10-24 21:10:17.425 12826 13093 V RobotCore: Setup complete
10-24 21:10:17.425 12826 13093 V RobotCore: thread: ...terminating 'SetupRunnable.run()'
10-24 21:10:17.426 12826 12826 I BatteryChecker: percent remaining: 87 is charging: false
10-24 21:10:17.426 12826 13096 V RobotCore: thread: 'RecvLoopRunnable.run()' starting...
10-24 21:10:17.429 12826 12826 D WifiDirect: cannot create group, does group already exist?
10-24 21:10:17.452 12826 12996 V HardwareFactory: createHardwareMap()
10-24 21:10:17.452 12826 12996 V WifiDirectInviteMonitor: clearUILynxModule()
10-24 21:10:17.463 12826 12996 V ReadXMLFileHandler: handleLynxModule() mod#=2...
10-24 21:10:17.463 12826 12996 V ConfigurationUtility: buildEmptyLynxModule() mod#=2...
10-24 21:10:17.464 12826 12996 V ConfigurationUtility: ...buildEmptyLynxModule() mod#=2
10-24 21:10:17.465 12826 12996 V ReadXMLFileHandler: ...handleLynxModule() mod#=2
10-24 21:10:17.465 12826 12996 V ReadXMLFileHandler: handleLynxModule() mod#=3...
10-24 21:10:17.465 12826 12996 V ConfigurationUtility: buildEmptyLynxModule() mod#=3...
10-24 21:10:17.465 12826 12996 V ConfigurationUtility: ...buildEmptyLynxModule() mod#=3
10-24 21:10:17.465 12826 12996 V ReadXMLFileHandler: ...handleLynxModule() mod#=3
10-24 21:10:17.467 12826 12996 V RobotCore: Creating REV Robotics USB Expansion Hub Portal [DQ143RN2]
10-24 21:10:17.468 12826 12996 V LynxUsb : creating new [DQ143RN2]: 0x047824ca
10-24 21:10:17.472 12826 13096 D RobotCore: system telemetry: key=$System$None$ msg=""
10-24 21:10:17.473 12826 13096 V PeerDiscovery: new remote peer discovered: 192.168.49.154
10-24 21:10:17.473 12826 13096 D Robocol : RobocolDatagramSocket connected to /192.168.49.154:20884
10-24 21:10:17.474 12826 13096 V NetworkConnectionHandler: starting sending loop
10-24 21:10:17.474 12826 13096 V Robocol : SendOnceRunnable created
10-24 21:10:17.476 12826 12996 V ThreadPool: container(0x0099663b: WatchdogMonitor) added id=3412 TID=0 count=1
10-24 21:10:17.484 12826 12996 V FtDevice: initialize(vid=0x0403 pid=0x6015 bcdDevice=0x1000)
10-24 21:10:17.484 12826 12996 V MonitoredUsbDeviceConnection: closing UsbDeviceConnection(DQ143RN2)
10-24 21:10:17.484 12826 12996 D UsbDeviceConnectionJNI: close
10-24 21:10:17.484 12826 12996 V MonitoredUsbDeviceConnection: closing UsbDeviceConnection(DQ143RN2)
10-24 21:10:17.484 12826 12996 D UsbDeviceConnectionJNI: close
10-24 21:10:17.484 12826 12996 V FtDeviceManager: createDeviceInfoList(): 1 USB devices
10-24 21:10:17.486 12826 13098 V ThreadPool: container(0x0099663b: WatchdogMonitor) removed id=3412 TID=13098 count=1
10-24 21:10:17.488 12826 12996 V FtDevice: vv********************DQ143RN2 opening********************vv 0x09ae2b17
10-24 21:10:17.490 12826 12996 V FtDevice: ^^********************DQ143RN2 opened ********************^^
10-24 21:10:17.491 12826 12996 V FtDevice: resetting DQ143RN2
10-24 21:10:17.491 12826 12996 V ThreadPool: container(0x055bc396: WatchdogMonitor) added id=3415 TID=0 count=1
10-24 21:10:17.497 12826 12996 V LynxUsb : armDevice() serial=DQ143RN2...
10-24 21:10:17.497 12826 12996 V LynxModule: resetDevice() serial=DQ143RN2
10-24 21:10:17.501 12826 13096 V NetDiscover_prefremrc: sendAllPreferences()
10-24 21:10:17.501 12826 13096 V NetDiscover_prefremrc: sending RC pref name=pref_wifip2p_remote_channel_change_works value=true
10-24 21:10:17.506 12826 13096 V NetDiscover_prefremrc: sending RC pref name=pref_device_name value=12611-RC
10-24 21:10:17.506 12826 13096 V NetDiscover_prefremrc: sending RC pref name=pref_has_independent_phone_battery value=true
10-24 21:10:17.507 12826 13096 V NetDiscover_prefremrc: sending RC pref name=pref_app_theme value=teal
10-24 21:10:17.507 12826 13096 V NetDiscover_prefremrc: sending RC pref name=pref_sound_on_off value=false
10-24 21:10:17.514 12826 13097 V Robocol : sending CMD_NOTIFY_USER_DEVICE_LIST(18), attempt: 0
10-24 21:10:17.515 12826 13097 V Robocol : sending CMD_ROBOT_CONTROLLER_PREFERENCE(19), attempt: 0
10-24 21:10:17.516 12826 13097 V Robocol : sending CMD_ROBOT_CONTROLLER_PREFERENCE(20), attempt: 0
10-24 21:10:17.516 12826 13097 V Robocol : sending CMD_ROBOT_CONTROLLER_PREFERENCE(21), attempt: 0
10-24 21:10:17.516 12826 13096 V ThreadPool: container(0x06e061b3: SoundPlayer) added id=3417 TID=0 count=1
10-24 21:10:17.516 12826 13097 V Robocol : sending CMD_ROBOT_CONTROLLER_PREFERENCE(22), attempt: 0
10-24 21:10:17.516 12826 13097 V Robocol : sending CMD_ROBOT_CONTROLLER_PREFERENCE(23), attempt: 0
10-24 21:10:17.516 12826 13096 V ThreadPool: container(0x06e061b3: SoundPlayer) added id=3418 TID=0 count=2
10-24 21:10:17.519 12826 13096 V RobotCore: Network: active, connected
10-24 21:10:17.544 12826 13105 D MediaPlayer: setSubtitleAnchor in MediaPlayer
10-24 21:10:17.544 12826 12826 D MediaPlayer: setSubtitleAnchor in MediaPlayer
10-24 21:10:17.561 12826 13096 V Robocol : received command: CMD_REQUEST_UI_STATE(10008) 
10-24 21:10:17.587 12826 13103 D ExtendedUtils: extended extractor not needed, return default
10-24 21:10:17.588 12826 13103 I MediaCodec: (0xb8def5d0) init name(audio/raw) isType(1) encoder(0)
10-24 21:10:17.591 12826 13113 I OMXClient: Using client-side OMX mux.
10-24 21:10:17.595 12826 13113 E OMXMaster: A component of name 'OMX.qcom.audio.decoder.aac' already exists, ignoring this one.
10-24 21:10:17.598 12826 13113 I MediaCodec: (0xb8def5d0) Component Allocated (OMX.google.raw.decoder)
10-24 21:10:17.598 12826 13103 I MediaCodec: (0xb8def5d0) configure surface(0x0) crypto(0x0) flags(0)
10-24 21:10:17.598 12826 13103 D MediaCodec: (0xb8def5d0) configure format: AMessage(what = 0x00000000) = {
10-24 21:10:17.598 12826 13103 D MediaCodec:    string mime = "audio/raw"
10-24 21:10:17.598 12826 13103 D MediaCodec:    int64_t durationUs = 485011
10-24 21:10:17.598 12826 13103 D MediaCodec:    int32_t channel-count = 2
10-24 21:10:17.598 12826 13103 D MediaCodec:    int32_t sample-rate = 44100
10-24 21:10:17.598 12826 13103 D MediaCodec:    int32_t channel-mask = 0
10-24 21:10:17.598 12826 13103 D MediaCodec:  }
10-24 21:10:17.599 12826 13103 I MediaCodec: (0xb8def5d0) start
10-24 21:10:17.601 12826 13113 I MediaCodec: (0xb8def5d0) input buffers allocated
10-24 21:10:17.601 12826 13113 I MediaCodec: (0xb8def5d0) numBuffers (4)
10-24 21:10:17.601 12826 13113 I MediaCodec: (0xb8def5d0) output buffers allocated
10-24 21:10:17.601 12826 13113 I MediaCodec: (0xb8def5d0) numBuffers (4)
10-24 21:10:17.604 12826 13113 I MediaCodec: (0xb8def5d0) codec output format changed
10-24 21:10:17.604 12826 13113 D MediaCodec: (0xb8def5d0) output format: AMessage(what = 'codc', target = 2) = {
10-24 21:10:17.604 12826 13113 D MediaCodec:    string mime = "audio/raw"
10-24 21:10:17.604 12826 13113 D MediaCodec:    int32_t channel-count = 2
10-24 21:10:17.604 12826 13113 D MediaCodec:    int32_t sample-rate = 44100
10-24 21:10:17.604 12826 13113 D MediaCodec:    int32_t channel-mask = 0
10-24 21:10:17.604 12826 13113 D MediaCodec:    int32_t what = 1869968451
10-24 21:10:17.604 12826 13113 D MediaCodec:  }
10-24 21:10:17.607 12826 13103 I MediaCodec: (0xb8def5d0) stop
10-24 21:10:17.609 12826 13103 I MediaCodec: (0xb8def5d0) release
10-24 21:10:17.615 12826 13105 W AudioTrack: AUDIO_OUTPUT_FLAG_FAST denied by client; transfer 4, track 44100 Hz, output 48000 Hz
10-24 21:10:17.853 12826 12996 V ThreadPool: container(0x0fcfaf6e: lynx dg poller) added id=3423 TID=0 count=1
10-24 21:10:17.853 12826 12996 V LynxUsb : ...done armDevice()
10-24 21:10:17.853 12826 12996 V LynxUsb : 0x0f2f369c on 0x047824ca: new delegate to [DQ143RN2]
10-24 21:10:17.854 12826 12996 V RobotCore: Creating Lynx Module - mod=2 parent=false
10-24 21:10:17.855 12826 12996 V RobotCore: Creating Lynx Module - mod=3 parent=true
10-24 21:10:17.855 12826 12996 V LynxUsb : addConfiguredModule() module#=3
10-24 21:10:17.856 12826 12996 V LynxModule: pingAndQueryKnownInterfaces mod=3
10-24 21:10:17.858 12826 12996 V ThreadPool: container(0x04aa3e46: lynx module executor) added id=3424 TID=0 count=1
10-24 21:10:17.858 12826 13122 V RobotCore: thread: 'lynx incoming datagrams' starting...
10-24 21:10:17.858 12826 13122 V LynxUsb : synchronization gained: serial=DQ143RN2
10-24 21:10:17.869 12826 12996 V LynxModule: queryInterface(DEKA)=49 commands
10-24 21:10:17.874 12826 12996 V LynxModule: mod#=3 intf=DEKA: expected 53 commands; found 49
10-24 21:10:17.878 12826 12996 V LynxModule: sendLEDPatternSteps(): #steps=8
10-24 21:10:17.881 12826 13123 V LynxModule: received status: LynxGetModuleStatusResponse(status=0x02 alerts=0x00: Reset)
10-24 21:10:17.891 12826 12996 V LynxUsb : addConfiguredModule() module#=2
10-24 21:10:17.891 12826 12996 V LynxModule: pingAndQueryKnownInterfaces mod=2
10-24 21:10:17.893 12826 12996 V ThreadPool: container(0x04472088: lynx module executor) added id=3425 TID=0 count=1
10-24 21:10:17.899 12826 12996 V LynxModule: queryInterface(DEKA)=49 commands
10-24 21:10:17.905 12826 12996 V LynxModule: mod#=2 intf=DEKA: expected 53 commands; found 49
10-24 21:10:17.909 12826 12996 V LynxModule: sendLEDPatternSteps(): #steps=6
10-24 21:10:17.913 12826 13124 V LynxModule: received status: LynxGetModuleStatusResponse(status=0x05 alerts=0x00: KeepAliveTimeout|FailSafe)
10-24 21:10:17.913 12826 13124 V LynxModule: resendCurrentPattern()
10-24 21:10:17.913 12826 13124 V LynxModule: sendLEDPatternSteps(): #steps=6
10-24 21:10:17.923 12826 12996 V LynxMotor: initializeHardware() mod#=2
10-24 21:10:18.037 12826 12996 V RobotCore: DcMotorImpl(type=NeveRest40Gearmotor)
10-24 21:10:18.037 12826 12996 V LynxServoController: initializeHardware() mod#=2
10-24 21:10:18.082 12826 12996 V LynxVoltageSensor: initializeHardware() mod#=2
10-24 21:10:18.083 12826 12996 V LynxPwmOutputController: initializeHardware() mod#=2
10-24 21:10:18.088 12826 12996 W LynxPwmOutputController: LynxSetPWMEnableCommand not implemented by lynx hw; ignoring
10-24 21:10:18.093 12826 12996 W LynxPwmOutputController: LynxSetPWMConfigurationCommand not implemented by lynx hw; ignoring
10-24 21:10:18.097 12826 12996 W LynxPwmOutputController: LynxSetPWMEnableCommand not implemented by lynx hw; ignoring
10-24 21:10:18.101 12826 12996 W LynxPwmOutputController: LynxSetPWMConfigurationCommand not implemented by lynx hw; ignoring
10-24 21:10:18.105 12826 12996 W LynxPwmOutputController: LynxSetPWMEnableCommand not implemented by lynx hw; ignoring
10-24 21:10:18.109 12826 12996 W LynxPwmOutputController: LynxSetPWMConfigurationCommand not implemented by lynx hw; ignoring
10-24 21:10:18.113 12826 12996 W LynxPwmOutputController: LynxSetPWMEnableCommand not implemented by lynx hw; ignoring
10-24 21:10:18.117 12826 12996 W LynxPwmOutputController: LynxSetPWMConfigurationCommand not implemented by lynx hw; ignoring
10-24 21:10:18.118 12826 12996 V LynxAnalogInputController: initializeHardware() mod#=2
10-24 21:10:18.118 12826 12996 V LynxDigitalChannelController: initializeHardware() mod#=2
10-24 21:10:18.145 12826 12996 V RobotCore: Creating Lynx Color/Range Sensor - mod=2 bus=1
10-24 21:10:18.145 12826 12996 I RobotCore: LynxFirmwareVersionManager: LynxI2cDeviceSynchV1
10-24 21:10:18.145 12826 12996 V LynxI2cDeviceSynch: initializeHardware() mod#=2
10-24 21:10:18.146 12826 12996 V AMSColorSensorImpl: internalInitialize()...
10-24 21:10:18.178 12826 12996 V AMSColorSensorImpl: state: 07 f6 ff ff 00 00 00 00 00 00 00 00 00 00 08 61 
10-24 21:10:18.178 12826 12996 V AMSColorSensorImpl: state| 00 01 60 33 1d 00 0a 00 0a 
10-24 21:10:18.195 12826 12996 V AMSColorSensorImpl: disable() enabled=0x07...
10-24 21:10:18.235 12826 12996 V AMSColorSensorImpl: ...disable() enabled=0x00
10-24 21:10:18.236 12826 12996 V AMSColorSensorImpl: setIntegrationTime(0xf6)
10-24 21:10:18.249 12826 12996 V AMSColorSensorImpl: setGain(GAIN_4)
10-24 21:10:18.276 12826 12996 V AMSColorSensorImpl: setPDrive(Percent12_5)
10-24 21:10:18.302 12826 12996 V AMSColorSensorImpl: setProximityPulseCount(0x08)
10-24 21:10:18.329 12826 12996 V AMSColorSensorImpl: enable() enabled=0x00...
10-24 21:10:18.379 12826 12996 V AMSColorSensorImpl: ...enable() enabled=0x07
10-24 21:10:18.395 12826 12996 V AMSColorSensorImpl: state: 07 f6 ff ff 00 00 00 00 00 00 00 00 00 00 08 61 
10-24 21:10:18.395 12826 12996 V AMSColorSensorImpl: state| 00 01 60 33 1d 00 0a 00 0a 
10-24 21:10:18.395 12826 12996 V AMSColorSensorImpl: ...internalInitialize()
10-24 21:10:18.395 12826 12996 V LynxI2cDeviceSynch: engaging mod#=2
10-24 21:10:18.395 12826 12996 V LynxMotor: initializeHardware() mod#=3
10-24 21:10:18.466 12826 12996 V RobotCore: DcMotorImpl(type=NeveRest40Gearmotor)
10-24 21:10:18.466 12826 12996 V RobotCore: DcMotorImpl(type=NeveRest40Gearmotor)
10-24 21:10:18.466 12826 12996 V RobotCore: DcMotorImpl(type=NeveRest40Gearmotor)
10-24 21:10:18.466 12826 12996 V RobotCore: DcMotorImpl(type=NeveRest40Gearmotor)
10-24 21:10:18.466 12826 12996 V LynxServoController: initializeHardware() mod#=3
10-24 21:10:18.509 12826 12996 V LynxVoltageSensor: initializeHardware() mod#=3
10-24 21:10:18.509 12826 12996 V LynxPwmOutputController: initializeHardware() mod#=3
10-24 21:10:18.517 12826 12996 W LynxPwmOutputController: LynxSetPWMEnableCommand not implemented by lynx hw; ignoring
10-24 21:10:18.521 12826 12996 W LynxPwmOutputController: LynxSetPWMConfigurationCommand not implemented by lynx hw; ignoring
10-24 21:10:18.525 12826 12996 W LynxPwmOutputController: LynxSetPWMEnableCommand not implemented by lynx hw; ignoring
10-24 21:10:18.529 12826 12996 W LynxPwmOutputController: LynxSetPWMConfigurationCommand not implemented by lynx hw; ignoring
10-24 21:10:18.533 12826 12996 W LynxPwmOutputController: LynxSetPWMEnableCommand not implemented by lynx hw; ignoring
10-24 21:10:18.536 12826 12996 W LynxPwmOutputController: LynxSetPWMConfigurationCommand not implemented by lynx hw; ignoring
10-24 21:10:18.539 12826 12996 W LynxPwmOutputController: LynxSetPWMEnableCommand not implemented by lynx hw; ignoring
10-24 21:10:18.543 12826 12996 W LynxPwmOutputController: LynxSetPWMConfigurationCommand not implemented by lynx hw; ignoring
10-24 21:10:18.543 12826 12996 V LynxAnalogInputController: initializeHardware() mod#=3
10-24 21:10:18.544 12826 12996 V LynxDigitalChannelController: initializeHardware() mod#=3
10-24 21:10:18.568 12826 12996 V RobotCore: Creating user sensor REV Expansion Hub IMU - on Lynx module=3 bus=0
10-24 21:10:18.568 12826 12996 V RobotCore: Creating I2cDeviceSynch (Lynx) - mod=3 bus=0
10-24 21:10:18.568 12826 12996 I RobotCore: LynxFirmwareVersionManager: LynxI2cDeviceSynchV1
10-24 21:10:18.568 12826 12996 V LynxI2cDeviceSynch: initializeHardware() mod#=3
10-24 21:10:18.570 12826 12996 V RobotCore: Creating user sensor MR Range Sensor - on Lynx module=3 bus=3
10-24 21:10:18.570 12826 12996 V RobotCore: Creating I2cDeviceSynch (Lynx) - mod=3 bus=3
10-24 21:10:18.570 12826 12996 I RobotCore: LynxFirmwareVersionManager: LynxI2cDeviceSynchV1
10-24 21:10:18.570 12826 12996 V LynxI2cDeviceSynch: initializeHardware() mod#=3
10-24 21:10:18.571 12826 12996 I RobotCore: ========= Device Information ===================================================
10-24 21:10:18.571 12826 12996 I RobotCore: Type                                               Name                           Connection
10-24 21:10:18.571 12826 12996 I RobotCore: Motor                                              rr                             USB DQ143RN2; module 3; port 3
10-24 21:10:18.571 12826 12996 I RobotCore: Motor                                              glyphLift                      USB DQ143RN2; module 2; port 0
10-24 21:10:18.571 12826 12996 I RobotCore: Servo                                              lowerRightGripper              USB DQ143RN2; module 2; port 3
10-24 21:10:18.572 12826 12996 I RobotCore: Motor                                              lr                             USB DQ143RN2; module 3; port 2
10-24 21:10:18.572 12826 12996 I RobotCore: REV Robotics USB Expansion Hub Portal              Expansion Hub Portal 1         USB DQ143RN2
10-24 21:10:18.572 12826 12996 I RobotCore: Servo                                              longArm                        USB DQ143RN2; module 2; port 5
10-24 21:10:18.572 12826 12996 I RobotCore: Servo                                              upperLeftGripper               USB DQ143RN2; module 2; port 0
10-24 21:10:18.572 12826 12996 I RobotCore: Expansion Hub DC Motor Controller                  Expansion Hub 3                USB DQ143RN2; module 3
10-24 21:10:18.572 12826 12996 I RobotCore: Expansion Hub Servo Controller                     Expansion Hub 3                USB DQ143RN2; module 3
10-24 21:10:18.573 12826 12996 I RobotCore: Expansion Hub Voltage Sensor                       Expansion Hub 3                USB DQ143RN2; module 3
10-24 21:10:18.573 12826 12996 I RobotCore: Expansion Hub Pwm Controller                       Expansion Hub 3                USB DQ143RN2; module 3
10-24 21:10:18.573 12826 12996 I RobotCore: Expansion Hub Analog Input Controller              Expansion Hub 3                USB DQ143RN2; module 3
10-24 21:10:18.573 12826 12996 I RobotCore: Expansion Hub Digital Channel Controller           Expansion Hub 3                USB DQ143RN2; module 3
10-24 21:10:18.577 12826 12996 I RobotCore: Expansion Hub (HW: 20, Maj: 1, Min: 6, Eng: 0)     Expansion Hub 3                USB DQ143RN2; module 3
10-24 21:10:18.577 12826 12996 I RobotCore: Expansion Hub DC Motor Controller                  Expansion Hub 2                USB DQ143RN2; module 2
10-24 21:10:18.577 12826 12996 I RobotCore: Expansion Hub Servo Controller                     Expansion Hub 2                USB DQ143RN2; module 2
10-24 21:10:18.577 12826 12996 I RobotCore: Expansion Hub Voltage Sensor                       Expansion Hub 2                USB DQ143RN2; module 2
10-24 21:10:18.577 12826 12996 I RobotCore: Expansion Hub Pwm Controller                       Expansion Hub 2                USB DQ143RN2; module 2
10-24 21:10:18.577 12826 12996 I RobotCore: Expansion Hub Analog Input Controller              Expansion Hub 2                USB DQ143RN2; module 2
10-24 21:10:18.577 12826 12996 I RobotCore: Expansion Hub Digital Channel Controller           Expansion Hub 2                USB DQ143RN2; module 2
10-24 21:10:18.584 12826 12996 I RobotCore: Expansion Hub (HW: 20, Maj: 1, Min: 6, Eng: 0)     Expansion Hub 2                USB DQ143RN2; module 2
10-24 21:10:18.584 12826 12996 I RobotCore: REV Expansion Hub IMU                              imu                            USB DQ143RN2; module 3; bus 0; addr7=0x00
10-24 21:10:18.584 12826 12996 I RobotCore: Servo                                              upperRightGripper              USB DQ143RN2; module 2; port 1
10-24 21:10:18.584 12826 12996 I RobotCore: Motor                                              rf                             USB DQ143RN2; module 3; port 1
10-24 21:10:18.584 12826 12996 I RobotCore: Servo                                              shortArm                       USB DQ143RN2; module 2; port 4
10-24 21:10:18.584 12826 12996 I RobotCore: REV Color/Range Sensor                             jewelColor                     USB DQ143RN2; module 2; bus 1; addr7=0x39
10-24 21:10:18.585 12826 12996 I RobotCore: Motor                                              lf                             USB DQ143RN2; module 3; port 0
10-24 21:10:18.585 12826 12996 I RobotCore: Servo                                              lowerLeftGripper               USB DQ143RN2; module 2; port 2
10-24 21:10:18.596 12826 12996 I RobotCore: Modern Robotics Range Sensor v1.2                  x1Range                        USB DQ143RN2; module 3; bus 3; addr7=0x14
10-24 21:10:18.596 12826 12996 I FtcEventLoop: ======= INIT FINISH =======
10-24 21:10:18.596 12826 12996 V RobotCore: EventLoopManager state is RUNNING
10-24 21:10:18.596 12826 12996 V RobotCore: Robot Status: running, starting robot
10-24 21:10:18.596 12826 12996 V RobotCore: Robot Status: running
10-24 21:10:18.597 12826 12996 V ThreadPool: container(0x0f2e5133: executorEventLoop) added id=3426 TID=0 count=1
10-24 21:10:18.598 12826 12996 V RobotCore: thread: ...terminating 'RobotSetupRunnable.run()'
10-24 21:10:18.598 12826 13095 I BatteryChecker: percent remaining: 87 is charging: false
10-24 21:10:18.601 12826 13133 V RobotCore: thread: 'opmode loop()' starting...
10-24 21:10:18.611 12826 13105 D MediaPlayer: setSubtitleAnchor in MediaPlayer
10-24 21:10:18.614 12826 12826 W MediaPlayer: mediaplayer went away with unhandled events
10-24 21:10:18.620 12826 13103 D ExtendedUtils: extended extractor not needed, return default
10-24 21:10:18.621 12826 13103 I MediaCodec: (0xb8a47e78) init name(audio/raw) isType(1) encoder(0)
10-24 21:10:18.623 12826 13137 I OMXClient: Using client-side OMX mux.
10-24 21:10:18.628 12826 13137 E OMXMaster: A component of name 'OMX.qcom.audio.decoder.aac' already exists, ignoring this one.
10-24 21:10:18.632 12826 13137 I MediaCodec: (0xb8a47e78) Component Allocated (OMX.google.raw.decoder)
10-24 21:10:18.632 12826 13103 I MediaCodec: (0xb8a47e78) configure surface(0x0) crypto(0x0) flags(0)
10-24 21:10:18.632 12826 13103 D MediaCodec: (0xb8a47e78) configure format: AMessage(what = 0x00000000) = {
10-24 21:10:18.632 12826 13103 D MediaCodec:    string mime = "audio/raw"
10-24 21:10:18.632 12826 13103 D MediaCodec:    int64_t durationUs = 1019125
10-24 21:10:18.632 12826 13103 D MediaCodec:    int32_t channel-count = 1
10-24 21:10:18.632 12826 13103 D MediaCodec:    int32_t sample-rate = 8000
10-24 21:10:18.632 12826 13103 D MediaCodec:    int32_t channel-mask = 0
10-24 21:10:18.632 12826 13103 D MediaCodec:  }
10-24 21:10:18.633 12826 13103 I MediaCodec: (0xb8a47e78) start
10-24 21:10:18.633 12826 13137 I MediaCodec: (0xb8a47e78) input buffers allocated
10-24 21:10:18.633 12826 13137 I MediaCodec: (0xb8a47e78) numBuffers (4)
10-24 21:10:18.633 12826 13137 I MediaCodec: (0xb8a47e78) output buffers allocated
10-24 21:10:18.633 12826 13137 I MediaCodec: (0xb8a47e78) numBuffers (4)
10-24 21:10:18.634 12826 13097 V Robocol : sending CMD_NOTIFY_ROBOT_STATE(42), attempt: 0
10-24 21:10:18.634 12826 13097 V Robocol : sending CMD_NOTIFY_ACTIVE_CONFIGURATION(46), attempt: 0
10-24 21:10:18.638 12826 13137 I MediaCodec: (0xb8a47e78) codec output format changed
10-24 21:10:18.638 12826 13137 D MediaCodec: (0xb8a47e78) output format: AMessage(what = 'codc', target = 6) = {
10-24 21:10:18.638 12826 13137 D MediaCodec:    string mime = "audio/raw"
10-24 21:10:18.638 12826 13137 D MediaCodec:    int32_t channel-count = 1
10-24 21:10:18.638 12826 13137 D MediaCodec:    int32_t sample-rate = 8000
10-24 21:10:18.638 12826 13137 D MediaCodec:    int32_t channel-mask = 0
10-24 21:10:18.638 12826 13137 D MediaCodec:    int32_t what = 1869968451
10-24 21:10:18.638 12826 13137 D MediaCodec:  }
10-24 21:10:18.639 12826 13103 I MediaCodec: (0xb8a47e78) stop
10-24 21:10:18.640 12826 13133 V ThreadPool: container(0x047b100d: OpModeStuckCodeMonitor) added id=3430 TID=0 count=1
10-24 21:10:18.641 12826 13133 I RobotCore: Attempting to switch to op mode $Stop$Robot$
10-24 21:10:18.641 12826 13096 V Robocol : received command: CMD_INIT_OP_MODE(10020) $Stop$Robot$
10-24 21:10:18.642 12826 13095 E Robocol : command processing took 1.080 s: command=CMD_REQUEST_UI_STATE
10-24 21:10:18.642 12826 13103 I MediaCodec: (0xb8a47e78) release
10-24 21:10:18.649 12826 13105 W AudioTrack: AUDIO_OUTPUT_FLAG_FAST denied by client; transfer 4, track 8000 Hz, output 48000 Hz
10-24 21:10:18.674 12826 13097 V Robocol : sending CMD_NOTIFY_USER_DEVICE_LIST(47), attempt: 0
10-24 21:10:18.675 12826 13097 V Robocol : sending CMD_NOTIFY_OP_MODE_LIST(48), attempt: 0
10-24 21:10:18.691 12826 13095 I BatteryChecker: percent remaining: 87 is charging: false
10-24 21:10:18.704 12826 13133 I RobotCore: Attempting to switch to op mode $Stop$Robot$
10-24 21:10:18.714 12826 13097 V Robocol : sending CMD_NOTIFY_INIT_OP_MODE(55), attempt: 0
10-24 21:10:18.754 12826 13097 V Robocol : sending CMD_NOTIFY_INIT_OP_MODE(64), attempt: 0
10-24 21:10:18.966 12826 13133 I RobotCore: robot battery read duration: n=6, mean=4.229ms sd=1.717ms
10-24 21:10:24.780 12826 13096 E RobotCore: exception SocketTimeoutException(null): Robocol [libcore.io.IoBridge.maybeThrowAfterRecvfrom(IoBridge.java:594)]
10-24 21:10:31.001 12826 13096 V Robocol : received command: CMD_INIT_OP_MODE(10185) $Stop$Robot$
10-24 21:10:31.015 12826 13095 I BatteryChecker: percent remaining: 87 is charging: false
10-24 21:10:31.024 12826 13133 I RobotCore: Attempting to switch to op mode $Stop$Robot$
10-24 21:10:31.074 12826 13097 V Robocol : sending CMD_NOTIFY_INIT_OP_MODE(233), attempt: 0
10-24 21:10:39.064 12826 12826 I BatteryChecker: percent remaining: 87 is charging: false
10-24 21:10:39.065 12826 12826 I BatteryChecker: percent remaining: 87 is charging: false
10-24 21:10:39.928 12826 13096 V Robocol : received command: CMD_INIT_OP_MODE(10301) Auto Test
10-24 21:10:39.930 12826 13095 I BatteryChecker: percent remaining: 87 is charging: false
10-24 21:10:39.939 12826 13133 I RobotCore: Attempting to switch to op mode Auto Test
10-24 21:10:40.087 12826 13133 W LynxPwmOutputController: LynxSetPWMEnableCommand not implemented by lynx hw; ignoring
10-24 21:10:40.092 12826 13133 W LynxPwmOutputController: LynxSetPWMConfigurationCommand not implemented by lynx hw; ignoring
10-24 21:10:40.097 12826 13133 W LynxPwmOutputController: LynxSetPWMEnableCommand not implemented by lynx hw; ignoring
10-24 21:10:40.102 12826 13133 W LynxPwmOutputController: LynxSetPWMConfigurationCommand not implemented by lynx hw; ignoring
10-24 21:10:40.107 12826 13133 W LynxPwmOutputController: LynxSetPWMEnableCommand not implemented by lynx hw; ignoring
10-24 21:10:40.113 12826 13133 W LynxPwmOutputController: LynxSetPWMConfigurationCommand not implemented by lynx hw; ignoring
10-24 21:10:40.119 12826 13133 W LynxPwmOutputController: LynxSetPWMEnableCommand not implemented by lynx hw; ignoring
10-24 21:10:40.124 12826 13133 W LynxPwmOutputController: LynxSetPWMConfigurationCommand not implemented by lynx hw; ignoring
10-24 21:10:40.204 12826 13133 V AMSColorSensorImpl: internalInitialize()...
10-24 21:10:40.239 12826 13133 V AMSColorSensorImpl: state: 07 f6 ff ff 00 00 00 00 00 00 00 00 00 00 08 61 
10-24 21:10:40.239 12826 13133 V AMSColorSensorImpl: state| 00 01 60 33 1d 00 0a 00 0a 
10-24 21:10:40.256 12826 13133 V AMSColorSensorImpl: disable() enabled=0x07...
10-24 21:10:40.299 12826 13133 V AMSColorSensorImpl: ...disable() enabled=0x00
10-24 21:10:40.299 12826 13133 V AMSColorSensorImpl: setIntegrationTime(0xf6)
10-24 21:10:40.315 12826 13133 V AMSColorSensorImpl: setGain(GAIN_4)
10-24 21:10:40.346 12826 13133 V AMSColorSensorImpl: setPDrive(Percent12_5)
10-24 21:10:40.375 12826 13133 V AMSColorSensorImpl: setProximityPulseCount(0x08)
10-24 21:10:40.402 12826 13133 V AMSColorSensorImpl: enable() enabled=0x00...
10-24 21:10:40.450 12826 13133 V AMSColorSensorImpl: ...enable() enabled=0x07
10-24 21:10:40.470 12826 13133 V AMSColorSensorImpl: state: 07 f6 ff ff 00 00 00 00 00 00 00 00 00 00 08 61 
10-24 21:10:40.471 12826 13133 V AMSColorSensorImpl: state| 00 01 60 33 1d 00 0a 00 0a 
10-24 21:10:40.471 12826 13133 V AMSColorSensorImpl: ...internalInitialize()
10-24 21:10:40.585 12826 13133 W LynxPwmOutputController: LynxSetPWMEnableCommand not implemented by lynx hw; ignoring
10-24 21:10:40.590 12826 13133 W LynxPwmOutputController: LynxSetPWMConfigurationCommand not implemented by lynx hw; ignoring
10-24 21:10:40.594 12826 13133 W LynxPwmOutputController: LynxSetPWMEnableCommand not implemented by lynx hw; ignoring
10-24 21:10:40.599 12826 13133 W LynxPwmOutputController: LynxSetPWMConfigurationCommand not implemented by lynx hw; ignoring
10-24 21:10:40.603 12826 13133 W LynxPwmOutputController: LynxSetPWMEnableCommand not implemented by lynx hw; ignoring
10-24 21:10:40.609 12826 13133 W LynxPwmOutputController: LynxSetPWMConfigurationCommand not implemented by lynx hw; ignoring
10-24 21:10:40.613 12826 13133 W LynxPwmOutputController: LynxSetPWMEnableCommand not implemented by lynx hw; ignoring
10-24 21:10:40.617 12826 13133 W LynxPwmOutputController: LynxSetPWMConfigurationCommand not implemented by lynx hw; ignoring
10-24 21:10:40.617 12826 13133 V ThreadPool: container(0x03f2cd8f: LinearOpMode) added id=3431 TID=0 count=1
10-24 21:10:40.620 12826 13467 V RobotCore: thread: 'LinearOpMode main' starting...
10-24 21:10:40.634 12826 13097 V Robocol : sending CMD_NOTIFY_INIT_OP_MODE(366), attempt: 0
10-24 21:10:40.686 12826 13467 I MecanumRobot: 0 | init ...
10-24 21:10:40.790 12826 13467 V RobotCore: addr=false data=false arb=false clock=false
10-24 21:10:40.791 12826 13467 E LynxI2cDeviceSynch: readStatusQuery: cbExpected=1 cbRead=0
10-24 21:10:40.791 12826 13467 E LynxI2cDeviceSynch: placeholder: readStatusQuery
10-24 21:10:40.863 12826 13467 V RobotCore: addr=false data=false arb=false clock=false
10-24 21:10:40.863 12826 13467 E LynxI2cDeviceSynch: readStatusQuery: cbExpected=1 cbRead=0
10-24 21:10:40.934 12826 13467 V RobotCore: addr=false data=false arb=false clock=false
10-24 21:10:40.934 12826 13467 E LynxI2cDeviceSynch: readStatusQuery: cbExpected=1 cbRead=0
10-24 21:10:41.005 12826 13467 V RobotCore: addr=false data=false arb=false clock=false
10-24 21:10:41.005 12826 13467 E LynxI2cDeviceSynch: readStatusQuery: cbExpected=1 cbRead=0
10-24 21:10:41.075 12826 13467 V RobotCore: addr=false data=false arb=false clock=false
10-24 21:10:41.075 12826 13467 E LynxI2cDeviceSynch: readStatusQuery: cbExpected=1 cbRead=0
10-24 21:10:41.146 12826 13467 V RobotCore: addr=false data=false arb=false clock=false
10-24 21:10:41.146 12826 13467 E LynxI2cDeviceSynch: readStatusQuery: cbExpected=1 cbRead=0
10-24 21:10:41.218 12826 13467 V RobotCore: addr=false data=false arb=false clock=false
10-24 21:10:41.218 12826 13467 E LynxI2cDeviceSynch: readStatusQuery: cbExpected=1 cbRead=0
10-24 21:10:41.290 12826 13467 V RobotCore: addr=false data=false arb=false clock=false
10-24 21:10:41.290 12826 13467 E LynxI2cDeviceSynch: readStatusQuery: cbExpected=1 cbRead=0
10-24 21:10:41.756 12826 13467 W IMU     : re-issuing IMU mode: system status=IDLE expected=RUNNING_FUSION
10-24 21:10:41.930 12826 13467 I MecanumRobot: Init Imu | 1244 | imu initialized ...
10-24 21:10:42.421 12826 13467 I System.out: Native library libVuforia.so loaded
10-24 21:10:42.435 12826 13467 I AR      : Vuforia SDK version 6.0.117
10-24 21:10:42.476 12826 13467 I CameraManagerGlobal: Connecting to camera service
10-24 21:10:43.257 12826 13467 I AR      : ObjectTracker: Successfully created dataset
10-24 21:10:43.257 12826 13467 V Vuforia : loading data set 'RelicVuMark'...
10-24 21:10:43.496 12826 13467 V Vuforia : ... done loading data set 'RelicVuMark'
10-24 21:10:43.564 12826 13467 I org.firstinspires.ftc.teamcode.TechNova2017.JewelPusher: Red Color in Init:10
10-24 21:10:43.583 12826 13467 I MecanumRobot: IMU Heading: | 0.1
10-24 21:10:43.584 12826 13467 I VuMarkVision: VuMark | UNKNOWN visible
10-24 21:10:47.405 12826 13094 V ThreadPool: container(0x010ea4ae: default threadpool) removed id=3408 TID=13094 count=2
10-24 21:10:48.598 12826 12996 V ThreadPool: container(0x010ea4ae: default threadpool) removed id=3403 TID=12996 count=1
10-24 21:10:55.805 12826 13096 V Robocol : received command: CMD_RUN_OP_MODE(10444) Auto Test
10-24 21:10:55.808 12826 13095 I BatteryChecker: percent remaining: 87 is charging: false
10-24 21:10:55.835 12826 13097 V Robocol : sending CMD_NOTIFY_RUN_OP_MODE(516), attempt: 0
10-24 21:10:55.904 12826 13467 I MecanumRobot: Robot: | Robot starting 15964.4
10-24 21:10:55.972 12826 13467 I RelicRecoveryAutoTest: 15296.4 | 15974 | State: 0 [START] | Start | IMU: -0.0 | (x1,x2, y): 30.0, 0.0, 0.0 | UNKNOWN
10-24 21:10:56.020 12826 13467 I RelicRecoveryAutoTest: 15356.7 | 16034 | State: 0 [START] | End | IMU: -0.0 | (x1,x2, y): 30.0, 0.0, 0.0 | UNKNOWN
10-24 21:10:56.084 12826 13467 I RelicRecoveryAutoTest: 15415.7 | 12 | State: 1 [FORWARD_2_FEET] | Start | IMU: -0.0 | (x1,x2, y): 30.0, 0.0, 0.0 | UNKNOWN
10-24 21:10:56.309 12826 13467 I MecanumRobot: Encoder Remain | 1707
10-24 21:10:56.323 12826 13467 I MecanumRobot: EncodersC | 	51	42	52	45
10-24 21:10:56.343 12826 13467 I MecanumRobot: EncodersT | 	1736	1737	1737	1736
10-24 21:10:56.438 12826 13467 I MecanumRobot: Encoder Remain | 1619
10-24 21:10:56.450 12826 13467 I MecanumRobot: EncodersC | 	144	135	141	137
10-24 21:10:56.474 12826 13467 I MecanumRobot: EncodersT | 	1736	1737	1737	1736
10-24 21:10:56.577 12826 13467 I MecanumRobot: Encoder Remain | 1507
10-24 21:10:56.594 12826 13467 I MecanumRobot: EncodersC | 	268	264	267	265
10-24 21:10:56.609 12826 13467 I MecanumRobot: EncodersT | 	1736	1737	1737	1736
10-24 21:10:56.718 12826 13467 I MecanumRobot: Encoder Remain | 1361
10-24 21:10:56.736 12826 13467 I MecanumRobot: EncodersC | 	409	410	410	408
10-24 21:10:56.752 12826 13467 I MecanumRobot: EncodersT | 	1736	1737	1737	1736
10-24 21:10:56.859 12826 13467 I MecanumRobot: Encoder Remain | 1211
10-24 21:10:56.878 12826 13467 I MecanumRobot: EncodersC | 	554	554	552	553
10-24 21:10:56.891 12826 13467 I MecanumRobot: EncodersT | 	1736	1737	1737	1736
10-24 21:10:57.007 12826 13467 I MecanumRobot: Encoder Remain | 1059
10-24 21:10:57.020 12826 13467 I MecanumRobot: EncodersC | 	708	704	706	704
10-24 21:10:57.037 12826 13467 I MecanumRobot: EncodersT | 	1736	1737	1737	1736
10-24 21:10:57.167 12826 13467 I MecanumRobot: Encoder Remain | 899
10-24 21:10:57.182 12826 13467 I MecanumRobot: EncodersC | 	875	870	872	872
10-24 21:10:57.205 12826 13467 I MecanumRobot: EncodersT | 	1736	1737	1737	1736
10-24 21:10:57.206 12826 12836 I art     : Background sticky concurrent mark sweep GC freed 157982(6MB) AllocSpace objects, 19(1524KB) LOS objects, 19% free, 34MB/42MB, paused 1.860ms total 145.463ms
10-24 21:10:57.344 12826 13467 I MecanumRobot: Encoder Remain | 726
10-24 21:10:57.366 12826 13467 I MecanumRobot: EncodersC | 	1052	1049	1049	1053
10-24 21:10:57.382 12826 13467 I MecanumRobot: EncodersT | 	1736	1737	1737	1736
10-24 21:10:57.490 12826 13467 I MecanumRobot: Encoder Remain | 571
10-24 21:10:57.512 12826 13467 I MecanumRobot: EncodersC | 	1197	1199	1198	1203
10-24 21:10:57.527 12826 13467 I MecanumRobot: EncodersT | 	1736	1737	1737	1736
10-24 21:10:57.633 12826 13467 I MecanumRobot: Encoder Remain | 427
10-24 21:10:57.650 12826 13467 I MecanumRobot: EncodersC | 	1346	1343	1339	1342
10-24 21:10:57.670 12826 13467 I MecanumRobot: EncodersT | 	1736	1737	1737	1736
10-24 21:10:57.775 12826 13467 I MecanumRobot: Encoder Remain | 273
10-24 21:10:57.792 12826 13467 I MecanumRobot: EncodersC | 	1490	1489	1487	1488
10-24 21:10:57.815 12826 13467 I MecanumRobot: EncodersT | 	1736	1737	1737	1736
10-24 21:10:57.926 12826 13467 I MecanumRobot: Encoder Remain | 128
10-24 21:10:57.945 12826 13467 I MecanumRobot: EncodersC | 	1646	1642	1643	1646
10-24 21:10:57.961 12826 13467 I MecanumRobot: EncodersT | 	1736	1737	1737	1736
10-24 21:10:58.079 12826 13467 I MecanumRobot: Encoder Remain | 9
10-24 21:10:58.094 12826 13467 I MecanumRobot: EncodersC | 	1738	1730	1735	1726
10-24 21:10:58.111 12826 13467 I MecanumRobot: EncodersT | 	1736	1737	1737	1736
10-24 21:10:58.198 12826 13467 I MecanumRobot: Encoder Remain | 5
10-24 21:10:58.217 12826 13467 I MecanumRobot: EncodersC | 	1746	1736	1742	1734
10-24 21:10:58.235 12826 13467 I MecanumRobot: EncodersT | 	1736	1737	1737	1736
10-24 21:10:58.410 12826 13467 I RelicRecoveryAutoTest: 17743.6 | 2340 | State: 1 [FORWARD_2_FEET] | End | IMU: -0.1 | (x1,x2, y): 126.0, 0.0, 0.0 | UNKNOWN
10-24 21:10:58.464 12826 13467 I RelicRecoveryAutoTest: 17801.3 | 8 | State: 2 [SIDEWAY_LEFT_1_FEET] | Start | IMU: -0.1 | (x1,x2, y): 126.0, 0.0, 0.0 | UNKNOWN
10-24 21:10:58.669 12826 13467 I MecanumRobot: Encoder Remain | 773
10-24 21:10:58.688 12826 13467 I MecanumRobot: EncodersC | 	-41	40	41	-41
10-24 21:10:58.705 12826 13467 I MecanumRobot: EncodersT | 	-802	801	801	-802
10-24 21:10:58.802 12826 13467 I MecanumRobot: Encoder Remain | 702
10-24 21:10:58.823 12826 13467 I MecanumRobot: EncodersC | 	-113	124	115	-118
10-24 21:10:58.837 12826 13467 I MecanumRobot: EncodersT | 	-802	801	801	-802
10-24 21:10:58.947 12826 13467 I MecanumRobot: Encoder Remain | 600
10-24 21:10:58.961 12826 13467 I MecanumRobot: EncodersC | 	-221	235	226	-224
10-24 21:10:58.993 12826 13467 I MecanumRobot: EncodersT | 	-802	801	801	-802
10-24 21:10:59.114 12826 13467 I MecanumRobot: Encoder Remain | 465
10-24 21:10:59.131 12826 13467 I MecanumRobot: EncodersC | 	-361	376	374	-371
10-24 21:10:59.149 12826 13467 I MecanumRobot: EncodersT | 	-802	801	801	-802
10-24 21:10:59.245 12826 13467 I MecanumRobot: Encoder Remain | 339
10-24 21:10:59.261 12826 13467 I MecanumRobot: EncodersC | 	-482	499	494	-490
10-24 21:10:59.285 12826 13467 I MecanumRobot: EncodersT | 	-802	801	801	-802
