10-24 21:01:55.008  4902  5082 V LynxPwmOutputController: initializeHardware() mod#=2
10-24 21:01:55.008  4902  5082 V LynxAnalogInputController: initializeHardware() mod#=2
10-24 21:01:55.008  4902  5082 V LynxDigitalChannelController: initializeHardware() mod#=2
10-24 21:01:55.008  4902  5082 V RobotCore: Creating Lynx Color/Range Sensor - mod=2 bus=1
10-24 21:01:55.008  4902  5082 I RobotCore: LynxFirmwareVersionManager: LynxI2cDeviceSynchV1
10-24 21:01:55.009  4902  5082 V LynxI2cDeviceSynch: initializeHardware() mod#=2
10-24 21:01:55.009  4902  5082 V AMSColorSensorImpl: internalInitialize()...
10-24 21:01:55.009  4902  5082 V AMSColorSensorImpl: ...internalInitialize()
10-24 21:01:55.009  4902  5082 V LynxI2cDeviceSynch: engaging mod#=2
10-24 21:01:55.009  4902  5082 V LynxMotor: initializeHardware() mod#=3
10-24 21:01:55.010  4902  5082 V RobotCore: DcMotorImpl(type=NeveRest40Gearmotor)
10-24 21:01:55.010  4902  5082 V RobotCore: DcMotorImpl(type=NeveRest40Gearmotor)
10-24 21:01:55.010  4902  5082 V RobotCore: DcMotorImpl(type=NeveRest40Gearmotor)
10-24 21:01:55.010  4902  5082 V RobotCore: DcMotorImpl(type=NeveRest40Gearmotor)
10-24 21:01:55.010  4902  5082 V LynxServoController: initializeHardware() mod#=3
10-24 21:01:55.011  4902  5082 V LynxVoltageSensor: initializeHardware() mod#=3
10-24 21:01:55.011  4902  5082 V LynxPwmOutputController: initializeHardware() mod#=3
10-24 21:01:55.011  4902  5082 V LynxAnalogInputController: initializeHardware() mod#=3
10-24 21:01:55.011  4902  5082 V LynxDigitalChannelController: initializeHardware() mod#=3
10-24 21:01:55.011  4902  5082 V RobotCore: Creating user sensor REV Expansion Hub IMU - on Lynx module=3 bus=0
10-24 21:01:55.012  4902  5082 V RobotCore: Creating I2cDeviceSynch (Lynx) - mod=3 bus=0
10-24 21:01:55.012  4902  5082 I RobotCore: LynxFirmwareVersionManager: LynxI2cDeviceSynchV1
10-24 21:01:55.012  4902  5082 V LynxI2cDeviceSynch: initializeHardware() mod#=3
10-24 21:01:55.012  4902  5082 V RobotCore: Creating user sensor MR Range Sensor - on Lynx module=3 bus=3
10-24 21:01:55.012  4902  5082 V RobotCore: Creating I2cDeviceSynch (Lynx) - mod=3 bus=3
10-24 21:01:55.012  4902  5082 I RobotCore: LynxFirmwareVersionManager: LynxI2cDeviceSynchV1
10-24 21:01:55.012  4902  5082 V LynxI2cDeviceSynch: initializeHardware() mod#=3
10-24 21:01:55.012  4902  5082 I RobotCore: ========= Device Information ===================================================
10-24 21:01:55.012  4902  5082 I RobotCore: Type                                               Name                           Connection
10-24 21:01:55.012  4902  5082 I RobotCore: Motor                                              rr                             USB DQ143RN2; module 3; port 3
10-24 21:01:55.012  4902  5082 I RobotCore: Motor                                              glyphLift                      USB DQ143RN2; module 2; port 0
10-24 21:01:55.012  4902  5082 I RobotCore: Servo                                              lowerRightGripper              USB DQ143RN2; module 2; port 3
10-24 21:01:55.013  4902  5082 I RobotCore: Motor                                              lr                             USB DQ143RN2; module 3; port 2
10-24 21:01:55.013  4902  5082 I RobotCore: REV Robotics USB Expansion Hub Portal              Expansion Hub Portal 1         USB DQ143RN2
10-24 21:01:55.013  4902  5082 I RobotCore: Servo                                              longArm                        USB DQ143RN2; module 2; port 5
10-24 21:01:55.013  4902  5082 I RobotCore: Servo                                              upperLeftGripper               USB DQ143RN2; module 2; port 0
10-24 21:01:55.013  4902  5082 I RobotCore: Expansion Hub DC Motor Controller                  Expansion Hub 3                USB DQ143RN2; module 3
10-24 21:01:55.013  4902  5082 I RobotCore: Expansion Hub Servo Controller                     Expansion Hub 3                USB DQ143RN2; module 3
10-24 21:01:55.013  4902  5082 I RobotCore: Expansion Hub Voltage Sensor                       Expansion Hub 3                USB DQ143RN2; module 3
10-24 21:01:55.013  4902  5082 I RobotCore: Expansion Hub Pwm Controller                       Expansion Hub 3                USB DQ143RN2; module 3
10-24 21:01:55.013  4902  5082 I RobotCore: Expansion Hub Analog Input Controller              Expansion Hub 3                USB DQ143RN2; module 3
10-24 21:01:55.013  4902  5082 I RobotCore: Expansion Hub Digital Channel Controller           Expansion Hub 3                USB DQ143RN2; module 3
10-24 21:01:55.014  4902  5082 I RobotCore: Expansion Hub (unknown firmware)                   Expansion Hub 3                USB DQ143RN2; module 3
10-24 21:01:55.014  4902  5082 I RobotCore: Expansion Hub DC Motor Controller                  Expansion Hub 2                USB DQ143RN2; module 2
10-24 21:01:55.014  4902  5082 I RobotCore: Expansion Hub Servo Controller                     Expansion Hub 2                USB DQ143RN2; module 2
10-24 21:01:55.014  4902  5082 I RobotCore: Expansion Hub Voltage Sensor                       Expansion Hub 2                USB DQ143RN2; module 2
10-24 21:01:55.015  4902  5082 I RobotCore: Expansion Hub Pwm Controller                       Expansion Hub 2                USB DQ143RN2; module 2
10-24 21:01:55.015  4902  5082 I RobotCore: Expansion Hub Analog Input Controller              Expansion Hub 2                USB DQ143RN2; module 2
10-24 21:01:55.015  4902  5082 I RobotCore: Expansion Hub Digital Channel Controller           Expansion Hub 2                USB DQ143RN2; module 2
10-24 21:01:55.015  4902  5082 I RobotCore: Expansion Hub (unknown firmware)                   Expansion Hub 2                USB DQ143RN2; module 2
10-24 21:01:55.015  4902  5082 I RobotCore: REV Expansion Hub IMU                              imu                            USB DQ143RN2; module 3; bus 0; addr7=0x00
10-24 21:01:55.015  4902  5082 I RobotCore: Servo                                              upperRightGripper              USB DQ143RN2; module 2; port 1
10-24 21:01:55.015  4902  5082 I RobotCore: Motor                                              rf                             USB DQ143RN2; module 3; port 1
10-24 21:01:55.016  4902  5082 I RobotCore: Servo                                              shortArm                       USB DQ143RN2; module 2; port 4
10-24 21:01:55.016  4902  5082 I RobotCore: REV Color/Range Sensor                             jewelColor                     USB DQ143RN2; module 2; bus 1; addr7=0x39
10-24 21:01:55.016  4902  5082 I RobotCore: Motor                                              lf                             USB DQ143RN2; module 3; port 0
10-24 21:01:55.016  4902  5082 I RobotCore: Servo                                              lowerLeftGripper               USB DQ143RN2; module 2; port 2
10-24 21:01:55.016  4902  5082 I RobotCore: Modern Robotics Range Sensor v0.0                  x1Range                        USB DQ143RN2; module 3; bus 3; addr7=0x14
10-24 21:01:55.016  4902  5082 I FtcEventLoop: ======= INIT FINISH =======
10-24 21:01:55.016  4902  5082 V RobotCore: EventLoopManager state is RUNNING
10-24 21:01:55.017  4902  5082 V RobotCore: Robot Status: running, starting robot
10-24 21:01:55.017  4902  5082 V RobotCore: Robot Status: running
10-24 21:01:55.017  4902  5082 V ThreadPool: container(0x0e77855a: executorEventLoop) added id=3376 TID=0 count=1
10-24 21:01:55.018  4902  5082 V RobotCore: thread: ...terminating 'RobotSetupRunnable.run()'
10-24 21:01:55.018  4902  5227 W AudioTrack: AUDIO_OUTPUT_FLAG_FAST denied by client; transfer 4, track 8000 Hz, output 48000 Hz
10-24 21:01:55.019  4902  5547 V RobotCore: thread: 'opmode loop()' starting...
10-24 21:01:55.024  4902  5547 D RobotCore: system telemetry: key=$System$Warning$ msg="unable to open REV Robotics USB Expansion Hub Portal [DQ143RN2]"
10-24 21:01:55.034  4902  5225 V Robocol : sending CMD_NOTIFY_USER_DEVICE_LIST(299), attempt: 0
10-24 21:01:55.035  4902  5225 V Robocol : sending CMD_NOTIFY_OP_MODE_LIST(300), attempt: 0
10-24 21:01:55.035  4902  5225 V Robocol : sending CMD_NOTIFY_ROBOT_STATE(305), attempt: 0
10-24 21:01:55.041  4902  5222 V Robocol : received command: CMD_INIT_OP_MODE(10246) $Stop$Robot$
10-24 21:01:55.042  4902  5221 I BatteryChecker: percent remaining: 89 is charging: false
10-24 21:01:55.526  4902  5547 V ThreadPool: container(0x0c4c04ee: OpModeStuckCodeMonitor) added id=3377 TID=0 count=1
10-24 21:01:55.527  4902  5547 I RobotCore: Attempting to switch to op mode $Stop$Robot$
10-24 21:01:55.554  4902  5225 V Robocol : sending CMD_NOTIFY_INIT_OP_MODE(320), attempt: 0
10-24 21:01:55.752  4902  4907 W art     : Suspending all threads took: 7.066ms
10-24 21:01:55.779  4902  5547 I RobotCore: robot battery read duration: n=0, mean=0.000ms sd=-0.000ms
10-24 21:02:02.207  4902  4902 V RCActivity: onPause()
10-24 21:02:02.278  4902  4902 V MTPMonitorService: onConfigurationChanged()
10-24 21:02:02.278  4902  4902 V OnBotJavaService: onConfigurationChanged()
10-24 21:02:02.290  4902  4902 V MTPMonitorService: onTrimMemory()
10-24 21:02:02.290  4902  4902 V OnBotJavaService: onTrimMemory()
10-24 21:02:02.291  4902  4902 V RCActivity: onStop()
10-24 21:02:02.292  4902  4902 V AppUtil : rootActivity=FtcRobotControllerActivity destroyed
10-24 21:02:02.292  4902  4902 V RCActivity: onDestroy()
10-24 21:02:02.292  4902  4902 V Robocol : EventLoopManager.shutdown()
10-24 21:02:02.292  4902  4902 V ThreadPool: waiting for service EventLoop
10-24 21:02:02.292  4902  5547 V RobotCore: EventLoopRunnable interrupted
10-24 21:02:02.292  4902  5547 V RobotCore: EventLoopManager state is STOPPED
10-24 21:02:02.292  4902  5547 V RobotCore: Robot Status: stopped
10-24 21:02:02.292  4902  5547 I FtcEventLoop: ======= TEARDOWN =======
10-24 21:02:02.294  4902  5547 V LynxMotor: disengage mod#=3
10-24 21:02:02.295  4902  5547 V LynxMotor: disengage mod#=2
10-24 21:02:02.296  4902  5547 V LynxServoController: disengage mod#=3
10-24 21:02:02.296  4902  5547 V LynxServoController: disengage mod#=2
10-24 21:02:02.296  4902  5547 V LynxUsb : 0x049d481c on 0x03f2cd8f: releasing delegate to [DQ143RN2]
10-24 21:02:02.297  4902  5547 V LynxUsb : 0x03f2cd8f: releaseRef [DQ143RN2]=0
10-24 21:02:02.297  4902  5547 V LynxUsb : doClose([DQ143RN2])...
10-24 21:02:02.297  4902  5547 V LynxModule: close()
10-24 21:02:02.297  4902  5547 V ThreadPool: executive service lynx module executor(0x04986c25) is terminated
10-24 21:02:02.297  4902  5547 V LynxModule: close()
10-24 21:02:02.297  4902  5547 V ThreadPool: executive service lynx module executor(0x00d8b3ab) is terminated
10-24 21:02:02.297  4902  5547 V LynxUsb : disarmDevice() serial=DQ143RN2...
10-24 21:02:02.297  4902  5547 V AMSColorSensorImpl: internalInitialize()...
10-24 21:02:02.297  4902  5547 V AMSColorSensorImpl: ...internalInitialize()
10-24 21:02:02.298  4902  5554 V ThreadPool: container(0x0c4c04ee: OpModeStuckCodeMonitor) removed id=3377 TID=5554 count=1
10-24 21:02:02.302  4902  5547 V LynxUsb : ...doClose([DQ143RN2])
10-24 21:02:02.302  4902  5547 I FtcEventLoop: ======= TEARDOWN COMPLETE =======
10-24 21:02:02.302  4902  5547 V RobotCore: thread: ...terminating 'opmode loop()'
10-24 21:02:02.302  4902  5547 V ThreadPool: container(0x0e77855a: executorEventLoop) removed id=3376 TID=5547 count=1
10-24 21:02:02.303  4902  4902 V ThreadPool: awaitTermination returned, isTerminated=true
10-24 21:02:02.303  4902  4902 V ThreadPool: executive service EventLoop(0x0e77855a) is terminated
10-24 21:02:02.303  4902  4902 V RobotCore: EventLoopManager state is STOPPED
10-24 21:02:02.304  4902  4902 V NetDiscover_name: doStop()...
10-24 21:02:02.305  4902  4902 V NetDiscover_name: ...doStop()
10-24 21:02:02.312  4902  4902 V ServiceStarter: attempting to stop service FtcRobotControllerWatchdogService
10-24 21:02:02.316  4902  5225 V Robocol : sending CMD_NOTIFY_ROBOT_STATE(411), attempt: 0
10-24 21:02:02.320  4902  5222 D RobotCore: system telemetry: key=$System$None$ msg=""
10-24 21:02:02.328  4902  5225 V Robocol : sending CMD_NOTIFY_ROBOT_STATE(412), attempt: 0
10-24 21:02:02.815  4902  4902 V RobotCore: closing logcat file /storage/emulated/0/robotControllerLog.txt
10-24 21:02:02.870  5676  5676 W ps      : type=1400 audit(0.0:88257): avc: denied { getattr } for uid=10124 path="/proc/1" dev="proc" ino=807889 scontext=u:r:untrusted_app:s0:c512,c768 tcontext=u:r:init:s0 tclass=dir permissive=0
10-24 21:02:02.870  5676  5676 W ps      : type=1400 audit(0.0:88258): avc: denied { search } for uid=10124 name="1" dev="proc" ino=807889 scontext=u:r:untrusted_app:s0:c512,c768 tcontext=u:r:init:s0 tclass=dir permissive=0
10-24 21:02:02.870  5676  5676 W ps      : type=1400 audit(0.0:88259): avc: denied { search } for uid=10124 name="1" dev="proc" ino=807889 scontext=u:r:untrusted_app:s0:c512,c768 tcontext=u:r:init:s0 tclass=dir permissive=0
10-24 21:02:02.870  5676  5676 W ps      : type=1400 audit(0.0:88260): avc: denied { getattr } for uid=10124 path="/proc/2" dev="proc" ino=807890 scontext=u:r:untrusted_app:s0:c512,c768 tcontext=u:r:kernel:s0 tclass=dir permissive=0
10-24 21:02:02.870  5676  5676 W ps      : type=1400 audit(0.0:88261): avc: denied { search } for uid=10124 name="2" dev="proc" ino=807890 scontext=u:r:untrusted_app:s0:c512,c768 tcontext=u:r:kernel:s0 tclass=dir permissive=0
10-24 21:02:02.870  5676  5676 W ps      : type=1400 audit(0.0:88262): avc: denied { search } for uid=10124 name="2" dev="proc" ino=807890 scontext=u:r:untrusted_app:s0:c512,c768 tcontext=u:r:kernel:s0 tclass=dir permissive=0
10-24 21:02:02.870  5676  5676 W ps      : type=1400 audit(0.0:88263): avc: denied { getattr } for uid=10124 path="/proc/3" dev="proc" ino=807891 scontext=u:r:untrusted_app:s0:c512,c768 tcontext=u:r:kernel:s0 tclass=dir permissive=0
10-24 21:02:02.870  5676  5676 W ps      : type=1400 audit(0.0:88264): avc: denied { search } for uid=10124 name="3" dev="proc" ino=807891 scontext=u:r:untrusted_app:s0:c512,c768 tcontext=u:r:kernel:s0 tclass=dir permissive=0
10-24 21:02:02.874  5676  5676 W ps      : type=1400 audit(0.0:88265): avc: denied { search } for uid=10124 name="3" dev="proc" ino=807891 scontext=u:r:untrusted_app:s0:c512,c768 tcontext=u:r:kernel:s0 tclass=dir permissive=0
10-24 21:02:02.874  5676  5676 W ps      : type=1400 audit(0.0:88266): avc: denied { getattr } for uid=10124 path="/proc/5" dev="proc" ino=807892 scontext=u:r:untrusted_app:s0:c512,c768 tcontext=u:r:kernel:s0 tclass=dir permissive=0
10-24 21:02:02.874  5676  5676 W ps      : type=1400 audit(0.0:88267): avc: denied { search } for uid=10124 name="5" dev="proc" ino=807892 scontext=u:r:untrusted_app:s0:c512,c768 tcontext=u:r:kernel:s0 tclass=dir permissive=0
10-24 21:02:02.874  5676  5676 W ps      : type=1400 audit(0.0:88268): avc: denied { search } for uid=10124 name="5" dev="proc" ino=807892 scontext=u:r:untrusted_app:s0:c512,c768 tcontext=u:r:kernel:s0 tclass=dir permissive=0
10-24 21:02:02.874  5676  5676 W ps      : type=1400 audit(0.0:88269): avc: denied { getattr } for uid=10124 path="/proc/6" dev="proc" ino=807893 scontext=u:r:untrusted_app:s0:c512,c768 tcontext=u:r:kernel:s0 tclass=dir permissive=0
10-24 21:02:02.874  5676  5676 W ps      : type=1400 audit(0.0:88270): avc: denied { search } for uid=10124 name="6" dev="proc" ino=807893 scontext=u:r:untrusted_app:s0:c512,c768 tcontext=u:r:kernel:s0 tclass=dir permissive=0
10-24 21:02:02.874  5676  5676 W ps      : type=1400 audit(0.0:88271): avc: denied { search } for uid=10124 name="6" dev="proc" ino=807893 scontext=u:r:untrusted_app:s0:c512,c768 tcontext=u:r:kernel:s0 tclass=dir permissive=0
10-24 21:02:02.874  5676  5676 W ps      : type=1400 audit(0.0:88272): avc: denied { getattr } for uid=10124 path="/proc/7" dev="proc" ino=807894 scontext=u:r:untrusted_app:s0:c512,c768 tcontext=u:r:kernel:s0 tclass=dir permissive=0
10-24 21:02:02.874  5676  5676 W ps      : type=1400 audit(0.0:88273): avc: denied { search } for uid=10124 name="7" dev="proc" ino=807894 scontext=u:r:untrusted_app:s0:c512,c768 tcontext=u:r:kernel:s0 tclass=dir permissive=0
10-24 21:02:02.874  5676  5676 W ps      : type=1400 audit(0.0:88274): avc: denied { search } for uid=10124 name="7" dev="proc" ino=807894 scontext=u:r:untrusted_app:s0:c512,c768 tcontext=u:r:kernel:s0 tclass=dir permissive=0
10-24 21:02:02.874  5676  5676 W ps      : type=1400 audit(0.0:88275): avc: denied { getattr } for uid=10124 path="/proc/8" dev="proc" ino=807895 scontext=u:r:untrusted_app:s0:c512,c768 tcontext=u:r:kernel:s0 tclass=dir permissive=0
10-24 21:02:02.874  5676  5676 W ps      : type=1400 audit(0.0:88276): avc: denied { search } for uid=10124 name="8" dev="proc" ino=807895 scontext=u:r:untrusted_app:s0:c512,c768 tcontext=u:r:kernel:s0 tclass=dir permissive=0
10-24 21:02:02.908  4902  4902 V RobotCore: Killing PID 4933
10-24 21:02:03.041  4902  4902 I Choreographer: Skipped 44 frames!  The application may be doing too much work on its main thread.
10-24 21:02:03.041  4902  4902 V FTCService: onUnbind()
10-24 21:02:03.041  4902  4902 V WifiDirect: There are 1 Wifi Direct Assistant Clients (-)
10-24 21:02:03.041  4902  4902 V Robocol : EventLoopManager.close()
10-24 21:02:03.042  4902  4902 V ThreadPool: waiting for service ReceiveLoopService
10-24 21:02:03.160  4902  5222 V RobotCore: thread: ...terminating 'RecvLoopRunnable.run()'
10-24 21:02:03.161  4902  4902 V ThreadPool: awaitTermination returned, isTerminated=true
10-24 21:02:03.161  4902  4902 V ThreadPool: executive service ReceiveLoopService(0x0239be57) is terminated
10-24 21:02:03.161  4902  4902 V PeerDiscovery: Stopping peer discovery
10-24 21:02:03.161  4902  4902 D Robocol : RobocolDatagramSocket is closed
10-24 21:02:03.162  4902  4902 V FTCService: onDestroy()
10-24 21:02:03.162  4902  4902 V WebServer: stopping port=8080
10-24 21:02:03.163  4902  4902 V WifiDirect: There are 0 Wifi Direct Assistant Clients (-)
10-24 21:02:03.163  4902  4902 V WifiDirect: Disabling Wifi Direct Assistant
10-24 21:02:03.164  4902  4902 V WifiDirectInviteMonitor: stopMonitoring()
10-24 21:02:03.166  4902  4902 V WebServer: stopped port=8080
10-24 21:02:03.166  4902  4902 V FtcRobotControllerWatchdogService: onDestroy()
10-24 21:02:03.170  4902  4902 E ActivityThread: Activity org.firstinspires.ftc.robotcontroller.internal.FtcRobotControllerActivity has leaked IntentReceiver com.qualcomm.robotcore.util.BatteryChecker$Monitor@2fa96a that was originally registered here. Are you missing a call to unregisterReceiver()?
10-24 21:02:03.170  4902  4902 E ActivityThread: android.app.IntentReceiverLeaked: Activity org.firstinspires.ftc.robotcontroller.internal.FtcRobotControllerActivity has leaked IntentReceiver com.qualcomm.robotcore.util.BatteryChecker$Monitor@2fa96a that was originally registered here. Are you missing a call to unregisterReceiver()?
10-24 21:02:03.170  4902  4902 E ActivityThread: 	at android.app.LoadedApk$ReceiverDispatcher.<init>(LoadedApk.java:918)
10-24 21:02:03.170  4902  4902 E ActivityThread: 	at android.app.LoadedApk.getReceiverDispatcher(LoadedApk.java:719)
10-24 21:02:03.170  4902  4902 E ActivityThread: 	at android.app.ContextImpl.registerReceiverInternal(ContextImpl.java:1172)
10-24 21:02:03.170  4902  4902 E ActivityThread: 	at android.app.ContextImpl.registerReceiver(ContextImpl.java:1152)
10-24 21:02:03.170  4902  4902 E ActivityThread: 	at android.app.ContextImpl.registerReceiver(ContextImpl.java:1146)
10-24 21:02:03.170  4902  4902 E ActivityThread: 	at android.content.ContextWrapper.registerReceiver(ContextWrapper.java:554)
10-24 21:02:03.170  4902  4902 E ActivityThread: 	at com.qualcomm.robotcore.util.BatteryChecker.registerReceiver(BatteryChecker.java:166)
10-24 21:02:03.170  4902  4902 E ActivityThread: 	at com.qualcomm.robotcore.util.BatteryChecker.startBatteryMonitoring(BatteryChecker.java:108)
10-24 21:02:03.170  4902  4902 E ActivityThread: 	at com.qualcomm.ftccommon.FtcEventLoopHandler.<init>(FtcEventLoopHandler.java:111)
10-24 21:02:03.170  4902  4902 E ActivityThread: 	at com.qualcomm.ftccommon.FtcEventLoopBase.<init>(FtcEventLoopBase.java:197)
10-24 21:02:03.170  4902  4902 E ActivityThread: 	at com.qualcomm.ftccommon.FtcEventLoopIdle.<init>(FtcEventLoopIdle.java:33)
10-24 21:02:03.170  4902  4902 E ActivityThread: 	at org.firstinspires.ftc.robotcontroller.internal.FtcRobotControllerActivity.requestRobotSetup(FtcRobotControllerActivity.java:578)
10-24 21:02:03.170  4902  4902 E ActivityThread: 	at org.firstinspires.ftc.robotcontroller.internal.FtcRobotControllerActivity.updateUIAndRequestRobotSetup(FtcRobotControllerActivity.java:557)
10-24 21:02:03.170  4902  4902 E ActivityThread: 	at org.firstinspires.ftc.robotcontroller.internal.FtcRobotControllerActivity.onServiceBind(FtcRobotControllerActivity.java:538)
10-24 21:02:03.170  4902  4902 E ActivityThread: 	at org.firstinspires.ftc.robotcontroller.internal.FtcRobotControllerActivity$1.onServiceConnected(FtcRobotControllerActivity.java:169)
10-24 21:02:03.170  4902  4902 E ActivityThread: 	at android.app.LoadedApk$ServiceDispatcher.doConnected(LoadedApk.java:1223)
10-24 21:02:03.170  4902  4902 E ActivityThread: 	at android.app.LoadedApk$ServiceDispatcher$RunConnection.run(LoadedApk.java:1240)
10-24 21:02:03.170  4902  4902 E ActivityThread: 	at android.os.Handler.handleCallback(Handler.java:746)
10-24 21:02:03.170  4902  4902 E ActivityThread: 	at android.os.Handler.dispatchMessage(Handler.java:95)
10-24 21:02:03.170  4902  4902 E ActivityThread: 	at android.os.Looper.loop(Looper.java:148)
10-24 21:02:03.170  4902  4902 E ActivityThread: 	at android.app.ActivityThread.main(ActivityThread.java:5459)
10-24 21:02:03.170  4902  4902 E ActivityThread: 	at java.lang.reflect.Method.invoke(Native Method)
10-24 21:02:03.170  4902  4902 E ActivityThread: 	at com.android.internal.os.ZygoteInit$MethodAndArgsCaller.run(ZygoteInit.java:728)
10-24 21:02:03.170  4902  4902 E ActivityThread: 	at com.android.internal.os.ZygoteInit.main(ZygoteInit.java:618)
10-24 21:02:03.172  4902  4902 E ActivityThread: Activity org.firstinspires.ftc.robotcontroller.internal.FtcRobotControllerActivity has leaked IntentReceiver com.qualcomm.robotcore.util.BatteryChecker$Monitor@62280a2 that was originally registered here. Are you missing a call to unregisterReceiver()?
10-24 21:02:03.172  4902  4902 E ActivityThread: android.app.IntentReceiverLeaked: Activity org.firstinspires.ftc.robotcontroller.internal.FtcRobotControllerActivity has leaked IntentReceiver com.qualcomm.robotcore.util.BatteryChecker$Monitor@62280a2 that was originally registered here. Are you missing a call to unregisterReceiver()?
10-24 21:02:03.172  4902  4902 E ActivityThread: 	at android.app.LoadedApk$ReceiverDispatcher.<init>(LoadedApk.java:918)
10-24 21:02:03.172  4902  4902 E ActivityThread: 	at android.app.LoadedApk.getReceiverDispatcher(LoadedApk.java:719)
10-24 21:02:03.172  4902  4902 E ActivityThread: 	at android.app.ContextImpl.registerReceiverInternal(ContextImpl.java:1172)
10-24 21:02:03.172  4902  4902 E ActivityThread: 	at android.app.ContextImpl.registerReceiver(ContextImpl.java:1152)
10-24 21:02:03.172  4902  4902 E ActivityThread: 	at android.app.ContextImpl.registerReceiver(ContextImpl.java:1146)
10-24 21:02:03.172  4902  4902 E ActivityThread: 	at android.content.ContextWrapper.registerReceiver(ContextWrapper.java:554)
10-24 21:02:03.172  4902  4902 E ActivityThread: 	at com.qualcomm.robotcore.util.BatteryChecker.registerReceiver(BatteryChecker.java:166)
10-24 21:02:03.172  4902  4902 E ActivityThread: 	at com.qualcomm.robotcore.util.BatteryChecker.startBatteryMonitoring(BatteryChecker.java:108)
10-24 21:02:03.172  4902  4902 E ActivityThread: 	at com.qualcomm.ftccommon.FtcEventLoopHandler.<init>(FtcEventLoopHandler.java:111)
10-24 21:02:03.172  4902  4902 E ActivityThread: 	at com.qualcomm.ftccommon.FtcEventLoopBase.<init>(FtcEventLoopBase.java:197)
10-24 21:02:03.172  4902  4902 E ActivityThread: 	at com.qualcomm.ftccommon.FtcEventLoop.<init>(FtcEventLoop.java:126)
10-24 21:02:03.172  4902  4902 E ActivityThread: 	at org.firstinspires.ftc.robotcontroller.internal.FtcRobotControllerActivity.requestRobotSetup(FtcRobotControllerActivity.java:577)
10-24 21:02:03.172  4902  4902 E ActivityThread: 	at org.firstinspires.ftc.robotcontroller.internal.FtcRobotControllerActivity.requestRobotRestart(FtcRobotControllerActivity.java:598)
10-24 21:02:03.172  4902  4902 E ActivityThread: 	at org.firstinspires.ftc.robotcontroller.internal.FtcRobotControllerActivity.access$000(FtcRobotControllerActivity.java:116)
10-24 21:02:03.172  4902  4902 E ActivityThread: 	at org.firstinspires.ftc.robotcontroller.internal.FtcRobotControllerActivity$RobotRestarter.requestRestart(FtcRobotControllerActivity.java:160)
10-24 21:02:03.172  4902  4902 E ActivityThread: 	at com.qualcomm.ftccommon.UpdateUI.requestRobotRestart(UpdateUI.java:368)
10-24 21:02:03.172  4902  4902 E ActivityThread: 	at com.qualcomm.ftccommon.UpdateUI.access$000(UpdateUI.java:57)
10-24 21:02:03.172  4902  4902 E ActivityThread: 	at com.qualcomm.ftccommon.UpdateUI$Callback$1$1.run(UpdateUI.java:96)
10-24 21:02:03.172  4902  4902 E ActivityThread: 	at android.os.Handler.handleCallback(Handler.java:746)
10-24 21:02:03.172  4902  4902 E ActivityThread: 	at android.os.Handler.dispatchMessage(Handler.java:95)
10-24 21:02:03.172  4902  4902 E ActivityThread: 	at android.os.Looper.loop(Looper.java:148)
10-24 21:02:03.172  4902  4902 E ActivityThread: 	at android.app.ActivityThread.main(ActivityThread.java:5459)
10-24 21:02:03.172  4902  4902 E ActivityThread: 	at java.lang.reflect.Method.invoke(Native Method)
10-24 21:02:03.172  4902  4902 E ActivityThread: 	at com.android.internal.os.ZygoteInit$MethodAndArgsCaller.run(ZygoteInit.java:728)
10-24 21:02:03.172  4902  4902 E ActivityThread: 	at com.android.internal.os.ZygoteInit.main(ZygoteInit.java:618)
10-24 21:02:03.174  4902  4902 E ActivityThread: Activity org.firstinspires.ftc.robotcontroller.internal.FtcRobotControllerActivity has leaked IntentReceiver com.qualcomm.robotcore.util.BatteryChecker$Monitor@f2e5133 that was originally registered here. Are you missing a call to unregisterReceiver()?
10-24 21:02:03.174  4902  4902 E ActivityThread: android.app.IntentReceiverLeaked: Activity org.firstinspires.ftc.robotcontroller.internal.FtcRobotControllerActivity has leaked IntentReceiver com.qualcomm.robotcore.util.BatteryChecker$Monitor@f2e5133 that was originally registered here. Are you missing a call to unregisterReceiver()?
10-24 21:02:03.174  4902  4902 E ActivityThread: 	at android.app.LoadedApk$ReceiverDispatcher.<init>(LoadedApk.java:918)
10-24 21:02:03.174  4902  4902 E ActivityThread: 	at android.app.LoadedApk.getReceiverDispatcher(LoadedApk.java:719)
10-24 21:02:03.174  4902  4902 E ActivityThread: 	at android.app.ContextImpl.registerReceiverInternal(ContextImpl.java:1172)
10-24 21:02:03.174  4902  4902 E ActivityThread: 	at android.app.ContextImpl.registerReceiver(ContextImpl.java:1152)
10-24 21:02:03.174  4902  4902 E ActivityThread: 	at android.app.ContextImpl.registerReceiver(ContextImpl.java:1146)
10-24 21:02:03.174  4902  4902 E ActivityThread: 	at android.content.ContextWrapper.registerReceiver(ContextWrapper.java:554)
10-24 21:02:03.174  4902  4902 E ActivityThread: 	at com.qualcomm.robotcore.util.BatteryChecker.registerReceiver(BatteryChecker.java:166)
10-24 21:02:03.174  4902  4902 E ActivityThread: 	at com.qualcomm.robotcore.util.BatteryChecker.startBatteryMonitoring(BatteryChecker.java:108)
10-24 21:02:03.174  4902  4902 E ActivityThread: 	at com.qualcomm.ftccommon.FtcEventLoopHandler.<init>(FtcEventLoopHandler.java:111)
10-24 21:02:03.174  4902  4902 E ActivityThread: 	at com.qualcomm.ftccommon.FtcEventLoopBase.<init>(FtcEventLoopBase.java:197)
10-24 21:02:03.174  4902  4902 E ActivityThread: 	at com.qualcomm.ftccommon.FtcEventLoopIdle.<init>(FtcEventLoopIdle.java:33)
10-24 21:02:03.174  4902  4902 E ActivityThread: 	at org.firstinspires.ftc.robotcontroller.internal.FtcRobotControllerActivity.requestRobotSetup(FtcRobotControllerActivity.java:578)
10-24 21:02:03.174  4902  4902 E ActivityThread: 	at org.firstinspires.ftc.robotcontroller.internal.FtcRobotControllerActivity.requestRobotRestart(FtcRobotControllerActivity.java:598)
10-24 21:02:03.174  4902  4902 E ActivityThread: 	at org.firstinspires.ftc.robotcontroller.internal.FtcRobotControllerActivity.access$000(FtcRobotControllerActivity.java:116)
10-24 21:02:03.174  4902  4902 E ActivityThread: 	at org.firstinspires.ftc.robotcontroller.internal.FtcRobotControllerActivity$RobotRestarter.requestRestart(FtcRobotControllerActivity.java:160)
10-24 21:02:03.174  4902  4902 E ActivityThread: 	at com.qualcomm.ftccommon.UpdateUI.requestRobotRestart(UpdateUI.java:368)
10-24 21:02:03.174  4902  4902 E ActivityThread: 	at com.qualcomm.ftccommon.UpdateUI.access$000(UpdateUI.java:57)
10-24 21:02:03.174  4902  4902 E ActivityThread: 	at com.qualcomm.ftccommon.UpdateUI$Callback$1$1.run(UpdateUI.java:96)
10-24 21:02:03.174  4902  4902 E ActivityThread: 	at android.os.Handler.handleCallback(Handler.java:746)
10-24 21:02:03.174  4902  4902 E ActivityThread: 	at android.os.Handler.dispatchMessage(Handler.java:95)
10-24 21:02:03.174  4902  4902 E ActivityThread: 	at android.os.Looper.loop(Looper.java:148)
10-24 21:02:03.174  4902  4902 E ActivityThread: 	at android.app.ActivityThread.main(ActivityThread.java:5459)
10-24 21:02:03.174  4902  4902 E ActivityThread: 	at java.lang.reflect.Method.invoke(Native Method)
10-24 21:02:03.174  4902  4902 E ActivityThread: 	at com.android.internal.os.ZygoteInit$MethodAndArgsCaller.run(ZygoteInit.java:728)
10-24 21:02:03.174  4902  4902 E ActivityThread: 	at com.android.internal.os.ZygoteInit.main(ZygoteInit.java:618)
10-24 21:02:07.042  4902  4902 V OnBotJavaService: onTaskRemoved()
10-24 21:02:07.042  4902  4902 V MTPMonitorService: onTaskRemoved()
10-24 21:02:27.318  5765  5765 I art     : Late-enabling -Xcheck:jni
10-24 21:02:27.436  5765  5765 V AppUtil : initializing: getExternalStorageDirectory()=/storage/emulated/0
10-24 21:02:27.443  5765  5790 V RobotCore: saving logcat to /storage/emulated/0/robotControllerLog.txt
10-24 21:02:27.443  5765  5790 V RobotCore: logging command line: logcat -f /storage/emulated/0/robotControllerLog.txt -r4096 -n4 -v threadtime UsbRequestJNI:S UsbRequest:S *:V
10-24 21:02:27.444  5765  5765 V ServiceStarter: attempting to start service MediaTransferProtocolMonitorService
10-24 21:02:27.445  5765  5765 V ServiceStarter: started service MediaTransferProtocolMonitorService
10-24 21:02:27.458  5765  5765 V ServiceStarter: attempting to start service OnBotJavaService
10-24 21:02:27.461  5765  5765 V ServiceStarter: started service OnBotJavaService
10-24 21:02:27.471  5765  5765 V AppUtil : rootActivity=FtcRobotControllerActivity
10-24 21:02:27.471  5765  5765 V RCActivity: onCreate()
10-24 21:02:27.495  5765  5765 V ThreadPool: container(0x0dbe7a88: CallbackLooper) added id=3346 TID=0 count=1
10-24 21:02:27.497  5765  5798 V CallbackLooper: thread=3346
10-24 21:02:27.501  5765  5765 V NetDiscover_wifiDirectAgent: doStart()...
10-24 21:02:27.507  5765  5765 V NetDiscover_wifiDirectAgent: ...doStart()
10-24 21:02:27.508  5765  5765 V NetDiscover_name: doStart()...
10-24 21:02:27.508  5765  5765 V NetDiscover_name: ...doStart()
10-24 21:02:27.509  5765  5798 V NetDiscover_wifiDirectAgent_bcast: wifiP2pEnabled=true
10-24 21:02:27.509  5765  5765 V NetDiscover_prefremrc: ----- all preferences -----
10-24 21:02:27.509  5765  5765 V NetDiscover_prefremrc: name='pref_wifip2p_groupowner_connectedto' value=
10-24 21:02:27.509  5765  5765 V NetDiscover_prefremrc: name='last_upload_date' value=1506299818779
10-24 21:02:27.509  5765  5765 V NetDiscover_prefremrc: name='pref_has_independent_phone_battery' value=true
10-24 21:02:27.509  5765  5765 V NetDiscover_prefremrc: name='max_usb_devices' value=0
10-24 21:02:27.509  5765  5765 V NetDiscover_prefremrc: name='pref_app_theme' value=teal
10-24 21:02:27.509  5765  5765 V NetDiscover_prefremrc: name='pref_wifip2p_remote_channel_change_works' value=true
10-24 21:02:27.509  5765  5765 V NetDiscover_prefremrc: name='pref_hardware_config_filename' value={"isDirty":false,"location":"LOCAL_STORAGE","name":"Relic Recovery Auto","resourceId":0}
10-24 21:02:27.509  5765  5765 V NetDiscover_prefremrc: name='pref_device_name' value=12611-RC
10-24 21:02:27.509  5765  5765 V NetDiscover_prefremrc: name='pref_device_name_old' value=12611-RC
10-24 21:02:27.509  5765  5765 V NetDiscover_prefremrc: name='pref_network_connection_type' value=WIFIDIRECT
10-24 21:02:27.510  5765  5765 V NetDiscover_prefremrc: name='pref_device_name_tracking' value=WIFIDIRECT
10-24 21:02:27.510  5765  5765 V NetDiscover_prefremrc: name='pref_sound_on_off' value=false
10-24 21:02:27.510  5765  5765 V NetDiscover_prefremrc: name='pref_rc_connected' value=true
10-24 21:02:27.510  5765  5765 V NetDiscover_prefremrc: doStart()...
10-24 21:02:27.510  5765  5765 V NetDiscover_prefremrc: ...doStart()
10-24 21:02:27.513  5765  5798 D NetDiscover_wifiDirectAgent_bcast: connection changed: networkInfo.state=CONNECTED
10-24 21:02:27.513  5765  5798 V NetDiscover_wifiDirectAgent_bcast: NetworkInfo: [type: WIFI_P2P[], state: CONNECTED/CONNECTED, reason: (unspecified), extra: (none), roaming: false, failover: false, isAvailable: true]
10-24 21:02:27.513  5765  5798 V NetDiscover_wifiDirectAgent_bcast: WifiP2pInfo: groupFormed: true isGroupOwner: true operatingChannel: 2412 groupOwnerAddress: /192.168.49.1 mccMode: false
10-24 21:02:27.514  5765  5798 V NetDiscover_wifiDirectAgent_bcast: WifiP2pGroup: network: DIRECT-MA-12611-RC, isGO: true, Operating Channel: 2412, GO: Device: , deviceAddress: 80:58:f8:59:b8:0f, primary type: null, secondary type: null, wps: 0, grpcapab: 0, devcapab: 0, status: 4, wfdInfo: WFD enabled: falseWFD DeviceInfo: 0, WFD CtrlPort: 0, WFD MaxThroughput: 0, level: 0, Client: Device: 12611-DS, deviceAddress: 80:58:f8:58:99:a3, primary type: 10-0050F204-5, secondary type: null, wps: 392, grpcapab: 0, devcapab: 37, status: 0, wfdInfo: null, level: 60, Client: Device: , deviceAddress: 48:d2:24:ca:23:69, primary type: null, secondary type: null, wps: 0, grpcapab: 0, devcapab: 0, status: 4, wfdInfo: null, level: 0, interface: p2p0, networkId: 0, mGoOperFreq: 2412
10-24 21:02:27.514  5765  5798 V NetDiscover_wifiDirectAgent_bcast: this device changed: Device=12611-RC deviceAddress=80:58:f8:59:b8:0f primary type=10-0050F204-5 secondary type=null wps=0 grpcapab=0 devcapab=0 status=0 wfdInfo=WFD enabled=falseWFD DeviceInfo=0 WFD CtrlPort=0 WFD MaxThroughput=0 level=0
10-24 21:02:27.514  5765  5798 V NetDiscover_name: remembering wifiDirectName: 12611-RC...
10-24 21:02:27.514  5765  5798 V NetDiscover_name: wifiDirectName=12611-RC
10-24 21:02:27.517  5765  5798 V NetDiscover_name: ...remembering wifiDirectName
10-24 21:02:27.517  5765  5798 V NetDiscover_wifiDirectAgent_bcast: p2p discoverPeers()=false
10-24 21:02:27.517  5765  5798 V NetDiscover_wifiDirectAgent_bcast: wifi direct remembered groups cleared
10-24 21:02:27.519  5765  5798 V NetDiscover_wifiDirectAgent_bcast: wifiState=ENABLED
10-24 21:02:27.520  5765  5798 V NetDiscover_wifiDirectAgent: found persistent group: DIRECT-MA-12611-RC
10-24 21:02:27.545  5765  5765 I WebViewFactory: Loading com.google.android.webview version 61.0.3163.98 (code 316309800)
10-24 21:02:27.592  5765  5765 I art     : Rejecting re-init on previously-failed class java.lang.Class<com.android.webview.chromium.TokenBindingManagerAdapter>
10-24 21:02:27.593  5765  5765 I art     : Rejecting re-init on previously-failed class java.lang.Class<com.android.webview.chromium.TokenBindingManagerAdapter>
10-24 21:02:27.599  5765  5765 I art     : Rejecting re-init on previously-failed class java.lang.Class<com.android.webview.chromium.ServiceWorkerControllerAdapter>
10-24 21:02:27.600  5765  5765 I art     : Rejecting re-init on previously-failed class java.lang.Class<com.android.webview.chromium.ServiceWorkerControllerAdapter>
10-24 21:02:27.605  5765  5765 I cr_LibraryLoader: Time to load native libraries: 1 ms (timestamps 4356-4357)
10-24 21:02:27.647  5765  5765 I chromium: [INFO:library_loader_hooks.cc(136)] Chromium logging enabled: level = 0, default verbosity = 0
10-24 21:02:27.647  5765  5765 I cr_LibraryLoader: Expected native library version number "61.0.3163.98", actual native library version number "61.0.3163.98"
10-24 21:02:27.681  5765  5765 I cr_BrowserStartup: Initializing chromium process, singleProcess=true
10-24 21:02:27.712  5765  5765 I Adreno-EGL: <qeglDrvAPI_eglInitialize:379>: EGL 1.4 QUALCOMM build:  (Ifd751822f5)
10-24 21:02:27.712  5765  5765 I Adreno-EGL: OpenGL ES Shader Compiler Version: XE031.06.00.05
10-24 21:02:27.712  5765  5765 I Adreno-EGL: Build Date: 01/26/16 Tue
10-24 21:02:27.712  5765  5765 I Adreno-EGL: Local Branch: AU12_SBA
10-24 21:02:27.712  5765  5765 I Adreno-EGL: Remote Branch: 
10-24 21:02:27.712  5765  5765 I Adreno-EGL: Local Patches: 
10-24 21:02:27.712  5765  5765 I Adreno-EGL: Reconstruct Branch: 
10-24 21:02:29.661  5765  5765 V RobotCore: Network: inactive, disconnected
10-24 21:02:29.661  5765  5765 V ServiceStarter: attempting to start service FtcRobotControllerWatchdogService
10-24 21:02:29.663  5765  5765 V ServiceStarter: started service FtcRobotControllerWatchdogService
10-24 21:02:29.673  5765  5765 V RobotCore: BuildConfig: versionCode=24 versionName=3.4 module=com.qualcomm.ftcrobotcontroller
10-24 21:02:29.673  5765  5765 V RobotCore: BuildConfig: versionCode=34 versionName=5.12 module=com.qualcomm.robotcore
10-24 21:02:29.673  5765  5765 V RobotCore: BuildConfig: versionCode=34 versionName=5.12 module=com.qualcomm.hardware
10-24 21:02:29.673  5765  5765 V RobotCore: BuildConfig: versionCode=34 versionName=5.12 module=com.qualcomm.ftccommon
10-24 21:02:29.674  5765  5765 V RobotCore: BuildConfig: versionCode=34 versionName=5.12 module=com.google.blocks
10-24 21:02:29.674  5765  5765 V RobotCore: BuildConfig: versionCode=34 versionName=5.12 module=org.firstinspires.inspection
10-24 21:02:29.675  5765  5765 V RCActivity: onStart()
10-24 21:02:29.676  5765  5765 V RCActivity: onResume()
10-24 21:02:29.690  5765  5866 D OpenGLRenderer: Use EGL_SWAP_BEHAVIOR_PRESERVED: true
10-24 21:02:29.748  5765  5765 V MTPMonitorService: onCreate()
10-24 21:02:29.748  5765  5765 V MTPMonitorService: onStartCommand() intent=Intent { cmp=com.qualcomm.ftcrobotcontroller/org.firstinspires.ftc.robotcore.internal.files.MediaTransferProtocolMonitorService } flags=0x0 startId=1
10-24 21:02:29.749  5765  5765 V ThreadPool: container(0x0d75d6d0: MTPMonitor) added id=3365 TID=0 count=1
10-24 21:02:29.750  5765  5765 V MTPMonitor: observing: /storage/emulated/0
10-24 21:02:29.761  5765  5765 W FileObserverManager: upgrading mask: path=/storage/emulated/0/FIRST/blocks old=0x00000ffc new=0x00004ffc: might possibly miss event
10-24 21:02:29.762  5765  5765 W FileObserverManager: upgrading mask: path=/storage/emulated/0/FIRST/java/status old=0x00000ffc new=0x00004ffc: might possibly miss event
10-24 21:02:29.874  5765  5765 V OnBotJavaService: onCreate()
10-24 21:02:29.875  5765  5765 V OnBotJavaService: onStartCommand() intent=Intent { cmp=com.qualcomm.ftcrobotcontroller/org.firstinspires.ftc.robotcore.internal.opmode.OnBotJavaService } flags=0x0 startId=1
10-24 21:02:29.875  5765  5765 V OnBotJava: ctor()...
10-24 21:02:29.876  5765  5765 V OnBotJava: ...ctor()
10-24 21:02:29.884  5765  5765 V FtcRobotControllerWatchdogService: onCreate()
10-24 21:02:29.885  5765  5765 V FtcRobotControllerWatchdogService: onStartCommand() intent=Intent { cmp=com.qualcomm.ftcrobotcontroller/org.firstinspires.ftc.ftccommon.internal.FtcRobotControllerWatchdogService } flags=0x0 startId=1
10-24 21:02:29.885  5765  5765 V FtcRobotControllerWatchdogService: shouldAutoLauchRobotController() result=false
10-24 21:02:29.886  5765  5765 V WebServer: creating NanoHTTPD(8080)
10-24 21:02:29.895  5765  5765 V FTCService: onCreate()
10-24 21:02:29.895  5765  5765 V FTCService: onBind()
10-24 21:02:29.895  5765  5765 V FTCService: Android Device: maker=motorola model=XT1609 sdk=23
10-24 21:02:29.897  5765  5765 V RobotCore: Getting network assistant of type: WIFIDIRECT
10-24 21:02:29.900  5765  5765 V NetDiscover_prefremrc: onSharedPreferenceChanged(name=pref_wifip2p_groupowner_connectedto, value=null)
10-24 21:02:29.900  5765  5765 V WifiDirect: There are 1 Wifi Direct Assistant Clients (+)
10-24 21:02:29.900  5765  5765 V WifiDirect: Enabling Wifi Direct Assistant
10-24 21:02:29.901  5765  5765 V WifiDirectInviteMonitor: startMonitoring()
10-24 21:02:29.929  5765  5866 I OpenGLRenderer: Initialized EGL, version 1.4
10-24 21:02:29.945  5765  5765 D WifiDirect: broadcast: state - enabled: true
10-24 21:02:29.945  5765  5765 D WifiDirect: broadcast: connection changed: connectStatus=NOT_CONNECTED networkInfo.state=CONNECTED
10-24 21:02:29.945  5765  5765 V WifiDirect: writing pref name=pref_wifip2p_groupowner_connectedto value=
10-24 21:02:29.946  5765  5765 V NetDiscover_prefremrc: onSharedPreferenceChanged(name=pref_wifip2p_groupowner_connectedto, value=)
10-24 21:02:29.946  5765  5765 D WifiDirect: broadcast: this device changed
10-24 21:02:29.946  5765  5765 V WifiDirect: device information: 12611-RC 80:58:f8:59:b8:0f
10-24 21:02:29.946  5765  5765 D WifiDirect: cannot create group, does group already exist?
10-24 21:02:29.946  5765  5765 V FTCService: RCActivity.controllerService=bound
10-24 21:02:29.947  5765  5765 V RobotCore: Network: unknown, disconnected
10-24 21:02:29.947  5765  5765 V RobotCore: Robot Status: stopped
10-24 21:02:29.956  5765  5765 V ThreadPool: container(0x010ea4ae: default threadpool) added id=3368 TID=0 count=1
10-24 21:02:29.960  5765  5870 V RobotCore: thread: 'RobotSetupRunnable.run()' starting...
10-24 21:02:29.961  5765  5870 V FTCService: Processing robot setup
10-24 21:02:29.961  5765  5870 V RobotCore: Robot Status: stopped, scanning for USB devices
10-24 21:02:30.030  5765  5765 D WifiDirect: group owners address: /192.168.49.1
10-24 21:02:30.030  5765  5765 D WifiDirect: group formed, this device is the group owner (GO)
10-24 21:02:30.031  5765  5765 I FTCService: Wifi Direct - connected as group owner
10-24 21:02:30.042  5765  5765 V RobotCore: Network: enabled, disconnected
10-24 21:02:30.047  5765  5765 I BatteryChecker: percent remaining: 88 is charging: false
10-24 21:02:30.047  5765  5765 I BatteryChecker: percent remaining: 88 is charging: false
10-24 21:02:30.049  5765  5765 V WifiDirect: connection information available
10-24 21:02:30.049  5765  5765 V WifiDirect: connection information - groupOwnerName = 12611-RC
10-24 21:02:30.049  5765  5765 V WifiDirect: connection information - groupOwnerMacAddress = 80:58:f8:59:b8:0f
10-24 21:02:30.049  5765  5765 V WifiDirect: connection information - groupInterface = p2p0
10-24 21:02:30.049  5765  5765 V WifiDirect: connection information - groupNetworkName = DIRECT-MA-12611-RC
10-24 21:02:30.049  5765  5765 I FTCService: Network Connection Passphrase: NqsQx9uC
10-24 21:02:30.049  5765  5765 V WebServer: starting port=8080
10-24 21:02:30.061  5765  5765 V RobotCore: Getting network assistant of type: WIFIDIRECT
10-24 21:02:30.061  5765  5765 V WifiDirect: There are 2 Wifi Direct Assistant Clients (+)
10-24 21:02:30.061  5765  5765 V WebServer: started port=8080
10-24 21:02:30.061  5765  5765 V RobotCore: Network: active, disconnected
10-24 21:02:34.953  5765  5774 W art     : Suspending all threads took: 17.420ms
10-24 21:02:34.960  5765  5765 I BatteryChecker: percent remaining: 88 is charging: false
10-24 21:02:34.962  5765  5765 I BatteryChecker: percent remaining: 88 is charging: false
10-24 21:02:34.962  5765  5870 V RobotCore: EventLoopManager state is NOT_STARTED
10-24 21:02:34.962  5765  5870 V RobotCore: Robot Status: stopped, waiting for Wifi to enable
10-24 21:02:34.962  5765  5870 V RobotCore: Robot Status: stopped, waiting for Wifi Direct to enable
10-24 21:02:34.963  5765  5870 V RobotCore: Robot Status: stopped, waiting for network to become active
10-24 21:02:34.963  5765  5870 V RobotCore: Robot Status: stopped, starting robot
10-24 21:02:34.963  5765  5870 V Robocol : EventLoopManager.start()
10-24 21:02:34.963  5765  5870 V RobotCore: Getting network assistant of type: WIFIDIRECT
10-24 21:02:34.964  5765  5870 V Robocol : Spoofing a Network Connection event...
10-24 21:02:34.965  5765  5870 V ThreadPool: executive service EventLoop(0x0825eaa4) is terminated
10-24 21:02:34.965  5765  5870 V RobotCore: EventLoopManager state is STOPPED
10-24 21:02:34.965  5765  5870 V Robocol : eventLoop=FtcEventLoop
10-24 21:02:34.965  5765  5870 V RobotCore: EventLoopManager state is INIT
10-24 21:02:34.965  5765  5870 V RobotCore: Robot Status: initializing, starting robot
10-24 21:02:34.965  5765  5870 I FtcEventLoop: ======= INIT START =======
10-24 21:02:34.967  5765  5870 V OpmodeRegistration: registered {DefaultOpMode} as {$Stop$Robot$}
10-24 21:02:34.968  5765  5947 V RobotCore: thread: 'SetupRunnable.run()' starting...
10-24 21:02:34.971  5765  5870 V FileBasedLock: locked /storage/emulated/0/FIRST/blocks/projectslock/lock.dat
10-24 21:02:34.972  5765  5870 V ThreadPool: container(0x010ea4ae: default threadpool) added id=3373 TID=0 count=2
10-24 21:02:34.977  5765  5870 V FileBasedLock: unlocking /storage/emulated/0/FIRST/blocks/projectslock/lock.dat
10-24 21:02:34.981  5765  5765 D WifiDirect: cannot create group, does group already exist?
10-24 21:02:34.981  5765  5870 V OpmodeRegistration: registered {SensorREVColorDistance} as {Sensor: REVColorDistance}
10-24 21:02:34.982  5765  5870 V OpmodeRegistration: registered {RelicRecoveryAutoBlue1} as {Auto Blue 1}
10-24 21:02:34.983  5765  5870 V OpmodeRegistration: registered {SensorTest} as {Sensor Test}
10-24 21:02:34.984  5765  5870 V OpmodeRegistration: registered {RelivRecoveryAutoRed1} as {Auto Red 1}
10-24 21:02:34.984  5765  5870 V OpmodeRegistration: registered {SensorMRRangeSensor} as {Sensor: MR range sensor}
10-24 21:02:34.985  5765  5870 V OpmodeRegistration: registered {RelicRecoveryTeleOpsLinear} as {Relic Recovery TeleOps (Linear)}
10-24 21:02:34.986  5765  5870 V OpmodeRegistration: registered {RelicRecoveryAutoTest} as {Auto Test}
10-24 21:02:35.008  5765  5947 D Robocol : RobocolDatagramSocket listening addr=/192.168.49.1:20884 cbRec=65520 cbSend=163840 msRecTO=300
10-24 21:02:35.008  5765  5947 V Robocol : RecvLoopRunnable created
10-24 21:02:35.010  5765  5947 V PeerDiscovery: Starting peer discovery
10-24 21:02:35.010  5765  5947 V PeerDiscovery: No need for peer discovery, we are the peer discovery device
10-24 21:02:35.010  5765  5947 V RobotCore: Setup complete
10-24 21:02:35.010  5765  5947 V RobotCore: thread: ...terminating 'SetupRunnable.run()'
10-24 21:02:35.012  5765  5952 V RobotCore: thread: 'RecvLoopRunnable.run()' starting...
10-24 21:02:35.030  5765  5870 V HardwareFactory: createHardwareMap()
10-24 21:02:35.030  5765  5870 V WifiDirectInviteMonitor: clearUILynxModule()
10-24 21:02:35.038  5765  5870 V ReadXMLFileHandler: handleLynxModule() mod#=2...
10-24 21:02:35.039  5765  5870 V ConfigurationUtility: buildEmptyLynxModule() mod#=2...
10-24 21:02:35.039  5765  5870 V ConfigurationUtility: ...buildEmptyLynxModule() mod#=2
10-24 21:02:35.040  5765  5870 V ReadXMLFileHandler: ...handleLynxModule() mod#=2
10-24 21:02:35.040  5765  5870 V ReadXMLFileHandler: handleLynxModule() mod#=3...
10-24 21:02:35.040  5765  5870 V ConfigurationUtility: buildEmptyLynxModule() mod#=3...
10-24 21:02:35.040  5765  5870 V ConfigurationUtility: ...buildEmptyLynxModule() mod#=3
10-24 21:02:35.040  5765  5870 V ReadXMLFileHandler: ...handleLynxModule() mod#=3
10-24 21:02:35.041  5765  5870 V RobotCore: Creating REV Robotics USB Expansion Hub Portal [DQ143RN2]
10-24 21:02:35.042  5765  5870 V LynxUsb : creating new [DQ143RN2]: 0x047824ca
10-24 21:02:35.043  5765  5870 V FtDeviceManager: createDeviceInfoList(): 0 USB devices
10-24 21:02:35.043  5765  5870 W System.err: unable to find lynx USB device with serial number DQ143RN2
10-24 21:02:35.044  5765  5870 E LynxUsb : exception RobotCoreException(unable to find lynx USB device with serial number DQ143RN2): exception arming DQ143RN2 [com.qualcomm.hardware.lynx.LynxUsbUtil.logMessageAndThrow(LynxUsbUtil.java:108)]
10-24 21:02:35.044  5765  5870 V LynxUsb : doPretend() serial=DQ143RN2
10-24 21:02:35.044  5765  5870 V LynxUsb : 0x0099663b on 0x047824ca: new delegate to [DQ143RN2]
10-24 21:02:35.044  5765  5870 V RobotCore: Creating Lynx Module - mod=2 parent=false
10-24 21:02:35.046  5765  5870 V RobotCore: Creating Lynx Module - mod=3 parent=true
10-24 21:02:35.046  5765  5870 V LynxUsb : addConfiguredModule() module#=3
10-24 21:02:35.047  5765  5870 V LynxModule: pingAndQueryKnownInterfaces mod=3
10-24 21:02:35.053  5765  5870 V LynxModule: queryInterface(DEKA)=0 commands
10-24 21:02:35.054  5765  5870 V LynxModule: mod#=3 intf=DEKA: expected 53 commands; found 0
10-24 21:02:35.054  5765  5870 V LynxModule: sendLEDPatternSteps(): #steps=8
10-24 21:02:35.055  5765  5870 V LynxUsb : addConfiguredModule() module#=2
10-24 21:02:35.055  5765  5870 V LynxModule: pingAndQueryKnownInterfaces mod=2
10-24 21:02:35.055  5765  5870 V LynxModule: queryInterface(DEKA)=0 commands
10-24 21:02:35.055  5765  5870 V LynxModule: mod#=2 intf=DEKA: expected 53 commands; found 0
10-24 21:02:35.055  5765  5870 V LynxModule: sendLEDPatternSteps(): #steps=6
10-24 21:02:35.056  5765  5870 V LynxMotor: initializeHardware() mod#=2
10-24 21:02:35.058  5765  5870 V RobotCore: DcMotorImpl(type=NeveRest40Gearmotor)
10-24 21:02:35.058  5765  5870 V LynxServoController: initializeHardware() mod#=2
10-24 21:02:35.059  5765  5870 V LynxVoltageSensor: initializeHardware() mod#=2
10-24 21:02:35.059  5765  5870 V LynxPwmOutputController: initializeHardware() mod#=2
