11-19 18:15:06.298 10410 11357 E LynxMotor: 	at com.qualcomm.hardware.lynx.LynxDcMotorController.internalSetMotorEnable(LynxDcMotorController.java:212)
11-19 18:15:06.299 10410 11357 E LynxMotor: 	at com.qualcomm.hardware.lynx.LynxDcMotorController.internalSetMotorPower(LynxDcMotorController.java:500)
11-19 18:15:06.299 10410 10818 V LynxModule: received status: LynxGetModuleStatusResponse(status=0x14 alerts=0x00: FailSafe)
11-19 18:15:06.299 10410 11357 E LynxMotor: 	at com.qualcomm.hardware.lynx.LynxDcMotorController.internalSetMotorPower(LynxDcMotorController.java:458)
11-19 18:15:06.299 10410 11357 E LynxMotor: 	at com.qualcomm.hardware.lynx.LynxDcMotorController.setMotorPower(LynxDcMotorController.java:405)
11-19 18:15:06.300 10410 11357 E LynxMotor: 	at com.qualcomm.robotcore.hardware.DcMotorImpl.internalSetPower(DcMotorImpl.java:204)
11-19 18:15:06.300 10410 11357 E LynxMotor: 	at com.qualcomm.robotcore.hardware.DcMotorImpl.setPower(DcMotorImpl.java:200)
11-19 18:15:06.301 10410 11357 E LynxMotor: 	at org.firstinspires.ftc.teamcode.TechNova2017.MecanumRobot.drive(MecanumRobot.java:617)
11-19 18:15:06.301 10410 11357 E LynxMotor: 	at org.firstinspires.ftc.teamcode.TechNova2017.DriveHelper.drive(DriveHelper.java:107)
11-19 18:15:06.301 10410 11357 E LynxMotor: 	at org.firstinspires.ftc.teamcode.TechNova2017.RelicRecoveryTeleOpsLinear.gamepadLoop(RelicRecoveryTeleOpsLinear.java:186)
11-19 18:15:06.302 10410 11357 E LynxMotor: 	at org.firstinspires.ftc.teamcode.TechNova2017.RelicRecoveryTeleOpsLinear.runOpMode(RelicRecoveryTeleOpsLinear.java:55)
11-19 18:15:06.302 10410 11357 E LynxMotor: 	at com.qualcomm.robotcore.eventloop.opmode.LinearOpMode$LinearOpModeHelper$1.run(LinearOpMode.java:305)
11-19 18:15:06.302 10410 11357 E LynxMotor: 	at com.qualcomm.robotcore.util.ThreadPool.logThreadLifeCycle(ThreadPool.java:709)
11-19 18:15:06.303 10410 11357 E LynxMotor: 	at com.qualcomm.robotcore.eventloop.opmode.LinearOpMode$LinearOpModeHelper.run(LinearOpMode.java:300)
11-19 18:15:06.303 10410 11357 E LynxMotor: 	at java.util.concurrent.ThreadPoolExecutor.runWorker(ThreadPoolExecutor.java:1113)
11-19 18:15:06.303 10410 11357 E LynxMotor: 	at java.util.concurrent.ThreadPoolExecutor$Worker.run(ThreadPoolExecutor.java:588)
11-19 18:15:06.304 10410 11357 E LynxMotor: 	at com.qualcomm.robotcore.util.ThreadPool$ThreadFactoryImpl$1.run(ThreadPool.java:764)
11-19 18:15:06.304 10410 11357 E LynxMotor: 	at java.lang.Thread.run(Thread.java:818)
11-19 18:15:06.313 10410 10817 V RobotCore: nack rec'd mod=3 msg#=83 ref#=0 reason=BATTERY_TOO_LOW_TO_RUN_MOTOR:52
11-19 18:15:06.314 10410 11357 E LynxMotor: exception thrown during lynx communication
11-19 18:15:06.314 10410 11357 E LynxMotor: com.qualcomm.hardware.lynx.LynxNackException: (DQ143RN2 #3) LynxSetMotorChannelEnableCommand: nack received: BATTERY_TOO_LOW_TO_RUN_MOTOR:52
11-19 18:15:06.315 10410 11357 E LynxMotor: 	at com.qualcomm.hardware.lynx.commands.LynxRespondable.throwIfNack(LynxRespondable.java:324)
11-19 18:15:06.315 10410 11357 E LynxMotor: 	at com.qualcomm.hardware.lynx.commands.LynxRespondable.send(LynxRespondable.java:239)
11-19 18:15:06.315 10410 11357 E LynxMotor: 	at com.qualcomm.hardware.lynx.LynxDcMotorController.internalSetMotorEnable(LynxDcMotorController.java:212)
11-19 18:15:06.316 10410 11357 E LynxMotor: 	at com.qualcomm.hardware.lynx.LynxDcMotorController.internalSetMotorPower(LynxDcMotorController.java:500)
11-19 18:15:06.316 10410 10818 V LynxModule: received status: LynxGetModuleStatusResponse(status=0x14 alerts=0x00: FailSafe)
11-19 18:15:06.316 10410 11357 E LynxMotor: 	at com.qualcomm.hardware.lynx.LynxDcMotorController.internalSetMotorPower(LynxDcMotorController.java:458)
11-19 18:15:06.317 10410 11357 E LynxMotor: 	at com.qualcomm.hardware.lynx.LynxDcMotorController.setMotorPower(LynxDcMotorController.java:405)
11-19 18:15:06.317 10410 11357 E LynxMotor: 	at com.qualcomm.robotcore.hardware.DcMotorImpl.internalSetPower(DcMotorImpl.java:204)
11-19 18:15:06.317 10410 11357 E LynxMotor: 	at com.qualcomm.robotcore.hardware.DcMotorImpl.setPower(DcMotorImpl.java:200)
11-19 18:15:06.318 10410 11357 E LynxMotor: 	at org.firstinspires.ftc.teamcode.TechNova2017.MecanumRobot.drive(MecanumRobot.java:618)
11-19 18:15:06.318 10410 11357 E LynxMotor: 	at org.firstinspires.ftc.teamcode.TechNova2017.DriveHelper.drive(DriveHelper.java:107)
11-19 18:15:06.318 10410 11357 E LynxMotor: 	at org.firstinspires.ftc.teamcode.TechNova2017.RelicRecoveryTeleOpsLinear.gamepadLoop(RelicRecoveryTeleOpsLinear.java:186)
11-19 18:15:06.319 10410 11357 E LynxMotor: 	at org.firstinspires.ftc.teamcode.TechNova2017.RelicRecoveryTeleOpsLinear.runOpMode(RelicRecoveryTeleOpsLinear.java:55)
11-19 18:15:06.319 10410 11357 E LynxMotor: 	at com.qualcomm.robotcore.eventloop.opmode.LinearOpMode$LinearOpModeHelper$1.run(LinearOpMode.java:305)
11-19 18:15:06.319 10410 11357 E LynxMotor: 	at com.qualcomm.robotcore.util.ThreadPool.logThreadLifeCycle(ThreadPool.java:709)
11-19 18:15:06.320 10410 11357 E LynxMotor: 	at com.qualcomm.robotcore.eventloop.opmode.LinearOpMode$LinearOpModeHelper.run(LinearOpMode.java:300)
11-19 18:15:06.320 10410 11357 E LynxMotor: 	at java.util.concurrent.ThreadPoolExecutor.runWorker(ThreadPoolExecutor.java:1113)
11-19 18:15:06.320 10410 11357 E LynxMotor: 	at java.util.concurrent.ThreadPoolExecutor$Worker.run(ThreadPoolExecutor.java:588)
11-19 18:15:06.321 10410 11357 E LynxMotor: 	at com.qualcomm.robotcore.util.ThreadPool$ThreadFactoryImpl$1.run(ThreadPool.java:764)
11-19 18:15:06.321 10410 11357 E LynxMotor: 	at java.lang.Thread.run(Thread.java:818)
11-19 18:15:06.329 10410 10818 V LynxModule: received status: LynxGetModuleStatusResponse(status=0x14 alerts=0x00: FailSafe)
11-19 18:15:06.331 10410 10817 V RobotCore: nack rec'd mod=3 msg#=88 ref#=0 reason=BATTERY_TOO_LOW_TO_RUN_MOTOR:52
11-19 18:15:06.332 10410 11357 E LynxMotor: exception thrown during lynx communication
11-19 18:15:06.332 10410 11357 E LynxMotor: com.qualcomm.hardware.lynx.LynxNackException: (DQ143RN2 #3) LynxSetMotorChannelEnableCommand: nack received: BATTERY_TOO_LOW_TO_RUN_MOTOR:52
11-19 18:15:06.333 10410 11357 E LynxMotor: 	at com.qualcomm.hardware.lynx.commands.LynxRespondable.throwIfNack(LynxRespondable.java:324)
11-19 18:15:06.333 10410 11357 E LynxMotor: 	at com.qualcomm.hardware.lynx.commands.LynxRespondable.send(LynxRespondable.java:239)
11-19 18:15:06.333 10410 11357 E LynxMotor: 	at com.qualcomm.hardware.lynx.LynxDcMotorController.internalSetMotorEnable(LynxDcMotorController.java:212)
11-19 18:15:06.334 10410 11357 E LynxMotor: 	at com.qualcomm.hardware.lynx.LynxDcMotorController.internalSetMotorPower(LynxDcMotorController.java:500)
11-19 18:15:06.334 10410 11357 E LynxMotor: 	at com.qualcomm.hardware.lynx.LynxDcMotorController.internalSetMotorPower(LynxDcMotorController.java:458)
11-19 18:15:06.334 10410 11357 E LynxMotor: 	at com.qualcomm.hardware.lynx.LynxDcMotorController.setMotorPower(LynxDcMotorController.java:405)
11-19 18:15:06.335 10410 11357 E LynxMotor: 	at com.qualcomm.robotcore.hardware.DcMotorImpl.internalSetPower(DcMotorImpl.java:204)
11-19 18:15:06.335 10410 11357 E LynxMotor: 	at com.qualcomm.robotcore.hardware.DcMotorImpl.setPower(DcMotorImpl.java:200)
11-19 18:15:06.335 10410 11357 E LynxMotor: 	at org.firstinspires.ftc.teamcode.TechNova2017.MecanumRobot.drive(MecanumRobot.java:619)
11-19 18:15:06.336 10410 11357 E LynxMotor: 	at org.firstinspires.ftc.teamcode.TechNova2017.DriveHelper.drive(DriveHelper.java:107)
11-19 18:15:06.336 10410 11357 E LynxMotor: 	at org.firstinspires.ftc.teamcode.TechNova2017.RelicRecoveryTeleOpsLinear.gamepadLoop(RelicRecoveryTeleOpsLinear.java:186)
11-19 18:15:06.336 10410 11357 E LynxMotor: 	at org.firstinspires.ftc.teamcode.TechNova2017.RelicRecoveryTeleOpsLinear.runOpMode(RelicRecoveryTeleOpsLinear.java:55)
11-19 18:15:06.336 10410 11357 E LynxMotor: 	at com.qualcomm.robotcore.eventloop.opmode.LinearOpMode$LinearOpModeHelper$1.run(LinearOpMode.java:305)
11-19 18:15:06.337 10410 11357 E LynxMotor: 	at com.qualcomm.robotcore.util.ThreadPool.logThreadLifeCycle(ThreadPool.java:709)
11-19 18:15:06.337 10410 11357 E LynxMotor: 	at com.qualcomm.robotcore.eventloop.opmode.LinearOpMode$LinearOpModeHelper.run(LinearOpMode.java:300)
11-19 18:15:06.337 10410 11357 E LynxMotor: 	at java.util.concurrent.ThreadPoolExecutor.runWorker(ThreadPoolExecutor.java:1113)
11-19 18:15:06.338 10410 11357 E LynxMotor: 	at java.util.concurrent.ThreadPoolExecutor$Worker.run(ThreadPoolExecutor.java:588)
11-19 18:15:06.338 10410 11357 E LynxMotor: 	at com.qualcomm.robotcore.util.ThreadPool$ThreadFactoryImpl$1.run(ThreadPool.java:764)
11-19 18:15:06.338 10410 11357 E LynxMotor: 	at java.lang.Thread.run(Thread.java:818)
11-19 18:15:06.349 10410 10819 V LynxModule: received status: LynxGetModuleStatusResponse(status=0x14 alerts=0x00: FailSafe)
11-19 18:15:06.353 10410 10817 V RobotCore: nack rec'd mod=2 msg#=113 ref#=0 reason=BATTERY_TOO_LOW_TO_RUN_MOTOR:52
11-19 18:15:06.353 10410 11357 E LynxMotor: exception thrown during lynx communication
11-19 18:15:06.355 10410 11357 E LynxMotor: com.qualcomm.hardware.lynx.LynxNackException: (DQ143RN2 #2) LynxSetMotorChannelEnableCommand: nack received: BATTERY_TOO_LOW_TO_RUN_MOTOR:52
11-19 18:15:06.357 10410 11357 E LynxMotor: 	at com.qualcomm.hardware.lynx.commands.LynxRespondable.throwIfNack(LynxRespondable.java:324)
11-19 18:15:06.357 10410 11357 E LynxMotor: 	at com.qualcomm.hardware.lynx.commands.LynxRespondable.send(LynxRespondable.java:239)
11-19 18:15:06.358 10410 11357 E LynxMotor: 	at com.qualcomm.hardware.lynx.LynxDcMotorController.internalSetMotorEnable(LynxDcMotorController.java:212)
11-19 18:15:06.358 10410 11357 E LynxMotor: 	at com.qualcomm.hardware.lynx.LynxDcMotorController.internalSetMotorPower(LynxDcMotorController.java:500)
11-19 18:15:06.359 10410 11357 E LynxMotor: 	at com.qualcomm.hardware.lynx.LynxDcMotorController.internalSetMotorPower(LynxDcMotorController.java:458)
11-19 18:15:06.359 10410 11357 E LynxMotor: 	at com.qualcomm.hardware.lynx.LynxDcMotorController.setMotorPower(LynxDcMotorController.java:405)
11-19 18:15:06.360 10410 11357 E LynxMotor: 	at com.qualcomm.robotcore.hardware.DcMotorImpl.internalSetPower(DcMotorImpl.java:204)
11-19 18:15:06.361 10410 11357 E LynxMotor: 	at com.qualcomm.robotcore.hardware.DcMotorImpl.setPower(DcMotorImpl.java:200)
11-19 18:15:06.361 10410 11357 E LynxMotor: 	at org.firstinspires.ftc.teamcode.TechNova2017.MecanumRobot.turnOffBlueLed(MecanumRobot.java:979)
11-19 18:15:06.362 10410 11357 E LynxMotor: 	at org.firstinspires.ftc.teamcode.TechNova2017.DriveHelper.drive(DriveHelper.java:112)
11-19 18:15:06.362 10410 11357 E LynxMotor: 	at org.firstinspires.ftc.teamcode.TechNova2017.RelicRecoveryTeleOpsLinear.gamepadLoop(RelicRecoveryTeleOpsLinear.java:186)
11-19 18:15:06.363 10410 11357 E LynxMotor: 	at org.firstinspires.ftc.teamcode.TechNova2017.RelicRecoveryTeleOpsLinear.runOpMode(RelicRecoveryTeleOpsLinear.java:55)
11-19 18:15:06.363 10410 11357 E LynxMotor: 	at com.qualcomm.robotcore.eventloop.opmode.LinearOpMode$LinearOpModeHelper$1.run(LinearOpMode.java:305)
11-19 18:15:06.364 10410 11357 E LynxMotor: 	at com.qualcomm.robotcore.util.ThreadPool.logThreadLifeCycle(ThreadPool.java:709)
11-19 18:15:06.365 10410 11357 E LynxMotor: 	at com.qualcomm.robotcore.eventloop.opmode.LinearOpMode$LinearOpModeHelper.run(LinearOpMode.java:300)
11-19 18:15:06.365 10410 11357 E LynxMotor: 	at java.util.concurrent.ThreadPoolExecutor.runWorker(ThreadPoolExecutor.java:1113)
11-19 18:15:06.366 10410 11357 E LynxMotor: 	at java.util.concurrent.ThreadPoolExecutor$Worker.run(ThreadPoolExecutor.java:588)
11-19 18:15:06.367 10410 11357 E LynxMotor: 	at com.qualcomm.robotcore.util.ThreadPool$ThreadFactoryImpl$1.run(ThreadPool.java:764)
11-19 18:15:06.367 10410 11357 E LynxMotor: 	at java.lang.Thread.run(Thread.java:818)
11-19 18:15:06.391 10410 10819 V LynxModule: received status: LynxGetModuleStatusResponse(status=0x14 alerts=0x00: FailSafe)
11-19 18:15:06.395 10410 10817 V RobotCore: nack rec'd mod=2 msg#=118 ref#=0 reason=BATTERY_TOO_LOW_TO_RUN_MOTOR:52
11-19 18:15:06.396 10410 11357 E LynxMotor: exception thrown during lynx communication
11-19 18:15:06.397 10410 11357 E LynxMotor: com.qualcomm.hardware.lynx.LynxNackException: (DQ143RN2 #2) LynxSetMotorChannelEnableCommand: nack received: BATTERY_TOO_LOW_TO_RUN_MOTOR:52
11-19 18:15:06.397 10410 11357 E LynxMotor: 	at com.qualcomm.hardware.lynx.commands.LynxRespondable.throwIfNack(LynxRespondable.java:324)
11-19 18:15:06.398 10410 11357 E LynxMotor: 	at com.qualcomm.hardware.lynx.commands.LynxRespondable.send(LynxRespondable.java:239)
11-19 18:15:06.398 10410 11357 E LynxMotor: 	at com.qualcomm.hardware.lynx.LynxDcMotorController.internalSetMotorEnable(LynxDcMotorController.java:212)
11-19 18:15:06.398 10410 11357 E LynxMotor: 	at com.qualcomm.hardware.lynx.LynxDcMotorController.internalSetMotorPower(LynxDcMotorController.java:500)
11-19 18:15:06.399 10410 11357 E LynxMotor: 	at com.qualcomm.hardware.lynx.LynxDcMotorController.internalSetMotorPower(LynxDcMotorController.java:458)
11-19 18:15:06.399 10410 11357 E LynxMotor: 	at com.qualcomm.hardware.lynx.LynxDcMotorController.setMotorPower(LynxDcMotorController.java:405)
11-19 18:15:06.400 10410 11357 E LynxMotor: 	at com.qualcomm.robotcore.hardware.DcMotorImpl.internalSetPower(DcMotorImpl.java:204)
11-19 18:15:06.400 10410 11357 E LynxMotor: 	at com.qualcomm.robotcore.hardware.DcMotorImpl.setPower(DcMotorImpl.java:200)
11-19 18:15:06.400 10410 11357 E LynxMotor: 	at org.firstinspires.ftc.teamcode.TechNova2017.MecanumRobot.moveGlyphLift(MecanumRobot.java:368)
11-19 18:15:06.401 10410 11357 E LynxMotor: 	at org.firstinspires.ftc.teamcode.TechNova2017.RelicRecoveryTeleOpsLinear.gamepadLoop(RelicRecoveryTeleOpsLinear.java:121)
11-19 18:15:06.401 10410 11357 E LynxMotor: 	at org.firstinspires.ftc.teamcode.TechNova2017.RelicRecoveryTeleOpsLinear.runOpMode(RelicRecoveryTeleOpsLinear.java:55)
11-19 18:15:06.402 10410 11357 E LynxMotor: 	at com.qualcomm.robotcore.eventloop.opmode.LinearOpMode$LinearOpModeHelper$1.run(LinearOpMode.java:305)
11-19 18:15:06.402 10410 11357 E LynxMotor: 	at com.qualcomm.robotcore.util.ThreadPool.logThreadLifeCycle(ThreadPool.java:709)
11-19 18:15:06.402 10410 11357 E LynxMotor: 	at com.qualcomm.robotcore.eventloop.opmode.LinearOpMode$LinearOpModeHelper.run(LinearOpMode.java:300)
11-19 18:15:06.403 10410 11357 E LynxMotor: 	at java.util.concurrent.ThreadPoolExecutor.runWorker(ThreadPoolExecutor.java:1113)
11-19 18:15:06.403 10410 11357 E LynxMotor: 	at java.util.concurrent.ThreadPoolExecutor$Worker.run(ThreadPoolExecutor.java:588)
11-19 18:15:06.403 10410 11357 E LynxMotor: 	at com.qualcomm.robotcore.util.ThreadPool$ThreadFactoryImpl$1.run(ThreadPool.java:764)
11-19 18:15:06.403 10410 11357 E LynxMotor: 	at java.lang.Thread.run(Thread.java:818)
11-19 18:15:06.415 10410 10817 V RobotCore: nack rec'd mod=2 msg#=121 ref#=0 reason=BATTERY_TOO_LOW_TO_RUN_MOTOR:52
11-19 18:15:06.416 10410 11357 E LynxMotor: exception thrown during lynx communication
11-19 18:15:06.416 10410 11357 E LynxMotor: com.qualcomm.hardware.lynx.LynxNackException: (DQ143RN2 #2) LynxSetMotorChannelEnableCommand: nack received: BATTERY_TOO_LOW_TO_RUN_MOTOR:52
11-19 18:15:06.417 10410 11357 E LynxMotor: 	at com.qualcomm.hardware.lynx.commands.LynxRespondable.throwIfNack(LynxRespondable.java:324)
11-19 18:15:06.417 10410 11357 E LynxMotor: 	at com.qualcomm.hardware.lynx.commands.LynxRespondable.send(LynxRespondable.java:239)
11-19 18:15:06.418 10410 11357 E LynxMotor: 	at com.qualcomm.hardware.lynx.LynxDcMotorController.internalSetMotorEnable(LynxDcMotorController.java:212)
11-19 18:15:06.418 10410 11357 E LynxMotor: 	at com.qualcomm.hardware.lynx.LynxDcMotorController.internalSetMotorPower(LynxDcMotorController.java:500)
11-19 18:15:06.419 10410 11357 E LynxMotor: 	at com.qualcomm.hardware.lynx.LynxDcMotorController.internalSetMotorPower(LynxDcMotorController.java:458)
11-19 18:15:06.419 10410 11357 E LynxMotor: 	at com.qualcomm.hardware.lynx.LynxDcMotorController.setMotorPower(LynxDcMotorController.java:405)
11-19 18:15:06.419 10410 11357 E LynxMotor: 	at com.qualcomm.robotcore.hardware.DcMotorImpl.internalSetPower(DcMotorImpl.java:204)
11-19 18:15:06.420 10410 11357 E LynxMotor: 	at com.qualcomm.robotcore.hardware.DcMotorImpl.setPower(DcMotorImpl.java:200)
11-19 18:15:06.420 10410 11357 E LynxMotor: 	at org.firstinspires.ftc.teamcode.TechNova2017.MecanumRobot.moveRelicSlider(MecanumRobot.java:1004)
11-19 18:15:06.421 10410 11357 E LynxMotor: 	at org.firstinspires.ftc.teamcode.TechNova2017.RelicRecoveryTeleOpsLinear.gamepadLoop(RelicRecoveryTeleOpsLinear.java:129)
11-19 18:15:06.422 10410 11357 E LynxMotor: 	at org.firstinspires.ftc.teamcode.TechNova2017.RelicRecoveryTeleOpsLinear.runOpMode(RelicRecoveryTeleOpsLinear.java:55)
11-19 18:15:06.422 10410 11357 E LynxMotor: 	at com.qualcomm.robotcore.eventloop.opmode.LinearOpMode$LinearOpModeHelper$1.run(LinearOpMode.java:305)
11-19 18:15:06.423 10410 10819 V LynxModule: received status: LynxGetModuleStatusResponse(status=0x14 alerts=0x00: FailSafe)
11-19 18:15:06.423 10410 11357 E LynxMotor: 	at com.qualcomm.robotcore.util.ThreadPool.logThreadLifeCycle(ThreadPool.java:709)
11-19 18:15:06.424 10410 11357 E LynxMotor: 	at com.qualcomm.robotcore.eventloop.opmode.LinearOpMode$LinearOpModeHelper.run(LinearOpMode.java:300)
11-19 18:15:06.424 10410 11357 E LynxMotor: 	at java.util.concurrent.ThreadPoolExecutor.runWorker(ThreadPoolExecutor.java:1113)
11-19 18:15:06.424 10410 11357 E LynxMotor: 	at java.util.concurrent.ThreadPoolExecutor$Worker.run(ThreadPoolExecutor.java:588)
11-19 18:15:06.425 10410 11357 E LynxMotor: 	at com.qualcomm.robotcore.util.ThreadPool$ThreadFactoryImpl$1.run(ThreadPool.java:764)
11-19 18:15:06.425 10410 11357 E LynxMotor: 	at java.lang.Thread.run(Thread.java:818)
11-19 18:15:06.437 10410 10817 V RobotCore: nack rec'd mod=2 msg#=125 ref#=0 reason=BATTERY_TOO_LOW_TO_RUN_MOTOR:52
11-19 18:15:06.438 10410 11357 E LynxMotor: exception thrown during lynx communication
11-19 18:15:06.439 10410 11357 E LynxMotor: com.qualcomm.hardware.lynx.LynxNackException: (DQ143RN2 #2) LynxSetMotorChannelEnableCommand: nack received: BATTERY_TOO_LOW_TO_RUN_MOTOR:52
11-19 18:15:06.439 10410 11357 E LynxMotor: 	at com.qualcomm.hardware.lynx.commands.LynxRespondable.throwIfNack(LynxRespondable.java:324)
11-19 18:15:06.440 10410 11357 E LynxMotor: 	at com.qualcomm.hardware.lynx.commands.LynxRespondable.send(LynxRespondable.java:239)
11-19 18:15:06.440 10410 11357 E LynxMotor: 	at com.qualcomm.hardware.lynx.LynxDcMotorController.internalSetMotorEnable(LynxDcMotorController.java:212)
11-19 18:15:06.441 10410 11357 E LynxMotor: 	at com.qualcomm.hardware.lynx.LynxDcMotorController.internalSetMotorPower(LynxDcMotorController.java:500)
11-19 18:15:06.441 10410 11357 E LynxMotor: 	at com.qualcomm.hardware.lynx.LynxDcMotorController.internalSetMotorPower(LynxDcMotorController.java:458)
11-19 18:15:06.442 10410 11357 E LynxMotor: 	at com.qualcomm.hardware.lynx.LynxDcMotorController.setMotorPower(LynxDcMotorController.java:405)
11-19 18:15:06.442 10410 11357 E LynxMotor: 	at com.qualcomm.robotcore.hardware.DcMotorImpl.internalSetPower(DcMotorImpl.java:204)
11-19 18:15:06.442 10410 10819 V LynxModule: received status: LynxGetModuleStatusResponse(status=0x14 alerts=0x00: FailSafe)
11-19 18:15:06.442 10410 11357 E LynxMotor: 	at com.qualcomm.robotcore.hardware.DcMotorImpl.setPower(DcMotorImpl.java:200)
11-19 18:15:06.443 10410 11357 E LynxMotor: 	at org.firstinspires.ftc.teamcode.TechNova2017.MecanumRobot.turnOffBlueLed(MecanumRobot.java:979)
11-19 18:15:06.443 10410 11357 E LynxMotor: 	at org.firstinspires.ftc.teamcode.TechNova2017.RelicRecoveryTeleOpsLinear.gamepadLoop(RelicRecoveryTeleOpsLinear.java:148)
11-19 18:15:06.443 10410 11357 E LynxMotor: 	at org.firstinspires.ftc.teamcode.TechNova2017.RelicRecoveryTeleOpsLinear.runOpMode(RelicRecoveryTeleOpsLinear.java:55)
11-19 18:15:06.444 10410 11357 E LynxMotor: 	at com.qualcomm.robotcore.eventloop.opmode.LinearOpMode$LinearOpModeHelper$1.run(LinearOpMode.java:305)
11-19 18:15:06.444 10410 11357 E LynxMotor: 	at com.qualcomm.robotcore.util.ThreadPool.logThreadLifeCycle(ThreadPool.java:709)
11-19 18:15:06.445 10410 11357 E LynxMotor: 	at com.qualcomm.robotcore.eventloop.opmode.LinearOpMode$LinearOpModeHelper.run(LinearOpMode.java:300)
11-19 18:15:06.445 10410 11357 E LynxMotor: 	at java.util.concurrent.ThreadPoolExecutor.runWorker(ThreadPoolExecutor.java:1113)
11-19 18:15:06.446 10410 11357 E LynxMotor: 	at java.util.concurrent.ThreadPoolExecutor$Worker.run(ThreadPoolExecutor.java:588)
11-19 18:15:06.446 10410 11357 E LynxMotor: 	at com.qualcomm.robotcore.util.ThreadPool$ThreadFactoryImpl$1.run(ThreadPool.java:764)
11-19 18:15:06.446 10410 11357 E LynxMotor: 	at java.lang.Thread.run(Thread.java:818)
11-19 18:15:06.472 10410 10818 V LynxModule: received status: LynxGetModuleStatusResponse(status=0x14 alerts=0x00: FailSafe)
11-19 18:15:06.475 10410 10817 V RobotCore: nack rec'd mod=3 msg#=98 ref#=0 reason=BATTERY_TOO_LOW_TO_RUN_MOTOR:52
11-19 18:15:06.476 10410 11357 E LynxMotor: exception thrown during lynx communication
11-19 18:15:06.477 10410 11357 E LynxMotor: com.qualcomm.hardware.lynx.LynxNackException: (DQ143RN2 #3) LynxSetMotorChannelEnableCommand: nack received: BATTERY_TOO_LOW_TO_RUN_MOTOR:52
11-19 18:15:06.477 10410 11357 E LynxMotor: 	at com.qualcomm.hardware.lynx.commands.LynxRespondable.throwIfNack(LynxRespondable.java:324)
11-19 18:15:06.478 10410 11357 E LynxMotor: 	at com.qualcomm.hardware.lynx.commands.LynxRespondable.send(LynxRespondable.java:239)
11-19 18:15:06.478 10410 11357 E LynxMotor: 	at com.qualcomm.hardware.lynx.LynxDcMotorController.internalSetMotorEnable(LynxDcMotorController.java:212)
11-19 18:15:06.479 10410 11357 E LynxMotor: 	at com.qualcomm.hardware.lynx.LynxDcMotorController.internalSetMotorPower(LynxDcMotorController.java:500)
11-19 18:15:06.479 10410 11357 E LynxMotor: 	at com.qualcomm.hardware.lynx.LynxDcMotorController.internalSetMotorPower(LynxDcMotorController.java:458)
11-19 18:15:06.480 10410 11357 E LynxMotor: 	at com.qualcomm.hardware.lynx.LynxDcMotorController.setMotorPower(LynxDcMotorController.java:405)
11-19 18:15:06.480 10410 11357 E LynxMotor: 	at com.qualcomm.robotcore.hardware.DcMotorImpl.internalSetPower(DcMotorImpl.java:204)
11-19 18:15:06.481 10410 11357 E LynxMotor: 	at com.qualcomm.robotcore.hardware.DcMotorImpl.setPower(DcMotorImpl.java:200)
11-19 18:15:06.481 10410 11357 E LynxMotor: 	at org.firstinspires.ftc.teamcode.TechNova2017.MecanumRobot.drive(MecanumRobot.java:616)
11-19 18:15:06.482 10410 11357 E LynxMotor: 	at org.firstinspires.ftc.teamcode.TechNova2017.DriveHelper.drive(DriveHelper.java:107)
11-19 18:15:06.482 10410 11357 E LynxMotor: 	at org.firstinspires.ftc.teamcode.TechNova2017.RelicRecoveryTeleOpsLinear.gamepadLoop(RelicRecoveryTeleOpsLinear.java:186)
11-19 18:15:06.482 10410 11357 E LynxMotor: 	at org.firstinspires.ftc.teamcode.TechNova2017.RelicRecoveryTeleOpsLinear.runOpMode(RelicRecoveryTeleOpsLinear.java:55)
11-19 18:15:06.483 10410 11357 E LynxMotor: 	at com.qualcomm.robotcore.eventloop.opmode.LinearOpMode$LinearOpModeHelper$1.run(LinearOpMode.java:305)
11-19 18:15:06.483 10410 11357 E LynxMotor: 	at com.qualcomm.robotcore.util.ThreadPool.logThreadLifeCycle(ThreadPool.java:709)
11-19 18:15:06.484 10410 11357 E LynxMotor: 	at com.qualcomm.robotcore.eventloop.opmode.LinearOpMode$LinearOpModeHelper.run(LinearOpMode.java:300)
11-19 18:15:06.484 10410 11357 E LynxMotor: 	at java.util.concurrent.ThreadPoolExecutor.runWorker(ThreadPoolExecutor.java:1113)
11-19 18:15:06.485 10410 11357 E LynxMotor: 	at java.util.concurrent.ThreadPoolExecutor$Worker.run(ThreadPoolExecutor.java:588)
11-19 18:15:06.485 10410 11357 E LynxMotor: 	at com.qualcomm.robotcore.util.ThreadPool$ThreadFactoryImpl$1.run(ThreadPool.java:764)
11-19 18:15:06.486 10410 11357 E LynxMotor: 	at java.lang.Thread.run(Thread.java:818)
11-19 18:15:06.494 10410 10817 V RobotCore: nack rec'd mod=3 msg#=101 ref#=0 reason=BATTERY_TOO_LOW_TO_RUN_MOTOR:52
11-19 18:15:06.495 10410 11357 E LynxMotor: exception thrown during lynx communication
11-19 18:15:06.496 10410 11357 E LynxMotor: com.qualcomm.hardware.lynx.LynxNackException: (DQ143RN2 #3) LynxSetMotorChannelEnableCommand: nack received: BATTERY_TOO_LOW_TO_RUN_MOTOR:52
11-19 18:15:06.496 10410 11357 E LynxMotor: 	at com.qualcomm.hardware.lynx.commands.LynxRespondable.throwIfNack(LynxRespondable.java:324)
11-19 18:15:06.496 10410 11357 E LynxMotor: 	at com.qualcomm.hardware.lynx.commands.LynxRespondable.send(LynxRespondable.java:239)
11-19 18:15:06.497 10410 11357 E LynxMotor: 	at com.qualcomm.hardware.lynx.LynxDcMotorController.internalSetMotorEnable(LynxDcMotorController.java:212)
11-19 18:15:06.497 10410 11357 E LynxMotor: 	at com.qualcomm.hardware.lynx.LynxDcMotorController.internalSetMotorPower(LynxDcMotorController.java:500)
11-19 18:15:06.498 10410 11357 E LynxMotor: 	at com.qualcomm.hardware.lynx.LynxDcMotorController.internalSetMotorPower(LynxDcMotorController.java:458)
11-19 18:15:06.498 10410 10818 V LynxModule: received status: LynxGetModuleStatusResponse(status=0x14 alerts=0x00: FailSafe)
11-19 18:15:06.498 10410 11357 E LynxMotor: 	at com.qualcomm.hardware.lynx.LynxDcMotorController.setMotorPower(LynxDcMotorController.java:405)
11-19 18:15:06.498 10410 11357 E LynxMotor: 	at com.qualcomm.robotcore.hardware.DcMotorImpl.internalSetPower(DcMotorImpl.java:204)
11-19 18:15:06.499 10410 11357 E LynxMotor: 	at com.qualcomm.robotcore.hardware.DcMotorImpl.setPower(DcMotorImpl.java:200)
11-19 18:15:06.499 10410 11357 E LynxMotor: 	at org.firstinspires.ftc.teamcode.TechNova2017.MecanumRobot.drive(MecanumRobot.java:617)
11-19 18:15:06.500 10410 11357 E LynxMotor: 	at org.firstinspires.ftc.teamcode.TechNova2017.DriveHelper.drive(DriveHelper.java:107)
11-19 18:15:06.500 10410 11357 E LynxMotor: 	at org.firstinspires.ftc.teamcode.TechNova2017.RelicRecoveryTeleOpsLinear.gamepadLoop(RelicRecoveryTeleOpsLinear.java:186)
11-19 18:15:06.501 10410 11357 E LynxMotor: 	at org.firstinspires.ftc.teamcode.TechNova2017.RelicRecoveryTeleOpsLinear.runOpMode(RelicRecoveryTeleOpsLinear.java:55)
11-19 18:15:06.501 10410 11357 E LynxMotor: 	at com.qualcomm.robotcore.eventloop.opmode.LinearOpMode$LinearOpModeHelper$1.run(LinearOpMode.java:305)
11-19 18:15:06.501 10410 11357 E LynxMotor: 	at com.qualcomm.robotcore.util.ThreadPool.logThreadLifeCycle(ThreadPool.java:709)
11-19 18:15:06.502 10410 11357 E LynxMotor: 	at com.qualcomm.robotcore.eventloop.opmode.LinearOpMode$LinearOpModeHelper.run(LinearOpMode.java:300)
11-19 18:15:06.502 10410 11357 E LynxMotor: 	at java.util.concurrent.ThreadPoolExecutor.runWorker(ThreadPoolExecutor.java:1113)
11-19 18:15:06.502 10410 11357 E LynxMotor: 	at java.util.concurrent.ThreadPoolExecutor$Worker.run(ThreadPoolExecutor.java:588)
11-19 18:15:06.503 10410 11357 E LynxMotor: 	at com.qualcomm.robotcore.util.ThreadPool$ThreadFactoryImpl$1.run(ThreadPool.java:764)
11-19 18:15:06.503 10410 11357 E LynxMotor: 	at java.lang.Thread.run(Thread.java:818)
11-19 18:15:06.512 10410 10818 V LynxModule: received status: LynxGetModuleStatusResponse(status=0x14 alerts=0x00: FailSafe)
11-19 18:15:06.515 10410 10817 V RobotCore: nack rec'd mod=3 msg#=106 ref#=0 reason=BATTERY_TOO_LOW_TO_RUN_MOTOR:52
11-19 18:15:06.516 10410 11357 E LynxMotor: exception thrown during lynx communication
11-19 18:15:06.517 10410 11357 E LynxMotor: com.qualcomm.hardware.lynx.LynxNackException: (DQ143RN2 #3) LynxSetMotorChannelEnableCommand: nack received: BATTERY_TOO_LOW_TO_RUN_MOTOR:52
11-19 18:15:06.517 10410 11357 E LynxMotor: 	at com.qualcomm.hardware.lynx.commands.LynxRespondable.throwIfNack(LynxRespondable.java:324)
11-19 18:15:06.518 10410 11357 E LynxMotor: 	at com.qualcomm.hardware.lynx.commands.LynxRespondable.send(LynxRespondable.java:239)
11-19 18:15:06.518 10410 11357 E LynxMotor: 	at com.qualcomm.hardware.lynx.LynxDcMotorController.internalSetMotorEnable(LynxDcMotorController.java:212)
11-19 18:15:06.519 10410 11357 E LynxMotor: 	at com.qualcomm.hardware.lynx.LynxDcMotorController.internalSetMotorPower(LynxDcMotorController.java:500)
11-19 18:15:06.519 10410 11357 E LynxMotor: 	at com.qualcomm.hardware.lynx.LynxDcMotorController.internalSetMotorPower(LynxDcMotorController.java:458)
11-19 18:15:06.519 10410 11357 E LynxMotor: 	at com.qualcomm.hardware.lynx.LynxDcMotorController.setMotorPower(LynxDcMotorController.java:405)
11-19 18:15:06.520 10410 11357 E LynxMotor: 	at com.qualcomm.robotcore.hardware.DcMotorImpl.internalSetPower(DcMotorImpl.java:204)
11-19 18:15:06.520 10410 11357 E LynxMotor: 	at com.qualcomm.robotcore.hardware.DcMotorImpl.setPower(DcMotorImpl.java:200)
11-19 18:15:06.521 10410 11357 E LynxMotor: 	at org.firstinspires.ftc.teamcode.TechNova2017.MecanumRobot.drive(MecanumRobot.java:618)
11-19 18:15:06.522 10410 11357 E LynxMotor: 	at org.firstinspires.ftc.teamcode.TechNova2017.DriveHelper.drive(DriveHelper.java:107)
11-19 18:15:06.522 10410 11357 E LynxMotor: 	at org.firstinspires.ftc.teamcode.TechNova2017.RelicRecoveryTeleOpsLinear.gamepadLoop(RelicRecoveryTeleOpsLinear.java:186)
11-19 18:15:06.522 10410 11357 E LynxMotor: 	at org.firstinspires.ftc.teamcode.TechNova2017.RelicRecoveryTeleOpsLinear.runOpMode(RelicRecoveryTeleOpsLinear.java:55)
11-19 18:15:06.523 10410 11357 E LynxMotor: 	at com.qualcomm.robotcore.eventloop.opmode.LinearOpMode$LinearOpModeHelper$1.run(LinearOpMode.java:305)
11-19 18:15:06.523 10410 11357 E LynxMotor: 	at com.qualcomm.robotcore.util.ThreadPool.logThreadLifeCycle(ThreadPool.java:709)
11-19 18:15:06.524 10410 11357 E LynxMotor: 	at com.qualcomm.robotcore.eventloop.opmode.LinearOpMode$LinearOpModeHelper.run(LinearOpMode.java:300)
11-19 18:15:06.524 10410 11357 E LynxMotor: 	at java.util.concurrent.ThreadPoolExecutor.runWorker(ThreadPoolExecutor.java:1113)
11-19 18:15:06.525 10410 11357 E LynxMotor: 	at java.util.concurrent.ThreadPoolExecutor$Worker.run(ThreadPoolExecutor.java:588)
11-19 18:15:06.525 10410 11357 E LynxMotor: 	at com.qualcomm.robotcore.util.ThreadPool$ThreadFactoryImpl$1.run(ThreadPool.java:764)
11-19 18:15:06.525 10410 11357 E LynxMotor: 	at java.lang.Thread.run(Thread.java:818)
11-19 18:15:06.535 10410 10817 V RobotCore: nack rec'd mod=3 msg#=109 ref#=0 reason=BATTERY_TOO_LOW_TO_RUN_MOTOR:52
11-19 18:15:06.536 10410 11357 E LynxMotor: exception thrown during lynx communication
11-19 18:15:06.536 10410 11357 E LynxMotor: com.qualcomm.hardware.lynx.LynxNackException: (DQ143RN2 #3) LynxSetMotorChannelEnableCommand: nack received: BATTERY_TOO_LOW_TO_RUN_MOTOR:52
11-19 18:15:06.538 10410 11357 E LynxMotor: 	at com.qualcomm.hardware.lynx.commands.LynxRespondable.throwIfNack(LynxRespondable.java:324)
11-19 18:15:06.538 10410 11357 E LynxMotor: 	at com.qualcomm.hardware.lynx.commands.LynxRespondable.send(LynxRespondable.java:239)
11-19 18:15:06.538 10410 11357 E LynxMotor: 	at com.qualcomm.hardware.lynx.LynxDcMotorController.internalSetMotorEnable(LynxDcMotorController.java:212)
11-19 18:15:06.539 10410 11357 E LynxMotor: 	at com.qualcomm.hardware.lynx.LynxDcMotorController.internalSetMotorPower(LynxDcMotorController.java:500)
11-19 18:15:06.539 10410 11357 E LynxMotor: 	at com.qualcomm.hardware.lynx.LynxDcMotorController.internalSetMotorPower(LynxDcMotorController.java:458)
11-19 18:15:06.540 10410 11357 E LynxMotor: 	at com.qualcomm.hardware.lynx.LynxDcMotorController.setMotorPower(LynxDcMotorController.java:405)
11-19 18:15:06.540 10410 11357 E LynxMotor: 	at com.qualcomm.robotcore.hardware.DcMotorImpl.internalSetPower(DcMotorImpl.java:204)
11-19 18:15:06.540 10410 11357 E LynxMotor: 	at com.qualcomm.robotcore.hardware.DcMotorImpl.setPower(DcMotorImpl.java:200)
11-19 18:15:06.541 10410 11357 E LynxMotor: 	at org.firstinspires.ftc.teamcode.TechNova2017.MecanumRobot.drive(MecanumRobot.java:619)
11-19 18:15:06.542 10410 10818 V LynxModule: received status: LynxGetModuleStatusResponse(status=0x14 alerts=0x00: FailSafe)
11-19 18:15:06.542 10410 11357 E LynxMotor: 	at org.firstinspires.ftc.teamcode.TechNova2017.DriveHelper.drive(DriveHelper.java:107)
11-19 18:15:06.543 10410 11357 E LynxMotor: 	at org.firstinspires.ftc.teamcode.TechNova2017.RelicRecoveryTeleOpsLinear.gamepadLoop(RelicRecoveryTeleOpsLinear.java:186)
11-19 18:15:06.543 10410 11357 E LynxMotor: 	at org.firstinspires.ftc.teamcode.TechNova2017.RelicRecoveryTeleOpsLinear.runOpMode(RelicRecoveryTeleOpsLinear.java:55)
11-19 18:15:06.544 10410 11357 E LynxMotor: 	at com.qualcomm.robotcore.eventloop.opmode.LinearOpMode$LinearOpModeHelper$1.run(LinearOpMode.java:305)
11-19 18:15:06.544 10410 11357 E LynxMotor: 	at com.qualcomm.robotcore.util.ThreadPool.logThreadLifeCycle(ThreadPool.java:709)
11-19 18:15:06.544 10410 11357 E LynxMotor: 	at com.qualcomm.robotcore.eventloop.opmode.LinearOpMode$LinearOpModeHelper.run(LinearOpMode.java:300)
11-19 18:15:06.545 10410 11357 E LynxMotor: 	at java.util.concurrent.ThreadPoolExecutor.runWorker(ThreadPoolExecutor.java:1113)
11-19 18:15:06.545 10410 11357 E LynxMotor: 	at java.util.concurrent.ThreadPoolExecutor$Worker.run(ThreadPoolExecutor.java:588)
11-19 18:15:06.545 10410 11357 E LynxMotor: 	at com.qualcomm.robotcore.util.ThreadPool$ThreadFactoryImpl$1.run(ThreadPool.java:764)
11-19 18:15:06.546 10410 11357 E LynxMotor: 	at java.lang.Thread.run(Thread.java:818)
11-19 18:15:06.559 10410 10819 V LynxModule: received status: LynxGetModuleStatusResponse(status=0x14 alerts=0x00: FailSafe)
11-19 18:15:06.563 10410 10817 V RobotCore: nack rec'd mod=2 msg#=131 ref#=0 reason=BATTERY_TOO_LOW_TO_RUN_MOTOR:52
11-19 18:15:06.564 10410 11357 E LynxMotor: exception thrown during lynx communication
11-19 18:15:06.565 10410 11357 E LynxMotor: com.qualcomm.hardware.lynx.LynxNackException: (DQ143RN2 #2) LynxSetMotorChannelEnableCommand: nack received: BATTERY_TOO_LOW_TO_RUN_MOTOR:52
11-19 18:15:06.566 10410 11357 E LynxMotor: 	at com.qualcomm.hardware.lynx.commands.LynxRespondable.throwIfNack(LynxRespondable.java:324)
11-19 18:15:06.566 10410 11357 E LynxMotor: 	at com.qualcomm.hardware.lynx.commands.LynxRespondable.send(LynxRespondable.java:239)
11-19 18:15:06.567 10410 11357 E LynxMotor: 	at com.qualcomm.hardware.lynx.LynxDcMotorController.internalSetMotorEnable(LynxDcMotorController.java:212)
11-19 18:15:06.567 10410 11357 E LynxMotor: 	at com.qualcomm.hardware.lynx.LynxDcMotorController.internalSetMotorPower(LynxDcMotorController.java:500)
11-19 18:15:06.567 10410 11357 E LynxMotor: 	at com.qualcomm.hardware.lynx.LynxDcMotorController.internalSetMotorPower(LynxDcMotorController.java:458)
11-19 18:15:06.568 10410 11357 E LynxMotor: 	at com.qualcomm.hardware.lynx.LynxDcMotorController.setMotorPower(LynxDcMotorController.java:405)
11-19 18:15:06.568 10410 11357 E LynxMotor: 	at com.qualcomm.robotcore.hardware.DcMotorImpl.internalSetPower(DcMotorImpl.java:204)
11-19 18:15:06.569 10410 11357 E LynxMotor: 	at com.qualcomm.robotcore.hardware.DcMotorImpl.setPower(DcMotorImpl.java:200)
11-19 18:15:06.569 10410 11357 E LynxMotor: 	at org.firstinspires.ftc.teamcode.TechNova2017.MecanumRobot.turnOffBlueLed(MecanumRobot.java:979)
11-19 18:15:06.569 10410 11357 E LynxMotor: 	at org.firstinspires.ftc.teamcode.TechNova2017.DriveHelper.drive(DriveHelper.java:112)
11-19 18:15:06.570 10410 11357 E LynxMotor: 	at org.firstinspires.ftc.teamcode.TechNova2017.RelicRecoveryTeleOpsLinear.gamepadLoop(RelicRecoveryTeleOpsLinear.java:186)
11-19 18:15:06.570 10410 11357 E LynxMotor: 	at org.firstinspires.ftc.teamcode.TechNova2017.RelicRecoveryTeleOpsLinear.runOpMode(RelicRecoveryTeleOpsLinear.java:55)
11-19 18:15:06.570 10410 11357 E LynxMotor: 	at com.qualcomm.robotcore.eventloop.opmode.LinearOpMode$LinearOpModeHelper$1.run(LinearOpMode.java:305)
11-19 18:15:06.571 10410 11357 E LynxMotor: 	at com.qualcomm.robotcore.util.ThreadPool.logThreadLifeCycle(ThreadPool.java:709)
11-19 18:15:06.571 10410 11357 E LynxMotor: 	at com.qualcomm.robotcore.eventloop.opmode.LinearOpMode$LinearOpModeHelper.run(LinearOpMode.java:300)
11-19 18:15:06.571 10410 11357 E LynxMotor: 	at java.util.concurrent.ThreadPoolExecutor.runWorker(ThreadPoolExecutor.java:1113)
11-19 18:15:06.572 10410 11357 E LynxMotor: 	at java.util.concurrent.ThreadPoolExecutor$Worker.run(ThreadPoolExecutor.java:588)
11-19 18:15:06.572 10410 11357 E LynxMotor: 	at com.qualcomm.robotcore.util.ThreadPool$ThreadFactoryImpl$1.run(ThreadPool.java:764)
11-19 18:15:06.572 10410 11357 E LynxMotor: 	at java.lang.Thread.run(Thread.java:818)
11-19 18:15:06.588 10410 10819 V LynxModule: received status: LynxGetModuleStatusResponse(status=0x14 alerts=0x00: FailSafe)
11-19 18:15:06.592 10410 10817 V RobotCore: nack rec'd mod=2 msg#=135 ref#=0 reason=BATTERY_TOO_LOW_TO_RUN_MOTOR:52
11-19 18:15:06.592 10410 11357 E LynxMotor: exception thrown during lynx communication
11-19 18:15:06.593 10410 11357 E LynxMotor: com.qualcomm.hardware.lynx.LynxNackException: (DQ143RN2 #2) LynxSetMotorChannelEnableCommand: nack received: BATTERY_TOO_LOW_TO_RUN_MOTOR:52
11-19 18:15:06.594 10410 11357 E LynxMotor: 	at com.qualcomm.hardware.lynx.commands.LynxRespondable.throwIfNack(LynxRespondable.java:324)
11-19 18:15:06.594 10410 11357 E LynxMotor: 	at com.qualcomm.hardware.lynx.commands.LynxRespondable.send(LynxRespondable.java:239)
11-19 18:15:06.595 10410 11357 E LynxMotor: 	at com.qualcomm.hardware.lynx.LynxDcMotorController.internalSetMotorEnable(LynxDcMotorController.java:212)
11-19 18:15:06.595 10410 11357 E LynxMotor: 	at com.qualcomm.hardware.lynx.LynxDcMotorController.internalSetMotorPower(LynxDcMotorController.java:500)
11-19 18:15:06.595 10410 11357 E LynxMotor: 	at com.qualcomm.hardware.lynx.LynxDcMotorController.internalSetMotorPower(LynxDcMotorController.java:458)
11-19 18:15:06.596 10410 11357 E LynxMotor: 	at com.qualcomm.hardware.lynx.LynxDcMotorController.setMotorPower(LynxDcMotorController.java:405)
11-19 18:15:06.596 10410 11357 E LynxMotor: 	at com.qualcomm.robotcore.hardware.DcMotorImpl.internalSetPower(DcMotorImpl.java:204)
11-19 18:15:06.596 10410 11357 E LynxMotor: 	at com.qualcomm.robotcore.hardware.DcMotorImpl.setPower(DcMotorImpl.java:200)
11-19 18:15:06.597 10410 11357 E LynxMotor: 	at org.firstinspires.ftc.teamcode.TechNova2017.MecanumRobot.moveGlyphLift(MecanumRobot.java:368)
11-19 18:15:06.598 10410 11357 E LynxMotor: 	at org.firstinspires.ftc.teamcode.TechNova2017.RelicRecoveryTeleOpsLinear.gamepadLoop(RelicRecoveryTeleOpsLinear.java:121)
11-19 18:15:06.598 10410 11357 E LynxMotor: 	at org.firstinspires.ftc.teamcode.TechNova2017.RelicRecoveryTeleOpsLinear.runOpMode(RelicRecoveryTeleOpsLinear.java:55)
11-19 18:15:06.598 10410 11357 E LynxMotor: 	at com.qualcomm.robotcore.eventloop.opmode.LinearOpMode$LinearOpModeHelper$1.run(LinearOpMode.java:305)
11-19 18:15:06.599 10410 11357 E LynxMotor: 	at com.qualcomm.robotcore.util.ThreadPool.logThreadLifeCycle(ThreadPool.java:709)
11-19 18:15:06.599 10410 11357 E LynxMotor: 	at com.qualcomm.robotcore.eventloop.opmode.LinearOpMode$LinearOpModeHelper.run(LinearOpMode.java:300)
11-19 18:15:06.599 10410 11357 E LynxMotor: 	at java.util.concurrent.ThreadPoolExecutor.runWorker(ThreadPoolExecutor.java:1113)
11-19 18:15:06.600 10410 11357 E LynxMotor: 	at java.util.concurrent.ThreadPoolExecutor$Worker.run(ThreadPoolExecutor.java:588)
11-19 18:15:06.600 10410 11357 E LynxMotor: 	at com.qualcomm.robotcore.util.ThreadPool$ThreadFactoryImpl$1.run(ThreadPool.java:764)
11-19 18:15:06.601 10410 11357 E LynxMotor: 	at java.lang.Thread.run(Thread.java:818)
11-19 18:15:06.612 10410 10819 V LynxModule: received status: LynxGetModuleStatusResponse(status=0x14 alerts=0x00: FailSafe)
11-19 18:15:06.617 10410 10817 V RobotCore: nack rec'd mod=2 msg#=139 ref#=0 reason=BATTERY_TOO_LOW_TO_RUN_MOTOR:52
11-19 18:15:06.618 10410 11357 E LynxMotor: exception thrown during lynx communication
11-19 18:15:06.619 10410 11357 E LynxMotor: com.qualcomm.hardware.lynx.LynxNackException: (DQ143RN2 #2) LynxSetMotorChannelEnableCommand: nack received: BATTERY_TOO_LOW_TO_RUN_MOTOR:52
11-19 18:15:06.620 10410 11357 E LynxMotor: 	at com.qualcomm.hardware.lynx.commands.LynxRespondable.throwIfNack(LynxRespondable.java:324)
11-19 18:15:06.621 10410 11357 E LynxMotor: 	at com.qualcomm.hardware.lynx.commands.LynxRespondable.send(LynxRespondable.java:239)
11-19 18:15:06.621 10410 11357 E LynxMotor: 	at com.qualcomm.hardware.lynx.LynxDcMotorController.internalSetMotorEnable(LynxDcMotorController.java:212)
11-19 18:15:06.621 10410 11357 E LynxMotor: 	at com.qualcomm.hardware.lynx.LynxDcMotorController.internalSetMotorPower(LynxDcMotorController.java:500)
11-19 18:15:06.622 10410 11357 E LynxMotor: 	at com.qualcomm.hardware.lynx.LynxDcMotorController.internalSetMotorPower(LynxDcMotorController.java:458)
11-19 18:15:06.622 10410 11357 E LynxMotor: 	at com.qualcomm.hardware.lynx.LynxDcMotorController.setMotorPower(LynxDcMotorController.java:405)
11-19 18:15:06.623 10410 11357 E LynxMotor: 	at com.qualcomm.robotcore.hardware.DcMotorImpl.internalSetPower(DcMotorImpl.java:204)
11-19 18:15:06.623 10410 11357 E LynxMotor: 	at com.qualcomm.robotcore.hardware.DcMotorImpl.setPower(DcMotorImpl.java:200)
11-19 18:15:06.624 10410 11357 E LynxMotor: 	at org.firstinspires.ftc.teamcode.TechNova2017.MecanumRobot.moveRelicSlider(MecanumRobot.java:1004)
11-19 18:15:06.624 10410 11357 E LynxMotor: 	at org.firstinspires.ftc.teamcode.TechNova2017.RelicRecoveryTeleOpsLinear.gamepadLoop(RelicRecoveryTeleOpsLinear.java:129)
11-19 18:15:06.625 10410 11357 E LynxMotor: 	at org.firstinspires.ftc.teamcode.TechNova2017.RelicRecoveryTeleOpsLinear.runOpMode(RelicRecoveryTeleOpsLinear.java:55)
11-19 18:15:06.625 10410 11357 E LynxMotor: 	at com.qualcomm.robotcore.eventloop.opmode.LinearOpMode$LinearOpModeHelper$1.run(LinearOpMode.java:305)
11-19 18:15:06.626 10410 11357 E LynxMotor: 	at com.qualcomm.robotcore.util.ThreadPool.logThreadLifeCycle(ThreadPool.java:709)
11-19 18:15:06.626 10410 11357 E LynxMotor: 	at com.qualcomm.robotcore.eventloop.opmode.LinearOpMode$LinearOpModeHelper.run(LinearOpMode.java:300)
11-19 18:15:06.627 10410 11357 E LynxMotor: 	at java.util.concurrent.ThreadPoolExecutor.runWorker(ThreadPoolExecutor.java:1113)
11-19 18:15:06.628 10410 11357 E LynxMotor: 	at java.util.concurrent.ThreadPoolExecutor$Worker.run(ThreadPoolExecutor.java:588)
11-19 18:15:06.628 10410 11357 E LynxMotor: 	at com.qualcomm.robotcore.util.ThreadPool$ThreadFactoryImpl$1.run(ThreadPool.java:764)
11-19 18:15:06.628 10410 11357 E LynxMotor: 	at java.lang.Thread.run(Thread.java:818)
11-19 18:15:06.640 10410 10817 V RobotCore: nack rec'd mod=2 msg#=142 ref#=0 reason=BATTERY_TOO_LOW_TO_RUN_MOTOR:52
11-19 18:15:06.641 10410 11357 E LynxMotor: exception thrown during lynx communication
11-19 18:15:06.642 10410 11357 E LynxMotor: com.qualcomm.hardware.lynx.LynxNackException: (DQ143RN2 #2) LynxSetMotorChannelEnableCommand: nack received: BATTERY_TOO_LOW_TO_RUN_MOTOR:52
11-19 18:15:06.642 10410 11357 E LynxMotor: 	at com.qualcomm.hardware.lynx.commands.LynxRespondable.throwIfNack(LynxRespondable.java:324)
11-19 18:15:06.643 10410 11357 E LynxMotor: 	at com.qualcomm.hardware.lynx.commands.LynxRespondable.send(LynxRespondable.java:239)
11-19 18:15:06.643 10410 11357 E LynxMotor: 	at com.qualcomm.hardware.lynx.LynxDcMotorController.internalSetMotorEnable(LynxDcMotorController.java:212)
11-19 18:15:06.644 10410 11357 E LynxMotor: 	at com.qualcomm.hardware.lynx.LynxDcMotorController.internalSetMotorPower(LynxDcMotorController.java:500)
11-19 18:15:06.644 10410 11357 E LynxMotor: 	at com.qualcomm.hardware.lynx.LynxDcMotorController.internalSetMotorPower(LynxDcMotorController.java:458)
11-19 18:15:06.644 10410 11357 E LynxMotor: 	at com.qualcomm.hardware.lynx.LynxDcMotorController.setMotorPower(LynxDcMotorController.java:405)
11-19 18:15:06.645 10410 11357 E LynxMotor: 	at com.qualcomm.robotcore.hardware.DcMotorImpl.internalSetPower(DcMotorImpl.java:204)
11-19 18:15:06.645 10410 10819 V LynxModule: received status: LynxGetModuleStatusResponse(status=0x14 alerts=0x00: FailSafe)
11-19 18:15:06.645 10410 11357 E LynxMotor: 	at com.qualcomm.robotcore.hardware.DcMotorImpl.setPower(DcMotorImpl.java:200)
11-19 18:15:06.646 10410 11357 E LynxMotor: 	at org.firstinspires.ftc.teamcode.TechNova2017.MecanumRobot.turnOffBlueLed(MecanumRobot.java:979)
11-19 18:15:06.646 10410 11357 E LynxMotor: 	at org.firstinspires.ftc.teamcode.TechNova2017.RelicRecoveryTeleOpsLinear.gamepadLoop(RelicRecoveryTeleOpsLinear.java:148)
11-19 18:15:06.647 10410 11357 E LynxMotor: 	at org.firstinspires.ftc.teamcode.TechNova2017.RelicRecoveryTeleOpsLinear.runOpMode(RelicRecoveryTeleOpsLinear.java:55)
11-19 18:15:06.647 10410 11357 E LynxMotor: 	at com.qualcomm.robotcore.eventloop.opmode.LinearOpMode$LinearOpModeHelper$1.run(LinearOpMode.java:305)
11-19 18:15:06.648 10410 11357 E LynxMotor: 	at com.qualcomm.robotcore.util.ThreadPool.logThreadLifeCycle(ThreadPool.java:709)
11-19 18:15:06.648 10410 11357 E LynxMotor: 	at com.qualcomm.robotcore.eventloop.opmode.LinearOpMode$LinearOpModeHelper.run(LinearOpMode.java:300)
11-19 18:15:06.649 10410 11357 E LynxMotor: 	at java.util.concurrent.ThreadPoolExecutor.runWorker(ThreadPoolExecutor.java:1113)
11-19 18:15:06.649 10410 11357 E LynxMotor: 	at java.util.concurrent.ThreadPoolExecutor$Worker.run(ThreadPoolExecutor.java:588)
11-19 18:15:06.649 10410 11357 E LynxMotor: 	at com.qualcomm.robotcore.util.ThreadPool$ThreadFactoryImpl$1.run(ThreadPool.java:764)
11-19 18:15:06.650 10410 11357 E LynxMotor: 	at java.lang.Thread.run(Thread.java:818)
11-19 18:15:06.675 10410 10818 V LynxModule: received status: LynxGetModuleStatusResponse(status=0x14 alerts=0x00: FailSafe)
11-19 18:15:06.678 10410 10817 V RobotCore: nack rec'd mod=3 msg#=119 ref#=0 reason=BATTERY_TOO_LOW_TO_RUN_MOTOR:52
11-19 18:15:06.679 10410 11357 E LynxMotor: exception thrown during lynx communication
11-19 18:15:06.679 10410 11357 E LynxMotor: com.qualcomm.hardware.lynx.LynxNackException: (DQ143RN2 #3) LynxSetMotorChannelEnableCommand: nack received: BATTERY_TOO_LOW_TO_RUN_MOTOR:52
11-19 18:15:06.680 10410 11357 E LynxMotor: 	at com.qualcomm.hardware.lynx.commands.LynxRespondable.throwIfNack(LynxRespondable.java:324)
11-19 18:15:06.680 10410 11357 E LynxMotor: 	at com.qualcomm.hardware.lynx.commands.LynxRespondable.send(LynxRespondable.java:239)
11-19 18:15:06.681 10410 11357 E LynxMotor: 	at com.qualcomm.hardware.lynx.LynxDcMotorController.internalSetMotorEnable(LynxDcMotorController.java:212)
11-19 18:15:06.682 10410 11357 E LynxMotor: 	at com.qualcomm.hardware.lynx.LynxDcMotorController.internalSetMotorPower(LynxDcMotorController.java:500)
11-19 18:15:06.682 10410 11357 E LynxMotor: 	at com.qualcomm.hardware.lynx.LynxDcMotorController.internalSetMotorPower(LynxDcMotorController.java:458)
11-19 18:15:06.683 10410 11357 E LynxMotor: 	at com.qualcomm.hardware.lynx.LynxDcMotorController.setMotorPower(LynxDcMotorController.java:405)
11-19 18:15:06.683 10410 11357 E LynxMotor: 	at com.qualcomm.robotcore.hardware.DcMotorImpl.internalSetPower(DcMotorImpl.java:204)
11-19 18:15:06.684 10410 11357 E LynxMotor: 	at com.qualcomm.robotcore.hardware.DcMotorImpl.setPower(DcMotorImpl.java:200)
11-19 18:15:06.684 10410 11357 E LynxMotor: 	at org.firstinspires.ftc.teamcode.TechNova2017.MecanumRobot.drive(MecanumRobot.java:616)
11-19 18:15:06.685 10410 11357 E LynxMotor: 	at org.firstinspires.ftc.teamcode.TechNova2017.DriveHelper.drive(DriveHelper.java:107)
11-19 18:15:06.685 10410 11357 E LynxMotor: 	at org.firstinspires.ftc.teamcode.TechNova2017.RelicRecoveryTeleOpsLinear.gamepadLoop(RelicRecoveryTeleOpsLinear.java:186)
11-19 18:15:06.686 10410 11357 E LynxMotor: 	at org.firstinspires.ftc.teamcode.TechNova2017.RelicRecoveryTeleOpsLinear.runOpMode(RelicRecoveryTeleOpsLinear.java:55)
11-19 18:15:06.687 10410 11357 E LynxMotor: 	at com.qualcomm.robotcore.eventloop.opmode.LinearOpMode$LinearOpModeHelper$1.run(LinearOpMode.java:305)
11-19 18:15:06.687 10410 11357 E LynxMotor: 	at com.qualcomm.robotcore.util.ThreadPool.logThreadLifeCycle(ThreadPool.java:709)
11-19 18:15:06.688 10410 11357 E LynxMotor: 	at com.qualcomm.robotcore.eventloop.opmode.LinearOpMode$LinearOpModeHelper.run(LinearOpMode.java:300)
11-19 18:15:06.688 10410 11357 E LynxMotor: 	at java.util.concurrent.ThreadPoolExecutor.runWorker(ThreadPoolExecutor.java:1113)
11-19 18:15:06.688 10410 11357 E LynxMotor: 	at java.util.concurrent.ThreadPoolExecutor$Worker.run(ThreadPoolExecutor.java:588)
11-19 18:15:06.689 10410 11357 E LynxMotor: 	at com.qualcomm.robotcore.util.ThreadPool$ThreadFactoryImpl$1.run(ThreadPool.java:764)
11-19 18:15:06.689 10410 11357 E LynxMotor: 	at java.lang.Thread.run(Thread.java:818)
11-19 18:15:06.698 10410 10818 V LynxModule: received status: LynxGetModuleStatusResponse(status=0x14 alerts=0x00: FailSafe)
11-19 18:15:06.701 10410 10817 V RobotCore: nack rec'd mod=3 msg#=123 ref#=0 reason=BATTERY_TOO_LOW_TO_RUN_MOTOR:52
11-19 18:15:06.701 10410 11357 E LynxMotor: exception thrown during lynx communication
11-19 18:15:06.702 10410 11357 E LynxMotor: com.qualcomm.hardware.lynx.LynxNackException: (DQ143RN2 #3) LynxSetMotorChannelEnableCommand: nack received: BATTERY_TOO_LOW_TO_RUN_MOTOR:52
11-19 18:15:06.703 10410 11357 E LynxMotor: 	at com.qualcomm.hardware.lynx.commands.LynxRespondable.throwIfNack(LynxRespondable.java:324)
11-19 18:15:06.703 10410 11357 E LynxMotor: 	at com.qualcomm.hardware.lynx.commands.LynxRespondable.send(LynxRespondable.java:239)
11-19 18:15:06.703 10410 11357 E LynxMotor: 	at com.qualcomm.hardware.lynx.LynxDcMotorController.internalSetMotorEnable(LynxDcMotorController.java:212)
11-19 18:15:06.704 10410 11357 E LynxMotor: 	at com.qualcomm.hardware.lynx.LynxDcMotorController.internalSetMotorPower(LynxDcMotorController.java:500)
11-19 18:15:06.704 10410 11357 E LynxMotor: 	at com.qualcomm.hardware.lynx.LynxDcMotorController.internalSetMotorPower(LynxDcMotorController.java:458)
