11-19 18:15:05.133 10410 11357 E LynxMotor: 	at org.firstinspires.ftc.teamcode.TechNova2017.RelicRecoveryTeleOpsLinear.gamepadLoop(RelicRecoveryTeleOpsLinear.java:186)
11-19 18:15:05.133 10410 11357 E LynxMotor: 	at org.firstinspires.ftc.teamcode.TechNova2017.RelicRecoveryTeleOpsLinear.runOpMode(RelicRecoveryTeleOpsLinear.java:55)
11-19 18:15:05.134 10410 11357 E LynxMotor: 	at com.qualcomm.robotcore.eventloop.opmode.LinearOpMode$LinearOpModeHelper$1.run(LinearOpMode.java:305)
11-19 18:15:05.134 10410 11357 E LynxMotor: 	at com.qualcomm.robotcore.util.ThreadPool.logThreadLifeCycle(ThreadPool.java:709)
11-19 18:15:05.135 10410 11357 E LynxMotor: 	at com.qualcomm.robotcore.eventloop.opmode.LinearOpMode$LinearOpModeHelper.run(LinearOpMode.java:300)
11-19 18:15:05.135 10410 11357 E LynxMotor: 	at java.util.concurrent.ThreadPoolExecutor.runWorker(ThreadPoolExecutor.java:1113)
11-19 18:15:05.135 10410 11357 E LynxMotor: 	at java.util.concurrent.ThreadPoolExecutor$Worker.run(ThreadPoolExecutor.java:588)
11-19 18:15:05.137 10410 11357 E LynxMotor: 	at com.qualcomm.robotcore.util.ThreadPool$ThreadFactoryImpl$1.run(ThreadPool.java:764)
11-19 18:15:05.137 10410 11357 E LynxMotor: 	at java.lang.Thread.run(Thread.java:818)
11-19 18:15:05.146 10410 10817 V RobotCore: nack rec'd mod=3 msg#=208 ref#=0 reason=BATTERY_TOO_LOW_TO_RUN_MOTOR:52
11-19 18:15:05.147 10410 11357 E LynxMotor: exception thrown during lynx communication
11-19 18:15:05.147 10410 11357 E LynxMotor: com.qualcomm.hardware.lynx.LynxNackException: (DQ143RN2 #3) LynxSetMotorChannelEnableCommand: nack received: BATTERY_TOO_LOW_TO_RUN_MOTOR:52
11-19 18:15:05.148 10410 11357 E LynxMotor: 	at com.qualcomm.hardware.lynx.commands.LynxRespondable.throwIfNack(LynxRespondable.java:324)
11-19 18:15:05.148 10410 11357 E LynxMotor: 	at com.qualcomm.hardware.lynx.commands.LynxRespondable.send(LynxRespondable.java:239)
11-19 18:15:05.149 10410 11357 E LynxMotor: 	at com.qualcomm.hardware.lynx.LynxDcMotorController.internalSetMotorEnable(LynxDcMotorController.java:212)
11-19 18:15:05.149 10410 11357 E LynxMotor: 	at com.qualcomm.hardware.lynx.LynxDcMotorController.internalSetMotorPower(LynxDcMotorController.java:500)
11-19 18:15:05.149 10410 11357 E LynxMotor: 	at com.qualcomm.hardware.lynx.LynxDcMotorController.internalSetMotorPower(LynxDcMotorController.java:458)
11-19 18:15:05.150 10410 11357 E LynxMotor: 	at com.qualcomm.hardware.lynx.LynxDcMotorController.setMotorPower(LynxDcMotorController.java:405)
11-19 18:15:05.150 10410 10818 V LynxModule: received status: LynxGetModuleStatusResponse(status=0x14 alerts=0x00: FailSafe)
11-19 18:15:05.150 10410 11357 E LynxMotor: 	at com.qualcomm.robotcore.hardware.DcMotorImpl.internalSetPower(DcMotorImpl.java:204)
11-19 18:15:05.150 10410 11357 E LynxMotor: 	at com.qualcomm.robotcore.hardware.DcMotorImpl.setPower(DcMotorImpl.java:200)
11-19 18:15:05.151 10410 11357 E LynxMotor: 	at org.firstinspires.ftc.teamcode.TechNova2017.MecanumRobot.drive(MecanumRobot.java:617)
11-19 18:15:05.151 10410 11357 E LynxMotor: 	at org.firstinspires.ftc.teamcode.TechNova2017.DriveHelper.drive(DriveHelper.java:107)
11-19 18:15:05.152 10410 11357 E LynxMotor: 	at org.firstinspires.ftc.teamcode.TechNova2017.RelicRecoveryTeleOpsLinear.gamepadLoop(RelicRecoveryTeleOpsLinear.java:186)
11-19 18:15:05.152 10410 11357 E LynxMotor: 	at org.firstinspires.ftc.teamcode.TechNova2017.RelicRecoveryTeleOpsLinear.runOpMode(RelicRecoveryTeleOpsLinear.java:55)
11-19 18:15:05.152 10410 11357 E LynxMotor: 	at com.qualcomm.robotcore.eventloop.opmode.LinearOpMode$LinearOpModeHelper$1.run(LinearOpMode.java:305)
11-19 18:15:05.153 10410 11357 E LynxMotor: 	at com.qualcomm.robotcore.util.ThreadPool.logThreadLifeCycle(ThreadPool.java:709)
11-19 18:15:05.153 10410 11357 E LynxMotor: 	at com.qualcomm.robotcore.eventloop.opmode.LinearOpMode$LinearOpModeHelper.run(LinearOpMode.java:300)
11-19 18:15:05.153 10410 11357 E LynxMotor: 	at java.util.concurrent.ThreadPoolExecutor.runWorker(ThreadPoolExecutor.java:1113)
11-19 18:15:05.153 10410 11357 E LynxMotor: 	at java.util.concurrent.ThreadPoolExecutor$Worker.run(ThreadPoolExecutor.java:588)
11-19 18:15:05.154 10410 11357 E LynxMotor: 	at com.qualcomm.robotcore.util.ThreadPool$ThreadFactoryImpl$1.run(ThreadPool.java:764)
11-19 18:15:05.154 10410 11357 E LynxMotor: 	at java.lang.Thread.run(Thread.java:818)
11-19 18:15:05.163 10410 10817 V RobotCore: nack rec'd mod=3 msg#=212 ref#=0 reason=BATTERY_TOO_LOW_TO_RUN_MOTOR:52
11-19 18:15:05.164 10410 11357 E LynxMotor: exception thrown during lynx communication
11-19 18:15:05.164 10410 11357 E LynxMotor: com.qualcomm.hardware.lynx.LynxNackException: (DQ143RN2 #3) LynxSetMotorChannelEnableCommand: nack received: BATTERY_TOO_LOW_TO_RUN_MOTOR:52
11-19 18:15:05.165 10410 11357 E LynxMotor: 	at com.qualcomm.hardware.lynx.commands.LynxRespondable.throwIfNack(LynxRespondable.java:324)
11-19 18:15:05.166 10410 11357 E LynxMotor: 	at com.qualcomm.hardware.lynx.commands.LynxRespondable.send(LynxRespondable.java:239)
11-19 18:15:05.166 10410 11357 E LynxMotor: 	at com.qualcomm.hardware.lynx.LynxDcMotorController.internalSetMotorEnable(LynxDcMotorController.java:212)
11-19 18:15:05.166 10410 11357 E LynxMotor: 	at com.qualcomm.hardware.lynx.LynxDcMotorController.internalSetMotorPower(LynxDcMotorController.java:500)
11-19 18:15:05.167 10410 11357 E LynxMotor: 	at com.qualcomm.hardware.lynx.LynxDcMotorController.internalSetMotorPower(LynxDcMotorController.java:458)
11-19 18:15:05.167 10410 11357 E LynxMotor: 	at com.qualcomm.hardware.lynx.LynxDcMotorController.setMotorPower(LynxDcMotorController.java:405)
11-19 18:15:05.167 10410 10818 V LynxModule: received status: LynxGetModuleStatusResponse(status=0x14 alerts=0x00: FailSafe)
11-19 18:15:05.167 10410 11357 E LynxMotor: 	at com.qualcomm.robotcore.hardware.DcMotorImpl.internalSetPower(DcMotorImpl.java:204)
11-19 18:15:05.168 10410 11357 E LynxMotor: 	at com.qualcomm.robotcore.hardware.DcMotorImpl.setPower(DcMotorImpl.java:200)
11-19 18:15:05.168 10410 11357 E LynxMotor: 	at org.firstinspires.ftc.teamcode.TechNova2017.MecanumRobot.drive(MecanumRobot.java:618)
11-19 18:15:05.168 10410 11357 E LynxMotor: 	at org.firstinspires.ftc.teamcode.TechNova2017.DriveHelper.drive(DriveHelper.java:107)
11-19 18:15:05.169 10410 11357 E LynxMotor: 	at org.firstinspires.ftc.teamcode.TechNova2017.RelicRecoveryTeleOpsLinear.gamepadLoop(RelicRecoveryTeleOpsLinear.java:186)
11-19 18:15:05.169 10410 11357 E LynxMotor: 	at org.firstinspires.ftc.teamcode.TechNova2017.RelicRecoveryTeleOpsLinear.runOpMode(RelicRecoveryTeleOpsLinear.java:55)
11-19 18:15:05.169 10410 11357 E LynxMotor: 	at com.qualcomm.robotcore.eventloop.opmode.LinearOpMode$LinearOpModeHelper$1.run(LinearOpMode.java:305)
11-19 18:15:05.170 10410 11357 E LynxMotor: 	at com.qualcomm.robotcore.util.ThreadPool.logThreadLifeCycle(ThreadPool.java:709)
11-19 18:15:05.170 10410 11357 E LynxMotor: 	at com.qualcomm.robotcore.eventloop.opmode.LinearOpMode$LinearOpModeHelper.run(LinearOpMode.java:300)
11-19 18:15:05.170 10410 11357 E LynxMotor: 	at java.util.concurrent.ThreadPoolExecutor.runWorker(ThreadPoolExecutor.java:1113)
11-19 18:15:05.171 10410 11357 E LynxMotor: 	at java.util.concurrent.ThreadPoolExecutor$Worker.run(ThreadPoolExecutor.java:588)
11-19 18:15:05.171 10410 11357 E LynxMotor: 	at com.qualcomm.robotcore.util.ThreadPool$ThreadFactoryImpl$1.run(ThreadPool.java:764)
11-19 18:15:05.171 10410 11357 E LynxMotor: 	at java.lang.Thread.run(Thread.java:818)
11-19 18:15:05.180 10410 10817 V RobotCore: nack rec'd mod=3 msg#=216 ref#=0 reason=BATTERY_TOO_LOW_TO_RUN_MOTOR:52
11-19 18:15:05.181 10410 11357 E LynxMotor: exception thrown during lynx communication
11-19 18:15:05.182 10410 11357 E LynxMotor: com.qualcomm.hardware.lynx.LynxNackException: (DQ143RN2 #3) LynxSetMotorChannelEnableCommand: nack received: BATTERY_TOO_LOW_TO_RUN_MOTOR:52
11-19 18:15:05.182 10410 11357 E LynxMotor: 	at com.qualcomm.hardware.lynx.commands.LynxRespondable.throwIfNack(LynxRespondable.java:324)
11-19 18:15:05.183 10410 11357 E LynxMotor: 	at com.qualcomm.hardware.lynx.commands.LynxRespondable.send(LynxRespondable.java:239)
11-19 18:15:05.183 10410 11357 E LynxMotor: 	at com.qualcomm.hardware.lynx.LynxDcMotorController.internalSetMotorEnable(LynxDcMotorController.java:212)
11-19 18:15:05.183 10410 11357 E LynxMotor: 	at com.qualcomm.hardware.lynx.LynxDcMotorController.internalSetMotorPower(LynxDcMotorController.java:500)
11-19 18:15:05.184 10410 11357 E LynxMotor: 	at com.qualcomm.hardware.lynx.LynxDcMotorController.internalSetMotorPower(LynxDcMotorController.java:458)
11-19 18:15:05.184 10410 11357 E LynxMotor: 	at com.qualcomm.hardware.lynx.LynxDcMotorController.setMotorPower(LynxDcMotorController.java:405)
11-19 18:15:05.185 10410 11357 E LynxMotor: 	at com.qualcomm.robotcore.hardware.DcMotorImpl.internalSetPower(DcMotorImpl.java:204)
11-19 18:15:05.185 10410 11357 E LynxMotor: 	at com.qualcomm.robotcore.hardware.DcMotorImpl.setPower(DcMotorImpl.java:200)
11-19 18:15:05.185 10410 11357 E LynxMotor: 	at org.firstinspires.ftc.teamcode.TechNova2017.MecanumRobot.drive(MecanumRobot.java:619)
11-19 18:15:05.186 10410 11357 E LynxMotor: 	at org.firstinspires.ftc.teamcode.TechNova2017.DriveHelper.drive(DriveHelper.java:107)
11-19 18:15:05.186 10410 11357 E LynxMotor: 	at org.firstinspires.ftc.teamcode.TechNova2017.RelicRecoveryTeleOpsLinear.gamepadLoop(RelicRecoveryTeleOpsLinear.java:186)
11-19 18:15:05.186 10410 11357 E LynxMotor: 	at org.firstinspires.ftc.teamcode.TechNova2017.RelicRecoveryTeleOpsLinear.runOpMode(RelicRecoveryTeleOpsLinear.java:55)
11-19 18:15:05.187 10410 11357 E LynxMotor: 	at com.qualcomm.robotcore.eventloop.opmode.LinearOpMode$LinearOpModeHelper$1.run(LinearOpMode.java:305)
11-19 18:15:05.187 10410 11357 E LynxMotor: 	at com.qualcomm.robotcore.util.ThreadPool.logThreadLifeCycle(ThreadPool.java:709)
11-19 18:15:05.187 10410 10818 V LynxModule: received status: LynxGetModuleStatusResponse(status=0x14 alerts=0x00: FailSafe)
11-19 18:15:05.188 10410 11357 E LynxMotor: 	at com.qualcomm.robotcore.eventloop.opmode.LinearOpMode$LinearOpModeHelper.run(LinearOpMode.java:300)
11-19 18:15:05.188 10410 11357 E LynxMotor: 	at java.util.concurrent.ThreadPoolExecutor.runWorker(ThreadPoolExecutor.java:1113)
11-19 18:15:05.188 10410 11357 E LynxMotor: 	at java.util.concurrent.ThreadPoolExecutor$Worker.run(ThreadPoolExecutor.java:588)
11-19 18:15:05.189 10410 11357 E LynxMotor: 	at com.qualcomm.robotcore.util.ThreadPool$ThreadFactoryImpl$1.run(ThreadPool.java:764)
11-19 18:15:05.189 10410 11357 E LynxMotor: 	at java.lang.Thread.run(Thread.java:818)
11-19 18:15:05.200 10410 10817 V RobotCore: nack rec'd mod=2 msg#=10 ref#=0 reason=BATTERY_TOO_LOW_TO_RUN_MOTOR:52
11-19 18:15:05.201 10410 11357 E LynxMotor: exception thrown during lynx communication
11-19 18:15:05.202 10410 11357 E LynxMotor: com.qualcomm.hardware.lynx.LynxNackException: (DQ143RN2 #2) LynxSetMotorChannelEnableCommand: nack received: BATTERY_TOO_LOW_TO_RUN_MOTOR:52
11-19 18:15:05.203 10410 11357 E LynxMotor: 	at com.qualcomm.hardware.lynx.commands.LynxRespondable.throwIfNack(LynxRespondable.java:324)
11-19 18:15:05.203 10410 11357 E LynxMotor: 	at com.qualcomm.hardware.lynx.commands.LynxRespondable.send(LynxRespondable.java:239)
11-19 18:15:05.203 10410 11357 E LynxMotor: 	at com.qualcomm.hardware.lynx.LynxDcMotorController.internalSetMotorEnable(LynxDcMotorController.java:212)
11-19 18:15:05.204 10410 11357 E LynxMotor: 	at com.qualcomm.hardware.lynx.LynxDcMotorController.internalSetMotorPower(LynxDcMotorController.java:500)
11-19 18:15:05.204 10410 11357 E LynxMotor: 	at com.qualcomm.hardware.lynx.LynxDcMotorController.internalSetMotorPower(LynxDcMotorController.java:458)
11-19 18:15:05.204 10410 10819 V LynxModule: received status: LynxGetModuleStatusResponse(status=0x14 alerts=0x00: FailSafe)
11-19 18:15:05.205 10410 11357 E LynxMotor: 	at com.qualcomm.hardware.lynx.LynxDcMotorController.setMotorPower(LynxDcMotorController.java:405)
11-19 18:15:05.205 10410 11357 E LynxMotor: 	at com.qualcomm.robotcore.hardware.DcMotorImpl.internalSetPower(DcMotorImpl.java:204)
11-19 18:15:05.205 10410 11357 E LynxMotor: 	at com.qualcomm.robotcore.hardware.DcMotorImpl.setPower(DcMotorImpl.java:200)
11-19 18:15:05.206 10410 11357 E LynxMotor: 	at org.firstinspires.ftc.teamcode.TechNova2017.MecanumRobot.turnOffBlueLed(MecanumRobot.java:979)
11-19 18:15:05.206 10410 11357 E LynxMotor: 	at org.firstinspires.ftc.teamcode.TechNova2017.DriveHelper.drive(DriveHelper.java:112)
11-19 18:15:05.207 10410 11357 E LynxMotor: 	at org.firstinspires.ftc.teamcode.TechNova2017.RelicRecoveryTeleOpsLinear.gamepadLoop(RelicRecoveryTeleOpsLinear.java:186)
11-19 18:15:05.207 10410 11357 E LynxMotor: 	at org.firstinspires.ftc.teamcode.TechNova2017.RelicRecoveryTeleOpsLinear.runOpMode(RelicRecoveryTeleOpsLinear.java:55)
11-19 18:15:05.208 10410 11357 E LynxMotor: 	at com.qualcomm.robotcore.eventloop.opmode.LinearOpMode$LinearOpModeHelper$1.run(LinearOpMode.java:305)
11-19 18:15:05.208 10410 11357 E LynxMotor: 	at com.qualcomm.robotcore.util.ThreadPool.logThreadLifeCycle(ThreadPool.java:709)
11-19 18:15:05.209 10410 11357 E LynxMotor: 	at com.qualcomm.robotcore.eventloop.opmode.LinearOpMode$LinearOpModeHelper.run(LinearOpMode.java:300)
11-19 18:15:05.209 10410 11357 E LynxMotor: 	at java.util.concurrent.ThreadPoolExecutor.runWorker(ThreadPoolExecutor.java:1113)
11-19 18:15:05.209 10410 11357 E LynxMotor: 	at java.util.concurrent.ThreadPoolExecutor$Worker.run(ThreadPoolExecutor.java:588)
11-19 18:15:05.210 10410 11357 E LynxMotor: 	at com.qualcomm.robotcore.util.ThreadPool$ThreadFactoryImpl$1.run(ThreadPool.java:764)
11-19 18:15:05.210 10410 11357 E LynxMotor: 	at java.lang.Thread.run(Thread.java:818)
11-19 18:15:05.226 10410 10819 V LynxModule: received status: LynxGetModuleStatusResponse(status=0x14 alerts=0x00: FailSafe)
11-19 18:15:05.230 10410 10817 V RobotCore: nack rec'd mod=2 msg#=15 ref#=0 reason=BATTERY_TOO_LOW_TO_RUN_MOTOR:52
11-19 18:15:05.231 10410 11357 E LynxMotor: exception thrown during lynx communication
11-19 18:15:05.232 10410 11357 E LynxMotor: com.qualcomm.hardware.lynx.LynxNackException: (DQ143RN2 #2) LynxSetMotorChannelEnableCommand: nack received: BATTERY_TOO_LOW_TO_RUN_MOTOR:52
11-19 18:15:05.232 10410 11357 E LynxMotor: 	at com.qualcomm.hardware.lynx.commands.LynxRespondable.throwIfNack(LynxRespondable.java:324)
11-19 18:15:05.233 10410 11357 E LynxMotor: 	at com.qualcomm.hardware.lynx.commands.LynxRespondable.send(LynxRespondable.java:239)
11-19 18:15:05.233 10410 11357 E LynxMotor: 	at com.qualcomm.hardware.lynx.LynxDcMotorController.internalSetMotorEnable(LynxDcMotorController.java:212)
11-19 18:15:05.233 10410 11357 E LynxMotor: 	at com.qualcomm.hardware.lynx.LynxDcMotorController.internalSetMotorPower(LynxDcMotorController.java:500)
11-19 18:15:05.234 10410 11357 E LynxMotor: 	at com.qualcomm.hardware.lynx.LynxDcMotorController.internalSetMotorPower(LynxDcMotorController.java:458)
11-19 18:15:05.234 10410 11357 E LynxMotor: 	at com.qualcomm.hardware.lynx.LynxDcMotorController.setMotorPower(LynxDcMotorController.java:405)
11-19 18:15:05.234 10410 11357 E LynxMotor: 	at com.qualcomm.robotcore.hardware.DcMotorImpl.internalSetPower(DcMotorImpl.java:204)
11-19 18:15:05.235 10410 11357 E LynxMotor: 	at com.qualcomm.robotcore.hardware.DcMotorImpl.setPower(DcMotorImpl.java:200)
11-19 18:15:05.235 10410 11357 E LynxMotor: 	at org.firstinspires.ftc.teamcode.TechNova2017.MecanumRobot.moveGlyphLift(MecanumRobot.java:368)
11-19 18:15:05.236 10410 11357 E LynxMotor: 	at org.firstinspires.ftc.teamcode.TechNova2017.RelicRecoveryTeleOpsLinear.gamepadLoop(RelicRecoveryTeleOpsLinear.java:121)
11-19 18:15:05.236 10410 11357 E LynxMotor: 	at org.firstinspires.ftc.teamcode.TechNova2017.RelicRecoveryTeleOpsLinear.runOpMode(RelicRecoveryTeleOpsLinear.java:55)
11-19 18:15:05.236 10410 11357 E LynxMotor: 	at com.qualcomm.robotcore.eventloop.opmode.LinearOpMode$LinearOpModeHelper$1.run(LinearOpMode.java:305)
11-19 18:15:05.237 10410 11357 E LynxMotor: 	at com.qualcomm.robotcore.util.ThreadPool.logThreadLifeCycle(ThreadPool.java:709)
11-19 18:15:05.237 10410 11357 E LynxMotor: 	at com.qualcomm.robotcore.eventloop.opmode.LinearOpMode$LinearOpModeHelper.run(LinearOpMode.java:300)
11-19 18:15:05.238 10410 11357 E LynxMotor: 	at java.util.concurrent.ThreadPoolExecutor.runWorker(ThreadPoolExecutor.java:1113)
11-19 18:15:05.238 10410 11357 E LynxMotor: 	at java.util.concurrent.ThreadPoolExecutor$Worker.run(ThreadPoolExecutor.java:588)
11-19 18:15:05.238 10410 11357 E LynxMotor: 	at com.qualcomm.robotcore.util.ThreadPool$ThreadFactoryImpl$1.run(ThreadPool.java:764)
11-19 18:15:05.239 10410 11357 E LynxMotor: 	at java.lang.Thread.run(Thread.java:818)
11-19 18:15:05.251 10410 10819 V LynxModule: received status: LynxGetModuleStatusResponse(status=0x14 alerts=0x00: FailSafe)
11-19 18:15:05.255 10410 10817 V RobotCore: nack rec'd mod=2 msg#=19 ref#=0 reason=BATTERY_TOO_LOW_TO_RUN_MOTOR:52
11-19 18:15:05.256 10410 11357 E LynxMotor: exception thrown during lynx communication
11-19 18:15:05.256 10410 11357 E LynxMotor: com.qualcomm.hardware.lynx.LynxNackException: (DQ143RN2 #2) LynxSetMotorChannelEnableCommand: nack received: BATTERY_TOO_LOW_TO_RUN_MOTOR:52
11-19 18:15:05.257 10410 11357 E LynxMotor: 	at com.qualcomm.hardware.lynx.commands.LynxRespondable.throwIfNack(LynxRespondable.java:324)
11-19 18:15:05.257 10410 11357 E LynxMotor: 	at com.qualcomm.hardware.lynx.commands.LynxRespondable.send(LynxRespondable.java:239)
11-19 18:15:05.258 10410 11357 E LynxMotor: 	at com.qualcomm.hardware.lynx.LynxDcMotorController.internalSetMotorEnable(LynxDcMotorController.java:212)
11-19 18:15:05.258 10410 11357 E LynxMotor: 	at com.qualcomm.hardware.lynx.LynxDcMotorController.internalSetMotorPower(LynxDcMotorController.java:500)
11-19 18:15:05.259 10410 11357 E LynxMotor: 	at com.qualcomm.hardware.lynx.LynxDcMotorController.internalSetMotorPower(LynxDcMotorController.java:458)
11-19 18:15:05.259 10410 11357 E LynxMotor: 	at com.qualcomm.hardware.lynx.LynxDcMotorController.setMotorPower(LynxDcMotorController.java:405)
11-19 18:15:05.260 10410 11357 E LynxMotor: 	at com.qualcomm.robotcore.hardware.DcMotorImpl.internalSetPower(DcMotorImpl.java:204)
11-19 18:15:05.260 10410 11357 E LynxMotor: 	at com.qualcomm.robotcore.hardware.DcMotorImpl.setPower(DcMotorImpl.java:200)
11-19 18:15:05.261 10410 11357 E LynxMotor: 	at org.firstinspires.ftc.teamcode.TechNova2017.MecanumRobot.moveRelicSlider(MecanumRobot.java:1004)
11-19 18:15:05.262 10410 11357 E LynxMotor: 	at org.firstinspires.ftc.teamcode.TechNova2017.RelicRecoveryTeleOpsLinear.gamepadLoop(RelicRecoveryTeleOpsLinear.java:129)
11-19 18:15:05.262 10410 11357 E LynxMotor: 	at org.firstinspires.ftc.teamcode.TechNova2017.RelicRecoveryTeleOpsLinear.runOpMode(RelicRecoveryTeleOpsLinear.java:55)
11-19 18:15:05.263 10410 11357 E LynxMotor: 	at com.qualcomm.robotcore.eventloop.opmode.LinearOpMode$LinearOpModeHelper$1.run(LinearOpMode.java:305)
11-19 18:15:05.263 10410 11357 E LynxMotor: 	at com.qualcomm.robotcore.util.ThreadPool.logThreadLifeCycle(ThreadPool.java:709)
11-19 18:15:05.263 10410 11357 E LynxMotor: 	at com.qualcomm.robotcore.eventloop.opmode.LinearOpMode$LinearOpModeHelper.run(LinearOpMode.java:300)
11-19 18:15:05.264 10410 11357 E LynxMotor: 	at java.util.concurrent.ThreadPoolExecutor.runWorker(ThreadPoolExecutor.java:1113)
11-19 18:15:05.264 10410 11357 E LynxMotor: 	at java.util.concurrent.ThreadPoolExecutor$Worker.run(ThreadPoolExecutor.java:588)
11-19 18:15:05.265 10410 11357 E LynxMotor: 	at com.qualcomm.robotcore.util.ThreadPool$ThreadFactoryImpl$1.run(ThreadPool.java:764)
11-19 18:15:05.265 10410 11357 E LynxMotor: 	at java.lang.Thread.run(Thread.java:818)
11-19 18:15:05.281 10410 10817 V RobotCore: nack rec'd mod=2 msg#=22 ref#=0 reason=BATTERY_TOO_LOW_TO_RUN_MOTOR:52
11-19 18:15:05.282 10410 11357 E LynxMotor: exception thrown during lynx communication
11-19 18:15:05.283 10410 11357 E LynxMotor: com.qualcomm.hardware.lynx.LynxNackException: (DQ143RN2 #2) LynxSetMotorChannelEnableCommand: nack received: BATTERY_TOO_LOW_TO_RUN_MOTOR:52
11-19 18:15:05.284 10410 11357 E LynxMotor: 	at com.qualcomm.hardware.lynx.commands.LynxRespondable.throwIfNack(LynxRespondable.java:324)
11-19 18:15:05.284 10410 11357 E LynxMotor: 	at com.qualcomm.hardware.lynx.commands.LynxRespondable.send(LynxRespondable.java:239)
11-19 18:15:05.285 10410 11357 E LynxMotor: 	at com.qualcomm.hardware.lynx.LynxDcMotorController.internalSetMotorEnable(LynxDcMotorController.java:212)
11-19 18:15:05.285 10410 11357 E LynxMotor: 	at com.qualcomm.hardware.lynx.LynxDcMotorController.internalSetMotorPower(LynxDcMotorController.java:500)
11-19 18:15:05.286 10410 11357 E LynxMotor: 	at com.qualcomm.hardware.lynx.LynxDcMotorController.internalSetMotorPower(LynxDcMotorController.java:458)
11-19 18:15:05.286 10410 11357 E LynxMotor: 	at com.qualcomm.hardware.lynx.LynxDcMotorController.setMotorPower(LynxDcMotorController.java:405)
11-19 18:15:05.286 10410 11357 E LynxMotor: 	at com.qualcomm.robotcore.hardware.DcMotorImpl.internalSetPower(DcMotorImpl.java:204)
11-19 18:15:05.287 10410 11357 E LynxMotor: 	at com.qualcomm.robotcore.hardware.DcMotorImpl.setPower(DcMotorImpl.java:200)
11-19 18:15:05.287 10410 10819 V LynxModule: received status: LynxGetModuleStatusResponse(status=0x14 alerts=0x00: FailSafe)
11-19 18:15:05.287 10410 11357 E LynxMotor: 	at org.firstinspires.ftc.teamcode.TechNova2017.MecanumRobot.turnOffBlueLed(MecanumRobot.java:979)
11-19 18:15:05.288 10410 11357 E LynxMotor: 	at org.firstinspires.ftc.teamcode.TechNova2017.RelicRecoveryTeleOpsLinear.gamepadLoop(RelicRecoveryTeleOpsLinear.java:148)
11-19 18:15:05.289 10410 11357 E LynxMotor: 	at org.firstinspires.ftc.teamcode.TechNova2017.RelicRecoveryTeleOpsLinear.runOpMode(RelicRecoveryTeleOpsLinear.java:55)
11-19 18:15:05.289 10410 11357 E LynxMotor: 	at com.qualcomm.robotcore.eventloop.opmode.LinearOpMode$LinearOpModeHelper$1.run(LinearOpMode.java:305)
11-19 18:15:05.290 10410 11357 E LynxMotor: 	at com.qualcomm.robotcore.util.ThreadPool.logThreadLifeCycle(ThreadPool.java:709)
11-19 18:15:05.290 10410 11357 E LynxMotor: 	at com.qualcomm.robotcore.eventloop.opmode.LinearOpMode$LinearOpModeHelper.run(LinearOpMode.java:300)
11-19 18:15:05.290 10410 11357 E LynxMotor: 	at java.util.concurrent.ThreadPoolExecutor.runWorker(ThreadPoolExecutor.java:1113)
11-19 18:15:05.291 10410 11357 E LynxMotor: 	at java.util.concurrent.ThreadPoolExecutor$Worker.run(ThreadPoolExecutor.java:588)
11-19 18:15:05.291 10410 11357 E LynxMotor: 	at com.qualcomm.robotcore.util.ThreadPool$ThreadFactoryImpl$1.run(ThreadPool.java:764)
11-19 18:15:05.291 10410 11357 E LynxMotor: 	at java.lang.Thread.run(Thread.java:818)
11-19 18:15:05.316 10410 10817 V RobotCore: nack rec'd mod=3 msg#=225 ref#=0 reason=BATTERY_TOO_LOW_TO_RUN_MOTOR:52
11-19 18:15:05.317 10410 11357 E LynxMotor: exception thrown during lynx communication
11-19 18:15:05.317 10410 11357 E LynxMotor: com.qualcomm.hardware.lynx.LynxNackException: (DQ143RN2 #3) LynxSetMotorChannelEnableCommand: nack received: BATTERY_TOO_LOW_TO_RUN_MOTOR:52
11-19 18:15:05.318 10410 11357 E LynxMotor: 	at com.qualcomm.hardware.lynx.commands.LynxRespondable.throwIfNack(LynxRespondable.java:324)
11-19 18:15:05.318 10410 11357 E LynxMotor: 	at com.qualcomm.hardware.lynx.commands.LynxRespondable.send(LynxRespondable.java:239)
11-19 18:15:05.319 10410 11357 E LynxMotor: 	at com.qualcomm.hardware.lynx.LynxDcMotorController.internalSetMotorEnable(LynxDcMotorController.java:212)
11-19 18:15:05.319 10410 11357 E LynxMotor: 	at com.qualcomm.hardware.lynx.LynxDcMotorController.internalSetMotorPower(LynxDcMotorController.java:500)
11-19 18:15:05.320 10410 11357 E LynxMotor: 	at com.qualcomm.hardware.lynx.LynxDcMotorController.internalSetMotorPower(LynxDcMotorController.java:458)
11-19 18:15:05.320 10410 11357 E LynxMotor: 	at com.qualcomm.hardware.lynx.LynxDcMotorController.setMotorPower(LynxDcMotorController.java:405)
11-19 18:15:05.320 10410 10818 V LynxModule: received status: LynxGetModuleStatusResponse(status=0x14 alerts=0x00: FailSafe)
11-19 18:15:05.320 10410 11357 E LynxMotor: 	at com.qualcomm.robotcore.hardware.DcMotorImpl.internalSetPower(DcMotorImpl.java:204)
11-19 18:15:05.321 10410 11357 E LynxMotor: 	at com.qualcomm.robotcore.hardware.DcMotorImpl.setPower(DcMotorImpl.java:200)
11-19 18:15:05.322 10410 11357 E LynxMotor: 	at org.firstinspires.ftc.teamcode.TechNova2017.MecanumRobot.drive(MecanumRobot.java:616)
11-19 18:15:05.322 10410 11357 E LynxMotor: 	at org.firstinspires.ftc.teamcode.TechNova2017.DriveHelper.drive(DriveHelper.java:107)
11-19 18:15:05.322 10410 11357 E LynxMotor: 	at org.firstinspires.ftc.teamcode.TechNova2017.RelicRecoveryTeleOpsLinear.gamepadLoop(RelicRecoveryTeleOpsLinear.java:186)
11-19 18:15:05.323 10410 11357 E LynxMotor: 	at org.firstinspires.ftc.teamcode.TechNova2017.RelicRecoveryTeleOpsLinear.runOpMode(RelicRecoveryTeleOpsLinear.java:55)
11-19 18:15:05.323 10410 11357 E LynxMotor: 	at com.qualcomm.robotcore.eventloop.opmode.LinearOpMode$LinearOpModeHelper$1.run(LinearOpMode.java:305)
11-19 18:15:05.323 10410 11357 E LynxMotor: 	at com.qualcomm.robotcore.util.ThreadPool.logThreadLifeCycle(ThreadPool.java:709)
11-19 18:15:05.324 10410 11357 E LynxMotor: 	at com.qualcomm.robotcore.eventloop.opmode.LinearOpMode$LinearOpModeHelper.run(LinearOpMode.java:300)
11-19 18:15:05.324 10410 11357 E LynxMotor: 	at java.util.concurrent.ThreadPoolExecutor.runWorker(ThreadPoolExecutor.java:1113)
11-19 18:15:05.324 10410 11357 E LynxMotor: 	at java.util.concurrent.ThreadPoolExecutor$Worker.run(ThreadPoolExecutor.java:588)
11-19 18:15:05.324 10410 11357 E LynxMotor: 	at com.qualcomm.robotcore.util.ThreadPool$ThreadFactoryImpl$1.run(ThreadPool.java:764)
11-19 18:15:05.325 10410 11357 E LynxMotor: 	at java.lang.Thread.run(Thread.java:818)
11-19 18:15:05.334 10410 10818 V LynxModule: received status: LynxGetModuleStatusResponse(status=0x14 alerts=0x00: FailSafe)
11-19 18:15:05.337 10410 10817 V RobotCore: nack rec'd mod=3 msg#=230 ref#=0 reason=BATTERY_TOO_LOW_TO_RUN_MOTOR:52
11-19 18:15:05.338 10410 11357 E LynxMotor: exception thrown during lynx communication
11-19 18:15:05.338 10410 11357 E LynxMotor: com.qualcomm.hardware.lynx.LynxNackException: (DQ143RN2 #3) LynxSetMotorChannelEnableCommand: nack received: BATTERY_TOO_LOW_TO_RUN_MOTOR:52
11-19 18:15:05.339 10410 11357 E LynxMotor: 	at com.qualcomm.hardware.lynx.commands.LynxRespondable.throwIfNack(LynxRespondable.java:324)
11-19 18:15:05.340 10410 11357 E LynxMotor: 	at com.qualcomm.hardware.lynx.commands.LynxRespondable.send(LynxRespondable.java:239)
11-19 18:15:05.340 10410 11357 E LynxMotor: 	at com.qualcomm.hardware.lynx.LynxDcMotorController.internalSetMotorEnable(LynxDcMotorController.java:212)
11-19 18:15:05.340 10410 11357 E LynxMotor: 	at com.qualcomm.hardware.lynx.LynxDcMotorController.internalSetMotorPower(LynxDcMotorController.java:500)
11-19 18:15:05.341 10410 11357 E LynxMotor: 	at com.qualcomm.hardware.lynx.LynxDcMotorController.internalSetMotorPower(LynxDcMotorController.java:458)
11-19 18:15:05.341 10410 11357 E LynxMotor: 	at com.qualcomm.hardware.lynx.LynxDcMotorController.setMotorPower(LynxDcMotorController.java:405)
11-19 18:15:05.341 10410 11357 E LynxMotor: 	at com.qualcomm.robotcore.hardware.DcMotorImpl.internalSetPower(DcMotorImpl.java:204)
11-19 18:15:05.342 10410 11357 E LynxMotor: 	at com.qualcomm.robotcore.hardware.DcMotorImpl.setPower(DcMotorImpl.java:200)
11-19 18:15:05.342 10410 11357 E LynxMotor: 	at org.firstinspires.ftc.teamcode.TechNova2017.MecanumRobot.drive(MecanumRobot.java:617)
11-19 18:15:05.342 10410 11357 E LynxMotor: 	at org.firstinspires.ftc.teamcode.TechNova2017.DriveHelper.drive(DriveHelper.java:107)
11-19 18:15:05.343 10410 11357 E LynxMotor: 	at org.firstinspires.ftc.teamcode.TechNova2017.RelicRecoveryTeleOpsLinear.gamepadLoop(RelicRecoveryTeleOpsLinear.java:186)
11-19 18:15:05.343 10410 11357 E LynxMotor: 	at org.firstinspires.ftc.teamcode.TechNova2017.RelicRecoveryTeleOpsLinear.runOpMode(RelicRecoveryTeleOpsLinear.java:55)
11-19 18:15:05.344 10410 11357 E LynxMotor: 	at com.qualcomm.robotcore.eventloop.opmode.LinearOpMode$LinearOpModeHelper$1.run(LinearOpMode.java:305)
11-19 18:15:05.344 10410 11357 E LynxMotor: 	at com.qualcomm.robotcore.util.ThreadPool.logThreadLifeCycle(ThreadPool.java:709)
11-19 18:15:05.344 10410 11357 E LynxMotor: 	at com.qualcomm.robotcore.eventloop.opmode.LinearOpMode$LinearOpModeHelper.run(LinearOpMode.java:300)
11-19 18:15:05.345 10410 11357 E LynxMotor: 	at java.util.concurrent.ThreadPoolExecutor.runWorker(ThreadPoolExecutor.java:1113)
11-19 18:15:05.345 10410 11357 E LynxMotor: 	at java.util.concurrent.ThreadPoolExecutor$Worker.run(ThreadPoolExecutor.java:588)
11-19 18:15:05.345 10410 11357 E LynxMotor: 	at com.qualcomm.robotcore.util.ThreadPool$ThreadFactoryImpl$1.run(ThreadPool.java:764)
11-19 18:15:05.346 10410 11357 E LynxMotor: 	at java.lang.Thread.run(Thread.java:818)
11-19 18:15:05.355 10410 10817 V RobotCore: nack rec'd mod=3 msg#=233 ref#=0 reason=BATTERY_TOO_LOW_TO_RUN_MOTOR:52
11-19 18:15:05.355 10410 11357 E LynxMotor: exception thrown during lynx communication
11-19 18:15:05.356 10410 11357 E LynxMotor: com.qualcomm.hardware.lynx.LynxNackException: (DQ143RN2 #3) LynxSetMotorChannelEnableCommand: nack received: BATTERY_TOO_LOW_TO_RUN_MOTOR:52
11-19 18:15:05.357 10410 11357 E LynxMotor: 	at com.qualcomm.hardware.lynx.commands.LynxRespondable.throwIfNack(LynxRespondable.java:324)
11-19 18:15:05.357 10410 11357 E LynxMotor: 	at com.qualcomm.hardware.lynx.commands.LynxRespondable.send(LynxRespondable.java:239)
11-19 18:15:05.357 10410 11357 E LynxMotor: 	at com.qualcomm.hardware.lynx.LynxDcMotorController.internalSetMotorEnable(LynxDcMotorController.java:212)
11-19 18:15:05.358 10410 11357 E LynxMotor: 	at com.qualcomm.hardware.lynx.LynxDcMotorController.internalSetMotorPower(LynxDcMotorController.java:500)
11-19 18:15:05.358 10410 11357 E LynxMotor: 	at com.qualcomm.hardware.lynx.LynxDcMotorController.internalSetMotorPower(LynxDcMotorController.java:458)
11-19 18:15:05.358 10410 11357 E LynxMotor: 	at com.qualcomm.hardware.lynx.LynxDcMotorController.setMotorPower(LynxDcMotorController.java:405)
11-19 18:15:05.359 10410 11357 E LynxMotor: 	at com.qualcomm.robotcore.hardware.DcMotorImpl.internalSetPower(DcMotorImpl.java:204)
11-19 18:15:05.359 10410 11357 E LynxMotor: 	at com.qualcomm.robotcore.hardware.DcMotorImpl.setPower(DcMotorImpl.java:200)
11-19 18:15:05.359 10410 10818 V LynxModule: received status: LynxGetModuleStatusResponse(status=0x14 alerts=0x00: FailSafe)
11-19 18:15:05.359 10410 11357 E LynxMotor: 	at org.firstinspires.ftc.teamcode.TechNova2017.MecanumRobot.drive(MecanumRobot.java:618)
11-19 18:15:05.359 10410 11357 E LynxMotor: 	at org.firstinspires.ftc.teamcode.TechNova2017.DriveHelper.drive(DriveHelper.java:107)
11-19 18:15:05.360 10410 11357 E LynxMotor: 	at org.firstinspires.ftc.teamcode.TechNova2017.RelicRecoveryTeleOpsLinear.gamepadLoop(RelicRecoveryTeleOpsLinear.java:186)
11-19 18:15:05.360 10410 11357 E LynxMotor: 	at org.firstinspires.ftc.teamcode.TechNova2017.RelicRecoveryTeleOpsLinear.runOpMode(RelicRecoveryTeleOpsLinear.java:55)
11-19 18:15:05.360 10410 11357 E LynxMotor: 	at com.qualcomm.robotcore.eventloop.opmode.LinearOpMode$LinearOpModeHelper$1.run(LinearOpMode.java:305)
11-19 18:15:05.361 10410 11357 E LynxMotor: 	at com.qualcomm.robotcore.util.ThreadPool.logThreadLifeCycle(ThreadPool.java:709)
11-19 18:15:05.361 10410 11357 E LynxMotor: 	at com.qualcomm.robotcore.eventloop.opmode.LinearOpMode$LinearOpModeHelper.run(LinearOpMode.java:300)
11-19 18:15:05.361 10410 11357 E LynxMotor: 	at java.util.concurrent.ThreadPoolExecutor.runWorker(ThreadPoolExecutor.java:1113)
11-19 18:15:05.361 10410 11357 E LynxMotor: 	at java.util.concurrent.ThreadPoolExecutor$Worker.run(ThreadPoolExecutor.java:588)
11-19 18:15:05.362 10410 11357 E LynxMotor: 	at com.qualcomm.robotcore.util.ThreadPool$ThreadFactoryImpl$1.run(ThreadPool.java:764)
11-19 18:15:05.362 10410 11357 E LynxMotor: 	at java.lang.Thread.run(Thread.java:818)
11-19 18:15:05.371 10410 10817 V RobotCore: nack rec'd mod=3 msg#=237 ref#=0 reason=BATTERY_TOO_LOW_TO_RUN_MOTOR:52
11-19 18:15:05.372 10410 11357 E LynxMotor: exception thrown during lynx communication
11-19 18:15:05.373 10410 11357 E LynxMotor: com.qualcomm.hardware.lynx.LynxNackException: (DQ143RN2 #3) LynxSetMotorChannelEnableCommand: nack received: BATTERY_TOO_LOW_TO_RUN_MOTOR:52
11-19 18:15:05.373 10410 11357 E LynxMotor: 	at com.qualcomm.hardware.lynx.commands.LynxRespondable.throwIfNack(LynxRespondable.java:324)
11-19 18:15:05.374 10410 11357 E LynxMotor: 	at com.qualcomm.hardware.lynx.commands.LynxRespondable.send(LynxRespondable.java:239)
11-19 18:15:05.374 10410 11357 E LynxMotor: 	at com.qualcomm.hardware.lynx.LynxDcMotorController.internalSetMotorEnable(LynxDcMotorController.java:212)
11-19 18:15:05.375 10410 10818 V LynxModule: received status: LynxGetModuleStatusResponse(status=0x14 alerts=0x00: FailSafe)
11-19 18:15:05.375 10410 11357 E LynxMotor: 	at com.qualcomm.hardware.lynx.LynxDcMotorController.internalSetMotorPower(LynxDcMotorController.java:500)
11-19 18:15:05.376 10410 11357 E LynxMotor: 	at com.qualcomm.hardware.lynx.LynxDcMotorController.internalSetMotorPower(LynxDcMotorController.java:458)
11-19 18:15:05.376 10410 11357 E LynxMotor: 	at com.qualcomm.hardware.lynx.LynxDcMotorController.setMotorPower(LynxDcMotorController.java:405)
11-19 18:15:05.376 10410 11357 E LynxMotor: 	at com.qualcomm.robotcore.hardware.DcMotorImpl.internalSetPower(DcMotorImpl.java:204)
11-19 18:15:05.377 10410 11357 E LynxMotor: 	at com.qualcomm.robotcore.hardware.DcMotorImpl.setPower(DcMotorImpl.java:200)
11-19 18:15:05.377 10410 11357 E LynxMotor: 	at org.firstinspires.ftc.teamcode.TechNova2017.MecanumRobot.drive(MecanumRobot.java:619)
11-19 18:15:05.378 10410 11357 E LynxMotor: 	at org.firstinspires.ftc.teamcode.TechNova2017.DriveHelper.drive(DriveHelper.java:107)
11-19 18:15:05.378 10410 11357 E LynxMotor: 	at org.firstinspires.ftc.teamcode.TechNova2017.RelicRecoveryTeleOpsLinear.gamepadLoop(RelicRecoveryTeleOpsLinear.java:186)
11-19 18:15:05.378 10410 11357 E LynxMotor: 	at org.firstinspires.ftc.teamcode.TechNova2017.RelicRecoveryTeleOpsLinear.runOpMode(RelicRecoveryTeleOpsLinear.java:55)
11-19 18:15:05.379 10410 11357 E LynxMotor: 	at com.qualcomm.robotcore.eventloop.opmode.LinearOpMode$LinearOpModeHelper$1.run(LinearOpMode.java:305)
11-19 18:15:05.379 10410 11357 E LynxMotor: 	at com.qualcomm.robotcore.util.ThreadPool.logThreadLifeCycle(ThreadPool.java:709)
11-19 18:15:05.380 10410 11357 E LynxMotor: 	at com.qualcomm.robotcore.eventloop.opmode.LinearOpMode$LinearOpModeHelper.run(LinearOpMode.java:300)
11-19 18:15:05.380 10410 11357 E LynxMotor: 	at java.util.concurrent.ThreadPoolExecutor.runWorker(ThreadPoolExecutor.java:1113)
11-19 18:15:05.380 10410 11357 E LynxMotor: 	at java.util.concurrent.ThreadPoolExecutor$Worker.run(ThreadPoolExecutor.java:588)
11-19 18:15:05.381 10410 11357 E LynxMotor: 	at com.qualcomm.robotcore.util.ThreadPool$ThreadFactoryImpl$1.run(ThreadPool.java:764)
11-19 18:15:05.381 10410 11357 E LynxMotor: 	at java.lang.Thread.run(Thread.java:818)
11-19 18:15:05.393 10410 10817 V RobotCore: nack rec'd mod=2 msg#=27 ref#=0 reason=BATTERY_TOO_LOW_TO_RUN_MOTOR:52
11-19 18:15:05.394 10410 11357 E LynxMotor: exception thrown during lynx communication
11-19 18:15:05.395 10410 11357 E LynxMotor: com.qualcomm.hardware.lynx.LynxNackException: (DQ143RN2 #2) LynxSetMotorChannelEnableCommand: nack received: BATTERY_TOO_LOW_TO_RUN_MOTOR:52
11-19 18:15:05.395 10410 11357 E LynxMotor: 	at com.qualcomm.hardware.lynx.commands.LynxRespondable.throwIfNack(LynxRespondable.java:324)
11-19 18:15:05.396 10410 11357 E LynxMotor: 	at com.qualcomm.hardware.lynx.commands.LynxRespondable.send(LynxRespondable.java:239)
11-19 18:15:05.396 10410 11357 E LynxMotor: 	at com.qualcomm.hardware.lynx.LynxDcMotorController.internalSetMotorEnable(LynxDcMotorController.java:212)
11-19 18:15:05.396 10410 11357 E LynxMotor: 	at com.qualcomm.hardware.lynx.LynxDcMotorController.internalSetMotorPower(LynxDcMotorController.java:500)
11-19 18:15:05.397 10410 11357 E LynxMotor: 	at com.qualcomm.hardware.lynx.LynxDcMotorController.internalSetMotorPower(LynxDcMotorController.java:458)
11-19 18:15:05.397 10410 11357 E LynxMotor: 	at com.qualcomm.hardware.lynx.LynxDcMotorController.setMotorPower(LynxDcMotorController.java:405)
11-19 18:15:05.398 10410 11357 E LynxMotor: 	at com.qualcomm.robotcore.hardware.DcMotorImpl.internalSetPower(DcMotorImpl.java:204)
11-19 18:15:05.398 10410 11357 E LynxMotor: 	at com.qualcomm.robotcore.hardware.DcMotorImpl.setPower(DcMotorImpl.java:200)
11-19 18:15:05.398 10410 10819 V LynxModule: received status: LynxGetModuleStatusResponse(status=0x14 alerts=0x00: FailSafe)
11-19 18:15:05.398 10410 11357 E LynxMotor: 	at org.firstinspires.ftc.teamcode.TechNova2017.MecanumRobot.turnOffBlueLed(MecanumRobot.java:979)
11-19 18:15:05.399 10410 11357 E LynxMotor: 	at org.firstinspires.ftc.teamcode.TechNova2017.DriveHelper.drive(DriveHelper.java:112)
11-19 18:15:05.399 10410 11357 E LynxMotor: 	at org.firstinspires.ftc.teamcode.TechNova2017.RelicRecoveryTeleOpsLinear.gamepadLoop(RelicRecoveryTeleOpsLinear.java:186)
11-19 18:15:05.400 10410 11357 E LynxMotor: 	at org.firstinspires.ftc.teamcode.TechNova2017.RelicRecoveryTeleOpsLinear.runOpMode(RelicRecoveryTeleOpsLinear.java:55)
11-19 18:15:05.400 10410 11357 E LynxMotor: 	at com.qualcomm.robotcore.eventloop.opmode.LinearOpMode$LinearOpModeHelper$1.run(LinearOpMode.java:305)
11-19 18:15:05.400 10410 11357 E LynxMotor: 	at com.qualcomm.robotcore.util.ThreadPool.logThreadLifeCycle(ThreadPool.java:709)
11-19 18:15:05.401 10410 11357 E LynxMotor: 	at com.qualcomm.robotcore.eventloop.opmode.LinearOpMode$LinearOpModeHelper.run(LinearOpMode.java:300)
11-19 18:15:05.401 10410 11357 E LynxMotor: 	at java.util.concurrent.ThreadPoolExecutor.runWorker(ThreadPoolExecutor.java:1113)
11-19 18:15:05.401 10410 11357 E LynxMotor: 	at java.util.concurrent.ThreadPoolExecutor$Worker.run(ThreadPoolExecutor.java:588)
11-19 18:15:05.402 10410 11357 E LynxMotor: 	at com.qualcomm.robotcore.util.ThreadPool$ThreadFactoryImpl$1.run(ThreadPool.java:764)
11-19 18:15:05.402 10410 11357 E LynxMotor: 	at java.lang.Thread.run(Thread.java:818)
11-19 18:15:05.417 10410 10817 V RobotCore: nack rec'd mod=2 msg#=31 ref#=0 reason=BATTERY_TOO_LOW_TO_RUN_MOTOR:52
11-19 18:15:05.418 10410 11357 E LynxMotor: exception thrown during lynx communication
11-19 18:15:05.418 10410 11357 E LynxMotor: com.qualcomm.hardware.lynx.LynxNackException: (DQ143RN2 #2) LynxSetMotorChannelEnableCommand: nack received: BATTERY_TOO_LOW_TO_RUN_MOTOR:52
11-19 18:15:05.419 10410 11357 E LynxMotor: 	at com.qualcomm.hardware.lynx.commands.LynxRespondable.throwIfNack(LynxRespondable.java:324)
11-19 18:15:05.419 10410 11357 E LynxMotor: 	at com.qualcomm.hardware.lynx.commands.LynxRespondable.send(LynxRespondable.java:239)
11-19 18:15:05.420 10410 11357 E LynxMotor: 	at com.qualcomm.hardware.lynx.LynxDcMotorController.internalSetMotorEnable(LynxDcMotorController.java:212)
11-19 18:15:05.420 10410 11357 E LynxMotor: 	at com.qualcomm.hardware.lynx.LynxDcMotorController.internalSetMotorPower(LynxDcMotorController.java:500)
11-19 18:15:05.421 10410 11357 E LynxMotor: 	at com.qualcomm.hardware.lynx.LynxDcMotorController.internalSetMotorPower(LynxDcMotorController.java:458)
11-19 18:15:05.421 10410 11357 E LynxMotor: 	at com.qualcomm.hardware.lynx.LynxDcMotorController.setMotorPower(LynxDcMotorController.java:405)
11-19 18:15:05.421 10410 11357 E LynxMotor: 	at com.qualcomm.robotcore.hardware.DcMotorImpl.internalSetPower(DcMotorImpl.java:204)
11-19 18:15:05.422 10410 11357 E LynxMotor: 	at com.qualcomm.robotcore.hardware.DcMotorImpl.setPower(DcMotorImpl.java:200)
11-19 18:15:05.422 10410 10819 V LynxModule: received status: LynxGetModuleStatusResponse(status=0x14 alerts=0x00: FailSafe)
11-19 18:15:05.422 10410 11357 E LynxMotor: 	at org.firstinspires.ftc.teamcode.TechNova2017.MecanumRobot.moveGlyphLift(MecanumRobot.java:368)
11-19 18:15:05.423 10410 11357 E LynxMotor: 	at org.firstinspires.ftc.teamcode.TechNova2017.RelicRecoveryTeleOpsLinear.gamepadLoop(RelicRecoveryTeleOpsLinear.java:121)
11-19 18:15:05.423 10410 11357 E LynxMotor: 	at org.firstinspires.ftc.teamcode.TechNova2017.RelicRecoveryTeleOpsLinear.runOpMode(RelicRecoveryTeleOpsLinear.java:55)
11-19 18:15:05.423 10410 11357 E LynxMotor: 	at com.qualcomm.robotcore.eventloop.opmode.LinearOpMode$LinearOpModeHelper$1.run(LinearOpMode.java:305)
11-19 18:15:05.424 10410 11357 E LynxMotor: 	at com.qualcomm.robotcore.util.ThreadPool.logThreadLifeCycle(ThreadPool.java:709)
11-19 18:15:05.424 10410 11357 E LynxMotor: 	at com.qualcomm.robotcore.eventloop.opmode.LinearOpMode$LinearOpModeHelper.run(LinearOpMode.java:300)
11-19 18:15:05.425 10410 11357 E LynxMotor: 	at java.util.concurrent.ThreadPoolExecutor.runWorker(ThreadPoolExecutor.java:1113)
11-19 18:15:05.425 10410 11357 E LynxMotor: 	at java.util.concurrent.ThreadPoolExecutor$Worker.run(ThreadPoolExecutor.java:588)
11-19 18:15:05.425 10410 11357 E LynxMotor: 	at com.qualcomm.robotcore.util.ThreadPool$ThreadFactoryImpl$1.run(ThreadPool.java:764)
11-19 18:15:05.425 10410 11357 E LynxMotor: 	at java.lang.Thread.run(Thread.java:818)
11-19 18:15:05.437 10410 10817 V RobotCore: nack rec'd mod=2 msg#=35 ref#=0 reason=BATTERY_TOO_LOW_TO_RUN_MOTOR:52
11-19 18:15:05.438 10410 11357 E LynxMotor: exception thrown during lynx communication
11-19 18:15:05.439 10410 11357 E LynxMotor: com.qualcomm.hardware.lynx.LynxNackException: (DQ143RN2 #2) LynxSetMotorChannelEnableCommand: nack received: BATTERY_TOO_LOW_TO_RUN_MOTOR:52
11-19 18:15:05.439 10410 11357 E LynxMotor: 	at com.qualcomm.hardware.lynx.commands.LynxRespondable.throwIfNack(LynxRespondable.java:324)
11-19 18:15:05.440 10410 11357 E LynxMotor: 	at com.qualcomm.hardware.lynx.commands.LynxRespondable.send(LynxRespondable.java:239)
11-19 18:15:05.440 10410 11357 E LynxMotor: 	at com.qualcomm.hardware.lynx.LynxDcMotorController.internalSetMotorEnable(LynxDcMotorController.java:212)
11-19 18:15:05.440 10410 11357 E LynxMotor: 	at com.qualcomm.hardware.lynx.LynxDcMotorController.internalSetMotorPower(LynxDcMotorController.java:500)
11-19 18:15:05.441 10410 11357 E LynxMotor: 	at com.qualcomm.hardware.lynx.LynxDcMotorController.internalSetMotorPower(LynxDcMotorController.java:458)
11-19 18:15:05.441 10410 11357 E LynxMotor: 	at com.qualcomm.hardware.lynx.LynxDcMotorController.setMotorPower(LynxDcMotorController.java:405)
11-19 18:15:05.442 10410 11357 E LynxMotor: 	at com.qualcomm.robotcore.hardware.DcMotorImpl.internalSetPower(DcMotorImpl.java:204)
11-19 18:15:05.442 10410 11357 E LynxMotor: 	at com.qualcomm.robotcore.hardware.DcMotorImpl.setPower(DcMotorImpl.java:200)
11-19 18:15:05.442 10410 11357 E LynxMotor: 	at org.firstinspires.ftc.teamcode.TechNova2017.MecanumRobot.moveRelicSlider(MecanumRobot.java:1004)
11-19 18:15:05.442 10410 10819 V LynxModule: received status: LynxGetModuleStatusResponse(status=0x14 alerts=0x00: FailSafe)
11-19 18:15:05.443 10410 11357 E LynxMotor: 	at org.firstinspires.ftc.teamcode.TechNova2017.RelicRecoveryTeleOpsLinear.gamepadLoop(RelicRecoveryTeleOpsLinear.java:129)
11-19 18:15:05.443 10410 11357 E LynxMotor: 	at org.firstinspires.ftc.teamcode.TechNova2017.RelicRecoveryTeleOpsLinear.runOpMode(RelicRecoveryTeleOpsLinear.java:55)
11-19 18:15:05.443 10410 11357 E LynxMotor: 	at com.qualcomm.robotcore.eventloop.opmode.LinearOpMode$LinearOpModeHelper$1.run(LinearOpMode.java:305)
11-19 18:15:05.444 10410 11357 E LynxMotor: 	at com.qualcomm.robotcore.util.ThreadPool.logThreadLifeCycle(ThreadPool.java:709)
11-19 18:15:05.444 10410 11357 E LynxMotor: 	at com.qualcomm.robotcore.eventloop.opmode.LinearOpMode$LinearOpModeHelper.run(LinearOpMode.java:300)
11-19 18:15:05.444 10410 11357 E LynxMotor: 	at java.util.concurrent.ThreadPoolExecutor.runWorker(ThreadPoolExecutor.java:1113)
11-19 18:15:05.445 10410 11357 E LynxMotor: 	at java.util.concurrent.ThreadPoolExecutor$Worker.run(ThreadPoolExecutor.java:588)
11-19 18:15:05.445 10410 11357 E LynxMotor: 	at com.qualcomm.robotcore.util.ThreadPool$ThreadFactoryImpl$1.run(ThreadPool.java:764)
11-19 18:15:05.445 10410 11357 E LynxMotor: 	at java.lang.Thread.run(Thread.java:818)
11-19 18:15:05.457 10410 10817 V RobotCore: nack rec'd mod=2 msg#=39 ref#=0 reason=BATTERY_TOO_LOW_TO_RUN_MOTOR:52
11-19 18:15:05.458 10410 11357 E LynxMotor: exception thrown during lynx communication
11-19 18:15:05.459 10410 11357 E LynxMotor: com.qualcomm.hardware.lynx.LynxNackException: (DQ143RN2 #2) LynxSetMotorChannelEnableCommand: nack received: BATTERY_TOO_LOW_TO_RUN_MOTOR:52
11-19 18:15:05.460 10410 11357 E LynxMotor: 	at com.qualcomm.hardware.lynx.commands.LynxRespondable.throwIfNack(LynxRespondable.java:324)
11-19 18:15:05.461 10410 11357 E LynxMotor: 	at com.qualcomm.hardware.lynx.commands.LynxRespondable.send(LynxRespondable.java:239)
11-19 18:15:05.462 10410 11357 E LynxMotor: 	at com.qualcomm.hardware.lynx.LynxDcMotorController.internalSetMotorEnable(LynxDcMotorController.java:212)
11-19 18:15:05.462 10410 11357 E LynxMotor: 	at com.qualcomm.hardware.lynx.LynxDcMotorController.internalSetMotorPower(LynxDcMotorController.java:500)
11-19 18:15:05.463 10410 11357 E LynxMotor: 	at com.qualcomm.hardware.lynx.LynxDcMotorController.internalSetMotorPower(LynxDcMotorController.java:458)
11-19 18:15:05.463 10410 11357 E LynxMotor: 	at com.qualcomm.hardware.lynx.LynxDcMotorController.setMotorPower(LynxDcMotorController.java:405)
11-19 18:15:05.463 10410 10819 V LynxModule: received status: LynxGetModuleStatusResponse(status=0x14 alerts=0x00: FailSafe)
11-19 18:15:05.464 10410 11357 E LynxMotor: 	at com.qualcomm.robotcore.hardware.DcMotorImpl.internalSetPower(DcMotorImpl.java:204)
11-19 18:15:05.464 10410 11357 E LynxMotor: 	at com.qualcomm.robotcore.hardware.DcMotorImpl.setPower(DcMotorImpl.java:200)
11-19 18:15:05.465 10410 11357 E LynxMotor: 	at org.firstinspires.ftc.teamcode.TechNova2017.MecanumRobot.turnOffBlueLed(MecanumRobot.java:979)
11-19 18:15:05.465 10410 11357 E LynxMotor: 	at org.firstinspires.ftc.teamcode.TechNova2017.RelicRecoveryTeleOpsLinear.gamepadLoop(RelicRecoveryTeleOpsLinear.java:148)
11-19 18:15:05.466 10410 11357 E LynxMotor: 	at org.firstinspires.ftc.teamcode.TechNova2017.RelicRecoveryTeleOpsLinear.runOpMode(RelicRecoveryTeleOpsLinear.java:55)
11-19 18:15:05.466 10410 11357 E LynxMotor: 	at com.qualcomm.robotcore.eventloop.opmode.LinearOpMode$LinearOpModeHelper$1.run(LinearOpMode.java:305)
11-19 18:15:05.467 10410 11357 E LynxMotor: 	at com.qualcomm.robotcore.util.ThreadPool.logThreadLifeCycle(ThreadPool.java:709)
11-19 18:15:05.468 10410 11357 E LynxMotor: 	at com.qualcomm.robotcore.eventloop.opmode.LinearOpMode$LinearOpModeHelper.run(LinearOpMode.java:300)
11-19 18:15:05.468 10410 11357 E LynxMotor: 	at java.util.concurrent.ThreadPoolExecutor.runWorker(ThreadPoolExecutor.java:1113)
11-19 18:15:05.469 10410 11357 E LynxMotor: 	at java.util.concurrent.ThreadPoolExecutor$Worker.run(ThreadPoolExecutor.java:588)
11-19 18:15:05.469 10410 11357 E LynxMotor: 	at com.qualcomm.robotcore.util.ThreadPool$ThreadFactoryImpl$1.run(ThreadPool.java:764)
11-19 18:15:05.470 10410 11357 E LynxMotor: 	at java.lang.Thread.run(Thread.java:818)
11-19 18:15:05.495 10410 10818 V LynxModule: received status: LynxGetModuleStatusResponse(status=0x14 alerts=0x00: FailSafe)
11-19 18:15:05.499 10410 10817 V RobotCore: nack rec'd mod=3 msg#=247 ref#=0 reason=BATTERY_TOO_LOW_TO_RUN_MOTOR:52
11-19 18:15:05.500 10410 11357 E LynxMotor: exception thrown during lynx communication
11-19 18:15:05.501 10410 11357 E LynxMotor: com.qualcomm.hardware.lynx.LynxNackException: (DQ143RN2 #3) LynxSetMotorChannelEnableCommand: nack received: BATTERY_TOO_LOW_TO_RUN_MOTOR:52
11-19 18:15:05.502 10410 11357 E LynxMotor: 	at com.qualcomm.hardware.lynx.commands.LynxRespondable.throwIfNack(LynxRespondable.java:324)
11-19 18:15:05.503 10410 11357 E LynxMotor: 	at com.qualcomm.hardware.lynx.commands.LynxRespondable.send(LynxRespondable.java:239)
11-19 18:15:05.503 10410 11357 E LynxMotor: 	at com.qualcomm.hardware.lynx.LynxDcMotorController.internalSetMotorEnable(LynxDcMotorController.java:212)
11-19 18:15:05.504 10410 11357 E LynxMotor: 	at com.qualcomm.hardware.lynx.LynxDcMotorController.internalSetMotorPower(LynxDcMotorController.java:500)
11-19 18:15:05.505 10410 11357 E LynxMotor: 	at com.qualcomm.hardware.lynx.LynxDcMotorController.internalSetMotorPower(LynxDcMotorController.java:458)
11-19 18:15:05.505 10410 11357 E LynxMotor: 	at com.qualcomm.hardware.lynx.LynxDcMotorController.setMotorPower(LynxDcMotorController.java:405)
11-19 18:15:05.506 10410 11357 E LynxMotor: 	at com.qualcomm.robotcore.hardware.DcMotorImpl.internalSetPower(DcMotorImpl.java:204)
11-19 18:15:05.506 10410 11357 E LynxMotor: 	at com.qualcomm.robotcore.hardware.DcMotorImpl.setPower(DcMotorImpl.java:200)
11-19 18:15:05.507 10410 11357 E LynxMotor: 	at org.firstinspires.ftc.teamcode.TechNova2017.MecanumRobot.drive(MecanumRobot.java:616)
11-19 18:15:05.507 10410 11357 E LynxMotor: 	at org.firstinspires.ftc.teamcode.TechNova2017.DriveHelper.drive(DriveHelper.java:107)
11-19 18:15:05.508 10410 11357 E LynxMotor: 	at org.firstinspires.ftc.teamcode.TechNova2017.RelicRecoveryTeleOpsLinear.gamepadLoop(RelicRecoveryTeleOpsLinear.java:186)
11-19 18:15:05.508 10410 11357 E LynxMotor: 	at org.firstinspires.ftc.teamcode.TechNova2017.RelicRecoveryTeleOpsLinear.runOpMode(RelicRecoveryTeleOpsLinear.java:55)
11-19 18:15:05.509 10410 11357 E LynxMotor: 	at com.qualcomm.robotcore.eventloop.opmode.LinearOpMode$LinearOpModeHelper$1.run(LinearOpMode.java:305)
11-19 18:15:05.510 10410 11357 E LynxMotor: 	at com.qualcomm.robotcore.util.ThreadPool.logThreadLifeCycle(ThreadPool.java:709)
