01-15 17:55:07.220 10662 10662 V ThreadPool: waiting for service EventLoop
01-15 17:55:07.220 10662 11267 V RobotCore: EventLoopRunnable interrupted
01-15 17:55:07.220 10662 11267 V RobotCore: EventLoopManager state is STOPPED
01-15 17:55:07.220 10662 11267 V RobotCore: Robot Status: stopped
01-15 17:55:07.220 10662 11267 I FtcEventLoop: ======= TEARDOWN =======
01-15 17:55:07.222 10662 11267 V LynxMotor: disengage mod#=2
01-15 17:55:07.223 10662 11268 V ThreadPool: container(0x0b8164f7: OpModeStuckCodeMonitor) removed id=1007 TID=11268 count=1
01-15 17:55:07.224 10662 11267 V LynxServoController: disengage mod#=2
01-15 17:55:07.224 10662 11267 V LynxUsb : 0x01f9fbef on 0x0c40ee82: releasing delegate to [DQ16V4CE]
01-15 17:55:07.224 10662 11267 V LynxUsb : 0x0c40ee82: releaseRef [DQ16V4CE]=0
01-15 17:55:07.224 10662 11267 V LynxUsb : doClose([DQ16V4CE])...
01-15 17:55:07.225 10662 11267 V LynxModule: close()
01-15 17:55:07.225 10662 11267 V ThreadPool: waiting for service lynx module executor
01-15 17:55:07.225 10662 11266 V ThreadPool: container(0x0c0d46fc: lynx module executor) removed id=1005 TID=11266 count=1
01-15 17:55:07.225 10662 11267 V LynxUsb : disarmDevice() serial=DQ16V4CE...
01-15 17:55:07.225 10662 11267 V LynxUsb : ...doClose([DQ16V4CE])
01-15 17:55:07.226 10662 11267 I FtcEventLoop: ======= TEARDOWN COMPLETE =======
01-15 17:55:07.226 10662 11267 V RobotCore: thread: ...terminating 'opmode loop()'
01-15 17:55:07.226 10662 11267 V ThreadPool: container(0x01ae2f39: executorEventLoop) removed id=1006 TID=11267 count=1
01-15 17:55:07.227 10662 10662 V ThreadPool: awaitTermination returned, isTerminated=true
01-15 17:55:07.227 10662 10662 V ThreadPool: executive service EventLoop(0x01ae2f39) is terminated
01-15 17:55:07.227 10662 10662 V RobotCore: EventLoopManager state is STOPPED
01-15 17:55:07.231 10662 10662 V ThreadPool: container(0x01518562: default threadpool) added id=1011 TID=0 count=1
01-15 17:55:07.232 10662 10662 V RCActivity: onResume()
01-15 17:55:07.232 10662 11296 V RobotCore: thread: 'RobotSetupRunnable.run()' starting...
01-15 17:55:07.232 10662 11296 V FTCService: Processing robot setup
01-15 17:55:07.233 10662 11296 V RobotCore: Robot Status: stopped, scanning for USB devices
01-15 17:55:12.233 10662 11296 V RobotCore: Robot Status: stopped, waiting for Wifi to enable
01-15 17:55:12.234 10662 11296 V RobotCore: Robot Status: stopped, waiting for Wifi Direct to enable
01-15 17:55:12.234 10662 11296 V RobotCore: Robot Status: stopped, waiting for network to become active
01-15 17:55:12.741 10662 10662 D WifiDirect: created group
01-15 17:55:12.909 10662 10662 D WifiDirect: broadcast: this device changed
01-15 17:55:12.909 10662 10662 V WifiDirect: device information: 12611-RC 80:58:f8:58:99:a3
01-15 17:55:12.909 10662 10683 V NetDiscover_wifiDirectAgent_bcast: this device changed: Device=12611-RC deviceAddress=80:58:f8:58:99:a3 primary type=10-0050F204-5 secondary type=null wps=0 grpcapab=0 devcapab=0 status=0 wfdInfo=WFD enabled=falseWFD DeviceInfo=0 WFD CtrlPort=0 WFD MaxThroughput=0 level=0
01-15 17:55:12.909 10662 10683 V NetDiscover_name: remembering wifiDirectName: 12611-RC...
01-15 17:55:12.909 10662 10683 V NetDiscover_name: ...remembering wifiDirectName
01-15 17:55:12.911 10662 10683 D NetDiscover_wifiDirectAgent_bcast: connection changed: networkInfo.state=CONNECTED
01-15 17:55:12.911 10662 10683 V NetDiscover_wifiDirectAgent_bcast: NetworkInfo: [type: WIFI_P2P[], state: CONNECTED/CONNECTED, reason: (unspecified), extra: (none), roaming: false, failover: false, isAvailable: true]
01-15 17:55:12.911 10662 10683 V NetDiscover_wifiDirectAgent_bcast: WifiP2pInfo: groupFormed: true isGroupOwner: true operatingChannel: 2452 groupOwnerAddress: /192.168.49.1 mccMode: false
01-15 17:55:12.911 10662 10683 V NetDiscover_wifiDirectAgent_bcast: WifiP2pGroup: network: DIRECT-yh-12611-RC, isGO: true, Operating Channel: 2452, GO: Device: , deviceAddress: 80:58:f8:58:99:a3, primary type: null, secondary type: null, wps: 0, grpcapab: 0, devcapab: 0, status: 4, wfdInfo: WFD enabled: falseWFD DeviceInfo: 0, WFD CtrlPort: 0, WFD MaxThroughput: 0, level: 0, interface: p2p0, networkId: 0, mGoOperFreq: 2452
01-15 17:55:12.911 10662 10662 D WifiDirect: broadcast: connection changed: connectStatus=NOT_CONNECTED networkInfo.state=CONNECTED
01-15 17:55:12.911 10662 10662 V WifiDirect: writing pref name=pref_wifip2p_groupowner_connectedto value=
01-15 17:55:12.911 10662 10662 V NetDiscover_prefremrc: onSharedPreferenceChanged(name=pref_wifip2p_groupowner_connectedto, value=)
01-15 17:55:12.913 10662 10662 D WifiDirect: group owners address: /192.168.49.1
01-15 17:55:12.913 10662 10662 D WifiDirect: group formed, this device is the group owner (GO)
01-15 17:55:12.914 10662 10662 V WifiDirect: connection information available
01-15 17:55:12.914 10662 10662 V WifiDirect: connection information - groupOwnerName = 12611-RC
01-15 17:55:12.915 10662 10662 V WifiDirect: connection information - groupOwnerMacAddress = 80:58:f8:58:99:a3
01-15 17:55:12.915 10662 10662 V WifiDirect: connection information - groupInterface = p2p0
01-15 17:55:12.915 10662 10662 V WifiDirect: connection information - groupNetworkName = DIRECT-yh-12611-RC
01-15 17:55:13.235 10662 11296 V RobotCore: Robot Status: stopped, starting robot
01-15 17:55:13.235 10662 11296 V Robocol : EventLoopManager.start()
01-15 17:55:13.236 10662 11296 V Robocol : Spoofing a Network Connection event...
01-15 17:55:13.236 10662 11296 V ThreadPool: executive service EventLoop(0x01ae2f39) is terminated
01-15 17:55:13.236 10662 11296 V RobotCore: EventLoopManager state is STOPPED
01-15 17:55:13.237 10662 11296 V Robocol : eventLoop=FtcEventLoop
01-15 17:55:13.237 10662 11296 V RobotCore: EventLoopManager state is INIT
01-15 17:55:13.237 10662 11296 V RobotCore: Robot Status: initializing, starting robot
01-15 17:55:13.237 10662 11296 I FtcEventLoop: ======= INIT START =======
01-15 17:55:13.238 10662 11296 V OpmodeRegistration: registered {DefaultOpMode} as {$Stop$Robot$}
01-15 17:55:13.244 10662 11296 V FileBasedLock: locked /storage/emulated/0/FIRST/blocks/projectslock/lock.dat
01-15 17:55:13.244 10662 11296 V ThreadPool: container(0x01518562: default threadpool) added id=1012 TID=0 count=2
01-15 17:55:13.245 10662 11296 V FileBasedLock: unlocking /storage/emulated/0/FIRST/blocks/projectslock/lock.dat
01-15 17:55:13.250 10662 11296 V OpmodeRegistration: registered {SensorTest} as {Sensor Test}
01-15 17:55:13.251 10662 11296 V OpmodeRegistration: registered {RelicRecoveryAutoBlue2} as {Auto Blue 2}
01-15 17:55:13.251 10662 11296 V OpmodeRegistration: registered {RelicRecoveryTeleOpsLinear} as {Relic Recovery TeleOps (Linear)}
01-15 17:55:13.251 10662 11296 V OpmodeRegistration: registered {TestGlyphCollector} as {Test Glyph Pickup}
01-15 17:55:13.252 10662 11296 V OpmodeRegistration: registered {TestGlyphCollector3} as {Test Glyph Pickup Reverse}
01-15 17:55:13.253 10662 11296 V OpmodeRegistration: registered {SensorMRRangeColorSensor} as {Sensor: MR range & Color sensor}
01-15 17:55:13.254 10662 11296 V OpmodeRegistration: registered {SensorREVColorDistance} as {Sensor: REVColorDistance}
01-15 17:55:13.254 10662 11296 V OpmodeRegistration: registered {RelicRecoveryAutoBlue1} as {Auto Blue 1}
01-15 17:55:13.255 10662 11296 V OpmodeRegistration: registered {RelicRecoveryTileRunnerTeleOpsLinear} as {Tile Runner (New) TeleOps }
01-15 17:55:13.255 10662 11296 V OpmodeRegistration: registered {TestGlyphCollector2} as {Test Glyph Pickup Encoder}
01-15 17:55:13.256 10662 11296 V OpmodeRegistration: registered {RelicRecoveryAutoRed2} as {Auto Red 2}
01-15 17:55:13.257 10662 11296 V OpmodeRegistration: registered {RelicRecoveryAutoRed1} as {Auto Red 1}
01-15 17:55:13.257 10662 11296 V OpmodeRegistration: registered {RelicRecoveryAutoTest} as {Auto Test}
01-15 17:55:13.286 10662 11296 V HardwareFactory: createHardwareMap()
01-15 17:55:13.286 10662 11296 V WifiDirectInviteMonitor: clearUILynxModule()
01-15 17:55:13.287 10662 10662 I BatteryChecker: percent remaining: 56 is charging: false
01-15 17:55:13.287 10662 11296 V ReadXMLFileHandler: handleLynxModule() mod#=3...
01-15 17:55:13.287 10662 11296 V ConfigurationUtility: buildEmptyLynxModule() mod#=3...
01-15 17:55:13.287 10662 11296 V ConfigurationUtility: ...buildEmptyLynxModule() mod#=3
01-15 17:55:13.287 10662 11296 V ReadXMLFileHandler: ...handleLynxModule() mod#=3
01-15 17:55:13.288 10662 11296 V RobotCore: Creating REV Robotics USB Expansion Hub Portal [DQ1O0P7J]
01-15 17:55:13.288 10662 11296 V LynxUsb : creating new [DQ1O0P7J]: 0x04646d1d
01-15 17:55:13.289 10662 11296 V FtDeviceManager: createDeviceInfoList(): 1 USB devices
01-15 17:55:13.294 10662 11296 V FtDevice: vv********************DQ1O0P7J opening********************vv 0x0ae98c71
01-15 17:55:13.295 10662 11296 V FtDevice: ^^********************DQ1O0P7J opened ********************^^
01-15 17:55:13.295 10662 11296 V FtDevice: resetting DQ1O0P7J
01-15 17:55:13.295 10662 11296 V ThreadPool: container(0x096f7b92: WatchdogMonitor) added id=1015 TID=0 count=1
01-15 17:55:13.300 10662 11296 V LynxUsb : armDevice() serial=DQ1O0P7J...
01-15 17:55:13.300 10662 11296 V LynxModule: resetDevice() serial=DQ1O0P7J
01-15 17:55:13.655 10662 11296 V ThreadPool: container(0x094f9960: lynx dg poller) added id=1016 TID=0 count=1
01-15 17:55:13.655 10662 11296 V LynxUsb : ...done armDevice()
01-15 17:55:13.656 10662 11296 V LynxUsb : 0x0685bede on 0x04646d1d: new delegate to [DQ1O0P7J]
01-15 17:55:13.656 10662 11296 V RobotCore: Creating Lynx Module - mod=3 parent=true
01-15 17:55:13.656 10662 11296 V LynxUsb : addConfiguredModule() module#=3
01-15 17:55:13.656 10662 11296 V LynxModule: pingAndQueryKnownInterfaces mod=3
01-15 17:55:13.658 10662 11296 V ThreadPool: container(0x04ce18bf: lynx module executor) added id=1017 TID=0 count=1
01-15 17:55:13.659 10662 11312 V RobotCore: thread: 'lynx incoming datagrams' starting...
01-15 17:55:13.660 10662 11312 V LynxUsb : synchronization gained: serial=DQ1O0P7J
01-15 17:55:13.663 10662 11296 V LynxModule: queryInterface(DEKA)=49 commands
01-15 17:55:13.670 10662 11296 V LynxModule: mod#=3 intf=DEKA: expected 53 commands; found 49
01-15 17:55:13.677 10662 11296 V LynxModule: sendLEDPatternSteps(): #steps=8
01-15 17:55:13.680 10662 11313 V LynxModule: received status: LynxGetModuleStatusResponse(status=0x02 alerts=0x00: Reset)
01-15 17:55:13.692 10662 11296 V LynxMotor: initializeHardware() mod#=3
01-15 17:55:13.776 10662 11296 V RobotCore: DcMotorImpl(type=RevRoboticsCoreHexMotor)
01-15 17:55:13.783 10662 11296 V RobotCore: DcMotorImpl(type=RevRoboticsCoreHexMotor)
01-15 17:55:13.790 10662 11296 V LynxServoController: initializeHardware() mod#=3
01-15 17:55:13.826 10662 11296 V LynxVoltageSensor: initializeHardware() mod#=3
01-15 17:55:13.827 10662 11296 V LynxPwmOutputController: initializeHardware() mod#=3
01-15 17:55:13.831 10662 11296 W LynxPwmOutputController: LynxSetPWMEnableCommand not implemented by lynx hw; ignoring
01-15 17:55:13.835 10662 11296 W LynxPwmOutputController: LynxSetPWMConfigurationCommand not implemented by lynx hw; ignoring
01-15 17:55:13.839 10662 11296 W LynxPwmOutputController: LynxSetPWMEnableCommand not implemented by lynx hw; ignoring
01-15 17:55:13.844 10662 11296 W LynxPwmOutputController: LynxSetPWMConfigurationCommand not implemented by lynx hw; ignoring
01-15 17:55:13.848 10662 11296 W LynxPwmOutputController: LynxSetPWMEnableCommand not implemented by lynx hw; ignoring
01-15 17:55:13.853 10662 11296 W LynxPwmOutputController: LynxSetPWMConfigurationCommand not implemented by lynx hw; ignoring
01-15 17:55:13.860 10662 11296 W LynxPwmOutputController: LynxSetPWMEnableCommand not implemented by lynx hw; ignoring
01-15 17:55:13.867 10662 11296 W LynxPwmOutputController: LynxSetPWMConfigurationCommand not implemented by lynx hw; ignoring
01-15 17:55:13.867 10662 11296 V LynxAnalogInputController: initializeHardware() mod#=3
01-15 17:55:13.867 10662 11296 V LynxDigitalChannelController: initializeHardware() mod#=3
01-15 17:55:13.894 10662 11296 V RobotCore: Creating user sensor REV Expansion Hub IMU - on Lynx module=3 bus=0
01-15 17:55:13.894 10662 11296 V RobotCore: Creating I2cDeviceSynch (Lynx) - mod=3 bus=0
01-15 17:55:13.894 10662 11296 I RobotCore: LynxFirmwareVersionManager: LynxI2cDeviceSynchV1
01-15 17:55:13.894 10662 11296 V LynxI2cDeviceSynch: initializeHardware() mod#=3
01-15 17:55:13.894 10662 11296 I RobotCore: ========= Device Information ===================================================
01-15 17:55:13.894 10662 11296 I RobotCore: Type                                               Name                           Connection
01-15 17:55:13.895 10662 11296 I RobotCore: REV Expansion Hub IMU                              imu                            USB DQ1O0P7J; module 3; bus 0; addr7=0x00
01-15 17:55:13.895 10662 11296 I RobotCore: Motor                                              glyph_left                     USB DQ1O0P7J; module 3; port 0
01-15 17:55:13.895 10662 11296 I RobotCore: REV Robotics USB Expansion Hub Portal              Expansion Hub Portal 1         USB DQ1O0P7J
01-15 17:55:13.895 10662 11296 I RobotCore: Expansion Hub DC Motor Controller                  Expansion Hub 3                USB DQ1O0P7J; module 3
01-15 17:55:13.895 10662 11296 I RobotCore: Expansion Hub Servo Controller                     Expansion Hub 3                USB DQ1O0P7J; module 3
01-15 17:55:13.895 10662 11296 I RobotCore: Expansion Hub Voltage Sensor                       Expansion Hub 3                USB DQ1O0P7J; module 3
01-15 17:55:13.895 10662 11296 I RobotCore: Expansion Hub Pwm Controller                       Expansion Hub 3                USB DQ1O0P7J; module 3
01-15 17:55:13.895 10662 11296 I RobotCore: Expansion Hub Analog Input Controller              Expansion Hub 3                USB DQ1O0P7J; module 3
01-15 17:55:13.895 10662 11296 I RobotCore: Expansion Hub Digital Channel Controller           Expansion Hub 3                USB DQ1O0P7J; module 3
01-15 17:55:13.899 10662 11296 I RobotCore: Expansion Hub (HW: 20, Maj: 1, Min: 7, Eng: 2)     Expansion Hub 3                USB DQ1O0P7J; module 3
01-15 17:55:13.900 10662 11296 I RobotCore: Motor                                              glyph_right                    USB DQ1O0P7J; module 3; port 2
01-15 17:55:13.900 10662 11296 I FtcEventLoop: ======= INIT FINISH =======
01-15 17:55:13.900 10662 11296 V RobotCore: EventLoopManager state is RUNNING
01-15 17:55:13.900 10662 11296 V RobotCore: Robot Status: running, starting robot
01-15 17:55:13.900 10662 11296 V RobotCore: Robot Status: running
01-15 17:55:13.900 10662 11296 V ThreadPool: container(0x0dbf5f89: executorEventLoop) added id=1018 TID=0 count=1
01-15 17:55:13.901 10662 11296 V RobotCore: thread: ...terminating 'RobotSetupRunnable.run()'
01-15 17:55:13.904 10662 11315 V RobotCore: thread: 'opmode loop()' starting...
01-15 17:55:13.909 10662 11315 D RobotCore: system telemetry: key=$System$None$ msg=""
01-15 17:55:14.411 10662 11315 V ThreadPool: container(0x0d071506: OpModeStuckCodeMonitor) added id=1019 TID=0 count=1
01-15 17:55:14.412 10662 11315 I RobotCore: Attempting to switch to op mode $Stop$Robot$
01-15 17:55:14.950 10662 11315 I RobotCore: robot battery read duration: n=1, mean=6.464ms sd=NaNms
01-15 17:55:18.286 10662 10662 I BatteryChecker: percent remaining: 56 is charging: false
01-15 17:55:34.654 10662 10662 V RCActivity: onPause()
01-15 17:55:34.666 10662 10662 V FtcConfigTag: FtcLoadFileActivity started
01-15 17:55:35.120 10662 10662 V RCActivity: onStop()
01-15 17:55:36.539 10662 10662 V NetDiscover_prefremrc: onSharedPreferenceChanged(name=pref_hardware_config_filename, value={"isDirty":false,"location":"NONE","name":"\u003cNo Config Set\u003e","resourceId":0})
01-15 17:55:36.566 10662 10662 V FtcConfigTag: onCreate()
01-15 17:55:36.583 10662 10662 V ThreadPool: container(0x00745d16: USBScanManager) added id=1020 TID=0 count=1
01-15 17:55:36.584 10662 10662 V ThreadPool: container(0x00745d16: USBScanManager) added id=1021 TID=0 count=2
01-15 17:55:36.584 10662 11322 V FtcConfigTag: scanning USB bus...
01-15 17:55:36.586 10662 11322 V FtDeviceManager: createDeviceInfoList(): 1 USB devices
01-15 17:55:36.586 10662 11322 V USBScan : device count=1
01-15 17:55:36.587 10662 11323 V RobotCore: thread: 'USB bus scan handler' starting...
01-15 17:55:36.587 10662 11323 V FtcConfigTag: doUSBScanAndUpdateUI()...
01-15 17:55:36.587 10662 11322 V ThreadPool: container(0x0ad134a2: hw mgr usb scan) added id=1022 TID=0 count=1
01-15 17:55:36.588 10662 11322 V ThreadPool: waiting for service USB Scanning Service
01-15 17:55:36.589 10662 11324 V USBScan : opening DQ1O0P7J...
01-15 17:55:36.589 10662 11324 V USBScan : RobotCoreException(Unable to open USB device DQ1O0P7J - FT230X First 2.0 [DQ1O0P7J]: FTDI driver failed to open USB device with serial number DQ1O0P7J (returned null device)) exception while opening DQ1O0P7J
01-15 17:55:36.589 10662 11324 V USBScan : ... done opening DQ1O0P7J
01-15 17:55:36.590 10662 11322 V ThreadPool: awaitTermination returned, isTerminated=true
01-15 17:55:36.590 10662 11322 V ThreadPool: executive service USB Scanning Service(0x0ad134a2) is terminated
01-15 17:55:36.590 10662 11322 V USBScan : added extant device DQ1O0P7J type=LYNX_USB_DEVICE
01-15 17:55:36.590 10662 11322 V USBScan : scanForUsbDevices() took 5ms count=1
01-15 17:55:36.590 10662 11322 V FtcConfigTag: .. scanning complete: [DQ1O0P7J]
01-15 17:55:36.590 10662 11323 E FtcConfigTag: scan for devices on USB bus found 1 devices
01-15 17:55:36.590 10662 11323 V FtcConfigTag: buildRobotConfigMapFromScanned(DQ1O0P7J)...
01-15 17:55:36.590 10662 11323 V ConfigurationUtility: buildNewLynxUsbDevice(DQ1O0P7J)...
01-15 17:55:36.590 10662 11322 V FtcConfigTag: discovering lynx modules on lynx device=DQ1O0P7J...
01-15 17:55:36.590 10662 11322 V RobotCore: Creating REV Robotics USB Expansion Hub Portal [DQ1O0P7J]
01-15 17:55:36.591 10662 11322 V LynxUsb : 0x04646d1d: addRef [DQ1O0P7J]=2
01-15 17:55:36.591 10662 11322 V LynxUsb : using existing [DQ1O0P7J]: 0x04646d1d
01-15 17:55:36.591 10662 11322 V LynxUsb : 0x0fd820f0 on 0x04646d1d: new delegate to [DQ1O0P7J]
01-15 17:55:36.591 10662 11322 V LynxUsb : lynx discovery beginning...transmitting LynxDiscoveryCommand()...
01-15 17:55:36.591 10662 11324 V ThreadPool: container(0x0ad134a2: hw mgr usb scan) removed id=1022 TID=11324 count=1
01-15 17:55:36.592 10662 11322 V ThreadPool: container(0x02af5669: lynx module executor) added id=1023 TID=0 count=1
01-15 17:55:36.593 10662 11322 V LynxUsb : discovery waiting 1012ms and 0ns
01-15 17:55:36.594 10662 11312 V LynxUsb : onLynxDiscoveryResponseReceived()... module#=3 isParent=true
01-15 17:55:36.594 10662 11312 V LynxUsb : discovered lynx module#=3 isParent=true
01-15 17:55:36.594 10662 11312 V LynxUsb : ...onLynxDiscoveryResponseReceived()
01-15 17:55:37.605 10662 11322 V LynxUsb : discovery waiting complete: #modules=1
01-15 17:55:37.605 10662 11322 V LynxModule: close()
01-15 17:55:37.605 10662 11322 V ThreadPool: waiting for service lynx module executor
01-15 17:55:37.605 10662 11325 V ThreadPool: container(0x02af5669: lynx module executor) removed id=1023 TID=11325 count=1
01-15 17:55:37.606 10662 11322 V ThreadPool: awaitTermination returned, isTerminated=true
01-15 17:55:37.606 10662 11322 V ThreadPool: executive service lynx module executor(0x02af5669) is terminated
01-15 17:55:37.606 10662 11322 V LynxUsb : ...lynx discovery completed
01-15 17:55:37.606 10662 11322 V LynxUsb : 0x0fd820f0 on 0x04646d1d: releasing delegate to [DQ1O0P7J]
01-15 17:55:37.606 10662 11322 V LynxUsb : 0x04646d1d: releaseRef [DQ1O0P7J]=1
01-15 17:55:37.606 10662 11322 V FtcConfigTag: ...discovering lynx modules complete: [3(true)]
01-15 17:55:37.606 10662 11323 V ConfigurationUtility: buildLynxUsbDevice(): discovered lynx modules: [3(true)]
01-15 17:55:37.606 10662 11323 V ConfigurationUtility: buildEmptyLynxModule() mod#=3...
01-15 17:55:37.607 10662 11323 V ConfigurationUtility: ...buildEmptyLynxModule() mod#=3
01-15 17:55:37.607 10662 11323 V ConfigurationUtility: buildNewLynxUsbDevice(DQ1O0P7J): 1 modules
01-15 17:55:37.607 10662 11323 V ConfigurationUtility: ...buildNewLynxUsbDevice(DQ1O0P7J): 
01-15 17:55:37.607 10662 11323 V FtcConfigTag: ...buildRobotConfigMapFromScanned(DQ1O0P7J)
01-15 17:55:37.608 10662 11323 V FtcConfigTag: ...doUSBScanAndUpdateUI()
01-15 17:55:37.608 10662 11323 V RobotCore: thread: ...terminating 'USB bus scan handler'
01-15 17:55:41.796 10662 10662 I BatteryChecker: percent remaining: 56 is charging: false
01-15 17:55:43.234 10662 10662 I BatteryChecker: percent remaining: 56 is charging: false
01-15 17:55:43.247 10662 11308 V ThreadPool: container(0x01518562: default threadpool) removed id=1012 TID=11308 count=2
01-15 17:55:43.571 10662 11323 V RobotCore: thread: 'USB bus scan handler' starting...
01-15 17:55:43.604 10662 11323 V FtcConfigTag: doUSBScanAndUpdateUI()...
01-15 17:55:43.604 10662 11322 V FtcConfigTag: scanning USB bus...
01-15 17:55:43.606 10662 11322 V FtDeviceManager: createDeviceInfoList(): 1 USB devices
01-15 17:55:43.606 10662 11322 V USBScan : device count=1
01-15 17:55:43.606 10662 11322 V ThreadPool: container(0x04e7fd11: hw mgr usb scan) added id=1024 TID=0 count=1
01-15 17:55:43.607 10662 11322 V ThreadPool: waiting for service USB Scanning Service
01-15 17:55:43.607 10662 11328 V USBScan : opening DQ1O0P7J...
01-15 17:55:43.610 10662 11328 V USBScan : RobotCoreException(Unable to open USB device DQ1O0P7J - FT230X First 2.0 [DQ1O0P7J]: FTDI driver failed to open USB device with serial number DQ1O0P7J (returned null device)) exception while opening DQ1O0P7J
01-15 17:55:43.610 10662 11328 V USBScan : ... done opening DQ1O0P7J
01-15 17:55:43.610 10662 11322 V ThreadPool: awaitTermination returned, isTerminated=true
01-15 17:55:43.610 10662 11328 V ThreadPool: container(0x04e7fd11: hw mgr usb scan) removed id=1024 TID=11328 count=1
01-15 17:55:43.610 10662 11322 V ThreadPool: executive service USB Scanning Service(0x04e7fd11) is terminated
01-15 17:55:43.610 10662 11322 V USBScan : added extant device DQ1O0P7J type=LYNX_USB_DEVICE
01-15 17:55:43.610 10662 11322 V USBScan : scanForUsbDevices() took 5ms count=1
01-15 17:55:43.610 10662 11322 V FtcConfigTag: .. scanning complete: [DQ1O0P7J]
01-15 17:55:43.610 10662 11323 E FtcConfigTag: scan for devices on USB bus found 1 devices
01-15 17:55:43.611 10662 11323 V FtcConfigTag: carrying over DQ1O0P7J
01-15 17:55:43.613 10662 11323 V FtcConfigTag: ...doUSBScanAndUpdateUI()
01-15 17:55:43.613 10662 11323 V RobotCore: thread: ...terminating 'USB bus scan handler'
01-15 17:55:43.901 10662 11296 V ThreadPool: container(0x01518562: default threadpool) removed id=1011 TID=11296 count=1
01-15 17:55:46.296 10662 10662 V RobotCore: FtcNewFileActivity: starting activity com.qualcomm.ftccommon.configuration.EditLynxUsbDeviceActivity code=12
01-15 17:56:12.308 10662 10662 V RobotCore: EditLynxUsbDeviceActivity: backPressed received
01-15 17:56:12.308 10662 10662 V RobotCore: EditLynxUsbDeviceActivity: OK
01-15 17:56:12.323 10662 10662 V RobotCore: FtcNewFileActivity: activity result: code=12 result=-1
01-15 17:56:12.331 10662 10662 V FtcConfigTag: onActivityResult(EDIT_LYNX_USB_DEVICE)
01-15 17:56:13.550 10662 10662 V FtcConfigTag: onBackPressed()
01-15 17:56:13.611 10662 11322 V ThreadPool: container(0x00745d16: USBScanManager) removed id=1020 TID=11322 count=2
01-15 17:56:13.614 10662 11323 V ThreadPool: container(0x00745d16: USBScanManager) removed id=1021 TID=11323 count=1
01-15 17:56:19.717 10662 10662 V RobotCore: FtcNewFileActivity: cancelling
01-15 17:56:19.745 10662 10662 V RobotCore: FtcLoadFileActivity: activity result: code=21 result=0
01-15 17:56:20.087 10662 10662 V FtcConfigTag: FtcConfigurationActivity.onDestroy()
01-15 17:56:20.088 10662 10662 V ThreadPool: executive service USBScanManager service(0x00745d16) is terminated
01-15 17:56:21.231 10662 10662 V RobotCore: FtcLoadFileActivity: backPressed received
01-15 17:56:21.264 10662 10662 V RCActivity: onStart()
01-15 17:56:21.264 10662 10662 V Robocol : EventLoopManager.shutdown()
01-15 17:56:21.264 10662 10662 V ThreadPool: waiting for service EventLoop
01-15 17:56:21.264 10662 11315 V RobotCore: EventLoopRunnable interrupted
01-15 17:56:21.264 10662 11315 V RobotCore: EventLoopManager state is STOPPED
01-15 17:56:21.264 10662 11315 V RobotCore: Robot Status: stopped
01-15 17:56:21.264 10662 11315 I FtcEventLoop: ======= TEARDOWN =======
01-15 17:56:21.265 10662 11316 V ThreadPool: container(0x0d071506: OpModeStuckCodeMonitor) removed id=1019 TID=11316 count=1
01-15 17:56:21.266 10662 11315 V LynxMotor: disengage mod#=3
01-15 17:56:21.266 10662 11315 V LynxServoController: disengage mod#=3
01-15 17:56:21.266 10662 11315 V LynxUsb : 0x0685bede on 0x04646d1d: releasing delegate to [DQ1O0P7J]
01-15 17:56:21.266 10662 11315 V LynxUsb : 0x04646d1d: releaseRef [DQ1O0P7J]=0
01-15 17:56:21.266 10662 11315 V LynxUsb : doClose([DQ1O0P7J])...
01-15 17:56:21.267 10662 11315 V LynxModule: close()
01-15 17:56:21.267 10662 11315 V ThreadPool: waiting for service lynx module executor
01-15 17:56:21.267 10662 11313 V ThreadPool: container(0x04ce18bf: lynx module executor) removed id=1017 TID=11313 count=1
01-15 17:56:21.267 10662 11315 V LynxUsb : disarmDevice() serial=DQ1O0P7J...
01-15 17:56:21.267 10662 11315 V LynxUsb : shutting down incoming datagrams
01-15 17:56:21.267 10662 11315 V ThreadPool: waiting for service Lynx incoming datagram poller
01-15 17:56:21.267 10662 11312 V RobotCore: thread: ...terminating 'lynx incoming datagrams'
01-15 17:56:21.267 10662 11315 V ThreadPool: awaitTerminationOrExitApplication Lynx incoming datagram poller; interrupt thrown
01-15 17:56:21.267 10662 11312 V ThreadPool: container(0x094f9960: lynx dg poller) removed id=1016 TID=11312 count=1
01-15 17:56:21.368 10662 11315 V RobotUsbDeviceFtdi: closing DQ1O0P7J
01-15 17:56:21.368 10662 11315 V FtDevice: vv********************DQ1O0P7J closing********************vv 0x0ae98c71
01-15 17:56:21.368 10662 11315 V FtDevice: DQ1O0P7J stopping thread readBufferManager
01-15 17:56:21.369 10662 11310 V FtDevice: DQ1O0P7J thread readBufferManager is stopped
01-15 17:56:21.369 10662 11315 V FtDevice: DQ1O0P7J stopping thread bulkPacketInWorker
01-15 17:56:21.369 10662 11309 V FtDevice: DQ1O0P7J thread bulkPacketInWorker is stopped
01-15 17:56:21.370 10662 11315 V MonitoredUsbDeviceConnection: closing UsbDeviceConnection(DQ1O0P7J)
01-15 17:56:21.370 10662 11315 D UsbDeviceConnectionJNI: close
01-15 17:56:21.370 10662 11315 V FtDevice: ^^********************DQ1O0P7J closed ********************^^
01-15 17:56:21.371 10662 11315 V LynxUsb : ...done disarmDevice()
01-15 17:56:21.371 10662 11311 V ThreadPool: container(0x096f7b92: WatchdogMonitor) removed id=1015 TID=11311 count=1
01-15 17:56:21.371 10662 11315 V LynxUsb : ...doClose([DQ1O0P7J])
01-15 17:56:21.373 10662 11315 I FtcEventLoop: ======= TEARDOWN COMPLETE =======
01-15 17:56:21.373 10662 11315 V RobotCore: thread: ...terminating 'opmode loop()'
01-15 17:56:21.373 10662 11315 V EventLoopManager: switching to idleEventLoop
01-15 17:56:21.373 10662 11315 I FtcEventLoopIdle: ------- idle init --------
01-15 17:56:21.374 10662 11315 V RobotCore: thread: 'opmode loop()' starting...
01-15 17:56:23.764 10662 10662 V ThreadPool: awaiting shutdown: thread pool="EventLoop" attempt=1
01-15 17:56:23.765 10662 10662 E RobotCore: thread id=1018 tid=11315 name="opmode loop()" 
01-15 17:56:23.765 10662 10662 E RobotCore:     at java.lang.Thread.sleep(Native Method)
01-15 17:56:23.765 10662 10662 E RobotCore:     at java.lang.Thread.sleep(Thread.java:1031)
01-15 17:56:23.765 10662 10662 E RobotCore:     at java.lang.Thread.sleep(Thread.java:985)
01-15 17:56:23.765 10662 10662 E RobotCore:     at com.qualcomm.robotcore.eventloop.EventLoopManager$EventLoopRunnable$1.run(EventLoopManager.java:262)
01-15 17:56:23.765 10662 10662 E RobotCore:     at com.qualcomm.robotcore.util.ThreadPool.logThreadLifeCycle(ThreadPool.java:709)
01-15 17:56:23.765 10662 10662 E RobotCore:     at com.qualcomm.robotcore.eventloop.EventLoopManager$EventLoopRunnable.run(EventLoopManager.java:241)
01-15 17:56:23.765 10662 10662 E RobotCore:     at com.qualcomm.robotcore.eventloop.EventLoopManager$1.run(EventLoopManager.java:580)
01-15 17:56:23.765 10662 10662 E RobotCore:     at java.util.concurrent.ThreadPoolExecutor.runWorker(ThreadPoolExecutor.java:1113)
01-15 17:56:23.765 10662 10662 E RobotCore:     at java.util.concurrent.ThreadPoolExecutor$Worker.run(ThreadPoolExecutor.java:588)
01-15 17:56:23.765 10662 10662 E RobotCore:     at com.qualcomm.robotcore.util.ThreadPool$ThreadFactoryImpl$1.run(ThreadPool.java:764)
01-15 17:56:23.765 10662 10662 E RobotCore:     at java.lang.Thread.run(Thread.java:818)
01-15 17:56:23.766 10662 10662 V ThreadPool: waiting for service EventLoop
01-15 17:56:23.766 10662 11315 V RobotCore: EventLoopRunnable interrupted
01-15 17:56:23.766 10662 11315 V RobotCore: EventLoopManager state is STOPPED
01-15 17:56:23.766 10662 11315 I FtcEventLoopIdle: ------- idle teardown ----
01-15 17:56:23.766 10662 11315 V RobotCore: thread: ...terminating 'opmode loop()'
01-15 17:56:23.767 10662 10662 V ThreadPool: awaitTermination returned, isTerminated=true
01-15 17:56:23.767 10662 11315 V ThreadPool: container(0x0dbf5f89: executorEventLoop) removed id=1018 TID=11315 count=1
01-15 17:56:23.767 10662 10662 V ThreadPool: executive service EventLoop(0x0dbf5f89) is terminated
01-15 17:56:23.767 10662 10662 V RobotCore: EventLoopManager state is STOPPED
01-15 17:56:23.771 10662 10662 V ThreadPool: container(0x01518562: default threadpool) added id=1025 TID=0 count=1
01-15 17:56:23.773 10662 11338 V RobotCore: thread: 'RobotSetupRunnable.run()' starting...
01-15 17:56:23.773 10662 11338 V FTCService: Processing robot setup
01-15 17:56:23.773 10662 10662 V RCActivity: onResume()
01-15 17:56:23.773 10662 11338 V RobotCore: Robot Status: stopped, scanning for USB devices
01-15 17:56:23.775 10662 10662 I Choreographer: Skipped 150 frames!  The application may be doing too much work on its main thread.
01-15 17:56:23.792 10662 10662 W ViewRootImpl: Cancelling event due to no window focus: KeyEvent { action=ACTION_UP, keyCode=KEYCODE_BACK, scanCode=0, metaState=0, flags=0x68, repeatCount=0, eventTime=6870851, downTime=6870700, deviceId=-1, source=0x101 }
01-15 17:56:23.792 10662 10662 W ViewRootImpl: Cancelling event due to no window focus: KeyEvent { action=ACTION_UP, keyCode=KEYCODE_BACK, scanCode=0, metaState=0, flags=0x68, repeatCount=0, eventTime=6870851, downTime=6870700, deviceId=-1, source=0x101 }
01-15 17:56:23.792 10662 10662 W ViewRootImpl: Cancelling event due to no window focus: KeyEvent { action=ACTION_UP, keyCode=KEYCODE_BACK, scanCode=0, metaState=0, flags=0x68, repeatCount=0, eventTime=6870851, downTime=6870700, deviceId=-1, source=0x101 }
01-15 17:56:23.796 10662 10662 W ViewRootImpl: Cancelling event due to no window focus: KeyEvent { action=ACTION_UP, keyCode=KEYCODE_BACK, scanCode=0, metaState=0, flags=0x68, repeatCount=0, eventTime=6870851, downTime=6870700, deviceId=-1, source=0x101 }
01-15 17:56:23.796 10662 10662 W ViewRootImpl: Cancelling event due to no window focus: KeyEvent { action=ACTION_UP, keyCode=KEYCODE_BACK, scanCode=0, metaState=0, flags=0x68, repeatCount=0, eventTime=6870851, downTime=6870700, deviceId=-1, source=0x101 }
01-15 17:56:23.796 10662 10662 W ViewRootImpl: Cancelling event due to no window focus: KeyEvent { action=ACTION_UP, keyCode=KEYCODE_BACK, scanCode=0, metaState=0, flags=0x68, repeatCount=0, eventTime=6870851, downTime=6870700, deviceId=-1, source=0x101 }
01-15 17:56:23.796 10662 10662 W ViewRootImpl: Cancelling event due to no window focus: KeyEvent { action=ACTION_UP, keyCode=KEYCODE_BACK, scanCode=0, metaState=0, flags=0x68, repeatCount=0, eventTime=6870851, downTime=6870700, deviceId=-1, source=0x101 }
01-15 17:56:23.796 10662 10662 W ViewRootImpl: Cancelling event due to no window focus: KeyEvent { action=ACTION_UP, keyCode=KEYCODE_BACK, scanCode=0, metaState=0, flags=0x68, repeatCount=0, eventTime=6870851, downTime=6870700, deviceId=-1, source=0x101 }
01-15 17:56:23.796 10662 10662 W ViewRootImpl: Cancelling event due to no window focus: KeyEvent { action=ACTION_UP, keyCode=KEYCODE_BACK, scanCode=0, metaState=0, flags=0x68, repeatCount=0, eventTime=6870851, downTime=6870700, deviceId=-1, source=0x101 }
01-15 17:56:24.304 10662 10662 V RCActivity: onPause()
01-15 17:56:24.310 10662 10662 V RCActivity: onStop()
01-15 17:56:24.331 10662 10662 V MTPMonitorService: onTrimMemory()
01-15 17:56:24.331 10662 10662 V OnBotJavaService: onTrimMemory()
01-15 17:56:26.638 10662 10662 V AppUtil : rootActivity=FtcRobotControllerActivity destroyed
01-15 17:56:26.638 10662 10662 V RCActivity: onDestroy()
01-15 17:56:26.638 10662 10662 V RobotCore: Robot Status: stopped
01-15 17:56:26.639 10662 10662 V NetDiscover_name: doStop()...
01-15 17:56:26.639 10662 10662 V NetDiscover_name: ...doStop()
01-15 17:56:26.640 10662 11338 V RobotCore: Robot Status: stopped, internal error
01-15 17:56:26.640 10662 11338 V RobotCore: thread: ...terminating 'RobotSetupRunnable.run()'
01-15 17:56:26.644 10662 10662 V ServiceStarter: attempting to stop service FtcRobotControllerWatchdogService
01-15 17:56:27.146 10662 10662 V RobotCore: closing logcat file /storage/emulated/0/robotControllerLog.txt
01-15 17:56:27.187 11361 11361 W ps      : type=1400 audit(0.0:5590): avc: denied { getattr } for uid=10133 path="/proc/1" dev="proc" ino=61133 scontext=u:r:untrusted_app:s0:c512,c768 tcontext=u:r:init:s0 tclass=dir permissive=0
01-15 17:56:27.187 11361 11361 W ps      : type=1400 audit(0.0:5591): avc: denied { search } for uid=10133 name="1" dev="proc" ino=61133 scontext=u:r:untrusted_app:s0:c512,c768 tcontext=u:r:init:s0 tclass=dir permissive=0
01-15 17:56:27.187 11361 11361 W ps      : type=1400 audit(0.0:5592): avc: denied { search } for uid=10133 name="1" dev="proc" ino=61133 scontext=u:r:untrusted_app:s0:c512,c768 tcontext=u:r:init:s0 tclass=dir permissive=0
01-15 17:56:27.187 11361 11361 W ps      : type=1400 audit(0.0:5593): avc: denied { getattr } for uid=10133 path="/proc/2" dev="proc" ino=61134 scontext=u:r:untrusted_app:s0:c512,c768 tcontext=u:r:kernel:s0 tclass=dir permissive=0
01-15 17:56:27.187 11361 11361 W ps      : type=1400 audit(0.0:5594): avc: denied { search } for uid=10133 name="2" dev="proc" ino=61134 scontext=u:r:untrusted_app:s0:c512,c768 tcontext=u:r:kernel:s0 tclass=dir permissive=0
01-15 17:56:27.187 11361 11361 W ps      : type=1400 audit(0.0:5595): avc: denied { search } for uid=10133 name="2" dev="proc" ino=61134 scontext=u:r:untrusted_app:s0:c512,c768 tcontext=u:r:kernel:s0 tclass=dir permissive=0
01-15 17:56:27.187 11361 11361 W ps      : type=1400 audit(0.0:5596): avc: denied { getattr } for uid=10133 path="/proc/3" dev="proc" ino=61135 scontext=u:r:untrusted_app:s0:c512,c768 tcontext=u:r:kernel:s0 tclass=dir permissive=0
01-15 17:56:27.187 11361 11361 W ps      : type=1400 audit(0.0:5597): avc: denied { search } for uid=10133 name="3" dev="proc" ino=61135 scontext=u:r:untrusted_app:s0:c512,c768 tcontext=u:r:kernel:s0 tclass=dir permissive=0
01-15 17:56:27.187 11361 11361 W ps      : type=1400 audit(0.0:5598): avc: denied { search } for uid=10133 name="3" dev="proc" ino=61135 scontext=u:r:untrusted_app:s0:c512,c768 tcontext=u:r:kernel:s0 tclass=dir permissive=0
01-15 17:56:27.187 11361 11361 W ps      : type=1400 audit(0.0:5599): avc: denied { getattr } for uid=10133 path="/proc/5" dev="proc" ino=61136 scontext=u:r:untrusted_app:s0:c512,c768 tcontext=u:r:kernel:s0 tclass=dir permissive=0
01-15 17:56:27.187 11361 11361 W ps      : type=1400 audit(0.0:5600): avc: denied { search } for uid=10133 name="5" dev="proc" ino=61136 scontext=u:r:untrusted_app:s0:c512,c768 tcontext=u:r:kernel:s0 tclass=dir permissive=0
01-15 17:56:27.187 11361 11361 W ps      : type=1400 audit(0.0:5601): avc: denied { search } for uid=10133 name="5" dev="proc" ino=61136 scontext=u:r:untrusted_app:s0:c512,c768 tcontext=u:r:kernel:s0 tclass=dir permissive=0
01-15 17:56:27.187 11361 11361 W ps      : type=1400 audit(0.0:5602): avc: denied { getattr } for uid=10133 path="/proc/6" dev="proc" ino=61137 scontext=u:r:untrusted_app:s0:c512,c768 tcontext=u:r:kernel:s0 tclass=dir permissive=0
01-15 17:56:27.187 11361 11361 W ps      : type=1400 audit(0.0:5603): avc: denied { search } for uid=10133 name="6" dev="proc" ino=61137 scontext=u:r:untrusted_app:s0:c512,c768 tcontext=u:r:kernel:s0 tclass=dir permissive=0
01-15 17:56:27.187 11361 11361 W ps      : type=1400 audit(0.0:5604): avc: denied { search } for uid=10133 name="6" dev="proc" ino=61137 scontext=u:r:untrusted_app:s0:c512,c768 tcontext=u:r:kernel:s0 tclass=dir permissive=0
01-15 17:56:27.187 11361 11361 W ps      : type=1400 audit(0.0:5605): avc: denied { getattr } for uid=10133 path="/proc/7" dev="proc" ino=61138 scontext=u:r:untrusted_app:s0:c512,c768 tcontext=u:r:kernel:s0 tclass=dir permissive=0
01-15 17:56:27.187 11361 11361 W ps      : type=1400 audit(0.0:5606): avc: denied { search } for uid=10133 name="7" dev="proc" ino=61138 scontext=u:r:untrusted_app:s0:c512,c768 tcontext=u:r:kernel:s0 tclass=dir permissive=0
01-15 17:56:27.187 11361 11361 W ps      : type=1400 audit(0.0:5607): avc: denied { search } for uid=10133 name="7" dev="proc" ino=61138 scontext=u:r:untrusted_app:s0:c512,c768 tcontext=u:r:kernel:s0 tclass=dir permissive=0
01-15 17:56:27.187 11361 11361 W ps      : type=1400 audit(0.0:5608): avc: denied { getattr } for uid=10133 path="/proc/8" dev="proc" ino=61139 scontext=u:r:untrusted_app:s0:c512,c768 tcontext=u:r:kernel:s0 tclass=dir permissive=0
01-15 17:56:27.187 11361 11361 W ps      : type=1400 audit(0.0:5609): avc: denied { search } for uid=10133 name="8" dev="proc" ino=61139 scontext=u:r:untrusted_app:s0:c512,c768 tcontext=u:r:kernel:s0 tclass=dir permissive=0
01-15 17:56:27.187 11361 11361 W ps      : type=1400 audit(0.0:5610): avc: denied { search } for uid=10133 name="8" dev="proc" ino=61139 scontext=u:r:untrusted_app:s0:c512,c768 tcontext=u:r:kernel:s0 tclass=dir permissive=0
01-15 17:56:27.187 11361 11361 W ps      : type=1400 audit(0.0:5611): avc: denied { getattr } for uid=10133 path="/proc/9" dev="proc" ino=61140 scontext=u:r:untrusted_app:s0:c512,c768 tcontext=u:r:kernel:s0 tclass=dir permissive=0
01-15 17:56:27.187 11361 11361 W ps      : type=1400 audit(0.0:5612): avc: denied { search } for uid=10133 name="9" dev="proc" ino=61140 scontext=u:r:untrusted_app:s0:c512,c768 tcontext=u:r:kernel:s0 tclass=dir permissive=0
01-15 17:56:27.187 11361 11361 W ps      : type=1400 audit(0.0:5613): avc: denied { search } for uid=10133 name="9" dev="proc" ino=61140 scontext=u:r:untrusted_app:s0:c512,c768 tcontext=u:r:kernel:s0 tclass=dir permissive=0
01-15 17:56:27.187 11361 11361 W ps      : type=1400 audit(0.0:5614): avc: denied { getattr } for uid=10133 path="/proc/10" dev="proc" ino=61141 scontext=u:r:untrusted_app:s0:c512,c768 tcontext=u:r:kernel:s0 tclass=dir permissive=0
01-15 17:56:27.187 11361 11361 W ps      : type=1400 audit(0.0:5615): avc: denied { search } for uid=10133 name="10" dev="proc" ino=61141 scontext=u:r:untrusted_app:s0:c512,c768 tcontext=u:r:kernel:s0 tclass=dir permissive=0
01-15 17:56:27.187 11361 11361 W ps      : type=1400 audit(0.0:5616): avc: denied { search } for uid=10133 name="10" dev="proc" ino=61141 scontext=u:r:untrusted_app:s0:c512,c768 tcontext=u:r:kernel:s0 tclass=dir permissive=0
01-15 17:56:27.187 11361 11361 W ps      : type=1400 audit(0.0:5617): avc: denied { getattr } for uid=10133 path="/proc/11" dev="proc" ino=61142 scontext=u:r:untrusted_app:s0:c512,c768 tcontext=u:r:kernel:s0 tclass=dir permissive=0
01-15 17:56:27.187 11361 11361 W ps      : type=1400 audit(0.0:5618): avc: denied { search } for uid=10133 name="11" dev="proc" ino=61142 scontext=u:r:untrusted_app:s0:c512,c768 tcontext=u:r:kernel:s0 tclass=dir permissive=0
01-15 17:56:27.187 11361 11361 W ps      : type=1400 audit(0.0:5619): avc: denied { search } for uid=10133 name="11" dev="proc" ino=61142 scontext=u:r:untrusted_app:s0:c512,c768 tcontext=u:r:kernel:s0 tclass=dir permissive=0
01-15 17:56:27.187 11361 11361 W ps      : type=1400 audit(0.0:5620): avc: denied { getattr } for uid=10133 path="/proc/12" dev="proc" ino=61143 scontext=u:r:untrusted_app:s0:c512,c768 tcontext=u:r:kernel:s0 tclass=dir permissive=0
01-15 17:56:27.187 11361 11361 W ps      : type=1400 audit(0.0:5621): avc: denied { search } for uid=10133 name="12" dev="proc" ino=61143 scontext=u:r:untrusted_app:s0:c512,c768 tcontext=u:r:kernel:s0 tclass=dir permissive=0
01-15 17:56:27.187 11361 11361 W ps      : type=1400 audit(0.0:5622): avc: denied { search } for uid=10133 name="12" dev="proc" ino=61143 scontext=u:r:untrusted_app:s0:c512,c768 tcontext=u:r:kernel:s0 tclass=dir permissive=0
01-15 17:56:27.187 11361 11361 W ps      : type=1400 audit(0.0:5623): avc: denied { getattr } for uid=10133 path="/proc/14" dev="proc" ino=61144 scontext=u:r:untrusted_app:s0:c512,c768 tcontext=u:r:kernel:s0 tclass=dir permissive=0
01-15 17:56:27.187 11361 11361 W ps      : type=1400 audit(0.0:5624): avc: denied { search } for uid=10133 name="14" dev="proc" ino=61144 scontext=u:r:untrusted_app:s0:c512,c768 tcontext=u:r:kernel:s0 tclass=dir permissive=0
01-15 17:56:27.187 11361 11361 W ps      : type=1400 audit(0.0:5625): avc: denied { search } for uid=10133 name="14" dev="proc" ino=61144 scontext=u:r:untrusted_app:s0:c512,c768 tcontext=u:r:kernel:s0 tclass=dir permissive=0
01-15 17:56:27.187 11361 11361 W ps      : type=1400 audit(0.0:5626): avc: denied { getattr } for uid=10133 path="/proc/15" dev="proc" ino=61145 scontext=u:r:untrusted_app:s0:c512,c768 tcontext=u:r:kernel:s0 tclass=dir permissive=0
01-15 17:56:27.187 11361 11361 W ps      : type=1400 audit(0.0:5627): avc: denied { search } for uid=10133 name="15" dev="proc" ino=61145 scontext=u:r:untrusted_app:s0:c512,c768 tcontext=u:r:kernel:s0 tclass=dir permissive=0
01-15 17:56:27.187 11361 11361 W ps      : type=1400 audit(0.0:5628): avc: denied { search } for uid=10133 name="15" dev="proc" ino=61145 scontext=u:r:untrusted_app:s0:c512,c768 tcontext=u:r:kernel:s0 tclass=dir permissive=0
01-15 17:56:27.217 10662 10662 V RobotCore: Killing PID 10686
01-15 17:56:27.329 10662 10662 V OnBotJavaService: onTaskRemoved()
01-15 17:56:27.329 10662 10662 V MTPMonitorService: onTaskRemoved()
01-15 17:56:27.329 10662 10662 V FTCService: onUnbind()
01-15 17:56:27.329 10662 10662 V WifiDirect: There are 1 Wifi Direct Assistant Clients (-)
01-15 17:56:27.329 10662 10662 V RobotCore: Robot Status: stopped
01-15 17:56:27.330 10662 10662 V Robocol : EventLoopManager.close()
01-15 17:56:27.330 10662 10662 V ThreadPool: waiting for service ReceiveLoopService
01-15 17:56:27.383 10662 10755 V RobotCore: thread: ...terminating 'RecvLoopRunnable.run()'
01-15 17:56:27.383 10662 10662 V ThreadPool: awaitTermination returned, isTerminated=true
01-15 17:56:27.383 10662 10662 V ThreadPool: executive service ReceiveLoopService(0x01f3c80a) is terminated
01-15 17:56:27.383 10662 10662 V PeerDiscovery: Stopping peer discovery
01-15 17:56:27.383 10662 10662 V FTCService: onDestroy()
01-15 17:56:27.383 10662 10662 V WebServer: stopping port=8080
01-15 17:56:27.384 10662 10662 V WifiDirect: There are 0 Wifi Direct Assistant Clients (-)
01-15 17:56:27.385 10662 10662 V WifiDirect: Disabling Wifi Direct Assistant
01-15 17:56:27.385 10662 10662 V WifiDirectInviteMonitor: stopMonitoring()
01-15 17:56:27.387 10662 10662 V WebServer: stopped port=8080
01-15 17:56:27.387 10662 10662 V FtcRobotControllerWatchdogService: onDestroy()
01-15 17:56:27.387 10662 10662 I Choreographer: Skipped 44 frames!  The application may be doing too much work on its main thread.
01-15 17:56:49.666 11372 11372 I art     : Late-enabling -Xcheck:jni
01-15 17:56:49.724 11372 11372 V AppUtil : initializing: getExternalStorageDirectory()=/storage/emulated/0
01-15 17:56:49.729 11372 11385 V RobotCore: saving logcat to /storage/emulated/0/robotControllerLog.txt
01-15 17:56:49.729 11372 11385 V RobotCore: logging command line: logcat -f /storage/emulated/0/robotControllerLog.txt -r4096 -n4 -v threadtime UsbRequestJNI:S UsbRequest:S *:V
01-15 17:56:49.734 11372 11372 V ServiceStarter: attempting to start service MediaTransferProtocolMonitorService
01-15 17:56:49.735 11372 11372 V ServiceStarter: started service MediaTransferProtocolMonitorService
01-15 17:56:49.736 11372 11372 V ServiceStarter: attempting to start service OnBotJavaService
01-15 17:56:49.746 11372 11372 V ServiceStarter: started service OnBotJavaService
01-15 17:56:49.760 11372 11372 V AppUtil : rootActivity=FtcRobotControllerActivity
01-15 17:56:49.760 11372 11372 V RCActivity: onCreate()
01-15 17:56:49.777 11387 11387 W ps      : type=1400 audit(0.0:6898): avc: denied { getattr } for uid=10133 path="/proc/1" dev="proc" ino=61133 scontext=u:r:untrusted_app:s0:c512,c768 tcontext=u:r:init:s0 tclass=dir permissive=0
01-15 17:56:49.777 11387 11387 W ps      : type=1400 audit(0.0:6899): avc: denied { search } for uid=10133 name="1" dev="proc" ino=61133 scontext=u:r:untrusted_app:s0:c512,c768 tcontext=u:r:init:s0 tclass=dir permissive=0
01-15 17:56:49.777 11387 11387 W ps      : type=1400 audit(0.0:6900): avc: denied { search } for uid=10133 name="1" dev="proc" ino=61133 scontext=u:r:untrusted_app:s0:c512,c768 tcontext=u:r:init:s0 tclass=dir permissive=0
01-15 17:56:49.777 11387 11387 W ps      : type=1400 audit(0.0:6901): avc: denied { getattr } for uid=10133 path="/proc/2" dev="proc" ino=61134 scontext=u:r:untrusted_app:s0:c512,c768 tcontext=u:r:kernel:s0 tclass=dir permissive=0
01-15 17:56:49.777 11387 11387 W ps      : type=1400 audit(0.0:6902): avc: denied { search } for uid=10133 name="2" dev="proc" ino=61134 scontext=u:r:untrusted_app:s0:c512,c768 tcontext=u:r:kernel:s0 tclass=dir permissive=0
01-15 17:56:49.777 11387 11387 W ps      : type=1400 audit(0.0:6903): avc: denied { search } for uid=10133 name="2" dev="proc" ino=61134 scontext=u:r:untrusted_app:s0:c512,c768 tcontext=u:r:kernel:s0 tclass=dir permissive=0
01-15 17:56:49.777 11387 11387 W ps      : type=1400 audit(0.0:6904): avc: denied { getattr } for uid=10133 path="/proc/3" dev="proc" ino=61135 scontext=u:r:untrusted_app:s0:c512,c768 tcontext=u:r:kernel:s0 tclass=dir permissive=0
01-15 17:56:49.777 11387 11387 W ps      : type=1400 audit(0.0:6905): avc: denied { search } for uid=10133 name="3" dev="proc" ino=61135 scontext=u:r:untrusted_app:s0:c512,c768 tcontext=u:r:kernel:s0 tclass=dir permissive=0
01-15 17:56:49.777 11387 11387 W ps      : type=1400 audit(0.0:6906): avc: denied { search } for uid=10133 name="3" dev="proc" ino=61135 scontext=u:r:untrusted_app:s0:c512,c768 tcontext=u:r:kernel:s0 tclass=dir permissive=0
01-15 17:56:49.777 11387 11387 W ps      : type=1400 audit(0.0:6907): avc: denied { getattr } for uid=10133 path="/proc/5" dev="proc" ino=61136 scontext=u:r:untrusted_app:s0:c512,c768 tcontext=u:r:kernel:s0 tclass=dir permissive=0
01-15 17:56:49.777 11387 11387 W ps      : type=1400 audit(0.0:6908): avc: denied { search } for uid=10133 name="5" dev="proc" ino=61136 scontext=u:r:untrusted_app:s0:c512,c768 tcontext=u:r:kernel:s0 tclass=dir permissive=0
01-15 17:56:49.777 11387 11387 W ps      : type=1400 audit(0.0:6909): avc: denied { search } for uid=10133 name="5" dev="proc" ino=61136 scontext=u:r:untrusted_app:s0:c512,c768 tcontext=u:r:kernel:s0 tclass=dir permissive=0
01-15 17:56:49.777 11387 11387 W ps      : type=1400 audit(0.0:6910): avc: denied { getattr } for uid=10133 path="/proc/6" dev="proc" ino=61137 scontext=u:r:untrusted_app:s0:c512,c768 tcontext=u:r:kernel:s0 tclass=dir permissive=0
01-15 17:56:49.777 11387 11387 W ps      : type=1400 audit(0.0:6911): avc: denied { search } for uid=10133 name="6" dev="proc" ino=61137 scontext=u:r:untrusted_app:s0:c512,c768 tcontext=u:r:kernel:s0 tclass=dir permissive=0
01-15 17:56:49.777 11387 11387 W ps      : type=1400 audit(0.0:6912): avc: denied { search } for uid=10133 name="6" dev="proc" ino=61137 scontext=u:r:untrusted_app:s0:c512,c768 tcontext=u:r:kernel:s0 tclass=dir permissive=0
01-15 17:56:49.777 11387 11387 W ps      : type=1400 audit(0.0:6913): avc: denied { getattr } for uid=10133 path="/proc/7" dev="proc" ino=61138 scontext=u:r:untrusted_app:s0:c512,c768 tcontext=u:r:kernel:s0 tclass=dir permissive=0
01-15 17:56:49.777 11387 11387 W ps      : type=1400 audit(0.0:6914): avc: denied { search } for uid=10133 name="7" dev="proc" ino=61138 scontext=u:r:untrusted_app:s0:c512,c768 tcontext=u:r:kernel:s0 tclass=dir permissive=0
01-15 17:56:49.777 11387 11387 W ps      : type=1400 audit(0.0:6915): avc: denied { search } for uid=10133 name="7" dev="proc" ino=61138 scontext=u:r:untrusted_app:s0:c512,c768 tcontext=u:r:kernel:s0 tclass=dir permissive=0
01-15 17:56:49.777 11387 11387 W ps      : type=1400 audit(0.0:6916): avc: denied { getattr } for uid=10133 path="/proc/8" dev="proc" ino=61139 scontext=u:r:untrusted_app:s0:c512,c768 tcontext=u:r:kernel:s0 tclass=dir permissive=0
01-15 17:56:49.777 11387 11387 W ps      : type=1400 audit(0.0:6917): avc: denied { search } for uid=10133 name="8" dev="proc" ino=61139 scontext=u:r:untrusted_app:s0:c512,c768 tcontext=u:r:kernel:s0 tclass=dir permissive=0
01-15 17:56:49.778 11372 11372 V ThreadPool: container(0x052f8121: CallbackLooper) added id=838 TID=0 count=1
01-15 17:56:49.779 11372 11389 V CallbackLooper: thread=838
01-15 17:56:49.782 11372 11372 V NetDiscover_wifiDirectAgent: doStart()...
01-15 17:56:49.787 11372 11389 V NetDiscover_wifiDirectAgent_bcast: wifiP2pEnabled=true
01-15 17:56:49.788 11372 11372 V NetDiscover_wifiDirectAgent: ...doStart()
01-15 17:56:49.788 11372 11372 V NetDiscover_name: doStart()...
01-15 17:56:49.788 11372 11372 V NetDiscover_name: ...doStart()
