01-15 18:09:17.354 11684 11684 I art     : Rejecting re-init on previously-failed class java.lang.Class<com.android.webview.chromium.ServiceWorkerControllerAdapter>
01-15 18:09:17.363 11684 11684 I cr_LibraryLoader: Time to load native libraries: 2 ms (timestamps 5584-5586)
01-15 18:09:17.395 11684 11684 I chromium: [INFO:library_loader_hooks.cc(136)] Chromium logging enabled: level = 0, default verbosity = 0
01-15 18:09:17.395 11684 11684 I cr_LibraryLoader: Expected native library version number "61.0.3163.98", actual native library version number "61.0.3163.98"
01-15 18:09:17.430 11684 11684 I cr_BrowserStartup: Initializing chromium process, singleProcess=true
01-15 18:09:17.464 11684 11684 I Adreno-EGL: <qeglDrvAPI_eglInitialize:379>: EGL 1.4 QUALCOMM build:  (Ifd751822f5)
01-15 18:09:17.464 11684 11684 I Adreno-EGL: OpenGL ES Shader Compiler Version: XE031.06.00.05
01-15 18:09:17.464 11684 11684 I Adreno-EGL: Build Date: 01/26/16 Tue
01-15 18:09:17.464 11684 11684 I Adreno-EGL: Local Branch: AU12_SBA
01-15 18:09:17.464 11684 11684 I Adreno-EGL: Remote Branch: 
01-15 18:09:17.464 11684 11684 I Adreno-EGL: Local Patches: 
01-15 18:09:17.464 11684 11684 I Adreno-EGL: Reconstruct Branch: 
01-15 18:09:17.586 11684 11684 V OnBotJava: OnBotJavaManager::static
01-15 18:09:17.645 11684 11684 V OnBotJava: getCurrentOutputJarDir() unavailable
01-15 18:09:17.646 11684 11684 V OnBotJava: getCurrentOutputJarDir() unavailable
01-15 18:09:19.255 11684 11684 V RobotCore: Network: inactive, disconnected
01-15 18:09:19.256 11684 11684 V ServiceStarter: attempting to start service FtcRobotControllerWatchdogService
01-15 18:09:19.257 11684 11684 V ServiceStarter: started service FtcRobotControllerWatchdogService
01-15 18:09:19.262 11684 11684 V RobotCore: BuildConfig: versionCode=25 versionName=3.5 module=com.qualcomm.ftcrobotcontroller
01-15 18:09:19.263 11684 11684 V RobotCore: BuildConfig: versionCode=37 versionName=5.15 module=com.qualcomm.robotcore
01-15 18:09:19.263 11684 11684 V RobotCore: BuildConfig: versionCode=37 versionName=5.15 module=com.qualcomm.hardware
01-15 18:09:19.263 11684 11684 V RobotCore: BuildConfig: versionCode=37 versionName=5.15 module=com.qualcomm.ftccommon
01-15 18:09:19.263 11684 11684 V RobotCore: BuildConfig: versionCode=37 versionName=5.15 module=com.google.blocks
01-15 18:09:19.263 11684 11684 V RobotCore: BuildConfig: versionCode=37 versionName=5.15 module=org.firstinspires.inspection
01-15 18:09:19.264 11684 11684 V RCActivity: onStart()
01-15 18:09:19.265 11684 11684 V RCActivity: onResume()
01-15 18:09:19.273 11684 11730 D OpenGLRenderer: Use EGL_SWAP_BEHAVIOR_PRESERVED: true
01-15 18:09:19.320 11684 11684 V MTPMonitorService: onCreate()
01-15 18:09:19.320 11684 11684 V MTPMonitorService: onStartCommand() intent=Intent { cmp=com.qualcomm.ftcrobotcontroller/org.firstinspires.ftc.robotcore.internal.files.MediaTransferProtocolMonitorService } flags=0x0 startId=1
01-15 18:09:19.320 11684 11684 V ThreadPool: container(0x061d3dda: MTPMonitor) added id=861 TID=0 count=1
01-15 18:09:19.321 11684 11684 V MTPMonitor: observing: /storage/emulated/0
01-15 18:09:19.323 11684 11684 W FileObserverManager: upgrading mask: path=/storage/emulated/0/FIRST/blocks old=0x00000ffc new=0x00004ffc: might possibly miss event
01-15 18:09:19.325 11684 11684 W FileObserverManager: upgrading mask: path=/storage/emulated/0/FIRST/java/status old=0x00000ffc new=0x00004ffc: might possibly miss event
01-15 18:09:19.383 11684 11684 V OnBotJavaService: onCreate()
01-15 18:09:19.383 11684 11684 V OnBotJavaService: onStartCommand() intent=Intent { cmp=com.qualcomm.ftcrobotcontroller/org.firstinspires.ftc.robotcore.internal.opmode.OnBotJavaService } flags=0x0 startId=1
01-15 18:09:19.383 11684 11684 V OnBotJava: ctor()...
01-15 18:09:19.384 11684 11684 V OnBotJava: ...ctor()
01-15 18:09:19.391 11684 11684 V FtcRobotControllerWatchdogService: onCreate()
01-15 18:09:19.391 11684 11684 V FtcRobotControllerWatchdogService: onStartCommand() intent=Intent { cmp=com.qualcomm.ftcrobotcontroller/org.firstinspires.ftc.ftccommon.internal.FtcRobotControllerWatchdogService } flags=0x0 startId=1
01-15 18:09:19.392 11684 11684 V FtcRobotControllerWatchdogService: shouldAutoLauchRobotController() result=false
01-15 18:09:19.392 11684 11684 V WebServer: creating NanoHTTPD(8080)
01-15 18:09:19.401 11684 11684 V FTCService: onCreate()
01-15 18:09:19.401 11684 11684 V FTCService: onBind()
01-15 18:09:19.401 11684 11684 V FTCService: Android Device: maker=motorola model=XT1609 sdk=23
01-15 18:09:19.404 11684 11684 V RobotCore: Getting network assistant of type: WIFIDIRECT
01-15 18:09:19.406 11684 11684 V NetDiscover_prefremrc: onSharedPreferenceChanged(name=pref_wifip2p_groupowner_connectedto, value=null)
01-15 18:09:19.406 11684 11684 V WifiDirect: There are 1 Wifi Direct Assistant Clients (+)
01-15 18:09:19.406 11684 11684 V WifiDirect: Enabling Wifi Direct Assistant
01-15 18:09:19.408 11684 11684 V WifiDirectInviteMonitor: startMonitoring()
01-15 18:09:19.438 11684 11730 I OpenGLRenderer: Initialized EGL, version 1.4
01-15 18:09:19.452 11684 11684 D WifiDirect: broadcast: state - enabled: true
01-15 18:09:19.452 11684 11684 D WifiDirect: broadcast: connection changed: connectStatus=NOT_CONNECTED networkInfo.state=CONNECTED
01-15 18:09:19.452 11684 11684 V WifiDirect: writing pref name=pref_wifip2p_groupowner_connectedto value=
01-15 18:09:19.452 11684 11684 V NetDiscover_prefremrc: onSharedPreferenceChanged(name=pref_wifip2p_groupowner_connectedto, value=)
01-15 18:09:19.453 11684 11684 D WifiDirect: broadcast: this device changed
01-15 18:09:19.453 11684 11684 V WifiDirect: device information: 12611-RC 80:58:f8:58:99:a3
01-15 18:09:19.453 11684 11684 V FTCService: RCActivity.controllerService=bound
01-15 18:09:19.453 11684 11684 V RobotCore: Network: unknown, disconnected
01-15 18:09:19.454 11684 11684 V RobotCore: Robot Status: stopped
01-15 18:09:19.459 11684 11684 V ThreadPool: container(0x06e43c2d: default threadpool) added id=864 TID=0 count=1
01-15 18:09:19.461 11684 11734 V RobotCore: thread: 'RobotSetupRunnable.run()' starting...
01-15 18:09:19.461 11684 11734 V FTCService: Processing robot setup
01-15 18:09:19.461 11684 11734 V RobotCore: Robot Status: stopped, scanning for USB devices
01-15 18:09:19.475 11684 11684 D WifiDirect: cannot create group, does group already exist?
01-15 18:09:19.514 11684 11684 D WifiDirect: group owners address: /192.168.49.1
01-15 18:09:19.514 11684 11684 D WifiDirect: group formed, this device is the group owner (GO)
01-15 18:09:19.514 11684 11684 I FTCService: Wifi Direct - connected as group owner
01-15 18:09:19.520 11684 11684 V RobotCore: Network: enabled, disconnected
01-15 18:09:19.549 11684 11684 V WifiDirect: connection information available
01-15 18:09:19.549 11684 11684 V WifiDirect: connection information - groupOwnerName = 12611-RC
01-15 18:09:19.549 11684 11684 V WifiDirect: connection information - groupOwnerMacAddress = 80:58:f8:58:99:a3
01-15 18:09:19.550 11684 11684 V WifiDirect: connection information - groupInterface = p2p0
01-15 18:09:19.550 11684 11684 V WifiDirect: connection information - groupNetworkName = DIRECT-yh-12611-RC
01-15 18:09:19.550 11684 11684 I FTCService: Network Connection Passphrase: 31hLkFft
01-15 18:09:19.550 11684 11684 V WebServer: starting port=8080
01-15 18:09:19.561 11684 11684 V RobotCore: Getting network assistant of type: WIFIDIRECT
01-15 18:09:19.561 11684 11684 V WifiDirect: There are 2 Wifi Direct Assistant Clients (+)
01-15 18:09:19.561 11684 11684 V WebServer: started port=8080
01-15 18:09:19.561 11684 11684 V RobotCore: Network: active, disconnected
01-15 18:09:24.462 11684 11734 V RobotCore: EventLoopManager state is NOT_STARTED
01-15 18:09:24.463 11684 11734 V RobotCore: Robot Status: stopped, waiting for Wifi to enable
01-15 18:09:24.465 11684 11734 V RobotCore: Robot Status: stopped, waiting for Wifi Direct to enable
01-15 18:09:24.466 11684 11734 V RobotCore: Robot Status: stopped, waiting for network to become active
01-15 18:09:24.466 11684 11734 V RobotCore: Robot Status: stopped, starting robot
01-15 18:09:24.466 11684 11734 V Robocol : EventLoopManager.start()
01-15 18:09:24.467 11684 11734 V RobotCore: Getting network assistant of type: WIFIDIRECT
01-15 18:09:24.467 11684 11734 V Robocol : Spoofing a Network Connection event...
01-15 18:09:24.468 11684 11734 V ThreadPool: executive service EventLoop(0x0fb1d610) is terminated
01-15 18:09:24.468 11684 11734 V RobotCore: EventLoopManager state is STOPPED
01-15 18:09:24.471 11684 11740 V RobotCore: thread: 'SetupRunnable.run()' starting...
01-15 18:09:24.474 11684 11734 V Robocol : eventLoop=FtcEventLoop
01-15 18:09:24.474 11684 11734 V RobotCore: EventLoopManager state is INIT
01-15 18:09:24.474 11684 11734 V RobotCore: Robot Status: initializing, starting robot
01-15 18:09:24.475 11684 11734 I FtcEventLoop: ======= INIT START =======
01-15 18:09:24.478 11684 11734 V OpmodeRegistration: registered {DefaultOpMode} as {$Stop$Robot$}
01-15 18:09:24.484 11684 11684 D WifiDirect: cannot create group, does group already exist?
01-15 18:09:24.486 11684 11734 V FileBasedLock: locked /storage/emulated/0/FIRST/blocks/projectslock/lock.dat
01-15 18:09:24.487 11684 11734 V ThreadPool: container(0x06e43c2d: default threadpool) added id=869 TID=0 count=2
01-15 18:09:24.489 11684 11734 V FileBasedLock: unlocking /storage/emulated/0/FIRST/blocks/projectslock/lock.dat
01-15 18:09:24.496 11684 11734 V OpmodeRegistration: registered {TestGlyphCollector2} as {Test Glyph Pickup Encoder}
01-15 18:09:24.497 11684 11734 V OpmodeRegistration: registered {RelicRecoveryAutoRed1} as {Auto Red 1}
01-15 18:09:24.497 11684 11734 V OpmodeRegistration: registered {RelicRecoveryAutoBlue1} as {Auto Blue 1}
01-15 18:09:24.498 11684 11734 V OpmodeRegistration: registered {RelicRecoveryTileRunnerTeleOpsLinear} as {Tile Runner (New) TeleOps }
01-15 18:09:24.498 11684 11734 V OpmodeRegistration: registered {TestGlyphCollector} as {Test Glyph Pickup}
01-15 18:09:24.499 11684 11734 V OpmodeRegistration: registered {SensorREVColorDistance} as {Sensor: REVColorDistance}
01-15 18:09:24.499 11684 11734 V OpmodeRegistration: registered {SensorTest} as {Sensor Test}
01-15 18:09:24.500 11684 11734 V OpmodeRegistration: registered {RelicRecoveryAutoBlue2} as {Auto Blue 2}
01-15 18:09:24.501 11684 11734 V OpmodeRegistration: registered {SensorMRRangeColorSensor} as {Sensor: MR range & Color sensor}
01-15 18:09:24.502 11684 11734 V OpmodeRegistration: registered {TestGlyphCollector3} as {Test Glyph Pickup Reverse}
01-15 18:09:24.503 11684 11734 V OpmodeRegistration: registered {RelicRecoveryAutoTest} as {Auto Test}
01-15 18:09:24.504 11684 11734 V OpmodeRegistration: registered {RelicRecoveryAutoRed2} as {Auto Red 2}
01-15 18:09:24.504 11684 11734 V OpmodeRegistration: registered {RelicRecoveryTeleOpsLinear} as {Relic Recovery TeleOps (Linear)}
01-15 18:09:24.513 11684 11740 D Robocol : RobocolDatagramSocket listening addr=/192.168.49.1:20884 cbRec=65520 cbSend=163840 msRecTO=300
01-15 18:09:24.513 11684 11740 V Robocol : RecvLoopRunnable created
01-15 18:09:24.514 11684 11740 V PeerDiscovery: Starting peer discovery
01-15 18:09:24.514 11684 11740 V PeerDiscovery: No need for peer discovery, we are the peer discovery device
01-15 18:09:24.514 11684 11740 V RobotCore: Setup complete
01-15 18:09:24.515 11684 11740 V RobotCore: thread: ...terminating 'SetupRunnable.run()'
01-15 18:09:24.515 11684 11743 V RobotCore: thread: 'RecvLoopRunnable.run()' starting...
01-15 18:09:24.538 11684 11734 V HardwareFactory: createHardwareMap()
01-15 18:09:24.538 11684 11734 V WifiDirectInviteMonitor: clearUILynxModule()
01-15 18:09:24.538 11684 11684 I BatteryChecker: percent remaining: 53 is charging: false
01-15 18:09:24.542 11684 11734 V ReadXMLFileHandler: handleLynxModule() mod#=2...
01-15 18:09:24.542 11684 11734 V ConfigurationUtility: buildEmptyLynxModule() mod#=2...
01-15 18:09:24.542 11684 11734 V ConfigurationUtility: ...buildEmptyLynxModule() mod#=2
01-15 18:09:24.543 11684 11734 V ReadXMLFileHandler: ...handleLynxModule() mod#=2
01-15 18:09:24.543 11684 11734 V RobotCore: Creating REV Robotics USB Expansion Hub Portal [DQ16V4CE]
01-15 18:09:24.544 11684 11734 V LynxUsb : creating new [DQ16V4CE]: 0x008cf7b1
01-15 18:09:24.552 11684 11734 V ThreadPool: container(0x03639496: WatchdogMonitor) added id=872 TID=0 count=1
01-15 18:09:24.559 11684 11734 V FtDevice: initialize(vid=0x0403 pid=0x6015 bcdDevice=0x1000)
01-15 18:09:24.560 11684 11734 V MonitoredUsbDeviceConnection: closing UsbDeviceConnection(DQ16V4CE)
01-15 18:09:24.560 11684 11734 D UsbDeviceConnectionJNI: close
01-15 18:09:24.560 11684 11734 V MonitoredUsbDeviceConnection: closing UsbDeviceConnection(DQ16V4CE)
01-15 18:09:24.560 11684 11734 D UsbDeviceConnectionJNI: close
01-15 18:09:24.560 11684 11734 V FtDeviceManager: createDeviceInfoList(): 1 USB devices
01-15 18:09:24.561 11684 11744 V ThreadPool: container(0x03639496: WatchdogMonitor) removed id=872 TID=11744 count=1
01-15 18:09:24.564 11684 11734 V FtDevice: vv********************DQ16V4CE opening********************vv 0x0ac85ded
01-15 18:09:24.566 11684 11734 V FtDevice: ^^********************DQ16V4CE opened ********************^^
01-15 18:09:24.566 11684 11734 V FtDevice: resetting DQ16V4CE
01-15 18:09:24.566 11684 11734 V ThreadPool: container(0x02024404: WatchdogMonitor) added id=875 TID=0 count=1
01-15 18:09:24.573 11684 11734 V LynxUsb : armDevice() serial=DQ16V4CE...
01-15 18:09:24.573 11684 11734 V LynxModule: resetDevice() serial=DQ16V4CE
01-15 18:09:24.813 11684 11743 E Robocol : exception SocketTimeoutException(null): no packet received [libcore.io.IoBridge.maybeThrowAfterRecvfrom(IoBridge.java:594)]
01-15 18:09:24.929 11684 11734 V ThreadPool: container(0x02852eb3: lynx dg poller) added id=876 TID=0 count=1
01-15 18:09:24.930 11684 11734 V LynxUsb : ...done armDevice()
01-15 18:09:24.930 11684 11734 V LynxUsb : 0x0dd9ebe9 on 0x008cf7b1: new delegate to [DQ16V4CE]
01-15 18:09:24.931 11684 11734 V RobotCore: Creating Lynx Module - mod=2 parent=true
01-15 18:09:24.931 11684 11749 V RobotCore: thread: 'lynx incoming datagrams' starting...
01-15 18:09:24.933 11684 11734 V LynxUsb : addConfiguredModule() module#=2
01-15 18:09:24.933 11684 11734 V LynxModule: pingAndQueryKnownInterfaces mod=2
01-15 18:09:24.937 11684 11734 V ThreadPool: container(0x035c5da5: lynx module executor) added id=877 TID=0 count=1
01-15 18:09:24.938 11684 11749 V LynxUsb : synchronization gained: serial=DQ16V4CE
01-15 18:09:24.953 11684 11734 V LynxModule: queryInterface(DEKA)=49 commands
01-15 18:09:24.961 11684 11734 V LynxModule: mod#=2 intf=DEKA: expected 53 commands; found 49
01-15 18:09:24.966 11684 11734 V LynxModule: sendLEDPatternSteps(): #steps=6
01-15 18:09:24.969 11684 11750 V LynxModule: received status: LynxGetModuleStatusResponse(status=0x02 alerts=0x00: Reset)
01-15 18:09:24.979 11684 11734 V LynxMotor: initializeHardware() mod#=2
01-15 18:09:25.067 11684 11734 V RobotCore: DcMotorImpl(type=RevRoboticsCoreHexMotor)
01-15 18:09:25.074 11684 11734 V RobotCore: DcMotorImpl(type=RevRoboticsCoreHexMotor)
01-15 18:09:25.081 11684 11734 V LynxServoController: initializeHardware() mod#=2
01-15 18:09:25.118 11684 11734 V LynxVoltageSensor: initializeHardware() mod#=2
01-15 18:09:25.118 11684 11734 V LynxPwmOutputController: initializeHardware() mod#=2
01-15 18:09:25.124 11684 11734 W LynxPwmOutputController: LynxSetPWMEnableCommand not implemented by lynx hw; ignoring
01-15 18:09:25.128 11684 11734 W LynxPwmOutputController: LynxSetPWMConfigurationCommand not implemented by lynx hw; ignoring
01-15 18:09:25.133 11684 11734 W LynxPwmOutputController: LynxSetPWMEnableCommand not implemented by lynx hw; ignoring
01-15 18:09:25.136 11684 11734 W LynxPwmOutputController: LynxSetPWMConfigurationCommand not implemented by lynx hw; ignoring
01-15 18:09:25.140 11684 11734 W LynxPwmOutputController: LynxSetPWMEnableCommand not implemented by lynx hw; ignoring
01-15 18:09:25.145 11684 11734 W LynxPwmOutputController: LynxSetPWMConfigurationCommand not implemented by lynx hw; ignoring
01-15 18:09:25.148 11684 11734 W LynxPwmOutputController: LynxSetPWMEnableCommand not implemented by lynx hw; ignoring
01-15 18:09:25.152 11684 11734 W LynxPwmOutputController: LynxSetPWMConfigurationCommand not implemented by lynx hw; ignoring
01-15 18:09:25.153 11684 11734 V LynxAnalogInputController: initializeHardware() mod#=2
01-15 18:09:25.153 11684 11734 V LynxDigitalChannelController: initializeHardware() mod#=2
01-15 18:09:25.179 11684 11734 V RobotCore: Creating user sensor REV Expansion Hub IMU - on Lynx module=2 bus=0
01-15 18:09:25.179 11684 11734 V RobotCore: Creating I2cDeviceSynch (Lynx) - mod=2 bus=0
01-15 18:09:25.179 11684 11734 I RobotCore: LynxFirmwareVersionManager: LynxI2cDeviceSynchV1
01-15 18:09:25.180 11684 11734 V LynxI2cDeviceSynch: initializeHardware() mod#=2
01-15 18:09:25.184 11684 11734 I RobotCore: ========= Device Information ===================================================
01-15 18:09:25.184 11684 11734 I RobotCore: Type                                               Name                           Connection
01-15 18:09:25.184 11684 11734 I RobotCore: REV Expansion Hub IMU                              imu                            USB DQ16V4CE; module 2; bus 0; addr7=0x00
01-15 18:09:25.185 11684 11734 I RobotCore: Motor                                              glyph_left                     USB DQ16V4CE; module 2; port 2
01-15 18:09:25.185 11684 11734 I RobotCore: REV Robotics USB Expansion Hub Portal              Expansion Hub Portal 1         USB DQ16V4CE
01-15 18:09:25.185 11684 11734 I RobotCore: Motor                                              glyph_right                    USB DQ16V4CE; module 2; port 0
01-15 18:09:25.186 11684 11734 I RobotCore: Expansion Hub DC Motor Controller                  Expansion Hub 2                USB DQ16V4CE; module 2
01-15 18:09:25.186 11684 11734 I RobotCore: Expansion Hub Servo Controller                     Expansion Hub 2                USB DQ16V4CE; module 2
01-15 18:09:25.186 11684 11734 I RobotCore: Expansion Hub Voltage Sensor                       Expansion Hub 2                USB DQ16V4CE; module 2
01-15 18:09:25.186 11684 11734 I RobotCore: Expansion Hub Pwm Controller                       Expansion Hub 2                USB DQ16V4CE; module 2
01-15 18:09:25.187 11684 11734 I RobotCore: Expansion Hub Analog Input Controller              Expansion Hub 2                USB DQ16V4CE; module 2
01-15 18:09:25.187 11684 11734 I RobotCore: Expansion Hub Digital Channel Controller           Expansion Hub 2                USB DQ16V4CE; module 2
01-15 18:09:25.191 11684 11734 I RobotCore: Expansion Hub (HW: 20, Maj: 1, Min: 7, Eng: 2)     Expansion Hub 2                USB DQ16V4CE; module 2
01-15 18:09:25.191 11684 11734 I FtcEventLoop: ======= INIT FINISH =======
01-15 18:09:25.191 11684 11734 V RobotCore: EventLoopManager state is RUNNING
01-15 18:09:25.207 11684 11734 V ThreadPool: container(0x0a5bfa53: SoundPlayer) added id=880 TID=0 count=1
01-15 18:09:25.207 11684 11734 V ThreadPool: container(0x0a5bfa53: SoundPlayer) added id=881 TID=0 count=2
01-15 18:09:25.209 11684 11734 V RobotCore: Robot Status: running, starting robot
01-15 18:09:25.210 11684 11734 V RobotCore: Robot Status: running
01-15 18:09:25.210 11684 11734 V ThreadPool: container(0x0068188e: executorEventLoop) added id=882 TID=0 count=1
01-15 18:09:25.212 11684 11734 V RobotCore: thread: ...terminating 'RobotSetupRunnable.run()'
01-15 18:09:25.215 11684 11755 V RobotCore: thread: 'opmode loop()' starting...
01-15 18:09:25.221 11684 11755 D RobotCore: system telemetry: key=$System$None$ msg=""
01-15 18:09:25.228 11684 11754 D MediaPlayer: setSubtitleAnchor in MediaPlayer
01-15 18:09:25.228 11684 11684 D MediaPlayer: setSubtitleAnchor in MediaPlayer
01-15 18:09:25.263 11684 11752 D ExtendedUtils: extended extractor not needed, return default
01-15 18:09:25.265 11684 11752 I MediaCodec: (0xb80a78e8) init name(audio/raw) isType(1) encoder(0)
01-15 18:09:25.266 11684 11759 I OMXClient: Using client-side OMX mux.
01-15 18:09:25.270 11684 11759 E OMXMaster: A component of name 'OMX.qcom.audio.decoder.aac' already exists, ignoring this one.
01-15 18:09:25.272 11684 11759 I MediaCodec: (0xb80a78e8) Component Allocated (OMX.google.raw.decoder)
01-15 18:09:25.272 11684 11752 I MediaCodec: (0xb80a78e8) configure surface(0x0) crypto(0x0) flags(0)
01-15 18:09:25.273 11684 11752 D MediaCodec: (0xb80a78e8) configure format: AMessage(what = 0x00000000) = {
01-15 18:09:25.273 11684 11752 D MediaCodec:    string mime = "audio/raw"
01-15 18:09:25.273 11684 11752 D MediaCodec:    int64_t durationUs = 1019125
01-15 18:09:25.273 11684 11752 D MediaCodec:    int32_t channel-count = 1
01-15 18:09:25.273 11684 11752 D MediaCodec:    int32_t sample-rate = 8000
01-15 18:09:25.273 11684 11752 D MediaCodec:    int32_t channel-mask = 0
01-15 18:09:25.273 11684 11752 D MediaCodec:  }
01-15 18:09:25.274 11684 11752 I MediaCodec: (0xb80a78e8) start
01-15 18:09:25.274 11684 11759 I MediaCodec: (0xb80a78e8) input buffers allocated
01-15 18:09:25.274 11684 11759 I MediaCodec: (0xb80a78e8) numBuffers (4)
01-15 18:09:25.274 11684 11759 I MediaCodec: (0xb80a78e8) output buffers allocated
01-15 18:09:25.274 11684 11759 I MediaCodec: (0xb80a78e8) numBuffers (4)
01-15 18:09:25.276 11684 11759 I MediaCodec: (0xb80a78e8) codec output format changed
01-15 18:09:25.277 11684 11759 D MediaCodec: (0xb80a78e8) output format: AMessage(what = 'codc', target = 2) = {
01-15 18:09:25.277 11684 11759 D MediaCodec:    string mime = "audio/raw"
01-15 18:09:25.277 11684 11759 D MediaCodec:    int32_t channel-count = 1
01-15 18:09:25.277 11684 11759 D MediaCodec:    int32_t sample-rate = 8000
01-15 18:09:25.277 11684 11759 D MediaCodec:    int32_t channel-mask = 0
01-15 18:09:25.277 11684 11759 D MediaCodec:    int32_t what = 1869968451
01-15 18:09:25.277 11684 11759 D MediaCodec:  }
01-15 18:09:25.279 11684 11752 I MediaCodec: (0xb80a78e8) stop
01-15 18:09:25.281 11684 11752 I MediaCodec: (0xb80a78e8) release
01-15 18:09:25.285 11684 11754 W AudioTrack: AUDIO_OUTPUT_FLAG_FAST denied by client; transfer 4, track 8000 Hz, output 48000 Hz
01-15 18:09:25.723 11684 11755 V ThreadPool: container(0x0e513509: OpModeStuckCodeMonitor) added id=886 TID=0 count=1
01-15 18:09:25.724 11684 11755 I RobotCore: Attempting to switch to op mode $Stop$Robot$
01-15 18:09:26.265 11684 11755 I RobotCore: robot battery read duration: n=1, mean=8.827ms sd=NaNms
01-15 18:09:29.538 11684 11684 I BatteryChecker: percent remaining: 53 is charging: false
01-15 18:09:47.453 11684 11743 V PeerDiscovery: new remote peer discovered: 192.168.49.84
01-15 18:09:47.453 11684 11743 D Robocol : RobocolDatagramSocket connected to /192.168.49.84:20884
01-15 18:09:47.455 11684 11743 V NetworkConnectionHandler: starting sending loop
01-15 18:09:47.455 11684 11743 V Robocol : SendOnceRunnable created
01-15 18:09:47.495 11684 11743 V NetDiscover_prefremrc: sendAllPreferences()
01-15 18:09:47.495 11684 11743 V NetDiscover_prefremrc: sending RC pref name=pref_wifip2p_remote_channel_change_works value=true
01-15 18:09:47.502 11684 11743 V NetDiscover_prefremrc: sending RC pref name=pref_device_name value=12611-RC
01-15 18:09:47.503 11684 11743 V NetDiscover_prefremrc: sending RC pref name=pref_has_independent_phone_battery value=true
01-15 18:09:47.503 11684 11743 V NetDiscover_prefremrc: sending RC pref name=pref_app_theme value=teal
01-15 18:09:47.504 11684 11743 V NetDiscover_prefremrc: sending RC pref name=pref_sound_on_off value=false
01-15 18:09:47.504 11684 11743 V RobotCore: Network: active, connected
01-15 18:09:47.509 11684 11743 V Robocol : received command: CMD_REQUEST_UI_STATE(10004) 
01-15 18:09:47.510 11684 11742 I BatteryChecker: percent remaining: 53 is charging: false
01-15 18:09:47.528 11684 11754 D MediaPlayer: setSubtitleAnchor in MediaPlayer
01-15 18:09:47.528 11684 11684 D MediaPlayer: setSubtitleAnchor in MediaPlayer
01-15 18:09:47.531 11684 11684 E MediaPlayer: invoke failed: wrong state 8
01-15 18:09:47.531 11684 11684 W MediaPlayer: mediaplayer went away with unhandled events
01-15 18:09:47.535 11684 11767 V Robocol : sending CMD_NOTIFY_USER_DEVICE_LIST(66), attempt: 0
01-15 18:09:47.536 11684 11767 V Robocol : sending CMD_ROBOT_CONTROLLER_PREFERENCE(67), attempt: 0
01-15 18:09:47.536 11684 11767 V Robocol : sending CMD_ROBOT_CONTROLLER_PREFERENCE(68), attempt: 0
01-15 18:09:47.536 11684 11767 V Robocol : sending CMD_ROBOT_CONTROLLER_PREFERENCE(69), attempt: 0
01-15 18:09:47.537 11684 11767 V Robocol : sending CMD_ROBOT_CONTROLLER_PREFERENCE(70), attempt: 0
01-15 18:09:47.537 11684 11767 V Robocol : sending CMD_ROBOT_CONTROLLER_PREFERENCE(71), attempt: 0
01-15 18:09:47.537 11684 11767 V Robocol : sending CMD_NOTIFY_ACTIVE_CONFIGURATION(77), attempt: 0
01-15 18:09:47.544 11684 11752 D ExtendedUtils: extended extractor not needed, return default
01-15 18:09:47.544 11684 11752 I MediaCodec: (0xb8111b30) init name(audio/raw) isType(1) encoder(0)
01-15 18:09:47.547 11684 11771 I OMXClient: Using client-side OMX mux.
01-15 18:09:47.551 11684 11771 E OMXMaster: A component of name 'OMX.qcom.audio.decoder.aac' already exists, ignoring this one.
01-15 18:09:47.553 11684 11771 I MediaCodec: (0xb8111b30) Component Allocated (OMX.google.raw.decoder)
01-15 18:09:47.553 11684 11752 I MediaCodec: (0xb8111b30) configure surface(0x0) crypto(0x0) flags(0)
01-15 18:09:47.553 11684 11752 D MediaCodec: (0xb8111b30) configure format: AMessage(what = 0x00000000) = {
01-15 18:09:47.553 11684 11752 D MediaCodec:    string mime = "audio/raw"
01-15 18:09:47.553 11684 11752 D MediaCodec:    int64_t durationUs = 485011
01-15 18:09:47.553 11684 11752 D MediaCodec:    int32_t channel-count = 2
01-15 18:09:47.553 11684 11752 D MediaCodec:    int32_t sample-rate = 44100
01-15 18:09:47.553 11684 11752 D MediaCodec:    int32_t channel-mask = 0
01-15 18:09:47.553 11684 11752 D MediaCodec:  }
01-15 18:09:47.554 11684 11752 I MediaCodec: (0xb8111b30) start
01-15 18:09:47.554 11684 11771 I MediaCodec: (0xb8111b30) input buffers allocated
01-15 18:09:47.554 11684 11771 I MediaCodec: (0xb8111b30) numBuffers (4)
01-15 18:09:47.554 11684 11771 I MediaCodec: (0xb8111b30) output buffers allocated
01-15 18:09:47.554 11684 11771 I MediaCodec: (0xb8111b30) numBuffers (4)
01-15 18:09:47.555 11684 11771 I MediaCodec: (0xb8111b30) codec output format changed
01-15 18:09:47.556 11684 11771 D MediaCodec: (0xb8111b30) output format: AMessage(what = 'codc', target = 6) = {
01-15 18:09:47.556 11684 11771 D MediaCodec:    string mime = "audio/raw"
01-15 18:09:47.556 11684 11771 D MediaCodec:    int32_t channel-count = 2
01-15 18:09:47.556 11684 11771 D MediaCodec:    int32_t sample-rate = 44100
01-15 18:09:47.556 11684 11771 D MediaCodec:    int32_t channel-mask = 0
01-15 18:09:47.556 11684 11771 D MediaCodec:    int32_t what = 1869968451
01-15 18:09:47.556 11684 11771 D MediaCodec:  }
01-15 18:09:47.560 11684 11752 I MediaCodec: (0xb8111b30) stop
01-15 18:09:47.561 11684 11752 I MediaCodec: (0xb8111b30) release
01-15 18:09:47.567 11684 11754 W AudioTrack: AUDIO_OUTPUT_FLAG_FAST denied by client; transfer 4, track 44100 Hz, output 48000 Hz
01-15 18:09:47.575 11684 11767 V Robocol : sending CMD_NOTIFY_USER_DEVICE_LIST(78), attempt: 0
01-15 18:09:47.576 11684 11767 V Robocol : sending CMD_NOTIFY_OP_MODE_LIST(79), attempt: 0
01-15 18:09:53.732 11684 11743 V Robocol : received command: CMD_INIT_OP_MODE(10167) $Stop$Robot$
01-15 18:09:53.734 11684 11742 I BatteryChecker: percent remaining: 53 is charging: false
01-15 18:09:53.741 11684 11755 I RobotCore: Attempting to switch to op mode $Stop$Robot$
01-15 18:09:53.775 11684 11767 V Robocol : sending CMD_NOTIFY_INIT_OP_MODE(248), attempt: 0
01-15 18:09:54.494 11684 11741 V ThreadPool: container(0x06e43c2d: default threadpool) removed id=869 TID=11741 count=2
01-15 18:09:55.212 11684 11734 V ThreadPool: container(0x06e43c2d: default threadpool) removed id=864 TID=11734 count=1
01-15 18:10:01.431 11684 11743 V Robocol : received command: CMD_INIT_OP_MODE(10328) Test Glyph Pickup
01-15 18:10:01.434 11684 11742 I BatteryChecker: percent remaining: 53 is charging: false
01-15 18:10:01.440 11684 11755 I RobotCore: Attempting to switch to op mode Test Glyph Pickup
01-15 18:10:01.583 11684 11755 W LynxPwmOutputController: LynxSetPWMEnableCommand not implemented by lynx hw; ignoring
01-15 18:10:01.588 11684 11755 W LynxPwmOutputController: LynxSetPWMConfigurationCommand not implemented by lynx hw; ignoring
01-15 18:10:01.592 11684 11755 W LynxPwmOutputController: LynxSetPWMEnableCommand not implemented by lynx hw; ignoring
01-15 18:10:01.596 11684 11755 W LynxPwmOutputController: LynxSetPWMConfigurationCommand not implemented by lynx hw; ignoring
01-15 18:10:01.600 11684 11755 W LynxPwmOutputController: LynxSetPWMEnableCommand not implemented by lynx hw; ignoring
01-15 18:10:01.604 11684 11755 W LynxPwmOutputController: LynxSetPWMConfigurationCommand not implemented by lynx hw; ignoring
01-15 18:10:01.608 11684 11755 W LynxPwmOutputController: LynxSetPWMEnableCommand not implemented by lynx hw; ignoring
01-15 18:10:01.611 11684 11755 W LynxPwmOutputController: LynxSetPWMConfigurationCommand not implemented by lynx hw; ignoring
01-15 18:10:01.635 11684 11755 V ThreadPool: container(0x0011e7c1: LinearOpMode) added id=891 TID=0 count=1
01-15 18:10:01.637 11684 11775 V RobotCore: thread: 'LinearOpMode main' starting...
01-15 18:10:01.655 11684 11767 V Robocol : sending CMD_NOTIFY_INIT_OP_MODE(421), attempt: 0
01-15 18:10:03.082 11684 11743 V Robocol : received command: CMD_RUN_OP_MODE(10353) Test Glyph Pickup
01-15 18:10:03.084 11684 11742 I BatteryChecker: percent remaining: 53 is charging: false
01-15 18:10:03.096 11684 11767 V Robocol : sending CMD_NOTIFY_RUN_OP_MODE(441), attempt: 0
01-15 18:10:16.610 11684 11684 I BatteryChecker: percent remaining: 53 is charging: false
01-15 18:11:16.677 11684 11684 I BatteryChecker: percent remaining: 53 is charging: false
01-15 18:12:16.826 11684 11684 I BatteryChecker: percent remaining: 53 is charging: false
01-15 18:12:27.732 11684 11775 I RobotCore: robot battery read duration: n=10, mean=2.920ms sd=0.934ms
01-15 18:12:29.540 11684 11684 I BatteryChecker: percent remaining: 53 is charging: false
01-15 18:13:16.998 11684 11684 I BatteryChecker: percent remaining: 53 is charging: false
01-15 18:13:51.317 11684 11684 I BatteryChecker: percent remaining: 52 is charging: false
01-15 18:14:06.384 11684 11743 V EventLoopManager: synthetic gamepad received: id=-2 user=ONE atRest=true 
01-15 18:14:06.384 11684 11743 V Robocol : received command: CMD_INIT_OP_MODE(13930) $Stop$Robot$
01-15 18:14:06.386 11684 11742 I BatteryChecker: percent remaining: 52 is charging: false
01-15 18:14:06.390 11684 11755 V ThreadPool: waiting for service user linear op mode
01-15 18:14:06.390 11684 11775 V RobotCore: thread: ...terminating 'LinearOpMode main'
01-15 18:14:06.390 11684 11755 V ThreadPool: awaitTermination returned, isTerminated=true
01-15 18:14:06.391 11684 11775 V ThreadPool: container(0x0011e7c1: LinearOpMode) removed id=891 TID=11775 count=1
01-15 18:14:06.391 11684 11755 V ThreadPool: executive service user linear op mode(0x0011e7c1) is terminated
01-15 18:14:06.391 11684 11755 I RobotCore: Attempting to switch to op mode $Stop$Robot$
01-15 18:14:06.416 11684 11767 V Robocol : sending CMD_NOTIFY_INIT_OP_MODE(4271), attempt: 0
01-15 18:14:06.469 11684 11743 V Robocol : received command: CMD_RUN_OP_MODE(13939) $Stop$Robot$
01-15 18:14:06.471 11684 11742 I BatteryChecker: percent remaining: 52 is charging: false
01-15 18:14:06.496 11684 11767 V Robocol : sending CMD_NOTIFY_RUN_OP_MODE(4278), attempt: 0
01-15 18:14:16.228 11684 11743 V Robocol : received command: CMD_INIT_OP_MODE(14066) $Stop$Robot$
01-15 18:14:16.230 11684 11742 I BatteryChecker: percent remaining: 52 is charging: false
01-15 18:14:16.236 11684 11755 I RobotCore: Attempting to switch to op mode $Stop$Robot$
01-15 18:14:16.256 11684 11767 V Robocol : sending CMD_NOTIFY_INIT_OP_MODE(4415), attempt: 0
01-15 18:14:16.269 11684 11743 V Robocol : received command: CMD_REQUEST_CONFIGURATIONS(14069) 
01-15 18:14:16.271 11684 11742 I BatteryChecker: percent remaining: 52 is charging: false
01-15 18:14:16.296 11684 11767 V Robocol : sending CMD_REQUEST_CONFIGURATIONS_RESP(4420), attempt: 0
01-15 18:14:16.308 11684 11743 V Robocol : received command: CMD_RUN_OP_MODE(14074) $Stop$Robot$
01-15 18:14:16.310 11684 11742 I BatteryChecker: percent remaining: 52 is charging: false
01-15 18:14:16.335 11684 11767 V Robocol : sending CMD_NOTIFY_RUN_OP_MODE(4426), attempt: 0
01-15 18:14:18.188 11684 11743 V Robocol : received command: CMD_ACTIVATE_CONFIGURATION(14105) {"isDirty":false,"location":"NONE","name":"\u003cNo Config Set\u003e","resourceId":0}
01-15 18:14:18.190 11684 11742 I BatteryChecker: percent remaining: 52 is charging: false
01-15 18:14:18.200 11684 11684 V NetDiscover_prefremrc: onSharedPreferenceChanged(name=pref_hardware_config_filename, value={"isDirty":false,"location":"NONE","name":"\u003cNo Config Set\u003e","resourceId":0})
01-15 18:14:18.216 11684 11767 V Robocol : sending CMD_NOTIFY_ACTIVE_CONFIGURATION(4456), attempt: 0
01-15 18:14:18.262 11684 11743 V Robocol : received command: CMD_SCAN(14107) 
01-15 18:14:18.264 11684 11742 I BatteryChecker: percent remaining: 52 is charging: false
01-15 18:14:18.268 11684 11742 V FtcConfigTag: handling command SCAN
01-15 18:14:18.269 11684 11742 V ThreadPool: container(0x0ac03ea7: USBScanManager) added id=892 TID=0 count=1
01-15 18:14:18.270 11684 11742 V ThreadPool: container(0x06e43c2d: default threadpool) added id=893 TID=0 count=1
01-15 18:14:18.273 11684 11783 V FtcConfigTag: scanning USB bus...
01-15 18:14:18.275 11684 11783 V FtDeviceManager: createDeviceInfoList(): 1 USB devices
01-15 18:14:18.275 11684 11783 V USBScan : device count=1
01-15 18:14:18.275 11684 11783 V ThreadPool: container(0x067e17f2: hw mgr usb scan) added id=894 TID=0 count=1
01-15 18:14:18.276 11684 11783 V ThreadPool: waiting for service USB Scanning Service
01-15 18:14:18.279 11684 11785 V USBScan : opening DQ16V4CE...
01-15 18:14:18.279 11684 11785 V USBScan : RobotCoreException(Unable to open USB device DQ16V4CE - FT230X First 2.0 [DQ16V4CE]: FTDI driver failed to open USB device with serial number DQ16V4CE (returned null device)) exception while opening DQ16V4CE
01-15 18:14:18.279 11684 11785 V USBScan : ... done opening DQ16V4CE
01-15 18:14:18.280 11684 11785 V ThreadPool: container(0x067e17f2: hw mgr usb scan) removed id=894 TID=11785 count=1
01-15 18:14:18.280 11684 11783 V ThreadPool: awaitTermination returned, isTerminated=true
01-15 18:14:18.280 11684 11783 V ThreadPool: executive service USB Scanning Service(0x067e17f2) is terminated
01-15 18:14:18.280 11684 11783 V USBScan : added extant device DQ16V4CE type=LYNX_USB_DEVICE
01-15 18:14:18.280 11684 11783 V USBScan : scanForUsbDevices() took 7ms count=1
01-15 18:14:18.280 11684 11783 V FtcConfigTag: .. scanning complete: [DQ16V4CE]
01-15 18:14:18.281 11684 11784 V FtcConfigTag: handleCommandScan data='DQ16V4CE,LYNX_USB_DEVICE'
01-15 18:14:18.296 11684 11767 V Robocol : sending CMD_SCAN_RESP(4461), attempt: 0
01-15 18:14:18.348 11684 11743 V Robocol : received command: CMD_DISCOVER_LYNX_MODULES(14117) DQ16V4CE
01-15 18:14:18.349 11684 11742 I BatteryChecker: percent remaining: 52 is charging: false
01-15 18:14:18.353 11684 11742 V FtcConfigTag: handling command DiscoverLynxModules
01-15 18:14:18.353 11684 11783 V FtcConfigTag: discovering lynx modules on lynx device=DQ16V4CE...
01-15 18:14:18.353 11684 11783 V RobotCore: Creating REV Robotics USB Expansion Hub Portal [DQ16V4CE]
01-15 18:14:18.354 11684 11783 V LynxUsb : 0x008cf7b1: addRef [DQ16V4CE]=2
01-15 18:14:18.354 11684 11783 V LynxUsb : using existing [DQ16V4CE]: 0x008cf7b1
01-15 18:14:18.354 11684 11783 V LynxUsb : 0x031f7cc0 on 0x008cf7b1: new delegate to [DQ16V4CE]
01-15 18:14:18.354 11684 11783 V LynxUsb : lynx discovery beginning...transmitting LynxDiscoveryCommand()...
01-15 18:14:18.355 11684 11783 V ThreadPool: container(0x08eacdf9: lynx module executor) added id=895 TID=0 count=1
01-15 18:14:18.356 11684 11749 V LynxUsb : onLynxDiscoveryResponseReceived()... module#=2 isParent=true
01-15 18:14:18.356 11684 11749 V LynxUsb : discovered lynx module#=2 isParent=true
01-15 18:14:18.357 11684 11749 V LynxUsb : ...onLynxDiscoveryResponseReceived()
01-15 18:14:18.357 11684 11783 V LynxUsb : discovery waiting 1012ms and 0ns
01-15 18:14:18.364 11684 11749 V LynxUsb : onLynxDiscoveryResponseReceived()... module#=3 isParent=false
01-15 18:14:18.364 11684 11749 V LynxUsb : discovered lynx module#=3 isParent=false
01-15 18:14:18.364 11684 11749 V LynxUsb : ...onLynxDiscoveryResponseReceived()
01-15 18:14:19.369 11684 11783 V LynxUsb : discovery waiting complete: #modules=2
01-15 18:14:19.369 11684 11783 V LynxModule: close()
01-15 18:14:19.370 11684 11783 V ThreadPool: waiting for service lynx module executor
01-15 18:14:19.370 11684 11786 V ThreadPool: container(0x08eacdf9: lynx module executor) removed id=895 TID=11786 count=1
01-15 18:14:19.371 11684 11783 V ThreadPool: awaitTermination returned, isTerminated=true
01-15 18:14:19.371 11684 11783 V ThreadPool: executive service lynx module executor(0x08eacdf9) is terminated
01-15 18:14:19.371 11684 11783 V LynxUsb : ...lynx discovery completed
01-15 18:14:19.371 11684 11783 V LynxUsb : 0x031f7cc0 on 0x008cf7b1: releasing delegate to [DQ16V4CE]
01-15 18:14:19.371 11684 11783 V LynxUsb : 0x008cf7b1: releaseRef [DQ16V4CE]=1
01-15 18:14:19.371 11684 11783 V FtcConfigTag: ...discovering lynx modules complete: [2(true) 3(false)]
01-15 18:14:19.375 11684 11784 V FtcConfigTag: DiscoverLynxModules data='{"modules":[{"isParent":true,"moduleAddress":2},{"isParent":false,"moduleAddress":3}],"serialNumber":{"serialNumber":"DQ16V4CE"}}'
01-15 18:14:19.415 11684 11767 V Robocol : sending CMD_DISCOVER_LYNX_MODULES_RESP(4482), attempt: 0
01-15 18:14:49.372 11684 11783 V ThreadPool: container(0x0ac03ea7: USBScanManager) removed id=892 TID=11783 count=1
01-15 18:14:49.376 11684 11784 V ThreadPool: container(0x06e43c2d: default threadpool) removed id=893 TID=11784 count=1
01-15 18:14:51.396 11684 11684 I BatteryChecker: percent remaining: 52 is charging: false
01-15 18:15:29.543 11684 11684 I BatteryChecker: percent remaining: 52 is charging: false
01-15 18:15:29.959 11684 11755 I RobotCore: robot battery read duration: n=10, mean=3.010ms sd=0.726ms
01-15 18:15:41.795 11684 11684 I BatteryChecker: percent remaining: 52 is charging: false
01-15 18:15:46.104 11684 11745 E BulkPacketInWorker: DQ16V4CE: bulkTransfer() error: -1
01-15 18:15:46.106 11684 11684 V FtDeviceManager: ACTION_USB_DEVICE_DETACHED: /dev/bus/usb/001/002
01-15 18:15:46.107 11684 11684 V FtDevice: vv********************DQ16V4CE closing********************vv 0x0ac85ded
01-15 18:15:46.107 11684 11684 V FtDevice: DQ16V4CE stopping thread readBufferManager
01-15 18:15:46.107 11684 11746 V FtDevice: DQ16V4CE thread readBufferManager is stopped
01-15 18:15:46.108 11684 11684 V FtDevice: DQ16V4CE stopping thread bulkPacketInWorker
01-15 18:15:46.108 11684 11745 V FtDevice: DQ16V4CE thread bulkPacketInWorker is stopped
01-15 18:15:46.108 11684 11684 V MonitoredUsbDeviceConnection: closing UsbDeviceConnection(DQ16V4CE)
01-15 18:15:46.104 11749 11749 W com.qualcomm.ftcrobotcontroller: type=1400 audit(0.0:13949): avc: denied { search } for uid=10133 comm=6C796E7820696E636F6D696E672064 name="usb" dev="tmpfs" ino=2744 scontext=u:r:untrusted_app:s0:c512,c768 tcontext=u:object_r:usb_device:s0 tclass=dir permissive=0
01-15 18:15:46.108 11684 11684 D UsbDeviceConnectionJNI: close
01-15 18:15:46.108 11684 11749 V LynxUsb : device closed in incoming datagram loop
01-15 18:15:46.108 11684 11684 V FtDevice: ^^********************DQ16V4CE closed ********************^^
01-15 18:15:46.109 11684 11749 V RobotUsbDeviceFtdi: closing DQ16V4CE
01-15 18:15:46.109 11684 11749 V RobotCore: thread: ...terminating 'lynx incoming datagrams'
01-15 18:15:46.110 11684 11755 D RobotCore: system telemetry: key=$System$Warning$ msg="REV Robotics USB Expansion Hub Portal [DQ16V4CE] detached"
01-15 18:15:46.110 11684 11755 V RobotCore: event loop: device has shutdown abnormally: ABNORMAL
01-15 18:15:46.111 11684 11755 V EventLoopManager: event loop: detaching device DQ16V4CE
01-15 18:15:46.111 11684 11755 I FtcEventLoop: vv===== MODULE DETACH RECOVERY: disarm REV Robotics USB Expansion Hub Portal [DQ16V4CE]=====vv
01-15 18:15:46.111 11684 11755 V LynxUsb : disarmDevice() serial=DQ16V4CE...
01-15 18:15:46.112 11684 11755 V LynxUsb : shutting down incoming datagrams
01-15 18:15:46.113 11684 11755 V ThreadPool: waiting for service Lynx incoming datagram poller
01-15 18:15:46.113 11684 11747 V ThreadPool: container(0x02024404: WatchdogMonitor) removed id=875 TID=11747 count=1
01-15 18:15:46.114 11684 11749 V ThreadPool: container(0x02852eb3: lynx dg poller) removed id=876 TID=11749 count=1
01-15 18:15:46.115 11684 11755 V ThreadPool: awaitTermination returned, isTerminated=true
01-15 18:15:46.115 11684 11755 V ThreadPool: executive service Lynx incoming datagram poller(0x02852eb3) is terminated
01-15 18:15:46.115 11684 11755 V RobotUsbDeviceFtdi: closing DQ16V4CE
01-15 18:15:46.115 11684 11755 V LynxUsb : ...done disarmDevice()
01-15 18:15:46.115 11684 11755 I FtcEventLoop: ======= MODULE DETACH RECOVERY: pretend REV Robotics USB Expansion Hub Portal [DQ16V4CE]=======
01-15 18:15:46.115 11684 11755 V LynxUsb : doPretend() serial=DQ16V4CE
01-15 18:15:46.116 11684 11755 I FtcEventLoop: ^^===== MODULE DETACH RECOVERY: complete REV Robotics USB Expansion Hub Portal [DQ16V4CE]=====^^
01-15 18:15:46.149 11684 11754 D MediaPlayer: setSubtitleAnchor in MediaPlayer
01-15 18:15:46.149 11684 11684 D MediaPlayer: setSubtitleAnchor in MediaPlayer
01-15 18:15:46.151 11684 11684 E MediaPlayer: invoke failed: wrong state 8
01-15 18:15:46.151 11684 11684 W MediaPlayer: mediaplayer went away with unhandled events
01-15 18:15:46.169 11684 11752 D ExtendedUtils: extended extractor not needed, return default
01-15 18:15:46.170 11684 11752 I MediaCodec: (0xb81231c0) init name(audio/raw) isType(1) encoder(0)
01-15 18:15:46.172 11684 11793 I OMXClient: Using client-side OMX mux.
01-15 18:15:46.175 11684 11793 E OMXMaster: A component of name 'OMX.qcom.audio.decoder.aac' already exists, ignoring this one.
01-15 18:15:46.177 11684 11793 I MediaCodec: (0xb81231c0) Component Allocated (OMX.google.raw.decoder)
01-15 18:15:46.177 11684 11752 I MediaCodec: (0xb81231c0) configure surface(0x0) crypto(0x0) flags(0)
01-15 18:15:46.177 11684 11752 D MediaCodec: (0xb81231c0) configure format: AMessage(what = 0x00000000) = {
01-15 18:15:46.177 11684 11752 D MediaCodec:    string mime = "audio/raw"
01-15 18:15:46.177 11684 11752 D MediaCodec:    int64_t durationUs = 1043650
01-15 18:15:46.177 11684 11752 D MediaCodec:    int32_t channel-count = 2
01-15 18:15:46.177 11684 11752 D MediaCodec:    int32_t sample-rate = 44100
01-15 18:15:46.177 11684 11752 D MediaCodec:    int32_t channel-mask = 0
01-15 18:15:46.177 11684 11752 D MediaCodec:  }
01-15 18:15:46.178 11684 11752 I MediaCodec: (0xb81231c0) start
01-15 18:15:46.178 11684 11793 I MediaCodec: (0xb81231c0) input buffers allocated
01-15 18:15:46.178 11684 11793 I MediaCodec: (0xb81231c0) numBuffers (4)
01-15 18:15:46.178 11684 11793 I MediaCodec: (0xb81231c0) output buffers allocated
01-15 18:15:46.178 11684 11793 I MediaCodec: (0xb81231c0) numBuffers (4)
01-15 18:15:46.180 11684 11793 I MediaCodec: (0xb81231c0) codec output format changed
01-15 18:15:46.180 11684 11793 D MediaCodec: (0xb81231c0) output format: AMessage(what = 'codc', target = 10) = {
01-15 18:15:46.180 11684 11793 D MediaCodec:    string mime = "audio/raw"
01-15 18:15:46.180 11684 11793 D MediaCodec:    int32_t channel-count = 2
01-15 18:15:46.180 11684 11793 D MediaCodec:    int32_t sample-rate = 44100
01-15 18:15:46.180 11684 11793 D MediaCodec:    int32_t channel-mask = 0
01-15 18:15:46.180 11684 11793 D MediaCodec:    int32_t what = 1869968451
01-15 18:15:46.180 11684 11793 D MediaCodec:  }
01-15 18:15:46.187 11684 11752 I MediaCodec: (0xb81231c0) stop
01-15 18:15:46.189 11684 11752 I MediaCodec: (0xb81231c0) release
01-15 18:15:46.193 11684 11754 W AudioTrack: AUDIO_OUTPUT_FLAG_FAST denied by client; transfer 4, track 44100 Hz, output 48000 Hz
01-15 18:15:46.306 11684 11684 I BatteryChecker: percent remaining: 52 is charging: false
01-15 18:15:46.318 11684 11684 I BatteryChecker: percent remaining: 52 is charging: false
01-15 18:15:49.017 11684 11684 I BatteryChecker: percent remaining: 52 is charging: false
01-15 18:15:49.084 11684 11684 I BatteryChecker: percent remaining: 52 is charging: false
01-15 18:15:49.597 11684 11684 V FtDeviceManager: ACTION_USB_DEVICE_ATTACHED: /dev/bus/usb/001/002
01-15 18:15:49.597 11684 11684 V FtDeviceManager: addOrUpdateUsbDevice(vid=0x0403 pid=0x6015)
01-15 18:15:49.607 11684 11684 V ThreadPool: container(0x039823d8: WatchdogMonitor) added id=899 TID=0 count=1
01-15 18:15:49.614 11684 11684 V FtDevice: initialize(vid=0x0403 pid=0x6015 bcdDevice=0x1000)
01-15 18:15:49.614 11684 11684 V MonitoredUsbDeviceConnection: closing UsbDeviceConnection(DQ16V4CE)
01-15 18:15:49.614 11684 11684 D UsbDeviceConnectionJNI: close
01-15 18:15:49.615 11684 11684 V MonitoredUsbDeviceConnection: closing UsbDeviceConnection(DQ16V4CE)
01-15 18:15:49.615 11684 11684 D UsbDeviceConnectionJNI: close
01-15 18:15:49.615 11684 11684 V RCActivity: onPause()
01-15 18:15:49.615 11684 11799 V ThreadPool: container(0x039823d8: WatchdogMonitor) removed id=899 TID=11799 count=1
01-15 18:15:49.615 11684 11684 V RCActivity: ACTION_USB_DEVICE_ATTACHED: /dev/bus/usb/001/002
01-15 18:15:49.615 11684 11684 V FtDeviceManager: openByUsbDevice(vid=0x0403 pid=0x6015)
01-15 18:15:49.619 11684 11684 V FtDevice: vv********************DQ16V4CE opening********************vv 0x0c601f97
01-15 18:15:49.620 11684 11684 V FtDevice: ^^********************DQ16V4CE opened ********************^^
01-15 18:15:49.620 11684 11684 V FtDevice: vv********************DQ16V4CE closing********************vv 0x0c601f97
01-15 18:15:49.620 11684 11684 V FtDevice: DQ16V4CE stopping thread readBufferManager
01-15 18:15:49.620 11684 11801 V FtDevice: DQ16V4CE thread readBufferManager is stopped
01-15 18:15:49.621 11684 11684 V FtDevice: DQ16V4CE stopping thread bulkPacketInWorker
01-15 18:15:49.622 11684 11800 V FtDevice: DQ16V4CE thread bulkPacketInWorker is stopped
01-15 18:15:49.622 11684 11684 V MonitoredUsbDeviceConnection: closing UsbDeviceConnection(DQ16V4CE)
01-15 18:15:49.622 11684 11684 D UsbDeviceConnectionJNI: close
01-15 18:15:49.623 11684 11684 V FtDevice: ^^********************DQ16V4CE closed ********************^^
01-15 18:15:49.623 11684 11684 V RCActivity: onResume()
01-15 18:15:49.628 11684 11755 I FtcEventLoop: vv===== MODULE ATTACH: disarm REV Robotics USB Expansion Hub Portal [DQ16V4CE]=====vv
01-15 18:15:49.628 11684 11755 V LynxUsb : disarmDevice() serial=DQ16V4CE...
01-15 18:15:49.628 11684 11755 V LynxUsb : ...done disarmDevice()
01-15 18:15:49.628 11684 11755 I FtcEventLoop: ======= MODULE ATTACH: arm or pretend REV Robotics USB Expansion Hub Portal [DQ16V4CE]=======
01-15 18:15:49.629 11684 11755 V LynxUsb : clearing extant global warning: "REV Robotics USB Expansion Hub Portal [DQ16V4CE] detached"
01-15 18:15:49.630 11684 11755 V FtDeviceManager: createDeviceInfoList(): 1 USB devices
01-15 18:15:49.633 11684 11755 V FtDevice: vv********************DQ16V4CE opening********************vv 0x0c601f97
01-15 18:15:49.634 11684 11755 V FtDevice: ^^********************DQ16V4CE opened ********************^^
01-15 18:15:49.634 11684 11755 V FtDevice: resetting DQ16V4CE
01-15 18:15:49.634 11684 11755 V ThreadPool: container(0x0457a584: WatchdogMonitor) added id=904 TID=0 count=1
01-15 18:15:49.639 11684 11755 V LynxUsb : armDevice() serial=DQ16V4CE...
01-15 18:15:49.639 11684 11755 V ThreadPool: container(0x0ae861a2: lynx dg poller) added id=905 TID=0 count=1
01-15 18:15:49.640 11684 11755 V LynxModule: pingAndQueryKnownInterfaces mod=2
01-15 18:15:49.641 11684 11805 V RobotCore: thread: 'lynx incoming datagrams' starting...
01-15 18:15:49.642 11684 11805 V LynxUsb : synchronization gained: serial=DQ16V4CE
01-15 18:15:49.644 11684 11755 V LynxModule: queryInterface(DEKA)=49 commands
01-15 18:15:49.648 11684 11755 V LynxModule: mod#=2 intf=DEKA: expected 53 commands; found 49
01-15 18:15:49.651 11684 11755 V LynxModule: sendLEDPatternSteps(): #steps=6
01-15 18:15:49.652 11684 11750 V LynxModule: received status: LynxGetModuleStatusResponse(status=0x05 alerts=0x00: KeepAliveTimeout|FailSafe)
01-15 18:15:49.652 11684 11750 V LynxModule: resendCurrentPattern()
01-15 18:15:49.652 11684 11750 V LynxModule: sendLEDPatternSteps(): #steps=6
01-15 18:15:49.662 11684 11755 V LynxUsb : ...done armDevice()
01-15 18:15:49.662 11684 11755 I FtcEventLoop: ^^===== MODULE ATTACH: complete REV Robotics USB Expansion Hub Portal [DQ16V4CE]=====^^
01-15 18:15:49.663 11684 11755 D RobotCore: system telemetry: key=$System$None$ msg=""
01-15 18:15:53.816 11684 11684 V RCActivity: onPause()
01-15 18:15:53.828 11684 11684 V FtcConfigTag: FtcLoadFileActivity started
01-15 18:15:54.310 11684 11684 V RCActivity: onStop()
01-15 18:15:57.935 11684 11767 V Robocol : sending CMD_NOTIFY_ACTIVE_CONFIGURATION(5817), attempt: 0
01-15 18:15:57.946 11684 11684 V FtcConfigTag: onCreate()
01-15 18:15:57.971 11684 11684 V ThreadPool: container(0x0997508b: USBScanManager) added id=906 TID=0 count=1
01-15 18:15:57.972 11684 11684 V ThreadPool: container(0x0997508b: USBScanManager) added id=907 TID=0 count=2
01-15 18:15:57.972 11684 11811 V FtcConfigTag: scanning USB bus...
