01-15 18:08:26.748 11372 11372 V OnBotJavaService: onTaskRemoved()
01-15 18:08:26.749 11372 11372 V MTPMonitorService: onTaskRemoved()
01-15 18:08:26.752 11372 11372 V AppUtil : rootActivity=FtcRobotControllerActivity
01-15 18:08:26.752 11372 11372 V RCActivity: onCreate()
01-15 18:08:26.753 11372 11642 V RobotCore: saving logcat to /storage/emulated/0/robotControllerLog.txt
01-15 18:08:26.753 11372 11642 V RobotCore: logging command line: logcat -f /storage/emulated/0/robotControllerLog.txt -r4096 -n4 -v threadtime UsbRequestJNI:S UsbRequest:S *:V
01-15 18:08:26.753 11372 11372 V NetDiscover_name: doStart()...
01-15 18:08:26.754 11372 11372 V NetDiscover_name: ...doStart()
01-15 18:08:26.853 11372 11372 V OnBotJava: getCurrentOutputJarDir() unavailable
01-15 18:08:26.853 11372 11372 V OnBotJava: getCurrentOutputJarDir() unavailable
01-15 18:08:29.446 11372 11372 W FileObserverManager: upgrading mask: path=/storage/emulated/0/FIRST/java/status/buildStarted.txt old=0x00000ffc new=0x00000ffe: might possibly miss event
01-15 18:08:29.446 11372 11372 W FileObserverManager: upgrading mask: path=/storage/emulated/0/FIRST/java/status/buildComplete.txt old=0x00000ffc new=0x00000ffe: might possibly miss event
01-15 18:08:29.448 11372 11372 V RobotCore: Network: inactive, disconnected
01-15 18:08:29.448 11372 11372 V ServiceStarter: attempting to start service FtcRobotControllerWatchdogService
01-15 18:08:29.450 11372 11372 V ServiceStarter: started service FtcRobotControllerWatchdogService
01-15 18:08:29.454 11372 11372 V RobotCore: BuildConfig: versionCode=25 versionName=3.5 module=com.qualcomm.ftcrobotcontroller
01-15 18:08:29.454 11372 11372 V RobotCore: BuildConfig: versionCode=37 versionName=5.15 module=com.qualcomm.robotcore
01-15 18:08:29.454 11372 11372 V RobotCore: BuildConfig: versionCode=37 versionName=5.15 module=com.qualcomm.hardware
01-15 18:08:29.455 11372 11372 V RobotCore: BuildConfig: versionCode=37 versionName=5.15 module=com.qualcomm.ftccommon
01-15 18:08:29.455 11372 11372 V RobotCore: BuildConfig: versionCode=37 versionName=5.15 module=com.google.blocks
01-15 18:08:29.455 11372 11372 V RobotCore: BuildConfig: versionCode=37 versionName=5.15 module=org.firstinspires.inspection
01-15 18:08:29.455 11372 11372 V RCActivity: onStart()
01-15 18:08:29.456 11372 11372 V RCActivity: onResume()
01-15 18:08:29.461 11372 11372 V FTCService: onUnbind()
01-15 18:08:29.461 11372 11372 V WifiDirect: There are 1 Wifi Direct Assistant Clients (-)
01-15 18:08:29.462 11372 11372 V Robocol : EventLoopManager.close()
01-15 18:08:29.462 11372 11372 V ThreadPool: waiting for service ReceiveLoopService
01-15 18:08:29.476 11372 11431 V RobotCore: thread: ...terminating 'RecvLoopRunnable.run()'
01-15 18:08:29.477 11372 11372 V ThreadPool: awaitTermination returned, isTerminated=true
01-15 18:08:29.477 11372 11372 V ThreadPool: executive service ReceiveLoopService(0x0552182e) is terminated
01-15 18:08:29.477 11372 11372 V PeerDiscovery: Stopping peer discovery
01-15 18:08:29.477 11372 11372 D Robocol : RobocolDatagramSocket is closed
01-15 18:08:29.477 11372 11372 V FTCService: onDestroy()
01-15 18:08:29.477 11372 11372 V WebServer: stopping port=8080
01-15 18:08:29.478 11372 11372 V WifiDirect: There are 0 Wifi Direct Assistant Clients (-)
01-15 18:08:29.478 11372 11372 V WifiDirect: Disabling Wifi Direct Assistant
01-15 18:08:29.479 11372 11372 V WifiDirectInviteMonitor: stopMonitoring()
01-15 18:08:29.480 11372 11372 V WebServer: stopped port=8080
01-15 18:08:29.480 11372 11372 V FtcRobotControllerWatchdogService: onDestroy()
01-15 18:08:29.480 11372 11372 I Choreographer: Skipped 203 frames!  The application may be doing too much work on its main thread.
01-15 18:08:29.517 11372 11372 V FtcRobotControllerWatchdogService: onCreate()
01-15 18:08:29.517 11372 11372 V FtcRobotControllerWatchdogService: onStartCommand() intent=Intent { cmp=com.qualcomm.ftcrobotcontroller/org.firstinspires.ftc.ftccommon.internal.FtcRobotControllerWatchdogService } flags=0x0 startId=1
01-15 18:08:29.518 11372 11372 V FtcRobotControllerWatchdogService: shouldAutoLauchRobotController() result=false
01-15 18:08:29.518 11372 11372 V WebServer: creating NanoHTTPD(8080)
01-15 18:08:29.518 11372 11372 V FTCService: onCreate()
01-15 18:08:29.518 11372 11372 V FTCService: onBind()
01-15 18:08:29.519 11372 11372 V FTCService: Android Device: maker=motorola model=XT1609 sdk=23
01-15 18:08:29.520 11372 11372 V RobotCore: Getting network assistant of type: WIFIDIRECT
01-15 18:08:29.520 11372 11372 V WifiDirect: There are 1 Wifi Direct Assistant Clients (+)
01-15 18:08:29.520 11372 11372 V WifiDirect: Enabling Wifi Direct Assistant
01-15 18:08:29.521 11372 11372 V WifiDirectInviteMonitor: startMonitoring()
01-15 18:08:29.524 11372 11372 E ActivityThread: Service com.qualcomm.ftccommon.FtcRobotControllerService has leaked IntentReceiver com.qualcomm.robotcore.wifi.WifiDirectAssistant$WifiP2pBroadcastReceiver@6cdc3e5 that was originally registered here. Are you missing a call to unregisterReceiver()?
01-15 18:08:29.524 11372 11372 E ActivityThread: android.app.IntentReceiverLeaked: Service com.qualcomm.ftccommon.FtcRobotControllerService has leaked IntentReceiver com.qualcomm.robotcore.wifi.WifiDirectAssistant$WifiP2pBroadcastReceiver@6cdc3e5 that was originally registered here. Are you missing a call to unregisterReceiver()?
01-15 18:08:29.524 11372 11372 E ActivityThread: 	at android.app.LoadedApk$ReceiverDispatcher.<init>(LoadedApk.java:918)
01-15 18:08:29.524 11372 11372 E ActivityThread: 	at android.app.LoadedApk.getReceiverDispatcher(LoadedApk.java:719)
01-15 18:08:29.524 11372 11372 E ActivityThread: 	at android.app.ContextImpl.registerReceiverInternal(ContextImpl.java:1172)
01-15 18:08:29.524 11372 11372 E ActivityThread: 	at android.app.ContextImpl.registerReceiver(ContextImpl.java:1152)
01-15 18:08:29.524 11372 11372 E ActivityThread: 	at android.app.ContextImpl.registerReceiver(ContextImpl.java:1146)
01-15 18:08:29.524 11372 11372 E ActivityThread: 	at com.qualcomm.robotcore.wifi.WifiDirectAssistant.enable(WifiDirectAssistant.java:297)
01-15 18:08:29.524 11372 11372 E ActivityThread: 	at com.qualcomm.ftccommon.FtcRobotControllerService.onBind(FtcRobotControllerService.java:354)
01-15 18:08:29.524 11372 11372 E ActivityThread: 	at android.app.ActivityThread.handleBindService(ActivityThread.java:2925)
01-15 18:08:29.524 11372 11372 E ActivityThread: 	at android.app.ActivityThread.-wrap2(ActivityThread.java)
01-15 18:08:29.524 11372 11372 E ActivityThread: 	at android.app.ActivityThread$H.handleMessage(ActivityThread.java:1445)
01-15 18:08:29.524 11372 11372 E ActivityThread: 	at android.os.Handler.dispatchMessage(Handler.java:102)
01-15 18:08:29.524 11372 11372 E ActivityThread: 	at android.os.Looper.loop(Looper.java:148)
01-15 18:08:29.524 11372 11372 E ActivityThread: 	at android.app.ActivityThread.main(ActivityThread.java:5459)
01-15 18:08:29.524 11372 11372 E ActivityThread: 	at java.lang.reflect.Method.invoke(Native Method)
01-15 18:08:29.524 11372 11372 E ActivityThread: 	at com.android.internal.os.ZygoteInit$MethodAndArgsCaller.run(ZygoteInit.java:728)
01-15 18:08:29.524 11372 11372 E ActivityThread: 	at com.android.internal.os.ZygoteInit.main(ZygoteInit.java:618)
01-15 18:08:29.526 11372 11372 E ActivityThread: Service com.qualcomm.ftccommon.FtcRobotControllerService has leaked IntentReceiver org.firstinspires.ftc.robotcore.internal.network.WifiDirectInviteDialogMonitor@f6a5eba that was originally registered here. Are you missing a call to unregisterReceiver()?
01-15 18:08:29.526 11372 11372 E ActivityThread: android.app.IntentReceiverLeaked: Service com.qualcomm.ftccommon.FtcRobotControllerService has leaked IntentReceiver org.firstinspires.ftc.robotcore.internal.network.WifiDirectInviteDialogMonitor@f6a5eba that was originally registered here. Are you missing a call to unregisterReceiver()?
01-15 18:08:29.526 11372 11372 E ActivityThread: 	at android.app.LoadedApk$ReceiverDispatcher.<init>(LoadedApk.java:918)
01-15 18:08:29.526 11372 11372 E ActivityThread: 	at android.app.LoadedApk.getReceiverDispatcher(LoadedApk.java:719)
01-15 18:08:29.526 11372 11372 E ActivityThread: 	at android.app.ContextImpl.registerReceiverInternal(ContextImpl.java:1172)
01-15 18:08:29.526 11372 11372 E ActivityThread: 	at android.app.ContextImpl.registerReceiver(ContextImpl.java:1152)
01-15 18:08:29.526 11372 11372 E ActivityThread: 	at android.app.ContextImpl.registerReceiver(ContextImpl.java:1146)
01-15 18:08:29.526 11372 11372 E ActivityThread: 	at org.firstinspires.ftc.robotcore.internal.network.WifiDirectInviteDialogMonitor.startMonitoring(WifiDirectInviteDialogMonitor.java:129)
01-15 18:08:29.526 11372 11372 E ActivityThread: 	at com.qualcomm.robotcore.wifi.WifiDirectAssistant.enable(WifiDirectAssistant.java:298)
01-15 18:08:29.526 11372 11372 E ActivityThread: 	at com.qualcomm.ftccommon.FtcRobotControllerService.onBind(FtcRobotControllerService.java:354)
01-15 18:08:29.526 11372 11372 E ActivityThread: 	at android.app.ActivityThread.handleBindService(ActivityThread.java:2925)
01-15 18:08:29.526 11372 11372 E ActivityThread: 	at android.app.ActivityThread.-wrap2(ActivityThread.java)
01-15 18:08:29.526 11372 11372 E ActivityThread: 	at android.app.ActivityThread$H.handleMessage(ActivityThread.java:1445)
01-15 18:08:29.526 11372 11372 E ActivityThread: 	at android.os.Handler.dispatchMessage(Handler.java:102)
01-15 18:08:29.526 11372 11372 E ActivityThread: 	at android.os.Looper.loop(Looper.java:148)
01-15 18:08:29.526 11372 11372 E ActivityThread: 	at android.app.ActivityThread.main(ActivityThread.java:5459)
01-15 18:08:29.526 11372 11372 E ActivityThread: 	at java.lang.reflect.Method.invoke(Native Method)
01-15 18:08:29.526 11372 11372 E ActivityThread: 	at com.android.internal.os.ZygoteInit$MethodAndArgsCaller.run(ZygoteInit.java:728)
01-15 18:08:29.526 11372 11372 E ActivityThread: 	at com.android.internal.os.ZygoteInit.main(ZygoteInit.java:618)
01-15 18:08:29.540 11372 11372 D WifiDirect: broadcast: state - enabled: true
01-15 18:08:29.540 11372 11372 D WifiDirect: broadcast: connection changed: connectStatus=NOT_CONNECTED networkInfo.state=CONNECTED
01-15 18:08:29.541 11372 11372 D WifiDirect: broadcast: this device changed
01-15 18:08:29.541 11372 11372 V WifiDirect: device information: 12611-RC 80:58:f8:58:99:a3
01-15 18:08:29.541 11372 11372 D WifiDirect: cannot create group, does group already exist?
01-15 18:08:29.541 11372 11372 V FTCService: RCActivity.controllerService=bound
01-15 18:08:29.541 11372 11372 V RobotCore: Network: unknown, disconnected
01-15 18:08:29.541 11372 11372 V RobotCore: Robot Status: stopped
01-15 18:08:29.545 11372 11372 V ThreadPool: container(0x06e43c2d: default threadpool) added id=941 TID=0 count=1
01-15 18:08:29.547 11372 11650 V RobotCore: thread: 'RobotSetupRunnable.run()' starting...
01-15 18:08:29.547 11372 11650 V FTCService: Processing robot setup
01-15 18:08:29.547 11372 11650 V RobotCore: Robot Status: stopped, scanning for USB devices
01-15 18:08:29.591 11372 11372 D WifiDirect: group owners address: /192.168.49.1
01-15 18:08:29.591 11372 11372 D WifiDirect: group formed, this device is the group owner (GO)
01-15 18:08:29.591 11372 11372 I FTCService: Wifi Direct - connected as group owner
01-15 18:08:29.598 11372 11372 V RobotCore: Network: enabled, disconnected
01-15 18:08:29.599 11372 11372 V WifiDirect: connection information available
01-15 18:08:29.599 11372 11372 V WifiDirect: connection information - groupOwnerName = 12611-RC
01-15 18:08:29.599 11372 11372 V WifiDirect: connection information - groupOwnerMacAddress = 80:58:f8:58:99:a3
01-15 18:08:29.599 11372 11372 V WifiDirect: connection information - groupInterface = p2p0
01-15 18:08:29.599 11372 11372 V WifiDirect: connection information - groupNetworkName = DIRECT-yh-12611-RC
01-15 18:08:29.599 11372 11372 I FTCService: Network Connection Passphrase: 31hLkFft
01-15 18:08:29.599 11372 11372 V WebServer: starting port=8080
01-15 18:08:29.610 11372 11372 V RobotCore: Getting network assistant of type: WIFIDIRECT
01-15 18:08:29.610 11372 11372 V WifiDirect: There are 2 Wifi Direct Assistant Clients (+)
01-15 18:08:29.610 11372 11372 V WebServer: started port=8080
01-15 18:08:29.610 11372 11372 V RobotCore: Network: active, disconnected
01-15 18:08:34.548 11372 11650 V RobotCore: EventLoopManager state is NOT_STARTED
01-15 18:08:34.548 11372 11650 V RobotCore: Robot Status: stopped, waiting for Wifi to enable
01-15 18:08:34.550 11372 11650 V RobotCore: Robot Status: stopped, waiting for Wifi Direct to enable
01-15 18:08:34.551 11372 11650 V RobotCore: Robot Status: stopped, waiting for network to become active
01-15 18:08:34.551 11372 11650 V RobotCore: Robot Status: stopped, starting robot
01-15 18:08:34.551 11372 11650 V Robocol : EventLoopManager.start()
01-15 18:08:34.552 11372 11650 V Robocol : Spoofing a Network Connection event...
01-15 18:08:34.553 11372 11650 V ThreadPool: executive service EventLoop(0x0aa23360) is terminated
01-15 18:08:34.553 11372 11650 V RobotCore: EventLoopManager state is STOPPED
01-15 18:08:34.553 11372 11650 V Robocol : eventLoop=FtcEventLoop
01-15 18:08:34.553 11372 11650 V RobotCore: EventLoopManager state is INIT
01-15 18:08:34.554 11372 11654 V RobotCore: thread: 'SetupRunnable.run()' starting...
01-15 18:08:34.554 11372 11650 V RobotCore: Robot Status: initializing, starting robot
01-15 18:08:34.554 11372 11650 I FtcEventLoop: ======= INIT START =======
01-15 18:08:34.555 11372 11650 V OpmodeRegistration: registered {DefaultOpMode} as {$Stop$Robot$}
01-15 18:08:34.563 11372 11650 V FileBasedLock: locked /storage/emulated/0/FIRST/blocks/projectslock/lock.dat
01-15 18:08:34.563 11372 11650 V ThreadPool: container(0x06e43c2d: default threadpool) added id=944 TID=0 count=2
01-15 18:08:34.564 11372 11650 V FileBasedLock: unlocking /storage/emulated/0/FIRST/blocks/projectslock/lock.dat
01-15 18:08:34.564 11372 11372 D WifiDirect: cannot create group, does group already exist?
01-15 18:08:34.571 11372 11650 V OpmodeRegistration: registered {TestGlyphCollector2} as {Test Glyph Pickup Encoder}
01-15 18:08:34.572 11372 11650 V OpmodeRegistration: registered {RelicRecoveryAutoRed1} as {Auto Red 1}
01-15 18:08:34.573 11372 11650 V OpmodeRegistration: registered {RelicRecoveryAutoBlue1} as {Auto Blue 1}
01-15 18:08:34.574 11372 11650 V OpmodeRegistration: registered {RelicRecoveryTileRunnerTeleOpsLinear} as {Tile Runner (New) TeleOps }
01-15 18:08:34.575 11372 11650 V OpmodeRegistration: registered {TestGlyphCollector} as {Test Glyph Pickup}
01-15 18:08:34.575 11372 11650 V OpmodeRegistration: registered {SensorREVColorDistance} as {Sensor: REVColorDistance}
01-15 18:08:34.576 11372 11650 V OpmodeRegistration: registered {SensorTest} as {Sensor Test}
01-15 18:08:34.577 11372 11650 V OpmodeRegistration: registered {RelicRecoveryAutoBlue2} as {Auto Blue 2}
01-15 18:08:34.578 11372 11650 V OpmodeRegistration: registered {SensorMRRangeColorSensor} as {Sensor: MR range & Color sensor}
01-15 18:08:34.578 11372 11650 V OpmodeRegistration: registered {TestGlyphCollector3} as {Test Glyph Pickup Reverse}
01-15 18:08:34.579 11372 11650 V OpmodeRegistration: registered {RelicRecoveryAutoTest} as {Auto Test}
01-15 18:08:34.580 11372 11650 V OpmodeRegistration: registered {RelicRecoveryAutoRed2} as {Auto Red 2}
01-15 18:08:34.581 11372 11650 V OpmodeRegistration: registered {RelicRecoveryTeleOpsLinear} as {Relic Recovery TeleOps (Linear)}
01-15 18:08:34.594 11372 11654 D Robocol : RobocolDatagramSocket listening addr=/192.168.49.1:20884 cbRec=65520 cbSend=163840 msRecTO=300
01-15 18:08:34.594 11372 11654 V Robocol : RecvLoopRunnable created
01-15 18:08:34.594 11372 11654 V PeerDiscovery: Starting peer discovery
01-15 18:08:34.595 11372 11654 V PeerDiscovery: No need for peer discovery, we are the peer discovery device
01-15 18:08:34.595 11372 11654 V RobotCore: Setup complete
01-15 18:08:34.595 11372 11654 V RobotCore: thread: ...terminating 'SetupRunnable.run()'
01-15 18:08:34.597 11372 11657 V RobotCore: thread: 'RecvLoopRunnable.run()' starting...
01-15 18:08:34.608 11372 11650 V HardwareFactory: createHardwareMap()
01-15 18:08:34.608 11372 11650 V WifiDirectInviteMonitor: clearUILynxModule()
01-15 18:08:34.608 11372 11372 I BatteryChecker: percent remaining: 54 is charging: false
01-15 18:08:34.609 11372 11650 V ReadXMLFileHandler: handleLynxModule() mod#=2...
01-15 18:08:34.609 11372 11650 V ConfigurationUtility: buildEmptyLynxModule() mod#=2...
01-15 18:08:34.609 11372 11650 V ConfigurationUtility: ...buildEmptyLynxModule() mod#=2
01-15 18:08:34.610 11372 11650 V ReadXMLFileHandler: ...handleLynxModule() mod#=2
01-15 18:08:34.610 11372 11650 V RobotCore: Creating REV Robotics USB Expansion Hub Portal [DQ16V4CE]
01-15 18:08:34.610 11372 11650 V LynxUsb : creating new [DQ16V4CE]: 0x0d6083db
01-15 18:08:34.612 11372 11650 V FtDeviceManager: createDeviceInfoList(): 1 USB devices
01-15 18:08:34.617 11372 11650 V FtDevice: vv********************DQ16V4CE opening********************vv 0x04fef214
01-15 18:08:34.619 11372 11650 V FtDevice: ^^********************DQ16V4CE opened ********************^^
01-15 18:08:34.620 11372 11650 V FtDevice: resetting DQ16V4CE
01-15 18:08:34.620 11372 11650 V ThreadPool: container(0x00a70e78: WatchdogMonitor) added id=949 TID=0 count=1
01-15 18:08:34.626 11372 11650 V LynxUsb : armDevice() serial=DQ16V4CE...
01-15 18:08:34.626 11372 11650 V LynxModule: resetDevice() serial=DQ16V4CE
01-15 18:08:34.896 11372 11657 E Robocol : exception SocketTimeoutException(null): no packet received [libcore.io.IoBridge.maybeThrowAfterRecvfrom(IoBridge.java:594)]
01-15 18:08:34.982 11372 11650 V ThreadPool: container(0x0f0535b6: lynx dg poller) added id=950 TID=0 count=1
01-15 18:08:34.983 11372 11650 V LynxUsb : ...done armDevice()
01-15 18:08:34.983 11372 11650 V LynxUsb : 0x087a9a24 on 0x0d6083db: new delegate to [DQ16V4CE]
01-15 18:08:34.983 11372 11650 V RobotCore: Creating Lynx Module - mod=2 parent=true
01-15 18:08:34.983 11372 11650 V LynxUsb : addConfiguredModule() module#=2
01-15 18:08:34.983 11372 11650 V LynxModule: pingAndQueryKnownInterfaces mod=2
01-15 18:08:34.984 11372 11662 V RobotCore: thread: 'lynx incoming datagrams' starting...
01-15 18:08:34.985 11372 11650 V ThreadPool: container(0x0302c98d: lynx module executor) added id=951 TID=0 count=1
01-15 18:08:34.986 11372 11662 V LynxUsb : synchronization gained: serial=DQ16V4CE
01-15 18:08:34.990 11372 11650 V LynxModule: queryInterface(DEKA)=49 commands
01-15 18:08:34.997 11372 11650 V LynxModule: mod#=2 intf=DEKA: expected 53 commands; found 49
01-15 18:08:35.000 11372 11650 V LynxModule: sendLEDPatternSteps(): #steps=6
01-15 18:08:35.010 11372 11650 V LynxMotor: initializeHardware() mod#=2
01-15 18:08:35.035 11372 11663 V LynxModule: received status: LynxGetModuleStatusResponse(status=0x02 alerts=0x00: Reset)
01-15 18:08:35.067 11372 11657 D RobotCore: system telemetry: key=$System$None$ msg=""
01-15 18:08:35.067 11372 11657 V PeerDiscovery: new remote peer discovered: 192.168.49.84
01-15 18:08:35.067 11372 11657 D Robocol : RobocolDatagramSocket connected to /192.168.49.84:20884
01-15 18:08:35.068 11372 11657 V NetworkConnectionHandler: starting sending loop
01-15 18:08:35.068 11372 11657 V Robocol : SendOnceRunnable created
01-15 18:08:35.105 11372 11657 V NetDiscover_prefremrc: sendAllPreferences()
01-15 18:08:35.105 11372 11657 V NetDiscover_prefremrc: sending RC pref name=pref_wifip2p_remote_channel_change_works value=true
01-15 18:08:35.106 11372 11657 V NetDiscover_prefremrc: sending RC pref name=pref_device_name value=12611-RC
01-15 18:08:35.106 11372 11657 V NetDiscover_prefremrc: sending RC pref name=pref_has_independent_phone_battery value=true
01-15 18:08:35.106 11372 11657 V NetDiscover_prefremrc: sending RC pref name=pref_app_theme value=teal
01-15 18:08:35.106 11372 11657 V NetDiscover_prefremrc: sending RC pref name=pref_sound_on_off value=false
01-15 18:08:35.106 11372 11657 V RobotCore: Network: active, connected
01-15 18:08:35.108 11372 11452 V Robocol : sending CMD_NOTIFY_USER_DEVICE_LIST(8226), attempt: 0
01-15 18:08:35.109 11372 11452 V Robocol : sending CMD_ROBOT_CONTROLLER_PREFERENCE(8227), attempt: 0
01-15 18:08:35.109 11372 11452 V Robocol : sending CMD_ROBOT_CONTROLLER_PREFERENCE(8228), attempt: 0
01-15 18:08:35.110 11372 11452 V Robocol : sending CMD_ROBOT_CONTROLLER_PREFERENCE(8229), attempt: 0
01-15 18:08:35.110 11372 11452 V Robocol : sending CMD_ROBOT_CONTROLLER_PREFERENCE(8230), attempt: 0
01-15 18:08:35.110 11372 11452 V Robocol : sending CMD_ROBOT_CONTROLLER_PREFERENCE(8231), attempt: 0
01-15 18:08:35.114 11372 11650 V RobotCore: DcMotorImpl(type=RevRoboticsCoreHexMotor)
01-15 18:08:35.120 11372 11650 V RobotCore: DcMotorImpl(type=RevRoboticsCoreHexMotor)
01-15 18:08:35.122 11372 11657 V Robocol : received command: CMD_REQUEST_UI_STATE(10001) 
01-15 18:08:35.126 11372 11650 V LynxServoController: initializeHardware() mod#=2
01-15 18:08:35.162 11372 11650 V LynxVoltageSensor: initializeHardware() mod#=2
01-15 18:08:35.162 11372 11650 V LynxPwmOutputController: initializeHardware() mod#=2
01-15 18:08:35.165 11372 11650 W LynxPwmOutputController: LynxSetPWMEnableCommand not implemented by lynx hw; ignoring
01-15 18:08:35.168 11372 11650 W LynxPwmOutputController: LynxSetPWMConfigurationCommand not implemented by lynx hw; ignoring
01-15 18:08:35.172 11372 11650 W LynxPwmOutputController: LynxSetPWMEnableCommand not implemented by lynx hw; ignoring
01-15 18:08:35.175 11372 11650 W LynxPwmOutputController: LynxSetPWMConfigurationCommand not implemented by lynx hw; ignoring
01-15 18:08:35.179 11372 11650 W LynxPwmOutputController: LynxSetPWMEnableCommand not implemented by lynx hw; ignoring
01-15 18:08:35.184 11372 11650 W LynxPwmOutputController: LynxSetPWMConfigurationCommand not implemented by lynx hw; ignoring
01-15 18:08:35.188 11372 11650 W LynxPwmOutputController: LynxSetPWMEnableCommand not implemented by lynx hw; ignoring
01-15 18:08:35.192 11372 11650 W LynxPwmOutputController: LynxSetPWMConfigurationCommand not implemented by lynx hw; ignoring
01-15 18:08:35.192 11372 11650 V LynxAnalogInputController: initializeHardware() mod#=2
01-15 18:08:35.192 11372 11650 V LynxDigitalChannelController: initializeHardware() mod#=2
01-15 18:08:35.215 11372 11650 V RobotCore: Creating user sensor REV Expansion Hub IMU - on Lynx module=2 bus=0
01-15 18:08:35.215 11372 11650 V RobotCore: Creating I2cDeviceSynch (Lynx) - mod=2 bus=0
01-15 18:08:35.215 11372 11650 I RobotCore: LynxFirmwareVersionManager: LynxI2cDeviceSynchV1
01-15 18:08:35.215 11372 11650 V LynxI2cDeviceSynch: initializeHardware() mod#=2
01-15 18:08:35.216 11372 11650 I RobotCore: ========= Device Information ===================================================
01-15 18:08:35.216 11372 11650 I RobotCore: Type                                               Name                           Connection
01-15 18:08:35.216 11372 11650 I RobotCore: REV Expansion Hub IMU                              imu                            USB DQ16V4CE; module 2; bus 0; addr7=0x00
01-15 18:08:35.217 11372 11650 I RobotCore: Motor                                              glyph_left                     USB DQ16V4CE; module 2; port 2
01-15 18:08:35.217 11372 11650 I RobotCore: REV Robotics USB Expansion Hub Portal              Expansion Hub Portal 1         USB DQ16V4CE
01-15 18:08:35.217 11372 11650 I RobotCore: Motor                                              glyph_right                    USB DQ16V4CE; module 2; port 0
01-15 18:08:35.217 11372 11650 I RobotCore: Expansion Hub DC Motor Controller                  Expansion Hub 2                USB DQ16V4CE; module 2
01-15 18:08:35.218 11372 11650 I RobotCore: Expansion Hub Servo Controller                     Expansion Hub 2                USB DQ16V4CE; module 2
01-15 18:08:35.218 11372 11650 I RobotCore: Expansion Hub Voltage Sensor                       Expansion Hub 2                USB DQ16V4CE; module 2
01-15 18:08:35.218 11372 11650 I RobotCore: Expansion Hub Pwm Controller                       Expansion Hub 2                USB DQ16V4CE; module 2
01-15 18:08:35.218 11372 11650 I RobotCore: Expansion Hub Analog Input Controller              Expansion Hub 2                USB DQ16V4CE; module 2
01-15 18:08:35.218 11372 11650 I RobotCore: Expansion Hub Digital Channel Controller           Expansion Hub 2                USB DQ16V4CE; module 2
01-15 18:08:35.223 11372 11650 I RobotCore: Expansion Hub (HW: 20, Maj: 1, Min: 7, Eng: 2)     Expansion Hub 2                USB DQ16V4CE; module 2
01-15 18:08:35.223 11372 11650 I FtcEventLoop: ======= INIT FINISH =======
01-15 18:08:35.223 11372 11650 V RobotCore: EventLoopManager state is RUNNING
01-15 18:08:35.223 11372 11650 V RobotCore: Robot Status: running, starting robot
01-15 18:08:35.223 11372 11650 V RobotCore: Robot Status: running
01-15 18:08:35.223 11372 11650 V ThreadPool: container(0x0b247866: executorEventLoop) added id=952 TID=0 count=1
01-15 18:08:35.225 11372 11656 I BatteryChecker: percent remaining: 54 is charging: false
01-15 18:08:35.227 11372 11650 V RobotCore: thread: ...terminating 'RobotSetupRunnable.run()'
01-15 18:08:35.227 11372 11664 V RobotCore: thread: 'opmode loop()' starting...
01-15 18:08:35.228 11372 11452 V Robocol : sending CMD_NOTIFY_ROBOT_STATE(8241), attempt: 0
01-15 18:08:35.268 11372 11452 V Robocol : sending CMD_NOTIFY_ACTIVE_CONFIGURATION(8244), attempt: 0
01-15 18:08:35.268 11372 11452 V Robocol : sending CMD_NOTIFY_USER_DEVICE_LIST(8247), attempt: 0
01-15 18:08:35.269 11372 11452 V Robocol : sending CMD_NOTIFY_OP_MODE_LIST(8248), attempt: 0
01-15 18:08:35.594 11372 11435 W AudioTrack: AUDIO_OUTPUT_FLAG_FAST denied by client; transfer 4, track 8000 Hz, output 48000 Hz
01-15 18:08:35.734 11372 11664 V ThreadPool: container(0x0ef75019: OpModeStuckCodeMonitor) added id=953 TID=0 count=1
01-15 18:08:35.735 11372 11664 I RobotCore: Attempting to switch to op mode $Stop$Robot$
01-15 18:08:35.788 11372 11452 V Robocol : sending CMD_NOTIFY_INIT_OP_MODE(8259), attempt: 0
01-15 18:08:35.994 11372 11664 I RobotCore: robot battery read duration: n=2, mean=3.519ms sd=0.468ms
01-15 18:08:39.608 11372 11372 I BatteryChecker: percent remaining: 54 is charging: false
01-15 18:08:58.360 11372 11657 V Robocol : received command: CMD_INIT_OP_MODE(10304) $Stop$Robot$
01-15 18:08:58.362 11372 11656 I BatteryChecker: percent remaining: 54 is charging: false
01-15 18:08:58.368 11372 11664 I RobotCore: Attempting to switch to op mode $Stop$Robot$
01-15 18:08:58.388 11372 11452 V Robocol : sending CMD_NOTIFY_INIT_OP_MODE(8570), attempt: 0
01-15 18:09:01.628 11372 11452 V Robocol : issuing peerDisconnected(): lastRecvPacket=2.033 s
01-15 18:09:01.629 11372 11452 V RobotCore: Network: active, disconnected
01-15 18:09:01.629 11372 11452 I RobotCore: Lost connection while running op mode: $Stop$Robot$
01-15 18:09:01.630 11372 11435 W AudioTrack: AUDIO_OUTPUT_FLAG_FAST denied by client; transfer 4, track 44100 Hz, output 48000 Hz
01-15 18:09:02.130 11372 11664 I RobotCore: Attempting to switch to op mode $Stop$Robot$
01-15 18:09:02.149 11372 11372 V RCActivity: onPause()
01-15 18:09:02.158 11372 11372 V RCActivity: onStop()
01-15 18:09:02.179 11372 11372 V OnBotJavaService: onTrimMemory()
01-15 18:09:02.179 11372 11372 V MTPMonitorService: onTrimMemory()
01-15 18:09:02.873 11372 11372 V AppUtil : rootActivity=FtcRobotControllerActivity destroyed
01-15 18:09:02.873 11372 11372 V RCActivity: onDestroy()
01-15 18:09:02.873 11372 11372 V Robocol : EventLoopManager.shutdown()
01-15 18:09:02.873 11372 11372 V ThreadPool: waiting for service EventLoop
01-15 18:09:02.873 11372 11664 V RobotCore: EventLoopRunnable interrupted
01-15 18:09:02.873 11372 11664 V RobotCore: EventLoopManager state is STOPPED
01-15 18:09:02.873 11372 11664 V RobotCore: Robot Status: stopped
01-15 18:09:02.874 11372 11664 I FtcEventLoop: ======= TEARDOWN =======
01-15 18:09:02.874 11372 11666 V ThreadPool: container(0x0ef75019: OpModeStuckCodeMonitor) removed id=953 TID=11666 count=1
01-15 18:09:02.875 11372 11664 V LynxMotor: disengage mod#=2
01-15 18:09:02.875 11372 11664 V LynxServoController: disengage mod#=2
01-15 18:09:02.875 11372 11664 V LynxUsb : 0x087a9a24 on 0x0d6083db: releasing delegate to [DQ16V4CE]
01-15 18:09:02.875 11372 11664 V LynxUsb : 0x0d6083db: releaseRef [DQ16V4CE]=0
01-15 18:09:02.876 11372 11664 V LynxUsb : doClose([DQ16V4CE])...
01-15 18:09:02.876 11372 11664 V LynxModule: close()
01-15 18:09:02.876 11372 11664 V ThreadPool: waiting for service lynx module executor
01-15 18:09:02.877 11372 11664 V LynxUsb : disarmDevice() serial=DQ16V4CE...
01-15 18:09:02.877 11372 11663 V ThreadPool: container(0x0302c98d: lynx module executor) removed id=951 TID=11663 count=1
01-15 18:09:02.877 11372 11664 V LynxUsb : shutting down incoming datagrams
01-15 18:09:02.877 11372 11664 V ThreadPool: waiting for service Lynx incoming datagram poller
01-15 18:09:02.877 11372 11664 V ThreadPool: awaitTerminationOrExitApplication Lynx incoming datagram poller; interrupt thrown
01-15 18:09:02.877 11372 11662 V RobotCore: thread: ...terminating 'lynx incoming datagrams'
01-15 18:09:02.877 11372 11662 V ThreadPool: container(0x0f0535b6: lynx dg poller) removed id=950 TID=11662 count=1
01-15 18:09:02.977 11372 11664 V RobotUsbDeviceFtdi: closing DQ16V4CE
01-15 18:09:02.977 11372 11664 V FtDevice: vv********************DQ16V4CE closing********************vv 0x04fef214
01-15 18:09:02.977 11372 11664 V FtDevice: DQ16V4CE stopping thread readBufferManager
01-15 18:09:02.978 11372 11659 V FtDevice: DQ16V4CE thread readBufferManager is stopped
01-15 18:09:02.978 11372 11664 V FtDevice: DQ16V4CE stopping thread bulkPacketInWorker
01-15 18:09:02.979 11372 11658 V FtDevice: DQ16V4CE thread bulkPacketInWorker is stopped
01-15 18:09:02.979 11372 11664 V MonitoredUsbDeviceConnection: closing UsbDeviceConnection(DQ16V4CE)
01-15 18:09:02.979 11372 11664 D UsbDeviceConnectionJNI: close
01-15 18:09:02.979 11372 11664 V FtDevice: ^^********************DQ16V4CE closed ********************^^
01-15 18:09:02.979 11372 11664 V LynxUsb : ...done disarmDevice()
01-15 18:09:02.979 11372 11664 V LynxUsb : ...doClose([DQ16V4CE])
01-15 18:09:02.980 11372 11660 V ThreadPool: container(0x00a70e78: WatchdogMonitor) removed id=949 TID=11660 count=1
01-15 18:09:02.981 11372 11664 I FtcEventLoop: ======= TEARDOWN COMPLETE =======
01-15 18:09:02.981 11372 11664 V RobotCore: thread: ...terminating 'opmode loop()'
01-15 18:09:02.981 11372 11664 V EventLoopManager: switching to idleEventLoop
01-15 18:09:02.981 11372 11664 I FtcEventLoopIdle: ------- idle init --------
01-15 18:09:02.981 11372 11664 V RobotCore: thread: 'opmode loop()' starting...
01-15 18:09:04.566 11372 11655 V ThreadPool: container(0x06e43c2d: default threadpool) removed id=944 TID=11655 count=2
01-15 18:09:05.227 11372 11650 V ThreadPool: container(0x06e43c2d: default threadpool) removed id=941 TID=11650 count=1
01-15 18:09:05.373 11372 11372 V ThreadPool: awaiting shutdown: thread pool="EventLoop" attempt=1
01-15 18:09:05.374 11372 11372 E RobotCore: thread id=952 tid=11664 name="opmode loop()" 
01-15 18:09:05.374 11372 11372 E RobotCore:     at java.lang.Thread.sleep(Native Method)
01-15 18:09:05.374 11372 11372 E RobotCore:     at java.lang.Thread.sleep(Thread.java:1031)
01-15 18:09:05.374 11372 11372 E RobotCore:     at java.lang.Thread.sleep(Thread.java:985)
01-15 18:09:05.374 11372 11372 E RobotCore:     at com.qualcomm.robotcore.eventloop.EventLoopManager$EventLoopRunnable$1.run(EventLoopManager.java:262)
01-15 18:09:05.374 11372 11372 E RobotCore:     at com.qualcomm.robotcore.util.ThreadPool.logThreadLifeCycle(ThreadPool.java:709)
01-15 18:09:05.374 11372 11372 E RobotCore:     at com.qualcomm.robotcore.eventloop.EventLoopManager$EventLoopRunnable.run(EventLoopManager.java:241)
01-15 18:09:05.374 11372 11372 E RobotCore:     at com.qualcomm.robotcore.eventloop.EventLoopManager$1.run(EventLoopManager.java:580)
01-15 18:09:05.374 11372 11372 E RobotCore:     at java.util.concurrent.ThreadPoolExecutor.runWorker(ThreadPoolExecutor.java:1113)
01-15 18:09:05.374 11372 11372 E RobotCore:     at java.util.concurrent.ThreadPoolExecutor$Worker.run(ThreadPoolExecutor.java:588)
01-15 18:09:05.374 11372 11372 E RobotCore:     at com.qualcomm.robotcore.util.ThreadPool$ThreadFactoryImpl$1.run(ThreadPool.java:764)
01-15 18:09:05.374 11372 11372 E RobotCore:     at java.lang.Thread.run(Thread.java:818)
01-15 18:09:05.374 11372 11372 V ThreadPool: waiting for service EventLoop
01-15 18:09:05.374 11372 11664 V RobotCore: EventLoopRunnable interrupted
01-15 18:09:05.374 11372 11664 V RobotCore: EventLoopManager state is STOPPED
01-15 18:09:05.374 11372 11664 I FtcEventLoopIdle: ------- idle teardown ----
01-15 18:09:05.374 11372 11664 V RobotCore: thread: ...terminating 'opmode loop()'
01-15 18:09:05.375 11372 11664 V ThreadPool: container(0x0b247866: executorEventLoop) removed id=952 TID=11664 count=1
01-15 18:09:05.375 11372 11372 V ThreadPool: awaitTermination returned, isTerminated=true
01-15 18:09:05.375 11372 11372 V ThreadPool: executive service EventLoop(0x0b247866) is terminated
01-15 18:09:05.375 11372 11372 V RobotCore: EventLoopManager state is STOPPED
01-15 18:09:05.376 11372 11372 V NetDiscover_name: doStop()...
01-15 18:09:05.376 11372 11372 V NetDiscover_name: ...doStop()
01-15 18:09:05.377 11372 11372 V ServiceStarter: attempting to stop service FtcRobotControllerWatchdogService
01-15 18:09:05.879 11372 11372 V RobotCore: closing logcat file /storage/emulated/0/robotControllerLog.txt
01-15 18:09:05.937 11680 11680 W ps      : type=1400 audit(0.0:11056): avc: denied { getattr } for uid=10133 path="/proc/1" dev="proc" ino=61133 scontext=u:r:untrusted_app:s0:c512,c768 tcontext=u:r:init:s0 tclass=dir permissive=0
01-15 18:09:05.937 11680 11680 W ps      : type=1400 audit(0.0:11057): avc: denied { search } for uid=10133 name="1" dev="proc" ino=61133 scontext=u:r:untrusted_app:s0:c512,c768 tcontext=u:r:init:s0 tclass=dir permissive=0
01-15 18:09:05.937 11680 11680 W ps      : type=1400 audit(0.0:11058): avc: denied { search } for uid=10133 name="1" dev="proc" ino=61133 scontext=u:r:untrusted_app:s0:c512,c768 tcontext=u:r:init:s0 tclass=dir permissive=0
01-15 18:09:05.937 11680 11680 W ps      : type=1400 audit(0.0:11059): avc: denied { getattr } for uid=10133 path="/proc/2" dev="proc" ino=61134 scontext=u:r:untrusted_app:s0:c512,c768 tcontext=u:r:kernel:s0 tclass=dir permissive=0
01-15 18:09:05.937 11680 11680 W ps      : type=1400 audit(0.0:11060): avc: denied { search } for uid=10133 name="2" dev="proc" ino=61134 scontext=u:r:untrusted_app:s0:c512,c768 tcontext=u:r:kernel:s0 tclass=dir permissive=0
01-15 18:09:05.937 11680 11680 W ps      : type=1400 audit(0.0:11061): avc: denied { search } for uid=10133 name="2" dev="proc" ino=61134 scontext=u:r:untrusted_app:s0:c512,c768 tcontext=u:r:kernel:s0 tclass=dir permissive=0
01-15 18:09:05.937 11680 11680 W ps      : type=1400 audit(0.0:11062): avc: denied { getattr } for uid=10133 path="/proc/3" dev="proc" ino=61135 scontext=u:r:untrusted_app:s0:c512,c768 tcontext=u:r:kernel:s0 tclass=dir permissive=0
01-15 18:09:05.937 11680 11680 W ps      : type=1400 audit(0.0:11063): avc: denied { search } for uid=10133 name="3" dev="proc" ino=61135 scontext=u:r:untrusted_app:s0:c512,c768 tcontext=u:r:kernel:s0 tclass=dir permissive=0
01-15 18:09:05.937 11680 11680 W ps      : type=1400 audit(0.0:11064): avc: denied { search } for uid=10133 name="3" dev="proc" ino=61135 scontext=u:r:untrusted_app:s0:c512,c768 tcontext=u:r:kernel:s0 tclass=dir permissive=0
01-15 18:09:05.937 11680 11680 W ps      : type=1400 audit(0.0:11065): avc: denied { getattr } for uid=10133 path="/proc/5" dev="proc" ino=61136 scontext=u:r:untrusted_app:s0:c512,c768 tcontext=u:r:kernel:s0 tclass=dir permissive=0
01-15 18:09:05.937 11680 11680 W ps      : type=1400 audit(0.0:11066): avc: denied { search } for uid=10133 name="5" dev="proc" ino=61136 scontext=u:r:untrusted_app:s0:c512,c768 tcontext=u:r:kernel:s0 tclass=dir permissive=0
01-15 18:09:05.937 11680 11680 W ps      : type=1400 audit(0.0:11067): avc: denied { search } for uid=10133 name="5" dev="proc" ino=61136 scontext=u:r:untrusted_app:s0:c512,c768 tcontext=u:r:kernel:s0 tclass=dir permissive=0
01-15 18:09:05.937 11680 11680 W ps      : type=1400 audit(0.0:11068): avc: denied { getattr } for uid=10133 path="/proc/6" dev="proc" ino=61137 scontext=u:r:untrusted_app:s0:c512,c768 tcontext=u:r:kernel:s0 tclass=dir permissive=0
01-15 18:09:05.937 11680 11680 W ps      : type=1400 audit(0.0:11069): avc: denied { search } for uid=10133 name="6" dev="proc" ino=61137 scontext=u:r:untrusted_app:s0:c512,c768 tcontext=u:r:kernel:s0 tclass=dir permissive=0
01-15 18:09:05.937 11680 11680 W ps      : type=1400 audit(0.0:11070): avc: denied { search } for uid=10133 name="6" dev="proc" ino=61137 scontext=u:r:untrusted_app:s0:c512,c768 tcontext=u:r:kernel:s0 tclass=dir permissive=0
01-15 18:09:05.937 11680 11680 W ps      : type=1400 audit(0.0:11071): avc: denied { getattr } for uid=10133 path="/proc/7" dev="proc" ino=61138 scontext=u:r:untrusted_app:s0:c512,c768 tcontext=u:r:kernel:s0 tclass=dir permissive=0
01-15 18:09:05.937 11680 11680 W ps      : type=1400 audit(0.0:11072): avc: denied { search } for uid=10133 name="7" dev="proc" ino=61138 scontext=u:r:untrusted_app:s0:c512,c768 tcontext=u:r:kernel:s0 tclass=dir permissive=0
01-15 18:09:05.937 11680 11680 W ps      : type=1400 audit(0.0:11073): avc: denied { search } for uid=10133 name="7" dev="proc" ino=61138 scontext=u:r:untrusted_app:s0:c512,c768 tcontext=u:r:kernel:s0 tclass=dir permissive=0
01-15 18:09:05.937 11680 11680 W ps      : type=1400 audit(0.0:11074): avc: denied { getattr } for uid=10133 path="/proc/8" dev="proc" ino=61139 scontext=u:r:untrusted_app:s0:c512,c768 tcontext=u:r:kernel:s0 tclass=dir permissive=0
01-15 18:09:05.937 11680 11680 W ps      : type=1400 audit(0.0:11075): avc: denied { search } for uid=10133 name="8" dev="proc" ino=61139 scontext=u:r:untrusted_app:s0:c512,c768 tcontext=u:r:kernel:s0 tclass=dir permissive=0
01-15 18:09:05.969 11372 11372 V RobotCore: Killing PID 11645
01-15 18:09:06.103 11372 11372 V OnBotJavaService: onTaskRemoved()
01-15 18:09:06.104 11372 11372 V MTPMonitorService: onTaskRemoved()
01-15 18:09:06.104 11372 11372 V FTCService: onUnbind()
01-15 18:09:06.104 11372 11372 V WifiDirect: There are 1 Wifi Direct Assistant Clients (-)
01-15 18:09:06.105 11372 11372 V Robocol : EventLoopManager.close()
01-15 18:09:06.105 11372 11372 V ThreadPool: waiting for service ReceiveLoopService
01-15 18:09:06.320 11372 11657 V RobotCore: thread: ...terminating 'RecvLoopRunnable.run()'
01-15 18:09:06.321 11372 11372 V ThreadPool: awaitTermination returned, isTerminated=true
01-15 18:09:06.321 11372 11372 V ThreadPool: executive service ReceiveLoopService(0x015df743) is terminated
01-15 18:09:06.321 11372 11372 V PeerDiscovery: Stopping peer discovery
01-15 18:09:06.321 11372 11372 D Robocol : RobocolDatagramSocket is closed
01-15 18:09:06.321 11372 11372 V FTCService: onDestroy()
01-15 18:09:06.321 11372 11372 V WebServer: stopping port=8080
01-15 18:09:06.323 11372 11372 V WifiDirect: There are 0 Wifi Direct Assistant Clients (-)
01-15 18:09:06.323 11372 11372 V WifiDirect: Disabling Wifi Direct Assistant
01-15 18:09:06.323 11372 11372 V WifiDirectInviteMonitor: stopMonitoring()
01-15 18:09:06.324 11372 11372 V WebServer: stopped port=8080
01-15 18:09:06.324 11372 11372 V FtcRobotControllerWatchdogService: onDestroy()
01-15 18:09:06.324 11372 11372 I Choreographer: Skipped 56 frames!  The application may be doing too much work on its main thread.
01-15 18:09:17.099 11684 11684 I art     : Late-enabling -Xcheck:jni
01-15 18:09:17.146 11684 11684 V AppUtil : initializing: getExternalStorageDirectory()=/storage/emulated/0
01-15 18:09:17.149 11684 11697 V RobotCore: saving logcat to /storage/emulated/0/robotControllerLog.txt
01-15 18:09:17.149 11684 11697 V RobotCore: logging command line: logcat -f /storage/emulated/0/robotControllerLog.txt -r4096 -n4 -v threadtime UsbRequestJNI:S UsbRequest:S *:V
01-15 18:09:17.150 11684 11684 V ServiceStarter: attempting to start service MediaTransferProtocolMonitorService
01-15 18:09:17.168 11684 11684 V ServiceStarter: started service MediaTransferProtocolMonitorService
01-15 18:09:17.169 11684 11684 V ServiceStarter: attempting to start service OnBotJavaService
01-15 18:09:17.171 11684 11684 V ServiceStarter: started service OnBotJavaService
01-15 18:09:17.204 11699 11699 W ps      : type=1400 audit(0.0:12394): avc: denied { getattr } for uid=10133 path="/proc/1" dev="proc" ino=61133 scontext=u:r:untrusted_app:s0:c512,c768 tcontext=u:r:init:s0 tclass=dir permissive=0
01-15 18:09:17.204 11699 11699 W ps      : type=1400 audit(0.0:12395): avc: denied { search } for uid=10133 name="1" dev="proc" ino=61133 scontext=u:r:untrusted_app:s0:c512,c768 tcontext=u:r:init:s0 tclass=dir permissive=0
01-15 18:09:17.204 11699 11699 W ps      : type=1400 audit(0.0:12396): avc: denied { search } for uid=10133 name="1" dev="proc" ino=61133 scontext=u:r:untrusted_app:s0:c512,c768 tcontext=u:r:init:s0 tclass=dir permissive=0
01-15 18:09:17.204 11699 11699 W ps      : type=1400 audit(0.0:12397): avc: denied { getattr } for uid=10133 path="/proc/2" dev="proc" ino=61134 scontext=u:r:untrusted_app:s0:c512,c768 tcontext=u:r:kernel:s0 tclass=dir permissive=0
01-15 18:09:17.204 11699 11699 W ps      : type=1400 audit(0.0:12398): avc: denied { search } for uid=10133 name="2" dev="proc" ino=61134 scontext=u:r:untrusted_app:s0:c512,c768 tcontext=u:r:kernel:s0 tclass=dir permissive=0
01-15 18:09:17.204 11699 11699 W ps      : type=1400 audit(0.0:12399): avc: denied { search } for uid=10133 name="2" dev="proc" ino=61134 scontext=u:r:untrusted_app:s0:c512,c768 tcontext=u:r:kernel:s0 tclass=dir permissive=0
01-15 18:09:17.204 11699 11699 W ps      : type=1400 audit(0.0:12400): avc: denied { getattr } for uid=10133 path="/proc/3" dev="proc" ino=61135 scontext=u:r:untrusted_app:s0:c512,c768 tcontext=u:r:kernel:s0 tclass=dir permissive=0
01-15 18:09:17.204 11699 11699 W ps      : type=1400 audit(0.0:12401): avc: denied { search } for uid=10133 name="3" dev="proc" ino=61135 scontext=u:r:untrusted_app:s0:c512,c768 tcontext=u:r:kernel:s0 tclass=dir permissive=0
01-15 18:09:17.204 11699 11699 W ps      : type=1400 audit(0.0:12402): avc: denied { search } for uid=10133 name="3" dev="proc" ino=61135 scontext=u:r:untrusted_app:s0:c512,c768 tcontext=u:r:kernel:s0 tclass=dir permissive=0
01-15 18:09:17.204 11699 11699 W ps      : type=1400 audit(0.0:12403): avc: denied { getattr } for uid=10133 path="/proc/5" dev="proc" ino=61136 scontext=u:r:untrusted_app:s0:c512,c768 tcontext=u:r:kernel:s0 tclass=dir permissive=0
01-15 18:09:17.204 11699 11699 W ps      : type=1400 audit(0.0:12404): avc: denied { search } for uid=10133 name="5" dev="proc" ino=61136 scontext=u:r:untrusted_app:s0:c512,c768 tcontext=u:r:kernel:s0 tclass=dir permissive=0
01-15 18:09:17.204 11699 11699 W ps      : type=1400 audit(0.0:12405): avc: denied { search } for uid=10133 name="5" dev="proc" ino=61136 scontext=u:r:untrusted_app:s0:c512,c768 tcontext=u:r:kernel:s0 tclass=dir permissive=0
01-15 18:09:17.204 11699 11699 W ps      : type=1400 audit(0.0:12406): avc: denied { getattr } for uid=10133 path="/proc/6" dev="proc" ino=61137 scontext=u:r:untrusted_app:s0:c512,c768 tcontext=u:r:kernel:s0 tclass=dir permissive=0
01-15 18:09:17.204 11699 11699 W ps      : type=1400 audit(0.0:12407): avc: denied { search } for uid=10133 name="6" dev="proc" ino=61137 scontext=u:r:untrusted_app:s0:c512,c768 tcontext=u:r:kernel:s0 tclass=dir permissive=0
01-15 18:09:17.204 11699 11699 W ps      : type=1400 audit(0.0:12408): avc: denied { search } for uid=10133 name="6" dev="proc" ino=61137 scontext=u:r:untrusted_app:s0:c512,c768 tcontext=u:r:kernel:s0 tclass=dir permissive=0
01-15 18:09:17.204 11699 11699 W ps      : type=1400 audit(0.0:12409): avc: denied { getattr } for uid=10133 path="/proc/7" dev="proc" ino=61138 scontext=u:r:untrusted_app:s0:c512,c768 tcontext=u:r:kernel:s0 tclass=dir permissive=0
01-15 18:09:17.204 11699 11699 W ps      : type=1400 audit(0.0:12410): avc: denied { search } for uid=10133 name="7" dev="proc" ino=61138 scontext=u:r:untrusted_app:s0:c512,c768 tcontext=u:r:kernel:s0 tclass=dir permissive=0
01-15 18:09:17.204 11699 11699 W ps      : type=1400 audit(0.0:12411): avc: denied { search } for uid=10133 name="7" dev="proc" ino=61138 scontext=u:r:untrusted_app:s0:c512,c768 tcontext=u:r:kernel:s0 tclass=dir permissive=0
01-15 18:09:17.204 11699 11699 W ps      : type=1400 audit(0.0:12412): avc: denied { getattr } for uid=10133 path="/proc/8" dev="proc" ino=61139 scontext=u:r:untrusted_app:s0:c512,c768 tcontext=u:r:kernel:s0 tclass=dir permissive=0
01-15 18:09:17.204 11699 11699 W ps      : type=1400 audit(0.0:12413): avc: denied { search } for uid=10133 name="8" dev="proc" ino=61139 scontext=u:r:untrusted_app:s0:c512,c768 tcontext=u:r:kernel:s0 tclass=dir permissive=0
01-15 18:09:17.207 11684 11684 V AppUtil : rootActivity=FtcRobotControllerActivity
01-15 18:09:17.207 11684 11684 V RCActivity: onCreate()
01-15 18:09:17.222 11684 11684 V ThreadPool: container(0x052f8121: CallbackLooper) added id=842 TID=0 count=1
01-15 18:09:17.223 11684 11701 V CallbackLooper: thread=842
01-15 18:09:17.228 11684 11684 V NetDiscover_wifiDirectAgent: doStart()...
01-15 18:09:17.239 11684 11684 V NetDiscover_wifiDirectAgent: ...doStart()
01-15 18:09:17.240 11684 11684 V NetDiscover_name: doStart()...
01-15 18:09:17.241 11684 11701 V NetDiscover_wifiDirectAgent_bcast: wifiP2pEnabled=true
01-15 18:09:17.247 11684 11684 V NetDiscover_name: ...doStart()
01-15 18:09:17.249 11684 11684 V NetDiscover_prefremrc: ----- all preferences -----
01-15 18:09:17.249 11684 11684 V NetDiscover_prefremrc: name='pref_wifip2p_remote_channel_change_works' value=true
01-15 18:09:17.249 11684 11684 V NetDiscover_prefremrc: name='pref_hardware_config_filename' value={"isDirty":false,"location":"LOCAL_STORAGE","name":"Backup_robot","resourceId":0}
01-15 18:09:17.249 11684 11684 V NetDiscover_prefremrc: name='pref_device_name' value=12611-RC
01-15 18:09:17.249 11684 11684 V NetDiscover_prefremrc: name='pref_wifip2p_groupowner_connectedto' value=
01-15 18:09:17.249 11684 11684 V NetDiscover_prefremrc: name='pref_device_name_old' value=12611-RC
01-15 18:09:17.249 11684 11684 V NetDiscover_prefremrc: name='pref_network_connection_type' value=WIFIDIRECT
01-15 18:09:17.249 11684 11684 V NetDiscover_prefremrc: name='pref_device_name_tracking' value=WIFIDIRECT
01-15 18:09:17.249 11684 11684 V NetDiscover_prefremrc: name='pref_has_independent_phone_battery' value=true
01-15 18:09:17.250 11684 11684 V NetDiscover_prefremrc: name='pref_app_theme' value=teal
01-15 18:09:17.250 11684 11684 V NetDiscover_prefremrc: name='pref_sound_on_off' value=false
01-15 18:09:17.250 11684 11684 V NetDiscover_prefremrc: name='pref_rc_connected' value=true
01-15 18:09:17.250 11684 11684 V NetDiscover_prefremrc: doStart()...
01-15 18:09:17.250 11684 11684 V NetDiscover_prefremrc: ...doStart()
01-15 18:09:17.254 11684 11701 D NetDiscover_wifiDirectAgent_bcast: connection changed: networkInfo.state=CONNECTED
01-15 18:09:17.254 11684 11701 V NetDiscover_wifiDirectAgent_bcast: NetworkInfo: [type: WIFI_P2P[], state: CONNECTED/CONNECTED, reason: (unspecified), extra: (none), roaming: false, failover: false, isAvailable: true]
01-15 18:09:17.255 11684 11701 V NetDiscover_wifiDirectAgent_bcast: WifiP2pInfo: groupFormed: true isGroupOwner: true operatingChannel: 2452 groupOwnerAddress: /192.168.49.1 mccMode: false
01-15 18:09:17.256 11684 11701 V NetDiscover_wifiDirectAgent_bcast: WifiP2pGroup: network: DIRECT-yh-12611-RC, isGO: true, Operating Channel: 2452, GO: Device: , deviceAddress: 80:58:f8:58:99:a3, primary type: null, secondary type: null, wps: 0, grpcapab: 0, devcapab: 0, status: 4, wfdInfo: WFD enabled: falseWFD DeviceInfo: 0, WFD CtrlPort: 0, WFD MaxThroughput: 0, level: 0, Client: Device: 12611-DS, deviceAddress: f4:f5:24:ca:98:2a, primary type: 10-0050F204-5, secondary type: null, wps: 392, grpcapab: 0, devcapab: 37, status: 0, wfdInfo: null, level: 60, interface: p2p0, networkId: 0, mGoOperFreq: 2452
01-15 18:09:17.256 11684 11701 V NetDiscover_wifiDirectAgent_bcast: this device changed: Device=12611-RC deviceAddress=80:58:f8:58:99:a3 primary type=10-0050F204-5 secondary type=null wps=0 grpcapab=0 devcapab=0 status=0 wfdInfo=WFD enabled=falseWFD DeviceInfo=0 WFD CtrlPort=0 WFD MaxThroughput=0 level=0
01-15 18:09:17.256 11684 11701 V NetDiscover_name: remembering wifiDirectName: 12611-RC...
01-15 18:09:17.257 11684 11701 V NetDiscover_name: wifiDirectName=12611-RC
01-15 18:09:17.258 11684 11701 V NetDiscover_name: ...remembering wifiDirectName
01-15 18:09:17.258 11684 11701 V NetDiscover_wifiDirectAgent_bcast: p2p discoverPeers()=false
01-15 18:09:17.258 11684 11701 V NetDiscover_wifiDirectAgent_bcast: wifi direct remembered groups cleared
01-15 18:09:17.261 11684 11701 V NetDiscover_wifiDirectAgent_bcast: wifiState=ENABLED
01-15 18:09:17.262 11684 11701 V NetDiscover_wifiDirectAgent: found persistent group: DIRECT-yh-12611-RC
01-15 18:09:17.290 11684 11684 I WebViewFactory: Loading com.google.android.webview version 61.0.3163.98 (code 316309800)
01-15 18:09:17.345 11684 11684 I art     : Rejecting re-init on previously-failed class java.lang.Class<com.android.webview.chromium.TokenBindingManagerAdapter>
01-15 18:09:17.345 11684 11684 I art     : Rejecting re-init on previously-failed class java.lang.Class<com.android.webview.chromium.TokenBindingManagerAdapter>
01-15 18:09:17.353 11684 11684 I art     : Rejecting re-init on previously-failed class java.lang.Class<com.android.webview.chromium.ServiceWorkerControllerAdapter>
