01-15 18:02:17.180 11372 11564 V ThreadPool: container(0x06e43c2d: default threadpool) removed id=921 TID=11564 count=1
01-15 18:02:28.197 11372 11431 V Robocol : received command: CMD_INIT_OP_MODE(10302) Test Glyph Pickup
01-15 18:02:28.199 11372 11430 I BatteryChecker: percent remaining: 55 is charging: false
01-15 18:02:28.204 11372 11583 I RobotCore: Attempting to switch to op mode Test Glyph Pickup
01-15 18:02:28.358 11372 11583 W LynxPwmOutputController: LynxSetPWMEnableCommand not implemented by lynx hw; ignoring
01-15 18:02:28.361 11372 11583 W LynxPwmOutputController: LynxSetPWMConfigurationCommand not implemented by lynx hw; ignoring
01-15 18:02:28.364 11372 11583 W LynxPwmOutputController: LynxSetPWMEnableCommand not implemented by lynx hw; ignoring
01-15 18:02:28.367 11372 11583 W LynxPwmOutputController: LynxSetPWMConfigurationCommand not implemented by lynx hw; ignoring
01-15 18:02:28.370 11372 11583 W LynxPwmOutputController: LynxSetPWMEnableCommand not implemented by lynx hw; ignoring
01-15 18:02:28.373 11372 11583 W LynxPwmOutputController: LynxSetPWMConfigurationCommand not implemented by lynx hw; ignoring
01-15 18:02:28.376 11372 11583 W LynxPwmOutputController: LynxSetPWMEnableCommand not implemented by lynx hw; ignoring
01-15 18:02:28.379 11372 11583 W LynxPwmOutputController: LynxSetPWMConfigurationCommand not implemented by lynx hw; ignoring
01-15 18:02:28.379 11372 11583 V ThreadPool: container(0x0dbe3005: LinearOpMode) added id=930 TID=0 count=1
01-15 18:02:28.381 11372 11588 V RobotCore: thread: 'LinearOpMode main' starting...
01-15 18:02:28.385 11372 11452 V Robocol : sending CMD_NOTIFY_INIT_OP_MODE(2944), attempt: 0
01-15 18:02:30.597 11372 11431 V Robocol : received command: CMD_RUN_OP_MODE(10329) Test Glyph Pickup
01-15 18:02:30.599 11372 11430 I BatteryChecker: percent remaining: 55 is charging: false
01-15 18:02:30.626 11372 11452 V Robocol : sending CMD_NOTIFY_RUN_OP_MODE(2971), attempt: 0
01-15 18:02:40.841 11372 11372 I BatteryChecker: percent remaining: 55 is charging: false
01-15 18:02:40.930 11372 11372 I BatteryChecker: percent remaining: 55 is charging: false
01-15 18:02:56.237 11372 11431 V Robocol : received command: CMD_INIT_OP_MODE(10813) $Stop$Robot$
01-15 18:02:56.238 11372 11430 I BatteryChecker: percent remaining: 55 is charging: false
01-15 18:02:56.243 11372 11583 V ThreadPool: waiting for service user linear op mode
01-15 18:02:56.243 11372 11588 V RobotCore: thread: ...terminating 'LinearOpMode main'
01-15 18:02:56.243 11372 11583 V ThreadPool: awaitTermination returned, isTerminated=true
01-15 18:02:56.243 11372 11588 V ThreadPool: container(0x0dbe3005: LinearOpMode) removed id=930 TID=11588 count=1
01-15 18:02:56.243 11372 11583 V ThreadPool: executive service user linear op mode(0x0dbe3005) is terminated
01-15 18:02:56.244 11372 11583 I RobotCore: Attempting to switch to op mode $Stop$Robot$
01-15 18:02:56.266 11372 11452 V Robocol : sending CMD_NOTIFY_INIT_OP_MODE(3483), attempt: 0
01-15 18:02:56.277 11372 11431 V Robocol : received command: CMD_RUN_OP_MODE(10820) $Stop$Robot$
01-15 18:02:56.278 11372 11430 I BatteryChecker: percent remaining: 55 is charging: false
01-15 18:02:56.306 11372 11452 V Robocol : sending CMD_NOTIFY_RUN_OP_MODE(3488), attempt: 0
01-15 18:03:15.078 11372 11431 V Robocol : received command: CMD_INIT_OP_MODE(11058) Test Glyph Pickup
01-15 18:03:15.080 11372 11430 I BatteryChecker: percent remaining: 55 is charging: false
01-15 18:03:15.086 11372 11583 I RobotCore: Attempting to switch to op mode Test Glyph Pickup
01-15 18:03:15.237 11372 11583 W LynxPwmOutputController: LynxSetPWMEnableCommand not implemented by lynx hw; ignoring
01-15 18:03:15.242 11372 11583 W LynxPwmOutputController: LynxSetPWMConfigurationCommand not implemented by lynx hw; ignoring
01-15 18:03:15.246 11372 11583 W LynxPwmOutputController: LynxSetPWMEnableCommand not implemented by lynx hw; ignoring
01-15 18:03:15.249 11372 11583 W LynxPwmOutputController: LynxSetPWMConfigurationCommand not implemented by lynx hw; ignoring
01-15 18:03:15.253 11372 11583 W LynxPwmOutputController: LynxSetPWMEnableCommand not implemented by lynx hw; ignoring
01-15 18:03:15.257 11372 11583 W LynxPwmOutputController: LynxSetPWMConfigurationCommand not implemented by lynx hw; ignoring
01-15 18:03:15.261 11372 11583 W LynxPwmOutputController: LynxSetPWMEnableCommand not implemented by lynx hw; ignoring
01-15 18:03:15.265 11372 11583 W LynxPwmOutputController: LynxSetPWMConfigurationCommand not implemented by lynx hw; ignoring
01-15 18:03:15.265 11372 11583 V ThreadPool: container(0x0ceaca8b: LinearOpMode) added id=931 TID=0 count=1
01-15 18:03:15.266 11372 11452 V Robocol : sending CMD_NOTIFY_INIT_OP_MODE(3750), attempt: 0
01-15 18:03:15.270 11372 11592 V RobotCore: thread: 'LinearOpMode main' starting...
01-15 18:03:16.038 11372 11431 V Robocol : received command: CMD_RUN_OP_MODE(11074) Test Glyph Pickup
01-15 18:03:16.039 11372 11430 I BatteryChecker: percent remaining: 55 is charging: false
01-15 18:03:16.066 11372 11452 V Robocol : sending CMD_NOTIFY_RUN_OP_MODE(3764), attempt: 0
01-15 18:03:17.423 11372 11382 I art     : Background partial concurrent mark sweep GC freed 353996(11MB) AllocSpace objects, 6(384KB) LOS objects, 39% free, 15MB/25MB, paused 1.877ms total 103.839ms
01-15 18:03:18.650 11372 11372 I BatteryChecker: percent remaining: 54 is charging: false
01-15 18:03:30.157 11372 11431 V Robocol : received command: CMD_INIT_OP_MODE(11367) $Stop$Robot$
01-15 18:03:30.159 11372 11430 I BatteryChecker: percent remaining: 54 is charging: false
01-15 18:03:30.166 11372 11583 V ThreadPool: waiting for service user linear op mode
01-15 18:03:30.167 11372 11592 V RobotCore: thread: ...terminating 'LinearOpMode main'
01-15 18:03:30.168 11372 11583 V ThreadPool: awaitTermination returned, isTerminated=true
01-15 18:03:30.168 11372 11592 V ThreadPool: container(0x0ceaca8b: LinearOpMode) removed id=931 TID=11592 count=1
01-15 18:03:30.168 11372 11583 V ThreadPool: executive service user linear op mode(0x0ceaca8b) is terminated
01-15 18:03:30.168 11372 11583 I RobotCore: Attempting to switch to op mode $Stop$Robot$
01-15 18:03:30.186 11372 11452 V Robocol : sending CMD_NOTIFY_INIT_OP_MODE(4075), attempt: 0
01-15 18:03:30.200 11372 11431 V Robocol : received command: CMD_RUN_OP_MODE(11374) $Stop$Robot$
01-15 18:03:30.201 11372 11430 I BatteryChecker: percent remaining: 54 is charging: false
01-15 18:03:30.226 11372 11452 V Robocol : sending CMD_NOTIFY_RUN_OP_MODE(4081), attempt: 0
01-15 18:03:52.393 11372 11372 V FtDeviceManager: ACTION_USB_DEVICE_DETACHED: /dev/bus/usb/001/002
01-15 18:03:52.393 11372 11372 V FtDevice: vv********************DQ16V4CE closing********************vv 0x098d1c80
01-15 18:03:52.393 11372 11372 V FtDevice: DQ16V4CE stopping thread readBufferManager
01-15 18:03:52.393 11372 11574 E BulkPacketInWorker: DQ16V4CE: bulkTransfer() error: -1
01-15 18:03:52.395 11372 11583 V RobotCore: event loop: device has shutdown abnormally: ABNORMAL
01-15 18:03:52.395 11372 11583 V EventLoopManager: event loop: detaching device DQ16V4CE
01-15 18:03:52.395 11372 11583 I FtcEventLoop: vv===== MODULE DETACH RECOVERY: disarm REV Robotics USB Expansion Hub Portal [DQ16V4CE]=====vv
01-15 18:03:52.395 11372 11583 V LynxUsb : disarmDevice() serial=DQ16V4CE...
01-15 18:03:52.396 11372 11580 V RobotCore: thread: ...terminating 'lynx incoming datagrams'
01-15 18:03:52.396 11372 11583 V LynxUsb : shutting down incoming datagrams
01-15 18:03:52.396 11372 11583 V ThreadPool: waiting for service Lynx incoming datagram poller
01-15 18:03:52.397 11372 11583 V ThreadPool: awaitTermination returned, isTerminated=true
01-15 18:03:52.397 11372 11580 V ThreadPool: container(0x09f5389e: lynx dg poller) removed id=926 TID=11580 count=1
01-15 18:03:52.397 11372 11583 V ThreadPool: executive service Lynx incoming datagram poller(0x09f5389e) is terminated
01-15 18:03:52.397 11372 11583 V RobotUsbDeviceFtdi: closing DQ16V4CE
01-15 18:03:52.398 11372 11575 V FtDevice: DQ16V4CE thread readBufferManager is stopped
01-15 18:03:52.398 11372 11372 V FtDevice: DQ16V4CE stopping thread bulkPacketInWorker
01-15 18:03:52.398 11372 11574 V FtDevice: DQ16V4CE thread bulkPacketInWorker is stopped
01-15 18:03:52.399 11372 11372 V MonitoredUsbDeviceConnection: closing UsbDeviceConnection(DQ16V4CE)
01-15 18:03:52.399 11372 11372 D UsbDeviceConnectionJNI: close
01-15 18:03:52.400 11372 11372 V FtDevice: ^^********************DQ16V4CE closed ********************^^
01-15 18:03:52.400 11372 11576 V ThreadPool: container(0x006db423: WatchdogMonitor) removed id=925 TID=11576 count=1
01-15 18:03:52.401 11372 11583 V LynxUsb : ...done disarmDevice()
01-15 18:03:52.401 11372 11583 I FtcEventLoop: ======= MODULE DETACH RECOVERY: pretend REV Robotics USB Expansion Hub Portal [DQ16V4CE]=======
01-15 18:03:52.401 11372 11583 V LynxUsb : doPretend() serial=DQ16V4CE
01-15 18:03:52.401 11372 11583 I FtcEventLoop: ^^===== MODULE DETACH RECOVERY: complete REV Robotics USB Expansion Hub Portal [DQ16V4CE]=====^^
01-15 18:03:52.403 11372 11583 D RobotCore: system telemetry: key=$System$Warning$ msg="problem with "Expansion Hub DC Motor Controller [USB DQ16V4CE; module 2]"; problem with "Expansion Hub Servo Controller [USB DQ16V4CE; module 2]"; problem with "Expansion Hub Voltage Sensor [USB DQ16V4CE; module 2]"; problem with "Expansion Hub Pwm Controller [USB DQ16V4CE; module 2]"; problem with "Expansion Hub Analog Input Controller [USB DQ16V4CE; module 2]"; problem with "Expansion Hub Digital Channel Controller [USB DQ16V4CE; module 2]"; problem with "imu""
01-15 18:03:52.419 11372 11435 W AudioTrack: AUDIO_OUTPUT_FLAG_FAST denied by client; transfer 4, track 44100 Hz, output 48000 Hz
01-15 18:03:52.570 11372 11372 I BatteryChecker: percent remaining: 54 is charging: false
01-15 18:03:52.603 11372 11372 I BatteryChecker: percent remaining: 54 is charging: false
01-15 18:04:50.118 11372 11583 I RobotCore: robot battery read duration: n=10, mean=4.172ms sd=1.217ms
01-15 18:04:51.571 11372 11372 I BatteryChecker: percent remaining: 54 is charging: false
01-15 18:04:52.677 11372 11372 I BatteryChecker: percent remaining: 54 is charging: false
01-15 18:04:52.767 11372 11372 I BatteryChecker: percent remaining: 54 is charging: false
01-15 18:05:41.790 11372 11372 I BatteryChecker: percent remaining: 54 is charging: false
01-15 18:05:52.926 11372 11372 I BatteryChecker: percent remaining: 54 is charging: false
01-15 18:06:36.689 11372 11372 I BatteryChecker: percent remaining: 54 is charging: false
01-15 18:06:36.711 11372 11372 I BatteryChecker: percent remaining: 54 is charging: false
01-15 18:07:06.638 11372 11431 V EventLoopManager: synthetic gamepad received: id=-2 user=ONE atRest=true 
01-15 18:07:12.051 11372 11372 I BatteryChecker: percent remaining: 54 is charging: false
01-15 18:07:13.494 11372 11372 V FtDeviceManager: ACTION_USB_DEVICE_ATTACHED: /dev/bus/usb/001/002
01-15 18:07:13.494 11372 11372 V FtDeviceManager: addOrUpdateUsbDevice(vid=0x0403 pid=0x6015)
01-15 18:07:13.503 11372 11372 V ThreadPool: container(0x0ff6c781: WatchdogMonitor) added id=932 TID=0 count=1
01-15 18:07:13.510 11372 11372 V FtDevice: initialize(vid=0x0403 pid=0x6015 bcdDevice=0x1000)
01-15 18:07:13.510 11372 11372 V MonitoredUsbDeviceConnection: closing UsbDeviceConnection(DQ16V4CE)
01-15 18:07:13.510 11372 11372 D UsbDeviceConnectionJNI: close
01-15 18:07:13.510 11372 11372 V MonitoredUsbDeviceConnection: closing UsbDeviceConnection(DQ16V4CE)
01-15 18:07:13.510 11372 11372 D UsbDeviceConnectionJNI: close
01-15 18:07:13.510 11372 11372 V RCActivity: onPause()
01-15 18:07:13.510 11372 11372 V RCActivity: ACTION_USB_DEVICE_ATTACHED: /dev/bus/usb/001/002
01-15 18:07:13.510 11372 11372 V FtDeviceManager: openByUsbDevice(vid=0x0403 pid=0x6015)
01-15 18:07:13.511 11372 11603 V ThreadPool: container(0x0ff6c781: WatchdogMonitor) removed id=932 TID=11603 count=1
01-15 18:07:13.515 11372 11372 V FtDevice: vv********************DQ16V4CE opening********************vv 0x04fef214
01-15 18:07:13.517 11372 11372 V FtDevice: ^^********************DQ16V4CE opened ********************^^
01-15 18:07:13.518 11372 11372 V FtDevice: vv********************DQ16V4CE closing********************vv 0x04fef214
01-15 18:07:13.518 11372 11372 V FtDevice: DQ16V4CE stopping thread readBufferManager
01-15 18:07:13.518 11372 11605 V FtDevice: DQ16V4CE thread readBufferManager is stopped
01-15 18:07:13.519 11372 11372 V FtDevice: DQ16V4CE stopping thread bulkPacketInWorker
01-15 18:07:13.519 11372 11604 V FtDevice: DQ16V4CE thread bulkPacketInWorker is stopped
01-15 18:07:13.520 11372 11372 V MonitoredUsbDeviceConnection: closing UsbDeviceConnection(DQ16V4CE)
01-15 18:07:13.520 11372 11372 D UsbDeviceConnectionJNI: close
01-15 18:07:13.520 11372 11372 V FtDevice: ^^********************DQ16V4CE closed ********************^^
01-15 18:07:13.520 11372 11372 V RCActivity: onResume()
01-15 18:07:13.524 11372 11583 I FtcEventLoop: vv===== MODULE ATTACH: disarm REV Robotics USB Expansion Hub Portal [DQ16V4CE]=====vv
01-15 18:07:13.524 11372 11583 V LynxUsb : disarmDevice() serial=DQ16V4CE...
01-15 18:07:13.525 11372 11583 V LynxUsb : ...done disarmDevice()
01-15 18:07:13.525 11372 11583 I FtcEventLoop: ======= MODULE ATTACH: arm or pretend REV Robotics USB Expansion Hub Portal [DQ16V4CE]=======
01-15 18:07:13.526 11372 11583 V FtDeviceManager: createDeviceInfoList(): 1 USB devices
01-15 18:07:13.529 11372 11583 V FtDevice: vv********************DQ16V4CE opening********************vv 0x04fef214
01-15 18:07:13.530 11372 11583 V FtDevice: ^^********************DQ16V4CE opened ********************^^
01-15 18:07:13.530 11372 11583 V FtDevice: resetting DQ16V4CE
01-15 18:07:13.530 11372 11583 V ThreadPool: container(0x0dc75abd: WatchdogMonitor) added id=937 TID=0 count=1
01-15 18:07:13.535 11372 11583 V LynxUsb : armDevice() serial=DQ16V4CE...
01-15 18:07:13.535 11372 11583 V ThreadPool: container(0x0cd00003: lynx dg poller) added id=938 TID=0 count=1
01-15 18:07:13.535 11372 11583 V LynxModule: pingAndQueryKnownInterfaces mod=2
01-15 18:07:13.536 11372 11609 V RobotCore: thread: 'lynx incoming datagrams' starting...
01-15 18:07:13.537 11372 11609 V LynxUsb : synchronization gained: serial=DQ16V4CE
01-15 18:07:13.541 11372 11583 V LynxModule: queryInterface(DEKA)=49 commands
01-15 18:07:13.544 11372 11583 V LynxModule: mod#=2 intf=DEKA: expected 53 commands; found 49
01-15 18:07:13.547 11372 11583 V LynxModule: sendLEDPatternSteps(): #steps=6
01-15 18:07:13.552 11372 11583 V LynxUsb : ...done armDevice()
01-15 18:07:13.552 11372 11583 I FtcEventLoop: ^^===== MODULE ATTACH: complete REV Robotics USB Expansion Hub Portal [DQ16V4CE]=====^^
01-15 18:07:13.552 11372 11583 D RobotCore: system telemetry: key=$System$None$ msg=""
01-15 18:07:13.555 11372 11581 V LynxModule: received status: LynxGetModuleStatusResponse(status=0x02 alerts=0x00: Reset)
01-15 18:07:17.677 11372 11431 V Robocol : received command: CMD_INIT_OP_MODE(14230) Test Glyph Pickup
01-15 18:07:17.679 11372 11430 I BatteryChecker: percent remaining: 54 is charging: false
01-15 18:07:17.684 11372 11583 I RobotCore: Attempting to switch to op mode Test Glyph Pickup
01-15 18:07:17.857 11372 11583 W LynxPwmOutputController: LynxSetPWMEnableCommand not implemented by lynx hw; ignoring
01-15 18:07:17.861 11372 11583 W LynxPwmOutputController: LynxSetPWMConfigurationCommand not implemented by lynx hw; ignoring
01-15 18:07:17.865 11372 11583 W LynxPwmOutputController: LynxSetPWMEnableCommand not implemented by lynx hw; ignoring
01-15 18:07:17.869 11372 11583 W LynxPwmOutputController: LynxSetPWMConfigurationCommand not implemented by lynx hw; ignoring
01-15 18:07:17.873 11372 11583 W LynxPwmOutputController: LynxSetPWMEnableCommand not implemented by lynx hw; ignoring
01-15 18:07:17.876 11372 11583 W LynxPwmOutputController: LynxSetPWMConfigurationCommand not implemented by lynx hw; ignoring
01-15 18:07:17.879 11372 11583 W LynxPwmOutputController: LynxSetPWMEnableCommand not implemented by lynx hw; ignoring
01-15 18:07:17.883 11372 11583 W LynxPwmOutputController: LynxSetPWMConfigurationCommand not implemented by lynx hw; ignoring
01-15 18:07:17.885 11372 11583 V ThreadPool: container(0x0d13e5b9: LinearOpMode) added id=939 TID=0 count=1
01-15 18:07:17.887 11372 11610 V RobotCore: thread: 'LinearOpMode main' starting...
01-15 18:07:17.906 11372 11452 V Robocol : sending CMD_NOTIFY_INIT_OP_MODE(7162), attempt: 0
01-15 18:07:19.037 11372 11431 V Robocol : received command: CMD_RUN_OP_MODE(14249) Test Glyph Pickup
01-15 18:07:19.039 11372 11430 I BatteryChecker: percent remaining: 54 is charging: false
01-15 18:07:19.066 11372 11452 V Robocol : sending CMD_NOTIFY_RUN_OP_MODE(7180), attempt: 0
01-15 18:07:22.639 11372 11431 V EventLoopManager: synthetic gamepad received: id=-2 user=ONE atRest=true 
01-15 18:07:27.560 11372 11431 V EventLoopManager: synthetic gamepad received: id=-2 user=ONE atRest=true 
01-15 18:07:51.573 11372 11372 I BatteryChecker: percent remaining: 54 is charging: false
01-15 18:07:52.267 11372 11583 I RobotCore: robot battery read duration: n=10, mean=4.385ms sd=1.525ms
01-15 18:08:00.877 11372 11431 V Robocol : received command: CMD_INIT_OP_MODE(14847) $Stop$Robot$
01-15 18:08:00.878 11372 11430 I BatteryChecker: percent remaining: 54 is charging: false
01-15 18:08:00.882 11372 11583 V ThreadPool: waiting for service user linear op mode
01-15 18:08:00.882 11372 11610 V RobotCore: thread: ...terminating 'LinearOpMode main'
01-15 18:08:00.883 11372 11610 V ThreadPool: container(0x0d13e5b9: LinearOpMode) removed id=939 TID=11610 count=1
01-15 18:08:00.883 11372 11583 V ThreadPool: awaitTermination returned, isTerminated=true
01-15 18:08:00.883 11372 11583 V ThreadPool: executive service user linear op mode(0x0d13e5b9) is terminated
01-15 18:08:00.883 11372 11583 I RobotCore: Attempting to switch to op mode $Stop$Robot$
01-15 18:08:00.906 11372 11452 V Robocol : sending CMD_NOTIFY_INIT_OP_MODE(7816), attempt: 0
01-15 18:08:00.917 11372 11431 V Robocol : received command: CMD_RUN_OP_MODE(14853) $Stop$Robot$
01-15 18:08:00.918 11372 11430 I BatteryChecker: percent remaining: 54 is charging: false
01-15 18:08:00.946 11372 11452 V Robocol : sending CMD_NOTIFY_RUN_OP_MODE(7822), attempt: 0
01-15 18:08:12.255 11372 11372 I BatteryChecker: percent remaining: 54 is charging: false
01-15 18:08:17.718 11372 11431 V Robocol : received command: CMD_INIT_OP_MODE(15068) $Stop$Robot$
01-15 18:08:17.720 11372 11430 I BatteryChecker: percent remaining: 54 is charging: false
01-15 18:08:17.725 11372 11583 I RobotCore: Attempting to switch to op mode $Stop$Robot$
01-15 18:08:17.746 11372 11452 V Robocol : sending CMD_NOTIFY_INIT_OP_MODE(8056), attempt: 0
01-15 18:08:17.797 11372 11431 V Robocol : received command: CMD_RUN_OP_MODE(15074) $Stop$Robot$
01-15 18:08:17.798 11372 11430 I BatteryChecker: percent remaining: 54 is charging: false
01-15 18:08:17.826 11372 11452 V Robocol : sending CMD_NOTIFY_RUN_OP_MODE(8061), attempt: 0
01-15 18:08:19.038 11372 11431 V Robocol : received command: CMD_INIT_OP_MODE(15095) $Stop$Robot$
01-15 18:08:19.040 11372 11430 I BatteryChecker: percent remaining: 54 is charging: false
01-15 18:08:19.045 11372 11583 I RobotCore: Attempting to switch to op mode $Stop$Robot$
01-15 18:08:19.066 11372 11452 V Robocol : sending CMD_NOTIFY_INIT_OP_MODE(8086), attempt: 0
01-15 18:08:19.120 11372 11431 V Robocol : received command: CMD_RUN_OP_MODE(15101) $Stop$Robot$
01-15 18:08:19.121 11372 11430 I BatteryChecker: percent remaining: 54 is charging: false
01-15 18:08:19.146 11372 11452 V Robocol : sending CMD_NOTIFY_RUN_OP_MODE(8092), attempt: 0
01-15 18:08:22.176 11372 11372 V RCActivity: onPause()
01-15 18:08:22.185 11372 11372 V RCActivity: onStop()
01-15 18:08:22.218 11372 11372 V OnBotJavaService: onTrimMemory()
01-15 18:08:22.218 11372 11372 V MTPMonitorService: onTrimMemory()
01-15 18:08:22.265 11372 11452 V Robocol : issuing peerDisconnected(): lastRecvPacket=2.029 s
01-15 18:08:22.267 11372 11452 V RobotCore: Network: active, disconnected
01-15 18:08:22.267 11372 11452 I RobotCore: Lost connection while running op mode: $Stop$Robot$
01-15 18:08:22.770 11372 11583 I RobotCore: Attempting to switch to op mode $Stop$Robot$
01-15 18:08:23.085 11372 11431 V Robocol : resetting peerDisconnected()
01-15 18:08:23.105 11372 11452 V Robocol : sending CMD_NOTIFY_INIT_OP_MODE(8119), attempt: 0
01-15 18:08:23.109 11372 11431 V NetDiscover_prefremrc: sendAllPreferences()
01-15 18:08:23.109 11372 11431 V NetDiscover_prefremrc: sending RC pref name=pref_wifip2p_remote_channel_change_works value=true
01-15 18:08:23.109 11372 11431 V NetDiscover_prefremrc: sending RC pref name=pref_device_name value=12611-RC
01-15 18:08:23.109 11372 11431 V NetDiscover_prefremrc: sending RC pref name=pref_has_independent_phone_battery value=true
01-15 18:08:23.110 11372 11431 V NetDiscover_prefremrc: sending RC pref name=pref_app_theme value=teal
01-15 18:08:23.110 11372 11431 V NetDiscover_prefremrc: sending RC pref name=pref_sound_on_off value=false
01-15 18:08:23.111 11372 11431 V RobotCore: Network: active, connected
01-15 18:08:23.112 11372 11435 W AudioTrack: AUDIO_OUTPUT_FLAG_FAST denied by client; transfer 4, track 44100 Hz, output 48000 Hz
01-15 18:08:23.119 11372 11431 V Robocol : received command: CMD_REQUEST_UI_STATE(10006) 
01-15 18:08:23.120 11372 11430 I BatteryChecker: percent remaining: 54 is charging: false
01-15 18:08:23.145 11372 11452 V Robocol : sending CMD_NOTIFY_USER_DEVICE_LIST(8120), attempt: 0
01-15 18:08:23.146 11372 11452 V Robocol : sending CMD_ROBOT_CONTROLLER_PREFERENCE(8121), attempt: 0
01-15 18:08:23.147 11372 11452 V Robocol : sending CMD_ROBOT_CONTROLLER_PREFERENCE(8122), attempt: 0
01-15 18:08:23.147 11372 11452 V Robocol : sending CMD_ROBOT_CONTROLLER_PREFERENCE(8123), attempt: 0
01-15 18:08:23.147 11372 11452 V Robocol : sending CMD_ROBOT_CONTROLLER_PREFERENCE(8124), attempt: 0
01-15 18:08:23.147 11372 11452 V Robocol : sending CMD_ROBOT_CONTROLLER_PREFERENCE(8125), attempt: 0
01-15 18:08:23.147 11372 11452 V Robocol : sending CMD_NOTIFY_ACTIVE_CONFIGURATION(8131), attempt: 0
01-15 18:08:23.185 11372 11452 V Robocol : sending CMD_NOTIFY_USER_DEVICE_LIST(8132), attempt: 0
01-15 18:08:23.186 11372 11452 V Robocol : sending CMD_NOTIFY_OP_MODE_LIST(8133), attempt: 0
01-15 18:08:23.345 11372 11452 V Robocol : sending CMD_NOTIFY_INIT_OP_MODE(8119), attempt: 1
01-15 18:08:23.567 11372 11372 V AppUtil : rootActivity=FtcRobotControllerActivity destroyed
01-15 18:08:23.567 11372 11372 V RCActivity: onDestroy()
01-15 18:08:23.567 11372 11372 V Robocol : EventLoopManager.shutdown()
01-15 18:08:23.567 11372 11372 V ThreadPool: waiting for service EventLoop
01-15 18:08:23.568 11372 11583 V RobotCore: EventLoopRunnable interrupted
01-15 18:08:23.568 11372 11583 V RobotCore: EventLoopManager state is STOPPED
01-15 18:08:23.569 11372 11583 V RobotCore: Robot Status: stopped
01-15 18:08:23.569 11372 11583 I FtcEventLoop: ======= TEARDOWN =======
01-15 18:08:23.570 11372 11584 V ThreadPool: container(0x04ee3687: OpModeStuckCodeMonitor) removed id=929 TID=11584 count=1
01-15 18:08:23.571 11372 11583 V LynxMotor: disengage mod#=2
01-15 18:08:23.571 11372 11583 V LynxServoController: disengage mod#=2
01-15 18:08:23.571 11372 11583 V LynxUsb : 0x0d7b5b4c on 0x0366d952: releasing delegate to [DQ16V4CE]
01-15 18:08:23.571 11372 11583 V LynxUsb : 0x0366d952: releaseRef [DQ16V4CE]=0
01-15 18:08:23.571 11372 11583 V LynxUsb : doClose([DQ16V4CE])...
01-15 18:08:23.572 11372 11583 V LynxModule: close()
01-15 18:08:23.572 11372 11583 V ThreadPool: waiting for service lynx module executor
01-15 18:08:23.572 11372 11583 V LynxUsb : disarmDevice() serial=DQ16V4CE...
01-15 18:08:23.573 11372 11583 V LynxUsb : shutting down incoming datagrams
01-15 18:08:23.573 11372 11583 V ThreadPool: waiting for service Lynx incoming datagram poller
01-15 18:08:23.573 11372 11583 V ThreadPool: awaitTerminationOrExitApplication Lynx incoming datagram poller; interrupt thrown
01-15 18:08:23.573 11372 11609 V RobotCore: thread: ...terminating 'lynx incoming datagrams'
01-15 18:08:23.573 11372 11581 V ThreadPool: container(0x0c1f3795: lynx module executor) removed id=927 TID=11581 count=1
01-15 18:08:23.573 11372 11609 V ThreadPool: container(0x0cd00003: lynx dg poller) removed id=938 TID=11609 count=1
01-15 18:08:23.585 11372 11452 V Robocol : sending CMD_NOTIFY_ROBOT_STATE(8150), attempt: 0
01-15 18:08:23.674 11372 11583 V RobotUsbDeviceFtdi: closing DQ16V4CE
01-15 18:08:23.674 11372 11583 V FtDevice: vv********************DQ16V4CE closing********************vv 0x04fef214
01-15 18:08:23.674 11372 11583 V FtDevice: DQ16V4CE stopping thread readBufferManager
01-15 18:08:23.674 11372 11607 V FtDevice: DQ16V4CE thread readBufferManager is stopped
01-15 18:08:23.674 11372 11583 V FtDevice: DQ16V4CE stopping thread bulkPacketInWorker
01-15 18:08:23.675 11372 11606 V FtDevice: DQ16V4CE thread bulkPacketInWorker is stopped
01-15 18:08:23.676 11372 11583 V MonitoredUsbDeviceConnection: closing UsbDeviceConnection(DQ16V4CE)
01-15 18:08:23.676 11372 11583 D UsbDeviceConnectionJNI: close
01-15 18:08:23.676 11372 11583 V FtDevice: ^^********************DQ16V4CE closed ********************^^
01-15 18:08:23.676 11372 11583 V LynxUsb : ...done disarmDevice()
01-15 18:08:23.676 11372 11608 V ThreadPool: container(0x0dc75abd: WatchdogMonitor) removed id=937 TID=11608 count=1
01-15 18:08:23.676 11372 11583 V LynxUsb : ...doClose([DQ16V4CE])
01-15 18:08:23.677 11372 11583 I FtcEventLoop: ======= TEARDOWN COMPLETE =======
01-15 18:08:23.677 11372 11583 V RobotCore: thread: ...terminating 'opmode loop()'
01-15 18:08:23.677 11372 11583 V EventLoopManager: switching to idleEventLoop
01-15 18:08:23.677 11372 11583 I FtcEventLoopIdle: ------- idle init --------
01-15 18:08:23.678 11372 11583 V RobotCore: thread: 'opmode loop()' starting...
01-15 18:08:26.067 11372 11372 V ThreadPool: awaiting shutdown: thread pool="EventLoop" attempt=1
01-15 18:08:26.068 11372 11372 E RobotCore: thread id=928 tid=11583 name="opmode loop()" 
01-15 18:08:26.068 11372 11372 E RobotCore:     at java.lang.Thread.sleep(Native Method)
01-15 18:08:26.068 11372 11372 E RobotCore:     at java.lang.Thread.sleep(Thread.java:1031)
01-15 18:08:26.068 11372 11372 E RobotCore:     at java.lang.Thread.sleep(Thread.java:985)
01-15 18:08:26.068 11372 11372 E RobotCore:     at com.qualcomm.robotcore.eventloop.EventLoopManager$EventLoopRunnable$1.run(EventLoopManager.java:252)
01-15 18:08:26.068 11372 11372 E RobotCore:     at com.qualcomm.robotcore.util.ThreadPool.logThreadLifeCycle(ThreadPool.java:709)
01-15 18:08:26.068 11372 11372 E RobotCore:     at com.qualcomm.robotcore.eventloop.EventLoopManager$EventLoopRunnable.run(EventLoopManager.java:241)
01-15 18:08:26.068 11372 11372 E RobotCore:     at com.qualcomm.robotcore.eventloop.EventLoopManager$1.run(EventLoopManager.java:580)
01-15 18:08:26.068 11372 11372 E RobotCore:     at java.util.concurrent.ThreadPoolExecutor.runWorker(ThreadPoolExecutor.java:1113)
01-15 18:08:26.068 11372 11372 E RobotCore:     at java.util.concurrent.ThreadPoolExecutor$Worker.run(ThreadPoolExecutor.java:588)
01-15 18:08:26.068 11372 11372 E RobotCore:     at com.qualcomm.robotcore.util.ThreadPool$ThreadFactoryImpl$1.run(ThreadPool.java:764)
01-15 18:08:26.068 11372 11372 E RobotCore:     at java.lang.Thread.run(Thread.java:818)
01-15 18:08:26.069 11372 11372 V ThreadPool: waiting for service EventLoop
01-15 18:08:26.069 11372 11583 V RobotCore: EventLoopRunnable interrupted
01-15 18:08:26.069 11372 11583 V RobotCore: EventLoopManager state is STOPPED
01-15 18:08:26.069 11372 11583 I FtcEventLoopIdle: ------- idle teardown ----
01-15 18:08:26.069 11372 11583 V RobotCore: thread: ...terminating 'opmode loop()'
01-15 18:08:26.070 11372 11583 V ThreadPool: container(0x0caf054e: executorEventLoop) removed id=928 TID=11583 count=1
01-15 18:08:26.070 11372 11372 V ThreadPool: awaitTermination returned, isTerminated=true
01-15 18:08:26.070 11372 11372 V ThreadPool: executive service EventLoop(0x0caf054e) is terminated
01-15 18:08:26.070 11372 11372 V RobotCore: EventLoopManager state is STOPPED
01-15 18:08:26.072 11372 11372 V NetDiscover_name: doStop()...
01-15 18:08:26.072 11372 11372 V NetDiscover_name: ...doStop()
01-15 18:08:26.074 11372 11372 V ServiceStarter: attempting to stop service FtcRobotControllerWatchdogService
01-15 18:08:26.105 11372 11452 V Robocol : sending CMD_NOTIFY_ROBOT_STATE(8176), attempt: 0
01-15 18:08:26.106 11372 11452 V Robocol : sending CMD_NOTIFY_ROBOT_STATE(8177), attempt: 0
01-15 18:08:26.576 11372 11372 V RobotCore: closing logcat file /storage/emulated/0/robotControllerLog.txt
01-15 18:08:26.614 11639 11639 W ps      : type=1400 audit(0.0:8205): avc: denied { getattr } for uid=10133 path="/proc/1" dev="proc" ino=61133 scontext=u:r:untrusted_app:s0:c512,c768 tcontext=u:r:init:s0 tclass=dir permissive=0
01-15 18:08:26.614 11639 11639 W ps      : type=1400 audit(0.0:8206): avc: denied { search } for uid=10133 name="1" dev="proc" ino=61133 scontext=u:r:untrusted_app:s0:c512,c768 tcontext=u:r:init:s0 tclass=dir permissive=0
01-15 18:08:26.614 11639 11639 W ps      : type=1400 audit(0.0:8207): avc: denied { search } for uid=10133 name="1" dev="proc" ino=61133 scontext=u:r:untrusted_app:s0:c512,c768 tcontext=u:r:init:s0 tclass=dir permissive=0
01-15 18:08:26.614 11639 11639 W ps      : type=1400 audit(0.0:8208): avc: denied { getattr } for uid=10133 path="/proc/2" dev="proc" ino=61134 scontext=u:r:untrusted_app:s0:c512,c768 tcontext=u:r:kernel:s0 tclass=dir permissive=0
01-15 18:08:26.614 11639 11639 W ps      : type=1400 audit(0.0:8211): avc: denied { getattr } for uid=10133 path="/proc/3" dev="proc" ino=61135 scontext=u:r:untrusted_app:s0:c512,c768 tcontext=u:r:kernel:s0 tclass=dir permissive=0
01-15 18:08:26.614 11639 11639 W ps      : type=1400 audit(0.0:8212): avc: denied { search } for uid=10133 name="3" dev="proc" ino=61135 scontext=u:r:untrusted_app:s0:c512,c768 tcontext=u:r:kernel:s0 tclass=dir permissive=0
01-15 18:08:26.614 11639 11639 W ps      : type=1400 audit(0.0:8213): avc: denied { search } for uid=10133 name="3" dev="proc" ino=61135 scontext=u:r:untrusted_app:s0:c512,c768 tcontext=u:r:kernel:s0 tclass=dir permissive=0
01-15 18:08:26.614 11639 11639 W ps      : type=1400 audit(0.0:8214): avc: denied { getattr } for uid=10133 path="/proc/5" dev="proc" ino=61136 scontext=u:r:untrusted_app:s0:c512,c768 tcontext=u:r:kernel:s0 tclass=dir permissive=0
01-15 18:08:26.614 11639 11639 W ps      : type=1400 audit(0.0:8215): avc: denied { search } for uid=10133 name="5" dev="proc" ino=61136 scontext=u:r:untrusted_app:s0:c512,c768 tcontext=u:r:kernel:s0 tclass=dir permissive=0
01-15 18:08:26.614 11639 11639 W ps      : type=1400 audit(0.0:8216): avc: denied { search } for uid=10133 name="5" dev="proc" ino=61136 scontext=u:r:untrusted_app:s0:c512,c768 tcontext=u:r:kernel:s0 tclass=dir permissive=0
01-15 18:08:26.614 11639 11639 W ps      : type=1400 audit(0.0:8217): avc: denied { getattr } for uid=10133 path="/proc/6" dev="proc" ino=61137 scontext=u:r:untrusted_app:s0:c512,c768 tcontext=u:r:kernel:s0 tclass=dir permissive=0
01-15 18:08:26.614 11639 11639 W ps      : type=1400 audit(0.0:8218): avc: denied { search } for uid=10133 name="6" dev="proc" ino=61137 scontext=u:r:untrusted_app:s0:c512,c768 tcontext=u:r:kernel:s0 tclass=dir permissive=0
01-15 18:08:26.614 11639 11639 W ps      : type=1400 audit(0.0:8219): avc: denied { search } for uid=10133 name="6" dev="proc" ino=61137 scontext=u:r:untrusted_app:s0:c512,c768 tcontext=u:r:kernel:s0 tclass=dir permissive=0
01-15 18:08:26.614 11639 11639 W ps      : type=1400 audit(0.0:8220): avc: denied { getattr } for uid=10133 path="/proc/7" dev="proc" ino=61138 scontext=u:r:untrusted_app:s0:c512,c768 tcontext=u:r:kernel:s0 tclass=dir permissive=0
01-15 18:08:26.614 11639 11639 W ps      : type=1400 audit(0.0:8221): avc: denied { search } for uid=10133 name="7" dev="proc" ino=61138 scontext=u:r:untrusted_app:s0:c512,c768 tcontext=u:r:kernel:s0 tclass=dir permissive=0
01-15 18:08:26.614 11639 11639 W ps      : type=1400 audit(0.0:8222): avc: denied { search } for uid=10133 name="7" dev="proc" ino=61138 scontext=u:r:untrusted_app:s0:c512,c768 tcontext=u:r:kernel:s0 tclass=dir permissive=0
01-15 18:08:26.614 11639 11639 W ps      : type=1400 audit(0.0:8223): avc: denied { getattr } for uid=10133 path="/proc/8" dev="proc" ino=61139 scontext=u:r:untrusted_app:s0:c512,c768 tcontext=u:r:kernel:s0 tclass=dir permissive=0
01-15 18:08:26.614 11639 11639 W ps      : type=1400 audit(0.0:8224): avc: denied { search } for uid=10133 name="8" dev="proc" ino=61139 scontext=u:r:untrusted_app:s0:c512,c768 tcontext=u:r:kernel:s0 tclass=dir permissive=0
01-15 18:08:26.642 11372 11372 V RobotCore: Killing PID 11391
--------- beginning of main
01-15 16:29:35.593  9682  9841 I chatty  : uid=10133 expire 7 lines
01-15 16:29:35.627  9682  9844 I chatty  : uid=10133 expire 2 lines
01-15 16:29:35.689  9682  9849 I chatty  : uid=10133 expire 12 lines
01-15 16:29:35.696  9682  9848 I chatty  : uid=10133 expire 4 lines
01-15 16:29:35.703  9682  9682 I chatty  : uid=10133 expire 12 lines
01-15 16:29:35.730  9682  9846 I chatty  : uid=10133 expire 14 lines
01-15 16:29:35.732  9682  9853 I chatty  : uid=10133 expire 9 lines
01-15 16:29:35.801  9682  9860 I chatty  : uid=10133 expire 9 lines
01-15 16:30:05.599  9682  9842 I chatty  : uid=10133 expire 1 line
01-15 16:30:05.686  9682  9820 I chatty  : uid=10133 expire 1 line
01-15 16:32:40.644  9682  9682 I chatty  : uid=10133 expire 10 lines
01-15 16:37:31.591  9682  9682 I chatty  : uid=10133 expire 10 lines
01-15 16:41:31.592  9682  9682 I chatty  : uid=10133 expire 11 lines
01-15 16:44:31.207  9682  9701 I chatty  : uid=10133 expire 13 lines
01-15 16:44:31.215  9682  9682 I chatty  : uid=10133 expire 11 lines
01-15 16:45:31.216  9682  9701 I chatty  : uid=10133 expire 4 lines
01-15 16:45:31.588  9682  9682 I chatty  : uid=10133 expire 11 lines
01-15 16:47:56.570  9682  9682 I chatty  : uid=10133 expire 10 lines
01-15 16:52:31.586  9682  9682 I chatty  : uid=10133 expire 10 lines
01-15 16:53:37.566  9682  9849 I chatty  : uid=10133 expire 9 lines
01-15 16:56:04.282  9682  9688 I chatty  : uid=10133 expire 1 line
01-15 16:56:04.345  9682  9682 I chatty  : uid=10133 expire 10 lines
01-15 17:02:05.113  9682  9682 I chatty  : uid=10133 expire 10 lines
01-15 17:06:05.844  9682  9682 I chatty  : uid=10133 expire 10 lines
01-15 17:12:03.607  9682  9682 I chatty  : uid=10133 expire 10 lines
01-15 17:17:04.403  9682  9682 I chatty  : uid=10133 expire 11 lines
01-15 17:37:26.408  9682  9849 I chatty  : uid=10133 expire 24 lines
01-15 17:37:26.410  9682  9864 I chatty  : uid=10133 expire 1 line
01-15 17:37:26.420  9682  9682 I chatty  : uid=10133 expire 19 lines
01-15 17:37:26.428  9682 10422 I chatty  : uid=10133 expire 151 lines
01-15 17:37:32.086  9682  9701 I chatty  : uid=10133 expire 7 lines
01-15 17:37:32.501  9682 10510 I chatty  : uid=10133 expire 29 lines
01-15 17:37:37.485  9682  9682 I chatty  : uid=10133 expire 10 lines
01-15 17:38:02.442  9682 10509 I chatty  : uid=10133 expire 1 line
01-15 17:38:02.501  9682 10422 I chatty  : uid=10133 expire 1 line
01-15 17:39:26.818  9682  9682 I chatty  : uid=10133 expire 10 lines
01-15 17:42:21.521  9682  9682 I chatty  : uid=10133 expire 19 lines
01-15 17:42:26.549  9682 10552 I chatty  : uid=10133 expire 6 lines
01-15 17:42:29.097  9682 10556 I chatty  : uid=10133 expire 15 lines
01-15 17:42:29.098  9682 10557 I chatty  : uid=10133 expire 10 lines
01-15 17:42:33.852  9682  9682 I chatty  : uid=10133 expire 33 lines
01-15 17:42:50.579  9682 10567 I chatty  : uid=10133 expire 1 line
01-15 17:42:50.604  9682 10569 I chatty  : uid=10133 expire 1 line
01-15 17:42:50.605  9682 10568 I chatty  : uid=10133 expire 1 line
01-15 17:42:50.609  9682 10513 I chatty  : uid=10133 expire 1 line
01-15 17:42:50.615  9682 10570 I chatty  : uid=10133 expire 42 lines
01-15 17:42:50.908  9682 10556 I chatty  : uid=10133 expire 1 line
01-15 17:42:50.908  9682 10557 I chatty  : uid=10133 expire 1 line
01-15 17:42:53.101  9682  9682 I chatty  : uid=10133 expire 8 lines
01-15 17:42:54.353  9682 10577 I chatty  : uid=10133 expire 13 lines
01-15 17:42:54.353  9682 10576 I chatty  : uid=10133 expire 58 lines
01-15 17:42:54.356  9682 10578 I chatty  : uid=10133 expire 7 lines
01-15 17:42:54.770  9682 10580 I chatty  : uid=10133 expire 1 line
01-15 17:42:54.771  9682 10579 I chatty  : uid=10133 expire 1 line
01-15 17:42:54.772  9682 10581 I chatty  : uid=10133 expire 1 line
01-15 17:42:55.140  9682 10586 I chatty  : uid=10133 expire 7 lines
01-15 17:42:55.655  9682 10589 I chatty  : uid=10133 expire 2 lines
01-15 17:42:56.152  9682 10587 I chatty  : uid=10133 expire 1 line
01-15 17:42:56.154  9682 10584 I chatty  : uid=10133 expire 1 line
01-15 17:42:56.156  9682 10583 I chatty  : uid=10133 expire 1 line
01-15 17:42:56.157  9682 10585 I chatty  : uid=10133 expire 1 line
01-15 17:42:56.161  9682 10589 I chatty  : uid=10133 expire 10 lines
01-15 17:43:00.653  9682  9682 I chatty  : uid=10133 expire 11 lines
01-15 17:43:24.090  9682  9682 I chatty  : uid=10133 expire 33 lines
01-15 17:43:24.090  9682 10576 I chatty  : uid=10133 expire 1 line
01-15 17:43:24.091  9682 10577 I chatty  : uid=10133 expire 1 line
01-15 17:43:25.376  9682 10590 I chatty  : uid=10133 expire 1 line
01-15 17:43:25.621  9682 10588 I chatty  : uid=10133 expire 1 line
01-15 17:43:25.655  9682 10570 I chatty  : uid=10133 expire 1 line
01-15 17:43:25.930 10626 10626 I chatty  : uid=10133 ps expire 20 lines
01-15 17:43:26.219  9682  9844 I chatty  : uid=10133 expire 1 line
01-15 17:43:26.401 10662 10662 I chatty  : uid=10133 expire 105 lines
01-15 17:43:26.491 10662 10676 I chatty  : uid=10133 expire 2 lines
01-15 17:43:26.546 10662 10683 I chatty  : uid=10133 expire 14 lines
01-15 17:43:28.690 10662 10722 I chatty  : uid=10133 expire 2 lines
01-15 17:43:28.884 10662 10726 I chatty  : uid=10133 expire 46 lines
01-15 17:43:31.797 10662 10737 I chatty  : uid=10133 expire 64 lines
01-15 17:43:31.799 10662 10738 I chatty  : uid=10133 expire 13 lines
01-15 17:43:31.828 10662 10739 I chatty  : uid=10133 expire 1 line
01-15 17:43:31.830 10662 10740 I chatty  : uid=10133 expire 7 lines
01-15 17:43:32.244 10662 10742 I chatty  : uid=10133 expire 1 line
01-15 17:43:32.245 10662 10741 I chatty  : uid=10133 expire 1 line
01-15 17:43:32.246 10662 10743 I chatty  : uid=10133 expire 1 line
01-15 17:43:32.614 10662 10749 I chatty  : uid=10133 expire 7 lines
01-15 17:43:33.627 10662 10750 I chatty  : uid=10133 expire 1 line
01-15 17:43:33.629 10662 10747 I chatty  : uid=10133 expire 1 line
01-15 17:43:33.630 10662 10746 I chatty  : uid=10133 expire 1 line
01-15 17:43:33.631 10662 10748 I chatty  : uid=10133 expire 1 line
01-15 17:43:33.897 10662 10752 I chatty  : uid=10133 expire 7 lines
01-15 17:43:33.909 10662 10662 I chatty  : uid=10133 expire 36 lines
01-15 17:43:33.922 10662 10755 I chatty  : uid=10133 expire 2 lines
01-15 17:43:33.949 10662 10760 I chatty  : uid=10133 expire 12 lines
01-15 17:43:33.960 10662 10759 I chatty  : uid=10133 expire 2 lines
01-15 17:43:33.987 10662 10757 I chatty  : uid=10133 expire 7 lines
01-15 17:43:33.989 10662 10764 I chatty  : uid=10133 expire 9 lines
01-15 17:43:52.302 10662 10853 I chatty  : uid=10133 expire 1 line
01-15 17:43:52.308 10662 10738 I chatty  : uid=10133 expire 1 line
01-15 17:43:52.309 10662 10737 I chatty  : uid=10133 expire 1 line
01-15 17:43:52.399 10662 10855 I chatty  : uid=10133 expire 1 line
01-15 17:43:52.401 10662 10854 I chatty  : uid=10133 expire 1 line
01-15 17:43:52.403 10662 10769 I chatty  : uid=10133 expire 1 line
01-15 17:43:52.406 10662 10726 I chatty  : uid=10133 expire 41 lines
01-15 17:43:54.972 10662 10662 I chatty  : uid=10133 expire 16 lines
01-15 17:43:56.256 10662 10863 I chatty  : uid=10133 expire 5 lines
01-15 17:43:56.256 10662 10862 I chatty  : uid=10133 expire 34 lines
01-15 17:43:56.269 10662 10864 I chatty  : uid=10133 expire 7 lines
01-15 17:43:56.693 10662 10867 I chatty  : uid=10133 expire 1 line
01-15 17:43:56.694 10662 10866 I chatty  : uid=10133 expire 1 line
01-15 17:43:56.695 10662 10868 I chatty  : uid=10133 expire 1 line
01-15 17:43:57.063 10662 10872 I chatty  : uid=10133 expire 5 lines
01-15 17:43:57.449 10662 10874 I chatty  : uid=10133 expire 11 lines
01-15 17:43:58.075 10662 10862 I chatty  : uid=10133 expire 24 lines
01-15 17:43:58.076 10662 10873 I chatty  : uid=10133 expire 1 line
01-15 17:43:58.077 10662 10872 I chatty  : uid=10133 expire 2 lines
01-15 17:43:58.079 10662 10870 I chatty  : uid=10133 expire 1 line
01-15 17:43:58.083 10662 10869 I chatty  : uid=10133 expire 1 line
01-15 17:43:58.084 10662 10863 I chatty  : uid=10133 expire 9 lines
01-15 17:43:58.084 10662 10871 I chatty  : uid=10133 expire 1 line
01-15 17:44:27.414 10662 10753 I chatty  : uid=10133 expire 1 line
01-15 17:44:27.448 10662 10726 I chatty  : uid=10133 expire 1 line
01-15 17:44:28.085 10662 10862 I chatty  : uid=10133 expire 1 line
01-15 17:45:45.262 10662 10898 I chatty  : uid=10133 expire 12 lines
01-15 17:45:45.287 10662 10899 I chatty  : uid=10133 expire 11 lines
01-15 17:45:48.891 10662 10662 I chatty  : uid=10133 expire 56 lines
01-15 17:45:51.852 10662 10875 I chatty  : uid=10133 expire 1 line
01-15 17:45:51.856 10662 10906 I chatty  : uid=10133 expire 45 lines
01-15 17:45:51.949 10662 10722 I chatty  : uid=10133 expire 1 line
01-15 17:45:54.470 10662 10918 I chatty  : uid=10133 expire 15 lines
01-15 17:45:54.472 10662 10919 I chatty  : uid=10133 expire 10 lines
01-15 17:45:56.901 10662 10924 I chatty  : uid=10133 expire 11 lines
01-15 17:46:05.953 10662 10928 I chatty  : uid=10133 expire 1 line
01-15 17:46:05.970 10662 10930 I chatty  : uid=10133 expire 1 line
01-15 17:46:05.971 10662 10929 I chatty  : uid=10133 expire 1 line
01-15 17:46:05.972 10662 10925 I chatty  : uid=10133 expire 1 line
01-15 17:46:06.759 10662 10919 I chatty  : uid=10133 expire 1 line
01-15 17:46:06.760 10662 10918 I chatty  : uid=10133 expire 1 line
01-15 17:46:08.181 10662 10662 I chatty  : uid=10133 expire 42 lines
01-15 17:46:09.583 10662 10937 I chatty  : uid=10133 expire 5 lines
01-15 17:46:09.583 10662 10936 I chatty  : uid=10133 expire 33 lines
01-15 17:46:09.591 10662 10938 I chatty  : uid=10133 expire 7 lines
01-15 17:46:10.003 10662 10940 I chatty  : uid=10133 expire 1 line
01-15 17:46:10.005 10662 10939 I chatty  : uid=10133 expire 1 line
01-15 17:46:10.006 10662 10941 I chatty  : uid=10133 expire 1 line
01-15 17:46:10.373 10662 10946 I chatty  : uid=10133 expire 5 lines
01-15 17:46:10.976 10662 10906 I chatty  : uid=10133 expire 39 lines
01-15 17:46:11.016 10662 10948 I chatty  : uid=10133 expire 11 lines
01-15 17:46:11.385 10662 10936 I chatty  : uid=10133 expire 24 lines
01-15 17:46:11.386 10662 10947 I chatty  : uid=10133 expire 1 line
01-15 17:46:11.387 10662 10946 I chatty  : uid=10133 expire 2 lines
01-15 17:46:11.388 10662 10944 I chatty  : uid=10133 expire 1 line
01-15 17:46:11.389 10662 10943 I chatty  : uid=10133 expire 1 line
01-15 17:46:11.390 10662 10945 I chatty  : uid=10133 expire 1 line
01-15 17:46:11.390 10662 10937 I chatty  : uid=10133 expire 9 lines
01-15 17:46:40.981 10662 10923 I chatty  : uid=10133 expire 1 line
01-15 17:46:41.390 10662 10936 I chatty  : uid=10133 expire 1 line
01-15 17:46:49.539 10662 10960 I chatty  : uid=10133 expire 1 line
01-15 17:46:49.543 10662 10962 I chatty  : uid=10133 expire 1 line
01-15 17:46:49.545 10662 10961 I chatty  : uid=10133 expire 1 line
01-15 17:46:49.547 10662 10949 I chatty  : uid=10133 expire 1 line
01-15 17:46:49.552 10662 10963 I chatty  : uid=10133 expire 42 lines
01-15 17:46:51.898 10662 10662 I chatty  : uid=10133 expire 17 lines
01-15 17:46:52.981 10662 10969 I chatty  : uid=10133 expire 33 lines
01-15 17:46:52.982 10662 10970 I chatty  : uid=10133 expire 5 lines
01-15 17:46:52.984 10662 10971 I chatty  : uid=10133 expire 7 lines
01-15 17:46:53.399 10662 10973 I chatty  : uid=10133 expire 1 line
01-15 17:46:53.400 10662 10972 I chatty  : uid=10133 expire 1 line
01-15 17:46:53.400 10662 10974 I chatty  : uid=10133 expire 1 line
01-15 17:46:53.769 10662 10979 I chatty  : uid=10133 expire 5 lines
01-15 17:46:54.593 10662 10982 I chatty  : uid=10133 expire 11 lines
01-15 17:46:54.781 10662 10969 I chatty  : uid=10133 expire 24 lines
01-15 17:46:54.781 10662 10980 I chatty  : uid=10133 expire 1 line
01-15 17:46:54.782 10662 10979 I chatty  : uid=10133 expire 2 lines
01-15 17:46:54.783 10662 10977 I chatty  : uid=10133 expire 1 line
01-15 17:46:54.784 10662 10976 I chatty  : uid=10133 expire 1 line
01-15 17:46:54.784 10662 10978 I chatty  : uid=10133 expire 1 line
01-15 17:46:54.785 10662 10970 I chatty  : uid=10133 expire 9 lines
01-15 17:47:24.559 10662 10981 I chatty  : uid=10133 expire 1 line
01-15 17:47:24.593 10662 10963 I chatty  : uid=10133 expire 1 line
01-15 17:47:24.785 10662 10969 I chatty  : uid=10133 expire 1 line
01-15 17:48:04.879 10662 10662 I chatty  : uid=10133 expire 38 lines
01-15 17:48:56.154 10662 11039 I chatty  : uid=10133 expire 8 lines
01-15 17:48:56.177 10662 11040 I chatty  : uid=10133 expire 17 lines
01-15 17:48:56.184 10662 11041 I chatty  : uid=10133 expire 7 lines
01-15 17:48:56.600 10662 11043 I chatty  : uid=10133 expire 1 line
01-15 17:48:56.601 10662 11042 I chatty  : uid=10133 expire 1 line
01-15 17:48:56.602 10662 11044 I chatty  : uid=10133 expire 1 line
01-15 17:49:10.681 10662 11052 I chatty  : uid=10133 expire 1 line
01-15 17:49:10.686 10662 11040 I chatty  : uid=10133 expire 1 line
01-15 17:49:10.702 10662 11054 I chatty  : uid=10133 expire 1 line
01-15 17:49:10.704 10662 11053 I chatty  : uid=10133 expire 1 line
01-15 17:49:10.706 10662 10983 I chatty  : uid=10133 expire 1 line
01-15 17:49:10.710 10662 11055 I chatty  : uid=10133 expire 3 lines
01-15 17:49:14.502 10662 10662 I chatty  : uid=10133 expire 3 lines
01-15 17:49:15.710 10662 11055 I chatty  : uid=10133 expire 19 lines
01-15 17:49:15.728 10662 10662 I chatty  : uid=10133 expire 1 line
01-15 17:49:15.729 10662 11055 I chatty  : uid=10133 expire 20 lines
01-15 17:49:15.759 10662 11063 I chatty  : uid=10133 expire 4 lines
01-15 17:49:15.763 10662 10662 I chatty  : uid=10133 expire 8 lines
01-15 17:49:16.979 10662 11065 I chatty  : uid=10133 expire 57 lines
01-15 17:49:16.980 10662 11066 I chatty  : uid=10133 expire 13 lines
01-15 17:49:16.981 10662 11067 I chatty  : uid=10133 expire 7 lines
01-15 17:49:17.399 10662 11069 I chatty  : uid=10133 expire 1 line
01-15 17:49:17.400 10662 11068 I chatty  : uid=10133 expire 1 line
01-15 17:49:17.402 10662 11070 I chatty  : uid=10133 expire 1 line
01-15 17:49:17.769 10662 11075 I chatty  : uid=10133 expire 7 lines
01-15 17:49:18.781 10662 11076 I chatty  : uid=10133 expire 1 line
01-15 17:49:18.783 10662 11073 I chatty  : uid=10133 expire 1 line
01-15 17:49:18.784 10662 11072 I chatty  : uid=10133 expire 1 line
01-15 17:49:18.785 10662 11074 I chatty  : uid=10133 expire 1 line
01-15 17:49:33.982 10662 11066 I chatty  : uid=10133 expire 8 lines
01-15 17:49:34.013 10662 11065 I chatty  : uid=10133 expire 34 lines
01-15 17:49:34.018 10662 11125 I chatty  : uid=10133 expire 7 lines
01-15 17:49:34.433 10662 11127 I chatty  : uid=10133 expire 1 line
01-15 17:49:34.434 10662 11126 I chatty  : uid=10133 expire 1 line
01-15 17:49:34.435 10662 11128 I chatty  : uid=10133 expire 1 line
01-15 17:49:39.458 10662 11130 I chatty  : uid=10133 expire 7 lines
01-15 17:49:39.874 10662 11132 I chatty  : uid=10133 expire 1 line
01-15 17:49:39.874 10662 11131 I chatty  : uid=10133 expire 1 line
01-15 17:49:39.876 10662 11133 I chatty  : uid=10133 expire 1 line
01-15 17:49:39.876 10662 11066 I chatty  : uid=10133 expire 4 lines
01-15 17:49:42.286 10662 10662 I chatty  : uid=10133 expire 2 lines
01-15 17:49:45.726 10662 11062 I chatty  : uid=10133 expire 1 line
01-15 17:49:45.757 10662 11055 I chatty  : uid=10133 expire 1 line
01-15 17:50:09.876 10662 11065 I chatty  : uid=10133 expire 1 line
01-15 17:50:09.879 10662 11066 I chatty  : uid=10133 expire 1 line
01-15 17:50:12.064 10662 10662 I chatty  : uid=10133 expire 10 lines
01-15 17:50:31.715 10662 10662 I chatty  : uid=10133 expire 5 lines
01-15 17:50:34.372 10662 11063 I chatty  : uid=10133 expire 5 lines
01-15 17:50:34.373 10662 11064 I chatty  : uid=10133 expire 1 line
01-15 17:50:34.374 10662 11063 I chatty  : uid=10133 expire 2 lines
01-15 17:50:34.374 10662 10662 I chatty  : uid=10133 expire 13 lines
01-15 17:50:34.381 10662 11149 I chatty  : uid=10133 expire 82 lines
01-15 17:50:39.459 10662 11154 I chatty  : uid=10133 expire 21 lines
01-15 17:50:39.488 10662 10759 I chatty  : uid=10133 expire 2 lines
01-15 17:50:39.507 10662 10757 I chatty  : uid=10133 expire 7 lines
01-15 17:50:39.509 10662 11158 I chatty  : uid=10133 expire 9 lines
01-15 17:50:46.238 10662 10662 I chatty  : uid=10133 expire 12 lines
01-15 17:50:51.560 10662 11161 I chatty  : uid=10133 expire 1 line
01-15 17:50:51.571 10662 11149 I chatty  : uid=10133 expire 18 lines
01-15 17:50:56.579 10662 10662 I chatty  : uid=10133 expire 1 line
01-15 17:50:56.592 10662 11149 I chatty  : uid=10133 expire 16 lines
01-15 17:50:56.628 10662 10662 I chatty  : uid=10133 expire 1 line
01-15 17:50:56.629 10662 11149 I chatty  : uid=10133 expire 61 lines
01-15 17:50:57.000 10662 11175 I chatty  : uid=10133 expire 4 lines
01-15 17:50:57.054 10662 11176 I chatty  : uid=10133 expire 2 lines
01-15 17:50:57.239 10662 11177 I chatty  : uid=10133 expire 31 lines
01-15 17:51:01.634 10662 10662 I chatty  : uid=10133 expire 9 lines
01-15 17:51:13.892 10662 11199 I chatty  : uid=10133 expire 4 lines
01-15 17:51:14.844 10662 11197 I chatty  : uid=10133 expire 1 line
01-15 17:51:14.912 10662 11178 I chatty  : uid=10133 expire 1 line
01-15 17:51:15.017 10662 11173 I chatty  : uid=10133 expire 1 line
