11-19 14:51:57.317 24006 24225 D MediaCodec:    int32_t channel-mask = 0
11-19 14:51:57.317 24006 24225 D MediaCodec:    int32_t what = 1869968451
11-19 14:51:57.317 24006 24225 D MediaCodec:  }
11-19 14:51:57.337 24006 24078 I MediaCodec: (0xb7ef0c50) stop
11-19 14:51:57.340 24006 24078 I MediaCodec: (0xb7ef0c50) release
11-19 14:51:57.498 24006 24106 V ThreadPool: container(0x0fcf1993: OpModeStuckCodeMonitor) removed id=9055 TID=24106 count=1
11-19 14:51:57.512 24006 24097 V LynxMotor: disengage mod#=3
11-19 14:51:57.576 24006 24097 V LynxMotor: disengage mod#=2
11-19 14:51:57.598 24006 24097 V LynxServoController: disengage mod#=2
11-19 14:51:57.617 24006 24097 V LynxServoController: disengage mod#=3
11-19 14:51:57.617 24006 24097 V LynxUsb : 0x05aab35c on 0x02d72fc4: releasing delegate to [DQ143RN2]
11-19 14:51:57.618 24006 24097 V LynxUsb : 0x02d72fc4: releaseRef [DQ143RN2]=0
11-19 14:51:57.618 24006 24097 V LynxUsb : doClose([DQ143RN2])...
11-19 14:51:57.626 24006 24097 V LynxModule: close()
11-19 14:51:57.626 24006 24097 V ThreadPool: waiting for service lynx module executor
11-19 14:51:57.628 24006 24095 V ThreadPool: container(0x01dda948: lynx module executor) removed id=9050 TID=24095 count=1
11-19 14:51:57.629 24006 24097 V ThreadPool: awaitTermination returned, isTerminated=true
11-19 14:51:57.629 24006 24097 V ThreadPool: executive service lynx module executor(0x01dda948) is terminated
11-19 14:51:57.629 24006 24097 V LynxModule: close()
11-19 14:51:57.630 24006 24097 V ThreadPool: waiting for service lynx module executor
11-19 14:51:57.631 24006 24097 V ThreadPool: awaitTermination returned, isTerminated=true
11-19 14:51:57.632 24006 24094 V ThreadPool: container(0x0f2bd506: lynx module executor) removed id=9049 TID=24094 count=1
11-19 14:51:57.632 24006 24097 V ThreadPool: executive service lynx module executor(0x0f2bd506) is terminated
11-19 14:51:57.632 24006 24097 V LynxUsb : disarmDevice() serial=DQ143RN2...
11-19 14:51:57.632 24006 24097 V LynxUsb : shutting down incoming datagrams
11-19 14:51:57.633 24006 24093 V RobotCore: thread: ...terminating 'lynx incoming datagrams'
11-19 14:51:57.633 24006 24093 V ThreadPool: container(0x0f182e2e: lynx dg poller) removed id=9048 TID=24093 count=1
11-19 14:51:57.633 24006 24097 V ThreadPool: executive service Lynx incoming datagram poller(0x0f182e2e) is terminated
11-19 14:51:57.633 24006 24097 V RobotUsbDeviceFtdi: closing DQ143RN2
11-19 14:51:57.633 24006 24097 V FtDevice: vv********************DQ143RN2 closing********************vv 0x0df98430
11-19 14:51:57.634 24006 24097 V FtDevice: DQ143RN2 stopping thread readBufferManager
11-19 14:51:57.634 24006 24086 V FtDevice: DQ143RN2 thread readBufferManager is stopped
11-19 14:51:57.634 24006 24097 V FtDevice: DQ143RN2 stopping thread bulkPacketInWorker
11-19 14:51:57.635 24006 24085 V FtDevice: DQ143RN2 thread bulkPacketInWorker is stopped
11-19 14:51:57.636 24006 24097 V MonitoredUsbDeviceConnection: closing UsbDeviceConnection(DQ143RN2)
11-19 14:51:57.636 24006 24097 D UsbDeviceConnectionJNI: close
11-19 14:51:57.636 24006 24097 V FtDevice: ^^********************DQ143RN2 closed ********************^^
11-19 14:51:57.636 24006 24097 V LynxUsb : ...done disarmDevice()
11-19 14:51:57.637 24006 24097 V LynxUsb : ...doClose([DQ143RN2])
11-19 14:51:57.638 24006 24087 V ThreadPool: container(0x02f0dd73: WatchdogMonitor) removed id=9045 TID=24087 count=1
11-19 14:51:57.640 24006 24097 I FtcEventLoop: ======= TEARDOWN COMPLETE =======
11-19 14:51:57.640 24006 24097 V RobotCore: thread: ...terminating 'opmode loop()'
11-19 14:51:57.640 24006 24097 V EventLoopManager: switching to idleEventLoop
11-19 14:51:57.641 24006 24097 I FtcEventLoopIdle: ------- idle init --------
11-19 14:51:57.641 24006 24097 V RobotCore: thread: 'opmode loop()' starting...
11-19 14:51:57.983 24006 24080 W AudioTrack: AUDIO_OUTPUT_FLAG_FAST denied by client; transfer 4, track 44100 Hz, output 48000 Hz
11-19 14:52:03.725 24006 24075 V Robocol : received command: CMD_INIT_OP_MODE(10233) $Stop$Robot$
11-19 14:52:03.725 24006 24074 V Robocol : unable to process command CMD_INIT_OP_MODE callbacks=EventLoopManager
11-19 14:52:04.331 24006 24075 E Robocol : exception SocketTimeoutException(null): no packet received [libcore.io.IoBridge.maybeThrowAfterRecvfrom(IoBridge.java:594)]
11-19 14:52:06.039 24006 24076 V Robocol : issuing peerDisconnected(): lastRecvPacket=2.007 s
11-19 14:52:06.040 24006 24076 V RobotCore: Network: active, disconnected
11-19 14:52:06.040 24006 24076 I RobotCore: Lost connection while main event loop not active
11-19 14:52:06.061 24006 24080 D MediaPlayer: setSubtitleAnchor in MediaPlayer
11-19 14:52:06.061 24006 24006 D MediaPlayer: setSubtitleAnchor in MediaPlayer
11-19 14:52:06.066 24006 24006 E MediaPlayer: invoke failed: wrong state 8
11-19 14:52:06.066 24006 24006 W MediaPlayer: mediaplayer went away with unhandled events
11-19 14:52:06.080 24006 24078 D ExtendedUtils: extended extractor not needed, return default
11-19 14:52:06.081 24006 24078 I MediaCodec: (0xb7fb5cf0) init name(audio/raw) isType(1) encoder(0)
11-19 14:52:06.082 24006 24249 I OMXClient: Using client-side OMX mux.
11-19 14:52:06.093 24006 24249 E OMXMaster: A component of name 'OMX.qcom.audio.decoder.aac' already exists, ignoring this one.
11-19 14:52:06.099 24006 24249 I MediaCodec: (0xb7fb5cf0) Component Allocated (OMX.google.raw.decoder)
11-19 14:52:06.099 24006 24078 I MediaCodec: (0xb7fb5cf0) configure surface(0x0) crypto(0x0) flags(0)
11-19 14:52:06.099 24006 24078 D MediaCodec: (0xb7fb5cf0) configure format: AMessage(what = 0x00000000) = {
11-19 14:52:06.099 24006 24078 D MediaCodec:    string mime = "audio/raw"
11-19 14:52:06.099 24006 24078 D MediaCodec:    int64_t durationUs = 516598
11-19 14:52:06.099 24006 24078 D MediaCodec:    int32_t channel-count = 2
11-19 14:52:06.099 24006 24078 D MediaCodec:    int32_t sample-rate = 44100
11-19 14:52:06.099 24006 24078 D MediaCodec:    int32_t channel-mask = 0
11-19 14:52:06.099 24006 24078 D MediaCodec:  }
11-19 14:52:06.100 24006 24078 I MediaCodec: (0xb7fb5cf0) start
11-19 14:52:06.100 24006 24249 I MediaCodec: (0xb7fb5cf0) input buffers allocated
11-19 14:52:06.100 24006 24249 I MediaCodec: (0xb7fb5cf0) numBuffers (4)
11-19 14:52:06.101 24006 24249 I MediaCodec: (0xb7fb5cf0) output buffers allocated
11-19 14:52:06.101 24006 24249 I MediaCodec: (0xb7fb5cf0) numBuffers (4)
11-19 14:52:06.102 24006 24249 I MediaCodec: (0xb7fb5cf0) codec output format changed
11-19 14:52:06.102 24006 24249 D MediaCodec: (0xb7fb5cf0) output format: AMessage(what = 'codc', target = 18) = {
11-19 14:52:06.102 24006 24249 D MediaCodec:    string mime = "audio/raw"
11-19 14:52:06.102 24006 24249 D MediaCodec:    int32_t channel-count = 2
11-19 14:52:06.102 24006 24249 D MediaCodec:    int32_t sample-rate = 44100
11-19 14:52:06.102 24006 24249 D MediaCodec:    int32_t channel-mask = 0
11-19 14:52:06.102 24006 24249 D MediaCodec:    int32_t what = 1869968451
11-19 14:52:06.102 24006 24249 D MediaCodec:  }
11-19 14:52:06.107 24006 24078 I MediaCodec: (0xb7fb5cf0) stop
11-19 14:52:06.108 24006 24078 I MediaCodec: (0xb7fb5cf0) release
11-19 14:52:06.112 24006 24080 W AudioTrack: AUDIO_OUTPUT_FLAG_FAST denied by client; transfer 4, track 44100 Hz, output 48000 Hz
11-19 14:52:07.539 24006 24075 V Robocol : resetting peerDisconnected()
11-19 14:52:07.575 24006 24075 V NetDiscover_prefremrc: sendAllPreferences()
11-19 14:52:07.576 24006 24075 V NetDiscover_prefremrc: sending RC pref name=pref_wifip2p_remote_channel_change_works value=true
11-19 14:52:07.576 24006 24075 V NetDiscover_prefremrc: sending RC pref name=pref_device_name value=12611-RC
11-19 14:52:07.576 24006 24075 V NetDiscover_prefremrc: sending RC pref name=pref_has_independent_phone_battery value=true
11-19 14:52:07.577 24006 24075 V NetDiscover_prefremrc: sending RC pref name=pref_app_theme value=teal
11-19 14:52:07.577 24006 24075 V NetDiscover_prefremrc: sending RC pref name=pref_sound_on_off value=false
11-19 14:52:07.577 24006 24075 V RobotCore: Network: active, connected
11-19 14:52:07.579 24006 24080 W AudioTrack: AUDIO_OUTPUT_FLAG_FAST denied by client; transfer 4, track 44100 Hz, output 48000 Hz
11-19 14:52:07.584 24006 24075 V Robocol : received command: CMD_REQUEST_UI_STATE(10005) 
11-19 14:52:07.598 24006 24076 V Robocol : sending CMD_NOTIFY_USER_DEVICE_LIST(288), attempt: 0
11-19 14:52:07.599 24006 24076 V Robocol : sending CMD_ROBOT_CONTROLLER_PREFERENCE(289), attempt: 0
11-19 14:52:07.600 24006 24076 V Robocol : sending CMD_ROBOT_CONTROLLER_PREFERENCE(290), attempt: 0
11-19 14:52:07.600 24006 24076 V Robocol : sending CMD_ROBOT_CONTROLLER_PREFERENCE(291), attempt: 0
11-19 14:52:07.600 24006 24076 V Robocol : sending CMD_ROBOT_CONTROLLER_PREFERENCE(292), attempt: 0
11-19 14:52:07.601 24006 24076 V Robocol : sending CMD_ROBOT_CONTROLLER_PREFERENCE(293), attempt: 0
11-19 14:52:07.601 24006 24076 V Robocol : sending CMD_NOTIFY_ACTIVE_CONFIGURATION(297), attempt: 0
11-19 14:52:07.638 24006 24076 V Robocol : sending CMD_NOTIFY_USER_DEVICE_LIST(298), attempt: 0
11-19 14:52:07.639 24006 24076 V Robocol : sending CMD_NOTIFY_OP_MODE_LIST(299), attempt: 0
11-19 14:52:10.062 24006 24075 V Robocol : received command: CMD_RESTART_ROBOT(10037) 
11-19 14:52:10.063 24006 24074 D FtcEventLoopHandler: restarting robot...
11-19 14:52:10.075 24006 24006 V Robocol : EventLoopManager.shutdown()
11-19 14:52:10.075 24006 24006 V ThreadPool: waiting for service EventLoop
11-19 14:52:10.075 24006 24097 V RobotCore: EventLoopRunnable interrupted
11-19 14:52:10.075 24006 24097 V RobotCore: EventLoopManager state is STOPPED
11-19 14:52:10.075 24006 24097 V RobotCore: Robot Status: stopped
11-19 14:52:10.075 24006 24097 I FtcEventLoopIdle: ------- idle teardown ----
11-19 14:52:10.075 24006 24097 V RobotCore: thread: ...terminating 'opmode loop()'
11-19 14:52:10.076 24006 24006 V ThreadPool: awaitTermination returned, isTerminated=true
11-19 14:52:10.076 24006 24097 V ThreadPool: container(0x0e4e03ae: executorEventLoop) removed id=9051 TID=24097 count=1
11-19 14:52:10.076 24006 24006 V ThreadPool: executive service EventLoop(0x0e4e03ae) is terminated
11-19 14:52:10.076 24006 24006 V RobotCore: EventLoopManager state is STOPPED
11-19 14:52:10.079 24006 24076 V Robocol : sending CMD_SHOW_TOAST(332), attempt: 0
11-19 14:52:10.080 24006 24076 V Robocol : sending CMD_NOTIFY_ROBOT_STATE(333), attempt: 0
11-19 14:52:10.088 24006 24060 V RobotCore: thread: 'RobotSetupRunnable.run()' starting...
11-19 14:52:10.088 24006 24060 V FTCService: Processing robot setup
11-19 14:52:10.088 24006 24060 V RobotCore: Robot Status: stopped, scanning for USB devices
11-19 14:52:10.102 24006 24075 D RobotCore: system telemetry: key=$System$None$ msg=""
11-19 14:52:10.118 24006 24076 V Robocol : sending CMD_NOTIFY_ROBOT_STATE(334), attempt: 0
11-19 14:52:10.119 24006 24076 V Robocol : sending CMD_SHOW_TOAST(335), attempt: 0
11-19 14:52:10.178 24006 24056 V RenderScript: 0xb89d7178 Launching thread(s), CPUs 4
11-19 14:52:14.481 24006 24073 V ThreadPool: container(0x09344f17: default threadpool) removed id=9033 TID=24073 count=2
11-19 14:52:15.089 24006 24060 V RobotCore: Robot Status: stopped, waiting for Wifi to enable
11-19 14:52:15.090 24006 24060 V RobotCore: Robot Status: stopped, waiting for Wifi Direct to enable
11-19 14:52:15.090 24006 24060 V RobotCore: Robot Status: stopped, waiting for network to become active
11-19 14:52:15.091 24006 24060 V RobotCore: Robot Status: stopped, starting robot
11-19 14:52:15.091 24006 24060 V Robocol : EventLoopManager.start()
11-19 14:52:15.091 24006 24060 V Robocol : Spoofing a Network Connection event...
11-19 14:52:15.092 24006 24060 V ThreadPool: executive service EventLoop(0x0e4e03ae) is terminated
11-19 14:52:15.092 24006 24060 V RobotCore: EventLoopManager state is STOPPED
11-19 14:52:15.092 24006 24060 V Robocol : eventLoop=FtcEventLoop
11-19 14:52:15.092 24006 24060 V RobotCore: EventLoopManager state is INIT
11-19 14:52:15.094 24006 24060 V RobotCore: Robot Status: initializing, starting robot
11-19 14:52:15.094 24006 24060 I FtcEventLoop: ======= INIT START =======
11-19 14:52:15.094 24006 24060 V OpmodeRegistration: registered {DefaultOpMode} as {$Stop$Robot$}
11-19 14:52:15.095 24006 24006 D WifiDirect: cannot create group, does group already exist?
11-19 14:52:15.097 24006 24060 V FileBasedLock: locked /storage/emulated/0/FIRST/blocks/projectslock/lock.dat
11-19 14:52:15.097 24006 24060 V ThreadPool: container(0x09344f17: default threadpool) added id=9081 TID=0 count=2
11-19 14:52:15.097 24006 24060 V FileBasedLock: unlocking /storage/emulated/0/FIRST/blocks/projectslock/lock.dat
11-19 14:52:15.106 24006 24060 V OpmodeRegistration: registered {RelicRecoveryAutoBlue2} as {Auto Blue 2}
11-19 14:52:15.107 24006 24060 V OpmodeRegistration: registered {SensorMRRangeColorSensor} as {Sensor: MR range & Color sensor}
11-19 14:52:15.107 24006 24060 V OpmodeRegistration: registered {RelicRecoveryTeleOpsLinear} as {Relic Recovery TeleOps (Linear)}
11-19 14:52:15.108 24006 24060 V OpmodeRegistration: registered {RelicRecoveryAutoRed1} as {Auto Red 1}
11-19 14:52:15.108 24006 24060 V OpmodeRegistration: registered {SensorTest} as {Sensor Test}
11-19 14:52:15.109 24006 24060 V OpmodeRegistration: registered {RelicRecoveryAutoBlue1} as {Auto Blue 1}
11-19 14:52:15.110 24006 24060 V OpmodeRegistration: registered {RelicRecoveryAutoRed2} as {Auto Red 2}
11-19 14:52:15.110 24006 24060 V OpmodeRegistration: registered {SensorREVColorDistance} as {Sensor: REVColorDistance}
11-19 14:52:15.111 24006 24060 V OpmodeRegistration: registered {RelicRecoveryAutoTest} as {Auto Test}
11-19 14:52:15.119 24006 24076 V Robocol : sending CMD_NOTIFY_ROBOT_STATE(388), attempt: 0
11-19 14:52:15.120 24006 24076 V Robocol : sending CMD_NOTIFY_ROBOT_STATE(389), attempt: 0
11-19 14:52:15.120 24006 24076 V Robocol : sending CMD_NOTIFY_ACTIVE_CONFIGURATION(390), attempt: 0
11-19 14:52:15.146 24006 24060 V HardwareFactory: createHardwareMap()
11-19 14:52:15.146 24006 24060 V WifiDirectInviteMonitor: clearUILynxModule()
11-19 14:52:15.146 24006 24006 I BatteryChecker: percent remaining: 85 is charging: false
11-19 14:52:15.147 24006 24060 V ReadXMLFileHandler: handleLynxModule() mod#=2...
11-19 14:52:15.147 24006 24060 V ConfigurationUtility: buildEmptyLynxModule() mod#=2...
11-19 14:52:15.147 24006 24060 V ConfigurationUtility: ...buildEmptyLynxModule() mod#=2
11-19 14:52:15.147 24006 24060 V ReadXMLFileHandler: ...handleLynxModule() mod#=2
11-19 14:52:15.147 24006 24060 V ReadXMLFileHandler: handleLynxModule() mod#=3...
11-19 14:52:15.147 24006 24060 V ConfigurationUtility: buildEmptyLynxModule() mod#=3...
11-19 14:52:15.148 24006 24060 V ConfigurationUtility: ...buildEmptyLynxModule() mod#=3
11-19 14:52:15.148 24006 24060 V ReadXMLFileHandler: ...handleLynxModule() mod#=3
11-19 14:52:15.148 24006 24060 V RobotCore: Creating REV Robotics USB Expansion Hub Portal [DQ143RN2]
11-19 14:52:15.149 24006 24060 V LynxUsb : creating new [DQ143RN2]: 0x035f8872
11-19 14:52:15.151 24006 24060 V FtDeviceManager: createDeviceInfoList(): 1 USB devices
11-19 14:52:15.155 24006 24060 V FtDevice: vv********************DQ143RN2 opening********************vv 0x0df98430
11-19 14:52:15.156 24006 24060 V FtDevice: ^^********************DQ143RN2 opened ********************^^
11-19 14:52:15.156 24006 24060 V FtDevice: resetting DQ143RN2
11-19 14:52:15.156 24006 24060 V ThreadPool: container(0x056c04c3: WatchdogMonitor) added id=9084 TID=0 count=1
11-19 14:52:15.158 24006 24076 V Robocol : sending CMD_NOTIFY_USER_DEVICE_LIST(396), attempt: 0
11-19 14:52:15.159 24006 24076 V Robocol : sending CMD_NOTIFY_OP_MODE_LIST(397), attempt: 0
11-19 14:52:15.161 24006 24060 V LynxUsb : armDevice() serial=DQ143RN2...
11-19 14:52:15.161 24006 24060 V LynxModule: resetDevice() serial=DQ143RN2
11-19 14:52:15.515 24006 24060 V ThreadPool: container(0x016d5879: lynx dg poller) added id=9085 TID=0 count=1
11-19 14:52:15.515 24006 24060 V LynxUsb : ...done armDevice()
11-19 14:52:15.516 24006 24060 V LynxUsb : 0x0f802a1f on 0x035f8872: new delegate to [DQ143RN2]
11-19 14:52:15.516 24006 24060 V RobotCore: Creating Lynx Module - mod=2 parent=false
11-19 14:52:15.516 24006 24060 V RobotCore: Creating Lynx Module - mod=3 parent=true
11-19 14:52:15.516 24006 24060 V LynxUsb : addConfiguredModule() module#=3
11-19 14:52:15.516 24006 24270 V RobotCore: thread: 'lynx incoming datagrams' starting...
11-19 14:52:15.517 24006 24060 V LynxModule: pingAndQueryKnownInterfaces mod=3
11-19 14:52:15.518 24006 24060 V ThreadPool: container(0x0cb3b3ca: lynx module executor) added id=9086 TID=0 count=1
11-19 14:52:15.520 24006 24270 V LynxUsb : synchronization gained: serial=DQ143RN2
11-19 14:52:15.525 24006 24060 V LynxModule: queryInterface(DEKA)=49 commands
11-19 14:52:15.532 24006 24060 V LynxModule: mod#=3 intf=DEKA: expected 53 commands; found 49
11-19 14:52:15.536 24006 24060 V LynxModule: sendLEDPatternSteps(): #steps=8
11-19 14:52:15.545 24006 24060 V LynxUsb : addConfiguredModule() module#=2
11-19 14:52:15.546 24006 24060 V LynxModule: pingAndQueryKnownInterfaces mod=2
11-19 14:52:15.547 24006 24060 V ThreadPool: container(0x0961916c: lynx module executor) added id=9087 TID=0 count=1
11-19 14:52:15.553 24006 24060 V LynxModule: queryInterface(DEKA)=49 commands
11-19 14:52:15.558 24006 24271 V LynxModule: received status: LynxGetModuleStatusResponse(status=0x02 alerts=0x00: Reset)
11-19 14:52:15.563 24006 24060 V LynxModule: mod#=2 intf=DEKA: expected 53 commands; found 49
11-19 14:52:15.568 24006 24060 V LynxModule: sendLEDPatternSteps(): #steps=6
11-19 14:52:15.577 24006 24060 V LynxMotor: initializeHardware() mod#=2
11-19 14:52:15.610 24006 24272 V LynxModule: received status: LynxGetModuleStatusResponse(status=0x05 alerts=0x00: KeepAliveTimeout|FailSafe)
11-19 14:52:15.610 24006 24272 V LynxModule: resendCurrentPattern()
11-19 14:52:15.610 24006 24272 V LynxModule: sendLEDPatternSteps(): #steps=6
11-19 14:52:15.727 24006 24060 V RobotCore: DcMotorImpl(type=NeveRest40Gearmotor)
11-19 14:52:15.727 24006 24060 V RobotCore: DcMotorImpl(type=NeveRest20Gearmotor)
11-19 14:52:15.728 24006 24060 V RobotCore: DcMotorImpl(type=NeveRest40Gearmotor)
11-19 14:52:15.728 24006 24060 V LynxServoController: initializeHardware() mod#=2
11-19 14:52:15.775 24006 24060 V LynxVoltageSensor: initializeHardware() mod#=2
11-19 14:52:15.775 24006 24060 V LynxPwmOutputController: initializeHardware() mod#=2
11-19 14:52:15.780 24006 24060 W LynxPwmOutputController: LynxSetPWMEnableCommand not implemented by lynx hw; ignoring
11-19 14:52:15.786 24006 24060 W LynxPwmOutputController: LynxSetPWMConfigurationCommand not implemented by lynx hw; ignoring
11-19 14:52:15.790 24006 24060 W LynxPwmOutputController: LynxSetPWMEnableCommand not implemented by lynx hw; ignoring
11-19 14:52:15.795 24006 24060 W LynxPwmOutputController: LynxSetPWMConfigurationCommand not implemented by lynx hw; ignoring
11-19 14:52:15.800 24006 24060 W LynxPwmOutputController: LynxSetPWMEnableCommand not implemented by lynx hw; ignoring
11-19 14:52:15.805 24006 24060 W LynxPwmOutputController: LynxSetPWMConfigurationCommand not implemented by lynx hw; ignoring
11-19 14:52:15.809 24006 24060 W LynxPwmOutputController: LynxSetPWMEnableCommand not implemented by lynx hw; ignoring
11-19 14:52:15.814 24006 24060 W LynxPwmOutputController: LynxSetPWMConfigurationCommand not implemented by lynx hw; ignoring
11-19 14:52:15.815 24006 24060 V LynxAnalogInputController: initializeHardware() mod#=2
11-19 14:52:15.815 24006 24060 V LynxDigitalChannelController: initializeHardware() mod#=2
11-19 14:52:15.849 24006 24060 V RobotCore: Creating Lynx Color/Range Sensor - mod=2 bus=1
11-19 14:52:15.849 24006 24060 I RobotCore: LynxFirmwareVersionManager: LynxI2cDeviceSynchV1
11-19 14:52:15.849 24006 24060 V LynxI2cDeviceSynch: initializeHardware() mod#=2
11-19 14:52:15.849 24006 24060 V AMSColorSensorImpl: internalInitialize()...
11-19 14:52:15.882 24006 24060 V AMSColorSensorImpl: state: 07 f6 ff ff 00 00 00 00 00 00 00 00 00 00 08 61 
11-19 14:52:15.882 24006 24060 V AMSColorSensorImpl: state| 00 01 60 33 21 00 0d 00 0b 
11-19 14:52:15.898 24006 24060 V AMSColorSensorImpl: disable() enabled=0x07...
11-19 14:52:15.933 24006 24060 V AMSColorSensorImpl: ...disable() enabled=0x00
11-19 14:52:15.933 24006 24060 V AMSColorSensorImpl: setIntegrationTime(0xf6)
11-19 14:52:15.946 24006 24060 V AMSColorSensorImpl: setGain(GAIN_4)
11-19 14:52:15.973 24006 24060 V AMSColorSensorImpl: setPDrive(Percent12_5)
11-19 14:52:16.001 24006 24060 V AMSColorSensorImpl: setProximityPulseCount(0x08)
11-19 14:52:16.031 24006 24060 V AMSColorSensorImpl: enable() enabled=0x00...
11-19 14:52:16.082 24006 24060 V AMSColorSensorImpl: ...enable() enabled=0x07
11-19 14:52:16.099 24006 24060 V AMSColorSensorImpl: state: 07 f6 ff ff 00 00 00 00 00 00 00 00 00 00 08 61 
11-19 14:52:16.099 24006 24060 V AMSColorSensorImpl: state| 00 01 60 33 20 00 0d 00 0b 
11-19 14:52:16.099 24006 24060 V AMSColorSensorImpl: ...internalInitialize()
11-19 14:52:16.099 24006 24060 V LynxI2cDeviceSynch: engaging mod#=2
11-19 14:52:16.099 24006 24060 V LynxMotor: initializeHardware() mod#=3
11-19 14:52:16.184 24006 24060 V RobotCore: DcMotorImpl(type=NeveRest40Gearmotor)
11-19 14:52:16.185 24006 24060 V RobotCore: DcMotorImpl(type=NeveRest40Gearmotor)
11-19 14:52:16.186 24006 24060 V RobotCore: DcMotorImpl(type=NeveRest40Gearmotor)
11-19 14:52:16.186 24006 24060 V RobotCore: DcMotorImpl(type=NeveRest40Gearmotor)
11-19 14:52:16.186 24006 24060 V LynxServoController: initializeHardware() mod#=3
11-19 14:52:16.223 24006 24060 V LynxVoltageSensor: initializeHardware() mod#=3
11-19 14:52:16.223 24006 24060 V LynxPwmOutputController: initializeHardware() mod#=3
11-19 14:52:16.227 24006 24060 W LynxPwmOutputController: LynxSetPWMEnableCommand not implemented by lynx hw; ignoring
11-19 14:52:16.231 24006 24060 W LynxPwmOutputController: LynxSetPWMConfigurationCommand not implemented by lynx hw; ignoring
11-19 14:52:16.235 24006 24060 W LynxPwmOutputController: LynxSetPWMEnableCommand not implemented by lynx hw; ignoring
11-19 14:52:16.239 24006 24060 W LynxPwmOutputController: LynxSetPWMConfigurationCommand not implemented by lynx hw; ignoring
11-19 14:52:16.243 24006 24060 W LynxPwmOutputController: LynxSetPWMEnableCommand not implemented by lynx hw; ignoring
11-19 14:52:16.247 24006 24060 W LynxPwmOutputController: LynxSetPWMConfigurationCommand not implemented by lynx hw; ignoring
11-19 14:52:16.251 24006 24060 W LynxPwmOutputController: LynxSetPWMEnableCommand not implemented by lynx hw; ignoring
11-19 14:52:16.255 24006 24060 W LynxPwmOutputController: LynxSetPWMConfigurationCommand not implemented by lynx hw; ignoring
11-19 14:52:16.255 24006 24060 V LynxAnalogInputController: initializeHardware() mod#=3
11-19 14:52:16.255 24006 24060 V RobotCore: Creating Analog Input Device - Port: 1
11-19 14:52:16.256 24006 24060 V LynxDigitalChannelController: initializeHardware() mod#=3
11-19 14:52:16.280 24006 24060 V RobotCore: Creating user sensor REV Expansion Hub IMU - on Lynx module=3 bus=0
11-19 14:52:16.280 24006 24060 V RobotCore: Creating I2cDeviceSynch (Lynx) - mod=3 bus=0
11-19 14:52:16.280 24006 24060 I RobotCore: LynxFirmwareVersionManager: LynxI2cDeviceSynchV1
11-19 14:52:16.280 24006 24060 V LynxI2cDeviceSynch: initializeHardware() mod#=3
11-19 14:52:16.280 24006 24060 V RobotCore: Creating user sensor MR Range Sensor - on Lynx module=3 bus=1
11-19 14:52:16.280 24006 24060 V RobotCore: Creating I2cDeviceSynch (Lynx) - mod=3 bus=1
11-19 14:52:16.281 24006 24060 I RobotCore: LynxFirmwareVersionManager: LynxI2cDeviceSynchV1
11-19 14:52:16.281 24006 24060 V LynxI2cDeviceSynch: initializeHardware() mod#=3
11-19 14:52:16.281 24006 24060 V RobotCore: Creating user sensor MR Range Sensor - on Lynx module=3 bus=2
11-19 14:52:16.281 24006 24060 V RobotCore: Creating I2cDeviceSynch (Lynx) - mod=3 bus=2
11-19 14:52:16.281 24006 24060 I RobotCore: LynxFirmwareVersionManager: LynxI2cDeviceSynchV1
11-19 14:52:16.281 24006 24060 V LynxI2cDeviceSynch: initializeHardware() mod#=3
11-19 14:52:16.281 24006 24060 I RobotCore: ========= Device Information ===================================================
11-19 14:52:16.282 24006 24060 I RobotCore: Type                                               Name                           Connection
11-19 14:52:16.282 24006 24060 I RobotCore: Motor                                              rr                             USB DQ143RN2; module 3; port 3
11-19 14:52:16.282 24006 24060 I RobotCore: Servo                                              relicElbow                     USB DQ143RN2; module 3; port 2
11-19 14:52:16.282 24006 24060 I RobotCore: Motor                                              glyphLift                      USB DQ143RN2; module 2; port 0
11-19 14:52:16.282 24006 24060 I RobotCore: Servo                                              relicClaw                      USB DQ143RN2; module 3; port 1
11-19 14:52:16.283 24006 24060 I RobotCore: Servo                                              lowerRightGripper              USB DQ143RN2; module 2; port 3
11-19 14:52:16.283 24006 24060 I RobotCore: Motor                                              lr                             USB DQ143RN2; module 3; port 2
11-19 14:52:16.283 24006 24060 I RobotCore: REV Robotics USB Expansion Hub Portal              Expansion Hub Portal 1         USB DQ143RN2
11-19 14:52:16.283 24006 24060 I RobotCore: Servo                                              longArm                        USB DQ143RN2; module 2; port 5
11-19 14:52:16.284 24006 24060 I RobotCore: Servo                                              glyphLiftStopper               USB DQ143RN2; module 3; port 5
11-19 14:52:16.285 24006 24060 I RobotCore: Analog Input                                       range                          USB DQ143RN2; module 3; analog port 1
11-19 14:52:16.285 24006 24060 I RobotCore: Motor                                              led                            USB DQ143RN2; module 2; port 3
11-19 14:52:16.287 24006 24060 I RobotCore: Servo                                              upperLeftGripper               USB DQ143RN2; module 2; port 0
11-19 14:52:16.299 24006 24060 I RobotCore: Modern Robotics Range Sensor v1.2                  x2Range                        USB DQ143RN2; module 3; bus 2; addr7=0x14
11-19 14:52:16.299 24006 24060 I RobotCore: Expansion Hub DC Motor Controller                  Expansion Hub 3                USB DQ143RN2; module 3
11-19 14:52:16.299 24006 24060 I RobotCore: Expansion Hub Servo Controller                     Expansion Hub 3                USB DQ143RN2; module 3
11-19 14:52:16.299 24006 24060 I RobotCore: Expansion Hub Voltage Sensor                       Expansion Hub 3                USB DQ143RN2; module 3
11-19 14:52:16.300 24006 24060 I RobotCore: Expansion Hub Pwm Controller                       Expansion Hub 3                USB DQ143RN2; module 3
11-19 14:52:16.300 24006 24060 I RobotCore: Expansion Hub Analog Input Controller              Expansion Hub 3                USB DQ143RN2; module 3
11-19 14:52:16.300 24006 24060 I RobotCore: Expansion Hub Digital Channel Controller           Expansion Hub 3                USB DQ143RN2; module 3
11-19 14:52:16.305 24006 24060 I RobotCore: Expansion Hub (HW: 20, Maj: 1, Min: 7, Eng: 0)     Expansion Hub 3                USB DQ143RN2; module 3
11-19 14:52:16.305 24006 24060 I RobotCore: Expansion Hub DC Motor Controller                  Expansion Hub 2                USB DQ143RN2; module 2
11-19 14:52:16.305 24006 24060 I RobotCore: Expansion Hub Servo Controller                     Expansion Hub 2                USB DQ143RN2; module 2
11-19 14:52:16.305 24006 24060 I RobotCore: Expansion Hub Voltage Sensor                       Expansion Hub 2                USB DQ143RN2; module 2
11-19 14:52:16.305 24006 24060 I RobotCore: Expansion Hub Pwm Controller                       Expansion Hub 2                USB DQ143RN2; module 2
11-19 14:52:16.306 24006 24060 I RobotCore: Expansion Hub Analog Input Controller              Expansion Hub 2                USB DQ143RN2; module 2
11-19 14:52:16.306 24006 24060 I RobotCore: Expansion Hub Digital Channel Controller           Expansion Hub 2                USB DQ143RN2; module 2
11-19 14:52:16.312 24006 24060 I RobotCore: Expansion Hub (HW: 20, Maj: 1, Min: 7, Eng: 0)     Expansion Hub 2                USB DQ143RN2; module 2
11-19 14:52:16.312 24006 24060 I RobotCore: REV Expansion Hub IMU                              imu                            USB DQ143RN2; module 3; bus 0; addr7=0x00
11-19 14:52:16.312 24006 24060 I RobotCore: Servo                                              upperRightGripper              USB DQ143RN2; module 2; port 1
11-19 14:52:16.313 24006 24060 I RobotCore: Servo                                              shortArm                       USB DQ143RN2; module 2; port 4
11-19 14:52:16.313 24006 24060 I RobotCore: Servo                                              relicClawholder                USB DQ143RN2; module 3; port 4
11-19 14:52:16.313 24006 24060 I RobotCore: Servo                                              lowerLeftGripper               USB DQ143RN2; module 2; port 2
11-19 14:52:16.313 24006 24060 I RobotCore: Motor                                              relicSlider                    USB DQ143RN2; module 2; port 1
11-19 14:52:16.313 24006 24060 I RobotCore: Motor                                              rf                             USB DQ143RN2; module 3; port 1
11-19 14:52:16.313 24006 24060 I RobotCore: Servo                                              glyphHolder                    USB DQ143RN2; module 3; port 0
11-19 14:52:16.314 24006 24060 I RobotCore: REV Color/Range Sensor                             jewelColor                     USB DQ143RN2; module 2; bus 1; addr7=0x39
11-19 14:52:16.314 24006 24060 I RobotCore: Motor                                              lf                             USB DQ143RN2; module 3; port 0
11-19 14:52:16.325 24006 24060 I RobotCore: Modern Robotics Range Sensor v1.2                  x1Range                        USB DQ143RN2; module 3; bus 1; addr7=0x14
11-19 14:52:16.326 24006 24060 I FtcEventLoop: ======= INIT FINISH =======
11-19 14:52:16.326 24006 24060 V RobotCore: EventLoopManager state is RUNNING
11-19 14:52:16.328 24006 24060 V RobotCore: Robot Status: running, starting robot
11-19 14:52:16.328 24006 24060 V RobotCore: Robot Status: running
11-19 14:52:16.328 24006 24080 W AudioTrack: AUDIO_OUTPUT_FLAG_FAST denied by client; transfer 4, track 8000 Hz, output 48000 Hz
11-19 14:52:16.329 24006 24060 V ThreadPool: container(0x0830f8c9: executorEventLoop) added id=9088 TID=0 count=1
11-19 14:52:16.330 24006 24060 V RobotCore: thread: ...terminating 'RobotSetupRunnable.run()'
11-19 14:52:16.332 24006 24274 V RobotCore: thread: 'opmode loop()' starting...
11-19 14:52:16.358 24006 24076 V Robocol : sending CMD_NOTIFY_ROBOT_STATE(411), attempt: 0
11-19 14:52:16.842 24006 24274 V ThreadPool: container(0x009abd27: OpModeStuckCodeMonitor) added id=9089 TID=0 count=1
11-19 14:52:16.843 24006 24274 I RobotCore: Attempting to switch to op mode $Stop$Robot$
11-19 14:52:16.918 24006 24076 V Robocol : sending CMD_NOTIFY_INIT_OP_MODE(421), attempt: 0
11-19 14:52:17.104 24006 24274 I RobotCore: robot battery read duration: n=2, mean=4.410ms sd=1.331ms
11-19 14:52:20.154 24006 24006 I BatteryChecker: percent remaining: 85 is charging: false
11-19 14:52:23.584 24006 24075 V Robocol : received command: CMD_INIT_OP_MODE(10194) $Stop$Robot$
11-19 14:52:23.586 24006 24074 I BatteryChecker: percent remaining: 85 is charging: false
11-19 14:52:23.595 24006 24274 I RobotCore: Attempting to switch to op mode $Stop$Robot$
11-19 14:52:23.678 24006 24076 V Robocol : sending CMD_NOTIFY_INIT_OP_MODE(519), attempt: 0
11-19 14:52:28.299 24006 24006 I BatteryChecker: percent remaining: 85 is charging: false
11-19 14:52:34.983 24006 24075 V Robocol : received command: CMD_INIT_OP_MODE(10387) Relic Recovery TeleOps (Linear)
11-19 14:52:34.995 24006 24074 I BatteryChecker: percent remaining: 85 is charging: false
11-19 14:52:35.005 24006 24274 I RobotCore: Attempting to switch to op mode Relic Recovery TeleOps (Linear)
11-19 14:52:35.006 24006 24274 V AMSColorSensorImpl: internalInitialize()...
11-19 14:52:35.038 24006 24274 V AMSColorSensorImpl: state: 07 f6 ff ff 00 00 00 00 00 00 00 00 00 00 08 61 
11-19 14:52:35.038 24006 24274 V AMSColorSensorImpl: state| 00 01 60 33 20 00 0d 00 0a 
11-19 14:52:35.054 24006 24274 V AMSColorSensorImpl: disable() enabled=0x07...
11-19 14:52:35.088 24006 24274 V AMSColorSensorImpl: ...disable() enabled=0x00
11-19 14:52:35.088 24006 24274 V AMSColorSensorImpl: setIntegrationTime(0xf6)
11-19 14:52:35.099 24006 24274 V AMSColorSensorImpl: setGain(GAIN_4)
11-19 14:52:35.129 24006 24274 V AMSColorSensorImpl: setPDrive(Percent12_5)
11-19 14:52:35.159 24006 24274 V AMSColorSensorImpl: setProximityPulseCount(0x08)
11-19 14:52:35.189 24006 24274 V AMSColorSensorImpl: enable() enabled=0x00...
11-19 14:52:35.238 24006 24274 V AMSColorSensorImpl: ...enable() enabled=0x07
11-19 14:52:35.261 24006 24274 V AMSColorSensorImpl: state: 07 f6 ff ff 00 00 00 00 00 00 00 00 00 00 08 61 
11-19 14:52:35.261 24006 24274 V AMSColorSensorImpl: state| 00 01 60 33 20 00 0d 00 0a 
11-19 14:52:35.261 24006 24274 V AMSColorSensorImpl: ...internalInitialize()
11-19 14:52:35.265 24006 24274 W LynxPwmOutputController: LynxSetPWMEnableCommand not implemented by lynx hw; ignoring
11-19 14:52:35.269 24006 24274 W LynxPwmOutputController: LynxSetPWMConfigurationCommand not implemented by lynx hw; ignoring
11-19 14:52:35.273 24006 24274 W LynxPwmOutputController: LynxSetPWMEnableCommand not implemented by lynx hw; ignoring
11-19 14:52:35.277 24006 24274 W LynxPwmOutputController: LynxSetPWMConfigurationCommand not implemented by lynx hw; ignoring
11-19 14:52:35.281 24006 24274 W LynxPwmOutputController: LynxSetPWMEnableCommand not implemented by lynx hw; ignoring
11-19 14:52:35.285 24006 24274 W LynxPwmOutputController: LynxSetPWMConfigurationCommand not implemented by lynx hw; ignoring
11-19 14:52:35.289 24006 24274 W LynxPwmOutputController: LynxSetPWMEnableCommand not implemented by lynx hw; ignoring
11-19 14:52:35.293 24006 24274 W LynxPwmOutputController: LynxSetPWMConfigurationCommand not implemented by lynx hw; ignoring
11-19 14:52:35.330 24006 24274 W LynxPwmOutputController: LynxSetPWMEnableCommand not implemented by lynx hw; ignoring
11-19 14:52:35.335 24006 24274 W LynxPwmOutputController: LynxSetPWMConfigurationCommand not implemented by lynx hw; ignoring
11-19 14:52:35.340 24006 24274 W LynxPwmOutputController: LynxSetPWMEnableCommand not implemented by lynx hw; ignoring
11-19 14:52:35.345 24006 24274 W LynxPwmOutputController: LynxSetPWMConfigurationCommand not implemented by lynx hw; ignoring
11-19 14:52:35.349 24006 24274 W LynxPwmOutputController: LynxSetPWMEnableCommand not implemented by lynx hw; ignoring
11-19 14:52:35.354 24006 24274 W LynxPwmOutputController: LynxSetPWMConfigurationCommand not implemented by lynx hw; ignoring
11-19 14:52:35.359 24006 24274 W LynxPwmOutputController: LynxSetPWMEnableCommand not implemented by lynx hw; ignoring
11-19 14:52:35.364 24006 24274 W LynxPwmOutputController: LynxSetPWMConfigurationCommand not implemented by lynx hw; ignoring
11-19 14:52:35.676 24006 24274 V ThreadPool: container(0x0fc75885: LinearOpMode) added id=9090 TID=0 count=1
11-19 14:52:35.681 24006 24076 V Robocol : sending CMD_NOTIFY_INIT_OP_MODE(728), attempt: 0
11-19 14:52:35.682 24006 24284 V RobotCore: thread: 'LinearOpMode main' starting...
11-19 14:52:41.464 24006 24075 V Robocol : received command: CMD_RUN_OP_MODE(10489) Relic Recovery TeleOps (Linear)
11-19 14:52:41.466 24006 24074 I BatteryChecker: percent remaining: 85 is charging: false
11-19 14:52:41.479 24006 24076 V Robocol : sending CMD_NOTIFY_RUN_OP_MODE(829), attempt: 0
11-19 14:52:45.098 24006 24265 V ThreadPool: container(0x09344f17: default threadpool) removed id=9081 TID=24265 count=2
11-19 14:52:46.331 24006 24060 V ThreadPool: container(0x09344f17: default threadpool) removed id=9028 TID=24060 count=1
11-19 14:53:28.359 24006 24006 I BatteryChecker: percent remaining: 85 is charging: false
11-19 14:54:28.525 24006 24006 I BatteryChecker: percent remaining: 84 is charging: false
11-19 14:55:19.740 24006 24284 I RobotCore: robot battery read duration: n=10, mean=3.694ms sd=0.612ms
11-19 14:55:20.235 24006 24006 I BatteryChecker: percent remaining: 84 is charging: false
11-19 14:55:24.478 24006 24016 I art     : Background sticky concurrent mark sweep GC freed 325336(10MB) AllocSpace objects, 0(0B) LOS objects, 25% free, 31MB/42MB, paused 2.062ms total 102.588ms
11-19 14:55:28.737 24006 24006 I BatteryChecker: percent remaining: 84 is charging: false
11-19 14:55:28.831 24006 24006 I BatteryChecker: percent remaining: 84 is charging: false
11-19 14:56:16.661 24006 24075 V Robocol : received command: CMD_INIT_OP_MODE(19214) $Stop$Robot$
11-19 14:56:16.663 24006 24074 I BatteryChecker: percent remaining: 84 is charging: false
11-19 14:56:16.673 24006 24274 V ThreadPool: waiting for service user linear op mode
11-19 14:56:16.677 24006 24284 V RobotCore: thread: ...terminating 'LinearOpMode main'
11-19 14:56:16.677 24006 24274 V ThreadPool: awaitTermination returned, isTerminated=true
11-19 14:56:16.677 24006 24274 V ThreadPool: executive service user linear op mode(0x0fc75885) is terminated
11-19 14:56:16.677 24006 24274 I RobotCore: Attempting to switch to op mode $Stop$Robot$
11-19 14:56:16.678 24006 24284 V ThreadPool: container(0x0fc75885: LinearOpMode) removed id=9090 TID=24284 count=1
11-19 14:56:16.716 24006 24076 V Robocol : sending CMD_NOTIFY_INIT_OP_MODE(9709), attempt: 0
11-19 14:56:16.744 24006 24075 V Robocol : received command: CMD_RUN_OP_MODE(19221) $Stop$Robot$
11-19 14:56:16.746 24006 24074 I BatteryChecker: percent remaining: 84 is charging: false
11-19 14:56:16.757 24006 24076 V Robocol : sending CMD_NOTIFY_RUN_OP_MODE(9714), attempt: 0
11-19 14:56:20.048 24006 24075 V Robocol : received command: CMD_INIT_OP_MODE(19265) Relic Recovery TeleOps (Linear)
11-19 14:56:20.052 24006 24074 I BatteryChecker: percent remaining: 84 is charging: false
11-19 14:56:20.061 24006 24274 I RobotCore: Attempting to switch to op mode Relic Recovery TeleOps (Linear)
11-19 14:56:20.061 24006 24274 V AMSColorSensorImpl: internalInitialize()...
11-19 14:56:20.093 24006 24274 V AMSColorSensorImpl: state: 07 f6 ff ff 00 00 00 00 00 00 00 00 00 00 08 61 
11-19 14:56:20.094 24006 24274 V AMSColorSensorImpl: state| 00 01 60 33 14 00 07 00 07 
11-19 14:56:20.110 24006 24274 V AMSColorSensorImpl: disable() enabled=0x07...
11-19 14:56:20.145 24006 24274 V AMSColorSensorImpl: ...disable() enabled=0x00
11-19 14:56:20.145 24006 24274 V AMSColorSensorImpl: setIntegrationTime(0xf6)
11-19 14:56:20.158 24006 24274 V AMSColorSensorImpl: setGain(GAIN_4)
11-19 14:56:20.187 24006 24274 V AMSColorSensorImpl: setPDrive(Percent12_5)
11-19 14:56:20.216 24006 24274 V AMSColorSensorImpl: setProximityPulseCount(0x08)
11-19 14:56:20.243 24006 24274 V AMSColorSensorImpl: enable() enabled=0x00...
11-19 14:56:20.292 24006 24274 V AMSColorSensorImpl: ...enable() enabled=0x07
11-19 14:56:20.308 24006 24274 V AMSColorSensorImpl: state: 07 f6 ff ff 00 00 00 00 00 00 00 00 00 00 08 61 
11-19 14:56:20.309 24006 24274 V AMSColorSensorImpl: state| 00 01 60 33 14 00 07 00 07 
11-19 14:56:20.309 24006 24274 V AMSColorSensorImpl: ...internalInitialize()
11-19 14:56:20.313 24006 24274 W LynxPwmOutputController: LynxSetPWMEnableCommand not implemented by lynx hw; ignoring
11-19 14:56:20.317 24006 24274 W LynxPwmOutputController: LynxSetPWMConfigurationCommand not implemented by lynx hw; ignoring
11-19 14:56:20.321 24006 24274 W LynxPwmOutputController: LynxSetPWMEnableCommand not implemented by lynx hw; ignoring
11-19 14:56:20.325 24006 24274 W LynxPwmOutputController: LynxSetPWMConfigurationCommand not implemented by lynx hw; ignoring
11-19 14:56:20.329 24006 24274 W LynxPwmOutputController: LynxSetPWMEnableCommand not implemented by lynx hw; ignoring
11-19 14:56:20.333 24006 24274 W LynxPwmOutputController: LynxSetPWMConfigurationCommand not implemented by lynx hw; ignoring
11-19 14:56:20.337 24006 24274 W LynxPwmOutputController: LynxSetPWMEnableCommand not implemented by lynx hw; ignoring
11-19 14:56:20.341 24006 24274 W LynxPwmOutputController: LynxSetPWMConfigurationCommand not implemented by lynx hw; ignoring
11-19 14:56:20.377 24006 24274 W LynxPwmOutputController: LynxSetPWMEnableCommand not implemented by lynx hw; ignoring
11-19 14:56:20.383 24006 24274 W LynxPwmOutputController: LynxSetPWMConfigurationCommand not implemented by lynx hw; ignoring
11-19 14:56:20.388 24006 24274 W LynxPwmOutputController: LynxSetPWMEnableCommand not implemented by lynx hw; ignoring
11-19 14:56:20.393 24006 24274 W LynxPwmOutputController: LynxSetPWMConfigurationCommand not implemented by lynx hw; ignoring
11-19 14:56:20.397 24006 24274 W LynxPwmOutputController: LynxSetPWMEnableCommand not implemented by lynx hw; ignoring
11-19 14:56:20.402 24006 24274 W LynxPwmOutputController: LynxSetPWMConfigurationCommand not implemented by lynx hw; ignoring
11-19 14:56:20.407 24006 24274 W LynxPwmOutputController: LynxSetPWMEnableCommand not implemented by lynx hw; ignoring
11-19 14:56:20.412 24006 24274 W LynxPwmOutputController: LynxSetPWMConfigurationCommand not implemented by lynx hw; ignoring
11-19 14:56:20.750 24006 24274 V ThreadPool: container(0x0609670b: LinearOpMode) added id=9091 TID=0 count=1
11-19 14:56:20.755 24006 24369 V RobotCore: thread: 'LinearOpMode main' starting...
11-19 14:56:20.756 24006 24076 V Robocol : sending CMD_NOTIFY_INIT_OP_MODE(9774), attempt: 0
11-19 14:56:25.422 24006 24075 V Robocol : received command: CMD_RUN_OP_MODE(19320) Relic Recovery TeleOps (Linear)
11-19 14:56:25.423 24006 24074 I BatteryChecker: percent remaining: 84 is charging: false
11-19 14:56:25.437 24006 24076 V Robocol : sending CMD_NOTIFY_RUN_OP_MODE(9823), attempt: 0
11-19 14:56:28.899 24006 24006 I BatteryChecker: percent remaining: 84 is charging: false
11-19 14:56:28.989 24006 24006 I BatteryChecker: percent remaining: 84 is charging: false
11-19 14:57:29.029 24006 24006 I BatteryChecker: percent remaining: 84 is charging: false
11-19 14:57:50.061 24006 24075 V EventLoopManager: synthetic gamepad received: id=-2 user=TWO atRest=true 
11-19 14:57:50.423 24006 24075 V EventLoopManager: synthetic gamepad received: id=-2 user=ONE atRest=true 
11-19 14:58:20.237 24006 24006 I BatteryChecker: percent remaining: 84 is charging: false
11-19 14:58:22.039 24006 24369 I RobotCore: robot battery read duration: n=10, mean=7.450ms sd=9.824ms
11-19 14:58:29.224 24006 24006 I BatteryChecker: percent remaining: 84 is charging: false
11-19 14:58:29.311 24006 24006 I BatteryChecker: percent remaining: 84 is charging: false
11-19 14:59:29.378 24006 24006 I BatteryChecker: percent remaining: 84 is charging: false
11-19 14:59:29.471 24006 24006 I BatteryChecker: percent remaining: 84 is charging: false
11-19 14:59:49.198 24006 24006 I BatteryChecker: percent remaining: 84 is charging: false
11-19 15:00:25.322 24006 24016 I art     : Background sticky concurrent mark sweep GC freed 323383(10MB) AllocSpace objects, 0(0B) LOS objects, 25% free, 31MB/42MB, paused 1.849ms total 104.088ms
11-19 15:00:29.581 24006 24075 V Robocol : received command: CMD_INIT_OP_MODE(27821) $Stop$Robot$
11-19 15:00:29.583 24006 24074 I BatteryChecker: percent remaining: 84 is charging: false
11-19 15:00:29.596 24006 24274 V ThreadPool: waiting for service user linear op mode
11-19 15:00:29.599 24006 24369 V RobotCore: thread: ...terminating 'LinearOpMode main'
11-19 15:00:29.599 24006 24274 V ThreadPool: awaitTermination returned, isTerminated=true
11-19 15:00:29.599 24006 24369 V ThreadPool: container(0x0609670b: LinearOpMode) removed id=9091 TID=24369 count=1
11-19 15:00:29.599 24006 24274 V ThreadPool: executive service user linear op mode(0x0609670b) is terminated
11-19 15:00:29.599 24006 24274 I RobotCore: Attempting to switch to op mode $Stop$Robot$
11-19 15:00:29.636 24006 24076 V Robocol : sending CMD_NOTIFY_INIT_OP_MODE(18558), attempt: 0
11-19 15:00:29.641 24006 24006 I BatteryChecker: percent remaining: 84 is charging: false
11-19 15:00:29.661 24006 24075 V Robocol : received command: CMD_RUN_OP_MODE(27828) $Stop$Robot$
11-19 15:00:29.663 24006 24074 I BatteryChecker: percent remaining: 84 is charging: false
11-19 15:00:29.676 24006 24076 V Robocol : sending CMD_NOTIFY_RUN_OP_MODE(18566), attempt: 0
11-19 15:00:32.383 24006 24075 V EventLoopManager: synthetic gamepad received: id=-2 user=TWO atRest=true 
11-19 15:00:32.425 24006 24075 V EventLoopManager: synthetic gamepad received: id=-2 user=ONE atRest=true 
11-19 15:01:00.729 24006 24266 E BulkPacketInWorker: DQ143RN2: bulkTransfer() error: -1
11-19 15:01:00.732 24006 24006 V FtDeviceManager: ACTION_USB_DEVICE_DETACHED: /dev/bus/usb/001/002
11-19 15:01:00.732 24006 24006 V FtDevice: vv********************DQ143RN2 closing********************vv 0x0df98430
11-19 15:01:00.732 24006 24006 V FtDevice: DQ143RN2 stopping thread readBufferManager
11-19 15:01:00.732 24006 24274 V RobotCore: event loop: device has shutdown abnormally: ABNORMAL
11-19 15:01:00.732 24006 24274 V EventLoopManager: event loop: detaching device DQ143RN2
11-19 15:01:00.733 24006 24274 I FtcEventLoop: vv===== MODULE DETACH RECOVERY: disarm REV Robotics USB Expansion Hub Portal [DQ143RN2]=====vv
11-19 15:01:00.733 24006 24267 V FtDevice: DQ143RN2 thread readBufferManager is stopped
11-19 15:01:00.733 24006 24274 V LynxUsb : disarmDevice() serial=DQ143RN2...
11-19 15:01:00.731 24270 24270 W com.qualcomm.ftcrobotcontroller: type=1400 audit(0.0:176368): avc: denied { search } for uid=10133 comm=6C796E7820696E636F6D696E672064 name="usb" dev="tmpfs" ino=7067 scontext=u:r:untrusted_app:s0:c512,c768 tcontext=u:object_r:usb_device:s0 tclass=dir permissive=0
11-19 15:01:00.733 24006 24006 V FtDevice: DQ143RN2 stopping thread bulkPacketInWorker
11-19 15:01:00.733 24006 24266 V FtDevice: DQ143RN2 thread bulkPacketInWorker is stopped
11-19 15:01:00.734 24006 24006 V MonitoredUsbDeviceConnection: closing UsbDeviceConnection(DQ143RN2)
11-19 15:01:00.734 24006 24006 D UsbDeviceConnectionJNI: close
11-19 15:01:00.734 24006 24270 V LynxUsb : device closed in incoming datagram loop
11-19 15:01:00.734 24006 24006 V FtDevice: ^^********************DQ143RN2 closed ********************^^
11-19 15:01:00.734 24006 24268 V ThreadPool: container(0x056c04c3: WatchdogMonitor) removed id=9084 TID=24268 count=1
11-19 15:01:00.735 24006 24274 V LynxUsb : shutting down incoming datagrams
11-19 15:01:00.735 24006 24274 V ThreadPool: waiting for service Lynx incoming datagram poller
11-19 15:01:00.735 24006 24270 V RobotUsbDeviceFtdi: closing DQ143RN2
11-19 15:01:00.735 24006 24270 V RobotCore: thread: ...terminating 'lynx incoming datagrams'
11-19 15:01:00.735 24006 24274 V ThreadPool: awaitTermination returned, isTerminated=true
11-19 15:01:00.735 24006 24270 V ThreadPool: container(0x016d5879: lynx dg poller) removed id=9085 TID=24270 count=1
11-19 15:01:00.736 24006 24274 V ThreadPool: executive service Lynx incoming datagram poller(0x016d5879) is terminated
11-19 15:01:00.736 24006 24274 V RobotUsbDeviceFtdi: closing DQ143RN2
11-19 15:01:00.736 24006 24274 V LynxUsb : ...done disarmDevice()
11-19 15:01:00.736 24006 24274 I FtcEventLoop: ======= MODULE DETACH RECOVERY: pretend REV Robotics USB Expansion Hub Portal [DQ143RN2]=======
11-19 15:01:00.737 24006 24274 V LynxUsb : doPretend() serial=DQ143RN2
11-19 15:01:00.737 24006 24274 I FtcEventLoop: ^^===== MODULE DETACH RECOVERY: complete REV Robotics USB Expansion Hub Portal [DQ143RN2]=====^^
11-19 15:01:00.738 24006 24274 D RobotCore: system telemetry: key=$System$Warning$ msg="REV Robotics USB Expansion Hub Portal [DQ143RN2] detached"
11-19 15:01:00.931 24006 24006 I BatteryChecker: percent remaining: 84 is charging: false
11-19 15:01:18.827 24006 24006 I BatteryChecker: percent remaining: 84 is charging: false
11-19 15:01:18.971 24006 24006 I BatteryChecker: percent remaining: 84 is charging: false
11-19 15:01:18.986 24006 24006 I BatteryChecker: percent remaining: 84 is charging: false
11-19 15:01:19.062 24006 24006 I BatteryChecker: percent remaining: 84 is charging: true
11-19 15:01:19.117 24006 24006 I BatteryChecker: percent remaining: 84 is charging: true
11-19 15:01:19.182 24006 24006 I BatteryChecker: percent remaining: 84 is charging: true
11-19 15:01:20.239 24006 24006 I BatteryChecker: percent remaining: 84 is charging: true
11-19 15:01:21.096 24006 24006 V RCActivity: onPause()
11-19 15:01:21.103 24006 24006 V RCActivity: onStop()
11-19 15:01:21.133 24006 24006 V OnBotJavaService: onTrimMemory()
11-19 15:01:21.133 24006 24006 V MTPMonitorService: onTrimMemory()
11-19 15:01:21.958 24006 24006 V AppUtil : rootActivity=FtcRobotControllerActivity destroyed
11-19 15:01:21.959 24006 24006 V RCActivity: onDestroy()
11-19 15:01:21.959 24006 24006 V Robocol : EventLoopManager.shutdown()
11-19 15:01:21.959 24006 24006 V ThreadPool: waiting for service EventLoop
11-19 15:01:21.959 24006 24274 V RobotCore: EventLoopRunnable interrupted
11-19 15:01:21.959 24006 24274 V RobotCore: EventLoopManager state is STOPPED
11-19 15:01:21.959 24006 24274 V RobotCore: Robot Status: stopped
11-19 15:01:21.959 24006 24274 I FtcEventLoop: ======= TEARDOWN =======
11-19 15:01:21.961 24006 24275 V ThreadPool: container(0x009abd27: OpModeStuckCodeMonitor) removed id=9089 TID=24275 count=1
11-19 15:01:21.961 24006 24274 V LynxMotor: disengage mod#=2
11-19 15:01:21.962 24006 24274 V LynxMotor: disengage mod#=3
