11-19 14:51:44.485 24006 24006 D WifiDirect: cannot create group, does group already exist?
11-19 14:51:44.487 24006 24060 V OpmodeRegistration: registered {RelicRecoveryAutoBlue2} as {Auto Blue 2}
11-19 14:51:44.488 24006 24060 V OpmodeRegistration: registered {SensorMRRangeColorSensor} as {Sensor: MR range & Color sensor}
11-19 14:51:44.488 24006 24060 V OpmodeRegistration: registered {RelicRecoveryTeleOpsLinear} as {Relic Recovery TeleOps (Linear)}
11-19 14:51:44.489 24006 24060 V OpmodeRegistration: registered {RelicRecoveryAutoRed1} as {Auto Red 1}
11-19 14:51:44.490 24006 24060 V OpmodeRegistration: registered {SensorTest} as {Sensor Test}
11-19 14:51:44.491 24006 24060 V OpmodeRegistration: registered {RelicRecoveryAutoBlue1} as {Auto Blue 1}
11-19 14:51:44.491 24006 24060 V OpmodeRegistration: registered {RelicRecoveryAutoRed2} as {Auto Red 2}
11-19 14:51:44.492 24006 24060 V OpmodeRegistration: registered {SensorREVColorDistance} as {Sensor: REVColorDistance}
11-19 14:51:44.493 24006 24060 V OpmodeRegistration: registered {RelicRecoveryAutoTest} as {Auto Test}
11-19 14:51:44.512 24006 24072 D Robocol : RobocolDatagramSocket listening addr=/192.168.49.1:20884 cbRec=65520 cbSend=163840 msRecTO=300
11-19 14:51:44.513 24006 24072 V Robocol : RecvLoopRunnable created
11-19 14:51:44.514 24006 24072 V PeerDiscovery: Starting peer discovery
11-19 14:51:44.514 24006 24072 V PeerDiscovery: No need for peer discovery, we are the peer discovery device
11-19 14:51:44.514 24006 24072 V RobotCore: Setup complete
11-19 14:51:44.514 24006 24072 V RobotCore: thread: ...terminating 'SetupRunnable.run()'
11-19 14:51:44.514 24006 24075 V RobotCore: thread: 'RecvLoopRunnable.run()' starting...
11-19 14:51:44.516 24006 24075 D RobotCore: system telemetry: key=$System$None$ msg=""
11-19 14:51:44.517 24006 24075 V PeerDiscovery: new remote peer discovered: 192.168.49.84
11-19 14:51:44.517 24006 24075 D Robocol : RobocolDatagramSocket connected to /192.168.49.84:20884
11-19 14:51:44.518 24006 24075 V NetworkConnectionHandler: starting sending loop
11-19 14:51:44.518 24006 24075 V Robocol : SendOnceRunnable created
11-19 14:51:44.540 24006 24075 V NetDiscover_prefremrc: sendAllPreferences()
11-19 14:51:44.540 24006 24075 V NetDiscover_prefremrc: sending RC pref name=pref_wifip2p_remote_channel_change_works value=true
11-19 14:51:44.544 24006 24075 V NetDiscover_prefremrc: sending RC pref name=pref_device_name value=12611-RC
11-19 14:51:44.544 24006 24075 V NetDiscover_prefremrc: sending RC pref name=pref_has_independent_phone_battery value=true
11-19 14:51:44.545 24006 24075 V NetDiscover_prefremrc: sending RC pref name=pref_app_theme value=teal
11-19 14:51:44.545 24006 24075 V NetDiscover_prefremrc: sending RC pref name=pref_sound_on_off value=false
11-19 14:51:44.554 24006 24075 V ThreadPool: container(0x02057edf: SoundPlayer) added id=9039 TID=0 count=1
11-19 14:51:44.555 24006 24075 V ThreadPool: container(0x02057edf: SoundPlayer) added id=9040 TID=0 count=2
11-19 14:51:44.558 24006 24076 V Robocol : sending CMD_NOTIFY_USER_DEVICE_LIST(13), attempt: 0
11-19 14:51:44.559 24006 24075 V RobotCore: Network: active, connected
11-19 14:51:44.559 24006 24076 V Robocol : sending CMD_ROBOT_CONTROLLER_PREFERENCE(14), attempt: 0
11-19 14:51:44.559 24006 24076 V Robocol : sending CMD_ROBOT_CONTROLLER_PREFERENCE(15), attempt: 0
11-19 14:51:44.560 24006 24076 V Robocol : sending CMD_ROBOT_CONTROLLER_PREFERENCE(16), attempt: 0
11-19 14:51:44.560 24006 24076 V Robocol : sending CMD_ROBOT_CONTROLLER_PREFERENCE(17), attempt: 0
11-19 14:51:44.560 24006 24076 V Robocol : sending CMD_ROBOT_CONTROLLER_PREFERENCE(18), attempt: 0
11-19 14:51:44.565 24006 24060 V HardwareFactory: createHardwareMap()
11-19 14:51:44.566 24006 24060 V WifiDirectInviteMonitor: clearUILynxModule()
11-19 14:51:44.567 24006 24006 I BatteryChecker: percent remaining: 85 is charging: false
11-19 14:51:44.581 24006 24060 V ReadXMLFileHandler: handleLynxModule() mod#=2...
11-19 14:51:44.581 24006 24060 V ConfigurationUtility: buildEmptyLynxModule() mod#=2...
11-19 14:51:44.581 24006 24060 V ConfigurationUtility: ...buildEmptyLynxModule() mod#=2
11-19 14:51:44.582 24006 24060 V ReadXMLFileHandler: ...handleLynxModule() mod#=2
11-19 14:51:44.582 24006 24060 V ReadXMLFileHandler: handleLynxModule() mod#=3...
11-19 14:51:44.582 24006 24060 V ConfigurationUtility: buildEmptyLynxModule() mod#=3...
11-19 14:51:44.583 24006 24060 V ConfigurationUtility: ...buildEmptyLynxModule() mod#=3
11-19 14:51:44.583 24006 24060 V ReadXMLFileHandler: ...handleLynxModule() mod#=3
11-19 14:51:44.584 24006 24060 V RobotCore: Creating REV Robotics USB Expansion Hub Portal [DQ143RN2]
11-19 14:51:44.585 24006 24060 V LynxUsb : creating new [DQ143RN2]: 0x02d72fc4
11-19 14:51:44.590 24006 24016 I art     : Background sticky concurrent mark sweep GC freed 40907(2MB) AllocSpace objects, 0(0B) LOS objects, 8% free, 22MB/24MB, paused 6.865ms total 38.403ms
11-19 14:51:44.592 24006 24006 D MediaPlayer: setSubtitleAnchor in MediaPlayer
11-19 14:51:44.592 24006 24080 D MediaPlayer: setSubtitleAnchor in MediaPlayer
11-19 14:51:44.594 24006 24075 V Robocol : received command: CMD_REQUEST_UI_STATE(10002) 
11-19 14:51:44.594 24006 24060 V ThreadPool: container(0x0bc53ead: WatchdogMonitor) added id=9042 TID=0 count=1
11-19 14:51:44.598 24006 24076 V Robocol : sending CMD_NOTIFY_USER_DEVICE_LIST(12), attempt: 0
11-19 14:51:44.599 24006 24076 V Robocol : sending CMD_NOTIFY_OP_MODE_LIST(20), attempt: 0
11-19 14:51:44.605 24006 24060 V FtDevice: initialize(vid=0x0403 pid=0x6015 bcdDevice=0x1000)
11-19 14:51:44.605 24006 24060 V MonitoredUsbDeviceConnection: closing UsbDeviceConnection(DQ143RN2)
11-19 14:51:44.605 24006 24060 D UsbDeviceConnectionJNI: close
11-19 14:51:44.605 24006 24060 V MonitoredUsbDeviceConnection: closing UsbDeviceConnection(DQ143RN2)
11-19 14:51:44.605 24006 24060 D UsbDeviceConnectionJNI: close
11-19 14:51:44.606 24006 24060 V FtDeviceManager: createDeviceInfoList(): 1 USB devices
11-19 14:51:44.606 24006 24084 V ThreadPool: container(0x0bc53ead: WatchdogMonitor) removed id=9042 TID=24084 count=1
11-19 14:51:44.610 24006 24060 V FtDevice: vv********************DQ143RN2 opening********************vv 0x0df98430
11-19 14:51:44.612 24006 24060 V FtDevice: ^^********************DQ143RN2 opened ********************^^
11-19 14:51:44.612 24006 24060 V FtDevice: resetting DQ143RN2
11-19 14:51:44.612 24006 24060 V ThreadPool: container(0x02f0dd73: WatchdogMonitor) added id=9045 TID=0 count=1
11-19 14:51:44.617 24006 24060 V LynxUsb : armDevice() serial=DQ143RN2...
11-19 14:51:44.617 24006 24060 V LynxModule: resetDevice() serial=DQ143RN2
11-19 14:51:44.642 24006 24078 D ExtendedUtils: extended extractor not needed, return default
11-19 14:51:44.642 24006 24078 I MediaCodec: (0xb7f533a8) init name(audio/raw) isType(1) encoder(0)
11-19 14:51:44.643 24006 24088 I OMXClient: Using client-side OMX mux.
11-19 14:51:44.646 24006 24088 E OMXMaster: A component of name 'OMX.qcom.audio.decoder.aac' already exists, ignoring this one.
11-19 14:51:44.649 24006 24088 I MediaCodec: (0xb7f533a8) Component Allocated (OMX.google.raw.decoder)
11-19 14:51:44.649 24006 24078 I MediaCodec: (0xb7f533a8) configure surface(0x0) crypto(0x0) flags(0)
11-19 14:51:44.649 24006 24078 D MediaCodec: (0xb7f533a8) configure format: AMessage(what = 0x00000000) = {
11-19 14:51:44.649 24006 24078 D MediaCodec:    string mime = "audio/raw"
11-19 14:51:44.649 24006 24078 D MediaCodec:    int64_t durationUs = 485011
11-19 14:51:44.649 24006 24078 D MediaCodec:    int32_t channel-count = 2
11-19 14:51:44.649 24006 24078 D MediaCodec:    int32_t sample-rate = 44100
11-19 14:51:44.649 24006 24078 D MediaCodec:    int32_t channel-mask = 0
11-19 14:51:44.649 24006 24078 D MediaCodec:  }
11-19 14:51:44.651 24006 24078 I MediaCodec: (0xb7f533a8) start
11-19 14:51:44.651 24006 24088 I MediaCodec: (0xb7f533a8) input buffers allocated
11-19 14:51:44.651 24006 24088 I MediaCodec: (0xb7f533a8) numBuffers (4)
11-19 14:51:44.651 24006 24088 I MediaCodec: (0xb7f533a8) output buffers allocated
11-19 14:51:44.651 24006 24088 I MediaCodec: (0xb7f533a8) numBuffers (4)
11-19 14:51:44.653 24006 24088 I MediaCodec: (0xb7f533a8) codec output format changed
11-19 14:51:44.653 24006 24088 D MediaCodec: (0xb7f533a8) output format: AMessage(what = 'codc', target = 2) = {
11-19 14:51:44.653 24006 24088 D MediaCodec:    string mime = "audio/raw"
11-19 14:51:44.653 24006 24088 D MediaCodec:    int32_t channel-count = 2
11-19 14:51:44.653 24006 24088 D MediaCodec:    int32_t sample-rate = 44100
11-19 14:51:44.653 24006 24088 D MediaCodec:    int32_t channel-mask = 0
11-19 14:51:44.653 24006 24088 D MediaCodec:    int32_t what = 1869968451
11-19 14:51:44.653 24006 24088 D MediaCodec:  }
11-19 14:51:44.659 24006 24078 I MediaCodec: (0xb7f533a8) stop
11-19 14:51:44.661 24006 24078 I MediaCodec: (0xb7f533a8) release
11-19 14:51:44.666 24006 24080 W AudioTrack: AUDIO_OUTPUT_FLAG_FAST denied by client; transfer 4, track 44100 Hz, output 48000 Hz
11-19 14:51:44.974 24006 24060 V ThreadPool: container(0x0f182e2e: lynx dg poller) added id=9048 TID=0 count=1
11-19 14:51:44.974 24006 24060 V LynxUsb : ...done armDevice()
11-19 14:51:44.975 24006 24060 V LynxUsb : 0x05aab35c on 0x02d72fc4: new delegate to [DQ143RN2]
11-19 14:51:44.975 24006 24060 V RobotCore: Creating Lynx Module - mod=2 parent=false
11-19 14:51:44.975 24006 24093 V RobotCore: thread: 'lynx incoming datagrams' starting...
11-19 14:51:44.979 24006 24060 V RobotCore: Creating Lynx Module - mod=3 parent=true
11-19 14:51:44.981 24006 24060 V LynxUsb : addConfiguredModule() module#=3
11-19 14:51:44.981 24006 24060 V LynxModule: pingAndQueryKnownInterfaces mod=3
11-19 14:51:44.983 24006 24060 V ThreadPool: container(0x0f2bd506: lynx module executor) added id=9049 TID=0 count=1
11-19 14:51:44.985 24006 24093 V LynxUsb : synchronization gained: serial=DQ143RN2
11-19 14:51:44.999 24006 24060 V LynxModule: queryInterface(DEKA)=49 commands
11-19 14:51:45.005 24006 24060 V LynxModule: mod#=3 intf=DEKA: expected 53 commands; found 49
11-19 14:51:45.008 24006 24060 V LynxModule: sendLEDPatternSteps(): #steps=8
11-19 14:51:45.018 24006 24060 V LynxUsb : addConfiguredModule() module#=2
11-19 14:51:45.018 24006 24060 V LynxModule: pingAndQueryKnownInterfaces mod=2
11-19 14:51:45.020 24006 24060 V ThreadPool: container(0x01dda948: lynx module executor) added id=9050 TID=0 count=1
11-19 14:51:45.024 24006 24094 V LynxModule: received status: LynxGetModuleStatusResponse(status=0x02 alerts=0x00: Reset)
11-19 14:51:45.031 24006 24060 V LynxModule: queryInterface(DEKA)=49 commands
11-19 14:51:45.035 24006 24060 V LynxModule: mod#=2 intf=DEKA: expected 53 commands; found 49
11-19 14:51:45.040 24006 24060 V LynxModule: sendLEDPatternSteps(): #steps=6
11-19 14:51:45.043 24006 24095 V LynxModule: received status: LynxGetModuleStatusResponse(status=0x05 alerts=0x00: KeepAliveTimeout|FailSafe)
11-19 14:51:45.043 24006 24095 V LynxModule: resendCurrentPattern()
11-19 14:51:45.043 24006 24095 V LynxModule: sendLEDPatternSteps(): #steps=6
11-19 14:51:45.061 24006 24060 V LynxMotor: initializeHardware() mod#=2
11-19 14:51:45.204 24006 24060 V RobotCore: DcMotorImpl(type=NeveRest40Gearmotor)
11-19 14:51:45.204 24006 24060 V RobotCore: DcMotorImpl(type=NeveRest20Gearmotor)
11-19 14:51:45.204 24006 24060 V RobotCore: DcMotorImpl(type=NeveRest40Gearmotor)
11-19 14:51:45.206 24006 24060 V LynxServoController: initializeHardware() mod#=2
11-19 14:51:45.258 24006 24060 V LynxVoltageSensor: initializeHardware() mod#=2
11-19 14:51:45.258 24006 24060 V LynxPwmOutputController: initializeHardware() mod#=2
11-19 14:51:45.265 24006 24060 W LynxPwmOutputController: LynxSetPWMEnableCommand not implemented by lynx hw; ignoring
11-19 14:51:45.270 24006 24060 W LynxPwmOutputController: LynxSetPWMConfigurationCommand not implemented by lynx hw; ignoring
11-19 14:51:45.275 24006 24060 W LynxPwmOutputController: LynxSetPWMEnableCommand not implemented by lynx hw; ignoring
11-19 14:51:45.280 24006 24060 W LynxPwmOutputController: LynxSetPWMConfigurationCommand not implemented by lynx hw; ignoring
11-19 14:51:45.285 24006 24060 W LynxPwmOutputController: LynxSetPWMEnableCommand not implemented by lynx hw; ignoring
11-19 14:51:45.291 24006 24060 W LynxPwmOutputController: LynxSetPWMConfigurationCommand not implemented by lynx hw; ignoring
11-19 14:51:45.296 24006 24060 W LynxPwmOutputController: LynxSetPWMEnableCommand not implemented by lynx hw; ignoring
11-19 14:51:45.301 24006 24060 W LynxPwmOutputController: LynxSetPWMConfigurationCommand not implemented by lynx hw; ignoring
11-19 14:51:45.301 24006 24060 V LynxAnalogInputController: initializeHardware() mod#=2
11-19 14:51:45.302 24006 24060 V LynxDigitalChannelController: initializeHardware() mod#=2
11-19 14:51:45.330 24006 24060 V RobotCore: Creating Lynx Color/Range Sensor - mod=2 bus=1
11-19 14:51:45.331 24006 24060 I RobotCore: LynxFirmwareVersionManager: LynxI2cDeviceSynchV1
11-19 14:51:45.331 24006 24060 V LynxI2cDeviceSynch: initializeHardware() mod#=2
11-19 14:51:45.332 24006 24060 V AMSColorSensorImpl: internalInitialize()...
11-19 14:51:45.368 24006 24060 V AMSColorSensorImpl: state: 07 f6 ff ff 00 00 00 00 00 00 00 00 00 00 08 61 
11-19 14:51:45.368 24006 24060 V AMSColorSensorImpl: state| 00 01 60 33 1d 00 0b 00 09 
11-19 14:51:45.384 24006 24060 V AMSColorSensorImpl: disable() enabled=0x07...
11-19 14:51:45.415 24006 24060 V AMSColorSensorImpl: ...disable() enabled=0x00
11-19 14:51:45.416 24006 24060 V AMSColorSensorImpl: setIntegrationTime(0xf6)
11-19 14:51:45.427 24006 24060 V AMSColorSensorImpl: setGain(GAIN_4)
11-19 14:51:45.455 24006 24060 V AMSColorSensorImpl: setPDrive(Percent12_5)
11-19 14:51:45.483 24006 24060 V AMSColorSensorImpl: setProximityPulseCount(0x08)
11-19 14:51:45.514 24006 24060 V AMSColorSensorImpl: enable() enabled=0x00...
11-19 14:51:45.566 24006 24060 V AMSColorSensorImpl: ...enable() enabled=0x07
11-19 14:51:45.584 24006 24060 V AMSColorSensorImpl: state: 07 f6 ff ff 00 00 00 00 00 00 00 00 00 00 08 61 
11-19 14:51:45.584 24006 24060 V AMSColorSensorImpl: state| 00 01 60 33 1d 00 0b 00 0a 
11-19 14:51:45.585 24006 24060 V AMSColorSensorImpl: ...internalInitialize()
11-19 14:51:45.585 24006 24060 V LynxI2cDeviceSynch: engaging mod#=2
11-19 14:51:45.585 24006 24060 V LynxMotor: initializeHardware() mod#=3
11-19 14:51:45.673 24006 24060 V RobotCore: DcMotorImpl(type=NeveRest40Gearmotor)
11-19 14:51:45.673 24006 24060 V RobotCore: DcMotorImpl(type=NeveRest40Gearmotor)
11-19 14:51:45.673 24006 24060 V RobotCore: DcMotorImpl(type=NeveRest40Gearmotor)
11-19 14:51:45.673 24006 24060 V RobotCore: DcMotorImpl(type=NeveRest40Gearmotor)
11-19 14:51:45.674 24006 24060 V LynxServoController: initializeHardware() mod#=3
11-19 14:51:45.711 24006 24060 V LynxVoltageSensor: initializeHardware() mod#=3
11-19 14:51:45.712 24006 24060 V LynxPwmOutputController: initializeHardware() mod#=3
11-19 14:51:45.716 24006 24060 W LynxPwmOutputController: LynxSetPWMEnableCommand not implemented by lynx hw; ignoring
11-19 14:51:45.720 24006 24060 W LynxPwmOutputController: LynxSetPWMConfigurationCommand not implemented by lynx hw; ignoring
11-19 14:51:45.724 24006 24060 W LynxPwmOutputController: LynxSetPWMEnableCommand not implemented by lynx hw; ignoring
11-19 14:51:45.729 24006 24060 W LynxPwmOutputController: LynxSetPWMConfigurationCommand not implemented by lynx hw; ignoring
11-19 14:51:45.733 24006 24060 W LynxPwmOutputController: LynxSetPWMEnableCommand not implemented by lynx hw; ignoring
11-19 14:51:45.738 24006 24060 W LynxPwmOutputController: LynxSetPWMConfigurationCommand not implemented by lynx hw; ignoring
11-19 14:51:45.743 24006 24060 W LynxPwmOutputController: LynxSetPWMEnableCommand not implemented by lynx hw; ignoring
11-19 14:51:45.746 24006 24060 W LynxPwmOutputController: LynxSetPWMConfigurationCommand not implemented by lynx hw; ignoring
11-19 14:51:45.746 24006 24060 V LynxAnalogInputController: initializeHardware() mod#=3
11-19 14:51:45.746 24006 24060 V RobotCore: Creating Analog Input Device - Port: 1
11-19 14:51:45.747 24006 24060 V LynxDigitalChannelController: initializeHardware() mod#=3
11-19 14:51:45.773 24006 24060 V RobotCore: Creating user sensor REV Expansion Hub IMU - on Lynx module=3 bus=0
11-19 14:51:45.774 24006 24060 V RobotCore: Creating I2cDeviceSynch (Lynx) - mod=3 bus=0
11-19 14:51:45.774 24006 24060 I RobotCore: LynxFirmwareVersionManager: LynxI2cDeviceSynchV1
11-19 14:51:45.775 24006 24060 V LynxI2cDeviceSynch: initializeHardware() mod#=3
11-19 14:51:45.779 24006 24060 V RobotCore: Creating user sensor MR Range Sensor - on Lynx module=3 bus=1
11-19 14:51:45.779 24006 24060 V RobotCore: Creating I2cDeviceSynch (Lynx) - mod=3 bus=1
11-19 14:51:45.779 24006 24060 I RobotCore: LynxFirmwareVersionManager: LynxI2cDeviceSynchV1
11-19 14:51:45.779 24006 24060 V LynxI2cDeviceSynch: initializeHardware() mod#=3
11-19 14:51:45.780 24006 24060 V RobotCore: Creating user sensor MR Range Sensor - on Lynx module=3 bus=2
11-19 14:51:45.781 24006 24060 V RobotCore: Creating I2cDeviceSynch (Lynx) - mod=3 bus=2
11-19 14:51:45.781 24006 24060 I RobotCore: LynxFirmwareVersionManager: LynxI2cDeviceSynchV1
11-19 14:51:45.781 24006 24060 V LynxI2cDeviceSynch: initializeHardware() mod#=3
11-19 14:51:45.781 24006 24060 I RobotCore: ========= Device Information ===================================================
11-19 14:51:45.781 24006 24060 I RobotCore: Type                                               Name                           Connection
11-19 14:51:45.782 24006 24060 I RobotCore: Motor                                              rr                             USB DQ143RN2; module 3; port 3
11-19 14:51:45.782 24006 24060 I RobotCore: Servo                                              relicElbow                     USB DQ143RN2; module 3; port 2
11-19 14:51:45.782 24006 24060 I RobotCore: Motor                                              glyphLift                      USB DQ143RN2; module 2; port 0
11-19 14:51:45.783 24006 24060 I RobotCore: Servo                                              relicClaw                      USB DQ143RN2; module 3; port 1
11-19 14:51:45.783 24006 24060 I RobotCore: Servo                                              lowerRightGripper              USB DQ143RN2; module 2; port 3
11-19 14:51:45.783 24006 24060 I RobotCore: Motor                                              lr                             USB DQ143RN2; module 3; port 2
11-19 14:51:45.783 24006 24060 I RobotCore: REV Robotics USB Expansion Hub Portal              Expansion Hub Portal 1         USB DQ143RN2
11-19 14:51:45.783 24006 24060 I RobotCore: Servo                                              longArm                        USB DQ143RN2; module 2; port 5
11-19 14:51:45.784 24006 24060 I RobotCore: Servo                                              glyphLiftStopper               USB DQ143RN2; module 3; port 5
11-19 14:51:45.784 24006 24060 I RobotCore: Analog Input                                       range                          USB DQ143RN2; module 3; analog port 1
11-19 14:51:45.784 24006 24060 I RobotCore: Motor                                              led                            USB DQ143RN2; module 2; port 3
11-19 14:51:45.784 24006 24060 I RobotCore: Servo                                              upperLeftGripper               USB DQ143RN2; module 2; port 0
11-19 14:51:45.796 24006 24060 I RobotCore: Modern Robotics Range Sensor v1.2                  x2Range                        USB DQ143RN2; module 3; bus 2; addr7=0x14
11-19 14:51:45.797 24006 24060 I RobotCore: Expansion Hub DC Motor Controller                  Expansion Hub 3                USB DQ143RN2; module 3
11-19 14:51:45.797 24006 24060 I RobotCore: Expansion Hub Servo Controller                     Expansion Hub 3                USB DQ143RN2; module 3
11-19 14:51:45.797 24006 24060 I RobotCore: Expansion Hub Voltage Sensor                       Expansion Hub 3                USB DQ143RN2; module 3
11-19 14:51:45.797 24006 24060 I RobotCore: Expansion Hub Pwm Controller                       Expansion Hub 3                USB DQ143RN2; module 3
11-19 14:51:45.798 24006 24060 I RobotCore: Expansion Hub Analog Input Controller              Expansion Hub 3                USB DQ143RN2; module 3
11-19 14:51:45.798 24006 24060 I RobotCore: Expansion Hub Digital Channel Controller           Expansion Hub 3                USB DQ143RN2; module 3
11-19 14:51:45.801 24006 24060 I RobotCore: Expansion Hub (HW: 20, Maj: 1, Min: 7, Eng: 0)     Expansion Hub 3                USB DQ143RN2; module 3
11-19 14:51:45.801 24006 24060 I RobotCore: Expansion Hub DC Motor Controller                  Expansion Hub 2                USB DQ143RN2; module 2
11-19 14:51:45.801 24006 24060 I RobotCore: Expansion Hub Servo Controller                     Expansion Hub 2                USB DQ143RN2; module 2
11-19 14:51:45.801 24006 24060 I RobotCore: Expansion Hub Voltage Sensor                       Expansion Hub 2                USB DQ143RN2; module 2
11-19 14:51:45.802 24006 24060 I RobotCore: Expansion Hub Pwm Controller                       Expansion Hub 2                USB DQ143RN2; module 2
11-19 14:51:45.802 24006 24060 I RobotCore: Expansion Hub Analog Input Controller              Expansion Hub 2                USB DQ143RN2; module 2
11-19 14:51:45.802 24006 24060 I RobotCore: Expansion Hub Digital Channel Controller           Expansion Hub 2                USB DQ143RN2; module 2
11-19 14:51:45.808 24006 24060 I RobotCore: Expansion Hub (HW: 20, Maj: 1, Min: 7, Eng: 0)     Expansion Hub 2                USB DQ143RN2; module 2
11-19 14:51:45.808 24006 24060 I RobotCore: REV Expansion Hub IMU                              imu                            USB DQ143RN2; module 3; bus 0; addr7=0x00
11-19 14:51:45.808 24006 24060 I RobotCore: Servo                                              upperRightGripper              USB DQ143RN2; module 2; port 1
11-19 14:51:45.808 24006 24060 I RobotCore: Servo                                              shortArm                       USB DQ143RN2; module 2; port 4
11-19 14:51:45.808 24006 24060 I RobotCore: Servo                                              relicClawholder                USB DQ143RN2; module 3; port 4
11-19 14:51:45.809 24006 24060 I RobotCore: Servo                                              lowerLeftGripper               USB DQ143RN2; module 2; port 2
11-19 14:51:45.809 24006 24060 I RobotCore: Motor                                              relicSlider                    USB DQ143RN2; module 2; port 1
11-19 14:51:45.809 24006 24060 I RobotCore: Motor                                              rf                             USB DQ143RN2; module 3; port 1
11-19 14:51:45.809 24006 24060 I RobotCore: Servo                                              glyphHolder                    USB DQ143RN2; module 3; port 0
11-19 14:51:45.809 24006 24060 I RobotCore: REV Color/Range Sensor                             jewelColor                     USB DQ143RN2; module 2; bus 1; addr7=0x39
11-19 14:51:45.809 24006 24060 I RobotCore: Motor                                              lf                             USB DQ143RN2; module 3; port 0
11-19 14:51:45.820 24006 24060 I RobotCore: Modern Robotics Range Sensor v1.2                  x1Range                        USB DQ143RN2; module 3; bus 1; addr7=0x14
11-19 14:51:45.820 24006 24060 I FtcEventLoop: ======= INIT FINISH =======
11-19 14:51:45.820 24006 24060 V RobotCore: EventLoopManager state is RUNNING
11-19 14:51:45.821 24006 24060 V RobotCore: Robot Status: running, starting robot
11-19 14:51:45.821 24006 24060 V RobotCore: Robot Status: running
11-19 14:51:45.822 24006 24060 V ThreadPool: container(0x0e4e03ae: executorEventLoop) added id=9051 TID=0 count=1
11-19 14:51:45.822 24006 24074 I BatteryChecker: percent remaining: 85 is charging: false
11-19 14:51:45.823 24006 24060 V RobotCore: thread: ...terminating 'RobotSetupRunnable.run()'
11-19 14:51:45.824 24006 24097 V RobotCore: thread: 'opmode loop()' starting...
11-19 14:51:45.838 24006 24080 D MediaPlayer: setSubtitleAnchor in MediaPlayer
11-19 14:51:45.838 24006 24076 V Robocol : sending CMD_NOTIFY_ROBOT_STATE(43), attempt: 0
11-19 14:51:45.839 24006 24076 V Robocol : sending CMD_NOTIFY_ACTIVE_CONFIGURATION(46), attempt: 0
11-19 14:51:45.839 24006 24006 D MediaPlayer: setSubtitleAnchor in MediaPlayer
11-19 14:51:45.851 24006 24078 D ExtendedUtils: extended extractor not needed, return default
11-19 14:51:45.852 24006 24078 I MediaCodec: (0xb7db34d8) init name(audio/raw) isType(1) encoder(0)
11-19 14:51:45.854 24006 24101 I OMXClient: Using client-side OMX mux.
11-19 14:51:45.858 24006 24101 E OMXMaster: A component of name 'OMX.qcom.audio.decoder.aac' already exists, ignoring this one.
11-19 14:51:45.860 24006 24101 I MediaCodec: (0xb7db34d8) Component Allocated (OMX.google.raw.decoder)
11-19 14:51:45.860 24006 24078 I MediaCodec: (0xb7db34d8) configure surface(0x0) crypto(0x0) flags(0)
11-19 14:51:45.860 24006 24078 D MediaCodec: (0xb7db34d8) configure format: AMessage(what = 0x00000000) = {
11-19 14:51:45.860 24006 24078 D MediaCodec:    string mime = "audio/raw"
11-19 14:51:45.860 24006 24078 D MediaCodec:    int64_t durationUs = 1019125
11-19 14:51:45.860 24006 24078 D MediaCodec:    int32_t channel-count = 1
11-19 14:51:45.860 24006 24078 D MediaCodec:    int32_t sample-rate = 8000
11-19 14:51:45.860 24006 24078 D MediaCodec:    int32_t channel-mask = 0
11-19 14:51:45.860 24006 24078 D MediaCodec:  }
11-19 14:51:45.861 24006 24078 I MediaCodec: (0xb7db34d8) start
11-19 14:51:45.862 24006 24101 I MediaCodec: (0xb7db34d8) input buffers allocated
11-19 14:51:45.862 24006 24101 I MediaCodec: (0xb7db34d8) numBuffers (4)
11-19 14:51:45.862 24006 24101 I MediaCodec: (0xb7db34d8) output buffers allocated
11-19 14:51:45.862 24006 24101 I MediaCodec: (0xb7db34d8) numBuffers (4)
11-19 14:51:45.864 24006 24101 I MediaCodec: (0xb7db34d8) codec output format changed
11-19 14:51:45.864 24006 24101 D MediaCodec: (0xb7db34d8) output format: AMessage(what = 'codc', target = 6) = {
11-19 14:51:45.864 24006 24101 D MediaCodec:    string mime = "audio/raw"
11-19 14:51:45.864 24006 24101 D MediaCodec:    int32_t channel-count = 1
11-19 14:51:45.864 24006 24101 D MediaCodec:    int32_t sample-rate = 8000
11-19 14:51:45.864 24006 24101 D MediaCodec:    int32_t channel-mask = 0
11-19 14:51:45.864 24006 24101 D MediaCodec:    int32_t what = 1869968451
11-19 14:51:45.864 24006 24101 D MediaCodec:  }
11-19 14:51:45.865 24006 24078 I MediaCodec: (0xb7db34d8) stop
11-19 14:51:45.866 24006 24078 I MediaCodec: (0xb7db34d8) release
11-19 14:51:45.867 24006 24074 E Robocol : command processing took 1.272 s: command=CMD_REQUEST_UI_STATE
11-19 14:51:45.871 24006 24080 W AudioTrack: AUDIO_OUTPUT_FLAG_FAST denied by client; transfer 4, track 8000 Hz, output 48000 Hz
11-19 14:51:45.878 24006 24076 V Robocol : sending CMD_NOTIFY_USER_DEVICE_LIST(47), attempt: 0
11-19 14:51:45.879 24006 24076 V Robocol : sending CMD_NOTIFY_OP_MODE_LIST(48), attempt: 0
11-19 14:51:46.331 24006 24097 V ThreadPool: container(0x0fcf1993: OpModeStuckCodeMonitor) added id=9055 TID=0 count=1
11-19 14:51:46.332 24006 24097 I RobotCore: Attempting to switch to op mode $Stop$Robot$
11-19 14:51:46.398 24006 24076 V Robocol : sending CMD_NOTIFY_INIT_OP_MODE(60), attempt: 0
11-19 14:51:46.596 24006 24097 I RobotCore: robot battery read duration: n=4, mean=3.812ms sd=0.553ms
11-19 14:51:47.753 24006 24075 V Robocol : received command: CMD_INIT_OP_MODE(10052) $Stop$Robot$
11-19 14:51:47.761 24006 24074 I BatteryChecker: percent remaining: 85 is charging: false
11-19 14:51:47.784 24006 24097 I RobotCore: Attempting to switch to op mode $Stop$Robot$
11-19 14:51:47.838 24006 24076 V Robocol : sending CMD_NOTIFY_INIT_OP_MODE(87), attempt: 0
11-19 14:51:49.566 24006 24006 I BatteryChecker: percent remaining: 85 is charging: false
11-19 14:51:51.068 24006 24075 V Robocol : received command: CMD_INIT_OP_MODE(10098) Auto Blue 2
11-19 14:51:51.077 24006 24074 I BatteryChecker: percent remaining: 85 is charging: false
11-19 14:51:51.088 24006 24097 I RobotCore: Attempting to switch to op mode Auto Blue 2
11-19 14:51:51.093 24006 24097 W LynxPwmOutputController: LynxSetPWMEnableCommand not implemented by lynx hw; ignoring
11-19 14:51:51.098 24006 24097 W LynxPwmOutputController: LynxSetPWMConfigurationCommand not implemented by lynx hw; ignoring
11-19 14:51:51.102 24006 24097 W LynxPwmOutputController: LynxSetPWMEnableCommand not implemented by lynx hw; ignoring
11-19 14:51:51.106 24006 24097 W LynxPwmOutputController: LynxSetPWMConfigurationCommand not implemented by lynx hw; ignoring
11-19 14:51:51.111 24006 24097 W LynxPwmOutputController: LynxSetPWMEnableCommand not implemented by lynx hw; ignoring
11-19 14:51:51.114 24006 24097 W LynxPwmOutputController: LynxSetPWMConfigurationCommand not implemented by lynx hw; ignoring
11-19 14:51:51.118 24006 24097 W LynxPwmOutputController: LynxSetPWMEnableCommand not implemented by lynx hw; ignoring
11-19 14:51:51.122 24006 24097 W LynxPwmOutputController: LynxSetPWMConfigurationCommand not implemented by lynx hw; ignoring
11-19 14:51:51.168 24006 24097 V AMSColorSensorImpl: internalInitialize()...
11-19 14:51:51.199 24006 24097 V AMSColorSensorImpl: state: 07 f6 ff ff 00 00 00 00 00 00 00 00 00 00 08 61 
11-19 14:51:51.199 24006 24097 V AMSColorSensorImpl: state| 00 01 60 33 21 00 0d 00 0b 
11-19 14:51:51.215 24006 24097 V AMSColorSensorImpl: disable() enabled=0x07...
11-19 14:51:51.248 24006 24097 V AMSColorSensorImpl: ...disable() enabled=0x00
11-19 14:51:51.249 24006 24097 V AMSColorSensorImpl: setIntegrationTime(0xf6)
11-19 14:51:51.261 24006 24097 V AMSColorSensorImpl: setGain(GAIN_4)
11-19 14:51:51.289 24006 24097 V AMSColorSensorImpl: setPDrive(Percent12_5)
11-19 14:51:51.316 24006 24097 V AMSColorSensorImpl: setProximityPulseCount(0x08)
11-19 14:51:51.345 24006 24097 V AMSColorSensorImpl: enable() enabled=0x00...
11-19 14:51:51.393 24006 24097 V AMSColorSensorImpl: ...enable() enabled=0x07
11-19 14:51:51.409 24006 24097 V AMSColorSensorImpl: state: 07 f6 ff ff 00 00 00 00 00 00 00 00 00 00 08 61 
11-19 14:51:51.410 24006 24097 V AMSColorSensorImpl: state| 00 01 60 33 21 00 0d 00 0b 
11-19 14:51:51.410 24006 24097 V AMSColorSensorImpl: ...internalInitialize()
11-19 14:51:51.569 24006 24097 W LynxPwmOutputController: LynxSetPWMEnableCommand not implemented by lynx hw; ignoring
11-19 14:51:51.574 24006 24097 W LynxPwmOutputController: LynxSetPWMConfigurationCommand not implemented by lynx hw; ignoring
11-19 14:51:51.580 24006 24097 W LynxPwmOutputController: LynxSetPWMEnableCommand not implemented by lynx hw; ignoring
11-19 14:51:51.585 24006 24097 W LynxPwmOutputController: LynxSetPWMConfigurationCommand not implemented by lynx hw; ignoring
11-19 14:51:51.589 24006 24097 W LynxPwmOutputController: LynxSetPWMEnableCommand not implemented by lynx hw; ignoring
11-19 14:51:51.593 24006 24097 W LynxPwmOutputController: LynxSetPWMConfigurationCommand not implemented by lynx hw; ignoring
11-19 14:51:51.597 24006 24097 W LynxPwmOutputController: LynxSetPWMEnableCommand not implemented by lynx hw; ignoring
11-19 14:51:51.602 24006 24097 W LynxPwmOutputController: LynxSetPWMConfigurationCommand not implemented by lynx hw; ignoring
11-19 14:51:51.745 24006 24097 V ThreadPool: container(0x077aacba: LinearOpMode) added id=9056 TID=0 count=1
11-19 14:51:51.749 24006 24111 V RobotCore: thread: 'LinearOpMode main' starting...
11-19 14:51:51.758 24006 24076 V Robocol : sending CMD_NOTIFY_INIT_OP_MODE(145), attempt: 0
11-19 14:51:51.818 24006 24111 I MecanumRobot: 0 | init ...
11-19 14:51:51.919 24006 24111 V RobotCore: addr=false data=true arb=false clock=false
11-19 14:51:51.919 24006 24111 E LynxI2cDeviceSynch: readStatusQuery: cbExpected=1 cbRead=0
11-19 14:51:51.919 24006 24111 E LynxI2cDeviceSynch: placeholder: readStatusQuery
11-19 14:51:51.994 24006 24111 V RobotCore: addr=false data=true arb=false clock=false
11-19 14:51:51.994 24006 24111 E LynxI2cDeviceSynch: readStatusQuery: cbExpected=1 cbRead=0
11-19 14:51:52.067 24006 24111 V RobotCore: addr=false data=true arb=false clock=false
11-19 14:51:52.067 24006 24111 E LynxI2cDeviceSynch: readStatusQuery: cbExpected=1 cbRead=0
11-19 14:51:52.139 24006 24111 V RobotCore: addr=false data=true arb=false clock=false
11-19 14:51:52.140 24006 24111 E LynxI2cDeviceSynch: readStatusQuery: cbExpected=1 cbRead=0
11-19 14:51:52.211 24006 24111 V RobotCore: addr=false data=true arb=false clock=false
11-19 14:51:52.211 24006 24111 E LynxI2cDeviceSynch: readStatusQuery: cbExpected=1 cbRead=0
11-19 14:51:52.670 24006 24111 W IMU     : re-issuing IMU mode: system status=IDLE expected=RUNNING_FUSION
11-19 14:51:52.846 24006 24111 I TechNova: MecanumRobot: Init Imu | 1028 | imu initialized ...
11-19 14:51:53.387 24006 24111 I System.out: Native library libVuforia.so loaded
11-19 14:51:53.396 24006 24111 I AR      : Vuforia SDK version 6.0.117
11-19 14:51:53.439 24006 24111 I CameraManagerGlobal: Connecting to camera service
11-19 14:51:54.171 24006 24111 I AR      : ObjectTracker: Successfully created dataset
11-19 14:51:54.171 24006 24111 V Vuforia : loading data set 'RelicVuMark'...
11-19 14:51:54.388 24006 24111 V Vuforia : ... done loading data set 'RelicVuMark'
11-19 14:51:54.482 24006 24111 I JewelPusher: Color in Init (R,G, B):13, 11, 9
11-19 14:51:54.498 24006 24111 I TechNova: MecanumRobot: IMU Heading: | -0.0
11-19 14:51:54.499 24006 24111 I VuMarkVision: VuMark | UNKNOWN visible
11-19 14:51:56.668 24006 24111 E LynxI2cDeviceSynch: exception thrown during lynx communication
11-19 14:51:56.674 24006 24111 E LynxI2cDeviceSynch: com.qualcomm.hardware.lynx.LynxNackException: (DQ143RN2 #3) LynxI2cReadSingleByteCommand: nack received: I2C_OPERATION_IN_PROGRESS:41
11-19 14:51:56.675 24006 24111 E LynxI2cDeviceSynch: 	at com.qualcomm.hardware.lynx.commands.LynxRespondable.throwIfNack(LynxRespondable.java:324)
11-19 14:51:56.675 24006 24111 E LynxI2cDeviceSynch: 	at com.qualcomm.hardware.lynx.commands.LynxRespondable.send(LynxRespondable.java:239)
11-19 14:51:56.676 24006 24111 E LynxI2cDeviceSynch: 	at com.qualcomm.hardware.lynx.LynxI2cDeviceSynchV1$1.get(LynxI2cDeviceSynchV1.java:76)
11-19 14:51:56.676 24006 24111 E LynxI2cDeviceSynch: 	at com.qualcomm.hardware.lynx.LynxI2cDeviceSynchV1$1.get(LynxI2cDeviceSynchV1.java:64)
11-19 14:51:56.676 24006 24111 E LynxI2cDeviceSynch: 	at com.qualcomm.hardware.lynx.LynxModule.acquireI2cLockWhile(LynxModule.java:1118)
11-19 14:51:56.677 24006 24111 E LynxI2cDeviceSynch: 	at com.qualcomm.hardware.lynx.LynxI2cDeviceSynch.acquireI2cLockWhile(LynxI2cDeviceSynch.java:391)
11-19 14:51:56.677 24006 24111 E LynxI2cDeviceSynch: 	at com.qualcomm.hardware.lynx.LynxI2cDeviceSynchV1.readTimeStamped(LynxI2cDeviceSynchV1.java:63)
11-19 14:51:56.677 24006 24111 E LynxI2cDeviceSynch: 	at com.qualcomm.robotcore.hardware.I2cDeviceSynchImplOnSimple.readTimeStamped(I2cDeviceSynchImplOnSimple.java:525)
11-19 14:51:56.678 24006 24111 E LynxI2cDeviceSynch: 	at com.qualcomm.robotcore.hardware.I2cDeviceSynchImplOnSimple.read(I2cDeviceSynchImplOnSimple.java:489)
11-19 14:51:56.678 24006 24111 E LynxI2cDeviceSynch: 	at com.qualcomm.robotcore.hardware.I2cDeviceSynchImplOnSimple.read8(I2cDeviceSynchImplOnSimple.java:483)
11-19 14:51:56.679 24006 24111 E LynxI2cDeviceSynch: 	at com.qualcomm.hardware.modernrobotics.ModernRoboticsI2cRangeSensor.read8(ModernRoboticsI2cRangeSensor.java:292)
11-19 14:51:56.679 24006 24111 E LynxI2cDeviceSynch: 	at com.qualcomm.hardware.modernrobotics.ModernRoboticsI2cRangeSensor.readUnsignedByte(ModernRoboticsI2cRangeSensor.java:306)
11-19 14:51:56.680 24006 24111 E LynxI2cDeviceSynch: 	at com.qualcomm.hardware.modernrobotics.ModernRoboticsI2cRangeSensor.rawUltrasonic(ModernRoboticsI2cRangeSensor.java:244)
11-19 14:51:56.681 24006 24111 E LynxI2cDeviceSynch: 	at com.qualcomm.hardware.modernrobotics.ModernRoboticsI2cRangeSensor.cmUltrasonic(ModernRoboticsI2cRangeSensor.java:189)
11-19 14:51:56.682 24006 24111 E LynxI2cDeviceSynch: 	at com.qualcomm.hardware.modernrobotics.ModernRoboticsI2cRangeSensor.getDistance(ModernRoboticsI2cRangeSensor.java:169)
11-19 14:51:56.682 24006 24111 E LynxI2cDeviceSynch: 	at org.firstinspires.ftc.teamcode.TechNova2017.MecanumRobot.getX1Distance(MecanumRobot.java:915)
11-19 14:51:56.683 24006 24111 E LynxI2cDeviceSynch: 	at org.firstinspires.ftc.teamcode.TechNova2017.RelicRecoveryAutoBlue2.runOpMode(RelicRecoveryAutoBlue2.java:52)
11-19 14:51:56.683 24006 24111 E LynxI2cDeviceSynch: 	at com.qualcomm.robotcore.eventloop.opmode.LinearOpMode$LinearOpModeHelper$1.run(LinearOpMode.java:305)
11-19 14:51:56.684 24006 24111 E LynxI2cDeviceSynch: 	at com.qualcomm.robotcore.util.ThreadPool.logThreadLifeCycle(ThreadPool.java:709)
11-19 14:51:56.684 24006 24111 E LynxI2cDeviceSynch: 	at com.qualcomm.robotcore.eventloop.opmode.LinearOpMode$LinearOpModeHelper.run(LinearOpMode.java:300)
11-19 14:51:56.685 24006 24111 E LynxI2cDeviceSynch: 	at java.util.concurrent.ThreadPoolExecutor.runWorker(ThreadPoolExecutor.java:1113)
11-19 14:51:56.685 24006 24111 E LynxI2cDeviceSynch: 	at java.util.concurrent.ThreadPoolExecutor$Worker.run(ThreadPoolExecutor.java:588)
11-19 14:51:56.685 24006 24111 E LynxI2cDeviceSynch: 	at com.qualcomm.robotcore.util.ThreadPool$ThreadFactoryImpl$1.run(ThreadPool.java:764)
11-19 14:51:56.685 24006 24111 E LynxI2cDeviceSynch: 	at java.lang.Thread.run(Thread.java:818)
11-19 14:51:56.685 24006 24111 E LynxI2cDeviceSynch: placeholder: readTimestamped
11-19 14:51:56.689 24006 24097 D RobotCore: system telemetry: key=$System$Warning$ msg="problem with "x1Range""
11-19 14:51:56.759 24006 24080 D MediaPlayer: setSubtitleAnchor in MediaPlayer
11-19 14:51:56.791 24006 24093 V RobotCore: nack rec'd mod=3 msg#=168 ref#=0 reason=PACKET_TYPE_ID_UNKNOWN:255
11-19 14:51:56.791 24006 24111 E LynxI2cDeviceSynch: exception thrown during lynx communication
11-19 14:51:56.792 24006 24111 E LynxI2cDeviceSynch: com.qualcomm.hardware.lynx.LynxNackException: (DQ143RN2 #3) LynxI2cWriteSingleByteCommand: nack received: PACKET_TYPE_ID_UNKNOWN:255
11-19 14:51:56.793 24006 24111 E LynxI2cDeviceSynch: 	at com.qualcomm.hardware.lynx.commands.LynxRespondable.throwIfNack(LynxRespondable.java:324)
11-19 14:51:56.793 24006 24111 E LynxI2cDeviceSynch: 	at com.qualcomm.hardware.lynx.commands.LynxRespondable.send(LynxRespondable.java:239)
11-19 14:51:56.794 24006 24111 E LynxI2cDeviceSynch: 	at com.qualcomm.hardware.lynx.LynxI2cDeviceSynch.sendI2cWriteTx(LynxI2cDeviceSynch.java:371)
11-19 14:51:56.796 24006 24006 W MediaPlayer: mediaplayer went away with unhandled events
11-19 14:51:56.796 24006 24111 E LynxI2cDeviceSynch: 	at com.qualcomm.hardware.lynx.LynxI2cDeviceSynchV1$1.get(LynxI2cDeviceSynchV1.java:67)
11-19 14:51:56.799 24006 24078 D ExtendedUtils: extended extractor not needed, return default
11-19 14:51:56.800 24006 24111 E LynxI2cDeviceSynch: 	at com.qualcomm.hardware.lynx.LynxI2cDeviceSynchV1$1.get(LynxI2cDeviceSynchV1.java:64)
11-19 14:51:56.802 24006 24111 E LynxI2cDeviceSynch: 	at com.qualcomm.hardware.lynx.LynxModule.acquireI2cLockWhile(LynxModule.java:1118)
11-19 14:51:56.802 24006 24111 E LynxI2cDeviceSynch: 	at com.qualcomm.hardware.lynx.LynxI2cDeviceSynch.acquireI2cLockWhile(LynxI2cDeviceSynch.java:391)
11-19 14:51:56.803 24006 24111 E LynxI2cDeviceSynch: 	at com.qualcomm.hardware.lynx.LynxI2cDeviceSynchV1.readTimeStamped(LynxI2cDeviceSynchV1.java:63)
11-19 14:51:56.803 24006 24111 E LynxI2cDeviceSynch: 	at com.qualcomm.robotcore.hardware.I2cDeviceSynchImplOnSimple.readTimeStamped(I2cDeviceSynchImplOnSimple.java:525)
11-19 14:51:56.804 24006 24078 I MediaCodec: (0xb8ba9050) init name(audio/raw) isType(1) encoder(0)
11-19 14:51:56.807 24006 24111 E LynxI2cDeviceSynch: 	at com.qualcomm.robotcore.hardware.I2cDeviceSynchImplOnSimple.read(I2cDeviceSynchImplOnSimple.java:489)
11-19 14:51:56.807 24006 24111 E LynxI2cDeviceSynch: 	at com.qualcomm.robotcore.hardware.I2cDeviceSynchImplOnSimple.read8(I2cDeviceSynchImplOnSimple.java:483)
11-19 14:51:56.808 24006 24111 E LynxI2cDeviceSynch: 	at com.qualcomm.hardware.modernrobotics.ModernRoboticsI2cRangeSensor.read8(ModernRoboticsI2cRangeSensor.java:292)
11-19 14:51:56.809 24006 24111 E LynxI2cDeviceSynch: 	at com.qualcomm.hardware.modernrobotics.ModernRoboticsI2cRangeSensor.readUnsignedByte(ModernRoboticsI2cRangeSensor.java:306)
11-19 14:51:56.810 24006 24111 E LynxI2cDeviceSynch: 	at com.qualcomm.hardware.modernrobotics.ModernRoboticsI2cRangeSensor.rawOptical(ModernRoboticsI2cRangeSensor.java:253)
11-19 14:51:56.811 24006 24111 E LynxI2cDeviceSynch: 	at com.qualcomm.hardware.modernrobotics.ModernRoboticsI2cRangeSensor.getDistance(ModernRoboticsI2cRangeSensor.java:160)
11-19 14:51:56.813 24006 24111 E LynxI2cDeviceSynch: 	at org.firstinspires.ftc.teamcode.TechNova2017.MecanumRobot.getX1Distance(MecanumRobot.java:915)
11-19 14:51:56.815 24006 24111 E LynxI2cDeviceSynch: 	at org.firstinspires.ftc.teamcode.TechNova2017.RelicRecoveryAutoBlue2.runOpMode(RelicRecoveryAutoBlue2.java:52)
11-19 14:51:56.815 24006 24111 E LynxI2cDeviceSynch: 	at com.qualcomm.robotcore.eventloop.opmode.LinearOpMode$LinearOpModeHelper$1.run(LinearOpMode.java:305)
11-19 14:51:56.815 24006 24217 I OMXClient: Using client-side OMX mux.
11-19 14:51:56.815 24006 24111 E LynxI2cDeviceSynch: 	at com.qualcomm.robotcore.util.ThreadPool.logThreadLifeCycle(ThreadPool.java:709)
11-19 14:51:56.816 24006 24111 E LynxI2cDeviceSynch: 	at com.qualcomm.robotcore.eventloop.opmode.LinearOpMode$LinearOpModeHelper.run(LinearOpMode.java:300)
11-19 14:51:56.816 24006 24111 E LynxI2cDeviceSynch: 	at java.util.concurrent.ThreadPoolExecutor.runWorker(ThreadPoolExecutor.java:1113)
11-19 14:51:56.817 24006 24111 E LynxI2cDeviceSynch: 	at java.util.concurrent.ThreadPoolExecutor$Worker.run(ThreadPoolExecutor.java:588)
11-19 14:51:56.817 24006 24111 E LynxI2cDeviceSynch: 	at com.qualcomm.robotcore.util.ThreadPool$ThreadFactoryImpl$1.run(ThreadPool.java:764)
11-19 14:51:56.820 24006 24111 E LynxI2cDeviceSynch: 	at java.lang.Thread.run(Thread.java:818)
11-19 14:51:56.833 24006 24097 D RobotCore: system telemetry: key=$System$None$ msg=""
11-19 14:51:56.880 24006 24217 E OMXMaster: A component of name 'OMX.qcom.audio.decoder.aac' already exists, ignoring this one.
11-19 14:51:56.889 24006 24217 I MediaCodec: (0xb8ba9050) Component Allocated (OMX.google.raw.decoder)
11-19 14:51:56.890 24006 24078 I MediaCodec: (0xb8ba9050) configure surface(0x0) crypto(0x0) flags(0)
11-19 14:51:56.890 24006 24078 D MediaCodec: (0xb8ba9050) configure format: AMessage(what = 0x00000000) = {
11-19 14:51:56.890 24006 24078 D MediaCodec:    string mime = "audio/raw"
11-19 14:51:56.890 24006 24078 D MediaCodec:    int64_t durationUs = 1043650
11-19 14:51:56.890 24006 24078 D MediaCodec:    int32_t channel-count = 2
11-19 14:51:56.890 24006 24078 D MediaCodec:    int32_t sample-rate = 44100
11-19 14:51:56.890 24006 24078 D MediaCodec:    int32_t channel-mask = 0
11-19 14:51:56.890 24006 24078 D MediaCodec:  }
11-19 14:51:56.891 24006 24078 I MediaCodec: (0xb8ba9050) start
11-19 14:51:56.892 24006 24217 I MediaCodec: (0xb8ba9050) input buffers allocated
11-19 14:51:56.892 24006 24217 I MediaCodec: (0xb8ba9050) numBuffers (4)
11-19 14:51:56.892 24006 24217 I MediaCodec: (0xb8ba9050) output buffers allocated
11-19 14:51:56.892 24006 24217 I MediaCodec: (0xb8ba9050) numBuffers (4)
11-19 14:51:56.899 24006 24217 I MediaCodec: (0xb8ba9050) codec output format changed
11-19 14:51:56.899 24006 24217 D MediaCodec: (0xb8ba9050) output format: AMessage(what = 'codc', target = 10) = {
11-19 14:51:56.899 24006 24217 D MediaCodec:    string mime = "audio/raw"
11-19 14:51:56.899 24006 24217 D MediaCodec:    int32_t channel-count = 2
11-19 14:51:56.899 24006 24217 D MediaCodec:    int32_t sample-rate = 44100
11-19 14:51:56.899 24006 24217 D MediaCodec:    int32_t channel-mask = 0
11-19 14:51:56.899 24006 24217 D MediaCodec:    int32_t what = 1869968451
11-19 14:51:56.899 24006 24217 D MediaCodec:  }
11-19 14:51:56.928 24006 24078 I MediaCodec: (0xb8ba9050) stop
11-19 14:51:56.931 24006 24078 I MediaCodec: (0xb8ba9050) release
11-19 14:51:56.941 24006 24080 W AudioTrack: AUDIO_OUTPUT_FLAG_FAST denied by client; transfer 4, track 44100 Hz, output 48000 Hz
11-19 14:51:56.994 24006 24075 V Robocol : received command: CMD_RUN_OP_MODE(10168) Auto Blue 2
11-19 14:51:56.996 24006 24074 I BatteryChecker: percent remaining: 85 is charging: false
11-19 14:51:57.039 24006 24076 V Robocol : sending CMD_NOTIFY_RUN_OP_MODE(213), attempt: 0
11-19 14:51:57.142 24006 24111 I TechNova: MecanumRobot: Robot: | Robot starting 6052.5
11-19 14:51:57.199 24006 24111 I RelicRecoveryAutoBlue2: RED | State:                    0 [START] |  Start |   82.5 |  6054 | IMU: -0.0 | (x1,x2, y): 41.0, 0.0, 0.0 | Glyph count:    0 | UNKNOWN
11-19 14:51:57.200 24006 24111 V RobotCore: thread: ...terminating 'LinearOpMode main'
11-19 14:51:57.202 24006 24097 E EventLoopManager: Event loop threw an exception
11-19 14:51:57.203 24006 24097 E EventLoopManager: java.lang.ClassCastException: org.firstinspires.ftc.teamcode.TechNova2017.RelicRecoveryAutoRed2$State cannot be cast to org.firstinspires.ftc.teamcode.TechNova2017.RelicRecoveryAutoBlue2$State
11-19 14:51:57.204 24006 24097 E EventLoopManager: 	at org.firstinspires.ftc.teamcode.TechNova2017.RelicRecoveryAutoBlue2.runOpMode(RelicRecoveryAutoBlue2.java:85)
11-19 14:51:57.204 24006 24097 E EventLoopManager: 	at com.qualcomm.robotcore.eventloop.opmode.LinearOpMode$LinearOpModeHelper$1.run(LinearOpMode.java:305)
11-19 14:51:57.205 24006 24097 E EventLoopManager: 	at com.qualcomm.robotcore.util.ThreadPool.logThreadLifeCycle(ThreadPool.java:709)
11-19 14:51:57.205 24006 24097 E EventLoopManager: 	at com.qualcomm.robotcore.eventloop.opmode.LinearOpMode$LinearOpModeHelper.run(LinearOpMode.java:300)
11-19 14:51:57.205 24006 24097 E EventLoopManager: 	at java.util.concurrent.ThreadPoolExecutor.runWorker(ThreadPoolExecutor.java:1113)
11-19 14:51:57.206 24006 24097 E EventLoopManager: 	at java.util.concurrent.ThreadPoolExecutor$Worker.run(ThreadPoolExecutor.java:588)
11-19 14:51:57.206 24006 24097 E EventLoopManager: 	at com.qualcomm.robotcore.util.ThreadPool$ThreadFactoryImpl$1.run(ThreadPool.java:764)
11-19 14:51:57.206 24006 24097 E EventLoopManager: 	at java.lang.Thread.run(Thread.java:818)
11-19 14:51:57.208 24006 24097 V RobotCore: RobotCoreException in EventLoopManager: EventLoop Exception in loop(): ClassCastException - org.firstinspires.ftc.teamcode.TechNova2017.RelicRecoveryAutoRed2$State cannot be cast to org.firstinspires.ftc.teamcode.TechNova2017.RelicRecoveryAutoBlue2$State
11-19 14:51:57.208 24006 24097 V RobotCore: EventLoopManager state is EMERGENCY_STOP
11-19 14:51:57.208 24006 24097 V RobotCore: Robot Status: EMERGENCY STOP
11-19 14:51:57.209 24006 24097 D RobotCore: system telemetry: key=$System$Error$ msg="User code threw an uncaught exception: ClassCastException - org.firstinspires.ftc.teamcode.TechNova2017.RelicRecoveryAutoRed2$State cannot be cast to org.firstinspires.ftc.teamcode.TechNova2017.RelicRecoveryAutoBlue2$State"
11-19 14:51:57.212 24006 24097 I FtcEventLoop: ======= TEARDOWN =======
11-19 14:51:57.213 24006 24097 V ThreadPool: waiting for service user linear op mode
11-19 14:51:57.214 24006 24097 V ThreadPool: awaitTermination returned, isTerminated=true
11-19 14:51:57.214 24006 24111 V ThreadPool: container(0x077aacba: LinearOpMode) removed id=9056 TID=24111 count=1
11-19 14:51:57.214 24006 24097 V ThreadPool: executive service user linear op mode(0x077aacba) is terminated
11-19 14:51:57.238 24006 24076 V Robocol : sending CMD_NOTIFY_ROBOT_STATE(218), attempt: 0
11-19 14:51:57.250 24006 24006 D MediaPlayer: setSubtitleAnchor in MediaPlayer
11-19 14:51:57.250 24006 24080 D MediaPlayer: setSubtitleAnchor in MediaPlayer
11-19 14:51:57.271 24006 24078 D ExtendedUtils: extended extractor not needed, return default
11-19 14:51:57.272 24006 24078 I MediaCodec: (0xb7ef0c50) init name(audio/raw) isType(1) encoder(0)
11-19 14:51:57.274 24006 24225 I OMXClient: Using client-side OMX mux.
11-19 14:51:57.293 24006 24225 E OMXMaster: A component of name 'OMX.qcom.audio.decoder.aac' already exists, ignoring this one.
11-19 14:51:57.304 24006 24225 I MediaCodec: (0xb7ef0c50) Component Allocated (OMX.google.raw.decoder)
11-19 14:51:57.304 24006 24078 I MediaCodec: (0xb7ef0c50) configure surface(0x0) crypto(0x0) flags(0)
11-19 14:51:57.304 24006 24078 D MediaCodec: (0xb7ef0c50) configure format: AMessage(what = 0x00000000) = {
11-19 14:51:57.304 24006 24078 D MediaCodec:    string mime = "audio/raw"
11-19 14:51:57.304 24006 24078 D MediaCodec:    int64_t durationUs = 929183
11-19 14:51:57.304 24006 24078 D MediaCodec:    int32_t channel-count = 2
11-19 14:51:57.304 24006 24078 D MediaCodec:    int32_t sample-rate = 44100
11-19 14:51:57.304 24006 24078 D MediaCodec:    int32_t channel-mask = 0
11-19 14:51:57.304 24006 24078 D MediaCodec:  }
11-19 14:51:57.306 24006 24078 I MediaCodec: (0xb7ef0c50) start
11-19 14:51:57.307 24006 24225 I MediaCodec: (0xb7ef0c50) input buffers allocated
11-19 14:51:57.308 24006 24225 I MediaCodec: (0xb7ef0c50) numBuffers (4)
11-19 14:51:57.308 24006 24225 I MediaCodec: (0xb7ef0c50) output buffers allocated
11-19 14:51:57.308 24006 24225 I MediaCodec: (0xb7ef0c50) numBuffers (4)
11-19 14:51:57.317 24006 24225 I MediaCodec: (0xb7ef0c50) codec output format changed
11-19 14:51:57.317 24006 24225 D MediaCodec: (0xb7ef0c50) output format: AMessage(what = 'codc', target = 14) = {
11-19 14:51:57.317 24006 24225 D MediaCodec:    string mime = "audio/raw"
11-19 14:51:57.317 24006 24225 D MediaCodec:    int32_t channel-count = 2
11-19 14:51:57.317 24006 24225 D MediaCodec:    int32_t sample-rate = 44100
