11-19 14:51:07.647 23648 23776 E LynxI2cDeviceSynch: 	at com.qualcomm.hardware.lynx.LynxI2cDeviceSynchV1$1.get(LynxI2cDeviceSynchV1.java:67)
11-19 14:51:07.648 23648 23776 E LynxI2cDeviceSynch: 	at com.qualcomm.hardware.lynx.LynxI2cDeviceSynchV1$1.get(LynxI2cDeviceSynchV1.java:64)
11-19 14:51:07.648 23648 23776 E LynxI2cDeviceSynch: 	at com.qualcomm.hardware.lynx.LynxModule.acquireI2cLockWhile(LynxModule.java:1118)
11-19 14:51:07.649 23648 23776 E LynxI2cDeviceSynch: 	at com.qualcomm.hardware.lynx.LynxI2cDeviceSynch.acquireI2cLockWhile(LynxI2cDeviceSynch.java:391)
11-19 14:51:07.649 23648 23776 E LynxI2cDeviceSynch: 	at com.qualcomm.hardware.lynx.LynxI2cDeviceSynchV1.readTimeStamped(LynxI2cDeviceSynchV1.java:63)
11-19 14:51:07.649 23648 23776 E LynxI2cDeviceSynch: 	at com.qualcomm.robotcore.hardware.I2cDeviceSynchImplOnSimple.readTimeStamped(I2cDeviceSynchImplOnSimple.java:525)
11-19 14:51:07.650 23648 23776 E LynxI2cDeviceSynch: 	at com.qualcomm.robotcore.hardware.I2cDeviceSynchImplOnSimple.read(I2cDeviceSynchImplOnSimple.java:489)
11-19 14:51:07.650 23648 23776 E LynxI2cDeviceSynch: 	at com.qualcomm.robotcore.hardware.I2cDeviceSynchImplOnSimple.read8(I2cDeviceSynchImplOnSimple.java:483)
11-19 14:51:07.651 23648 23776 E LynxI2cDeviceSynch: 	at com.qualcomm.hardware.modernrobotics.ModernRoboticsI2cRangeSensor.read8(ModernRoboticsI2cRangeSensor.java:292)
11-19 14:51:07.651 23648 23776 E LynxI2cDeviceSynch: 	at com.qualcomm.hardware.modernrobotics.ModernRoboticsI2cRangeSensor.readUnsignedByte(ModernRoboticsI2cRangeSensor.java:306)
11-19 14:51:07.652 23648 23776 E LynxI2cDeviceSynch: 	at com.qualcomm.hardware.modernrobotics.ModernRoboticsI2cRangeSensor.rawUltrasonic(ModernRoboticsI2cRangeSensor.java:244)
11-19 14:51:07.652 23648 23776 E LynxI2cDeviceSynch: 	at com.qualcomm.hardware.modernrobotics.ModernRoboticsI2cRangeSensor.cmUltrasonic(ModernRoboticsI2cRangeSensor.java:189)
11-19 14:51:07.653 23648 23776 E LynxI2cDeviceSynch: 	at com.qualcomm.hardware.modernrobotics.ModernRoboticsI2cRangeSensor.getDistance(ModernRoboticsI2cRangeSensor.java:169)
11-19 14:51:07.653 23648 23776 E LynxI2cDeviceSynch: 	at org.firstinspires.ftc.teamcode.TechNova2017.MecanumRobot.getX1Distance(MecanumRobot.java:915)
11-19 14:51:07.654 23648 23776 E LynxI2cDeviceSynch: 	at org.firstinspires.ftc.teamcode.TechNova2017.RelicRecoveryAutoBlue2.runOpMode(RelicRecoveryAutoBlue2.java:52)
11-19 14:51:07.654 23648 23776 E LynxI2cDeviceSynch: 	at com.qualcomm.robotcore.eventloop.opmode.LinearOpMode$LinearOpModeHelper$1.run(LinearOpMode.java:305)
11-19 14:51:07.654 23648 23776 E LynxI2cDeviceSynch: 	at com.qualcomm.robotcore.util.ThreadPool.logThreadLifeCycle(ThreadPool.java:709)
11-19 14:51:07.655 23648 23776 E LynxI2cDeviceSynch: 	at com.qualcomm.robotcore.eventloop.opmode.LinearOpMode$LinearOpModeHelper.run(LinearOpMode.java:300)
11-19 14:51:07.655 23648 23776 E LynxI2cDeviceSynch: 	at java.util.concurrent.ThreadPoolExecutor.runWorker(ThreadPoolExecutor.java:1113)
11-19 14:51:07.655 23648 23776 E LynxI2cDeviceSynch: 	at java.util.concurrent.ThreadPoolExecutor$Worker.run(ThreadPoolExecutor.java:588)
11-19 14:51:07.656 23648 23776 E LynxI2cDeviceSynch: 	at com.qualcomm.robotcore.util.ThreadPool$ThreadFactoryImpl$1.run(ThreadPool.java:764)
11-19 14:51:07.656 23648 23776 E LynxI2cDeviceSynch: 	at java.lang.Thread.run(Thread.java:818)
11-19 14:51:07.773 23648 23718 D RobotCore: system telemetry: key=$System$None$ msg=""
11-19 14:51:08.937 23648 23776 V RobotCore: addr=false data=true arb=false clock=false
11-19 14:51:08.938 23648 23776 E LynxI2cDeviceSynch: readStatusQuery: cbExpected=1 cbRead=0
11-19 14:51:08.938 23648 23776 E LynxI2cDeviceSynch: placeholder: readStatusQuery
11-19 14:51:08.941 23648 23718 D RobotCore: system telemetry: key=$System$Warning$ msg="problem with "x1Range""
11-19 14:51:09.054 23648 23718 D RobotCore: system telemetry: key=$System$None$ msg=""
11-19 14:51:10.210 23648 23776 V RobotCore: addr=false data=true arb=false clock=false
11-19 14:51:10.210 23648 23776 E LynxI2cDeviceSynch: readStatusQuery: cbExpected=1 cbRead=0
11-19 14:51:10.211 23648 23776 E LynxI2cDeviceSynch: placeholder: readStatusQuery
11-19 14:51:10.213 23648 23718 D RobotCore: system telemetry: key=$System$Warning$ msg="problem with "x1Range""
11-19 14:51:10.223 23648 23718 D RobotCore: system telemetry: key=$System$None$ msg=""
11-19 14:51:11.195 23648 23713 V Robocol : received command: CMD_RUN_OP_MODE(10523) Auto Blue 2
11-19 14:51:11.197 23648 23712 I BatteryChecker: percent remaining: 85 is charging: false
11-19 14:51:11.244 23648 23763 V Robocol : sending CMD_NOTIFY_RUN_OP_MODE(604), attempt: 0
11-19 14:51:11.316 23648 23776 I TechNova: MecanumRobot: Robot: | Robot starting 23546.8
11-19 14:51:11.378 23648 23776 I RelicRecoveryAutoBlue2: RED | State:                    0 [START] |  Start |   92.7 | 23549 | IMU: -0.0 | (x1,x2, y): 41.0, 0.0, 0.0 | Glyph count:    0 | UNKNOWN
11-19 14:51:11.380 23648 23776 V RobotCore: thread: ...terminating 'LinearOpMode main'
11-19 14:51:11.385 23648 23718 E EventLoopManager: Event loop threw an exception
11-19 14:51:11.386 23648 23718 E EventLoopManager: java.lang.ClassCastException: org.firstinspires.ftc.teamcode.TechNova2017.RelicRecoveryAutoRed2$State cannot be cast to org.firstinspires.ftc.teamcode.TechNova2017.RelicRecoveryAutoBlue2$State
11-19 14:51:11.394 23648 23718 E EventLoopManager: 	at org.firstinspires.ftc.teamcode.TechNova2017.RelicRecoveryAutoBlue2.runOpMode(RelicRecoveryAutoBlue2.java:85)
11-19 14:51:11.394 23648 23718 E EventLoopManager: 	at com.qualcomm.robotcore.eventloop.opmode.LinearOpMode$LinearOpModeHelper$1.run(LinearOpMode.java:305)
11-19 14:51:11.395 23648 23718 E EventLoopManager: 	at com.qualcomm.robotcore.util.ThreadPool.logThreadLifeCycle(ThreadPool.java:709)
11-19 14:51:11.395 23648 23718 E EventLoopManager: 	at com.qualcomm.robotcore.eventloop.opmode.LinearOpMode$LinearOpModeHelper.run(LinearOpMode.java:300)
11-19 14:51:11.395 23648 23718 E EventLoopManager: 	at java.util.concurrent.ThreadPoolExecutor.runWorker(ThreadPoolExecutor.java:1113)
11-19 14:51:11.395 23648 23718 E EventLoopManager: 	at java.util.concurrent.ThreadPoolExecutor$Worker.run(ThreadPoolExecutor.java:588)
11-19 14:51:11.396 23648 23718 E EventLoopManager: 	at com.qualcomm.robotcore.util.ThreadPool$ThreadFactoryImpl$1.run(ThreadPool.java:764)
11-19 14:51:11.396 23648 23718 E EventLoopManager: 	at java.lang.Thread.run(Thread.java:818)
11-19 14:51:11.396 23648 23718 V RobotCore: RobotCoreException in EventLoopManager: EventLoop Exception in loop(): ClassCastException - org.firstinspires.ftc.teamcode.TechNova2017.RelicRecoveryAutoRed2$State cannot be cast to org.firstinspires.ftc.teamcode.TechNova2017.RelicRecoveryAutoBlue2$State
11-19 14:51:11.396 23648 23718 V RobotCore: EventLoopManager state is EMERGENCY_STOP
11-19 14:51:11.396 23648 23718 V RobotCore: Robot Status: EMERGENCY STOP
11-19 14:51:11.397 23648 23718 D RobotCore: system telemetry: key=$System$Error$ msg="User code threw an uncaught exception: ClassCastException - org.firstinspires.ftc.teamcode.TechNova2017.RelicRecoveryAutoRed2$State cannot be cast to org.firstinspires.ftc.teamcode.TechNova2017.RelicRecoveryAutoBlue2$State"
11-19 14:51:11.397 23648 23718 I FtcEventLoop: ======= TEARDOWN =======
11-19 14:51:11.398 23648 23718 V ThreadPool: waiting for service user linear op mode
11-19 14:51:11.398 23648 23718 V ThreadPool: awaitTermination returned, isTerminated=true
11-19 14:51:11.398 23648 23776 V ThreadPool: container(0x02c8d2c8: LinearOpMode) removed id=9053 TID=23776 count=1
11-19 14:51:11.398 23648 23718 V ThreadPool: executive service user linear op mode(0x02c8d2c8) is terminated
11-19 14:51:11.403 23648 23763 V Robocol : sending CMD_NOTIFY_ROBOT_STATE(610), attempt: 0
11-19 14:51:11.477 23648 23648 D MediaPlayer: setSubtitleAnchor in MediaPlayer
11-19 14:51:11.477 23648 23717 D MediaPlayer: setSubtitleAnchor in MediaPlayer
11-19 14:51:11.511 23648 23715 D ExtendedUtils: extended extractor not needed, return default
11-19 14:51:11.515 23648 23715 I MediaCodec: (0xb8bc1eb8) init name(audio/raw) isType(1) encoder(0)
11-19 14:51:11.520 23648 23905 I OMXClient: Using client-side OMX mux.
11-19 14:51:11.538 23648 23905 E OMXMaster: A component of name 'OMX.qcom.audio.decoder.aac' already exists, ignoring this one.
11-19 14:51:11.545 23648 23905 I MediaCodec: (0xb8bc1eb8) Component Allocated (OMX.google.raw.decoder)
11-19 14:51:11.545 23648 23715 I MediaCodec: (0xb8bc1eb8) configure surface(0x0) crypto(0x0) flags(0)
11-19 14:51:11.546 23648 23715 D MediaCodec: (0xb8bc1eb8) configure format: AMessage(what = 0x00000000) = {
11-19 14:51:11.546 23648 23715 D MediaCodec:    string mime = "audio/raw"
11-19 14:51:11.546 23648 23715 D MediaCodec:    int64_t durationUs = 929183
11-19 14:51:11.546 23648 23715 D MediaCodec:    int32_t channel-count = 2
11-19 14:51:11.546 23648 23715 D MediaCodec:    int32_t sample-rate = 44100
11-19 14:51:11.546 23648 23715 D MediaCodec:    int32_t channel-mask = 0
11-19 14:51:11.546 23648 23715 D MediaCodec:  }
11-19 14:51:11.546 23648 23715 I MediaCodec: (0xb8bc1eb8) start
11-19 14:51:11.547 23648 23905 I MediaCodec: (0xb8bc1eb8) input buffers allocated
11-19 14:51:11.547 23648 23905 I MediaCodec: (0xb8bc1eb8) numBuffers (4)
11-19 14:51:11.547 23648 23905 I MediaCodec: (0xb8bc1eb8) output buffers allocated
11-19 14:51:11.547 23648 23905 I MediaCodec: (0xb8bc1eb8) numBuffers (4)
11-19 14:51:11.549 23648 23905 I MediaCodec: (0xb8bc1eb8) codec output format changed
11-19 14:51:11.549 23648 23905 D MediaCodec: (0xb8bc1eb8) output format: AMessage(what = 'codc', target = 14) = {
11-19 14:51:11.549 23648 23905 D MediaCodec:    string mime = "audio/raw"
11-19 14:51:11.549 23648 23905 D MediaCodec:    int32_t channel-count = 2
11-19 14:51:11.549 23648 23905 D MediaCodec:    int32_t sample-rate = 44100
11-19 14:51:11.549 23648 23905 D MediaCodec:    int32_t channel-mask = 0
11-19 14:51:11.549 23648 23905 D MediaCodec:    int32_t what = 1869968451
11-19 14:51:11.549 23648 23905 D MediaCodec:  }
11-19 14:51:11.562 23648 23715 I MediaCodec: (0xb8bc1eb8) stop
11-19 14:51:11.563 23648 23715 I MediaCodec: (0xb8bc1eb8) release
11-19 14:51:11.568 23648 23717 W AudioTrack: AUDIO_OUTPUT_FLAG_FAST denied by client; transfer 4, track 44100 Hz, output 48000 Hz
11-19 14:51:11.941 23648 23735 V ThreadPool: container(0x0fcf1993: OpModeStuckCodeMonitor) removed id=9039 TID=23735 count=1
11-19 14:51:12.014 23648 23718 V LynxMotor: disengage mod#=3
11-19 14:51:12.102 23648 23718 V LynxMotor: disengage mod#=2
11-19 14:51:12.123 23648 23718 V LynxServoController: disengage mod#=3
11-19 14:51:12.147 23648 23718 V LynxServoController: disengage mod#=2
11-19 14:51:12.148 23648 23718 V LynxUsb : 0x03e78a18 on 0x0ded29fb: releasing delegate to [DQ143RN2]
11-19 14:51:12.148 23648 23718 V LynxUsb : 0x0ded29fb: releaseRef [DQ143RN2]=0
11-19 14:51:12.148 23648 23718 V LynxUsb : doClose([DQ143RN2])...
11-19 14:51:12.158 23648 23718 V LynxModule: close()
11-19 14:51:12.158 23648 23718 V ThreadPool: waiting for service lynx module executor
11-19 14:51:12.160 23648 23747 V ThreadPool: container(0x02d72fc4: lynx module executor) removed id=9048 TID=23747 count=1
11-19 14:51:12.161 23648 23718 V ThreadPool: awaitTermination returned, isTerminated=true
11-19 14:51:12.161 23648 23718 V ThreadPool: executive service lynx module executor(0x02d72fc4) is terminated
11-19 14:51:12.161 23648 23718 V LynxModule: close()
11-19 14:51:12.162 23648 23718 V ThreadPool: waiting for service lynx module executor
11-19 14:51:12.164 23648 23718 V ThreadPool: awaitTermination returned, isTerminated=true
11-19 14:51:12.164 23648 23746 V ThreadPool: container(0x02e295e2: lynx module executor) removed id=9047 TID=23746 count=1
11-19 14:51:12.164 23648 23718 V ThreadPool: executive service lynx module executor(0x02e295e2) is terminated
11-19 14:51:12.165 23648 23718 V LynxUsb : disarmDevice() serial=DQ143RN2...
11-19 14:51:12.165 23648 23718 V LynxUsb : shutting down incoming datagrams
11-19 14:51:12.165 23648 23745 V RobotCore: thread: ...terminating 'lynx incoming datagrams'
11-19 14:51:12.165 23648 23718 V ThreadPool: waiting for service Lynx incoming datagram poller
11-19 14:51:12.165 23648 23718 V ThreadPool: awaitTermination returned, isTerminated=true
11-19 14:51:12.165 23648 23745 V ThreadPool: container(0x09defdb0: lynx dg poller) removed id=9046 TID=23745 count=1
11-19 14:51:12.165 23648 23718 V ThreadPool: executive service Lynx incoming datagram poller(0x09defdb0) is terminated
11-19 14:51:12.166 23648 23718 V RobotUsbDeviceFtdi: closing DQ143RN2
11-19 14:51:12.166 23648 23718 V FtDevice: vv********************DQ143RN2 closing********************vv 0x03f2422d
11-19 14:51:12.166 23648 23718 V FtDevice: DQ143RN2 stopping thread readBufferManager
11-19 14:51:12.167 23648 23743 V FtDevice: DQ143RN2 thread readBufferManager is stopped
11-19 14:51:12.167 23648 23718 V FtDevice: DQ143RN2 stopping thread bulkPacketInWorker
11-19 14:51:12.168 23648 23742 V FtDevice: DQ143RN2 thread bulkPacketInWorker is stopped
11-19 14:51:12.168 23648 23718 V MonitoredUsbDeviceConnection: closing UsbDeviceConnection(DQ143RN2)
11-19 14:51:12.168 23648 23718 D UsbDeviceConnectionJNI: close
11-19 14:51:12.168 23648 23718 V FtDevice: ^^********************DQ143RN2 closed ********************^^
11-19 14:51:12.168 23648 23718 V LynxUsb : ...done disarmDevice()
11-19 14:51:12.169 23648 23744 V ThreadPool: container(0x0a1e1362: WatchdogMonitor) removed id=9045 TID=23744 count=1
11-19 14:51:12.169 23648 23718 V LynxUsb : ...doClose([DQ143RN2])
11-19 14:51:12.171 23648 23718 I FtcEventLoop: ======= TEARDOWN COMPLETE =======
11-19 14:51:12.171 23648 23718 V RobotCore: thread: ...terminating 'opmode loop()'
11-19 14:51:12.171 23648 23718 V EventLoopManager: switching to idleEventLoop
11-19 14:51:12.171 23648 23718 I FtcEventLoopIdle: ------- idle init --------
11-19 14:51:12.172 23648 23718 V RobotCore: thread: 'opmode loop()' starting...
11-19 14:51:22.354 23648 23713 V Robocol : received command: CMD_INIT_OP_MODE(10627) $Stop$Robot$
11-19 14:51:22.355 23648 23712 V Robocol : unable to process command CMD_INIT_OP_MODE callbacks=EventLoopManager
11-19 14:51:24.763 23648 23763 V Robocol : issuing peerDisconnected(): lastRecvPacket=2.008 s
11-19 14:51:24.764 23648 23763 V RobotCore: Network: active, disconnected
11-19 14:51:24.764 23648 23763 I RobotCore: Lost connection while main event loop not active
11-19 14:51:24.793 23648 23648 D MediaPlayer: setSubtitleAnchor in MediaPlayer
11-19 14:51:24.793 23648 23717 D MediaPlayer: setSubtitleAnchor in MediaPlayer
11-19 14:51:24.796 23648 23648 E MediaPlayer: invoke failed: wrong state 8
11-19 14:51:24.797 23648 23648 W MediaPlayer: mediaplayer went away with unhandled events
11-19 14:51:24.811 23648 23715 D ExtendedUtils: extended extractor not needed, return default
11-19 14:51:24.811 23648 23715 I MediaCodec: (0xb8897d30) init name(audio/raw) isType(1) encoder(0)
11-19 14:51:24.813 23648 23916 I OMXClient: Using client-side OMX mux.
11-19 14:51:24.824 23648 23916 E OMXMaster: A component of name 'OMX.qcom.audio.decoder.aac' already exists, ignoring this one.
11-19 14:51:24.832 23648 23916 I MediaCodec: (0xb8897d30) Component Allocated (OMX.google.raw.decoder)
11-19 14:51:24.832 23648 23715 I MediaCodec: (0xb8897d30) configure surface(0x0) crypto(0x0) flags(0)
11-19 14:51:24.832 23648 23715 D MediaCodec: (0xb8897d30) configure format: AMessage(what = 0x00000000) = {
11-19 14:51:24.832 23648 23715 D MediaCodec:    string mime = "audio/raw"
11-19 14:51:24.832 23648 23715 D MediaCodec:    int64_t durationUs = 516598
11-19 14:51:24.832 23648 23715 D MediaCodec:    int32_t channel-count = 2
11-19 14:51:24.832 23648 23715 D MediaCodec:    int32_t sample-rate = 44100
11-19 14:51:24.832 23648 23715 D MediaCodec:    int32_t channel-mask = 0
11-19 14:51:24.832 23648 23715 D MediaCodec:  }
11-19 14:51:24.833 23648 23715 I MediaCodec: (0xb8897d30) start
11-19 14:51:24.834 23648 23916 I MediaCodec: (0xb8897d30) input buffers allocated
11-19 14:51:24.834 23648 23916 I MediaCodec: (0xb8897d30) numBuffers (4)
11-19 14:51:24.834 23648 23916 I MediaCodec: (0xb8897d30) output buffers allocated
11-19 14:51:24.834 23648 23916 I MediaCodec: (0xb8897d30) numBuffers (4)
11-19 14:51:24.836 23648 23916 I MediaCodec: (0xb8897d30) codec output format changed
11-19 14:51:24.836 23648 23916 D MediaCodec: (0xb8897d30) output format: AMessage(what = 'codc', target = 18) = {
11-19 14:51:24.836 23648 23916 D MediaCodec:    string mime = "audio/raw"
11-19 14:51:24.836 23648 23916 D MediaCodec:    int32_t channel-count = 2
11-19 14:51:24.836 23648 23916 D MediaCodec:    int32_t sample-rate = 44100
11-19 14:51:24.836 23648 23916 D MediaCodec:    int32_t channel-mask = 0
11-19 14:51:24.836 23648 23916 D MediaCodec:    int32_t what = 1869968451
11-19 14:51:24.836 23648 23916 D MediaCodec:  }
11-19 14:51:24.841 23648 23715 I MediaCodec: (0xb8897d30) stop
11-19 14:51:24.843 23648 23715 I MediaCodec: (0xb8897d30) release
11-19 14:51:24.846 23648 23717 W AudioTrack: AUDIO_OUTPUT_FLAG_FAST denied by client; transfer 4, track 44100 Hz, output 48000 Hz
11-19 14:51:28.515 23648 23713 V Robocol : resetting peerDisconnected()
11-19 14:51:28.546 23648 23713 V NetDiscover_prefremrc: sendAllPreferences()
11-19 14:51:28.546 23648 23713 V NetDiscover_prefremrc: sending RC pref name=pref_wifip2p_remote_channel_change_works value=true
11-19 14:51:28.546 23648 23713 V NetDiscover_prefremrc: sending RC pref name=pref_device_name value=12611-RC
11-19 14:51:28.546 23648 23713 V NetDiscover_prefremrc: sending RC pref name=pref_has_independent_phone_battery value=true
11-19 14:51:28.547 23648 23713 V NetDiscover_prefremrc: sending RC pref name=pref_app_theme value=teal
11-19 14:51:28.547 23648 23713 V NetDiscover_prefremrc: sending RC pref name=pref_sound_on_off value=false
11-19 14:51:28.547 23648 23713 V RobotCore: Network: active, connected
11-19 14:51:28.549 23648 23717 W AudioTrack: AUDIO_OUTPUT_FLAG_FAST denied by client; transfer 4, track 44100 Hz, output 48000 Hz
11-19 14:51:28.554 23648 23713 V Robocol : received command: CMD_REQUEST_UI_STATE(10004) 
11-19 14:51:28.563 23648 23763 V Robocol : sending CMD_NOTIFY_USER_DEVICE_LIST(723), attempt: 0
11-19 14:51:28.564 23648 23763 V Robocol : sending CMD_ROBOT_CONTROLLER_PREFERENCE(724), attempt: 0
11-19 14:51:28.565 23648 23763 V Robocol : sending CMD_ROBOT_CONTROLLER_PREFERENCE(725), attempt: 0
11-19 14:51:28.566 23648 23763 V Robocol : sending CMD_ROBOT_CONTROLLER_PREFERENCE(726), attempt: 0
11-19 14:51:28.566 23648 23763 V Robocol : sending CMD_ROBOT_CONTROLLER_PREFERENCE(727), attempt: 0
11-19 14:51:28.567 23648 23763 V Robocol : sending CMD_ROBOT_CONTROLLER_PREFERENCE(728), attempt: 0
11-19 14:51:28.567 23648 23763 V Robocol : sending CMD_NOTIFY_ACTIVE_CONFIGURATION(732), attempt: 0
11-19 14:51:28.603 23648 23763 V Robocol : sending CMD_NOTIFY_USER_DEVICE_LIST(733), attempt: 0
11-19 14:51:28.604 23648 23763 V Robocol : sending CMD_NOTIFY_OP_MODE_LIST(734), attempt: 0
11-19 14:51:28.633 23648 23713 V Robocol : received command: CMD_INIT_OP_MODE(10014) $Stop$Robot$
11-19 14:51:28.634 23648 23712 V Robocol : unable to process command CMD_INIT_OP_MODE callbacks=EventLoopManager
11-19 14:51:33.533 23648 23648 V RCActivity: onPause()
11-19 14:51:33.542 23648 23648 V RCActivity: onStop()
11-19 14:51:33.569 23648 23648 V OnBotJavaService: onTrimMemory()
11-19 14:51:33.569 23648 23648 V MTPMonitorService: onTrimMemory()
11-19 14:51:35.216 23648 23648 V AppUtil : rootActivity=FtcRobotControllerActivity destroyed
11-19 14:51:35.216 23648 23648 V RCActivity: onDestroy()
11-19 14:51:35.216 23648 23648 V Robocol : EventLoopManager.shutdown()
11-19 14:51:35.216 23648 23648 V ThreadPool: waiting for service EventLoop
11-19 14:51:35.217 23648 23718 V RobotCore: EventLoopRunnable interrupted
11-19 14:51:35.217 23648 23718 V RobotCore: EventLoopManager state is STOPPED
11-19 14:51:35.218 23648 23718 V RobotCore: Robot Status: stopped
11-19 14:51:35.218 23648 23718 I FtcEventLoopIdle: ------- idle teardown ----
11-19 14:51:35.218 23648 23718 V RobotCore: thread: ...terminating 'opmode loop()'
11-19 14:51:35.218 23648 23718 V ThreadPool: container(0x074e297b: executorEventLoop) removed id=9032 TID=23718 count=1
11-19 14:51:35.218 23648 23648 V ThreadPool: awaitTermination returned, isTerminated=true
11-19 14:51:35.218 23648 23648 V ThreadPool: executive service EventLoop(0x074e297b) is terminated
11-19 14:51:35.218 23648 23648 V RobotCore: EventLoopManager state is STOPPED
11-19 14:51:35.222 23648 23648 V NetDiscover_name: doStop()...
11-19 14:51:35.222 23648 23648 V NetDiscover_name: ...doStop()
11-19 14:51:35.224 23648 23648 V ServiceStarter: attempting to stop service FtcRobotControllerWatchdogService
11-19 14:51:35.243 23648 23763 V Robocol : sending CMD_NOTIFY_ROBOT_STATE(807), attempt: 0
11-19 14:51:35.243 23648 23763 V Robocol : sending CMD_NOTIFY_ROBOT_STATE(808), attempt: 0
11-19 14:51:35.726 23648 23648 V RobotCore: closing logcat file /storage/emulated/0/robotControllerLog.txt
11-19 14:51:35.767 23997 23997 W ps      : type=1400 audit(0.0:174160): avc: denied { getattr } for uid=10133 path="/proc/1" dev="proc" ino=1515663 scontext=u:r:untrusted_app:s0:c512,c768 tcontext=u:r:init:s0 tclass=dir permissive=0
11-19 14:51:35.767 23997 23997 W ps      : type=1400 audit(0.0:174161): avc: denied { search } for uid=10133 name="1" dev="proc" ino=1515663 scontext=u:r:untrusted_app:s0:c512,c768 tcontext=u:r:init:s0 tclass=dir permissive=0
11-19 14:51:35.767 23997 23997 W ps      : type=1400 audit(0.0:174162): avc: denied { search } for uid=10133 name="1" dev="proc" ino=1515663 scontext=u:r:untrusted_app:s0:c512,c768 tcontext=u:r:init:s0 tclass=dir permissive=0
11-19 14:51:35.767 23997 23997 W ps      : type=1400 audit(0.0:174163): avc: denied { getattr } for uid=10133 path="/proc/2" dev="proc" ino=1515664 scontext=u:r:untrusted_app:s0:c512,c768 tcontext=u:r:kernel:s0 tclass=dir permissive=0
11-19 14:51:35.767 23997 23997 W ps      : type=1400 audit(0.0:174164): avc: denied { search } for uid=10133 name="2" dev="proc" ino=1515664 scontext=u:r:untrusted_app:s0:c512,c768 tcontext=u:r:kernel:s0 tclass=dir permissive=0
11-19 14:51:35.767 23997 23997 W ps      : type=1400 audit(0.0:174165): avc: denied { search } for uid=10133 name="2" dev="proc" ino=1515664 scontext=u:r:untrusted_app:s0:c512,c768 tcontext=u:r:kernel:s0 tclass=dir permissive=0
11-19 14:51:35.767 23997 23997 W ps      : type=1400 audit(0.0:174166): avc: denied { getattr } for uid=10133 path="/proc/3" dev="proc" ino=1515665 scontext=u:r:untrusted_app:s0:c512,c768 tcontext=u:r:kernel:s0 tclass=dir permissive=0
11-19 14:51:35.767 23997 23997 W ps      : type=1400 audit(0.0:174167): avc: denied { search } for uid=10133 name="3" dev="proc" ino=1515665 scontext=u:r:untrusted_app:s0:c512,c768 tcontext=u:r:kernel:s0 tclass=dir permissive=0
11-19 14:51:35.767 23997 23997 W ps      : type=1400 audit(0.0:174168): avc: denied { search } for uid=10133 name="3" dev="proc" ino=1515665 scontext=u:r:untrusted_app:s0:c512,c768 tcontext=u:r:kernel:s0 tclass=dir permissive=0
11-19 14:51:35.767 23997 23997 W ps      : type=1400 audit(0.0:174169): avc: denied { getattr } for uid=10133 path="/proc/5" dev="proc" ino=1515666 scontext=u:r:untrusted_app:s0:c512,c768 tcontext=u:r:kernel:s0 tclass=dir permissive=0
11-19 14:51:35.767 23997 23997 W ps      : type=1400 audit(0.0:174170): avc: denied { search } for uid=10133 name="5" dev="proc" ino=1515666 scontext=u:r:untrusted_app:s0:c512,c768 tcontext=u:r:kernel:s0 tclass=dir permissive=0
11-19 14:51:35.767 23997 23997 W ps      : type=1400 audit(0.0:174171): avc: denied { search } for uid=10133 name="5" dev="proc" ino=1515666 scontext=u:r:untrusted_app:s0:c512,c768 tcontext=u:r:kernel:s0 tclass=dir permissive=0
11-19 14:51:35.767 23997 23997 W ps      : type=1400 audit(0.0:174172): avc: denied { getattr } for uid=10133 path="/proc/6" dev="proc" ino=1515667 scontext=u:r:untrusted_app:s0:c512,c768 tcontext=u:r:kernel:s0 tclass=dir permissive=0
11-19 14:51:35.767 23997 23997 W ps      : type=1400 audit(0.0:174173): avc: denied { search } for uid=10133 name="6" dev="proc" ino=1515667 scontext=u:r:untrusted_app:s0:c512,c768 tcontext=u:r:kernel:s0 tclass=dir permissive=0
11-19 14:51:35.767 23997 23997 W ps      : type=1400 audit(0.0:174174): avc: denied { search } for uid=10133 name="6" dev="proc" ino=1515667 scontext=u:r:untrusted_app:s0:c512,c768 tcontext=u:r:kernel:s0 tclass=dir permissive=0
11-19 14:51:35.767 23997 23997 W ps      : type=1400 audit(0.0:174175): avc: denied { getattr } for uid=10133 path="/proc/7" dev="proc" ino=1515668 scontext=u:r:untrusted_app:s0:c512,c768 tcontext=u:r:kernel:s0 tclass=dir permissive=0
11-19 14:51:35.767 23997 23997 W ps      : type=1400 audit(0.0:174176): avc: denied { search } for uid=10133 name="7" dev="proc" ino=1515668 scontext=u:r:untrusted_app:s0:c512,c768 tcontext=u:r:kernel:s0 tclass=dir permissive=0
11-19 14:51:35.767 23997 23997 W ps      : type=1400 audit(0.0:174177): avc: denied { search } for uid=10133 name="7" dev="proc" ino=1515668 scontext=u:r:untrusted_app:s0:c512,c768 tcontext=u:r:kernel:s0 tclass=dir permissive=0
11-19 14:51:35.767 23997 23997 W ps      : type=1400 audit(0.0:174178): avc: denied { getattr } for uid=10133 path="/proc/8" dev="proc" ino=1515669 scontext=u:r:untrusted_app:s0:c512,c768 tcontext=u:r:kernel:s0 tclass=dir permissive=0
11-19 14:51:35.801 23648 23648 V RobotCore: Killing PID 23669
--------- beginning of main
11-19 14:39:22.553 20389 22064 I chatty  : uid=10133 expire 119 lines
11-19 14:39:22.558 20389 20838 I chatty  : uid=10133 expire 19 lines
11-19 14:39:23.989 20389 20399 I chatty  : uid=10133 expire 12 lines
11-19 14:39:26.413 20389 20830 I chatty  : uid=10133 expire 15 lines
11-19 14:39:26.414 20389 20829 I chatty  : uid=10133 expire 13 lines
11-19 14:39:34.122 20389 21651 I chatty  : uid=10133 expire 40 lines
11-19 14:39:35.758 20389 22064 I chatty  : uid=10133 expire 134 lines
11-19 14:39:52.514 20389 22184 I chatty  : uid=10133 expire 4 lines
11-19 14:43:29.859 20389 20399 I chatty  : uid=10133 expire 6 lines
11-19 14:44:07.797 20389 21651 I chatty  : uid=10133 expire 36 lines
11-19 14:44:44.636 20389 22355 I chatty  : uid=10133 expire 4 lines
11-19 14:45:07.585 20389 21651 I chatty  : uid=10133 expire 23 lines
11-19 14:45:29.545 20389 20546 I chatty  : uid=10133 expire 4 lines
11-19 14:45:29.565 20389 20544 I chatty  : uid=10133 expire 7 lines
11-19 14:45:29.568 20389 22376 I chatty  : uid=10133 expire 9 lines
11-19 14:45:30.906 20389 20830 I chatty  : uid=10133 expire 11 lines
11-19 14:45:30.918 20389 20838 I chatty  : uid=10133 expire 13 lines
11-19 14:45:30.955 20389 20829 I chatty  : uid=10133 expire 3 lines
11-19 14:46:07.765 20389 21667 I chatty  : uid=10133 expire 2 lines
11-19 14:46:07.771 20389 21668 I chatty  : uid=10133 expire 1 line
11-19 14:46:07.767 21670 21670 I chatty  : uid=10133 com.qualcomm.ftcrobotcontroller expire 1 line
11-19 14:46:07.772 20389 21670 I chatty  : uid=10133 expire 4 lines
11-19 14:46:07.774 20389 21669 I chatty  : uid=10133 expire 1 line
11-19 14:46:07.867 20389 20389 I chatty  : uid=10133 expire 16 lines
11-19 14:46:19.715 20389 21651 I chatty  : uid=10133 expire 22 lines
11-19 14:46:19.716 20389 21653 I chatty  : uid=10133 expire 1 line
11-19 14:46:19.718 20389 20838 I chatty  : uid=10133 expire 2 lines
11-19 14:46:19.720 20389 21672 I chatty  : uid=10133 expire 1 line
11-19 14:46:19.721 20389 21671 I chatty  : uid=10133 expire 1 line
11-19 14:46:19.753 20389 20830 I chatty  : uid=10133 expire 2 lines
11-19 14:46:20.290 22420 22420 I chatty  : uid=10133 ps expire 38 lines
11-19 14:46:20.323 20389 20389 I chatty  : uid=10133 expire 19 lines
11-19 14:47:38.181 22775 22775 I chatty  : uid=10133 expire 106 lines
11-19 14:47:38.236 22775 22781 I chatty  : uid=10133 expire 1 line
11-19 14:47:38.263 22775 22788 I chatty  : uid=10133 expire 2 lines
11-19 14:47:38.317 22790 22790 I chatty  : uid=10133 ps expire 20 lines
11-19 14:47:38.320 22775 22792 I chatty  : uid=10133 expire 12 lines
11-19 14:47:40.837 22775 22909 I chatty  : uid=10133 expire 2 lines
11-19 14:47:41.061 22775 22914 I chatty  : uid=10133 expire 143 lines
11-19 14:47:41.243 22775 22920 I chatty  : uid=10133 expire 1 line
11-19 14:47:46.067 22775 22926 I chatty  : uid=10133 expire 7 lines
11-19 14:47:46.101 22775 22929 I chatty  : uid=10133 expire 14 lines
11-19 14:47:46.164 22775 22934 I chatty  : uid=10133 expire 7 lines
11-19 14:47:46.177 22775 22933 I chatty  : uid=10133 expire 8 lines
11-19 14:47:46.215 22775 22931 I chatty  : uid=10133 expire 21 lines
11-19 14:47:46.218 22775 22938 I chatty  : uid=10133 expire 9 lines
11-19 14:47:46.290 22775 22945 I chatty  : uid=10133 expire 9 lines
11-19 14:47:46.948 22775 22952 I chatty  : uid=10133 expire 13 lines
11-19 14:47:46.955 22775 22928 I chatty  : uid=10133 expire 2 lines
11-19 14:47:47.294 22775 22957 I chatty  : uid=10133 expire 9 lines
11-19 14:47:51.115 22775 22775 I chatty  : uid=10133 expire 6 lines
11-19 14:48:16.077 22775 22927 I chatty  : uid=10133 expire 1 line
11-19 14:48:16.163 22775 22914 I chatty  : uid=10133 expire 1 line
11-19 14:48:51.953 22775 22929 I chatty  : uid=10133 expire 1 line
11-19 14:48:54.192 22775 22931 I chatty  : uid=10133 expire 7 lines
11-19 14:48:54.195 22775 23009 I chatty  : uid=10133 expire 9 lines
11-19 14:49:26.285 23200 23200 I chatty  : uid=10133 expire 120 lines
11-19 14:49:26.322 23200 23206 I chatty  : uid=10133 expire 2 lines
11-19 14:49:26.379 23200 23226 I chatty  : uid=10133 expire 2 lines
11-19 14:49:26.427 23230 23230 I chatty  : uid=10133 ps expire 20 lines
11-19 14:49:26.493 23200 23234 I chatty  : uid=10133 expire 15 lines
11-19 14:49:28.945 23200 23368 I chatty  : uid=10133 expire 2 lines
11-19 14:49:29.155 23200 23372 I chatty  : uid=10133 expire 145 lines
11-19 14:49:29.320 23200 23376 I chatty  : uid=10133 expire 1 line
11-19 14:49:34.165 23200 23388 I chatty  : uid=10133 expire 7 lines
11-19 14:49:34.211 23200 23391 I chatty  : uid=10133 expire 3 lines
11-19 14:49:34.280 23200 23396 I chatty  : uid=10133 expire 27 lines
11-19 14:49:34.295 23200 23395 I chatty  : uid=10133 expire 4 lines
11-19 14:49:34.324 23200 23393 I chatty  : uid=10133 expire 14 lines
11-19 14:49:34.326 23200 23400 I chatty  : uid=10133 expire 9 lines
11-19 14:49:34.401 23200 23407 I chatty  : uid=10133 expire 9 lines
11-19 14:50:04.181 23200 23389 I chatty  : uid=10133 expire 1 line
11-19 14:50:04.279 23200 23372 I chatty  : uid=10133 expire 1 line
11-19 14:50:16.072 23200 23412 I chatty  : uid=10133 expire 1 line
11-19 14:50:16.586 23200 23200 I chatty  : uid=10133 expire 19 lines
11-19 14:50:16.627 23645 23645 I chatty  : uid=10133 ps expire 20 lines
11-19 14:50:17.994 23648 23648 I chatty  : uid=10133 expire 104 lines
11-19 14:50:18.068 23648 23663 I chatty  : uid=10133 expire 2 lines
11-19 14:50:18.100 23648 23667 I chatty  : uid=10133 expire 15 lines
11-19 14:50:18.110 23665 23665 I chatty  : uid=10133 ps expire 20 lines
11-19 14:50:20.207 23648 23697 I chatty  : uid=10133 expire 2 lines
11-19 14:50:20.408 23648 23702 I chatty  : uid=10133 expire 145 lines
11-19 14:50:25.414 23648 23710 I chatty  : uid=10133 expire 7 lines
11-19 14:50:25.463 23648 23713 I chatty  : uid=10133 expire 15 lines
11-19 14:50:25.539 23648 23718 I chatty  : uid=10133 expire 79 lines
11-19 14:50:25.573 23648 23717 I chatty  : uid=10133 expire 6 lines
11-19 14:50:25.611 23648 23715 I chatty  : uid=10133 expire 21 lines
11-19 14:50:25.614 23648 23722 I chatty  : uid=10133 expire 9 lines
11-19 14:50:25.688 23648 23730 I chatty  : uid=10133 expire 9 lines
11-19 14:50:28.030 23648 23648 I chatty  : uid=10133 expire 24 lines
11-19 14:50:28.362 23648 23739 I chatty  : uid=10133 expire 1 line
11-19 14:50:28.368 23648 23741 I chatty  : uid=10133 expire 1 line
11-19 14:50:28.369 23648 23740 I chatty  : uid=10133 expire 1 line
11-19 14:50:28.944 23648 23745 I chatty  : uid=10133 expire 2 lines
11-19 14:50:28.958 23648 23746 I chatty  : uid=10133 expire 1 line
11-19 14:50:29.018 23648 23747 I chatty  : uid=10133 expire 1 line
11-19 14:50:30.924 23648 23712 I chatty  : uid=10133 expire 3 lines
11-19 14:50:30.925 23648 23763 I chatty  : uid=10133 expire 10 lines
11-19 14:50:30.945 23648 23767 I chatty  : uid=10133 expire 9 lines
11-19 14:50:47.755 23648 23713 I chatty  : uid=10133 expire 1 line
11-19 14:50:48.019 23648 23718 I chatty  : uid=10133 expire 31 lines
11-19 14:50:48.451 23648 23776 I chatty  : uid=10133 expire 33 lines
11-19 14:50:48.483 23648 23763 I chatty  : uid=10133 expire 1 line
11-19 14:50:55.436 23648 23711 I chatty  : uid=10133 expire 1 line
11-19 14:50:55.477 23648 23776 I chatty  : uid=10133 expire 7 lines
11-19 14:50:55.479 23648 23776 E LynxI2cDeviceSynch: 	at com.qualcomm.robotcore.hardware.I2cDeviceSynchImplOnSimple.read(I2cDeviceSynchImplOnSimple.java:489)
11-19 14:50:55.480 23648 23776 E LynxI2cDeviceSynch: 	at com.qualcomm.robotcore.hardware.I2cDeviceSynchImplOnSimple.read8(I2cDeviceSynchImplOnSimple.java:483)
11-19 14:50:55.481 23648 23776 E LynxI2cDeviceSynch: 	at com.qualcomm.hardware.modernrobotics.ModernRoboticsI2cRangeSensor.read8(ModernRoboticsI2cRangeSensor.java:292)
11-19 14:50:55.481 23648 23776 E LynxI2cDeviceSynch: 	at com.qualcomm.hardware.modernrobotics.ModernRoboticsI2cRangeSensor.readUnsignedByte(ModernRoboticsI2cRangeSensor.java:306)
11-19 14:50:55.481 23648 23776 E LynxI2cDeviceSynch: 	at com.qualcomm.hardware.modernrobotics.ModernRoboticsI2cRangeSensor.rawOptical(ModernRoboticsI2cRangeSensor.java:253)
11-19 14:50:55.487 23648 23776 E LynxI2cDeviceSynch: 	at com.qualcomm.hardware.modernrobotics.ModernRoboticsI2cRangeSensor.getDistance(ModernRoboticsI2cRangeSensor.java:160)
11-19 14:50:55.489 23648 23776 E LynxI2cDeviceSynch: 	at org.firstinspires.ftc.teamcode.TechNova2017.MecanumRobot.getX1Distance(MecanumRobot.java:915)
11-19 14:50:55.489 23648 23776 E LynxI2cDeviceSynch: 	at org.firstinspires.ftc.teamcode.TechNova2017.RelicRecoveryAutoBlue2.runOpMode(RelicRecoveryAutoBlue2.java:52)
11-19 14:50:55.490 23648 23776 E LynxI2cDeviceSynch: 	at com.qualcomm.robotcore.eventloop.opmode.LinearOpMode$LinearOpModeHelper$1.run(LinearOpMode.java:305)
11-19 14:50:55.491 23648 23776 E LynxI2cDeviceSynch: 	at com.qualcomm.robotcore.util.ThreadPool.logThreadLifeCycle(ThreadPool.java:709)
11-19 14:50:55.491 23648 23776 E LynxI2cDeviceSynch: 	at com.qualcomm.robotcore.eventloop.opmode.LinearOpMode$LinearOpModeHelper.run(LinearOpMode.java:300)
11-19 14:50:55.492 23648 23776 E LynxI2cDeviceSynch: 	at java.util.concurrent.ThreadPoolExecutor.runWorker(ThreadPoolExecutor.java:1113)
11-19 14:50:55.493 23648 23776 E LynxI2cDeviceSynch: 	at java.util.concurrent.ThreadPoolExecutor$Worker.run(ThreadPoolExecutor.java:588)
11-19 14:50:55.494 23648 23776 E LynxI2cDeviceSynch: 	at com.qualcomm.robotcore.util.ThreadPool$ThreadFactoryImpl$1.run(ThreadPool.java:764)
11-19 14:50:55.495 23648 23776 E LynxI2cDeviceSynch: 	at java.lang.Thread.run(Thread.java:818)
11-19 14:50:55.495 23648 23776 E LynxI2cDeviceSynch: placeholder: readTimestamped
11-19 14:50:55.496 23648 23718 D RobotCore: system telemetry: key=$System$Warning$ msg="problem with "x1Range""
11-19 14:50:55.522 23648 23745 V RobotCore: nack rec'd mod=3 msg#=37 ref#=0 reason=PACKET_TYPE_ID_UNKNOWN:255
11-19 14:50:55.530 23648 23776 E LynxI2cDeviceSynch: exception thrown during lynx communication
11-19 14:50:55.532 23648 23776 E LynxI2cDeviceSynch: com.qualcomm.hardware.lynx.LynxNackException: (DQ143RN2 #3) LynxI2cWriteSingleByteCommand: nack received: PACKET_TYPE_ID_UNKNOWN:255
11-19 14:50:55.533 23648 23776 E LynxI2cDeviceSynch: 	at com.qualcomm.hardware.lynx.commands.LynxRespondable.throwIfNack(LynxRespondable.java:324)
11-19 14:50:55.535 23648 23717 W AudioTrack: AUDIO_OUTPUT_FLAG_FAST denied by client; transfer 4, track 44100 Hz, output 48000 Hz
11-19 14:50:55.537 23648 23776 E LynxI2cDeviceSynch: 	at com.qualcomm.hardware.lynx.commands.LynxRespondable.send(LynxRespondable.java:239)
11-19 14:50:55.538 23648 23776 E LynxI2cDeviceSynch: 	at com.qualcomm.hardware.lynx.LynxI2cDeviceSynch.sendI2cWriteTx(LynxI2cDeviceSynch.java:371)
11-19 14:50:55.538 23648 23702 V ThreadPool: container(0x09344f17: default threadpool) removed id=9020 TID=23702 count=1
11-19 14:50:55.539 23648 23776 E LynxI2cDeviceSynch: 	at com.qualcomm.hardware.lynx.LynxI2cDeviceSynchV1$1.get(LynxI2cDeviceSynchV1.java:67)
11-19 14:50:55.539 23648 23776 E LynxI2cDeviceSynch: 	at com.qualcomm.hardware.lynx.LynxI2cDeviceSynchV1$1.get(LynxI2cDeviceSynchV1.java:64)
11-19 14:50:55.541 23648 23776 E LynxI2cDeviceSynch: 	at com.qualcomm.hardware.lynx.LynxModule.acquireI2cLockWhile(LynxModule.java:1118)
11-19 14:50:55.544 23648 23776 E LynxI2cDeviceSynch: 	at com.qualcomm.hardware.lynx.LynxI2cDeviceSynch.acquireI2cLockWhile(LynxI2cDeviceSynch.java:391)
11-19 14:50:55.545 23648 23776 E LynxI2cDeviceSynch: 	at com.qualcomm.hardware.lynx.LynxI2cDeviceSynchV1.readTimeStamped(LynxI2cDeviceSynchV1.java:63)
11-19 14:50:55.545 23648 23776 E LynxI2cDeviceSynch: 	at com.qualcomm.robotcore.hardware.I2cDeviceSynchImplOnSimple.readTimeStamped(I2cDeviceSynchImplOnSimple.java:525)
11-19 14:50:55.546 23648 23776 E LynxI2cDeviceSynch: 	at com.qualcomm.robotcore.hardware.I2cDeviceSynchImplOnSimple.read(I2cDeviceSynchImplOnSimple.java:489)
11-19 14:50:55.546 23648 23776 E LynxI2cDeviceSynch: 	at com.qualcomm.robotcore.hardware.I2cDeviceSynchImplOnSimple.read8(I2cDeviceSynchImplOnSimple.java:483)
11-19 14:50:55.547 23648 23776 E LynxI2cDeviceSynch: 	at com.qualcomm.hardware.modernrobotics.ModernRoboticsI2cRangeSensor.read8(ModernRoboticsI2cRangeSensor.java:292)
11-19 14:50:55.547 23648 23776 E LynxI2cDeviceSynch: 	at com.qualcomm.hardware.modernrobotics.ModernRoboticsI2cRangeSensor.readUnsignedByte(ModernRoboticsI2cRangeSensor.java:306)
11-19 14:50:55.548 23648 23776 E LynxI2cDeviceSynch: 	at com.qualcomm.hardware.modernrobotics.ModernRoboticsI2cRangeSensor.rawUltrasonic(ModernRoboticsI2cRangeSensor.java:244)
11-19 14:50:55.548 23648 23776 E LynxI2cDeviceSynch: 	at com.qualcomm.hardware.modernrobotics.ModernRoboticsI2cRangeSensor.cmUltrasonic(ModernRoboticsI2cRangeSensor.java:189)
11-19 14:50:55.549 23648 23776 E LynxI2cDeviceSynch: 	at com.qualcomm.hardware.modernrobotics.ModernRoboticsI2cRangeSensor.getDistance(ModernRoboticsI2cRangeSensor.java:169)
11-19 14:50:55.550 23648 23776 E LynxI2cDeviceSynch: 	at org.firstinspires.ftc.teamcode.TechNova2017.MecanumRobot.getX1Distance(MecanumRobot.java:915)
11-19 14:50:55.550 23648 23776 E LynxI2cDeviceSynch: 	at org.firstinspires.ftc.teamcode.TechNova2017.RelicRecoveryAutoBlue2.runOpMode(RelicRecoveryAutoBlue2.java:52)
11-19 14:50:55.551 23648 23776 E LynxI2cDeviceSynch: 	at com.qualcomm.robotcore.eventloop.opmode.LinearOpMode$LinearOpModeHelper$1.run(LinearOpMode.java:305)
11-19 14:50:55.551 23648 23776 E LynxI2cDeviceSynch: 	at com.qualcomm.robotcore.util.ThreadPool.logThreadLifeCycle(ThreadPool.java:709)
11-19 14:50:55.552 23648 23776 E LynxI2cDeviceSynch: 	at com.qualcomm.robotcore.eventloop.opmode.LinearOpMode$LinearOpModeHelper.run(LinearOpMode.java:300)
11-19 14:50:55.552 23648 23776 E LynxI2cDeviceSynch: 	at java.util.concurrent.ThreadPoolExecutor.runWorker(ThreadPoolExecutor.java:1113)
11-19 14:50:55.552 23648 23776 E LynxI2cDeviceSynch: 	at java.util.concurrent.ThreadPoolExecutor$Worker.run(ThreadPoolExecutor.java:588)
11-19 14:50:55.552 23648 23776 E LynxI2cDeviceSynch: 	at com.qualcomm.robotcore.util.ThreadPool$ThreadFactoryImpl$1.run(ThreadPool.java:764)
11-19 14:50:55.553 23648 23776 E LynxI2cDeviceSynch: 	at java.lang.Thread.run(Thread.java:818)
11-19 14:50:55.671 23648 23718 D RobotCore: system telemetry: key=$System$None$ msg=""
11-19 14:51:01.230 23648 23658 I art     : Background sticky concurrent mark sweep GC freed 150317(6MB) AllocSpace objects, 19(1524KB) LOS objects, 19% free, 34MB/42MB, paused 2.371ms total 108.003ms
11-19 14:51:03.184 23648 23776 E LynxI2cDeviceSynch: exception thrown during lynx communication
11-19 14:51:03.186 23648 23776 E LynxI2cDeviceSynch: com.qualcomm.hardware.lynx.LynxNackException: (DQ143RN2 #3) LynxI2cReadSingleByteCommand: nack received: I2C_OPERATION_IN_PROGRESS:41
11-19 14:51:03.187 23648 23776 E LynxI2cDeviceSynch: 	at com.qualcomm.hardware.lynx.commands.LynxRespondable.throwIfNack(LynxRespondable.java:324)
11-19 14:51:03.187 23648 23776 E LynxI2cDeviceSynch: 	at com.qualcomm.hardware.lynx.commands.LynxRespondable.send(LynxRespondable.java:239)
11-19 14:51:03.188 23648 23776 E LynxI2cDeviceSynch: 	at com.qualcomm.hardware.lynx.LynxI2cDeviceSynchV1$1.get(LynxI2cDeviceSynchV1.java:76)
11-19 14:51:03.188 23648 23776 E LynxI2cDeviceSynch: 	at com.qualcomm.hardware.lynx.LynxI2cDeviceSynchV1$1.get(LynxI2cDeviceSynchV1.java:64)
11-19 14:51:03.188 23648 23776 E LynxI2cDeviceSynch: 	at com.qualcomm.hardware.lynx.LynxModule.acquireI2cLockWhile(LynxModule.java:1118)
11-19 14:51:03.189 23648 23776 E LynxI2cDeviceSynch: 	at com.qualcomm.hardware.lynx.LynxI2cDeviceSynch.acquireI2cLockWhile(LynxI2cDeviceSynch.java:391)
11-19 14:51:03.189 23648 23776 E LynxI2cDeviceSynch: 	at com.qualcomm.hardware.lynx.LynxI2cDeviceSynchV1.readTimeStamped(LynxI2cDeviceSynchV1.java:63)
11-19 14:51:03.189 23648 23776 E LynxI2cDeviceSynch: 	at com.qualcomm.robotcore.hardware.I2cDeviceSynchImplOnSimple.readTimeStamped(I2cDeviceSynchImplOnSimple.java:525)
11-19 14:51:03.190 23648 23776 E LynxI2cDeviceSynch: 	at com.qualcomm.robotcore.hardware.I2cDeviceSynchImplOnSimple.read(I2cDeviceSynchImplOnSimple.java:489)
11-19 14:51:03.190 23648 23776 E LynxI2cDeviceSynch: 	at com.qualcomm.robotcore.hardware.I2cDeviceSynchImplOnSimple.read8(I2cDeviceSynchImplOnSimple.java:483)
11-19 14:51:03.191 23648 23776 E LynxI2cDeviceSynch: 	at com.qualcomm.hardware.modernrobotics.ModernRoboticsI2cRangeSensor.read8(ModernRoboticsI2cRangeSensor.java:292)
11-19 14:51:03.191 23648 23776 E LynxI2cDeviceSynch: 	at com.qualcomm.hardware.modernrobotics.ModernRoboticsI2cRangeSensor.readUnsignedByte(ModernRoboticsI2cRangeSensor.java:306)
11-19 14:51:03.192 23648 23776 E LynxI2cDeviceSynch: 	at com.qualcomm.hardware.modernrobotics.ModernRoboticsI2cRangeSensor.rawUltrasonic(ModernRoboticsI2cRangeSensor.java:244)
11-19 14:51:03.192 23648 23776 E LynxI2cDeviceSynch: 	at com.qualcomm.hardware.modernrobotics.ModernRoboticsI2cRangeSensor.cmUltrasonic(ModernRoboticsI2cRangeSensor.java:189)
11-19 14:51:03.193 23648 23776 E LynxI2cDeviceSynch: 	at com.qualcomm.hardware.modernrobotics.ModernRoboticsI2cRangeSensor.getDistance(ModernRoboticsI2cRangeSensor.java:169)
11-19 14:51:03.193 23648 23776 E LynxI2cDeviceSynch: 	at org.firstinspires.ftc.teamcode.TechNova2017.MecanumRobot.getX1Distance(MecanumRobot.java:915)
11-19 14:51:03.195 23648 23776 E LynxI2cDeviceSynch: 	at org.firstinspires.ftc.teamcode.TechNova2017.RelicRecoveryAutoBlue2.runOpMode(RelicRecoveryAutoBlue2.java:52)
11-19 14:51:03.199 23648 23776 E LynxI2cDeviceSynch: 	at com.qualcomm.robotcore.eventloop.opmode.LinearOpMode$LinearOpModeHelper$1.run(LinearOpMode.java:305)
11-19 14:51:03.200 23648 23776 E LynxI2cDeviceSynch: 	at com.qualcomm.robotcore.util.ThreadPool.logThreadLifeCycle(ThreadPool.java:709)
11-19 14:51:03.201 23648 23776 E LynxI2cDeviceSynch: 	at com.qualcomm.robotcore.eventloop.opmode.LinearOpMode$LinearOpModeHelper.run(LinearOpMode.java:300)
11-19 14:51:03.201 23648 23776 E LynxI2cDeviceSynch: 	at java.util.concurrent.ThreadPoolExecutor.runWorker(ThreadPoolExecutor.java:1113)
11-19 14:51:03.201 23648 23776 E LynxI2cDeviceSynch: 	at java.util.concurrent.ThreadPoolExecutor$Worker.run(ThreadPoolExecutor.java:588)
11-19 14:51:03.204 23648 23776 E LynxI2cDeviceSynch: 	at com.qualcomm.robotcore.util.ThreadPool$ThreadFactoryImpl$1.run(ThreadPool.java:764)
11-19 14:51:03.204 23648 23776 E LynxI2cDeviceSynch: 	at java.lang.Thread.run(Thread.java:818)
11-19 14:51:03.204 23648 23776 E LynxI2cDeviceSynch: placeholder: readTimestamped
11-19 14:51:03.208 23648 23718 D RobotCore: system telemetry: key=$System$Warning$ msg="problem with "x1Range""
11-19 14:51:03.309 23648 23745 V RobotCore: nack rec'd mod=3 msg#=139 ref#=0 reason=PACKET_TYPE_ID_UNKNOWN:255
11-19 14:51:03.311 23648 23776 E LynxI2cDeviceSynch: exception thrown during lynx communication
11-19 14:51:03.312 23648 23776 E LynxI2cDeviceSynch: com.qualcomm.hardware.lynx.LynxNackException: (DQ143RN2 #3) LynxI2cWriteSingleByteCommand: nack received: PACKET_TYPE_ID_UNKNOWN:255
11-19 14:51:03.314 23648 23776 E LynxI2cDeviceSynch: 	at com.qualcomm.hardware.lynx.commands.LynxRespondable.throwIfNack(LynxRespondable.java:324)
11-19 14:51:03.315 23648 23776 E LynxI2cDeviceSynch: 	at com.qualcomm.hardware.lynx.commands.LynxRespondable.send(LynxRespondable.java:239)
11-19 14:51:03.316 23648 23776 E LynxI2cDeviceSynch: 	at com.qualcomm.hardware.lynx.LynxI2cDeviceSynch.sendI2cWriteTx(LynxI2cDeviceSynch.java:371)
11-19 14:51:03.316 23648 23776 E LynxI2cDeviceSynch: 	at com.qualcomm.hardware.lynx.LynxI2cDeviceSynchV1$1.get(LynxI2cDeviceSynchV1.java:67)
11-19 14:51:03.317 23648 23776 E LynxI2cDeviceSynch: 	at com.qualcomm.hardware.lynx.LynxI2cDeviceSynchV1$1.get(LynxI2cDeviceSynchV1.java:64)
11-19 14:51:03.317 23648 23776 E LynxI2cDeviceSynch: 	at com.qualcomm.hardware.lynx.LynxModule.acquireI2cLockWhile(LynxModule.java:1118)
11-19 14:51:03.319 23648 23776 E LynxI2cDeviceSynch: 	at com.qualcomm.hardware.lynx.LynxI2cDeviceSynch.acquireI2cLockWhile(LynxI2cDeviceSynch.java:391)
11-19 14:51:03.320 23648 23776 E LynxI2cDeviceSynch: 	at com.qualcomm.hardware.lynx.LynxI2cDeviceSynchV1.readTimeStamped(LynxI2cDeviceSynchV1.java:63)
11-19 14:51:03.321 23648 23776 E LynxI2cDeviceSynch: 	at com.qualcomm.robotcore.hardware.I2cDeviceSynchImplOnSimple.readTimeStamped(I2cDeviceSynchImplOnSimple.java:525)
11-19 14:51:03.326 23648 23776 E LynxI2cDeviceSynch: 	at com.qualcomm.robotcore.hardware.I2cDeviceSynchImplOnSimple.read(I2cDeviceSynchImplOnSimple.java:489)
11-19 14:51:03.327 23648 23776 E LynxI2cDeviceSynch: 	at com.qualcomm.robotcore.hardware.I2cDeviceSynchImplOnSimple.read8(I2cDeviceSynchImplOnSimple.java:483)
11-19 14:51:03.327 23648 23776 E LynxI2cDeviceSynch: 	at com.qualcomm.hardware.modernrobotics.ModernRoboticsI2cRangeSensor.read8(ModernRoboticsI2cRangeSensor.java:292)
11-19 14:51:03.328 23648 23776 E LynxI2cDeviceSynch: 	at com.qualcomm.hardware.modernrobotics.ModernRoboticsI2cRangeSensor.readUnsignedByte(ModernRoboticsI2cRangeSensor.java:306)
11-19 14:51:03.328 23648 23776 E LynxI2cDeviceSynch: 	at com.qualcomm.hardware.modernrobotics.ModernRoboticsI2cRangeSensor.rawOptical(ModernRoboticsI2cRangeSensor.java:253)
11-19 14:51:03.329 23648 23776 E LynxI2cDeviceSynch: 	at com.qualcomm.hardware.modernrobotics.ModernRoboticsI2cRangeSensor.getDistance(ModernRoboticsI2cRangeSensor.java:160)
11-19 14:51:03.329 23648 23776 E LynxI2cDeviceSynch: 	at org.firstinspires.ftc.teamcode.TechNova2017.MecanumRobot.getX1Distance(MecanumRobot.java:915)
11-19 14:51:03.329 23648 23776 E LynxI2cDeviceSynch: 	at org.firstinspires.ftc.teamcode.TechNova2017.RelicRecoveryAutoBlue2.runOpMode(RelicRecoveryAutoBlue2.java:52)
11-19 14:51:03.330 23648 23776 E LynxI2cDeviceSynch: 	at com.qualcomm.robotcore.eventloop.opmode.LinearOpMode$LinearOpModeHelper$1.run(LinearOpMode.java:305)
11-19 14:51:03.330 23648 23776 E LynxI2cDeviceSynch: 	at com.qualcomm.robotcore.util.ThreadPool.logThreadLifeCycle(ThreadPool.java:709)
11-19 14:51:03.331 23648 23776 E LynxI2cDeviceSynch: 	at com.qualcomm.robotcore.eventloop.opmode.LinearOpMode$LinearOpModeHelper.run(LinearOpMode.java:300)
11-19 14:51:03.331 23648 23776 E LynxI2cDeviceSynch: 	at java.util.concurrent.ThreadPoolExecutor.runWorker(ThreadPoolExecutor.java:1113)
11-19 14:51:03.331 23648 23776 E LynxI2cDeviceSynch: 	at java.util.concurrent.ThreadPoolExecutor$Worker.run(ThreadPoolExecutor.java:588)
11-19 14:51:03.332 23648 23776 E LynxI2cDeviceSynch: 	at com.qualcomm.robotcore.util.ThreadPool$ThreadFactoryImpl$1.run(ThreadPool.java:764)
11-19 14:51:03.332 23648 23776 E LynxI2cDeviceSynch: 	at java.lang.Thread.run(Thread.java:818)
11-19 14:51:03.354 23648 23718 D RobotCore: system telemetry: key=$System$None$ msg=""
11-19 14:51:07.587 23648 23776 E LynxI2cDeviceSynch: exception thrown during lynx communication
11-19 14:51:07.587 23648 23776 E LynxI2cDeviceSynch: com.qualcomm.hardware.lynx.LynxNackException: (DQ143RN2 #3) LynxI2cReadSingleByteCommand: nack received: I2C_OPERATION_IN_PROGRESS:41
11-19 14:51:07.588 23648 23776 E LynxI2cDeviceSynch: 	at com.qualcomm.hardware.lynx.commands.LynxRespondable.throwIfNack(LynxRespondable.java:324)
11-19 14:51:07.588 23648 23776 E LynxI2cDeviceSynch: 	at com.qualcomm.hardware.lynx.commands.LynxRespondable.send(LynxRespondable.java:239)
11-19 14:51:07.589 23648 23776 E LynxI2cDeviceSynch: 	at com.qualcomm.hardware.lynx.LynxI2cDeviceSynchV1$1.get(LynxI2cDeviceSynchV1.java:76)
11-19 14:51:07.589 23648 23776 E LynxI2cDeviceSynch: 	at com.qualcomm.hardware.lynx.LynxI2cDeviceSynchV1$1.get(LynxI2cDeviceSynchV1.java:64)
11-19 14:51:07.592 23648 23776 E LynxI2cDeviceSynch: 	at com.qualcomm.hardware.lynx.LynxModule.acquireI2cLockWhile(LynxModule.java:1118)
11-19 14:51:07.592 23648 23776 E LynxI2cDeviceSynch: 	at com.qualcomm.hardware.lynx.LynxI2cDeviceSynch.acquireI2cLockWhile(LynxI2cDeviceSynch.java:391)
11-19 14:51:07.593 23648 23776 E LynxI2cDeviceSynch: 	at com.qualcomm.hardware.lynx.LynxI2cDeviceSynchV1.readTimeStamped(LynxI2cDeviceSynchV1.java:63)
11-19 14:51:07.593 23648 23776 E LynxI2cDeviceSynch: 	at com.qualcomm.robotcore.hardware.I2cDeviceSynchImplOnSimple.readTimeStamped(I2cDeviceSynchImplOnSimple.java:525)
11-19 14:51:07.594 23648 23776 E LynxI2cDeviceSynch: 	at com.qualcomm.robotcore.hardware.I2cDeviceSynchImplOnSimple.read(I2cDeviceSynchImplOnSimple.java:489)
11-19 14:51:07.594 23648 23776 E LynxI2cDeviceSynch: 	at com.qualcomm.robotcore.hardware.I2cDeviceSynchImplOnSimple.read8(I2cDeviceSynchImplOnSimple.java:483)
