11-19 14:51:07.598 23648 23776 E LynxI2cDeviceSynch: 	at com.qualcomm.hardware.modernrobotics.ModernRoboticsI2cRangeSensor.read8(ModernRoboticsI2cRangeSensor.java:292)
11-19 14:51:07.599 23648 23776 E LynxI2cDeviceSynch: 	at com.qualcomm.hardware.modernrobotics.ModernRoboticsI2cRangeSensor.readUnsignedByte(ModernRoboticsI2cRangeSensor.java:306)
11-19 14:51:07.600 23648 23776 E LynxI2cDeviceSynch: 	at com.qualcomm.hardware.modernrobotics.ModernRoboticsI2cRangeSensor.rawOptical(ModernRoboticsI2cRangeSensor.java:253)
11-19 14:51:07.601 23648 23776 E LynxI2cDeviceSynch: 	at com.qualcomm.hardware.modernrobotics.ModernRoboticsI2cRangeSensor.getDistance(ModernRoboticsI2cRangeSensor.java:160)
11-19 14:51:07.601 23648 23776 E LynxI2cDeviceSynch: 	at org.firstinspires.ftc.teamcode.TechNova2017.MecanumRobot.getX1Distance(MecanumRobot.java:915)
11-19 14:51:07.604 23648 23776 E LynxI2cDeviceSynch: 	at org.firstinspires.ftc.teamcode.TechNova2017.RelicRecoveryAutoBlue2.runOpMode(RelicRecoveryAutoBlue2.java:52)
11-19 14:51:07.604 23648 23776 E LynxI2cDeviceSynch: 	at com.qualcomm.robotcore.eventloop.opmode.LinearOpMode$LinearOpModeHelper$1.run(LinearOpMode.java:305)
11-19 14:51:07.605 23648 23776 E LynxI2cDeviceSynch: 	at com.qualcomm.robotcore.util.ThreadPool.logThreadLifeCycle(ThreadPool.java:709)
11-19 14:51:07.605 23648 23776 E LynxI2cDeviceSynch: 	at com.qualcomm.robotcore.eventloop.opmode.LinearOpMode$LinearOpModeHelper.run(LinearOpMode.java:300)
11-19 14:51:07.605 23648 23776 E LynxI2cDeviceSynch: 	at java.util.concurrent.ThreadPoolExecutor.runWorker(ThreadPoolExecutor.java:1113)
11-19 14:51:07.606 23648 23776 E LynxI2cDeviceSynch: 	at java.util.concurrent.ThreadPoolExecutor$Worker.run(ThreadPoolExecutor.java:588)
11-19 14:51:07.606 23648 23776 E LynxI2cDeviceSynch: 	at com.qualcomm.robotcore.util.ThreadPool$ThreadFactoryImpl$1.run(ThreadPool.java:764)
11-19 14:51:07.607 23648 23776 E LynxI2cDeviceSynch: 	at java.lang.Thread.run(Thread.java:818)
11-19 14:51:07.607 23648 23776 E LynxI2cDeviceSynch: placeholder: readTimestamped
11-19 14:51:07.609 23648 23718 D RobotCore: system telemetry: key=$System$Warning$ msg="problem with "x1Range""
11-19 14:51:07.636 23648 23745 V RobotCore: nack rec'd mod=3 msg#=88 ref#=0 reason=PACKET_TYPE_ID_UNKNOWN:255
11-19 14:51:07.644 23648 23776 E LynxI2cDeviceSynch: exception thrown during lynx communication
11-19 14:51:07.645 23648 23776 E LynxI2cDeviceSynch: com.qualcomm.hardware.lynx.LynxNackException: (DQ143RN2 #3) LynxI2cWriteSingleByteCommand: nack received: PACKET_TYPE_ID_UNKNOWN:255
11-19 14:51:07.646 23648 23776 E LynxI2cDeviceSynch: 	at com.qualcomm.hardware.lynx.commands.LynxRespondable.throwIfNack(LynxRespondable.java:324)
11-19 14:51:07.646 23648 23776 E LynxI2cDeviceSynch: 	at com.qualcomm.hardware.lynx.commands.LynxRespondable.send(LynxRespondable.java:239)
11-19 14:51:07.647 23648 23776 E LynxI2cDeviceSynch: 	at com.qualcomm.hardware.lynx.LynxI2cDeviceSynch.sendI2cWriteTx(LynxI2cDeviceSynch.java:371)
11-19 14:51:07.647 23648 23776 E LynxI2cDeviceSynch: 	at com.qualcomm.hardware.lynx.LynxI2cDeviceSynchV1$1.get(LynxI2cDeviceSynchV1.java:67)
11-19 14:51:07.648 23648 23776 E LynxI2cDeviceSynch: 	at com.qualcomm.hardware.lynx.LynxI2cDeviceSynchV1$1.get(LynxI2cDeviceSynchV1.java:64)
11-19 14:51:07.648 23648 23776 E LynxI2cDeviceSynch: 	at com.qualcomm.hardware.lynx.LynxModule.acquireI2cLockWhile(LynxModule.java:1118)
11-19 14:51:07.649 23648 23776 E LynxI2cDeviceSynch: 	at com.qualcomm.hardware.lynx.LynxI2cDeviceSynch.acquireI2cLockWhile(LynxI2cDeviceSynch.java:391)
11-19 14:51:07.649 23648 23776 E LynxI2cDeviceSynch: 	at com.qualcomm.hardware.lynx.LynxI2cDeviceSynchV1.readTimeStamped(LynxI2cDeviceSynchV1.java:63)
11-19 14:51:07.649 23648 23776 E LynxI2cDeviceSynch: 	at com.qualcomm.robotcore.hardware.I2cDeviceSynchImplOnSimple.readTimeStamped(I2cDeviceSynchImplOnSimple.java:525)
11-19 14:51:07.650 23648 23776 E LynxI2cDeviceSynch: 	at com.qualcomm.robotcore.hardware.I2cDeviceSynchImplOnSimple.read(I2cDeviceSynchImplOnSimple.java:489)
11-19 14:51:07.650 23648 23776 E LynxI2cDeviceSynch: 	at com.qualcomm.robotcore.hardware.I2cDeviceSynchImplOnSimple.read8(I2cDeviceSynchImplOnSimple.java:483)
11-19 14:51:07.651 23648 23776 E LynxI2cDeviceSynch: 	at com.qualcomm.hardware.modernrobotics.ModernRoboticsI2cRangeSensor.read8(ModernRoboticsI2cRangeSensor.java:292)
11-19 14:51:07.651 23648 23776 E LynxI2cDeviceSynch: 	at com.qualcomm.hardware.modernrobotics.ModernRoboticsI2cRangeSensor.readUnsignedByte(ModernRoboticsI2cRangeSensor.java:306)
11-19 14:51:07.652 23648 23776 E LynxI2cDeviceSynch: 	at com.qualcomm.hardware.modernrobotics.ModernRoboticsI2cRangeSensor.rawUltrasonic(ModernRoboticsI2cRangeSensor.java:244)
11-19 14:51:07.652 23648 23776 E LynxI2cDeviceSynch: 	at com.qualcomm.hardware.modernrobotics.ModernRoboticsI2cRangeSensor.cmUltrasonic(ModernRoboticsI2cRangeSensor.java:189)
11-19 14:51:07.653 23648 23776 E LynxI2cDeviceSynch: 	at com.qualcomm.hardware.modernrobotics.ModernRoboticsI2cRangeSensor.getDistance(ModernRoboticsI2cRangeSensor.java:169)
11-19 14:51:07.653 23648 23776 E LynxI2cDeviceSynch: 	at org.firstinspires.ftc.teamcode.TechNova2017.MecanumRobot.getX1Distance(MecanumRobot.java:915)
11-19 14:51:07.654 23648 23776 E LynxI2cDeviceSynch: 	at org.firstinspires.ftc.teamcode.TechNova2017.RelicRecoveryAutoBlue2.runOpMode(RelicRecoveryAutoBlue2.java:52)
11-19 14:51:07.654 23648 23776 E LynxI2cDeviceSynch: 	at com.qualcomm.robotcore.eventloop.opmode.LinearOpMode$LinearOpModeHelper$1.run(LinearOpMode.java:305)
11-19 14:51:07.654 23648 23776 E LynxI2cDeviceSynch: 	at com.qualcomm.robotcore.util.ThreadPool.logThreadLifeCycle(ThreadPool.java:709)
11-19 14:51:07.655 23648 23776 E LynxI2cDeviceSynch: 	at com.qualcomm.robotcore.eventloop.opmode.LinearOpMode$LinearOpModeHelper.run(LinearOpMode.java:300)
11-19 14:51:07.655 23648 23776 E LynxI2cDeviceSynch: 	at java.util.concurrent.ThreadPoolExecutor.runWorker(ThreadPoolExecutor.java:1113)
11-19 14:51:07.655 23648 23776 E LynxI2cDeviceSynch: 	at java.util.concurrent.ThreadPoolExecutor$Worker.run(ThreadPoolExecutor.java:588)
11-19 14:51:07.656 23648 23776 E LynxI2cDeviceSynch: 	at com.qualcomm.robotcore.util.ThreadPool$ThreadFactoryImpl$1.run(ThreadPool.java:764)
11-19 14:51:07.656 23648 23776 E LynxI2cDeviceSynch: 	at java.lang.Thread.run(Thread.java:818)
11-19 14:51:07.773 23648 23718 D RobotCore: system telemetry: key=$System$None$ msg=""
11-19 14:51:08.937 23648 23776 V RobotCore: addr=false data=true arb=false clock=false
11-19 14:51:08.938 23648 23776 E LynxI2cDeviceSynch: readStatusQuery: cbExpected=1 cbRead=0
11-19 14:51:08.938 23648 23776 E LynxI2cDeviceSynch: placeholder: readStatusQuery
11-19 14:51:08.941 23648 23718 D RobotCore: system telemetry: key=$System$Warning$ msg="problem with "x1Range""
11-19 14:51:09.054 23648 23718 D RobotCore: system telemetry: key=$System$None$ msg=""
11-19 14:51:10.210 23648 23776 V RobotCore: addr=false data=true arb=false clock=false
11-19 14:51:10.210 23648 23776 E LynxI2cDeviceSynch: readStatusQuery: cbExpected=1 cbRead=0
11-19 14:51:10.211 23648 23776 E LynxI2cDeviceSynch: placeholder: readStatusQuery
11-19 14:51:10.213 23648 23718 D RobotCore: system telemetry: key=$System$Warning$ msg="problem with "x1Range""
11-19 14:51:10.223 23648 23718 D RobotCore: system telemetry: key=$System$None$ msg=""
11-19 14:51:11.195 23648 23713 V Robocol : received command: CMD_RUN_OP_MODE(10523) Auto Blue 2
11-19 14:51:11.197 23648 23712 I BatteryChecker: percent remaining: 85 is charging: false
11-19 14:51:11.244 23648 23763 V Robocol : sending CMD_NOTIFY_RUN_OP_MODE(604), attempt: 0
11-19 14:51:11.316 23648 23776 I TechNova: MecanumRobot: Robot: | Robot starting 23546.8
11-19 14:51:11.378 23648 23776 I RelicRecoveryAutoBlue2: RED | State:                    0 [START] |  Start |   92.7 | 23549 | IMU: -0.0 | (x1,x2, y): 41.0, 0.0, 0.0 | Glyph count:    0 | UNKNOWN
11-19 14:51:11.380 23648 23776 V RobotCore: thread: ...terminating 'LinearOpMode main'
11-19 14:51:11.385 23648 23718 E EventLoopManager: Event loop threw an exception
11-19 14:51:11.386 23648 23718 E EventLoopManager: java.lang.ClassCastException: org.firstinspires.ftc.teamcode.TechNova2017.RelicRecoveryAutoRed2$State cannot be cast to org.firstinspires.ftc.teamcode.TechNova2017.RelicRecoveryAutoBlue2$State
11-19 14:51:11.394 23648 23718 E EventLoopManager: 	at org.firstinspires.ftc.teamcode.TechNova2017.RelicRecoveryAutoBlue2.runOpMode(RelicRecoveryAutoBlue2.java:85)
11-19 14:51:11.394 23648 23718 E EventLoopManager: 	at com.qualcomm.robotcore.eventloop.opmode.LinearOpMode$LinearOpModeHelper$1.run(LinearOpMode.java:305)
11-19 14:51:11.395 23648 23718 E EventLoopManager: 	at com.qualcomm.robotcore.util.ThreadPool.logThreadLifeCycle(ThreadPool.java:709)
11-19 14:51:11.395 23648 23718 E EventLoopManager: 	at com.qualcomm.robotcore.eventloop.opmode.LinearOpMode$LinearOpModeHelper.run(LinearOpMode.java:300)
11-19 14:51:11.395 23648 23718 E EventLoopManager: 	at java.util.concurrent.ThreadPoolExecutor.runWorker(ThreadPoolExecutor.java:1113)
11-19 14:51:11.395 23648 23718 E EventLoopManager: 	at java.util.concurrent.ThreadPoolExecutor$Worker.run(ThreadPoolExecutor.java:588)
11-19 14:51:11.396 23648 23718 E EventLoopManager: 	at com.qualcomm.robotcore.util.ThreadPool$ThreadFactoryImpl$1.run(ThreadPool.java:764)
11-19 14:51:11.396 23648 23718 E EventLoopManager: 	at java.lang.Thread.run(Thread.java:818)
11-19 14:51:11.396 23648 23718 V RobotCore: RobotCoreException in EventLoopManager: EventLoop Exception in loop(): ClassCastException - org.firstinspires.ftc.teamcode.TechNova2017.RelicRecoveryAutoRed2$State cannot be cast to org.firstinspires.ftc.teamcode.TechNova2017.RelicRecoveryAutoBlue2$State
11-19 14:51:11.396 23648 23718 V RobotCore: EventLoopManager state is EMERGENCY_STOP
11-19 14:51:11.396 23648 23718 V RobotCore: Robot Status: EMERGENCY STOP
11-19 14:51:11.397 23648 23718 D RobotCore: system telemetry: key=$System$Error$ msg="User code threw an uncaught exception: ClassCastException - org.firstinspires.ftc.teamcode.TechNova2017.RelicRecoveryAutoRed2$State cannot be cast to org.firstinspires.ftc.teamcode.TechNova2017.RelicRecoveryAutoBlue2$State"
11-19 14:51:11.397 23648 23718 I FtcEventLoop: ======= TEARDOWN =======
11-19 14:51:11.398 23648 23718 V ThreadPool: waiting for service user linear op mode
11-19 14:51:11.398 23648 23718 V ThreadPool: awaitTermination returned, isTerminated=true
11-19 14:51:11.398 23648 23776 V ThreadPool: container(0x02c8d2c8: LinearOpMode) removed id=9053 TID=23776 count=1
11-19 14:51:11.398 23648 23718 V ThreadPool: executive service user linear op mode(0x02c8d2c8) is terminated
11-19 14:51:11.403 23648 23763 V Robocol : sending CMD_NOTIFY_ROBOT_STATE(610), attempt: 0
11-19 14:51:11.477 23648 23648 D MediaPlayer: setSubtitleAnchor in MediaPlayer
11-19 14:51:11.477 23648 23717 D MediaPlayer: setSubtitleAnchor in MediaPlayer
11-19 14:51:11.511 23648 23715 D ExtendedUtils: extended extractor not needed, return default
11-19 14:51:11.515 23648 23715 I MediaCodec: (0xb8bc1eb8) init name(audio/raw) isType(1) encoder(0)
11-19 14:51:11.520 23648 23905 I OMXClient: Using client-side OMX mux.
11-19 14:51:11.538 23648 23905 E OMXMaster: A component of name 'OMX.qcom.audio.decoder.aac' already exists, ignoring this one.
11-19 14:51:11.545 23648 23905 I MediaCodec: (0xb8bc1eb8) Component Allocated (OMX.google.raw.decoder)
11-19 14:51:11.545 23648 23715 I MediaCodec: (0xb8bc1eb8) configure surface(0x0) crypto(0x0) flags(0)
11-19 14:51:11.546 23648 23715 D MediaCodec: (0xb8bc1eb8) configure format: AMessage(what = 0x00000000) = {
11-19 14:51:11.546 23648 23715 D MediaCodec:    string mime = "audio/raw"
11-19 14:51:11.546 23648 23715 D MediaCodec:    int64_t durationUs = 929183
11-19 14:51:11.546 23648 23715 D MediaCodec:    int32_t channel-count = 2
11-19 14:51:11.546 23648 23715 D MediaCodec:    int32_t sample-rate = 44100
11-19 14:51:11.546 23648 23715 D MediaCodec:    int32_t channel-mask = 0
11-19 14:51:11.546 23648 23715 D MediaCodec:  }
11-19 14:51:11.546 23648 23715 I MediaCodec: (0xb8bc1eb8) start
11-19 14:51:11.547 23648 23905 I MediaCodec: (0xb8bc1eb8) input buffers allocated
11-19 14:51:11.547 23648 23905 I MediaCodec: (0xb8bc1eb8) numBuffers (4)
11-19 14:51:11.547 23648 23905 I MediaCodec: (0xb8bc1eb8) output buffers allocated
11-19 14:51:11.547 23648 23905 I MediaCodec: (0xb8bc1eb8) numBuffers (4)
11-19 14:51:11.549 23648 23905 I MediaCodec: (0xb8bc1eb8) codec output format changed
11-19 14:51:11.549 23648 23905 D MediaCodec: (0xb8bc1eb8) output format: AMessage(what = 'codc', target = 14) = {
11-19 14:51:11.549 23648 23905 D MediaCodec:    string mime = "audio/raw"
11-19 14:51:11.549 23648 23905 D MediaCodec:    int32_t channel-count = 2
11-19 14:51:11.549 23648 23905 D MediaCodec:    int32_t sample-rate = 44100
11-19 14:51:11.549 23648 23905 D MediaCodec:    int32_t channel-mask = 0
11-19 14:51:11.549 23648 23905 D MediaCodec:    int32_t what = 1869968451
11-19 14:51:11.549 23648 23905 D MediaCodec:  }
11-19 14:51:11.562 23648 23715 I MediaCodec: (0xb8bc1eb8) stop
11-19 14:51:11.563 23648 23715 I MediaCodec: (0xb8bc1eb8) release
11-19 14:51:11.568 23648 23717 W AudioTrack: AUDIO_OUTPUT_FLAG_FAST denied by client; transfer 4, track 44100 Hz, output 48000 Hz
11-19 14:51:11.941 23648 23735 V ThreadPool: container(0x0fcf1993: OpModeStuckCodeMonitor) removed id=9039 TID=23735 count=1
11-19 14:51:12.014 23648 23718 V LynxMotor: disengage mod#=3
11-19 14:51:12.102 23648 23718 V LynxMotor: disengage mod#=2
11-19 14:51:12.123 23648 23718 V LynxServoController: disengage mod#=3
11-19 14:51:12.147 23648 23718 V LynxServoController: disengage mod#=2
11-19 14:51:12.148 23648 23718 V LynxUsb : 0x03e78a18 on 0x0ded29fb: releasing delegate to [DQ143RN2]
11-19 14:51:12.148 23648 23718 V LynxUsb : 0x0ded29fb: releaseRef [DQ143RN2]=0
11-19 14:51:12.148 23648 23718 V LynxUsb : doClose([DQ143RN2])...
11-19 14:51:12.158 23648 23718 V LynxModule: close()
11-19 14:51:12.158 23648 23718 V ThreadPool: waiting for service lynx module executor
11-19 14:51:12.160 23648 23747 V ThreadPool: container(0x02d72fc4: lynx module executor) removed id=9048 TID=23747 count=1
11-19 14:51:12.161 23648 23718 V ThreadPool: awaitTermination returned, isTerminated=true
11-19 14:51:12.161 23648 23718 V ThreadPool: executive service lynx module executor(0x02d72fc4) is terminated
11-19 14:51:12.161 23648 23718 V LynxModule: close()
11-19 14:51:12.162 23648 23718 V ThreadPool: waiting for service lynx module executor
11-19 14:51:12.164 23648 23718 V ThreadPool: awaitTermination returned, isTerminated=true
11-19 14:51:12.164 23648 23746 V ThreadPool: container(0x02e295e2: lynx module executor) removed id=9047 TID=23746 count=1
11-19 14:51:12.164 23648 23718 V ThreadPool: executive service lynx module executor(0x02e295e2) is terminated
11-19 14:51:12.165 23648 23718 V LynxUsb : disarmDevice() serial=DQ143RN2...
11-19 14:51:12.165 23648 23718 V LynxUsb : shutting down incoming datagrams
11-19 14:51:12.165 23648 23745 V RobotCore: thread: ...terminating 'lynx incoming datagrams'
11-19 14:51:12.165 23648 23718 V ThreadPool: waiting for service Lynx incoming datagram poller
11-19 14:51:12.165 23648 23718 V ThreadPool: awaitTermination returned, isTerminated=true
11-19 14:51:12.165 23648 23745 V ThreadPool: container(0x09defdb0: lynx dg poller) removed id=9046 TID=23745 count=1
11-19 14:51:12.165 23648 23718 V ThreadPool: executive service Lynx incoming datagram poller(0x09defdb0) is terminated
11-19 14:51:12.166 23648 23718 V RobotUsbDeviceFtdi: closing DQ143RN2
11-19 14:51:12.166 23648 23718 V FtDevice: vv********************DQ143RN2 closing********************vv 0x03f2422d
11-19 14:51:12.166 23648 23718 V FtDevice: DQ143RN2 stopping thread readBufferManager
11-19 14:51:12.167 23648 23743 V FtDevice: DQ143RN2 thread readBufferManager is stopped
11-19 14:51:12.167 23648 23718 V FtDevice: DQ143RN2 stopping thread bulkPacketInWorker
11-19 14:51:12.168 23648 23742 V FtDevice: DQ143RN2 thread bulkPacketInWorker is stopped
11-19 14:51:12.168 23648 23718 V MonitoredUsbDeviceConnection: closing UsbDeviceConnection(DQ143RN2)
11-19 14:51:12.168 23648 23718 D UsbDeviceConnectionJNI: close
11-19 14:51:12.168 23648 23718 V FtDevice: ^^********************DQ143RN2 closed ********************^^
11-19 14:51:12.168 23648 23718 V LynxUsb : ...done disarmDevice()
11-19 14:51:12.169 23648 23744 V ThreadPool: container(0x0a1e1362: WatchdogMonitor) removed id=9045 TID=23744 count=1
11-19 14:51:12.169 23648 23718 V LynxUsb : ...doClose([DQ143RN2])
11-19 14:51:12.171 23648 23718 I FtcEventLoop: ======= TEARDOWN COMPLETE =======
11-19 14:51:12.171 23648 23718 V RobotCore: thread: ...terminating 'opmode loop()'
11-19 14:51:12.171 23648 23718 V EventLoopManager: switching to idleEventLoop
11-19 14:51:12.171 23648 23718 I FtcEventLoopIdle: ------- idle init --------
11-19 14:51:12.172 23648 23718 V RobotCore: thread: 'opmode loop()' starting...
11-19 14:51:22.354 23648 23713 V Robocol : received command: CMD_INIT_OP_MODE(10627) $Stop$Robot$
11-19 14:51:22.355 23648 23712 V Robocol : unable to process command CMD_INIT_OP_MODE callbacks=EventLoopManager
11-19 14:51:24.763 23648 23763 V Robocol : issuing peerDisconnected(): lastRecvPacket=2.008 s
11-19 14:51:24.764 23648 23763 V RobotCore: Network: active, disconnected
11-19 14:51:24.764 23648 23763 I RobotCore: Lost connection while main event loop not active
11-19 14:51:24.793 23648 23648 D MediaPlayer: setSubtitleAnchor in MediaPlayer
11-19 14:51:24.793 23648 23717 D MediaPlayer: setSubtitleAnchor in MediaPlayer
11-19 14:51:24.796 23648 23648 E MediaPlayer: invoke failed: wrong state 8
11-19 14:51:24.797 23648 23648 W MediaPlayer: mediaplayer went away with unhandled events
11-19 14:51:24.811 23648 23715 D ExtendedUtils: extended extractor not needed, return default
11-19 14:51:24.811 23648 23715 I MediaCodec: (0xb8897d30) init name(audio/raw) isType(1) encoder(0)
11-19 14:51:24.813 23648 23916 I OMXClient: Using client-side OMX mux.
11-19 14:51:24.824 23648 23916 E OMXMaster: A component of name 'OMX.qcom.audio.decoder.aac' already exists, ignoring this one.
11-19 14:51:24.832 23648 23916 I MediaCodec: (0xb8897d30) Component Allocated (OMX.google.raw.decoder)
11-19 14:51:24.832 23648 23715 I MediaCodec: (0xb8897d30) configure surface(0x0) crypto(0x0) flags(0)
11-19 14:51:24.832 23648 23715 D MediaCodec: (0xb8897d30) configure format: AMessage(what = 0x00000000) = {
11-19 14:51:24.832 23648 23715 D MediaCodec:    string mime = "audio/raw"
11-19 14:51:24.832 23648 23715 D MediaCodec:    int64_t durationUs = 516598
11-19 14:51:24.832 23648 23715 D MediaCodec:    int32_t channel-count = 2
11-19 14:51:24.832 23648 23715 D MediaCodec:    int32_t sample-rate = 44100
11-19 14:51:24.832 23648 23715 D MediaCodec:    int32_t channel-mask = 0
11-19 14:51:24.832 23648 23715 D MediaCodec:  }
11-19 14:51:24.833 23648 23715 I MediaCodec: (0xb8897d30) start
11-19 14:51:24.834 23648 23916 I MediaCodec: (0xb8897d30) input buffers allocated
11-19 14:51:24.834 23648 23916 I MediaCodec: (0xb8897d30) numBuffers (4)
11-19 14:51:24.834 23648 23916 I MediaCodec: (0xb8897d30) output buffers allocated
11-19 14:51:24.834 23648 23916 I MediaCodec: (0xb8897d30) numBuffers (4)
11-19 14:51:24.836 23648 23916 I MediaCodec: (0xb8897d30) codec output format changed
11-19 14:51:24.836 23648 23916 D MediaCodec: (0xb8897d30) output format: AMessage(what = 'codc', target = 18) = {
11-19 14:51:24.836 23648 23916 D MediaCodec:    string mime = "audio/raw"
11-19 14:51:24.836 23648 23916 D MediaCodec:    int32_t channel-count = 2
11-19 14:51:24.836 23648 23916 D MediaCodec:    int32_t sample-rate = 44100
11-19 14:51:24.836 23648 23916 D MediaCodec:    int32_t channel-mask = 0
11-19 14:51:24.836 23648 23916 D MediaCodec:    int32_t what = 1869968451
11-19 14:51:24.836 23648 23916 D MediaCodec:  }
11-19 14:51:24.841 23648 23715 I MediaCodec: (0xb8897d30) stop
11-19 14:51:24.843 23648 23715 I MediaCodec: (0xb8897d30) release
11-19 14:51:24.846 23648 23717 W AudioTrack: AUDIO_OUTPUT_FLAG_FAST denied by client; transfer 4, track 44100 Hz, output 48000 Hz
11-19 14:51:28.515 23648 23713 V Robocol : resetting peerDisconnected()
11-19 14:51:28.546 23648 23713 V NetDiscover_prefremrc: sendAllPreferences()
11-19 14:51:28.546 23648 23713 V NetDiscover_prefremrc: sending RC pref name=pref_wifip2p_remote_channel_change_works value=true
11-19 14:51:28.546 23648 23713 V NetDiscover_prefremrc: sending RC pref name=pref_device_name value=12611-RC
11-19 14:51:28.546 23648 23713 V NetDiscover_prefremrc: sending RC pref name=pref_has_independent_phone_battery value=true
11-19 14:51:28.547 23648 23713 V NetDiscover_prefremrc: sending RC pref name=pref_app_theme value=teal
11-19 14:51:28.547 23648 23713 V NetDiscover_prefremrc: sending RC pref name=pref_sound_on_off value=false
11-19 14:51:28.547 23648 23713 V RobotCore: Network: active, connected
11-19 14:51:28.549 23648 23717 W AudioTrack: AUDIO_OUTPUT_FLAG_FAST denied by client; transfer 4, track 44100 Hz, output 48000 Hz
11-19 14:51:28.554 23648 23713 V Robocol : received command: CMD_REQUEST_UI_STATE(10004) 
11-19 14:51:28.563 23648 23763 V Robocol : sending CMD_NOTIFY_USER_DEVICE_LIST(723), attempt: 0
11-19 14:51:28.564 23648 23763 V Robocol : sending CMD_ROBOT_CONTROLLER_PREFERENCE(724), attempt: 0
11-19 14:51:28.565 23648 23763 V Robocol : sending CMD_ROBOT_CONTROLLER_PREFERENCE(725), attempt: 0
11-19 14:51:28.566 23648 23763 V Robocol : sending CMD_ROBOT_CONTROLLER_PREFERENCE(726), attempt: 0
11-19 14:51:28.566 23648 23763 V Robocol : sending CMD_ROBOT_CONTROLLER_PREFERENCE(727), attempt: 0
11-19 14:51:28.567 23648 23763 V Robocol : sending CMD_ROBOT_CONTROLLER_PREFERENCE(728), attempt: 0
11-19 14:51:28.567 23648 23763 V Robocol : sending CMD_NOTIFY_ACTIVE_CONFIGURATION(732), attempt: 0
11-19 14:51:28.603 23648 23763 V Robocol : sending CMD_NOTIFY_USER_DEVICE_LIST(733), attempt: 0
11-19 14:51:28.604 23648 23763 V Robocol : sending CMD_NOTIFY_OP_MODE_LIST(734), attempt: 0
11-19 14:51:28.633 23648 23713 V Robocol : received command: CMD_INIT_OP_MODE(10014) $Stop$Robot$
11-19 14:51:28.634 23648 23712 V Robocol : unable to process command CMD_INIT_OP_MODE callbacks=EventLoopManager
11-19 14:51:33.533 23648 23648 V RCActivity: onPause()
11-19 14:51:33.542 23648 23648 V RCActivity: onStop()
11-19 14:51:33.569 23648 23648 V OnBotJavaService: onTrimMemory()
11-19 14:51:33.569 23648 23648 V MTPMonitorService: onTrimMemory()
11-19 14:51:35.216 23648 23648 V AppUtil : rootActivity=FtcRobotControllerActivity destroyed
11-19 14:51:35.216 23648 23648 V RCActivity: onDestroy()
11-19 14:51:35.216 23648 23648 V Robocol : EventLoopManager.shutdown()
11-19 14:51:35.216 23648 23648 V ThreadPool: waiting for service EventLoop
11-19 14:51:35.217 23648 23718 V RobotCore: EventLoopRunnable interrupted
11-19 14:51:35.217 23648 23718 V RobotCore: EventLoopManager state is STOPPED
11-19 14:51:35.218 23648 23718 V RobotCore: Robot Status: stopped
11-19 14:51:35.218 23648 23718 I FtcEventLoopIdle: ------- idle teardown ----
11-19 14:51:35.218 23648 23718 V RobotCore: thread: ...terminating 'opmode loop()'
11-19 14:51:35.218 23648 23718 V ThreadPool: container(0x074e297b: executorEventLoop) removed id=9032 TID=23718 count=1
11-19 14:51:35.218 23648 23648 V ThreadPool: awaitTermination returned, isTerminated=true
11-19 14:51:35.218 23648 23648 V ThreadPool: executive service EventLoop(0x074e297b) is terminated
11-19 14:51:35.218 23648 23648 V RobotCore: EventLoopManager state is STOPPED
11-19 14:51:35.222 23648 23648 V NetDiscover_name: doStop()...
11-19 14:51:35.222 23648 23648 V NetDiscover_name: ...doStop()
11-19 14:51:35.224 23648 23648 V ServiceStarter: attempting to stop service FtcRobotControllerWatchdogService
11-19 14:51:35.243 23648 23763 V Robocol : sending CMD_NOTIFY_ROBOT_STATE(807), attempt: 0
11-19 14:51:35.243 23648 23763 V Robocol : sending CMD_NOTIFY_ROBOT_STATE(808), attempt: 0
11-19 14:51:35.726 23648 23648 V RobotCore: closing logcat file /storage/emulated/0/robotControllerLog.txt
11-19 14:51:35.767 23997 23997 W ps      : type=1400 audit(0.0:174160): avc: denied { getattr } for uid=10133 path="/proc/1" dev="proc" ino=1515663 scontext=u:r:untrusted_app:s0:c512,c768 tcontext=u:r:init:s0 tclass=dir permissive=0
11-19 14:51:35.767 23997 23997 W ps      : type=1400 audit(0.0:174161): avc: denied { search } for uid=10133 name="1" dev="proc" ino=1515663 scontext=u:r:untrusted_app:s0:c512,c768 tcontext=u:r:init:s0 tclass=dir permissive=0
11-19 14:51:35.767 23997 23997 W ps      : type=1400 audit(0.0:174162): avc: denied { search } for uid=10133 name="1" dev="proc" ino=1515663 scontext=u:r:untrusted_app:s0:c512,c768 tcontext=u:r:init:s0 tclass=dir permissive=0
11-19 14:51:35.767 23997 23997 W ps      : type=1400 audit(0.0:174163): avc: denied { getattr } for uid=10133 path="/proc/2" dev="proc" ino=1515664 scontext=u:r:untrusted_app:s0:c512,c768 tcontext=u:r:kernel:s0 tclass=dir permissive=0
11-19 14:51:35.767 23997 23997 W ps      : type=1400 audit(0.0:174164): avc: denied { search } for uid=10133 name="2" dev="proc" ino=1515664 scontext=u:r:untrusted_app:s0:c512,c768 tcontext=u:r:kernel:s0 tclass=dir permissive=0
11-19 14:51:35.767 23997 23997 W ps      : type=1400 audit(0.0:174165): avc: denied { search } for uid=10133 name="2" dev="proc" ino=1515664 scontext=u:r:untrusted_app:s0:c512,c768 tcontext=u:r:kernel:s0 tclass=dir permissive=0
11-19 14:51:35.767 23997 23997 W ps      : type=1400 audit(0.0:174166): avc: denied { getattr } for uid=10133 path="/proc/3" dev="proc" ino=1515665 scontext=u:r:untrusted_app:s0:c512,c768 tcontext=u:r:kernel:s0 tclass=dir permissive=0
11-19 14:51:35.767 23997 23997 W ps      : type=1400 audit(0.0:174167): avc: denied { search } for uid=10133 name="3" dev="proc" ino=1515665 scontext=u:r:untrusted_app:s0:c512,c768 tcontext=u:r:kernel:s0 tclass=dir permissive=0
11-19 14:51:35.767 23997 23997 W ps      : type=1400 audit(0.0:174168): avc: denied { search } for uid=10133 name="3" dev="proc" ino=1515665 scontext=u:r:untrusted_app:s0:c512,c768 tcontext=u:r:kernel:s0 tclass=dir permissive=0
11-19 14:51:35.767 23997 23997 W ps      : type=1400 audit(0.0:174169): avc: denied { getattr } for uid=10133 path="/proc/5" dev="proc" ino=1515666 scontext=u:r:untrusted_app:s0:c512,c768 tcontext=u:r:kernel:s0 tclass=dir permissive=0
11-19 14:51:35.767 23997 23997 W ps      : type=1400 audit(0.0:174170): avc: denied { search } for uid=10133 name="5" dev="proc" ino=1515666 scontext=u:r:untrusted_app:s0:c512,c768 tcontext=u:r:kernel:s0 tclass=dir permissive=0
11-19 14:51:35.767 23997 23997 W ps      : type=1400 audit(0.0:174171): avc: denied { search } for uid=10133 name="5" dev="proc" ino=1515666 scontext=u:r:untrusted_app:s0:c512,c768 tcontext=u:r:kernel:s0 tclass=dir permissive=0
11-19 14:51:35.767 23997 23997 W ps      : type=1400 audit(0.0:174172): avc: denied { getattr } for uid=10133 path="/proc/6" dev="proc" ino=1515667 scontext=u:r:untrusted_app:s0:c512,c768 tcontext=u:r:kernel:s0 tclass=dir permissive=0
11-19 14:51:35.767 23997 23997 W ps      : type=1400 audit(0.0:174173): avc: denied { search } for uid=10133 name="6" dev="proc" ino=1515667 scontext=u:r:untrusted_app:s0:c512,c768 tcontext=u:r:kernel:s0 tclass=dir permissive=0
11-19 14:51:35.767 23997 23997 W ps      : type=1400 audit(0.0:174174): avc: denied { search } for uid=10133 name="6" dev="proc" ino=1515667 scontext=u:r:untrusted_app:s0:c512,c768 tcontext=u:r:kernel:s0 tclass=dir permissive=0
11-19 14:51:35.767 23997 23997 W ps      : type=1400 audit(0.0:174175): avc: denied { getattr } for uid=10133 path="/proc/7" dev="proc" ino=1515668 scontext=u:r:untrusted_app:s0:c512,c768 tcontext=u:r:kernel:s0 tclass=dir permissive=0
11-19 14:51:35.767 23997 23997 W ps      : type=1400 audit(0.0:174176): avc: denied { search } for uid=10133 name="7" dev="proc" ino=1515668 scontext=u:r:untrusted_app:s0:c512,c768 tcontext=u:r:kernel:s0 tclass=dir permissive=0
11-19 14:51:35.767 23997 23997 W ps      : type=1400 audit(0.0:174177): avc: denied { search } for uid=10133 name="7" dev="proc" ino=1515668 scontext=u:r:untrusted_app:s0:c512,c768 tcontext=u:r:kernel:s0 tclass=dir permissive=0
11-19 14:51:35.767 23997 23997 W ps      : type=1400 audit(0.0:174178): avc: denied { getattr } for uid=10133 path="/proc/8" dev="proc" ino=1515669 scontext=u:r:untrusted_app:s0:c512,c768 tcontext=u:r:kernel:s0 tclass=dir permissive=0
11-19 14:51:35.770 23997 23997 W ps      : type=1400 audit(0.0:174179): avc: denied { search } for uid=10133 name="8" dev="proc" ino=1515669 scontext=u:r:untrusted_app:s0:c512,c768 tcontext=u:r:kernel:s0 tclass=dir permissive=0
11-19 14:51:35.801 23648 23648 V RobotCore: Killing PID 23669
11-19 14:51:35.908 23648 23648 V OnBotJavaService: onTaskRemoved()
11-19 14:51:35.910 23648 23648 V MTPMonitorService: onTaskRemoved()
11-19 14:51:35.910 23648 23648 V FTCService: onUnbind()
11-19 14:51:35.910 23648 23648 V WifiDirect: There are 1 Wifi Direct Assistant Clients (-)
11-19 14:51:35.911 23648 23648 V Robocol : EventLoopManager.close()
11-19 14:51:35.912 23648 23648 V ThreadPool: waiting for service ReceiveLoopService
11-19 14:51:36.015 23648 23713 V RobotCore: thread: ...terminating 'RecvLoopRunnable.run()'
11-19 14:51:36.016 23648 23648 V ThreadPool: awaitTermination returned, isTerminated=true
11-19 14:51:36.016 23648 23648 V ThreadPool: executive service ReceiveLoopService(0x035f8872) is terminated
11-19 14:51:36.016 23648 23648 V PeerDiscovery: Stopping peer discovery
11-19 14:51:36.016 23648 23648 D Robocol : RobocolDatagramSocket is closed
11-19 14:51:36.016 23648 23648 V FTCService: onDestroy()
11-19 14:51:36.016 23648 23648 V WebServer: stopping port=8080
11-19 14:51:36.017 23648 23648 V WifiDirect: There are 0 Wifi Direct Assistant Clients (-)
11-19 14:51:36.017 23648 23648 V WifiDirect: Disabling Wifi Direct Assistant
11-19 14:51:36.018 23648 23648 V WifiDirectInviteMonitor: stopMonitoring()
11-19 14:51:36.019 23648 23648 V WebServer: stopped port=8080
11-19 14:51:36.019 23648 23648 V FtcRobotControllerWatchdogService: onDestroy()
11-19 14:51:36.019 23648 23648 I Choreographer: Skipped 47 frames!  The application may be doing too much work on its main thread.
11-19 14:51:37.068 24006 24006 I art     : Late-enabling -Xcheck:jni
11-19 14:51:37.129 24006 24006 V AppUtil : initializing: getExternalStorageDirectory()=/storage/emulated/0
11-19 14:51:37.131 24006 24021 V RobotCore: saving logcat to /storage/emulated/0/robotControllerLog.txt
11-19 14:51:37.131 24006 24021 V RobotCore: logging command line: logcat -f /storage/emulated/0/robotControllerLog.txt -r4096 -n4 -v threadtime UsbRequestJNI:S UsbRequest:S *:V
11-19 14:51:37.137 24006 24006 V ServiceStarter: attempting to start service MediaTransferProtocolMonitorService
11-19 14:51:37.148 24006 24006 V ServiceStarter: started service MediaTransferProtocolMonitorService
11-19 14:51:37.149 24006 24006 V ServiceStarter: attempting to start service OnBotJavaService
11-19 14:51:37.151 24006 24006 V ServiceStarter: started service OnBotJavaService
11-19 14:51:37.161 24006 24006 V AppUtil : rootActivity=FtcRobotControllerActivity
11-19 14:51:37.161 24006 24006 V RCActivity: onCreate()
11-19 14:51:37.179 24006 24006 V ThreadPool: container(0x010259c7: CallbackLooper) added id=9007 TID=0 count=1
11-19 14:51:37.180 24006 24026 V CallbackLooper: thread=9007
11-19 14:51:37.182 24006 24006 V NetDiscover_wifiDirectAgent: doStart()...
11-19 14:51:37.184 24023 24023 W ps      : type=1400 audit(0.0:175492): avc: denied { getattr } for uid=10133 path="/proc/1" dev="proc" ino=1515663 scontext=u:r:untrusted_app:s0:c512,c768 tcontext=u:r:init:s0 tclass=dir permissive=0
11-19 14:51:37.184 24023 24023 W ps      : type=1400 audit(0.0:175493): avc: denied { search } for uid=10133 name="1" dev="proc" ino=1515663 scontext=u:r:untrusted_app:s0:c512,c768 tcontext=u:r:init:s0 tclass=dir permissive=0
11-19 14:51:37.184 24023 24023 W ps      : type=1400 audit(0.0:175494): avc: denied { search } for uid=10133 name="1" dev="proc" ino=1515663 scontext=u:r:untrusted_app:s0:c512,c768 tcontext=u:r:init:s0 tclass=dir permissive=0
11-19 14:51:37.184 24023 24023 W ps      : type=1400 audit(0.0:175495): avc: denied { getattr } for uid=10133 path="/proc/2" dev="proc" ino=1515664 scontext=u:r:untrusted_app:s0:c512,c768 tcontext=u:r:kernel:s0 tclass=dir permissive=0
11-19 14:51:37.184 24023 24023 W ps      : type=1400 audit(0.0:175496): avc: denied { search } for uid=10133 name="2" dev="proc" ino=1515664 scontext=u:r:untrusted_app:s0:c512,c768 tcontext=u:r:kernel:s0 tclass=dir permissive=0
11-19 14:51:37.184 24023 24023 W ps      : type=1400 audit(0.0:175497): avc: denied { search } for uid=10133 name="2" dev="proc" ino=1515664 scontext=u:r:untrusted_app:s0:c512,c768 tcontext=u:r:kernel:s0 tclass=dir permissive=0
11-19 14:51:37.184 24023 24023 W ps      : type=1400 audit(0.0:175498): avc: denied { getattr } for uid=10133 path="/proc/3" dev="proc" ino=1515665 scontext=u:r:untrusted_app:s0:c512,c768 tcontext=u:r:kernel:s0 tclass=dir permissive=0
11-19 14:51:37.184 24023 24023 W ps      : type=1400 audit(0.0:175499): avc: denied { search } for uid=10133 name="3" dev="proc" ino=1515665 scontext=u:r:untrusted_app:s0:c512,c768 tcontext=u:r:kernel:s0 tclass=dir permissive=0
11-19 14:51:37.184 24023 24023 W ps      : type=1400 audit(0.0:175500): avc: denied { search } for uid=10133 name="3" dev="proc" ino=1515665 scontext=u:r:untrusted_app:s0:c512,c768 tcontext=u:r:kernel:s0 tclass=dir permissive=0
11-19 14:51:37.184 24023 24023 W ps      : type=1400 audit(0.0:175501): avc: denied { getattr } for uid=10133 path="/proc/5" dev="proc" ino=1515666 scontext=u:r:untrusted_app:s0:c512,c768 tcontext=u:r:kernel:s0 tclass=dir permissive=0
11-19 14:51:37.184 24023 24023 W ps      : type=1400 audit(0.0:175502): avc: denied { search } for uid=10133 name="5" dev="proc" ino=1515666 scontext=u:r:untrusted_app:s0:c512,c768 tcontext=u:r:kernel:s0 tclass=dir permissive=0
11-19 14:51:37.184 24023 24023 W ps      : type=1400 audit(0.0:175503): avc: denied { search } for uid=10133 name="5" dev="proc" ino=1515666 scontext=u:r:untrusted_app:s0:c512,c768 tcontext=u:r:kernel:s0 tclass=dir permissive=0
11-19 14:51:37.184 24023 24023 W ps      : type=1400 audit(0.0:175504): avc: denied { getattr } for uid=10133 path="/proc/6" dev="proc" ino=1515667 scontext=u:r:untrusted_app:s0:c512,c768 tcontext=u:r:kernel:s0 tclass=dir permissive=0
11-19 14:51:37.184 24023 24023 W ps      : type=1400 audit(0.0:175505): avc: denied { search } for uid=10133 name="6" dev="proc" ino=1515667 scontext=u:r:untrusted_app:s0:c512,c768 tcontext=u:r:kernel:s0 tclass=dir permissive=0
11-19 14:51:37.184 24023 24023 W ps      : type=1400 audit(0.0:175506): avc: denied { search } for uid=10133 name="6" dev="proc" ino=1515667 scontext=u:r:untrusted_app:s0:c512,c768 tcontext=u:r:kernel:s0 tclass=dir permissive=0
11-19 14:51:37.184 24023 24023 W ps      : type=1400 audit(0.0:175507): avc: denied { getattr } for uid=10133 path="/proc/7" dev="proc" ino=1515668 scontext=u:r:untrusted_app:s0:c512,c768 tcontext=u:r:kernel:s0 tclass=dir permissive=0
11-19 14:51:37.184 24023 24023 W ps      : type=1400 audit(0.0:175508): avc: denied { search } for uid=10133 name="7" dev="proc" ino=1515668 scontext=u:r:untrusted_app:s0:c512,c768 tcontext=u:r:kernel:s0 tclass=dir permissive=0
11-19 14:51:37.184 24023 24023 W ps      : type=1400 audit(0.0:175509): avc: denied { search } for uid=10133 name="7" dev="proc" ino=1515668 scontext=u:r:untrusted_app:s0:c512,c768 tcontext=u:r:kernel:s0 tclass=dir permissive=0
11-19 14:51:37.184 24023 24023 W ps      : type=1400 audit(0.0:175510): avc: denied { getattr } for uid=10133 path="/proc/8" dev="proc" ino=1515669 scontext=u:r:untrusted_app:s0:c512,c768 tcontext=u:r:kernel:s0 tclass=dir permissive=0
11-19 14:51:37.184 24023 24023 W ps      : type=1400 audit(0.0:175511): avc: denied { search } for uid=10133 name="8" dev="proc" ino=1515669 scontext=u:r:untrusted_app:s0:c512,c768 tcontext=u:r:kernel:s0 tclass=dir permissive=0
11-19 14:51:37.186 24006 24026 V NetDiscover_wifiDirectAgent_bcast: wifiP2pEnabled=true
11-19 14:51:37.189 24006 24006 V NetDiscover_wifiDirectAgent: ...doStart()
11-19 14:51:37.190 24006 24006 V NetDiscover_name: doStart()...
11-19 14:51:37.192 24006 24006 V NetDiscover_name: ...doStart()
11-19 14:51:37.193 24006 24006 V NetDiscover_prefremrc: ----- all preferences -----
11-19 14:51:37.193 24006 24006 V NetDiscover_prefremrc: name='pref_wifip2p_remote_channel_change_works' value=true
11-19 14:51:37.193 24006 24006 V NetDiscover_prefremrc: name='pref_hardware_config_filename' value={"isDirty":false,"location":"LOCAL_STORAGE","name":"Relic Recovery Auto","resourceId":0}
11-19 14:51:37.193 24006 24006 V NetDiscover_prefremrc: name='pref_device_name' value=12611-RC
11-19 14:51:37.193 24006 24006 V NetDiscover_prefremrc: name='pref_wifip2p_groupowner_connectedto' value=
11-19 14:51:37.193 24006 24006 V NetDiscover_prefremrc: name='pref_device_name_old' value=12611-RC
11-19 14:51:37.193 24006 24006 V NetDiscover_prefremrc: name='pref_network_connection_type' value=WIFIDIRECT
11-19 14:51:37.193 24006 24006 V NetDiscover_prefremrc: name='pref_device_name_tracking' value=WIFIDIRECT
11-19 14:51:37.193 24006 24006 V NetDiscover_prefremrc: name='pref_has_independent_phone_battery' value=true
11-19 14:51:37.193 24006 24006 V NetDiscover_prefremrc: name='pref_app_theme' value=teal
11-19 14:51:37.193 24006 24006 V NetDiscover_prefremrc: name='pref_sound_on_off' value=false
11-19 14:51:37.193 24006 24006 V NetDiscover_prefremrc: name='pref_rc_connected' value=true
11-19 14:51:37.194 24006 24006 V NetDiscover_prefremrc: doStart()...
11-19 14:51:37.194 24006 24006 V NetDiscover_prefremrc: ...doStart()
11-19 14:51:37.194 24006 24026 D NetDiscover_wifiDirectAgent_bcast: connection changed: networkInfo.state=CONNECTED
11-19 14:51:37.195 24006 24026 V NetDiscover_wifiDirectAgent_bcast: NetworkInfo: [type: WIFI_P2P[], state: CONNECTED/CONNECTED, reason: (unspecified), extra: (none), roaming: false, failover: false, isAvailable: true]
11-19 14:51:37.195 24006 24026 V NetDiscover_wifiDirectAgent_bcast: WifiP2pInfo: groupFormed: true isGroupOwner: true operatingChannel: 2412 groupOwnerAddress: /192.168.49.1 mccMode: false
11-19 14:51:37.195 24006 24026 V NetDiscover_wifiDirectAgent_bcast: WifiP2pGroup: network: DIRECT-cp-12611-RC, isGO: true, Operating Channel: 2412, GO: Device: , deviceAddress: 80:58:f8:58:99:a3, primary type: null, secondary type: null, wps: 0, grpcapab: 0, devcapab: 0, status: 4, wfdInfo: WFD enabled: falseWFD DeviceInfo: 0, WFD CtrlPort: 0, WFD MaxThroughput: 0, level: 0, Client: Device: 12611-DS, deviceAddress: f4:f5:24:ca:98:2a, primary type: 10-0050F204-5, secondary type: null, wps: 392, grpcapab: 0, devcapab: 37, status: 0, wfdInfo: null, level: 60, interface: p2p0, networkId: 1, mGoOperFreq: 2412
11-19 14:51:37.196 24006 24026 V NetDiscover_wifiDirectAgent_bcast: this device changed: Device=12611-RC deviceAddress=80:58:f8:58:99:a3 primary type=10-0050F204-5 secondary type=null wps=0 grpcapab=0 devcapab=0 status=0 wfdInfo=WFD enabled=falseWFD DeviceInfo=0 WFD CtrlPort=0 WFD MaxThroughput=0 level=0
11-19 14:51:37.196 24006 24026 V NetDiscover_name: remembering wifiDirectName: 12611-RC...
11-19 14:51:37.196 24006 24026 V NetDiscover_name: wifiDirectName=12611-RC
11-19 14:51:37.197 24006 24026 V NetDiscover_name: ...remembering wifiDirectName
11-19 14:51:37.197 24006 24026 V NetDiscover_wifiDirectAgent_bcast: p2p discoverPeers()=false
11-19 14:51:37.197 24006 24026 V NetDiscover_wifiDirectAgent_bcast: wifi direct remembered groups cleared
11-19 14:51:37.202 24006 24026 V NetDiscover_wifiDirectAgent_bcast: wifiState=ENABLED
11-19 14:51:37.203 24006 24026 V NetDiscover_wifiDirectAgent: found persistent group: DIRECT-tj-12611-RC-A
11-19 14:51:37.203 24006 24026 V NetDiscover_wifiDirectAgent: found persistent group: DIRECT-cp-12611-RC
11-19 14:51:37.229 24006 24006 I WebViewFactory: Loading com.google.android.webview version 61.0.3163.98 (code 316309800)
11-19 14:51:37.280 24006 24006 I art     : Rejecting re-init on previously-failed class java.lang.Class<com.android.webview.chromium.TokenBindingManagerAdapter>
11-19 14:51:37.281 24006 24006 I art     : Rejecting re-init on previously-failed class java.lang.Class<com.android.webview.chromium.TokenBindingManagerAdapter>
11-19 14:51:37.289 24006 24006 I art     : Rejecting re-init on previously-failed class java.lang.Class<com.android.webview.chromium.ServiceWorkerControllerAdapter>
11-19 14:51:37.290 24006 24006 I art     : Rejecting re-init on previously-failed class java.lang.Class<com.android.webview.chromium.ServiceWorkerControllerAdapter>
11-19 14:51:37.297 24006 24006 I cr_LibraryLoader: Time to load native libraries: 1 ms (timestamps 2938-2939)
11-19 14:51:37.333 24006 24006 I chromium: [INFO:library_loader_hooks.cc(136)] Chromium logging enabled: level = 0, default verbosity = 0
11-19 14:51:37.333 24006 24006 I cr_LibraryLoader: Expected native library version number "61.0.3163.98", actual native library version number "61.0.3163.98"
11-19 14:51:37.370 24006 24006 I cr_BrowserStartup: Initializing chromium process, singleProcess=true
11-19 14:51:37.411 24006 24006 I Adreno-EGL: <qeglDrvAPI_eglInitialize:379>: EGL 1.4 QUALCOMM build:  (Ifd751822f5)
11-19 14:51:37.411 24006 24006 I Adreno-EGL: OpenGL ES Shader Compiler Version: XE031.06.00.05
11-19 14:51:37.411 24006 24006 I Adreno-EGL: Build Date: 01/26/16 Tue
11-19 14:51:37.411 24006 24006 I Adreno-EGL: Local Branch: AU12_SBA
11-19 14:51:37.411 24006 24006 I Adreno-EGL: Remote Branch: 
11-19 14:51:37.411 24006 24006 I Adreno-EGL: Local Patches: 
11-19 14:51:37.411 24006 24006 I Adreno-EGL: Reconstruct Branch: 
11-19 14:51:37.537 24006 24006 V OnBotJava: OnBotJavaManager::static
11-19 14:51:37.595 24006 24006 V OnBotJava: getCurrentOutputJarDir() unavailable
11-19 14:51:37.595 24006 24006 V OnBotJava: getCurrentOutputJarDir() unavailable
11-19 14:51:39.243 24006 24006 V RobotCore: Network: inactive, disconnected
11-19 14:51:39.243 24006 24006 V ServiceStarter: attempting to start service FtcRobotControllerWatchdogService
11-19 14:51:39.245 24006 24006 V ServiceStarter: started service FtcRobotControllerWatchdogService
11-19 14:51:39.251 24006 24006 V RobotCore: BuildConfig: versionCode=25 versionName=3.5 module=com.qualcomm.ftcrobotcontroller
11-19 14:51:39.251 24006 24006 V RobotCore: BuildConfig: versionCode=37 versionName=5.15 module=com.qualcomm.robotcore
11-19 14:51:39.251 24006 24006 V RobotCore: BuildConfig: versionCode=37 versionName=5.15 module=com.qualcomm.hardware
11-19 14:51:39.251 24006 24006 V RobotCore: BuildConfig: versionCode=37 versionName=5.15 module=com.qualcomm.ftccommon
11-19 14:51:39.251 24006 24006 V RobotCore: BuildConfig: versionCode=37 versionName=5.15 module=com.google.blocks
11-19 14:51:39.251 24006 24006 V RobotCore: BuildConfig: versionCode=37 versionName=5.15 module=org.firstinspires.inspection
11-19 14:51:39.252 24006 24006 V RCActivity: onStart()
11-19 14:51:39.253 24006 24006 V RCActivity: onResume()
11-19 14:51:39.262 24006 24056 D OpenGLRenderer: Use EGL_SWAP_BEHAVIOR_PRESERVED: true
11-19 14:51:39.309 24006 24006 V MTPMonitorService: onCreate()
11-19 14:51:39.309 24006 24006 V MTPMonitorService: onStartCommand() intent=Intent { cmp=com.qualcomm.ftcrobotcontroller/org.firstinspires.ftc.robotcore.internal.files.MediaTransferProtocolMonitorService } flags=0x0 startId=1
11-19 14:51:39.309 24006 24006 V ThreadPool: container(0x0b776cbc: MTPMonitor) added id=9025 TID=0 count=1
11-19 14:51:39.310 24006 24006 V MTPMonitor: observing: /storage/emulated/0
11-19 14:51:39.312 24006 24006 W FileObserverManager: upgrading mask: path=/storage/emulated/0/FIRST/blocks old=0x00000ffc new=0x00004ffc: might possibly miss event
11-19 14:51:39.316 24006 24006 W FileObserverManager: upgrading mask: path=/storage/emulated/0/FIRST/java/status old=0x00000ffc new=0x00004ffc: might possibly miss event
11-19 14:51:39.376 24006 24006 V OnBotJavaService: onCreate()
11-19 14:51:39.376 24006 24006 V OnBotJavaService: onStartCommand() intent=Intent { cmp=com.qualcomm.ftcrobotcontroller/org.firstinspires.ftc.robotcore.internal.opmode.OnBotJavaService } flags=0x0 startId=1
11-19 14:51:39.376 24006 24006 V OnBotJava: ctor()...
11-19 14:51:39.377 24006 24006 V OnBotJava: ...ctor()
11-19 14:51:39.384 24006 24006 V FtcRobotControllerWatchdogService: onCreate()
11-19 14:51:39.384 24006 24006 V FtcRobotControllerWatchdogService: onStartCommand() intent=Intent { cmp=com.qualcomm.ftcrobotcontroller/org.firstinspires.ftc.ftccommon.internal.FtcRobotControllerWatchdogService } flags=0x0 startId=1
11-19 14:51:39.384 24006 24006 V FtcRobotControllerWatchdogService: shouldAutoLauchRobotController() result=false
11-19 14:51:39.385 24006 24006 V WebServer: creating NanoHTTPD(8080)
11-19 14:51:39.393 24006 24006 V FTCService: onCreate()
11-19 14:51:39.393 24006 24006 V FTCService: onBind()
11-19 14:51:39.393 24006 24006 V FTCService: Android Device: maker=motorola model=XT1609 sdk=23
11-19 14:51:39.396 24006 24006 V RobotCore: Getting network assistant of type: WIFIDIRECT
11-19 14:51:39.398 24006 24006 V NetDiscover_prefremrc: onSharedPreferenceChanged(name=pref_wifip2p_groupowner_connectedto, value=null)
11-19 14:51:39.398 24006 24006 V WifiDirect: There are 1 Wifi Direct Assistant Clients (+)
11-19 14:51:39.398 24006 24006 V WifiDirect: Enabling Wifi Direct Assistant
11-19 14:51:39.399 24006 24006 V WifiDirectInviteMonitor: startMonitoring()
11-19 14:51:39.437 24006 24056 I OpenGLRenderer: Initialized EGL, version 1.4
11-19 14:51:39.451 24006 24006 D WifiDirect: broadcast: state - enabled: true
11-19 14:51:39.451 24006 24006 D WifiDirect: broadcast: connection changed: connectStatus=NOT_CONNECTED networkInfo.state=CONNECTED
11-19 14:51:39.451 24006 24006 V WifiDirect: writing pref name=pref_wifip2p_groupowner_connectedto value=
11-19 14:51:39.452 24006 24006 V NetDiscover_prefremrc: onSharedPreferenceChanged(name=pref_wifip2p_groupowner_connectedto, value=)
11-19 14:51:39.452 24006 24006 D WifiDirect: broadcast: this device changed
11-19 14:51:39.452 24006 24006 V WifiDirect: device information: 12611-RC 80:58:f8:58:99:a3
11-19 14:51:39.452 24006 24006 D WifiDirect: cannot create group, does group already exist?
11-19 14:51:39.452 24006 24006 V FTCService: RCActivity.controllerService=bound
11-19 14:51:39.452 24006 24006 V RobotCore: Network: unknown, disconnected
11-19 14:51:39.453 24006 24006 V RobotCore: Robot Status: stopped
11-19 14:51:39.459 24006 24006 V ThreadPool: container(0x09344f17: default threadpool) added id=9028 TID=0 count=1
11-19 14:51:39.461 24006 24060 V RobotCore: thread: 'RobotSetupRunnable.run()' starting...
11-19 14:51:39.461 24006 24060 V FTCService: Processing robot setup
11-19 14:51:39.461 24006 24060 V RobotCore: Robot Status: stopped, scanning for USB devices
11-19 14:51:39.514 24006 24006 D WifiDirect: group owners address: /192.168.49.1
11-19 14:51:39.514 24006 24006 D WifiDirect: group formed, this device is the group owner (GO)
11-19 14:51:39.514 24006 24006 I FTCService: Wifi Direct - connected as group owner
11-19 14:51:39.521 24006 24006 V RobotCore: Network: enabled, disconnected
11-19 14:51:39.548 24006 24006 V WifiDirect: connection information available
11-19 14:51:39.548 24006 24006 V WifiDirect: connection information - groupOwnerName = 12611-RC
11-19 14:51:39.548 24006 24006 V WifiDirect: connection information - groupOwnerMacAddress = 80:58:f8:58:99:a3
11-19 14:51:39.548 24006 24006 V WifiDirect: connection information - groupInterface = p2p0
11-19 14:51:39.548 24006 24006 V WifiDirect: connection information - groupNetworkName = DIRECT-cp-12611-RC
11-19 14:51:39.548 24006 24006 I FTCService: Network Connection Passphrase: hFPgBoYE
11-19 14:51:39.548 24006 24006 V WebServer: starting port=8080
11-19 14:51:39.559 24006 24006 V RobotCore: Getting network assistant of type: WIFIDIRECT
11-19 14:51:39.559 24006 24006 V WifiDirect: There are 2 Wifi Direct Assistant Clients (+)
11-19 14:51:39.559 24006 24006 V WebServer: started port=8080
11-19 14:51:39.560 24006 24006 V RobotCore: Network: active, disconnected
11-19 14:51:44.462 24006 24060 V RobotCore: EventLoopManager state is NOT_STARTED
11-19 14:51:44.463 24006 24060 V RobotCore: Robot Status: stopped, waiting for Wifi to enable
11-19 14:51:44.465 24006 24060 V RobotCore: Robot Status: stopped, waiting for Wifi Direct to enable
11-19 14:51:44.466 24006 24060 V RobotCore: Robot Status: stopped, waiting for network to become active
11-19 14:51:44.466 24006 24060 V RobotCore: Robot Status: stopped, starting robot
11-19 14:51:44.466 24006 24060 V Robocol : EventLoopManager.start()
11-19 14:51:44.467 24006 24060 V RobotCore: Getting network assistant of type: WIFIDIRECT
11-19 14:51:44.467 24006 24060 V Robocol : Spoofing a Network Connection event...
11-19 14:51:44.469 24006 24060 V ThreadPool: executive service EventLoop(0x0ae1ae82) is terminated
11-19 14:51:44.469 24006 24060 V RobotCore: EventLoopManager state is STOPPED
11-19 14:51:44.471 24006 24060 V Robocol : eventLoop=FtcEventLoop
11-19 14:51:44.471 24006 24060 V RobotCore: EventLoopManager state is INIT
11-19 14:51:44.471 24006 24060 V RobotCore: Robot Status: initializing, starting robot
11-19 14:51:44.472 24006 24060 I FtcEventLoop: ======= INIT START =======
11-19 14:51:44.472 24006 24072 V RobotCore: thread: 'SetupRunnable.run()' starting...
11-19 14:51:44.473 24006 24060 V OpmodeRegistration: registered {DefaultOpMode} as {$Stop$Robot$}
11-19 14:51:44.477 24006 24060 V FileBasedLock: locked /storage/emulated/0/FIRST/blocks/projectslock/lock.dat
11-19 14:51:44.478 24006 24060 V ThreadPool: container(0x09344f17: default threadpool) added id=9033 TID=0 count=2
11-19 14:51:44.480 24006 24060 V FileBasedLock: unlocking /storage/emulated/0/FIRST/blocks/projectslock/lock.dat
